╨б╨▒╨╛╤А╨║╨░ ╨╜╨░╤З╨░╤В╨░ 30.03.2025 15:32:05.
     0>╨б╤А╨╡╨┤╤Б╤В╨▓╨╛ ╨▓╨╡╨┤╨╡╨╜╨╕╤П ╨╢╤Г╤А╨╜╨░╨╗╨░ ╤В╨╡╤А╨╝╨╕╨╜╨░╨╗╨╛╨▓ ╨╜╨╡ ╨╕╤Б╨┐╨╛╨╗╤М╨╖╤Г╨╡╤В╤Б╤П, ╤В╨░╨║ ╨║╨░╨║ ╨▓╤Л╤Е╨╛╨┤╨╜╤Л╨╡ ╨┤╨░╨╜╨╜╤Л╨╡ ╨┐╨╡╤А╨╡╨╜╨░╨┐╤А╨░╨▓╨╗╤П╤О╤В╤Б╤П ╨▓ ╤Д╨░╨╣╨╗.
       ╨Я╤А╨╛╤Ж╨╡╤Б╤Б = "C:\Program Files\dotnet\dotnet.exe"
       ╨Я╤Г╤В╤М ╨║ ╨╕╤Б╨┐╨╛╨╗╨╜╤П╨╡╨╝╨╛╨╝╤Г ╤Д╨░╨╣╨╗╤Г MSBuild = "C:\Program Files\dotnet\sdk\9.0.200\MSBuild.dll"
       ╨Р╤А╨│╤Г╨╝╨╡╨╜╤В╤Л ╨║╨╛╨╝╨░╨╜╨┤╨╜╨╛╨╣ ╤Б╤В╤А╨╛╨║╨╕ = "C:\Program Files\dotnet\sdk\9.0.200\MSBuild.dll -maxcpucount -verbosity:m -tlp:default=auto -nologo -restore -consoleloggerparameters:Summary -verbosity:detailed -distributedlogger:Microsoft.DotNet.Tools.MSBuild.MSBuildLogger,C:\Program Files\dotnet\sdk\9.0.200\dotnet.dll*Microsoft.DotNet.Tools.MSBuild.MSBuildForwardingLogger,C:\Program Files\dotnet\sdk\9.0.200\dotnet.dll"
       ╨в╨╡╨║╤Г╤Й╨╕╨╣ ╨║╨░╤В╨░╨╗╨╛╨│ = "C:\Users\user\OneDrive\╨а╨░╨▒╨╛╤З╨╕╨╣ ╤Б╤В╨╛╨╗\regi\WebApplication15"
       ╨Т╨╡╤А╤Б╨╕╤П MSBuild = "17.13.8+cbc39bea8"
       ╨Э╨░ ╨╛╤Б╨╜╨╛╨▓╨╡ ╤А╨░╨╖╨┤╨╡╨╗╨░ ╤А╨╡╨╡╤Б╤В╤А╨░ Windows LongPathsEnabled ╤Д╤Г╨╜╨║╤Ж╨╕╤П LongPaths ╨╕╨╝╨╡╨╡╤В ╨╖╨╜╨░╤З╨╡╨╜╨╕╨╡ ╨╛╤В╨║╨╗╤О╤З╨╡╨╜╨╛.
       ╨Э╨░ ╨╛╤Б╨╜╨╛╨▓╨╡ ╤А╨░╨╖╨┤╨╡╨╗╨░ ╤А╨╡╨╡╤Б╤В╤А╨░ Windows VerifiedAndReputablePolicyState, ╤Б╨╛╤Б╤В╨╛╤П╨╜╨╕╨╡ SAC = 0: ╨╛╤В╨║╨╗╤О╤З╨╡╨╜╨╛.
       SDK "Microsoft.NET.Sdk.Web" ╤Г╤Б╨┐╨╡╤И╨╜╨╛ ╤А╨░╨╖╤А╨╡╤И╨╡╨╜ ╨┐╤А╨╡╨╛╨▒╤А╨░╨╖╨╛╨▓╨░╤В╨╡╨╗╨╡╨╝ "DefaultSdkResolver" ╨▓ ╤А╨░╤Б╨┐╨╛╨╗╨╛╨╢╨╡╨╜╨╕╨╡ "C:\Program Files\dotnet\sdk\9.0.200\Sdks\Microsoft.NET.Sdk.Web\Sdk" ╨╕ ╨▓╨╡╤А╤Б╨╕╤О "".
       ╨б╨▒╨╛╤А╨║╨░ ╨╖╨░╨│╤А╤Г╨╢╨╡╨╜╨░ ╨▓╨╛ ╨▓╤А╨╡╨╝╤П Evaluation: NuGet.Frameworks, Version=6.13.0.113, Culture=neutral, PublicKeyToken=31bf3856ad364e35 (╤А╨░╤Б╨┐╨╛╨╗╨╛╨╢╨╡╨╜╨╕╨╡: C:\Program Files\dotnet\sdk\9.0.200\NuGet.Frameworks.dll, MVID: a71a6311-0898-4bde-aa1d-8d023178a182, AssemblyLoadContext: Assembly.LoadFile(C:\Program Files\dotnet\sdk\9.0.200\NuGet.Frameworks.dll))
       SDK "Microsoft.NET.Sdk" ╤Г╤Б╨┐╨╡╤И╨╜╨╛ ╤А╨░╨╖╤А╨╡╤И╨╡╨╜ ╨┐╤А╨╡╨╛╨▒╤А╨░╨╖╨╛╨▓╨░╤В╨╡╨╗╨╡╨╝ "DefaultSdkResolver" ╨▓ ╤А╨░╤Б╨┐╨╛╨╗╨╛╨╢╨╡╨╜╨╕╨╡ "C:\Program Files\dotnet\sdk\9.0.200\Sdks\Microsoft.NET.Sdk\Sdk" ╨╕ ╨▓╨╡╤А╤Б╨╕╤О "".
       C:\Program Files\dotnet\sdk\9.0.200\Sdks\Microsoft.NET.Sdk\Sdk\Sdk.props(49,11): message : ╨б╨▓╨╛╨╣╤Б╤В╨▓╨╛ "MSBuildExtensionsPath" ╤Б╨╛ ╨╖╨╜╨░╤З╨╡╨╜╨╕╨╡╨╝ "C:\Program Files\dotnet\sdk\9.0.200\" ╤А╨░╨╖╨▓╨╡╤А╨╜╤Г╤В╨╛ ╨╕╨╖ ╨╛╨║╤А╤Г╨╢╨╡╨╜╨╕╤П.
       ╨Я╨╛╨▓╤В╨╛╤А╨╜╨╛╨╡ ╨╜╨░╨╖╨╜╨░╤З╨╡╨╜╨╕╨╡ ╤Б╨▓╨╛╨╣╤Б╤В╨▓╨░: $(MSBuildProjectExtensionsPath)="C:\Users\user\OneDrive\╨а╨░╨▒╨╛╤З╨╕╨╣ ╤Б╤В╨╛╨╗\regi\WebApplication15\obj\" (╨┐╤А╨╡╨┤╤Л╨┤╤Г╤Й╨╡╨╡ ╨╖╨╜╨░╤З╨╡╨╜╨╕╨╡: "obj\") ╨┤╨╗╤П C:\Program Files\dotnet\sdk\9.0.200\Current\Microsoft.Common.props (60,5)
       C:\Program Files\dotnet\sdk\9.0.200\Current\Microsoft.Common.props(84,119): message : ╨б╨▓╨╛╨╣╤Б╤В╨▓╨╛ "MSBuildUserExtensionsPath" ╤Б╨╛ ╨╖╨╜╨░╤З╨╡╨╜╨╕╨╡╨╝ "C:\Users\user\AppData\Local\Microsoft\MSBuild" ╤А╨░╨╖╨▓╨╡╤А╨╜╤Г╤В╨╛ ╨╕╨╖ ╨╛╨║╤А╤Г╨╢╨╡╨╜╨╕╤П.
       ╨Я╨╛╨▓╤В╨╛╤А╨╜╨╛╨╡ ╨╜╨░╨╖╨╜╨░╤З╨╡╨╜╨╕╨╡ ╤Б╨▓╨╛╨╣╤Б╤В╨▓╨░: $(AssemblySearchPaths)="{CandidateAssemblyFiles};{HintPathFromItem}" (╨┐╤А╨╡╨┤╤Л╨┤╤Г╤Й╨╡╨╡ ╨╖╨╜╨░╤З╨╡╨╜╨╕╨╡: "{CandidateAssemblyFiles}") ╨┤╨╗╤П C:\Program Files\dotnet\sdk\9.0.200\Sdks\Microsoft.NET.Sdk\targets\Microsoft.NET.Sdk.props (90,5)
       ╨Я╨╛╨▓╤В╨╛╤А╨╜╨╛╨╡ ╨╜╨░╨╖╨╜╨░╤З╨╡╨╜╨╕╨╡ ╤Б╨▓╨╛╨╣╤Б╤В╨▓╨░: $(AssemblySearchPaths)="{CandidateAssemblyFiles};{HintPathFromItem};{TargetFrameworkDirectory}" (╨┐╤А╨╡╨┤╤Л╨┤╤Г╤Й╨╡╨╡ ╨╖╨╜╨░╤З╨╡╨╜╨╕╨╡: "{CandidateAssemblyFiles};{HintPathFromItem}") ╨┤╨╗╤П C:\Program Files\dotnet\sdk\9.0.200\Sdks\Microsoft.NET.Sdk\targets\Microsoft.NET.Sdk.props (91,5)
       ╨Я╨╛╨▓╤В╨╛╤А╨╜╨╛╨╡ ╨╜╨░╨╖╨╜╨░╤З╨╡╨╜╨╕╨╡ ╤Б╨▓╨╛╨╣╤Б╤В╨▓╨░: $(AssemblySearchPaths)="{CandidateAssemblyFiles};{HintPathFromItem};{TargetFrameworkDirectory};{RawFileName}" (╨┐╤А╨╡╨┤╤Л╨┤╤Г╤Й╨╡╨╡ ╨╖╨╜╨░╤З╨╡╨╜╨╕╨╡: "{CandidateAssemblyFiles};{HintPathFromItem};{TargetFrameworkDirectory}") ╨┤╨╗╤П C:\Program Files\dotnet\sdk\9.0.200\Sdks\Microsoft.NET.Sdk\targets\Microsoft.NET.Sdk.props (92,5)
       ╨Я╤А╨╡╨╛╨▒╤А╨░╨╖╨╛╨▓╨░╤В╨╡╨╗╤М "DefaultSdkResolver" ╨┐╨╛╨┐╤Л╤В╨░╨╗╤Б╤П ╤А╨░╨╖╤А╨╡╤И╨╕╤В╤М SDK "Microsoft.NET.SDK.WorkloadAutoImportPropsLocator".
       ╨Я╤А╨╡╨┤╤Г╨┐╤А╨╡╨╢╨┤╨╡╨╜╨╕╤П: null
       ╨Ю╤И╨╕╨▒╨╛╨║: MSB4276: ╤Б╤В╨░╨╜╨┤╨░╤А╤В╨╜╨╛╨╝╤Г ╤Б╨╛╨┐╨╛╤Б╤В╨░╨▓╨╕╤В╨╡╨╗╤О ╨┐╨░╨║╨╡╤В╨╛╨▓ SDK ╨╜╨╡ ╤Г╨┤╨░╨╗╨╛╤Б╤М ╤А╨░╨╖╤А╨╡╤И╨╕╤В╤М ╨┐╨░╨║╨╡╤В SDK "Microsoft.NET.SDK.WorkloadAutoImportPropsLocator", ╤В╨░╨║ ╨║╨░╨║ ╨║╨░╤В╨░╨╗╨╛╨│ "C:\Program Files\dotnet\sdk\9.0.200\Sdks\Microsoft.NET.SDK.WorkloadAutoImportPropsLocator\Sdk" ╨╜╨╡ ╤Б╤Г╤Й╨╡╤Б╤В╨▓╤Г╨╡╤В.
       ╨б╨▒╨╛╤А╨║╨░ ╨╖╨░╨│╤А╤Г╨╢╨╡╨╜╨░ ╨▓╨╛ ╨▓╤А╨╡╨╝╤П Evaluation: Microsoft.Build.NuGetSdkResolver, Version=6.13.0.113, Culture=neutral, PublicKeyToken=31bf3856ad364e35 (╤А╨░╤Б╨┐╨╛╨╗╨╛╨╢╨╡╨╜╨╕╨╡: C:\Program Files\dotnet\sdk\9.0.200\Microsoft.Build.NuGetSdkResolver.dll, MVID: eb7a6149-312c-4504-ae13-536cb0d3299c, AssemblyLoadContext: MSBuild plugin C:\Program Files\dotnet\sdk\9.0.200\Microsoft.Build.NuGetSdkResolver.dll)
       ╨б╨▒╨╛╤А╨║╨░ ╨╖╨░╨│╤А╤Г╨╢╨╡╨╜╨░ ╨▓╨╛ ╨▓╤А╨╡╨╝╤П Evaluation: NuGet.Common, Version=6.13.0.113, Culture=neutral, PublicKeyToken=31bf3856ad364e35 (╤А╨░╤Б╨┐╨╛╨╗╨╛╨╢╨╡╨╜╨╕╨╡: C:\Program Files\dotnet\sdk\9.0.200\NuGet.Common.dll, MVID: 8c210dd2-d3bb-4c6c-bde5-7e502c8f16b1, AssemblyLoadContext: MSBuild plugin C:\Program Files\dotnet\sdk\9.0.200\Microsoft.Build.NuGetSdkResolver.dll)
       ╨б╨▒╨╛╤А╨║╨░ ╨╖╨░╨│╤А╤Г╨╢╨╡╨╜╨░ ╨▓╨╛ ╨▓╤А╨╡╨╝╤П Evaluation: Microsoft.NET.Sdk.WorkloadMSBuildSdkResolver, Version=9.0.200.0, Culture=neutral, PublicKeyToken=31bf3856ad364e35 (╤А╨░╤Б╨┐╨╛╨╗╨╛╨╢╨╡╨╜╨╕╨╡: C:\Program Files\dotnet\sdk\9.0.200\Microsoft.NET.Sdk.WorkloadMSBuildSdkResolver.dll, MVID: a593338a-265f-4cca-9aac-435487de96a7, AssemblyLoadContext: MSBuild plugin C:\Program Files\dotnet\sdk\9.0.200\Microsoft.NET.Sdk.WorkloadMSBuildSdkResolver.dll)
       ╨б╨▒╨╛╤А╨║╨░ ╨╖╨░╨│╤А╤Г╨╢╨╡╨╜╨░ ╨▓╨╛ ╨▓╤А╨╡╨╝╤П Evaluation: Microsoft.DotNet.Cli.Utils, Version=9.0.200.0, Culture=neutral, PublicKeyToken=adb9793829ddae60 (╤А╨░╤Б╨┐╨╛╨╗╨╛╨╢╨╡╨╜╨╕╨╡: C:\Program Files\dotnet\sdk\9.0.200\Microsoft.DotNet.Cli.Utils.dll, MVID: e39724a7-49ba-416b-b94e-72e7f8a69c32, AssemblyLoadContext: MSBuild plugin C:\Program Files\dotnet\sdk\9.0.200\Microsoft.NET.Sdk.WorkloadMSBuildSdkResolver.dll)
       ╨б╨▒╨╛╤А╨║╨░ ╨╖╨░╨│╤А╤Г╨╢╨╡╨╜╨░ ╨▓╨╛ ╨▓╤А╨╡╨╝╤П Evaluation: Microsoft.NET.Sdk.WorkloadManifestReader, Version=9.0.200.0, Culture=neutral, PublicKeyToken=adb9793829ddae60 (╤А╨░╤Б╨┐╨╛╨╗╨╛╨╢╨╡╨╜╨╕╨╡: C:\Program Files\dotnet\sdk\9.0.200\Microsoft.NET.Sdk.WorkloadManifestReader.dll, MVID: 7646889b-a715-408a-9fa5-b260c0798e05, AssemblyLoadContext: MSBuild plugin C:\Program Files\dotnet\sdk\9.0.200\Microsoft.NET.Sdk.WorkloadMSBuildSdkResolver.dll)
       ╨б╨▒╨╛╤А╨║╨░ ╨╖╨░╨│╤А╤Г╨╢╨╡╨╜╨░ ╨▓╨╛ ╨▓╤А╨╡╨╝╤П Evaluation: Microsoft.Deployment.DotNet.Releases, Version=2.0.0.0, Culture=neutral, PublicKeyToken=31bf3856ad364e35 (╤А╨░╤Б╨┐╨╛╨╗╨╛╨╢╨╡╨╜╨╕╨╡: C:\Program Files\dotnet\sdk\9.0.200\Microsoft.Deployment.DotNet.Releases.dll, MVID: 400d16c0-099c-46d2-bc0e-802a0637399b, AssemblyLoadContext: MSBuild plugin C:\Program Files\dotnet\sdk\9.0.200\Microsoft.NET.Sdk.WorkloadMSBuildSdkResolver.dll)
       ╨б╨▒╨╛╤А╨║╨░ ╨╖╨░╨│╤А╤Г╨╢╨╡╨╜╨░ ╨▓╨╛ ╨▓╤А╨╡╨╝╤П Evaluation: System.Numerics.Vectors, Version=9.0.0.0, Culture=neutral, PublicKeyToken=b03f5f7f11d50a3a (╤А╨░╤Б╨┐╨╛╨╗╨╛╨╢╨╡╨╜╨╕╨╡: C:\Program Files\dotnet\shared\Microsoft.NETCore.App\9.0.2\System.Numerics.Vectors.dll, MVID: ea6e173f-c706-4a2c-86f4-a7f071549d06, AssemblyLoadContext: Default)
       SDK "Microsoft.NET.SDK.WorkloadAutoImportPropsLocator" ╤Г╤Б╨┐╨╡╤И╨╜╨╛ ╤А╨░╨╖╤А╨╡╤И╨╡╨╜ ╨┐╤А╨╡╨╛╨▒╤А╨░╨╖╨╛╨▓╨░╤В╨╡╨╗╨╡╨╝ "Microsoft.DotNet.MSBuildWorkloadSdkResolver" ╨▓ ╤А╨░╤Б╨┐╨╛╨╗╨╛╨╢╨╡╨╜╨╕╨╡ "null" ╨╕ ╨▓╨╡╤А╤Б╨╕╤О "null".
       ╨Я╨╛╨▓╤В╨╛╤А╨╜╨╛╨╡ ╨╜╨░╨╖╨╜╨░╤З╨╡╨╜╨╕╨╡ ╤Б╨▓╨╛╨╣╤Б╤В╨▓╨░: $(TargetsForTfmSpecificContentInPackage)=";PackTool;_PackProjectToolValidation" (╨┐╤А╨╡╨┤╤Л╨┤╤Г╤Й╨╡╨╡ ╨╖╨╜╨░╤З╨╡╨╜╨╕╨╡: ";PackTool") ╨┤╨╗╤П C:\Program Files\dotnet\sdk\9.0.200\Sdks\Microsoft.NET.Sdk\targets\Microsoft.NET.PackProjectTool.props (15,5)
       SDK "Microsoft.NET.Sdk.Razor" ╤Г╤Б╨┐╨╡╤И╨╜╨╛ ╤А╨░╨╖╤А╨╡╤И╨╡╨╜ ╨┐╤А╨╡╨╛╨▒╤А╨░╨╖╨╛╨▓╨░╤В╨╡╨╗╨╡╨╝ "DefaultSdkResolver" ╨▓ ╤А╨░╤Б╨┐╨╛╨╗╨╛╨╢╨╡╨╜╨╕╨╡ "C:\Program Files\dotnet\sdk\9.0.200\Sdks\Microsoft.NET.Sdk.Razor\Sdk" ╨╕ ╨▓╨╡╤А╤Б╨╕╤О "".
       SDK "Microsoft.NET.Sdk.StaticWebAssets" ╤Г╤Б╨┐╨╡╤И╨╜╨╛ ╤А╨░╨╖╤А╨╡╤И╨╡╨╜ ╨┐╤А╨╡╨╛╨▒╤А╨░╨╖╨╛╨▓╨░╤В╨╡╨╗╨╡╨╝ "DefaultSdkResolver" ╨▓ ╤А╨░╤Б╨┐╨╛╨╗╨╛╨╢╨╡╨╜╨╕╨╡ "C:\Program Files\dotnet\sdk\9.0.200\Sdks\Microsoft.NET.Sdk.StaticWebAssets\Sdk" ╨╕ ╨▓╨╡╤А╤Б╨╕╤О "".
       ╨Я╨╛╨▓╤В╨╛╤А╨╜╨╛╨╡ ╨╜╨░╨╖╨╜╨░╤З╨╡╨╜╨╕╨╡ ╤Б╨▓╨╛╨╣╤Б╤В╨▓╨░: $(DefaultItemExcludes)=";**\node_modules\**;node_modules\**;**\jspm_packages\**;jspm_packages\**" (╨┐╤А╨╡╨┤╤Л╨┤╤Г╤Й╨╡╨╡ ╨╖╨╜╨░╤З╨╡╨╜╨╕╨╡: ";**\node_modules\**;node_modules\**") ╨┤╨╗╤П C:\Program Files\dotnet\sdk\9.0.200\Sdks\Microsoft.NET.Sdk.StaticWebAssets\Sdk\Sdk.StaticWebAssets.StaticAssets.ProjectSystem.props (23,5)
       ╨Я╨╛╨▓╤В╨╛╤А╨╜╨╛╨╡ ╨╜╨░╨╖╨╜╨░╤З╨╡╨╜╨╕╨╡ ╤Б╨▓╨╛╨╣╤Б╤В╨▓╨░: $(DefaultItemExcludes)=";**\node_modules\**;node_modules\**;**\jspm_packages\**;jspm_packages\**;**\bower_components\**;bower_components\**" (╨┐╤А╨╡╨┤╤Л╨┤╤Г╤Й╨╡╨╡ ╨╖╨╜╨░╤З╨╡╨╜╨╕╨╡: ";**\node_modules\**;node_modules\**;**\jspm_packages\**;jspm_packages\**") ╨┤╨╗╤П C:\Program Files\dotnet\sdk\9.0.200\Sdks\Microsoft.NET.Sdk.StaticWebAssets\Sdk\Sdk.StaticWebAssets.StaticAssets.ProjectSystem.props (24,5)
       ╨Я╨╛╨▓╤В╨╛╤А╨╜╨╛╨╡ ╨╜╨░╨╖╨╜╨░╤З╨╡╨╜╨╕╨╡ ╤Б╨▓╨╛╨╣╤Б╤В╨▓╨░: $(DefaultItemExcludes)=";**\node_modules\**;node_modules\**;**\jspm_packages\**;jspm_packages\**;**\bower_components\**;bower_components\**;**\packages.lock.json" (╨┐╤А╨╡╨┤╤Л╨┤╤Г╤Й╨╡╨╡ ╨╖╨╜╨░╤З╨╡╨╜╨╕╨╡: ";**\node_modules\**;node_modules\**;**\jspm_packages\**;jspm_packages\**;**\bower_components\**;bower_components\**") ╨┤╨╗╤П C:\Program Files\dotnet\sdk\9.0.200\Sdks\Microsoft.NET.Sdk.StaticWebAssets\Sdk\Sdk.StaticWebAssets.StaticAssets.ProjectSystem.props (25,5)
       SDK "Microsoft.NET.Sdk.Web.ProjectSystem" ╤Г╤Б╨┐╨╡╤И╨╜╨╛ ╤А╨░╨╖╤А╨╡╤И╨╡╨╜ ╨┐╤А╨╡╨╛╨▒╤А╨░╨╖╨╛╨▓╨░╤В╨╡╨╗╨╡╨╝ "DefaultSdkResolver" ╨▓ ╤А╨░╤Б╨┐╨╛╨╗╨╛╨╢╨╡╨╜╨╕╨╡ "C:\Program Files\dotnet\sdk\9.0.200\Sdks\Microsoft.NET.Sdk.Web.ProjectSystem\Sdk" ╨╕ ╨▓╨╡╤А╤Б╨╕╤О "".
       ╨Я╨╛╨▓╤В╨╛╤А╨╜╨╛╨╡ ╨╜╨░╨╖╨╜╨░╤З╨╡╨╜╨╕╨╡ ╤Б╨▓╨╛╨╣╤Б╤В╨▓╨░: $(OutputType)="Exe" (╨┐╤А╨╡╨┤╤Л╨┤╤Г╤Й╨╡╨╡ ╨╖╨╜╨░╤З╨╡╨╜╨╕╨╡: "Library") ╨┤╨╗╤П C:\Program Files\dotnet\sdk\9.0.200\Sdks\Microsoft.NET.Sdk.Web.ProjectSystem\targets\Microsoft.NET.Sdk.Web.ProjectSystem.props (16,5)
       SDK "Microsoft.NET.Sdk.Publish" ╤Г╤Б╨┐╨╡╤И╨╜╨╛ ╤А╨░╨╖╤А╨╡╤И╨╡╨╜ ╨┐╤А╨╡╨╛╨▒╤А╨░╨╖╨╛╨▓╨░╤В╨╡╨╗╨╡╨╝ "DefaultSdkResolver" ╨▓ ╤А╨░╤Б╨┐╨╛╨╗╨╛╨╢╨╡╨╜╨╕╨╡ "C:\Program Files\dotnet\sdk\9.0.200\Sdks\Microsoft.NET.Sdk.Publish\Sdk" ╨╕ ╨▓╨╡╤А╤Б╨╕╤О "".
       ╨Я╨╛╨▓╤В╨╛╤А╨╜╨╛╨╡ ╨╜╨░╨╖╨╜╨░╤З╨╡╨╜╨╕╨╡ ╤Б╨▓╨╛╨╣╤Б╤В╨▓╨░: $(PublishProfileImported)="false" (╨┐╤А╨╡╨┤╤Л╨┤╤Г╤Й╨╡╨╡ ╨╖╨╜╨░╤З╨╡╨╜╨╕╨╡: "true") ╨┤╨╗╤П C:\Program Files\dotnet\sdk\9.0.200\Sdks\Microsoft.NET.Sdk\targets\Microsoft.NET.Sdk.ImportPublishProfile.targets (28,5)
       ╨Я╨╛╨▓╤В╨╛╤А╨╜╨╛╨╡ ╨╜╨░╨╖╨╜╨░╤З╨╡╨╜╨╕╨╡ ╤Б╨▓╨╛╨╣╤Б╤В╨▓╨░: $(TargetPlatformVersion)="" (╨┐╤А╨╡╨┤╤Л╨┤╤Г╤Й╨╡╨╡ ╨╖╨╜╨░╤З╨╡╨╜╨╕╨╡: "0.0") ╨┤╨╗╤П C:\Program Files\dotnet\sdk\9.0.200\Sdks\Microsoft.NET.Sdk\targets\Microsoft.NET.TargetFrameworkInference.targets (69,5)
       ╨Я╨╛╨▓╤В╨╛╤А╨╜╨╛╨╡ ╨╜╨░╨╖╨╜╨░╤З╨╡╨╜╨╕╨╡ ╤Б╨▓╨╛╨╣╤Б╤В╨▓╨░: $(DefaultItemExcludes)=";**\node_modules\**;node_modules\**;**\jspm_packages\**;jspm_packages\**;**\bower_components\**;bower_components\**;**\packages.lock.json;bin\Debug\/**" (╨┐╤А╨╡╨┤╤Л╨┤╤Г╤Й╨╡╨╡ ╨╖╨╜╨░╤З╨╡╨╜╨╕╨╡: ";**\node_modules\**;node_modules\**;**\jspm_packages\**;jspm_packages\**;**\bower_components\**;bower_components\**;**\packages.lock.json") ╨┤╨╗╤П C:\Program Files\dotnet\sdk\9.0.200\Sdks\Microsoft.NET.Sdk\targets\Microsoft.NET.DefaultOutputPaths.targets (121,5)
       ╨Я╨╛╨▓╤В╨╛╤А╨╜╨╛╨╡ ╨╜╨░╨╖╨╜╨░╤З╨╡╨╜╨╕╨╡ ╤Б╨▓╨╛╨╣╤Б╤В╨▓╨░: $(DefaultItemExcludes)=";**\node_modules\**;node_modules\**;**\jspm_packages\**;jspm_packages\**;**\bower_components\**;bower_components\**;**\packages.lock.json;bin\Debug\/**;obj\Debug\/**" (╨┐╤А╨╡╨┤╤Л╨┤╤Г╤Й╨╡╨╡ ╨╖╨╜╨░╤З╨╡╨╜╨╕╨╡: ";**\node_modules\**;node_modules\**;**\jspm_packages\**;jspm_packages\**;**\bower_components\**;bower_components\**;**\packages.lock.json;bin\Debug\/**") ╨┤╨╗╤П C:\Program Files\dotnet\sdk\9.0.200\Sdks\Microsoft.NET.Sdk\targets\Microsoft.NET.DefaultOutputPaths.targets (122,5)
       ╨Я╨╛╨▓╤В╨╛╤А╨╜╨╛╨╡ ╨╜╨░╨╖╨╜╨░╤З╨╡╨╜╨╕╨╡ ╤Б╨▓╨╛╨╣╤Б╤В╨▓╨░: $(OutputPath)="bin\Debug\net9.0\" (╨┐╤А╨╡╨┤╤Л╨┤╤Г╤Й╨╡╨╡ ╨╖╨╜╨░╤З╨╡╨╜╨╕╨╡: "bin\Debug\") ╨┤╨╗╤П C:\Program Files\dotnet\sdk\9.0.200\Sdks\Microsoft.NET.Sdk\targets\Microsoft.NET.DefaultOutputPaths.targets (137,5)
       ╨Я╨╛╨▓╤В╨╛╤А╨╜╨╛╨╡ ╨╜╨░╨╖╨╜╨░╤З╨╡╨╜╨╕╨╡ ╤Б╨▓╨╛╨╣╤Б╤В╨▓╨░: $(IntermediateOutputPath)="obj\Debug\net9.0\" (╨┐╤А╨╡╨┤╤Л╨┤╤Г╤Й╨╡╨╡ ╨╖╨╜╨░╤З╨╡╨╜╨╕╨╡: "obj\Debug\") ╨┤╨╗╤П C:\Program Files\dotnet\sdk\9.0.200\Sdks\Microsoft.NET.Sdk\targets\Microsoft.NET.DefaultOutputPaths.targets (142,5)
       ╨Я╤А╨╡╨╛╨▒╤А╨░╨╖╨╛╨▓╨░╤В╨╡╨╗╤М "DefaultSdkResolver" ╨┐╨╛╨┐╤Л╤В╨░╨╗╤Б╤П ╤А╨░╨╖╤А╨╡╤И╨╕╤В╤М SDK "Microsoft.NET.SDK.WorkloadManifestTargetsLocator".
       ╨Я╤А╨╡╨┤╤Г╨┐╤А╨╡╨╢╨┤╨╡╨╜╨╕╤П: null
       ╨Ю╤И╨╕╨▒╨╛╨║: MSB4276: ╤Б╤В╨░╨╜╨┤╨░╤А╤В╨╜╨╛╨╝╤Г ╤Б╨╛╨┐╨╛╤Б╤В╨░╨▓╨╕╤В╨╡╨╗╤О ╨┐╨░╨║╨╡╤В╨╛╨▓ SDK ╨╜╨╡ ╤Г╨┤╨░╨╗╨╛╤Б╤М ╤А╨░╨╖╤А╨╡╤И╨╕╤В╤М ╨┐╨░╨║╨╡╤В SDK "Microsoft.NET.SDK.WorkloadManifestTargetsLocator", ╤В╨░╨║ ╨║╨░╨║ ╨║╨░╤В╨░╨╗╨╛╨│ "C:\Program Files\dotnet\sdk\9.0.200\Sdks\Microsoft.NET.SDK.WorkloadManifestTargetsLocator\Sdk" ╨╜╨╡ ╤Б╤Г╤Й╨╡╤Б╤В╨▓╤Г╨╡╤В.
       SDK "Microsoft.NET.SDK.WorkloadManifestTargetsLocator" ╤Г╤Б╨┐╨╡╤И╨╜╨╛ ╤А╨░╨╖╤А╨╡╤И╨╡╨╜ ╨┐╤А╨╡╨╛╨▒╤А╨░╨╖╨╛╨▓╨░╤В╨╡╨╗╨╡╨╝ "Microsoft.DotNet.MSBuildWorkloadSdkResolver" ╨▓ ╤А╨░╤Б╨┐╨╛╨╗╨╛╨╢╨╡╨╜╨╕╨╡ "C:\Program Files\dotnet\sdk-manifests\9.0.100\microsoft.net.sdk.android\35.0.39" ╨╕ ╨▓╨╡╤А╤Б╨╕╤О "null".
       ╨Я╨╛╨▓╤В╨╛╤А╨╜╨╛╨╡ ╨╜╨░╨╖╨╜╨░╤З╨╡╨╜╨╕╨╡ ╤Б╨▓╨╛╨╣╤Б╤В╨▓╨░: $(_FrameworkIdentifierForImplicitDefine)="NET" (╨┐╤А╨╡╨┤╤Л╨┤╤Г╤Й╨╡╨╡ ╨╖╨╜╨░╤З╨╡╨╜╨╕╨╡: "NETCOREAPP") ╨┤╨╗╤П C:\Program Files\dotnet\sdk\9.0.200\Sdks\Microsoft.NET.Sdk\targets\Microsoft.NET.Sdk.BeforeCommon.targets (187,5)
       ╨Я╨╛╨▓╤В╨╛╤А╨╜╨╛╨╡ ╨╜╨░╨╖╨╜╨░╤З╨╡╨╜╨╕╨╡ ╤Б╨▓╨╛╨╣╤Б╤В╨▓╨░: $(_FrameworkVersionForImplicitDefine)="9_0" (╨┐╤А╨╡╨┤╤Л╨┤╤Г╤Й╨╡╨╡ ╨╖╨╜╨░╤З╨╡╨╜╨╕╨╡: "9.0") ╨┤╨╗╤П C:\Program Files\dotnet\sdk\9.0.200\Sdks\Microsoft.NET.Sdk\targets\Microsoft.NET.Sdk.BeforeCommon.targets (192,5)
       ╨Я╨╛╨▓╤В╨╛╤А╨╜╨╛╨╡ ╨╜╨░╨╖╨╜╨░╤З╨╡╨╜╨╕╨╡ ╤Б╨▓╨╛╨╣╤Б╤В╨▓╨░: $(CommandLineArgsForDesignTimeEvaluation)="-langversion:13.0 -define:TRACE" (╨┐╤А╨╡╨┤╤Л╨┤╤Г╤Й╨╡╨╡ ╨╖╨╜╨░╤З╨╡╨╜╨╕╨╡: "-langversion:13.0") ╨┤╨╗╤П C:\Program Files\dotnet\sdk\9.0.200\Roslyn\Microsoft.CSharp.Core.targets (200,5)
       ╨б╨▒╨╛╤А╨║╨░ ╨╖╨░╨│╤А╤Г╨╢╨╡╨╜╨░ ╨▓╨╛ ╨▓╤А╨╡╨╝╤П Evaluation: Microsoft.Build.Utilities.Core, Version=15.1.0.0, Culture=neutral, PublicKeyToken=b03f5f7f11d50a3a (╤А╨░╤Б╨┐╨╛╨╗╨╛╨╢╨╡╨╜╨╕╨╡: C:\Program Files\dotnet\sdk\9.0.200\Microsoft.Build.Utilities.Core.dll, MVID: d2a0bd22-c278-44ad-90dd-3cd6028ea615, AssemblyLoadContext: Default)
       ╨Я╨╛╨▓╤В╨╛╤А╨╜╨╛╨╡ ╨╜╨░╨╖╨╜╨░╤З╨╡╨╜╨╕╨╡ ╤Б╨▓╨╛╨╣╤Б╤В╨▓╨░: $(_DebugSymbolsProduced)="true" (╨┐╤А╨╡╨┤╤Л╨┤╤Г╤Й╨╡╨╡ ╨╖╨╜╨░╤З╨╡╨╜╨╕╨╡: "false") ╨┤╨╗╤П C:\Program Files\dotnet\sdk\9.0.200\Microsoft.Common.CurrentVersion.targets (175,5)
       ╨Я╨╛╨▓╤В╨╛╤А╨╜╨╛╨╡ ╨╜╨░╨╖╨╜╨░╤З╨╡╨╜╨╕╨╡ ╤Б╨▓╨╛╨╣╤Б╤В╨▓╨░: $(_DocumentationFileProduced)="false" (╨┐╤А╨╡╨┤╤Л╨┤╤Г╤Й╨╡╨╡ ╨╖╨╜╨░╤З╨╡╨╜╨╕╨╡: "true") ╨┤╨╗╤П C:\Program Files\dotnet\sdk\9.0.200\Microsoft.Common.CurrentVersion.targets (185,5)
       ╨Я╨╛╨▓╤В╨╛╤А╨╜╨╛╨╡ ╨╜╨░╨╖╨╜╨░╤З╨╡╨╜╨╕╨╡ ╤Б╨▓╨╛╨╣╤Б╤В╨▓╨░: $(MSBuildCopyMarkerName)="WebAppli.28D72278" (╨┐╤А╨╡╨┤╤Л╨┤╤Г╤Й╨╡╨╡ ╨╖╨╜╨░╤З╨╡╨╜╨╕╨╡: "WebApplication15.csproj") ╨┤╨╗╤П C:\Program Files\dotnet\sdk\9.0.200\Microsoft.Common.CurrentVersion.targets (392,5)
       ╨Я╨╛╨▓╤В╨╛╤А╨╜╨╛╨╡ ╨╜╨░╨╖╨╜╨░╤З╨╡╨╜╨╕╨╡ ╤Б╨▓╨╛╨╣╤Б╤В╨▓╨░: $(MSBuildCopyMarkerName)="WebAppli.28D72278.Up2Date" (╨┐╤А╨╡╨┤╤Л╨┤╤Г╤Й╨╡╨╡ ╨╖╨╜╨░╤З╨╡╨╜╨╕╨╡: "WebAppli.28D72278") ╨┤╨╗╤П C:\Program Files\dotnet\sdk\9.0.200\Microsoft.Common.CurrentVersion.targets (393,5)
       ╨Я╨╛╨▓╤В╨╛╤А╨╜╨╛╨╡ ╨╜╨░╨╖╨╜╨░╤З╨╡╨╜╨╕╨╡ ╤Б╨▓╨╛╨╣╤Б╤В╨▓╨░: $(ProcessorArchitecture)="msil" (╨┐╤А╨╡╨┤╤Л╨┤╤Г╤Й╨╡╨╡ ╨╖╨╜╨░╤З╨╡╨╜╨╕╨╡: "") ╨┤╨╗╤П C:\Program Files\dotnet\sdk\9.0.200\Microsoft.Common.CurrentVersion.targets (541,5)
       ╨Я╨╛╨▓╤В╨╛╤А╨╜╨╛╨╡ ╨╜╨░╨╖╨╜╨░╤З╨╡╨╜╨╕╨╡ ╤Б╨▓╨╛╨╣╤Б╤В╨▓╨░: $(DelaySign)="" (╨┐╤А╨╡╨┤╤Л╨┤╤Г╤Й╨╡╨╡ ╨╖╨╜╨░╤З╨╡╨╜╨╕╨╡: "false") ╨┤╨╗╤П C:\Program Files\dotnet\sdk\9.0.200\Microsoft.Common.CurrentVersion.targets (580,5)
       C:\Program Files\dotnet\sdk\9.0.200\Microsoft.Common.CurrentVersion.targets(2590,5): message : ╨б╨▓╨╛╨╣╤Б╤В╨▓╨╛ "LOCALAPPDATA" ╤Б╨╛ ╨╖╨╜╨░╤З╨╡╨╜╨╕╨╡╨╝ "C:\Users\user\AppData\Local" ╤А╨░╨╖╨▓╨╡╤А╨╜╤Г╤В╨╛ ╨╕╨╖ ╨╛╨║╤А╤Г╨╢╨╡╨╜╨╕╤П.
       ╨Я╨╛╨▓╤В╨╛╤А╨╜╨╛╨╡ ╨╜╨░╨╖╨╜╨░╤З╨╡╨╜╨╕╨╡ ╤Б╨▓╨╛╨╣╤Б╤В╨▓╨░: $(_SGenGenerateSerializationAssembliesConfig)="Auto" (╨┐╤А╨╡╨┤╤Л╨┤╤Г╤Й╨╡╨╡ ╨╖╨╜╨░╤З╨╡╨╜╨╕╨╡: "") ╨┤╨╗╤П C:\Program Files\dotnet\sdk\9.0.200\Microsoft.Common.CurrentVersion.targets (3916,5)
       ╨Я╨╛╨▓╤В╨╛╤А╨╜╨╛╨╡ ╨╜╨░╨╖╨╜╨░╤З╨╡╨╜╨╕╨╡ ╤Б╨▓╨╛╨╣╤Б╤В╨▓╨░: $(_SGenGenerateSerializationAssembliesConfig)="Off" (╨┐╤А╨╡╨┤╤Л╨┤╤Г╤Й╨╡╨╡ ╨╖╨╜╨░╤З╨╡╨╜╨╕╨╡: "Auto") ╨┤╨╗╤П C:\Program Files\dotnet\sdk\9.0.200\Microsoft.Common.CurrentVersion.targets (3917,5)
       ╨Я╨╛╨▓╤В╨╛╤А╨╜╨╛╨╡ ╨╜╨░╨╖╨╜╨░╤З╨╡╨╜╨╕╨╡ ╤Б╨▓╨╛╨╣╤Б╤В╨▓╨░: $(_TargetsThatPrepareProjectReferences)="
             AssignProjectConfiguration;
             _SplitProjectReferencesByFileExistence
           " (╨┐╤А╨╡╨┤╤Л╨┤╤Г╤Й╨╡╨╡ ╨╖╨╜╨░╤З╨╡╨╜╨╕╨╡: "_SplitProjectReferencesByFileExistence") ╨┤╨╗╤П C:\Program Files\dotnet\sdk\9.0.200\Microsoft.Common.CurrentVersion.targets (5128,5)
       C:\Program Files\dotnet\sdk\9.0.200\Microsoft.Common.CurrentVersion.targets(6923,5): message : ╨б╨▓╨╛╨╣╤Б╤В╨▓╨╛ "MSBuildExtensionsPath32" ╤Б╨╛ ╨╖╨╜╨░╤З╨╡╨╜╨╕╨╡╨╝ "C:\Program Files\dotnet\sdk\9.0.200" ╤А╨░╨╖╨▓╨╡╤А╨╜╤Г╤В╨╛ ╨╕╨╖ ╨╛╨║╤А╤Г╨╢╨╡╨╜╨╕╤П.
       ╨б╨▒╨╛╤А╨║╨░ ╨╖╨░╨│╤А╤Г╨╢╨╡╨╜╨░ ╨▓╨╛ ╨▓╤А╨╡╨╝╤П Evaluation: System.Threading.Tasks.Parallel, Version=9.0.0.0, Culture=neutral, PublicKeyToken=b03f5f7f11d50a3a (╤А╨░╤Б╨┐╨╛╨╗╨╛╨╢╨╡╨╜╨╕╨╡: C:\Program Files\dotnet\shared\Microsoft.NETCore.App\9.0.2\System.Threading.Tasks.Parallel.dll, MVID: c0578df1-364a-43b4-babc-b5753f7d2f68, AssemblyLoadContext: Default)
       ╨Я╨╛╨▓╤В╨╛╤А╨╜╨╛╨╡ ╨╜╨░╨╖╨╜╨░╤З╨╡╨╜╨╕╨╡ ╤Б╨▓╨╛╨╣╤Б╤В╨▓╨░: $(ProjectAssetsFile)="C:\Users\user\OneDrive\╨а╨░╨▒╨╛╤З╨╕╨╣ ╤Б╤В╨╛╨╗\regi\WebApplication15\obj\project.assets.json" (╨┐╤А╨╡╨┤╤Л╨┤╤Г╤Й╨╡╨╡ ╨╖╨╜╨░╤З╨╡╨╜╨╕╨╡: "C:\Users\user\OneDrive\╨а╨░╨▒╨╛╤З╨╕╨╣ ╤Б╤В╨╛╨╗\regi\WebApplication15\obj\/project.assets.json") ╨┤╨╗╤П C:\Program Files\dotnet\sdk\9.0.200\Sdks\Microsoft.NET.Sdk\targets\Microsoft.PackageDependencyResolution.targets (24,5)
       ╨Я╨╛╨▓╤В╨╛╤А╨╜╨╛╨╡ ╨╜╨░╨╖╨╜╨░╤З╨╡╨╜╨╕╨╡ ╤Б╨▓╨╛╨╣╤Б╤В╨▓╨░: $(ProjectAssetsCacheFile)="C:\Users\user\OneDrive\╨а╨░╨▒╨╛╤З╨╕╨╣ ╤Б╤В╨╛╨╗\regi\WebApplication15\obj\Debug\net9.0\WebApplication15.assets.cache" (╨┐╤А╨╡╨┤╤Л╨┤╤Г╤Й╨╡╨╡ ╨╖╨╜╨░╤З╨╡╨╜╨╕╨╡: "obj\Debug\net9.0\WebApplication15.assets.cache") ╨┤╨╗╤П C:\Program Files\dotnet\sdk\9.0.200\Sdks\Microsoft.NET.Sdk\targets\Microsoft.PackageDependencyResolution.targets (29,5)
       ╨Я╨╛╨▓╤В╨╛╤А╨╜╨╛╨╡ ╨╜╨░╨╖╨╜╨░╤З╨╡╨╜╨╕╨╡ ╤Б╨▓╨╛╨╣╤Б╤В╨▓╨░: $(ResolveAssemblyReferencesDependsOn)="
             
             ResolveProjectReferences;
             FindInvalidProjectReferences;
             GetFrameworkPaths;
             GetReferenceAssemblyPaths;
             PrepareForBuild;
             ResolveSDKReferences;
             ExpandSDKReferences;
           ;
             ResolvePackageDependenciesForBuild;
             _HandlePackageFileConflicts;
           " (╨┐╤А╨╡╨┤╤Л╨┤╤Г╤Й╨╡╨╡ ╨╖╨╜╨░╤З╨╡╨╜╨╕╨╡: "
             ResolveProjectReferences;
             FindInvalidProjectReferences;
             GetFrameworkPaths;
             GetReferenceAssemblyPaths;
             PrepareForBuild;
             ResolveSDKReferences;
             ExpandSDKReferences;
           ") ╨┤╨╗╤П C:\Program Files\dotnet\sdk\9.0.200\Sdks\Microsoft.NET.Sdk\targets\Microsoft.PackageDependencyResolution.targets (80,5)
       ╨Я╨╛╨▓╤В╨╛╤А╨╜╨╛╨╡ ╨╜╨░╨╖╨╜╨░╤З╨╡╨╜╨╕╨╡ ╤Б╨▓╨╛╨╣╤Б╤В╨▓╨░: $(PrepareResourcesDependsOn)="
             ResolvePackageDependenciesForBuild;
             _HandlePackageFileConflicts;
             
             ;
             PrepareResourceNames;
             ResGen;
             CompileLicxFiles
           
           " (╨┐╤А╨╡╨┤╤Л╨┤╤Г╤Й╨╡╨╡ ╨╖╨╜╨░╤З╨╡╨╜╨╕╨╡: "
             ;
             PrepareResourceNames;
             ResGen;
             CompileLicxFiles
           ") ╨┤╨╗╤П C:\Program Files\dotnet\sdk\9.0.200\Sdks\Microsoft.NET.Sdk\targets\Microsoft.PackageDependencyResolution.targets (86,5)
       ╨Я╨╛╨▓╤В╨╛╤А╨╜╨╛╨╡ ╨╜╨░╨╖╨╜╨░╤З╨╡╨╜╨╕╨╡ ╤Б╨▓╨╛╨╣╤Б╤В╨▓╨░: $(DefaultItemExcludes)=";**\node_modules\**;node_modules\**;**\jspm_packages\**;jspm_packages\**;**\bower_components\**;bower_components\**;**\packages.lock.json;bin\Debug\/**;obj\Debug\/**;bin\/**" (╨┐╤А╨╡╨┤╤Л╨┤╤Г╤Й╨╡╨╡ ╨╖╨╜╨░╤З╨╡╨╜╨╕╨╡: ";**\node_modules\**;node_modules\**;**\jspm_packages\**;jspm_packages\**;**\bower_components\**;bower_components\**;**\packages.lock.json;bin\Debug\/**;obj\Debug\/**") ╨┤╨╗╤П C:\Program Files\dotnet\sdk\9.0.200\Sdks\Microsoft.NET.Sdk\targets\Microsoft.NET.Sdk.DefaultItems.targets (27,5)
       ╨Я╨╛╨▓╤В╨╛╤А╨╜╨╛╨╡ ╨╜╨░╨╖╨╜╨░╤З╨╡╨╜╨╕╨╡ ╤Б╨▓╨╛╨╣╤Б╤В╨▓╨░: $(DefaultItemExcludes)=";**\node_modules\**;node_modules\**;**\jspm_packages\**;jspm_packages\**;**\bower_components\**;bower_components\**;**\packages.lock.json;bin\Debug\/**;obj\Debug\/**;bin\/**;obj\/**" (╨┐╤А╨╡╨┤╤Л╨┤╤Г╤Й╨╡╨╡ ╨╖╨╜╨░╤З╨╡╨╜╨╕╨╡: ";**\node_modules\**;node_modules\**;**\jspm_packages\**;jspm_packages\**;**\bower_components\**;bower_components\**;**\packages.lock.json;bin\Debug\/**;obj\Debug\/**;bin\/**") ╨┤╨╗╤П C:\Program Files\dotnet\sdk\9.0.200\Sdks\Microsoft.NET.Sdk\targets\Microsoft.NET.Sdk.DefaultItems.targets (29,5)
       ╨Я╨╛╨▓╤В╨╛╤А╨╜╨╛╨╡ ╨╜╨░╨╖╨╜╨░╤З╨╡╨╜╨╕╨╡ ╤Б╨▓╨╛╨╣╤Б╤В╨▓╨░: $(DefaultItemExcludes)=";**\node_modules\**;node_modules\**;**\jspm_packages\**;jspm_packages\**;**\bower_components\**;bower_components\**;**\packages.lock.json;bin\Debug\/**;obj\Debug\/**;bin\/**;obj\/**;**/*.user" (╨┐╤А╨╡╨┤╤Л╨┤╤Г╤Й╨╡╨╡ ╨╖╨╜╨░╤З╨╡╨╜╨╕╨╡: ";**\node_modules\**;node_modules\**;**\jspm_packages\**;jspm_packages\**;**\bower_components\**;bower_components\**;**\packages.lock.json;bin\Debug\/**;obj\Debug\/**;bin\/**;obj\/**") ╨┤╨╗╤П C:\Program Files\dotnet\sdk\9.0.200\Sdks\Microsoft.NET.Sdk\targets\Microsoft.NET.Sdk.DefaultItems.targets (32,5)
       ╨Я╨╛╨▓╤В╨╛╤А╨╜╨╛╨╡ ╨╜╨░╨╖╨╜╨░╤З╨╡╨╜╨╕╨╡ ╤Б╨▓╨╛╨╣╤Б╤В╨▓╨░: $(DefaultItemExcludes)=";**\node_modules\**;node_modules\**;**\jspm_packages\**;jspm_packages\**;**\bower_components\**;bower_components\**;**\packages.lock.json;bin\Debug\/**;obj\Debug\/**;bin\/**;obj\/**;**/*.user;**/*.*proj" (╨┐╤А╨╡╨┤╤Л╨┤╤Г╤Й╨╡╨╡ ╨╖╨╜╨░╤З╨╡╨╜╨╕╨╡: ";**\node_modules\**;node_modules\**;**\jspm_packages\**;jspm_packages\**;**\bower_components\**;bower_components\**;**\packages.lock.json;bin\Debug\/**;obj\Debug\/**;bin\/**;obj\/**;**/*.user") ╨┤╨╗╤П C:\Program Files\dotnet\sdk\9.0.200\Sdks\Microsoft.NET.Sdk\targets\Microsoft.NET.Sdk.DefaultItems.targets (33,5)
       ╨Я╨╛╨▓╤В╨╛╤А╨╜╨╛╨╡ ╨╜╨░╨╖╨╜╨░╤З╨╡╨╜╨╕╨╡ ╤Б╨▓╨╛╨╣╤Б╤В╨▓╨░: $(DefaultItemExcludes)=";**\node_modules\**;node_modules\**;**\jspm_packages\**;jspm_packages\**;**\bower_components\**;bower_components\**;**\packages.lock.json;bin\Debug\/**;obj\Debug\/**;bin\/**;obj\/**;**/*.user;**/*.*proj;**/*.sln" (╨┐╤А╨╡╨┤╤Л╨┤╤Г╤Й╨╡╨╡ ╨╖╨╜╨░╤З╨╡╨╜╨╕╨╡: ";**\node_modules\**;node_modules\**;**\jspm_packages\**;jspm_packages\**;**\bower_components\**;bower_components\**;**\packages.lock.json;bin\Debug\/**;obj\Debug\/**;bin\/**;obj\/**;**/*.user;**/*.*proj") ╨┤╨╗╤П C:\Program Files\dotnet\sdk\9.0.200\Sdks\Microsoft.NET.Sdk\targets\Microsoft.NET.Sdk.DefaultItems.targets (34,5)
       ╨Я╨╛╨▓╤В╨╛╤А╨╜╨╛╨╡ ╨╜╨░╨╖╨╜╨░╤З╨╡╨╜╨╕╨╡ ╤Б╨▓╨╛╨╣╤Б╤В╨▓╨░: $(DefaultItemExcludes)=";**\node_modules\**;node_modules\**;**\jspm_packages\**;jspm_packages\**;**\bower_components\**;bower_components\**;**\packages.lock.json;bin\Debug\/**;obj\Debug\/**;bin\/**;obj\/**;**/*.user;**/*.*proj;**/*.sln;**/*.vssscc" (╨┐╤А╨╡╨┤╤Л╨┤╤Г╤Й╨╡╨╡ ╨╖╨╜╨░╤З╨╡╨╜╨╕╨╡: ";**\node_modules\**;node_modules\**;**\jspm_packages\**;jspm_packages\**;**\bower_components\**;bower_components\**;**\packages.lock.json;bin\Debug\/**;obj\Debug\/**;bin\/**;obj\/**;**/*.user;**/*.*proj;**/*.sln") ╨┤╨╗╤П C:\Program Files\dotnet\sdk\9.0.200\Sdks\Microsoft.NET.Sdk\targets\Microsoft.NET.Sdk.DefaultItems.targets (35,5)
       ╨Я╨╛╨▓╤В╨╛╤А╨╜╨╛╨╡ ╨╜╨░╨╖╨╜╨░╤З╨╡╨╜╨╕╨╡ ╤Б╨▓╨╛╨╣╤Б╤В╨▓╨░: $(DefaultItemExcludes)=";**\node_modules\**;node_modules\**;**\jspm_packages\**;jspm_packages\**;**\bower_components\**;bower_components\**;**\packages.lock.json;bin\Debug\/**;obj\Debug\/**;bin\/**;obj\/**;**/*.user;**/*.*proj;**/*.sln;**/*.vssscc;**/.DS_Store" (╨┐╤А╨╡╨┤╤Л╨┤╤Г╤Й╨╡╨╡ ╨╖╨╜╨░╤З╨╡╨╜╨╕╨╡: ";**\node_modules\**;node_modules\**;**\jspm_packages\**;jspm_packages\**;**\bower_components\**;bower_components\**;**\packages.lock.json;bin\Debug\/**;obj\Debug\/**;bin\/**;obj\/**;**/*.user;**/*.*proj;**/*.sln;**/*.vssscc") ╨┤╨╗╤П C:\Program Files\dotnet\sdk\9.0.200\Sdks\Microsoft.NET.Sdk\targets\Microsoft.NET.Sdk.DefaultItems.targets (36,5)
       ╨Я╨╛╨▓╤В╨╛╤А╨╜╨╛╨╡ ╨╜╨░╨╖╨╜╨░╤З╨╡╨╜╨╕╨╡ ╤Б╨▓╨╛╨╣╤Б╤В╨▓╨░: $(ResolveAssemblyReferencesDependsOn)="
             
             
             ResolveProjectReferences;
             FindInvalidProjectReferences;
             GetFrameworkPaths;
             GetReferenceAssemblyPaths;
             PrepareForBuild;
             ResolveSDKReferences;
             ExpandSDKReferences;
           ;
             ResolvePackageDependenciesForBuild;
             _HandlePackageFileConflicts;
           ;
             ResolveTargetingPackAssets;
           " (╨┐╤А╨╡╨┤╤Л╨┤╤Г╤Й╨╡╨╡ ╨╖╨╜╨░╤З╨╡╨╜╨╕╨╡: "
             
             ResolveProjectReferences;
             FindInvalidProjectReferences;
             GetFrameworkPaths;
             GetReferenceAssemblyPaths;
             PrepareForBuild;
             ResolveSDKReferences;
             ExpandSDKReferences;
           ;
             ResolvePackageDependenciesForBuild;
             _HandlePackageFileConflicts;
           ") ╨┤╨╗╤П C:\Program Files\dotnet\sdk\9.0.200\Sdks\Microsoft.NET.Sdk\targets\Microsoft.NET.Sdk.FrameworkReferenceResolution.targets (14,5)
       ╨Я╨╛╨▓╤В╨╛╤А╨╜╨╛╨╡ ╨╜╨░╨╖╨╜╨░╤З╨╡╨╜╨╕╨╡ ╤Б╨▓╨╛╨╣╤Б╤В╨▓╨░: $(_GenerateRuntimeConfigurationPropertyInputsCache)="C:\Users\user\OneDrive\╨а╨░╨▒╨╛╤З╨╕╨╣ ╤Б╤В╨╛╨╗\regi\WebApplication15\obj\Debug\net9.0\WebApplication15.genruntimeconfig.cache" (╨┐╤А╨╡╨┤╤Л╨┤╤Г╤Й╨╡╨╡ ╨╖╨╜╨░╤З╨╡╨╜╨╕╨╡: "obj\Debug\net9.0\WebApplication15.genruntimeconfig.cache") ╨┤╨╗╤П C:\Program Files\dotnet\sdk\9.0.200\Sdks\Microsoft.NET.Sdk\targets\Microsoft.NET.Sdk.targets (44,5)
       ╨Я╨╛╨▓╤В╨╛╤А╨╜╨╛╨╡ ╨╜╨░╨╖╨╜╨░╤З╨╡╨╜╨╕╨╡ ╤Б╨▓╨╛╨╣╤Б╤В╨▓╨░: $(_GeneratePublishDependencyFilePropertyInputsCache)="C:\Users\user\OneDrive\╨а╨░╨▒╨╛╤З╨╕╨╣ ╤Б╤В╨╛╨╗\regi\WebApplication15\obj\Debug\net9.0\WebApplication15.genpublishdeps.cache" (╨┐╤А╨╡╨┤╤Л╨┤╤Г╤Й╨╡╨╡ ╨╖╨╜╨░╤З╨╡╨╜╨╕╨╡: "obj\Debug\net9.0\WebApplication15.genpublishdeps.cache") ╨┤╨╗╤П C:\Program Files\dotnet\sdk\9.0.200\Sdks\Microsoft.NET.Sdk\targets\Microsoft.NET.Sdk.targets (46,5)
       ╨Я╨╛╨▓╤В╨╛╤А╨╜╨╛╨╡ ╨╜╨░╨╖╨╜╨░╤З╨╡╨╜╨╕╨╡ ╤Б╨▓╨╛╨╣╤Б╤В╨▓╨░: $(_GenerateSingleFileBundlePropertyInputsCache)="C:\Users\user\OneDrive\╨а╨░╨▒╨╛╤З╨╕╨╣ ╤Б╤В╨╛╨╗\regi\WebApplication15\obj\Debug\net9.0\WebApplication15.genbundle.cache" (╨┐╤А╨╡╨┤╤Л╨┤╤Г╤Й╨╡╨╡ ╨╖╨╜╨░╤З╨╡╨╜╨╕╨╡: "obj\Debug\net9.0\WebApplication15.genbundle.cache") ╨┤╨╗╤П C:\Program Files\dotnet\sdk\9.0.200\Sdks\Microsoft.NET.Sdk\targets\Microsoft.NET.Sdk.targets (48,5)
       ╨Я╨╛╨▓╤В╨╛╤А╨╜╨╛╨╡ ╨╜╨░╨╖╨╜╨░╤З╨╡╨╜╨╕╨╡ ╤Б╨▓╨╛╨╣╤Б╤В╨▓╨░: $(GenerateRuntimeConfigDevFile)="false" (╨┐╤А╨╡╨┤╤Л╨┤╤Г╤Й╨╡╨╡ ╨╖╨╜╨░╤З╨╡╨╜╨╕╨╡: "true") ╨┤╨╗╤П C:\Program Files\dotnet\sdk\9.0.200\Sdks\Microsoft.NET.Sdk\targets\Microsoft.NET.Sdk.targets (81,5)
       C:\Program Files\dotnet\sdk\9.0.200\Sdks\Microsoft.NET.Sdk\targets\Microsoft.NET.Sdk.targets(97,5): message : ╨б╨▓╨╛╨╣╤Б╤В╨▓╨╛ "USERPROFILE" ╤Б╨╛ ╨╖╨╜╨░╤З╨╡╨╜╨╕╨╡╨╝ "C:\Users\user" ╤А╨░╨╖╨▓╨╡╤А╨╜╤Г╤В╨╛ ╨╕╨╖ ╨╛╨║╤А╤Г╨╢╨╡╨╜╨╕╤П.
       ╨Я╨╛╨▓╤В╨╛╤А╨╜╨╛╨╡ ╨╜╨░╨╖╨╜╨░╤З╨╡╨╜╨╕╨╡ ╤Б╨▓╨╛╨╣╤Б╤В╨▓╨░: $(_DefaultUserProfileRuntimeStorePath)="C:\Users\user" (╨┐╤А╨╡╨┤╤Л╨┤╤Г╤Й╨╡╨╡ ╨╖╨╜╨░╤З╨╡╨╜╨╕╨╡: "") ╨┤╨╗╤П C:\Program Files\dotnet\sdk\9.0.200\Sdks\Microsoft.NET.Sdk\targets\Microsoft.NET.Sdk.targets (97,5)
       ╨Я╨╛╨▓╤В╨╛╤А╨╜╨╛╨╡ ╨╜╨░╨╖╨╜╨░╤З╨╡╨╜╨╕╨╡ ╤Б╨▓╨╛╨╣╤Б╤В╨▓╨░: $(_DefaultUserProfileRuntimeStorePath)="C:\Users\user\.dotnet\store" (╨┐╤А╨╡╨┤╤Л╨┤╤Г╤Й╨╡╨╡ ╨╖╨╜╨░╤З╨╡╨╜╨╕╨╡: "C:\Users\user") ╨┤╨╗╤П C:\Program Files\dotnet\sdk\9.0.200\Sdks\Microsoft.NET.Sdk\targets\Microsoft.NET.Sdk.targets (98,5)
       ╨Я╨╛╨▓╤В╨╛╤А╨╜╨╛╨╡ ╨╜╨░╨╖╨╜╨░╤З╨╡╨╜╨╕╨╡ ╤Б╨▓╨╛╨╣╤Б╤В╨▓╨░: $(AvailablePlatforms)="Any CPU,x86,x64,ARM32" (╨┐╤А╨╡╨┤╤Л╨┤╤Г╤Й╨╡╨╡ ╨╖╨╜╨░╤З╨╡╨╜╨╕╨╡: "Any CPU,x86,x64") ╨┤╨╗╤П C:\Program Files\dotnet\sdk\9.0.200\Sdks\Microsoft.NET.Sdk\targets\Microsoft.NET.Sdk.targets (140,5)
       ╨Я╨╛╨▓╤В╨╛╤А╨╜╨╛╨╡ ╨╜╨░╨╖╨╜╨░╤З╨╡╨╜╨╕╨╡ ╤Б╨▓╨╛╨╣╤Б╤В╨▓╨░: $(AvailablePlatforms)="Any CPU,x86,x64,ARM32,ARM64" (╨┐╤А╨╡╨┤╤Л╨┤╤Г╤Й╨╡╨╡ ╨╖╨╜╨░╤З╨╡╨╜╨╕╨╡: "Any CPU,x86,x64,ARM32") ╨┤╨╗╤П C:\Program Files\dotnet\sdk\9.0.200\Sdks\Microsoft.NET.Sdk\targets\Microsoft.NET.Sdk.targets (144,5)
       ╨Я╨╛╨▓╤В╨╛╤А╨╜╨╛╨╡ ╨╜╨░╨╖╨╜╨░╤З╨╡╨╜╨╕╨╡ ╤Б╨▓╨╛╨╣╤Б╤В╨▓╨░: $(CoreBuildDependsOn)="
             _CheckForBuildWithNoBuild;
             
             BuildOnlySettings;
             PrepareForBuild;
             PreBuildEvent;
             ResolveReferences;
             PrepareResources;
             ResolveKeySource;
             Compile;
             ExportWindowsMDFile;
             UnmanagedUnregistration;
             GenerateSerializationAssemblies;
             CreateSatelliteAssemblies;
             GenerateManifests;
             GetTargetPath;
             PrepareForRun;
             UnmanagedRegistration;
             IncrementalClean;
             PostBuildEvent
           ;
             GenerateBuildDependencyFile;
             GenerateBuildRuntimeConfigurationFiles
           " (╨┐╤А╨╡╨┤╤Л╨┤╤Г╤Й╨╡╨╡ ╨╖╨╜╨░╤З╨╡╨╜╨╕╨╡: "
             BuildOnlySettings;
             PrepareForBuild;
             PreBuildEvent;
             ResolveReferences;
             PrepareResources;
             ResolveKeySource;
             Compile;
             ExportWindowsMDFile;
             UnmanagedUnregistration;
             GenerateSerializationAssemblies;
             CreateSatelliteAssemblies;
             GenerateManifests;
             GetTargetPath;
             PrepareForRun;
             UnmanagedRegistration;
             IncrementalClean;
             PostBuildEvent
           ") ╨┤╨╗╤П C:\Program Files\dotnet\sdk\9.0.200\Sdks\Microsoft.NET.Sdk\targets\Microsoft.NET.Sdk.targets (201,5)
       ╨Я╨╛╨▓╤В╨╛╤А╨╜╨╛╨╡ ╨╜╨░╨╖╨╜╨░╤З╨╡╨╜╨╕╨╡ ╤Б╨▓╨╛╨╣╤Б╤В╨▓╨░: $(CoreCleanDependsOn)="
             _SdkBeforeClean;
             
           " (╨┐╤А╨╡╨┤╤Л╨┤╤Г╤Й╨╡╨╡ ╨╖╨╜╨░╤З╨╡╨╜╨╕╨╡: "") ╨┤╨╗╤П C:\Program Files\dotnet\sdk\9.0.200\Sdks\Microsoft.NET.Sdk\targets\Microsoft.NET.Sdk.targets (210,5)
       ╨Я╨╛╨▓╤В╨╛╤А╨╜╨╛╨╡ ╨╜╨░╨╖╨╜╨░╤З╨╡╨╜╨╕╨╡ ╤Б╨▓╨╛╨╣╤Б╤В╨▓╨░: $(RebuildDependsOn)="
             _SdkBeforeRebuild;
             
             BeforeRebuild;
             Clean;
             Build;
             AfterRebuild;
           
           " (╨┐╤А╨╡╨┤╤Л╨┤╤Г╤Й╨╡╨╡ ╨╖╨╜╨░╤З╨╡╨╜╨╕╨╡: "
             BeforeRebuild;
             Clean;
             Build;
             AfterRebuild;
           ") ╨┤╨╗╤П C:\Program Files\dotnet\sdk\9.0.200\Sdks\Microsoft.NET.Sdk\targets\Microsoft.NET.Sdk.targets (217,5)
       ╨Я╨╛╨▓╤В╨╛╤А╨╜╨╛╨╡ ╨╜╨░╨╖╨╜╨░╤З╨╡╨╜╨╕╨╡ ╤Б╨▓╨╛╨╣╤Б╤В╨▓╨░: $(CompileDependsOn)="
             
             ResolveReferences;
             ResolveKeySource;
             SetWin32ManifestProperties;
             _SetPreferNativeArm64Win32ManifestProperties;
             FindReferenceAssembliesForReferences;
             _GenerateCompileInputs;
             BeforeCompile;
             _TimeStampBeforeCompile;
             _GenerateCompileDependencyCache;
             CoreCompile;
             _TimeStampAfterCompile;
             AfterCompile;
           ;
             _CreateAppHost;
             _CreateComHost;
             _GetIjwHostPaths;
           " (╨┐╤А╨╡╨┤╤Л╨┤╤Г╤Й╨╡╨╡ ╨╖╨╜╨░╤З╨╡╨╜╨╕╨╡: "
             ResolveReferences;
             ResolveKeySource;
             SetWin32ManifestProperties;
             _SetPreferNativeArm64Win32ManifestProperties;
             FindReferenceAssembliesForReferences;
             _GenerateCompileInputs;
             BeforeCompile;
             _TimeStampBeforeCompile;
             _GenerateCompileDependencyCache;
             CoreCompile;
             _TimeStampAfterCompile;
             AfterCompile;
           ") ╨┤╨╗╤П C:\Program Files\dotnet\sdk\9.0.200\Sdks\Microsoft.NET.Sdk\targets\Microsoft.NET.Sdk.targets (784,5)
       ╨Я╨╛╨▓╤В╨╛╤А╨╜╨╛╨╡ ╨╜╨░╨╖╨╜╨░╤З╨╡╨╜╨╕╨╡ ╤Б╨▓╨╛╨╣╤Б╤В╨▓╨░: $(CreateSatelliteAssembliesDependsOn)="
             
             ;
             _GenerateSatelliteAssemblyInputs;
             ComputeIntermediateSatelliteAssemblies;
             GenerateSatelliteAssemblies
           ;
             CoreGenerateSatelliteAssemblies
           " (╨┐╤А╨╡╨┤╤Л╨┤╤Г╤Й╨╡╨╡ ╨╖╨╜╨░╤З╨╡╨╜╨╕╨╡: "
             ;
             _GenerateSatelliteAssemblyInputs;
             ComputeIntermediateSatelliteAssemblies;
             GenerateSatelliteAssemblies
           ") ╨┤╨╗╤П C:\Program Files\dotnet\sdk\9.0.200\Sdks\Microsoft.NET.Sdk\targets\Microsoft.NET.Sdk.targets (1184,5)
       ╨Я╨╛╨▓╤В╨╛╤А╨╜╨╛╨╡ ╨╜╨░╨╖╨╜╨░╤З╨╡╨╜╨╕╨╡ ╤Б╨▓╨╛╨╣╤Б╤В╨▓╨░: $(SourceLinkUrlInitializerTargets)=";_InitializeGitHubSourceLinkUrl;_InitializeGitLabSourceLinkUrl" (╨┐╤А╨╡╨┤╤Л╨┤╤Г╤Й╨╡╨╡ ╨╖╨╜╨░╤З╨╡╨╜╨╕╨╡: ";_InitializeGitHubSourceLinkUrl") ╨┤╨╗╤П C:\Program Files\dotnet\sdk\9.0.200\Sdks\Microsoft.SourceLink.GitLab\build\Microsoft.SourceLink.GitLab.targets (12,5)
       ╨Я╨╛╨▓╤В╨╛╤А╨╜╨╛╨╡ ╨╜╨░╨╖╨╜╨░╤З╨╡╨╜╨╕╨╡ ╤Б╨▓╨╛╨╣╤Б╤В╨▓╨░: $(SourceControlManagerUrlTranslationTargets)=";TranslateGitHubUrlsInSourceControlInformation;TranslateGitLabUrlsInSourceControlInformation" (╨┐╤А╨╡╨┤╤Л╨┤╤Г╤Й╨╡╨╡ ╨╖╨╜╨░╤З╨╡╨╜╨╕╨╡: ";TranslateGitHubUrlsInSourceControlInformation") ╨┤╨╗╤П C:\Program Files\dotnet\sdk\9.0.200\Sdks\Microsoft.SourceLink.GitLab\build\Microsoft.SourceLink.GitLab.targets (13,5)
       ╨Я╨╛╨▓╤В╨╛╤А╨╜╨╛╨╡ ╨╜╨░╨╖╨╜╨░╤З╨╡╨╜╨╕╨╡ ╤Б╨▓╨╛╨╣╤Б╤В╨▓╨░: $(SourceLinkUrlInitializerTargets)=";_InitializeGitHubSourceLinkUrl;_InitializeGitLabSourceLinkUrl;_InitializeAzureReposGitSourceLinkUrl" (╨┐╤А╨╡╨┤╤Л╨┤╤Г╤Й╨╡╨╡ ╨╖╨╜╨░╤З╨╡╨╜╨╕╨╡: ";_InitializeGitHubSourceLinkUrl;_InitializeGitLabSourceLinkUrl") ╨┤╨╗╤П C:\Program Files\dotnet\sdk\9.0.200\Sdks\Microsoft.SourceLink.AzureRepos.Git\build\Microsoft.SourceLink.AzureRepos.Git.targets (12,5)
       ╨Я╨╛╨▓╤В╨╛╤А╨╜╨╛╨╡ ╨╜╨░╨╖╨╜╨░╤З╨╡╨╜╨╕╨╡ ╤Б╨▓╨╛╨╣╤Б╤В╨▓╨░: $(SourceControlManagerUrlTranslationTargets)=";TranslateGitHubUrlsInSourceControlInformation;TranslateGitLabUrlsInSourceControlInformation;TranslateAzureReposGitUrlsInSourceControlInformation" (╨┐╤А╨╡╨┤╤Л╨┤╤Г╤Й╨╡╨╡ ╨╖╨╜╨░╤З╨╡╨╜╨╕╨╡: ";TranslateGitHubUrlsInSourceControlInformation;TranslateGitLabUrlsInSourceControlInformation") ╨┤╨╗╤П C:\Program Files\dotnet\sdk\9.0.200\Sdks\Microsoft.SourceLink.AzureRepos.Git\build\Microsoft.SourceLink.AzureRepos.Git.targets (13,5)
       ╨Я╨╛╨▓╤В╨╛╤А╨╜╨╛╨╡ ╨╜╨░╨╖╨╜╨░╤З╨╡╨╜╨╕╨╡ ╤Б╨▓╨╛╨╣╤Б╤В╨▓╨░: $(SourceLinkUrlInitializerTargets)=";_InitializeGitHubSourceLinkUrl;_InitializeGitLabSourceLinkUrl;_InitializeAzureReposGitSourceLinkUrl;_InitializeBitbucketGitSourceLinkUrl" (╨┐╤А╨╡╨┤╤Л╨┤╤Г╤Й╨╡╨╡ ╨╖╨╜╨░╤З╨╡╨╜╨╕╨╡: ";_InitializeGitHubSourceLinkUrl;_InitializeGitLabSourceLinkUrl;_InitializeAzureReposGitSourceLinkUrl") ╨┤╨╗╤П C:\Program Files\dotnet\sdk\9.0.200\Sdks\Microsoft.SourceLink.Bitbucket.Git\build\Microsoft.SourceLink.Bitbucket.Git.targets (12,5)
       ╨Я╨╛╨▓╤В╨╛╤А╨╜╨╛╨╡ ╨╜╨░╨╖╨╜╨░╤З╨╡╨╜╨╕╨╡ ╤Б╨▓╨╛╨╣╤Б╤В╨▓╨░: $(SourceControlManagerUrlTranslationTargets)=";TranslateGitHubUrlsInSourceControlInformation;TranslateGitLabUrlsInSourceControlInformation;TranslateAzureReposGitUrlsInSourceControlInformation;TranslateBitbucketGitUrlsInSourceControlInformation" (╨┐╤А╨╡╨┤╤Л╨┤╤Г╤Й╨╡╨╡ ╨╖╨╜╨░╤З╨╡╨╜╨╕╨╡: ";TranslateGitHubUrlsInSourceControlInformation;TranslateGitLabUrlsInSourceControlInformation;TranslateAzureReposGitUrlsInSourceControlInformation") ╨┤╨╗╤П C:\Program Files\dotnet\sdk\9.0.200\Sdks\Microsoft.SourceLink.Bitbucket.Git\build\Microsoft.SourceLink.Bitbucket.Git.targets (13,5)
       ╨Я╨╛╨▓╤В╨╛╤А╨╜╨╛╨╡ ╨╜╨░╨╖╨╜╨░╤З╨╡╨╜╨╕╨╡ ╤Б╨▓╨╛╨╣╤Б╤В╨▓╨░: $(DesignerRuntimeImplementationProjectOutputGroupDependsOn)="
             
             ;
             
             ;
             BuildOnlySettings;
             PrepareForBuild;
             AssignTargetPaths;
             ResolveReferences
           
           ;
             _GenerateDesignerDepsFile;
             _GenerateDesignerRuntimeConfigFile;
             GetCopyToOutputDirectoryItems;
             _GatherDesignerShadowCopyFiles;
           " (╨┐╤А╨╡╨┤╤Л╨┤╤Г╤Й╨╡╨╡ ╨╖╨╜╨░╤З╨╡╨╜╨╕╨╡: "
             ;
             
             ;
             BuildOnlySettings;
             PrepareForBuild;
             AssignTargetPaths;
             ResolveReferences
           
           ") ╨┤╨╗╤П C:\Program Files\dotnet\sdk\9.0.200\Sdks\Microsoft.NET.Sdk\targets\Microsoft.NET.DesignerSupport.targets (21,5)
       ╨Я╨╛╨▓╤В╨╛╤А╨╜╨╛╨╡ ╨╜╨░╨╖╨╜╨░╤З╨╡╨╜╨╕╨╡ ╤Б╨▓╨╛╨╣╤Б╤В╨▓╨░: $(_GenerateToolsSettingsFileCacheFile)="C:\Users\user\OneDrive\╨а╨░╨▒╨╛╤З╨╕╨╣ ╤Б╤В╨╛╨╗\regi\WebApplication15\obj\Debug\net9.0\WebApplication15.toolssettingsinput.cache" (╨┐╤А╨╡╨┤╤Л╨┤╤Г╤Й╨╡╨╡ ╨╖╨╜╨░╤З╨╡╨╜╨╕╨╡: "obj\Debug\net9.0\WebApplication15.toolssettingsinput.cache") ╨┤╨╗╤П C:\Program Files\dotnet\sdk\9.0.200\Sdks\Microsoft.NET.Sdk\targets\Microsoft.NET.PackTool.targets (68,5)
       ╨Я╨╛╨▓╤В╨╛╤А╨╜╨╛╨╡ ╨╜╨░╨╖╨╜╨░╤З╨╡╨╜╨╕╨╡ ╤Б╨▓╨╛╨╣╤Б╤В╨▓╨░: $(_ShimInputCacheFile)="C:\Users\user\OneDrive\╨а╨░╨▒╨╛╤З╨╕╨╣ ╤Б╤В╨╛╨╗\regi\WebApplication15\obj\Debug\net9.0\WebApplication15.shiminput.cache" (╨┐╤А╨╡╨┤╤Л╨┤╤Г╤Й╨╡╨╡ ╨╖╨╜╨░╤З╨╡╨╜╨╕╨╡: "obj\Debug\net9.0\WebApplication15.shiminput.cache") ╨┤╨╗╤П C:\Program Files\dotnet\sdk\9.0.200\Sdks\Microsoft.NET.Sdk\targets\Microsoft.NET.PackTool.targets (137,5)
       ╨Я╨╛╨▓╤В╨╛╤А╨╜╨╛╨╡ ╨╜╨░╨╖╨╜╨░╤З╨╡╨╜╨╕╨╡ ╤Б╨▓╨╛╨╣╤Б╤В╨▓╨░: $(_ShimCreatedSentinelFile)="C:\Users\user\OneDrive\╨а╨░╨▒╨╛╤З╨╕╨╣ ╤Б╤В╨╛╨╗\regi\WebApplication15\obj\Debug\net9.0\WebApplication15.shimcreated.sentinel" (╨┐╤А╨╡╨┤╤Л╨┤╤Г╤Й╨╡╨╡ ╨╖╨╜╨░╤З╨╡╨╜╨╕╨╡: "obj\Debug\net9.0\WebApplication15.shimcreated.sentinel") ╨┤╨╗╤П C:\Program Files\dotnet\sdk\9.0.200\Sdks\Microsoft.NET.Sdk\targets\Microsoft.NET.PackTool.targets (139,5)
       ╨Я╨╛╨▓╤В╨╛╤А╨╜╨╛╨╡ ╨╜╨░╨╖╨╜╨░╤З╨╡╨╜╨╕╨╡ ╤Б╨▓╨╛╨╣╤Б╤В╨▓╨░: $(DefineConstants)="TRACE;DEBUG" (╨┐╤А╨╡╨┤╤Л╨┤╤Г╤Й╨╡╨╡ ╨╖╨╜╨░╤З╨╡╨╜╨╕╨╡: "TRACE") ╨┤╨╗╤П C:\Program Files\dotnet\sdk\9.0.200\Sdks\Microsoft.NET.Sdk\targets\Microsoft.NET.Sdk.CSharp.targets (31,5)
       ╨Я╨╛╨▓╤В╨╛╤А╨╜╨╛╨╡ ╨╜╨░╨╖╨╜╨░╤З╨╡╨╜╨╕╨╡ ╤Б╨▓╨╛╨╣╤Б╤В╨▓╨░: $(DefineConstants)="TRACE;DEBUG;NET;NET9_0;NETCOREAPP" (╨┐╤А╨╡╨┤╤Л╨┤╤Г╤Й╨╡╨╡ ╨╖╨╜╨░╤З╨╡╨╜╨╕╨╡: "TRACE;DEBUG") ╨┤╨╗╤П C:\Program Files\dotnet\sdk\9.0.200\Sdks\Microsoft.NET.Sdk\targets\Microsoft.NET.Sdk.CSharp.targets (34,5)
       ╨Я╨╛╨▓╤В╨╛╤А╨╜╨╛╨╡ ╨╜╨░╨╖╨╜╨░╤З╨╡╨╜╨╕╨╡ ╤Б╨▓╨╛╨╣╤Б╤В╨▓╨░: $(WarningsAsErrors)=";NU1605;SYSLIB0011" (╨┐╤А╨╡╨┤╤Л╨┤╤Г╤Й╨╡╨╡ ╨╖╨╜╨░╤З╨╡╨╜╨╕╨╡: ";NU1605") ╨┤╨╗╤П C:\Program Files\dotnet\sdk\9.0.200\Sdks\Microsoft.NET.Sdk\targets\Microsoft.NET.Sdk.CSharp.targets (48,5)
       ╨Я╨╛╨▓╤В╨╛╤А╨╜╨╛╨╡ ╨╜╨░╨╖╨╜╨░╤З╨╡╨╜╨╕╨╡ ╤Б╨▓╨╛╨╣╤Б╤В╨▓╨░: $(PackageDescription)="Package Description" (╨┐╤А╨╡╨┤╤Л╨┤╤Г╤Й╨╡╨╡ ╨╖╨╜╨░╤З╨╡╨╜╨╕╨╡: "") ╨┤╨╗╤П C:\Program Files\dotnet\sdk\9.0.200\Sdks\NuGet.Build.Tasks.Pack\build\NuGet.Build.Tasks.Pack.targets (34,5)
       ╨Я╨╛╨▓╤В╨╛╤А╨╜╨╛╨╡ ╨╜╨░╨╖╨╜╨░╤З╨╡╨╜╨╕╨╡ ╤Б╨▓╨╛╨╣╤Б╤В╨▓╨░: $(GenerateNuspecDependsOn)="Build;_LoadPackInputItems; _GetTargetFrameworksOutput; _WalkEachTargetPerFramework; _GetPackageFiles; " (╨┐╤А╨╡╨┤╤Л╨┤╤Г╤Й╨╡╨╡ ╨╖╨╜╨░╤З╨╡╨╜╨╕╨╡: "_LoadPackInputItems; _GetTargetFrameworksOutput; _WalkEachTargetPerFramework; _GetPackageFiles; ") ╨┤╨╗╤П C:\Program Files\dotnet\sdk\9.0.200\Sdks\NuGet.Build.Tasks.Pack\build\NuGet.Build.Tasks.Pack.targets (59,5)
       ╨Я╨╛╨▓╤В╨╛╤А╨╜╨╛╨╡ ╨╜╨░╨╖╨╜╨░╤З╨╡╨╜╨╕╨╡ ╤Б╨▓╨╛╨╣╤Б╤В╨▓╨░: $(_IsNotSetContainersTargetsDir)="true" (╨┐╤А╨╡╨┤╤Л╨┤╤Г╤Й╨╡╨╡ ╨╖╨╜╨░╤З╨╡╨╜╨╕╨╡: "false") ╨┤╨╗╤П C:\Program Files\dotnet\sdk\9.0.200\Sdks\Microsoft.NET.Sdk\Sdk\Sdk.targets (60,5)
       ╨Я╨╛╨▓╤В╨╛╤А╨╜╨╛╨╡ ╨╜╨░╨╖╨╜╨░╤З╨╡╨╜╨╕╨╡ ╤Б╨▓╨╛╨╣╤Б╤В╨▓╨░: $(_IsSDKContainerAllowedVersion)="true" (╨┐╤А╨╡╨┤╤Л╨┤╤Г╤Й╨╡╨╡ ╨╖╨╜╨░╤З╨╡╨╜╨╕╨╡: "false") ╨┤╨╗╤П C:\Program Files\dotnet\sdk\9.0.200\Containers\build\Microsoft.NET.Build.Containers.targets (5,5)
       ╨Я╨╛╨▓╤В╨╛╤А╨╜╨╛╨╡ ╨╜╨░╨╖╨╜╨░╤З╨╡╨╜╨╕╨╡ ╤Б╨▓╨╛╨╣╤Б╤В╨▓╨░: $(_ContainerIsTargetingNet8TFM)="true" (╨┐╤А╨╡╨┤╤Л╨┤╤Г╤Й╨╡╨╡ ╨╖╨╜╨░╤З╨╡╨╜╨╕╨╡: "false") ╨┤╨╗╤П C:\Program Files\dotnet\sdk\9.0.200\Containers\build\Microsoft.NET.Build.Containers.targets (15,5)
       C:\Program Files\dotnet\sdk\9.0.200\Sdks\Microsoft.NET.Sdk.StaticWebAssets\targets\Sdk.StaticWebAssets.CurrentVersion.targets(37,18): message : ╨б╨▓╨╛╨╣╤Б╤В╨▓╨╛ "DOTNET_HOST_PATH" ╤Б╨╛ ╨╖╨╜╨░╤З╨╡╨╜╨╕╨╡╨╝ "C:\Program Files\dotnet\dotnet.exe" ╤А╨░╨╖╨▓╨╡╤А╨╜╤Г╤В╨╛ ╨╕╨╖ ╨╛╨║╤А╤Г╨╢╨╡╨╜╨╕╤П.
       ╨Я╨╛╨▓╤В╨╛╤А╨╜╨╛╨╡ ╨╜╨░╨╖╨╜╨░╤З╨╡╨╜╨╕╨╡ ╤Б╨▓╨╛╨╣╤Б╤В╨▓╨░: $(PrepareForRunDependsOn)="StaticWebAssetsPrepareForRun;
             CopyFilesToOutputDirectory
           " (╨┐╤А╨╡╨┤╤Л╨┤╤Г╤Й╨╡╨╡ ╨╖╨╜╨░╤З╨╡╨╜╨╕╨╡: "
             CopyFilesToOutputDirectory
           ") ╨┤╨╗╤П C:\Program Files\dotnet\sdk\9.0.200\Sdks\Microsoft.NET.Sdk.StaticWebAssets\targets\Microsoft.NET.Sdk.StaticWebAssets.targets (286,5)
       ╨Я╨╛╨▓╤В╨╛╤А╨╜╨╛╨╡ ╨╜╨░╨╖╨╜╨░╤З╨╡╨╜╨╕╨╡ ╤Б╨▓╨╛╨╣╤Б╤В╨▓╨░: $(GetCopyToOutputDirectoryItemsDependsOn)="
             AssignTargetPaths;
             
             AssignProjectConfiguration;
             _SplitProjectReferencesByFileExistence
           ;
             _GetProjectReferenceTargetFrameworkProperties;
             _PopulateCommonStateForGetCopyToOutputDirectoryItems
           ;AddStaticWebAssetsManifest;AddStaticWebAssetEndpointsBuildManifest" (╨┐╤А╨╡╨┤╤Л╨┤╤Г╤Й╨╡╨╡ ╨╖╨╜╨░╤З╨╡╨╜╨╕╨╡: "
             AssignTargetPaths;
             
             AssignProjectConfiguration;
             _SplitProjectReferencesByFileExistence
           ;
             _GetProjectReferenceTargetFrameworkProperties;
             _PopulateCommonStateForGetCopyToOutputDirectoryItems
           ") ╨┤╨╗╤П C:\Program Files\dotnet\sdk\9.0.200\Sdks\Microsoft.NET.Sdk.StaticWebAssets\targets\Microsoft.NET.Sdk.StaticWebAssets.targets (323,5)
       ╨Я╨╛╨▓╤В╨╛╤А╨╜╨╛╨╡ ╨╜╨░╨╖╨╜╨░╤З╨╡╨╜╨╕╨╡ ╤Б╨▓╨╛╨╣╤Б╤В╨▓╨░: $(GenerateNuspecDependsOn)="
             IncludeStaticWebAssetsPackItems;
             Build;_LoadPackInputItems; _GetTargetFrameworksOutput; _WalkEachTargetPerFramework; _GetPackageFiles; ;
           " (╨┐╤А╨╡╨┤╤Л╨┤╤Г╤Й╨╡╨╡ ╨╖╨╜╨░╤З╨╡╨╜╨╕╨╡: "Build;_LoadPackInputItems; _GetTargetFrameworksOutput; _WalkEachTargetPerFramework; _GetPackageFiles; ") ╨┤╨╗╤П C:\Program Files\dotnet\sdk\9.0.200\Sdks\Microsoft.NET.Sdk.StaticWebAssets\targets\Microsoft.NET.Sdk.StaticWebAssets.Pack.targets (46,5)
       ╨Я╨╛╨▓╤В╨╛╤А╨╜╨╛╨╡ ╨╜╨░╨╖╨╜╨░╤З╨╡╨╜╨╕╨╡ ╤Б╨▓╨╛╨╣╤Б╤В╨▓╨░: $(IncludeStaticWebAssetsPackItemsDependsOn)="
             Build;
             ResolveStaticWebAssetsConfiguration;LoadStaticWebAssetsBuildManifest
           ;
           " (╨┐╤А╨╡╨┤╤Л╨┤╤Г╤Й╨╡╨╡ ╨╖╨╜╨░╤З╨╡╨╜╨╕╨╡: "
             ResolveStaticWebAssetsConfiguration;LoadStaticWebAssetsBuildManifest
           ") ╨┤╨╗╤П C:\Program Files\dotnet\sdk\9.0.200\Sdks\Microsoft.NET.Sdk.StaticWebAssets\targets\Microsoft.NET.Sdk.StaticWebAssets.Pack.targets (55,5)
       ╨Я╨╛╨▓╤В╨╛╤А╨╜╨╛╨╡ ╨╜╨░╨╖╨╜╨░╤З╨╡╨╜╨╕╨╡ ╤Б╨▓╨╛╨╣╤Б╤В╨▓╨░: $(ResolveStaticWebAssetsInputsDependsOn)="
           
             ResolveCoreStaticWebAssets;
             GenerateComputedBuildStaticWebAssets;
             
           ;
           ResolveScopedCssAssets;
         " (╨┐╤А╨╡╨┤╤Л╨┤╤Г╤Й╨╡╨╡ ╨╖╨╜╨░╤З╨╡╨╜╨╕╨╡: "
             ResolveCoreStaticWebAssets;
             GenerateComputedBuildStaticWebAssets;
             
           ") ╨┤╨╗╤П C:\Program Files\dotnet\sdk\9.0.200\Sdks\Microsoft.NET.Sdk.StaticWebAssets\targets\Microsoft.NET.Sdk.StaticWebAssets.ScopedCss.targets (55,3)
       ╨Я╨╛╨▓╤В╨╛╤А╨╜╨╛╨╡ ╨╜╨░╨╖╨╜╨░╤З╨╡╨╜╨╕╨╡ ╤Б╨▓╨╛╨╣╤Б╤В╨▓╨░: $(GenerateComputedBuildStaticWebAssetsDependsOn)="
           ResolveCoreStaticWebAssets;;
           BundleScopedCssFiles;
         " (╨┐╤А╨╡╨┤╤Л╨┤╤Г╤Й╨╡╨╡ ╨╖╨╜╨░╤З╨╡╨╜╨╕╨╡: "ResolveCoreStaticWebAssets;") ╨┤╨╗╤П C:\Program Files\dotnet\sdk\9.0.200\Sdks\Microsoft.NET.Sdk.StaticWebAssets\targets\Microsoft.NET.Sdk.StaticWebAssets.ScopedCss.targets (88,3)
       ╨Я╨╛╨▓╤В╨╛╤А╨╜╨╛╨╡ ╨╜╨░╨╖╨╜╨░╤З╨╡╨╜╨╕╨╡ ╤Б╨▓╨╛╨╣╤Б╤В╨▓╨░: $(ResolveCoreStaticWebAssetsDependsOn)="
             
             UpdateExistingPackageStaticWebAssets;
             ResolveProjectStaticWebAssets;
             ResolveEmbeddedProjectsStaticWebAssets;
             ResolveReferencedProjectsStaticWebAssets;
             ;
           ;
             ResolveJsInitializerModuleStaticWebAssets;
           " (╨┐╤А╨╡╨┤╤Л╨┤╤Г╤Й╨╡╨╡ ╨╖╨╜╨░╤З╨╡╨╜╨╕╨╡: "
             UpdateExistingPackageStaticWebAssets;
             ResolveProjectStaticWebAssets;
             ResolveEmbeddedProjectsStaticWebAssets;
             ResolveReferencedProjectsStaticWebAssets;
             ;
           ") ╨┤╨╗╤П C:\Program Files\dotnet\sdk\9.0.200\Sdks\Microsoft.NET.Sdk.StaticWebAssets\targets\Microsoft.NET.Sdk.StaticWebAssets.JSModules.targets (37,5)
       ╨Я╨╛╨▓╤В╨╛╤А╨╜╨╛╨╡ ╨╜╨░╨╖╨╜╨░╤З╨╡╨╜╨╕╨╡ ╤Б╨▓╨╛╨╣╤Б╤В╨▓╨░: $(ResolveCoreStaticWebAssetsDependsOn)="
             
             
             UpdateExistingPackageStaticWebAssets;
             ResolveProjectStaticWebAssets;
             ResolveEmbeddedProjectsStaticWebAssets;
             ResolveReferencedProjectsStaticWebAssets;
             ;
           ;
             ResolveJsInitializerModuleStaticWebAssets;
           ;
             ResolveJSModuleStaticWebAssets;
           " (╨┐╤А╨╡╨┤╤Л╨┤╤Г╤Й╨╡╨╡ ╨╖╨╜╨░╤З╨╡╨╜╨╕╨╡: "
             
             UpdateExistingPackageStaticWebAssets;
             ResolveProjectStaticWebAssets;
             ResolveEmbeddedProjectsStaticWebAssets;
             ResolveReferencedProjectsStaticWebAssets;
             ;
           ;
             ResolveJsInitializerModuleStaticWebAssets;
           ") ╨┤╨╗╤П C:\Program Files\dotnet\sdk\9.0.200\Sdks\Microsoft.NET.Sdk.StaticWebAssets\targets\Microsoft.NET.Sdk.StaticWebAssets.JSModules.targets (42,5)
       ╨Я╨╛╨▓╤В╨╛╤А╨╜╨╛╨╡ ╨╜╨░╨╖╨╜╨░╤З╨╡╨╜╨╕╨╡ ╤Б╨▓╨╛╨╣╤Б╤В╨▓╨░: $(ResolveStaticWebAssetsInputsDependsOn)="
             ResolveJSModuleManifestBuildStaticWebAssets;
             
           
             ResolveCoreStaticWebAssets;
             GenerateComputedBuildStaticWebAssets;
             
           ;
           ResolveScopedCssAssets;
         
           " (╨┐╤А╨╡╨┤╤Л╨┤╤Г╤Й╨╡╨╡ ╨╖╨╜╨░╤З╨╡╨╜╨╕╨╡: "
           
             ResolveCoreStaticWebAssets;
             GenerateComputedBuildStaticWebAssets;
             
           ;
           ResolveScopedCssAssets;
         ") ╨┤╨╗╤П C:\Program Files\dotnet\sdk\9.0.200\Sdks\Microsoft.NET.Sdk.StaticWebAssets\targets\Microsoft.NET.Sdk.StaticWebAssets.JSModules.targets (57,5)
       ╨Я╨╛╨▓╤В╨╛╤А╨╜╨╛╨╡ ╨╜╨░╨╖╨╜╨░╤З╨╡╨╜╨╕╨╡ ╤Б╨▓╨╛╨╣╤Б╤В╨▓╨░: $(ResolvePublishStaticWebAssetsDependsOn)="
             ResolveJSModuleManifestPublishStaticWebAssets;
             
             ResolveCorePublishStaticWebAssets;
             GenerateComputedPublishStaticWebAssets;
             ;
           
           " (╨┐╤А╨╡╨┤╤Л╨┤╤Г╤Й╨╡╨╡ ╨╖╨╜╨░╤З╨╡╨╜╨╕╨╡: "
             ResolveCorePublishStaticWebAssets;
             GenerateComputedPublishStaticWebAssets;
             ;
           ") ╨┤╨╗╤П C:\Program Files\dotnet\sdk\9.0.200\Sdks\Microsoft.NET.Sdk.StaticWebAssets\targets\Microsoft.NET.Sdk.StaticWebAssets.JSModules.targets (76,5)
       ╨Я╨╛╨▓╤В╨╛╤А╨╜╨╛╨╡ ╨╜╨░╨╖╨╜╨░╤З╨╡╨╜╨╕╨╡ ╤Б╨▓╨╛╨╣╤Б╤В╨▓╨░: $(ResolveBuildRelatedStaticWebAssetsDependsOn)="
             ResolveBuildCompressedStaticWebAssets;
             
             ResolveStaticWebAssetsInputs;
             
           
           " (╨┐╤А╨╡╨┤╤Л╨┤╤Г╤Й╨╡╨╡ ╨╖╨╜╨░╤З╨╡╨╜╨╕╨╡: "
             ResolveStaticWebAssetsInputs;
             
           ") ╨┤╨╗╤П C:\Program Files\dotnet\sdk\9.0.200\Sdks\Microsoft.NET.Sdk.StaticWebAssets\targets\Microsoft.NET.Sdk.StaticWebAssets.Compression.targets (179,5)
       ╨Я╨╛╨▓╤В╨╛╤А╨╜╨╛╨╡ ╨╜╨░╨╖╨╜╨░╤З╨╡╨╜╨╕╨╡ ╤Б╨▓╨╛╨╣╤Б╤В╨▓╨░: $(ResolvePublishRelatedStaticWebAssetsDependsOn)="
             ResolvePublishCompressedStaticWebAssets;
             
           " (╨┐╤А╨╡╨┤╤Л╨┤╤Г╤Й╨╡╨╡ ╨╖╨╜╨░╤З╨╡╨╜╨╕╨╡: "") ╨┤╨╗╤П C:\Program Files\dotnet\sdk\9.0.200\Sdks\Microsoft.NET.Sdk.StaticWebAssets\targets\Microsoft.NET.Sdk.StaticWebAssets.Compression.targets (198,5)
       ╨Я╨╛╨▓╤В╨╛╤А╨╜╨╛╨╡ ╨╜╨░╨╖╨╜╨░╤З╨╡╨╜╨╕╨╡ ╤Б╨▓╨╛╨╣╤Б╤В╨▓╨░: $(DebugSymbolsProjectOutputGroupDependsOn)="
             ;
             _RazorAddDebugSymbolsProjectOutputGroupOutput
           " (╨┐╤А╨╡╨┤╤Л╨┤╤Г╤Й╨╡╨╡ ╨╖╨╜╨░╤З╨╡╨╜╨╕╨╡: "") ╨┤╨╗╤П C:\Program Files\dotnet\sdk\9.0.200\Sdks\Microsoft.NET.Sdk.Razor\targets\Sdk.Razor.CurrentVersion.targets (205,5)
       ╨Я╨╛╨▓╤В╨╛╤А╨╜╨╛╨╡ ╨╜╨░╨╖╨╜╨░╤З╨╡╨╜╨╕╨╡ ╤Б╨▓╨╛╨╣╤Б╤В╨▓╨░: $(PrepareForBuildDependsOn)="
             ;GetFrameworkPaths;GetReferenceAssemblyPaths;AssignLinkMetadata;
             ResolveRazorGenerateInputs
           " (╨┐╤А╨╡╨┤╤Л╨┤╤Г╤Й╨╡╨╡ ╨╖╨╜╨░╤З╨╡╨╜╨╕╨╡: ";GetFrameworkPaths;GetReferenceAssemblyPaths;AssignLinkMetadata") ╨┤╨╗╤П C:\Program Files\dotnet\sdk\9.0.200\Sdks\Microsoft.NET.Sdk.Razor\targets\Sdk.Razor.CurrentVersion.targets (210,5)
       ╨Я╨╛╨▓╤В╨╛╤А╨╜╨╛╨╡ ╨╜╨░╨╖╨╜╨░╤З╨╡╨╜╨╕╨╡ ╤Б╨▓╨╛╨╣╤Б╤В╨▓╨░: $(GenerateNuspecDependsOn)="
             ResolveRazorGenerateInputs;
             
             IncludeStaticWebAssetsPackItems;
             Build;_LoadPackInputItems; _GetTargetFrameworksOutput; _WalkEachTargetPerFramework; _GetPackageFiles; ;
           
           " (╨┐╤А╨╡╨┤╤Л╨┤╤Г╤Й╨╡╨╡ ╨╖╨╜╨░╤З╨╡╨╜╨╕╨╡: "
             IncludeStaticWebAssetsPackItems;
             Build;_LoadPackInputItems; _GetTargetFrameworksOutput; _WalkEachTargetPerFramework; _GetPackageFiles; ;
           ") ╨┤╨╗╤П C:\Program Files\dotnet\sdk\9.0.200\Sdks\Microsoft.NET.Sdk.Razor\targets\Sdk.Razor.CurrentVersion.targets (215,5)
       ╨Я╨╛╨▓╤В╨╛╤А╨╜╨╛╨╡ ╨╜╨░╨╖╨╜╨░╤З╨╡╨╜╨╕╨╡ ╤Б╨▓╨╛╨╣╤Б╤В╨▓╨░: $(PrepareForRunDependsOn)="
             _RazorPrepareForRun;
             StaticWebAssetsPrepareForRun;
             CopyFilesToOutputDirectory
           
           " (╨┐╤А╨╡╨┤╤Л╨┤╤Г╤Й╨╡╨╡ ╨╖╨╜╨░╤З╨╡╨╜╨╕╨╡: "StaticWebAssetsPrepareForRun;
             CopyFilesToOutputDirectory
           ") ╨┤╨╗╤П C:\Program Files\dotnet\sdk\9.0.200\Sdks\Microsoft.NET.Sdk.Razor\targets\Sdk.Razor.CurrentVersion.targets (220,5)
       ╨Я╨╛╨▓╤В╨╛╤А╨╜╨╛╨╡ ╨╜╨░╨╖╨╜╨░╤З╨╡╨╜╨╕╨╡ ╤Б╨▓╨╛╨╣╤Б╤В╨▓╨░: $(UseRazorBuildServer)="true" (╨┐╤А╨╡╨┤╤Л╨┤╤Г╤Й╨╡╨╡ ╨╖╨╜╨░╤З╨╡╨╜╨╕╨╡: "") ╨┤╨╗╤П C:\Program Files\dotnet\sdk\9.0.200\Sdks\Microsoft.NET.Sdk.Razor\targets\Sdk.Razor.CurrentVersion.targets (311,5)
       ╨Я╨╛╨▓╤В╨╛╤А╨╜╨╛╨╡ ╨╜╨░╨╖╨╜╨░╤З╨╡╨╜╨╕╨╡ ╤Б╨▓╨╛╨╣╤Б╤В╨▓╨░: $(_RazorDebugSymbolsProduced)="true" (╨┐╤А╨╡╨┤╤Л╨┤╤Г╤Й╨╡╨╡ ╨╖╨╜╨░╤З╨╡╨╜╨╕╨╡: "false") ╨┤╨╗╤П C:\Program Files\dotnet\sdk\9.0.200\Sdks\Microsoft.NET.Sdk.Razor\targets\Sdk.Razor.CurrentVersion.targets (317,5)
       ╨Я╨╛╨▓╤В╨╛╤А╨╜╨╛╨╡ ╨╜╨░╨╖╨╜╨░╤З╨╡╨╜╨╕╨╡ ╤Б╨▓╨╛╨╣╤Б╤В╨▓╨░: $(GenerateRazorTargetAssemblyInfoDependsOn)="
             _ResolveMvcAssemblyAttributes;
             
             GetRazorTargetAssemblyAttributes;
             _CreateRazorTargetAssemblyInfoInputsCacheFile;
             CoreGenerateRazorTargetAssemblyInfo
           
           " (╨┐╤А╨╡╨┤╤Л╨┤╤Г╤Й╨╡╨╡ ╨╖╨╜╨░╤З╨╡╨╜╨╕╨╡: "
             GetRazorTargetAssemblyAttributes;
             _CreateRazorTargetAssemblyInfoInputsCacheFile;
             CoreGenerateRazorTargetAssemblyInfo
           ") ╨┤╨╗╤П C:\Program Files\dotnet\sdk\9.0.200\Sdks\Microsoft.NET.Sdk.Razor\targets\Microsoft.NET.Sdk.Razor.GenerateAssemblyInfo.targets (36,5)
       ╨Я╨╛╨▓╤В╨╛╤А╨╜╨╛╨╡ ╨╜╨░╨╖╨╜╨░╤З╨╡╨╜╨╕╨╡ ╤Б╨▓╨╛╨╣╤Б╤В╨▓╨░: $(CoreCompileDependsOn)="
             ;_ComputeNonExistentFileProperty;ResolveCodeAnalysisRuleSet;
             _GenerateRazorAssemblyInfo
           " (╨┐╤А╨╡╨┤╤Л╨┤╤Г╤Й╨╡╨╡ ╨╖╨╜╨░╤З╨╡╨╜╨╕╨╡: ";_ComputeNonExistentFileProperty;ResolveCodeAnalysisRuleSet") ╨┤╨╗╤П C:\Program Files\dotnet\sdk\9.0.200\Sdks\Microsoft.NET.Sdk.Razor\targets\Microsoft.NET.Sdk.Razor.GenerateAssemblyInfo.targets (181,5)
       ╨Я╨╛╨▓╤В╨╛╤А╨╜╨╛╨╡ ╨╜╨░╨╖╨╜╨░╤З╨╡╨╜╨╕╨╡ ╤Б╨▓╨╛╨╣╤Б╤В╨▓╨░: $(_GenerateRazorAssemblyInfoDependsOn)="
             _ResolveMvcAssemblyAttributes;
             RazorGetAssemblyAttributes;PrepareForBuild;_CoreGenerateRazorAssemblyInfo;
           " (╨┐╤А╨╡╨┤╤Л╨┤╤Г╤Й╨╡╨╡ ╨╖╨╜╨░╤З╨╡╨╜╨╕╨╡: "RazorGetAssemblyAttributes;PrepareForBuild;_CoreGenerateRazorAssemblyInfo") ╨┤╨╗╤П C:\Program Files\dotnet\sdk\9.0.200\Sdks\Microsoft.NET.Sdk.Razor\targets\Microsoft.NET.Sdk.Razor.GenerateAssemblyInfo.targets (189,5)
       ╨Я╨╛╨▓╤В╨╛╤А╨╜╨╛╨╡ ╨╜╨░╨╖╨╜╨░╤З╨╡╨╜╨╕╨╡ ╤Б╨▓╨╛╨╣╤Б╤В╨▓╨░: $(CoreCompileDependsOn)="
             _DiscoverMvcApplicationParts;
             
             ;_ComputeNonExistentFileProperty;ResolveCodeAnalysisRuleSet;
             _GenerateRazorAssemblyInfo
           ;
           " (╨┐╤А╨╡╨┤╤Л╨┤╤Г╤Й╨╡╨╡ ╨╖╨╜╨░╤З╨╡╨╜╨╕╨╡: "
             ;_ComputeNonExistentFileProperty;ResolveCodeAnalysisRuleSet;
             _GenerateRazorAssemblyInfo
           ") ╨┤╨╗╤П C:\Program Files\dotnet\sdk\9.0.200\Sdks\Microsoft.NET.Sdk.Razor\targets\Microsoft.NET.Sdk.Razor.MvcApplicationPartsDiscovery.targets (22,5)
       ╨Я╨╛╨▓╤В╨╛╤А╨╜╨╛╨╡ ╨╜╨░╨╖╨╜╨░╤З╨╡╨╜╨╕╨╡ ╤Б╨▓╨╛╨╣╤Б╤В╨▓╨░: $(RazorDesignTimeTargets)="C:\Program Files\dotnet\sdk\9.0.200\Sdks\Microsoft.NET.Sdk.Razor\targets\Microsoft.NET.Sdk.Razor.DesignTime.targets" (╨┐╤А╨╡╨┤╤Л╨┤╤Г╤Й╨╡╨╡ ╨╖╨╜╨░╤З╨╡╨╜╨╕╨╡: "C:\Program Files\dotnet\sdk\9.0.200\\Microsoft\VisualStudio\Razor\Microsoft.NET.Sdk.Razor.DesignTime.targets") ╨┤╨╗╤П C:\Program Files\dotnet\sdk\9.0.200\Sdks\Microsoft.NET.Sdk.Razor\targets\Sdk.Razor.CurrentVersion.targets (791,5)
       ╨Я╨╛╨▓╤В╨╛╤А╨╜╨╛╨╡ ╨╜╨░╨╖╨╜╨░╤З╨╡╨╜╨╕╨╡ ╤Б╨▓╨╛╨╣╤Б╤В╨▓╨░: $(RunWorkingDirectory)="C:\Users\user\OneDrive\╨а╨░╨▒╨╛╤З╨╕╨╣ ╤Б╤В╨╛╨╗\regi\WebApplication15" (╨┐╤А╨╡╨┤╤Л╨┤╤Г╤Й╨╡╨╡ ╨╖╨╜╨░╤З╨╡╨╜╨╕╨╡: "") ╨┤╨╗╤П C:\Program Files\dotnet\sdk\9.0.200\Sdks\Microsoft.NET.Sdk.Web.ProjectSystem\targets\Microsoft.NET.Sdk.Web.ProjectSystem.targets (21,5)
       ╨Я╨╛╨▓╤В╨╛╤А╨╜╨╛╨╡ ╨╜╨░╨╖╨╜╨░╤З╨╡╨╜╨╕╨╡ ╤Б╨▓╨╛╨╣╤Б╤В╨▓╨░: $(PublishProfileImported)="true" (╨┐╤А╨╡╨┤╤Л╨┤╤Г╤Й╨╡╨╡ ╨╖╨╜╨░╤З╨╡╨╜╨╕╨╡: "false") ╨┤╨╗╤П C:\Program Files\dotnet\sdk\9.0.200\Sdks\Microsoft.NET.Sdk.Publish\targets\Microsoft.NET.Sdk.Publish.targets (60,5)
       ╨Я╨╛╨▓╤В╨╛╤А╨╜╨╛╨╡ ╨╜╨░╨╖╨╜╨░╤З╨╡╨╜╨╕╨╡ ╤Б╨▓╨╛╨╣╤Б╤В╨▓╨░: $(PublishConfiguration)="Debug" (╨┐╤А╨╡╨┤╤Л╨┤╤Г╤Й╨╡╨╡ ╨╖╨╜╨░╤З╨╡╨╜╨╕╨╡: "") ╨┤╨╗╤П C:\Program Files\dotnet\sdk\9.0.200\Sdks\Microsoft.NET.Sdk.Publish\targets\Microsoft.NET.Sdk.Publish.targets (81,5)
       ╨Я╨╛╨▓╤В╨╛╤А╨╜╨╛╨╡ ╨╜╨░╨╖╨╜╨░╤З╨╡╨╜╨╕╨╡ ╤Б╨▓╨╛╨╣╤Б╤В╨▓╨░: $(BaseIntermediateOutputPath)="C:\Users\user\OneDrive\╨а╨░╨▒╨╛╤З╨╕╨╣ ╤Б╤В╨╛╨╗\regi\WebApplication15\obj\" (╨┐╤А╨╡╨┤╤Л╨┤╤Г╤Й╨╡╨╡ ╨╖╨╜╨░╤З╨╡╨╜╨╕╨╡: "obj\") ╨┤╨╗╤П C:\Program Files\dotnet\sdk\9.0.200\Sdks\Microsoft.NET.Sdk.Publish\targets\Microsoft.NET.Sdk.Publish.targets (87,5)
       ╨б╨▒╨╛╤А╨║╨░ ╨╖╨░╨│╤А╤Г╨╢╨╡╨╜╨░ ╨▓╨╛ ╨▓╤А╨╡╨╝╤П Evaluation: System.Reflection.Emit.Lightweight, Version=9.0.0.0, Culture=neutral, PublicKeyToken=b03f5f7f11d50a3a (╤А╨░╤Б╨┐╨╛╨╗╨╛╨╢╨╡╨╜╨╕╨╡: C:\Program Files\dotnet\shared\Microsoft.NETCore.App\9.0.2\System.Reflection.Emit.Lightweight.dll, MVID: 670e8eea-b9a9-4360-9199-e2f7d8c66580, AssemblyLoadContext: Default)
       ╨б╨▒╨╛╤А╨║╨░ ╨╖╨░╨│╤А╤Г╨╢╨╡╨╜╨░ ╨▓╨╛ ╨▓╤А╨╡╨╝╤П Evaluation: System.Reflection.Emit.ILGeneration, Version=9.0.0.0, Culture=neutral, PublicKeyToken=b03f5f7f11d50a3a (╤А╨░╤Б╨┐╨╛╨╗╨╛╨╢╨╡╨╜╨╕╨╡: C:\Program Files\dotnet\shared\Microsoft.NETCore.App\9.0.2\System.Reflection.Emit.ILGeneration.dll, MVID: beaf5e6f-aada-476e-ae4b-186fe3b32ffb, AssemblyLoadContext: Default)
       ╨б╨▒╨╛╤А╨║╨░ ╨╖╨░╨│╤А╤Г╨╢╨╡╨╜╨░ ╨▓╨╛ ╨▓╤А╨╡╨╝╤П Evaluation: System.Reflection.Primitives, Version=9.0.0.0, Culture=neutral, PublicKeyToken=b03f5f7f11d50a3a (╤А╨░╤Б╨┐╨╛╨╗╨╛╨╢╨╡╨╜╨╕╨╡: C:\Program Files\dotnet\shared\Microsoft.NETCore.App\9.0.2\System.Reflection.Primitives.dll, MVID: 54489f93-9763-4355-8241-ae5dc268b505, AssemblyLoadContext: Default)
       ╨Я╨╡╤А╨╡╨╛╨┐╤А╨╡╨┤╨╡╨╗╨╡╨╜╨╕╨╡ ╤Ж╨╡╨╗╨╡╨▓╨╛╨│╨╛ ╨╛╨▒╤К╨╡╨║╤В╨░ "ResolveFrameworkReferences" ╨▓ ╨┐╤А╨╛╨╡╨║╤В╨╡ "C:\Program Files\dotnet\sdk\9.0.200\Microsoft.Common.CurrentVersion.targets" ╤Ж╨╡╨╗╨╡╨▓╤Л╨╝ ╨╛╨▒╤К╨╡╨║╤В "ResolveFrameworkReferences" ╨╕╨╖ ╨┐╤А╨╛╨╡╨║╤В╨░ "C:\Program Files\dotnet\sdk\9.0.200\Sdks\Microsoft.NET.Sdk\targets\Microsoft.NET.Sdk.FrameworkReferenceResolution.targets".
       ╨Я╨╡╤А╨╡╨╛╨┐╤А╨╡╨┤╨╡╨╗╨╡╨╜╨╕╨╡ ╤Ж╨╡╨╗╨╡╨▓╨╛╨│╨╛ ╨╛╨▒╤К╨╡╨║╤В╨░ "Run" ╨▓ ╨┐╤А╨╛╨╡╨║╤В╨╡ "C:\Program Files\dotnet\sdk\9.0.200\Microsoft.Common.CurrentVersion.targets" ╤Ж╨╡╨╗╨╡╨▓╤Л╨╝ ╨╛╨▒╤К╨╡╨║╤В "Run" ╨╕╨╖ ╨┐╤А╨╛╨╡╨║╤В╨░ "C:\Program Files\dotnet\sdk\9.0.200\Sdks\Microsoft.NET.Sdk\targets\Microsoft.NET.Sdk.targets".
       ╨Я╨╡╤А╨╡╨╛╨┐╤А╨╡╨┤╨╡╨╗╨╡╨╜╨╕╨╡ ╤Ж╨╡╨╗╨╡╨▓╨╛╨│╨╛ ╨╛╨▒╤К╨╡╨║╤В╨░ "GenerateSupportedTargetFrameworkAlias" ╨▓ ╨┐╤А╨╛╨╡╨║╤В╨╡ "C:\Program Files\dotnet\sdk\9.0.200\Microsoft.Common.CurrentVersion.targets" ╤Ж╨╡╨╗╨╡╨▓╤Л╨╝ ╨╛╨▒╤К╨╡╨║╤В "GenerateSupportedTargetFrameworkAlias" ╨╕╨╖ ╨┐╤А╨╛╨╡╨║╤В╨░ "C:\Program Files\dotnet\sdk\9.0.200\Sdks\Microsoft.NET.Sdk\targets\Microsoft.NET.Sdk.targets".
       ╨Я╨╡╤А╨╡╨╛╨┐╤А╨╡╨┤╨╡╨╗╨╡╨╜╨╕╨╡ ╤Ж╨╡╨╗╨╡╨▓╨╛╨│╨╛ ╨╛╨▒╤К╨╡╨║╤В╨░ "GetReferenceAssemblyPaths" ╨▓ ╨┐╤А╨╛╨╡╨║╤В╨╡ "C:\Program Files\dotnet\sdk\9.0.200\Microsoft.Common.CurrentVersion.targets" ╤Ж╨╡╨╗╨╡╨▓╤Л╨╝ ╨╛╨▒╤К╨╡╨║╤В "GetReferenceAssemblyPaths" ╨╕╨╖ ╨┐╤А╨╛╨╡╨║╤В╨░ "C:\Program Files\dotnet\sdk\9.0.200\Sdks\Microsoft.NET.Sdk\targets\Microsoft.NET.DisableStandardFrameworkResolution.targets".
       ╨Я╨╡╤А╨╡╨╛╨┐╤А╨╡╨┤╨╡╨╗╨╡╨╜╨╕╨╡ ╤Ж╨╡╨╗╨╡╨▓╨╛╨│╨╛ ╨╛╨▒╤К╨╡╨║╤В╨░ "GetFrameworkPaths" ╨▓ ╨┐╤А╨╛╨╡╨║╤В╨╡ "C:\Program Files\dotnet\sdk\9.0.200\Microsoft.Common.CurrentVersion.targets" ╤Ж╨╡╨╗╨╡╨▓╤Л╨╝ ╨╛╨▒╤К╨╡╨║╤В "GetFrameworkPaths" ╨╕╨╖ ╨┐╤А╨╛╨╡╨║╤В╨░ "C:\Program Files\dotnet\sdk\9.0.200\Sdks\Microsoft.NET.Sdk\targets\Microsoft.NET.DisableStandardFrameworkResolution.targets".
       ╨Я╨╡╤А╨╡╨╛╨┐╤А╨╡╨┤╨╡╨╗╨╡╨╜╨╕╨╡ ╤Ж╨╡╨╗╨╡╨▓╨╛╨│╨╛ ╨╛╨▒╤К╨╡╨║╤В╨░ "DesignerRuntimeImplementationProjectOutputGroup" ╨▓ ╨┐╤А╨╛╨╡╨║╤В╨╡ "C:\Program Files\dotnet\sdk\9.0.200\Microsoft.Common.CurrentVersion.targets" ╤Ж╨╡╨╗╨╡╨▓╤Л╨╝ ╨╛╨▒╤К╨╡╨║╤В "DesignerRuntimeImplementationProjectOutputGroup" ╨╕╨╖ ╨┐╤А╨╛╨╡╨║╤В╨░ "C:\Program Files\dotnet\sdk\9.0.200\Sdks\Microsoft.NET.Sdk\targets\Microsoft.NET.DesignerSupport.targets".
       ╨Я╨╡╤А╨╡╨╛╨┐╤А╨╡╨┤╨╡╨╗╨╡╨╜╨╕╨╡ ╤Ж╨╡╨╗╨╡╨▓╨╛╨│╨╛ ╨╛╨▒╤К╨╡╨║╤В╨░ "Publish" ╨▓ ╨┐╤А╨╛╨╡╨║╤В╨╡ "C:\Program Files\dotnet\sdk\9.0.200\Microsoft.Common.CurrentVersion.targets" ╤Ж╨╡╨╗╨╡╨▓╤Л╨╝ ╨╛╨▒╤К╨╡╨║╤В "Publish" ╨╕╨╖ ╨┐╤А╨╛╨╡╨║╤В╨░ "C:\Program Files\dotnet\sdk\9.0.200\Sdks\Microsoft.NET.Sdk\targets\Microsoft.NET.Publish.targets".
       ╨Я╨╡╤А╨╡╨╛╨┐╤А╨╡╨┤╨╡╨╗╨╡╨╜╨╕╨╡ ╤Ж╨╡╨╗╨╡╨▓╨╛╨│╨╛ ╨╛╨▒╤К╨╡╨║╤В╨░ "ResolveReadyToRunCompilers" ╨▓ ╨┐╤А╨╛╨╡╨║╤В╨╡ "C:\Program Files\dotnet\sdk\9.0.200\Sdks\Microsoft.NET.Sdk\targets\Microsoft.NET.CrossGen.targets" ╤Ж╨╡╨╗╨╡╨▓╤Л╨╝ ╨╛╨▒╤К╨╡╨║╤В "ResolveReadyToRunCompilers" ╨╕╨╖ ╨┐╤А╨╛╨╡╨║╤В╨░ "C:\Program Files\dotnet\sdk\9.0.200\Sdks\Microsoft.NET.Sdk\targets\Microsoft.NET.Publish.targets".
       ╨Я╨╡╤А╨╡╨╛╨┐╤А╨╡╨┤╨╡╨╗╨╡╨╜╨╕╨╡ ╤Ж╨╡╨╗╨╡╨▓╨╛╨│╨╛ ╨╛╨▒╤К╨╡╨║╤В╨░ "GetCopyToPublishDirectoryItems" ╨▓ ╨┐╤А╨╛╨╡╨║╤В╨╡ "C:\Program Files\dotnet\sdk\9.0.200\Microsoft.Common.CurrentVersion.targets" ╤Ж╨╡╨╗╨╡╨▓╤Л╨╝ ╨╛╨▒╤К╨╡╨║╤В "GetCopyToPublishDirectoryItems" ╨╕╨╖ ╨┐╤А╨╛╨╡╨║╤В╨░ "C:\Program Files\dotnet\sdk\9.0.200\Sdks\Microsoft.NET.Sdk\targets\Microsoft.NET.Publish.targets".
       ╨Я╨╡╤А╨╡╨╛╨┐╤А╨╡╨┤╨╡╨╗╨╡╨╜╨╕╨╡ ╤Ж╨╡╨╗╨╡╨▓╨╛╨│╨╛ ╨╛╨▒╤К╨╡╨║╤В╨░ "BeforePublish" ╨▓ ╨┐╤А╨╛╨╡╨║╤В╨╡ "C:\Program Files\dotnet\sdk\9.0.200\Microsoft.Common.CurrentVersion.targets" ╤Ж╨╡╨╗╨╡╨▓╤Л╨╝ ╨╛╨▒╤К╨╡╨║╤В "BeforePublish" ╨╕╨╖ ╨┐╤А╨╛╨╡╨║╤В╨░ "C:\Program Files\dotnet\sdk\9.0.200\Sdks\Microsoft.NET.Sdk.Publish\targets\Microsoft.NET.Sdk.Publish.targets".
       ╨Я╨╡╤А╨╡╨╛╨┐╤А╨╡╨┤╨╡╨╗╨╡╨╜╨╕╨╡ ╤Ж╨╡╨╗╨╡╨▓╨╛╨│╨╛ ╨╛╨▒╤К╨╡╨║╤В╨░ "AfterPublish" ╨▓ ╨┐╤А╨╛╨╡╨║╤В╨╡ "C:\Program Files\dotnet\sdk\9.0.200\Microsoft.Common.CurrentVersion.targets" ╤Ж╨╡╨╗╨╡╨▓╤Л╨╝ ╨╛╨▒╤К╨╡╨║╤В "AfterPublish" ╨╕╨╖ ╨┐╤А╨╛╨╡╨║╤В╨░ "C:\Program Files\dotnet\sdk\9.0.200\Sdks\Microsoft.NET.Sdk.Publish\targets\Microsoft.NET.Sdk.Publish.targets".
       ╨ж╨╡╨╗╨╡╨▓╨╛╨╣ ╨╛╨▒╤К╨╡╨║╤В "CollectUpToDateCheckInputDesignTime", ╤Г╨║╨░╨╖╨░╨╜╨╜╤Л╨╣ ╨▓ ╨░╤В╤А╨╕╨▒╤Г╤В╨╡ BeforeTargets ╨┤╨╗╤П "C:\Program Files\dotnet\sdk\9.0.200\Sdks\Microsoft.NET.Sdk.StaticWebAssets\targets\Microsoft.NET.Sdk.StaticWebAssets.ScopedCss.targets (171,5)", ╨╜╨╡ ╤Б╤Г╤Й╨╡╤Б╤В╨▓╤Г╨╡╤В ╨▓ ╨┐╤А╨╛╨╡╨║╤В╨╡ ╨╕ ╨▒╤Г╨┤╨╡╤В ╨┐╤А╨╛╨┐╤Г╤Й╨╡╨╜.
       ╨ж╨╡╨╗╨╡╨▓╨╛╨╣ ╨╛╨▒╤К╨╡╨║╤В "CollectUpToDateCheckBuiltDesignTime", ╤Г╨║╨░╨╖╨░╨╜╨╜╤Л╨╣ ╨▓ ╨░╤В╤А╨╕╨▒╤Г╤В╨╡ BeforeTargets ╨┤╨╗╤П "C:\Program Files\dotnet\sdk\9.0.200\Sdks\Microsoft.NET.Sdk.StaticWebAssets\targets\Microsoft.NET.Sdk.StaticWebAssets.ScopedCss.targets (171,5)", ╨╜╨╡ ╤Б╤Г╤Й╨╡╤Б╤В╨▓╤Г╨╡╤В ╨▓ ╨┐╤А╨╛╨╡╨║╤В╨╡ ╨╕ ╨▒╤Г╨┤╨╡╤В ╨┐╤А╨╛╨┐╤Г╤Й╨╡╨╜.
       ╨ж╨╡╨╗╨╡╨▓╨╛╨╣ ╨╛╨▒╤К╨╡╨║╤В "RazorGenerateComponentDeclaration", ╤Г╨║╨░╨╖╨░╨╜╨╜╤Л╨╣ ╨▓ ╨░╤В╤А╨╕╨▒╤Г╤В╨╡ AfterTargets ╨┤╨╗╤П "C:\Program Files\dotnet\sdk\9.0.200\Sdks\Microsoft.NET.Sdk.Razor\targets\Microsoft.NET.Sdk.Razor.DesignTime.targets (55,53)", ╨╜╨╡ ╤Б╤Г╤Й╨╡╤Б╤В╨▓╤Г╨╡╤В ╨▓ ╨┐╤А╨╛╨╡╨║╤В╨╡ ╨╕ ╨▒╤Г╨┤╨╡╤В ╨┐╤А╨╛╨┐╤Г╤Й╨╡╨╜.
     1>╨Я╤А╨╛╨╡╨║╤В "C:\Users\user\OneDrive\╨а╨░╨▒╨╛╤З╨╕╨╣ ╤Б╤В╨╛╨╗\regi\WebApplication15\WebApplication15.csproj" ╨▓ ╤Г╨╖╨╗╨╡ 1 (╤Ж╨╡╨╗╨╡╨▓╤Л╨╡ ╨╛╨▒╤К╨╡╨║╤В╤Л Restore).
     1>╨ж╨╡╨╗╨╡╨▓╨╛╨╣ ╨╛╨▒╤К╨╡╨║╤В "_LoadRestoreGraphEntryPoints" ╨▓ ╤Д╨░╨╣╨╗╨╡ "C:\Program Files\dotnet\sdk\9.0.200\NuGet.targets" ╨╕╨╖ ╨┐╤А╨╛╨╡╨║╤В╨░ "C:\Users\user\OneDrive\╨а╨░╨▒╨╛╤З╨╕╨╣ ╤Б╤В╨╛╨╗\regi\WebApplication15\WebApplication15.csproj" (╤Ж╨╡╨╗╨╡╨▓╨╛╨╣ ╨╛╨▒╤К╨╡╨║╤В "_FilterRestoreGraphProjectInputItems" ╨╖╨░╨▓╨╕╤Б╨╕╤В ╨╛╤В ╨╜╨╡╨│╨╛):
     1>╨Ч╨░╨┤╨░╤З╨░ "GetRestoreSolutionProjectsTask" ╨┐╤А╨╛╨┐╤Г╤Й╨╡╨╜╨░ ╨╕╨╖-╨╖╨░ ╨╜╨╡╨▓╤Л╨┐╨╛╨╗╨╜╨╡╨╜╨╜╨╛╨│╨╛ ╤Г╤Б╨╗╨╛╨▓╨╕╤П; ╨▓╤Л╤А╨░╨╢╨╡╨╜╨╕╨╡ ( $(MSBuildProjectFullPath.EndsWith('.metaproj')) == 'true' AND @(RestoreGraphProjectInputItems) == '' ) ╤А╨░╨▓╨╜╨╛ ( False == 'true' AND C:\Users\user\OneDrive\╨а╨░╨▒╨╛╤З╨╕╨╣ ╤Б╤В╨╛╨╗\regi\WebApplication15\WebApplication15.csproj == '' ).
     1>╨б╨▒╨╛╤А╨║╨░ ╤Ж╨╡╨╗╨╡╨▓╨╛╨│╨╛ ╨╛╨▒╤К╨╡╨║╤В╨░ "_LoadRestoreGraphEntryPoints" ╨▓ ╨┐╤А╨╛╨╡╨║╤В╨╡ "WebApplication15.csproj" ╨╖╨░╨▓╨╡╤А╤И╨╡╨╜╨░.
     1>╨ж╨╡╨╗╨╡╨▓╨╛╨╣ ╨╛╨▒╤К╨╡╨║╤В "_FilterRestoreGraphProjectInputItems" ╨▓ ╤Д╨░╨╣╨╗╨╡ "C:\Program Files\dotnet\sdk\9.0.200\NuGet.targets" ╨╕╨╖ ╨┐╤А╨╛╨╡╨║╤В╨░ "C:\Users\user\OneDrive\╨а╨░╨▒╨╛╤З╨╕╨╣ ╤Б╤В╨╛╨╗\regi\WebApplication15\WebApplication15.csproj" (╤Ж╨╡╨╗╨╡╨▓╨╛╨╣ ╨╛╨▒╤К╨╡╨║╤В "_GenerateRestoreGraph" ╨╖╨░╨▓╨╕╤Б╨╕╤В ╨╛╤В ╨╜╨╡╨│╨╛):
       ╨Ш╤Б╨┐╨╛╨╗╤М╨╖╤Г╨╡╤В╤Б╤П ╨╖╨░╨┤╨░╤З╨░ "RemoveDuplicates" ╨╕╨╖ ╤Б╨▒╨╛╤А╨║╨╕ "Microsoft.Build.Tasks.Core, Version=15.1.0.0, Culture=neutral, PublicKeyToken=b03f5f7f11d50a3a".
       ╨Ч╨░╨┤╨░╤З╨░ "RemoveDuplicates"
       ╨Т╤Л╨┐╨╛╨╗╨╜╨╡╨╜╨╕╨╡ ╨╖╨░╨┤╨░╤З╨╕ "RemoveDuplicates" ╨╖╨░╨▓╨╡╤А╤И╨╡╨╜╨╛.
       ╨Ш╤Б╨┐╨╛╨╗╤М╨╖╤Г╨╡╤В╤Б╤П ╨╖╨░╨┤╨░╤З╨░ "MSBuild" ╨╕╨╖ ╤Б╨▒╨╛╤А╨║╨╕ "Microsoft.Build.Tasks.Core, Version=15.1.0.0, Culture=neutral, PublicKeyToken=b03f5f7f11d50a3a".
       ╨Ч╨░╨┤╨░╤З╨░ "MSBuild"
         ╨У╨╗╨╛╨▒╨░╨╗╤М╨╜╤Л╨╡ ╤Б╨▓╨╛╨╣╤Б╤В╨▓╨░:
           ExcludeRestorePackageImports=true
     0>C:\Program Files\dotnet\sdk\9.0.200\Sdks\Microsoft.NET.Sdk\Sdk\Sdk.props(49,11): message : ╨б╨▓╨╛╨╣╤Б╤В╨▓╨╛ "MSBuildExtensionsPath" ╤Б╨╛ ╨╖╨╜╨░╤З╨╡╨╜╨╕╨╡╨╝ "C:\Program Files\dotnet\sdk\9.0.200\" ╤А╨░╨╖╨▓╨╡╤А╨╜╤Г╤В╨╛ ╨╕╨╖ ╨╛╨║╤А╤Г╨╢╨╡╨╜╨╕╤П.
       ╨Я╨╛╨▓╤В╨╛╤А╨╜╨╛╨╡ ╨╜╨░╨╖╨╜╨░╤З╨╡╨╜╨╕╨╡ ╤Б╨▓╨╛╨╣╤Б╤В╨▓╨░: $(MSBuildProjectExtensionsPath)="C:\Users\user\OneDrive\╨а╨░╨▒╨╛╤З╨╕╨╣ ╤Б╤В╨╛╨╗\regi\WebApplication15\obj\" (╨┐╤А╨╡╨┤╤Л╨┤╤Г╤Й╨╡╨╡ ╨╖╨╜╨░╤З╨╡╨╜╨╕╨╡: "obj\") ╨┤╨╗╤П C:\Program Files\dotnet\sdk\9.0.200\Current\Microsoft.Common.props (60,5)
       C:\Program Files\dotnet\sdk\9.0.200\Current\Microsoft.Common.props(84,119): message : ╨б╨▓╨╛╨╣╤Б╤В╨▓╨╛ "MSBuildUserExtensionsPath" ╤Б╨╛ ╨╖╨╜╨░╤З╨╡╨╜╨╕╨╡╨╝ "C:\Users\user\AppData\Local\Microsoft\MSBuild" ╤А╨░╨╖╨▓╨╡╤А╨╜╤Г╤В╨╛ ╨╕╨╖ ╨╛╨║╤А╤Г╨╢╨╡╨╜╨╕╤П.
       ╨Я╨╛╨▓╤В╨╛╤А╨╜╨╛╨╡ ╨╜╨░╨╖╨╜╨░╤З╨╡╨╜╨╕╨╡ ╤Б╨▓╨╛╨╣╤Б╤В╨▓╨░: $(AssemblySearchPaths)="{CandidateAssemblyFiles};{HintPathFromItem}" (╨┐╤А╨╡╨┤╤Л╨┤╤Г╤Й╨╡╨╡ ╨╖╨╜╨░╤З╨╡╨╜╨╕╨╡: "{CandidateAssemblyFiles}") ╨┤╨╗╤П C:\Program Files\dotnet\sdk\9.0.200\Sdks\Microsoft.NET.Sdk\targets\Microsoft.NET.Sdk.props (90,5)
       ╨Я╨╛╨▓╤В╨╛╤А╨╜╨╛╨╡ ╨╜╨░╨╖╨╜╨░╤З╨╡╨╜╨╕╨╡ ╤Б╨▓╨╛╨╣╤Б╤В╨▓╨░: $(AssemblySearchPaths)="{CandidateAssemblyFiles};{HintPathFromItem};{TargetFrameworkDirectory}" (╨┐╤А╨╡╨┤╤Л╨┤╤Г╤Й╨╡╨╡ ╨╖╨╜╨░╤З╨╡╨╜╨╕╨╡: "{CandidateAssemblyFiles};{HintPathFromItem}") ╨┤╨╗╤П C:\Program Files\dotnet\sdk\9.0.200\Sdks\Microsoft.NET.Sdk\targets\Microsoft.NET.Sdk.props (91,5)
       ╨Я╨╛╨▓╤В╨╛╤А╨╜╨╛╨╡ ╨╜╨░╨╖╨╜╨░╤З╨╡╨╜╨╕╨╡ ╤Б╨▓╨╛╨╣╤Б╤В╨▓╨░: $(AssemblySearchPaths)="{CandidateAssemblyFiles};{HintPathFromItem};{TargetFrameworkDirectory};{RawFileName}" (╨┐╤А╨╡╨┤╤Л╨┤╤Г╤Й╨╡╨╡ ╨╖╨╜╨░╤З╨╡╨╜╨╕╨╡: "{CandidateAssemblyFiles};{HintPathFromItem};{TargetFrameworkDirectory}") ╨┤╨╗╤П C:\Program Files\dotnet\sdk\9.0.200\Sdks\Microsoft.NET.Sdk\targets\Microsoft.NET.Sdk.props (92,5)
       ╨Я╨╛╨▓╤В╨╛╤А╨╜╨╛╨╡ ╨╜╨░╨╖╨╜╨░╤З╨╡╨╜╨╕╨╡ ╤Б╨▓╨╛╨╣╤Б╤В╨▓╨░: $(TargetsForTfmSpecificContentInPackage)=";PackTool;_PackProjectToolValidation" (╨┐╤А╨╡╨┤╤Л╨┤╤Г╤Й╨╡╨╡ ╨╖╨╜╨░╤З╨╡╨╜╨╕╨╡: ";PackTool") ╨┤╨╗╤П C:\Program Files\dotnet\sdk\9.0.200\Sdks\Microsoft.NET.Sdk\targets\Microsoft.NET.PackProjectTool.props (15,5)
       ╨Я╨╛╨▓╤В╨╛╤А╨╜╨╛╨╡ ╨╜╨░╨╖╨╜╨░╤З╨╡╨╜╨╕╨╡ ╤Б╨▓╨╛╨╣╤Б╤В╨▓╨░: $(DefaultItemExcludes)=";**\node_modules\**;node_modules\**;**\jspm_packages\**;jspm_packages\**" (╨┐╤А╨╡╨┤╤Л╨┤╤Г╤Й╨╡╨╡ ╨╖╨╜╨░╤З╨╡╨╜╨╕╨╡: ";**\node_modules\**;node_modules\**") ╨┤╨╗╤П C:\Program Files\dotnet\sdk\9.0.200\Sdks\Microsoft.NET.Sdk.StaticWebAssets\Sdk\Sdk.StaticWebAssets.StaticAssets.ProjectSystem.props (23,5)
       ╨Я╨╛╨▓╤В╨╛╤А╨╜╨╛╨╡ ╨╜╨░╨╖╨╜╨░╤З╨╡╨╜╨╕╨╡ ╤Б╨▓╨╛╨╣╤Б╤В╨▓╨░: $(DefaultItemExcludes)=";**\node_modules\**;node_modules\**;**\jspm_packages\**;jspm_packages\**;**\bower_components\**;bower_components\**" (╨┐╤А╨╡╨┤╤Л╨┤╤Г╤Й╨╡╨╡ ╨╖╨╜╨░╤З╨╡╨╜╨╕╨╡: ";**\node_modules\**;node_modules\**;**\jspm_packages\**;jspm_packages\**") ╨┤╨╗╤П C:\Program Files\dotnet\sdk\9.0.200\Sdks\Microsoft.NET.Sdk.StaticWebAssets\Sdk\Sdk.StaticWebAssets.StaticAssets.ProjectSystem.props (24,5)
       ╨Я╨╛╨▓╤В╨╛╤А╨╜╨╛╨╡ ╨╜╨░╨╖╨╜╨░╤З╨╡╨╜╨╕╨╡ ╤Б╨▓╨╛╨╣╤Б╤В╨▓╨░: $(DefaultItemExcludes)=";**\node_modules\**;node_modules\**;**\jspm_packages\**;jspm_packages\**;**\bower_components\**;bower_components\**;**\packages.lock.json" (╨┐╤А╨╡╨┤╤Л╨┤╤Г╤Й╨╡╨╡ ╨╖╨╜╨░╤З╨╡╨╜╨╕╨╡: ";**\node_modules\**;node_modules\**;**\jspm_packages\**;jspm_packages\**;**\bower_components\**;bower_components\**") ╨┤╨╗╤П C:\Program Files\dotnet\sdk\9.0.200\Sdks\Microsoft.NET.Sdk.StaticWebAssets\Sdk\Sdk.StaticWebAssets.StaticAssets.ProjectSystem.props (25,5)
       ╨Я╨╛╨▓╤В╨╛╤А╨╜╨╛╨╡ ╨╜╨░╨╖╨╜╨░╤З╨╡╨╜╨╕╨╡ ╤Б╨▓╨╛╨╣╤Б╤В╨▓╨░: $(OutputType)="Exe" (╨┐╤А╨╡╨┤╤Л╨┤╤Г╤Й╨╡╨╡ ╨╖╨╜╨░╤З╨╡╨╜╨╕╨╡: "Library") ╨┤╨╗╤П C:\Program Files\dotnet\sdk\9.0.200\Sdks\Microsoft.NET.Sdk.Web.ProjectSystem\targets\Microsoft.NET.Sdk.Web.ProjectSystem.props (16,5)
       ╨Я╨╛╨▓╤В╨╛╤А╨╜╨╛╨╡ ╨╜╨░╨╖╨╜╨░╤З╨╡╨╜╨╕╨╡ ╤Б╨▓╨╛╨╣╤Б╤В╨▓╨░: $(PublishProfileImported)="false" (╨┐╤А╨╡╨┤╤Л╨┤╤Г╤Й╨╡╨╡ ╨╖╨╜╨░╤З╨╡╨╜╨╕╨╡: "true") ╨┤╨╗╤П C:\Program Files\dotnet\sdk\9.0.200\Sdks\Microsoft.NET.Sdk\targets\Microsoft.NET.Sdk.ImportPublishProfile.targets (28,5)
       ╨Я╨╛╨▓╤В╨╛╤А╨╜╨╛╨╡ ╨╜╨░╨╖╨╜╨░╤З╨╡╨╜╨╕╨╡ ╤Б╨▓╨╛╨╣╤Б╤В╨▓╨░: $(TargetPlatformVersion)="" (╨┐╤А╨╡╨┤╤Л╨┤╤Г╤Й╨╡╨╡ ╨╖╨╜╨░╤З╨╡╨╜╨╕╨╡: "0.0") ╨┤╨╗╤П C:\Program Files\dotnet\sdk\9.0.200\Sdks\Microsoft.NET.Sdk\targets\Microsoft.NET.TargetFrameworkInference.targets (69,5)
       ╨Я╨╛╨▓╤В╨╛╤А╨╜╨╛╨╡ ╨╜╨░╨╖╨╜╨░╤З╨╡╨╜╨╕╨╡ ╤Б╨▓╨╛╨╣╤Б╤В╨▓╨░: $(DefaultItemExcludes)=";**\node_modules\**;node_modules\**;**\jspm_packages\**;jspm_packages\**;**\bower_components\**;bower_components\**;**\packages.lock.json;bin\Debug\/**" (╨┐╤А╨╡╨┤╤Л╨┤╤Г╤Й╨╡╨╡ ╨╖╨╜╨░╤З╨╡╨╜╨╕╨╡: ";**\node_modules\**;node_modules\**;**\jspm_packages\**;jspm_packages\**;**\bower_components\**;bower_components\**;**\packages.lock.json") ╨┤╨╗╤П C:\Program Files\dotnet\sdk\9.0.200\Sdks\Microsoft.NET.Sdk\targets\Microsoft.NET.DefaultOutputPaths.targets (121,5)
       ╨Я╨╛╨▓╤В╨╛╤А╨╜╨╛╨╡ ╨╜╨░╨╖╨╜╨░╤З╨╡╨╜╨╕╨╡ ╤Б╨▓╨╛╨╣╤Б╤В╨▓╨░: $(DefaultItemExcludes)=";**\node_modules\**;node_modules\**;**\jspm_packages\**;jspm_packages\**;**\bower_components\**;bower_components\**;**\packages.lock.json;bin\Debug\/**;obj\Debug\/**" (╨┐╤А╨╡╨┤╤Л╨┤╤Г╤Й╨╡╨╡ ╨╖╨╜╨░╤З╨╡╨╜╨╕╨╡: ";**\node_modules\**;node_modules\**;**\jspm_packages\**;jspm_packages\**;**\bower_components\**;bower_components\**;**\packages.lock.json;bin\Debug\/**") ╨┤╨╗╤П C:\Program Files\dotnet\sdk\9.0.200\Sdks\Microsoft.NET.Sdk\targets\Microsoft.NET.DefaultOutputPaths.targets (122,5)
       ╨Я╨╛╨▓╤В╨╛╤А╨╜╨╛╨╡ ╨╜╨░╨╖╨╜╨░╤З╨╡╨╜╨╕╨╡ ╤Б╨▓╨╛╨╣╤Б╤В╨▓╨░: $(OutputPath)="bin\Debug\net9.0\" (╨┐╤А╨╡╨┤╤Л╨┤╤Г╤Й╨╡╨╡ ╨╖╨╜╨░╤З╨╡╨╜╨╕╨╡: "bin\Debug\") ╨┤╨╗╤П C:\Program Files\dotnet\sdk\9.0.200\Sdks\Microsoft.NET.Sdk\targets\Microsoft.NET.DefaultOutputPaths.targets (137,5)
       ╨Я╨╛╨▓╤В╨╛╤А╨╜╨╛╨╡ ╨╜╨░╨╖╨╜╨░╤З╨╡╨╜╨╕╨╡ ╤Б╨▓╨╛╨╣╤Б╤В╨▓╨░: $(IntermediateOutputPath)="obj\Debug\net9.0\" (╨┐╤А╨╡╨┤╤Л╨┤╤Г╤Й╨╡╨╡ ╨╖╨╜╨░╤З╨╡╨╜╨╕╨╡: "obj\Debug\") ╨┤╨╗╤П C:\Program Files\dotnet\sdk\9.0.200\Sdks\Microsoft.NET.Sdk\targets\Microsoft.NET.DefaultOutputPaths.targets (142,5)
       ╨Я╨╛╨▓╤В╨╛╤А╨╜╨╛╨╡ ╨╜╨░╨╖╨╜╨░╤З╨╡╨╜╨╕╨╡ ╤Б╨▓╨╛╨╣╤Б╤В╨▓╨░: $(_FrameworkIdentifierForImplicitDefine)="NET" (╨┐╤А╨╡╨┤╤Л╨┤╤Г╤Й╨╡╨╡ ╨╖╨╜╨░╤З╨╡╨╜╨╕╨╡: "NETCOREAPP") ╨┤╨╗╤П C:\Program Files\dotnet\sdk\9.0.200\Sdks\Microsoft.NET.Sdk\targets\Microsoft.NET.Sdk.BeforeCommon.targets (187,5)
       ╨Я╨╛╨▓╤В╨╛╤А╨╜╨╛╨╡ ╨╜╨░╨╖╨╜╨░╤З╨╡╨╜╨╕╨╡ ╤Б╨▓╨╛╨╣╤Б╤В╨▓╨░: $(_FrameworkVersionForImplicitDefine)="9_0" (╨┐╤А╨╡╨┤╤Л╨┤╤Г╤Й╨╡╨╡ ╨╖╨╜╨░╤З╨╡╨╜╨╕╨╡: "9.0") ╨┤╨╗╤П C:\Program Files\dotnet\sdk\9.0.200\Sdks\Microsoft.NET.Sdk\targets\Microsoft.NET.Sdk.BeforeCommon.targets (192,5)
       ╨Я╨╛╨▓╤В╨╛╤А╨╜╨╛╨╡ ╨╜╨░╨╖╨╜╨░╤З╨╡╨╜╨╕╨╡ ╤Б╨▓╨╛╨╣╤Б╤В╨▓╨░: $(CommandLineArgsForDesignTimeEvaluation)="-langversion:13.0 -define:TRACE" (╨┐╤А╨╡╨┤╤Л╨┤╤Г╤Й╨╡╨╡ ╨╖╨╜╨░╤З╨╡╨╜╨╕╨╡: "-langversion:13.0") ╨┤╨╗╤П C:\Program Files\dotnet\sdk\9.0.200\Roslyn\Microsoft.CSharp.Core.targets (200,5)
       ╨Я╨╛╨▓╤В╨╛╤А╨╜╨╛╨╡ ╨╜╨░╨╖╨╜╨░╤З╨╡╨╜╨╕╨╡ ╤Б╨▓╨╛╨╣╤Б╤В╨▓╨░: $(_DebugSymbolsProduced)="true" (╨┐╤А╨╡╨┤╤Л╨┤╤Г╤Й╨╡╨╡ ╨╖╨╜╨░╤З╨╡╨╜╨╕╨╡: "false") ╨┤╨╗╤П C:\Program Files\dotnet\sdk\9.0.200\Microsoft.Common.CurrentVersion.targets (175,5)
       ╨Я╨╛╨▓╤В╨╛╤А╨╜╨╛╨╡ ╨╜╨░╨╖╨╜╨░╤З╨╡╨╜╨╕╨╡ ╤Б╨▓╨╛╨╣╤Б╤В╨▓╨░: $(_DocumentationFileProduced)="false" (╨┐╤А╨╡╨┤╤Л╨┤╤Г╤Й╨╡╨╡ ╨╖╨╜╨░╤З╨╡╨╜╨╕╨╡: "true") ╨┤╨╗╤П C:\Program Files\dotnet\sdk\9.0.200\Microsoft.Common.CurrentVersion.targets (185,5)
       ╨Я╨╛╨▓╤В╨╛╤А╨╜╨╛╨╡ ╨╜╨░╨╖╨╜╨░╤З╨╡╨╜╨╕╨╡ ╤Б╨▓╨╛╨╣╤Б╤В╨▓╨░: $(MSBuildCopyMarkerName)="WebAppli.28D72278" (╨┐╤А╨╡╨┤╤Л╨┤╤Г╤Й╨╡╨╡ ╨╖╨╜╨░╤З╨╡╨╜╨╕╨╡: "WebApplication15.csproj") ╨┤╨╗╤П C:\Program Files\dotnet\sdk\9.0.200\Microsoft.Common.CurrentVersion.targets (392,5)
       ╨Я╨╛╨▓╤В╨╛╤А╨╜╨╛╨╡ ╨╜╨░╨╖╨╜╨░╤З╨╡╨╜╨╕╨╡ ╤Б╨▓╨╛╨╣╤Б╤В╨▓╨░: $(MSBuildCopyMarkerName)="WebAppli.28D72278.Up2Date" (╨┐╤А╨╡╨┤╤Л╨┤╤Г╤Й╨╡╨╡ ╨╖╨╜╨░╤З╨╡╨╜╨╕╨╡: "WebAppli.28D72278") ╨┤╨╗╤П C:\Program Files\dotnet\sdk\9.0.200\Microsoft.Common.CurrentVersion.targets (393,5)
       ╨Я╨╛╨▓╤В╨╛╤А╨╜╨╛╨╡ ╨╜╨░╨╖╨╜╨░╤З╨╡╨╜╨╕╨╡ ╤Б╨▓╨╛╨╣╤Б╤В╨▓╨░: $(ProcessorArchitecture)="msil" (╨┐╤А╨╡╨┤╤Л╨┤╤Г╤Й╨╡╨╡ ╨╖╨╜╨░╤З╨╡╨╜╨╕╨╡: "") ╨┤╨╗╤П C:\Program Files\dotnet\sdk\9.0.200\Microsoft.Common.CurrentVersion.targets (541,5)
       ╨Я╨╛╨▓╤В╨╛╤А╨╜╨╛╨╡ ╨╜╨░╨╖╨╜╨░╤З╨╡╨╜╨╕╨╡ ╤Б╨▓╨╛╨╣╤Б╤В╨▓╨░: $(DelaySign)="" (╨┐╤А╨╡╨┤╤Л╨┤╤Г╤Й╨╡╨╡ ╨╖╨╜╨░╤З╨╡╨╜╨╕╨╡: "false") ╨┤╨╗╤П C:\Program Files\dotnet\sdk\9.0.200\Microsoft.Common.CurrentVersion.targets (580,5)
       C:\Program Files\dotnet\sdk\9.0.200\Microsoft.Common.CurrentVersion.targets(2590,5): message : ╨б╨▓╨╛╨╣╤Б╤В╨▓╨╛ "LOCALAPPDATA" ╤Б╨╛ ╨╖╨╜╨░╤З╨╡╨╜╨╕╨╡╨╝ "C:\Users\user\AppData\Local" ╤А╨░╨╖╨▓╨╡╤А╨╜╤Г╤В╨╛ ╨╕╨╖ ╨╛╨║╤А╤Г╨╢╨╡╨╜╨╕╤П.
       ╨Я╨╛╨▓╤В╨╛╤А╨╜╨╛╨╡ ╨╜╨░╨╖╨╜╨░╤З╨╡╨╜╨╕╨╡ ╤Б╨▓╨╛╨╣╤Б╤В╨▓╨░: $(_SGenGenerateSerializationAssembliesConfig)="Auto" (╨┐╤А╨╡╨┤╤Л╨┤╤Г╤Й╨╡╨╡ ╨╖╨╜╨░╤З╨╡╨╜╨╕╨╡: "") ╨┤╨╗╤П C:\Program Files\dotnet\sdk\9.0.200\Microsoft.Common.CurrentVersion.targets (3916,5)
       ╨Я╨╛╨▓╤В╨╛╤А╨╜╨╛╨╡ ╨╜╨░╨╖╨╜╨░╤З╨╡╨╜╨╕╨╡ ╤Б╨▓╨╛╨╣╤Б╤В╨▓╨░: $(_SGenGenerateSerializationAssembliesConfig)="Off" (╨┐╤А╨╡╨┤╤Л╨┤╤Г╤Й╨╡╨╡ ╨╖╨╜╨░╤З╨╡╨╜╨╕╨╡: "Auto") ╨┤╨╗╤П C:\Program Files\dotnet\sdk\9.0.200\Microsoft.Common.CurrentVersion.targets (3917,5)
       ╨Я╨╛╨▓╤В╨╛╤А╨╜╨╛╨╡ ╨╜╨░╨╖╨╜╨░╤З╨╡╨╜╨╕╨╡ ╤Б╨▓╨╛╨╣╤Б╤В╨▓╨░: $(_TargetsThatPrepareProjectReferences)="
             AssignProjectConfiguration;
             _SplitProjectReferencesByFileExistence
           " (╨┐╤А╨╡╨┤╤Л╨┤╤Г╤Й╨╡╨╡ ╨╖╨╜╨░╤З╨╡╨╜╨╕╨╡: "_SplitProjectReferencesByFileExistence") ╨┤╨╗╤П C:\Program Files\dotnet\sdk\9.0.200\Microsoft.Common.CurrentVersion.targets (5128,5)
       C:\Program Files\dotnet\sdk\9.0.200\Microsoft.Common.CurrentVersion.targets(6923,5): message : ╨б╨▓╨╛╨╣╤Б╤В╨▓╨╛ "MSBuildExtensionsPath32" ╤Б╨╛ ╨╖╨╜╨░╤З╨╡╨╜╨╕╨╡╨╝ "C:\Program Files\dotnet\sdk\9.0.200" ╤А╨░╨╖╨▓╨╡╤А╨╜╤Г╤В╨╛ ╨╕╨╖ ╨╛╨║╤А╤Г╨╢╨╡╨╜╨╕╤П.
       ╨Я╨╛╨▓╤В╨╛╤А╨╜╨╛╨╡ ╨╜╨░╨╖╨╜╨░╤З╨╡╨╜╨╕╨╡ ╤Б╨▓╨╛╨╣╤Б╤В╨▓╨░: $(ProjectAssetsFile)="C:\Users\user\OneDrive\╨а╨░╨▒╨╛╤З╨╕╨╣ ╤Б╤В╨╛╨╗\regi\WebApplication15\obj\project.assets.json" (╨┐╤А╨╡╨┤╤Л╨┤╤Г╤Й╨╡╨╡ ╨╖╨╜╨░╤З╨╡╨╜╨╕╨╡: "C:\Users\user\OneDrive\╨а╨░╨▒╨╛╤З╨╕╨╣ ╤Б╤В╨╛╨╗\regi\WebApplication15\obj\/project.assets.json") ╨┤╨╗╤П C:\Program Files\dotnet\sdk\9.0.200\Sdks\Microsoft.NET.Sdk\targets\Microsoft.PackageDependencyResolution.targets (24,5)
       ╨Я╨╛╨▓╤В╨╛╤А╨╜╨╛╨╡ ╨╜╨░╨╖╨╜╨░╤З╨╡╨╜╨╕╨╡ ╤Б╨▓╨╛╨╣╤Б╤В╨▓╨░: $(ProjectAssetsCacheFile)="C:\Users\user\OneDrive\╨а╨░╨▒╨╛╤З╨╕╨╣ ╤Б╤В╨╛╨╗\regi\WebApplication15\obj\Debug\net9.0\WebApplication15.assets.cache" (╨┐╤А╨╡╨┤╤Л╨┤╤Г╤Й╨╡╨╡ ╨╖╨╜╨░╤З╨╡╨╜╨╕╨╡: "obj\Debug\net9.0\WebApplication15.assets.cache") ╨┤╨╗╤П C:\Program Files\dotnet\sdk\9.0.200\Sdks\Microsoft.NET.Sdk\targets\Microsoft.PackageDependencyResolution.targets (29,5)
       ╨Я╨╛╨▓╤В╨╛╤А╨╜╨╛╨╡ ╨╜╨░╨╖╨╜╨░╤З╨╡╨╜╨╕╨╡ ╤Б╨▓╨╛╨╣╤Б╤В╨▓╨░: $(ResolveAssemblyReferencesDependsOn)="
             
             ResolveProjectReferences;
             FindInvalidProjectReferences;
             GetFrameworkPaths;
             GetReferenceAssemblyPaths;
             PrepareForBuild;
             ResolveSDKReferences;
             ExpandSDKReferences;
           ;
             ResolvePackageDependenciesForBuild;
             _HandlePackageFileConflicts;
           " (╨┐╤А╨╡╨┤╤Л╨┤╤Г╤Й╨╡╨╡ ╨╖╨╜╨░╤З╨╡╨╜╨╕╨╡: "
             ResolveProjectReferences;
             FindInvalidProjectReferences;
             GetFrameworkPaths;
             GetReferenceAssemblyPaths;
             PrepareForBuild;
             ResolveSDKReferences;
             ExpandSDKReferences;
           ") ╨┤╨╗╤П C:\Program Files\dotnet\sdk\9.0.200\Sdks\Microsoft.NET.Sdk\targets\Microsoft.PackageDependencyResolution.targets (80,5)
       ╨Я╨╛╨▓╤В╨╛╤А╨╜╨╛╨╡ ╨╜╨░╨╖╨╜╨░╤З╨╡╨╜╨╕╨╡ ╤Б╨▓╨╛╨╣╤Б╤В╨▓╨░: $(PrepareResourcesDependsOn)="
             ResolvePackageDependenciesForBuild;
             _HandlePackageFileConflicts;
             
             ;
             PrepareResourceNames;
             ResGen;
             CompileLicxFiles
           
           " (╨┐╤А╨╡╨┤╤Л╨┤╤Г╤Й╨╡╨╡ ╨╖╨╜╨░╤З╨╡╨╜╨╕╨╡: "
             ;
             PrepareResourceNames;
             ResGen;
             CompileLicxFiles
           ") ╨┤╨╗╤П C:\Program Files\dotnet\sdk\9.0.200\Sdks\Microsoft.NET.Sdk\targets\Microsoft.PackageDependencyResolution.targets (86,5)
       ╨Я╨╛╨▓╤В╨╛╤А╨╜╨╛╨╡ ╨╜╨░╨╖╨╜╨░╤З╨╡╨╜╨╕╨╡ ╤Б╨▓╨╛╨╣╤Б╤В╨▓╨░: $(DefaultItemExcludes)=";**\node_modules\**;node_modules\**;**\jspm_packages\**;jspm_packages\**;**\bower_components\**;bower_components\**;**\packages.lock.json;bin\Debug\/**;obj\Debug\/**;bin\/**" (╨┐╤А╨╡╨┤╤Л╨┤╤Г╤Й╨╡╨╡ ╨╖╨╜╨░╤З╨╡╨╜╨╕╨╡: ";**\node_modules\**;node_modules\**;**\jspm_packages\**;jspm_packages\**;**\bower_components\**;bower_components\**;**\packages.lock.json;bin\Debug\/**;obj\Debug\/**") ╨┤╨╗╤П C:\Program Files\dotnet\sdk\9.0.200\Sdks\Microsoft.NET.Sdk\targets\Microsoft.NET.Sdk.DefaultItems.targets (27,5)
       ╨Я╨╛╨▓╤В╨╛╤А╨╜╨╛╨╡ ╨╜╨░╨╖╨╜╨░╤З╨╡╨╜╨╕╨╡ ╤Б╨▓╨╛╨╣╤Б╤В╨▓╨░: $(DefaultItemExcludes)=";**\node_modules\**;node_modules\**;**\jspm_packages\**;jspm_packages\**;**\bower_components\**;bower_components\**;**\packages.lock.json;bin\Debug\/**;obj\Debug\/**;bin\/**;obj\/**" (╨┐╤А╨╡╨┤╤Л╨┤╤Г╤Й╨╡╨╡ ╨╖╨╜╨░╤З╨╡╨╜╨╕╨╡: ";**\node_modules\**;node_modules\**;**\jspm_packages\**;jspm_packages\**;**\bower_components\**;bower_components\**;**\packages.lock.json;bin\Debug\/**;obj\Debug\/**;bin\/**") ╨┤╨╗╤П C:\Program Files\dotnet\sdk\9.0.200\Sdks\Microsoft.NET.Sdk\targets\Microsoft.NET.Sdk.DefaultItems.targets (29,5)
       ╨Я╨╛╨▓╤В╨╛╤А╨╜╨╛╨╡ ╨╜╨░╨╖╨╜╨░╤З╨╡╨╜╨╕╨╡ ╤Б╨▓╨╛╨╣╤Б╤В╨▓╨░: $(DefaultItemExcludes)=";**\node_modules\**;node_modules\**;**\jspm_packages\**;jspm_packages\**;**\bower_components\**;bower_components\**;**\packages.lock.json;bin\Debug\/**;obj\Debug\/**;bin\/**;obj\/**;**/*.user" (╨┐╤А╨╡╨┤╤Л╨┤╤Г╤Й╨╡╨╡ ╨╖╨╜╨░╤З╨╡╨╜╨╕╨╡: ";**\node_modules\**;node_modules\**;**\jspm_packages\**;jspm_packages\**;**\bower_components\**;bower_components\**;**\packages.lock.json;bin\Debug\/**;obj\Debug\/**;bin\/**;obj\/**") ╨┤╨╗╤П C:\Program Files\dotnet\sdk\9.0.200\Sdks\Microsoft.NET.Sdk\targets\Microsoft.NET.Sdk.DefaultItems.targets (32,5)
       ╨Я╨╛╨▓╤В╨╛╤А╨╜╨╛╨╡ ╨╜╨░╨╖╨╜╨░╤З╨╡╨╜╨╕╨╡ ╤Б╨▓╨╛╨╣╤Б╤В╨▓╨░: $(DefaultItemExcludes)=";**\node_modules\**;node_modules\**;**\jspm_packages\**;jspm_packages\**;**\bower_components\**;bower_components\**;**\packages.lock.json;bin\Debug\/**;obj\Debug\/**;bin\/**;obj\/**;**/*.user;**/*.*proj" (╨┐╤А╨╡╨┤╤Л╨┤╤Г╤Й╨╡╨╡ ╨╖╨╜╨░╤З╨╡╨╜╨╕╨╡: ";**\node_modules\**;node_modules\**;**\jspm_packages\**;jspm_packages\**;**\bower_components\**;bower_components\**;**\packages.lock.json;bin\Debug\/**;obj\Debug\/**;bin\/**;obj\/**;**/*.user") ╨┤╨╗╤П C:\Program Files\dotnet\sdk\9.0.200\Sdks\Microsoft.NET.Sdk\targets\Microsoft.NET.Sdk.DefaultItems.targets (33,5)
       ╨Я╨╛╨▓╤В╨╛╤А╨╜╨╛╨╡ ╨╜╨░╨╖╨╜╨░╤З╨╡╨╜╨╕╨╡ ╤Б╨▓╨╛╨╣╤Б╤В╨▓╨░: $(DefaultItemExcludes)=";**\node_modules\**;node_modules\**;**\jspm_packages\**;jspm_packages\**;**\bower_components\**;bower_components\**;**\packages.lock.json;bin\Debug\/**;obj\Debug\/**;bin\/**;obj\/**;**/*.user;**/*.*proj;**/*.sln" (╨┐╤А╨╡╨┤╤Л╨┤╤Г╤Й╨╡╨╡ ╨╖╨╜╨░╤З╨╡╨╜╨╕╨╡: ";**\node_modules\**;node_modules\**;**\jspm_packages\**;jspm_packages\**;**\bower_components\**;bower_components\**;**\packages.lock.json;bin\Debug\/**;obj\Debug\/**;bin\/**;obj\/**;**/*.user;**/*.*proj") ╨┤╨╗╤П C:\Program Files\dotnet\sdk\9.0.200\Sdks\Microsoft.NET.Sdk\targets\Microsoft.NET.Sdk.DefaultItems.targets (34,5)
       ╨Я╨╛╨▓╤В╨╛╤А╨╜╨╛╨╡ ╨╜╨░╨╖╨╜╨░╤З╨╡╨╜╨╕╨╡ ╤Б╨▓╨╛╨╣╤Б╤В╨▓╨░: $(DefaultItemExcludes)=";**\node_modules\**;node_modules\**;**\jspm_packages\**;jspm_packages\**;**\bower_components\**;bower_components\**;**\packages.lock.json;bin\Debug\/**;obj\Debug\/**;bin\/**;obj\/**;**/*.user;**/*.*proj;**/*.sln;**/*.vssscc" (╨┐╤А╨╡╨┤╤Л╨┤╤Г╤Й╨╡╨╡ ╨╖╨╜╨░╤З╨╡╨╜╨╕╨╡: ";**\node_modules\**;node_modules\**;**\jspm_packages\**;jspm_packages\**;**\bower_components\**;bower_components\**;**\packages.lock.json;bin\Debug\/**;obj\Debug\/**;bin\/**;obj\/**;**/*.user;**/*.*proj;**/*.sln") ╨┤╨╗╤П C:\Program Files\dotnet\sdk\9.0.200\Sdks\Microsoft.NET.Sdk\targets\Microsoft.NET.Sdk.DefaultItems.targets (35,5)
       ╨Я╨╛╨▓╤В╨╛╤А╨╜╨╛╨╡ ╨╜╨░╨╖╨╜╨░╤З╨╡╨╜╨╕╨╡ ╤Б╨▓╨╛╨╣╤Б╤В╨▓╨░: $(DefaultItemExcludes)=";**\node_modules\**;node_modules\**;**\jspm_packages\**;jspm_packages\**;**\bower_components\**;bower_components\**;**\packages.lock.json;bin\Debug\/**;obj\Debug\/**;bin\/**;obj\/**;**/*.user;**/*.*proj;**/*.sln;**/*.vssscc;**/.DS_Store" (╨┐╤А╨╡╨┤╤Л╨┤╤Г╤Й╨╡╨╡ ╨╖╨╜╨░╤З╨╡╨╜╨╕╨╡: ";**\node_modules\**;node_modules\**;**\jspm_packages\**;jspm_packages\**;**\bower_components\**;bower_components\**;**\packages.lock.json;bin\Debug\/**;obj\Debug\/**;bin\/**;obj\/**;**/*.user;**/*.*proj;**/*.sln;**/*.vssscc") ╨┤╨╗╤П C:\Program Files\dotnet\sdk\9.0.200\Sdks\Microsoft.NET.Sdk\targets\Microsoft.NET.Sdk.DefaultItems.targets (36,5)
       ╨Я╨╛╨▓╤В╨╛╤А╨╜╨╛╨╡ ╨╜╨░╨╖╨╜╨░╤З╨╡╨╜╨╕╨╡ ╤Б╨▓╨╛╨╣╤Б╤В╨▓╨░: $(ResolveAssemblyReferencesDependsOn)="
             
             
             ResolveProjectReferences;
             FindInvalidProjectReferences;
             GetFrameworkPaths;
             GetReferenceAssemblyPaths;
             PrepareForBuild;
             ResolveSDKReferences;
             ExpandSDKReferences;
           ;
             ResolvePackageDependenciesForBuild;
             _HandlePackageFileConflicts;
           ;
             ResolveTargetingPackAssets;
           " (╨┐╤А╨╡╨┤╤Л╨┤╤Г╤Й╨╡╨╡ ╨╖╨╜╨░╤З╨╡╨╜╨╕╨╡: "
             
             ResolveProjectReferences;
             FindInvalidProjectReferences;
             GetFrameworkPaths;
             GetReferenceAssemblyPaths;
             PrepareForBuild;
             ResolveSDKReferences;
             ExpandSDKReferences;
           ;
             ResolvePackageDependenciesForBuild;
             _HandlePackageFileConflicts;
           ") ╨┤╨╗╤П C:\Program Files\dotnet\sdk\9.0.200\Sdks\Microsoft.NET.Sdk\targets\Microsoft.NET.Sdk.FrameworkReferenceResolution.targets (14,5)
       ╨Я╨╛╨▓╤В╨╛╤А╨╜╨╛╨╡ ╨╜╨░╨╖╨╜╨░╤З╨╡╨╜╨╕╨╡ ╤Б╨▓╨╛╨╣╤Б╤В╨▓╨░: $(_GenerateRuntimeConfigurationPropertyInputsCache)="C:\Users\user\OneDrive\╨а╨░╨▒╨╛╤З╨╕╨╣ ╤Б╤В╨╛╨╗\regi\WebApplication15\obj\Debug\net9.0\WebApplication15.genruntimeconfig.cache" (╨┐╤А╨╡╨┤╤Л╨┤╤Г╤Й╨╡╨╡ ╨╖╨╜╨░╤З╨╡╨╜╨╕╨╡: "obj\Debug\net9.0\WebApplication15.genruntimeconfig.cache") ╨┤╨╗╤П C:\Program Files\dotnet\sdk\9.0.200\Sdks\Microsoft.NET.Sdk\targets\Microsoft.NET.Sdk.targets (44,5)
       ╨Я╨╛╨▓╤В╨╛╤А╨╜╨╛╨╡ ╨╜╨░╨╖╨╜╨░╤З╨╡╨╜╨╕╨╡ ╤Б╨▓╨╛╨╣╤Б╤В╨▓╨░: $(_GeneratePublishDependencyFilePropertyInputsCache)="C:\Users\user\OneDrive\╨а╨░╨▒╨╛╤З╨╕╨╣ ╤Б╤В╨╛╨╗\regi\WebApplication15\obj\Debug\net9.0\WebApplication15.genpublishdeps.cache" (╨┐╤А╨╡╨┤╤Л╨┤╤Г╤Й╨╡╨╡ ╨╖╨╜╨░╤З╨╡╨╜╨╕╨╡: "obj\Debug\net9.0\WebApplication15.genpublishdeps.cache") ╨┤╨╗╤П C:\Program Files\dotnet\sdk\9.0.200\Sdks\Microsoft.NET.Sdk\targets\Microsoft.NET.Sdk.targets (46,5)
       ╨Я╨╛╨▓╤В╨╛╤А╨╜╨╛╨╡ ╨╜╨░╨╖╨╜╨░╤З╨╡╨╜╨╕╨╡ ╤Б╨▓╨╛╨╣╤Б╤В╨▓╨░: $(_GenerateSingleFileBundlePropertyInputsCache)="C:\Users\user\OneDrive\╨а╨░╨▒╨╛╤З╨╕╨╣ ╤Б╤В╨╛╨╗\regi\WebApplication15\obj\Debug\net9.0\WebApplication15.genbundle.cache" (╨┐╤А╨╡╨┤╤Л╨┤╤Г╤Й╨╡╨╡ ╨╖╨╜╨░╤З╨╡╨╜╨╕╨╡: "obj\Debug\net9.0\WebApplication15.genbundle.cache") ╨┤╨╗╤П C:\Program Files\dotnet\sdk\9.0.200\Sdks\Microsoft.NET.Sdk\targets\Microsoft.NET.Sdk.targets (48,5)
       ╨Я╨╛╨▓╤В╨╛╤А╨╜╨╛╨╡ ╨╜╨░╨╖╨╜╨░╤З╨╡╨╜╨╕╨╡ ╤Б╨▓╨╛╨╣╤Б╤В╨▓╨░: $(GenerateRuntimeConfigDevFile)="false" (╨┐╤А╨╡╨┤╤Л╨┤╤Г╤Й╨╡╨╡ ╨╖╨╜╨░╤З╨╡╨╜╨╕╨╡: "true") ╨┤╨╗╤П C:\Program Files\dotnet\sdk\9.0.200\Sdks\Microsoft.NET.Sdk\targets\Microsoft.NET.Sdk.targets (81,5)
       C:\Program Files\dotnet\sdk\9.0.200\Sdks\Microsoft.NET.Sdk\targets\Microsoft.NET.Sdk.targets(97,5): message : ╨б╨▓╨╛╨╣╤Б╤В╨▓╨╛ "USERPROFILE" ╤Б╨╛ ╨╖╨╜╨░╤З╨╡╨╜╨╕╨╡╨╝ "C:\Users\user" ╤А╨░╨╖╨▓╨╡╤А╨╜╤Г╤В╨╛ ╨╕╨╖ ╨╛╨║╤А╤Г╨╢╨╡╨╜╨╕╤П.
       ╨Я╨╛╨▓╤В╨╛╤А╨╜╨╛╨╡ ╨╜╨░╨╖╨╜╨░╤З╨╡╨╜╨╕╨╡ ╤Б╨▓╨╛╨╣╤Б╤В╨▓╨░: $(_DefaultUserProfileRuntimeStorePath)="C:\Users\user" (╨┐╤А╨╡╨┤╤Л╨┤╤Г╤Й╨╡╨╡ ╨╖╨╜╨░╤З╨╡╨╜╨╕╨╡: "") ╨┤╨╗╤П C:\Program Files\dotnet\sdk\9.0.200\Sdks\Microsoft.NET.Sdk\targets\Microsoft.NET.Sdk.targets (97,5)
       ╨Я╨╛╨▓╤В╨╛╤А╨╜╨╛╨╡ ╨╜╨░╨╖╨╜╨░╤З╨╡╨╜╨╕╨╡ ╤Б╨▓╨╛╨╣╤Б╤В╨▓╨░: $(_DefaultUserProfileRuntimeStorePath)="C:\Users\user\.dotnet\store" (╨┐╤А╨╡╨┤╤Л╨┤╤Г╤Й╨╡╨╡ ╨╖╨╜╨░╤З╨╡╨╜╨╕╨╡: "C:\Users\user") ╨┤╨╗╤П C:\Program Files\dotnet\sdk\9.0.200\Sdks\Microsoft.NET.Sdk\targets\Microsoft.NET.Sdk.targets (98,5)
       ╨Я╨╛╨▓╤В╨╛╤А╨╜╨╛╨╡ ╨╜╨░╨╖╨╜╨░╤З╨╡╨╜╨╕╨╡ ╤Б╨▓╨╛╨╣╤Б╤В╨▓╨░: $(AvailablePlatforms)="Any CPU,x86,x64,ARM32" (╨┐╤А╨╡╨┤╤Л╨┤╤Г╤Й╨╡╨╡ ╨╖╨╜╨░╤З╨╡╨╜╨╕╨╡: "Any CPU,x86,x64") ╨┤╨╗╤П C:\Program Files\dotnet\sdk\9.0.200\Sdks\Microsoft.NET.Sdk\targets\Microsoft.NET.Sdk.targets (140,5)
       ╨Я╨╛╨▓╤В╨╛╤А╨╜╨╛╨╡ ╨╜╨░╨╖╨╜╨░╤З╨╡╨╜╨╕╨╡ ╤Б╨▓╨╛╨╣╤Б╤В╨▓╨░: $(AvailablePlatforms)="Any CPU,x86,x64,ARM32,ARM64" (╨┐╤А╨╡╨┤╤Л╨┤╤Г╤Й╨╡╨╡ ╨╖╨╜╨░╤З╨╡╨╜╨╕╨╡: "Any CPU,x86,x64,ARM32") ╨┤╨╗╤П C:\Program Files\dotnet\sdk\9.0.200\Sdks\Microsoft.NET.Sdk\targets\Microsoft.NET.Sdk.targets (144,5)
       ╨Я╨╛╨▓╤В╨╛╤А╨╜╨╛╨╡ ╨╜╨░╨╖╨╜╨░╤З╨╡╨╜╨╕╨╡ ╤Б╨▓╨╛╨╣╤Б╤В╨▓╨░: $(CoreBuildDependsOn)="
             _CheckForBuildWithNoBuild;
             
             BuildOnlySettings;
             PrepareForBuild;
             PreBuildEvent;
             ResolveReferences;
             PrepareResources;
             ResolveKeySource;
             Compile;
             ExportWindowsMDFile;
             UnmanagedUnregistration;
             GenerateSerializationAssemblies;
             CreateSatelliteAssemblies;
             GenerateManifests;
             GetTargetPath;
             PrepareForRun;
             UnmanagedRegistration;
             IncrementalClean;
             PostBuildEvent
           ;
             GenerateBuildDependencyFile;
             GenerateBuildRuntimeConfigurationFiles
           " (╨┐╤А╨╡╨┤╤Л╨┤╤Г╤Й╨╡╨╡ ╨╖╨╜╨░╤З╨╡╨╜╨╕╨╡: "
             BuildOnlySettings;
             PrepareForBuild;
             PreBuildEvent;
             ResolveReferences;
             PrepareResources;
             ResolveKeySource;
             Compile;
             ExportWindowsMDFile;
             UnmanagedUnregistration;
             GenerateSerializationAssemblies;
             CreateSatelliteAssemblies;
             GenerateManifests;
             GetTargetPath;
             PrepareForRun;
             UnmanagedRegistration;
             IncrementalClean;
             PostBuildEvent
           ") ╨┤╨╗╤П C:\Program Files\dotnet\sdk\9.0.200\Sdks\Microsoft.NET.Sdk\targets\Microsoft.NET.Sdk.targets (201,5)
       ╨Я╨╛╨▓╤В╨╛╤А╨╜╨╛╨╡ ╨╜╨░╨╖╨╜╨░╤З╨╡╨╜╨╕╨╡ ╤Б╨▓╨╛╨╣╤Б╤В╨▓╨░: $(CoreCleanDependsOn)="
             _SdkBeforeClean;
             
           " (╨┐╤А╨╡╨┤╤Л╨┤╤Г╤Й╨╡╨╡ ╨╖╨╜╨░╤З╨╡╨╜╨╕╨╡: "") ╨┤╨╗╤П C:\Program Files\dotnet\sdk\9.0.200\Sdks\Microsoft.NET.Sdk\targets\Microsoft.NET.Sdk.targets (210,5)
       ╨Я╨╛╨▓╤В╨╛╤А╨╜╨╛╨╡ ╨╜╨░╨╖╨╜╨░╤З╨╡╨╜╨╕╨╡ ╤Б╨▓╨╛╨╣╤Б╤В╨▓╨░: $(RebuildDependsOn)="
             _SdkBeforeRebuild;
             
             BeforeRebuild;
             Clean;
             Build;
             AfterRebuild;
           
           " (╨┐╤А╨╡╨┤╤Л╨┤╤Г╤Й╨╡╨╡ ╨╖╨╜╨░╤З╨╡╨╜╨╕╨╡: "
             BeforeRebuild;
             Clean;
             Build;
             AfterRebuild;
           ") ╨┤╨╗╤П C:\Program Files\dotnet\sdk\9.0.200\Sdks\Microsoft.NET.Sdk\targets\Microsoft.NET.Sdk.targets (217,5)
       ╨Я╨╛╨▓╤В╨╛╤А╨╜╨╛╨╡ ╨╜╨░╨╖╨╜╨░╤З╨╡╨╜╨╕╨╡ ╤Б╨▓╨╛╨╣╤Б╤В╨▓╨░: $(CompileDependsOn)="
             
             ResolveReferences;
             ResolveKeySource;
             SetWin32ManifestProperties;
             _SetPreferNativeArm64Win32ManifestProperties;
             FindReferenceAssembliesForReferences;
             _GenerateCompileInputs;
             BeforeCompile;
             _TimeStampBeforeCompile;
             _GenerateCompileDependencyCache;
             CoreCompile;
             _TimeStampAfterCompile;
             AfterCompile;
           ;
             _CreateAppHost;
             _CreateComHost;
             _GetIjwHostPaths;
           " (╨┐╤А╨╡╨┤╤Л╨┤╤Г╤Й╨╡╨╡ ╨╖╨╜╨░╤З╨╡╨╜╨╕╨╡: "
             ResolveReferences;
             ResolveKeySource;
             SetWin32ManifestProperties;
             _SetPreferNativeArm64Win32ManifestProperties;
             FindReferenceAssembliesForReferences;
             _GenerateCompileInputs;
             BeforeCompile;
             _TimeStampBeforeCompile;
             _GenerateCompileDependencyCache;
             CoreCompile;
             _TimeStampAfterCompile;
             AfterCompile;
           ") ╨┤╨╗╤П C:\Program Files\dotnet\sdk\9.0.200\Sdks\Microsoft.NET.Sdk\targets\Microsoft.NET.Sdk.targets (784,5)
       ╨Я╨╛╨▓╤В╨╛╤А╨╜╨╛╨╡ ╨╜╨░╨╖╨╜╨░╤З╨╡╨╜╨╕╨╡ ╤Б╨▓╨╛╨╣╤Б╤В╨▓╨░: $(CreateSatelliteAssembliesDependsOn)="
             
             ;
             _GenerateSatelliteAssemblyInputs;
             ComputeIntermediateSatelliteAssemblies;
             GenerateSatelliteAssemblies
           ;
             CoreGenerateSatelliteAssemblies
           " (╨┐╤А╨╡╨┤╤Л╨┤╤Г╤Й╨╡╨╡ ╨╖╨╜╨░╤З╨╡╨╜╨╕╨╡: "
             ;
             _GenerateSatelliteAssemblyInputs;
             ComputeIntermediateSatelliteAssemblies;
             GenerateSatelliteAssemblies
           ") ╨┤╨╗╤П C:\Program Files\dotnet\sdk\9.0.200\Sdks\Microsoft.NET.Sdk\targets\Microsoft.NET.Sdk.targets (1184,5)
       ╨Я╨╛╨▓╤В╨╛╤А╨╜╨╛╨╡ ╨╜╨░╨╖╨╜╨░╤З╨╡╨╜╨╕╨╡ ╤Б╨▓╨╛╨╣╤Б╤В╨▓╨░: $(SourceLinkUrlInitializerTargets)=";_InitializeGitHubSourceLinkUrl;_InitializeGitLabSourceLinkUrl" (╨┐╤А╨╡╨┤╤Л╨┤╤Г╤Й╨╡╨╡ ╨╖╨╜╨░╤З╨╡╨╜╨╕╨╡: ";_InitializeGitHubSourceLinkUrl") ╨┤╨╗╤П C:\Program Files\dotnet\sdk\9.0.200\Sdks\Microsoft.SourceLink.GitLab\build\Microsoft.SourceLink.GitLab.targets (12,5)
       ╨Я╨╛╨▓╤В╨╛╤А╨╜╨╛╨╡ ╨╜╨░╨╖╨╜╨░╤З╨╡╨╜╨╕╨╡ ╤Б╨▓╨╛╨╣╤Б╤В╨▓╨░: $(SourceControlManagerUrlTranslationTargets)=";TranslateGitHubUrlsInSourceControlInformation;TranslateGitLabUrlsInSourceControlInformation" (╨┐╤А╨╡╨┤╤Л╨┤╤Г╤Й╨╡╨╡ ╨╖╨╜╨░╤З╨╡╨╜╨╕╨╡: ";TranslateGitHubUrlsInSourceControlInformation") ╨┤╨╗╤П C:\Program Files\dotnet\sdk\9.0.200\Sdks\Microsoft.SourceLink.GitLab\build\Microsoft.SourceLink.GitLab.targets (13,5)
       ╨Я╨╛╨▓╤В╨╛╤А╨╜╨╛╨╡ ╨╜╨░╨╖╨╜╨░╤З╨╡╨╜╨╕╨╡ ╤Б╨▓╨╛╨╣╤Б╤В╨▓╨░: $(SourceLinkUrlInitializerTargets)=";_InitializeGitHubSourceLinkUrl;_InitializeGitLabSourceLinkUrl;_InitializeAzureReposGitSourceLinkUrl" (╨┐╤А╨╡╨┤╤Л╨┤╤Г╤Й╨╡╨╡ ╨╖╨╜╨░╤З╨╡╨╜╨╕╨╡: ";_InitializeGitHubSourceLinkUrl;_InitializeGitLabSourceLinkUrl") ╨┤╨╗╤П C:\Program Files\dotnet\sdk\9.0.200\Sdks\Microsoft.SourceLink.AzureRepos.Git\build\Microsoft.SourceLink.AzureRepos.Git.targets (12,5)
       ╨Я╨╛╨▓╤В╨╛╤А╨╜╨╛╨╡ ╨╜╨░╨╖╨╜╨░╤З╨╡╨╜╨╕╨╡ ╤Б╨▓╨╛╨╣╤Б╤В╨▓╨░: $(SourceControlManagerUrlTranslationTargets)=";TranslateGitHubUrlsInSourceControlInformation;TranslateGitLabUrlsInSourceControlInformation;TranslateAzureReposGitUrlsInSourceControlInformation" (╨┐╤А╨╡╨┤╤Л╨┤╤Г╤Й╨╡╨╡ ╨╖╨╜╨░╤З╨╡╨╜╨╕╨╡: ";TranslateGitHubUrlsInSourceControlInformation;TranslateGitLabUrlsInSourceControlInformation") ╨┤╨╗╤П C:\Program Files\dotnet\sdk\9.0.200\Sdks\Microsoft.SourceLink.AzureRepos.Git\build\Microsoft.SourceLink.AzureRepos.Git.targets (13,5)
       ╨Я╨╛╨▓╤В╨╛╤А╨╜╨╛╨╡ ╨╜╨░╨╖╨╜╨░╤З╨╡╨╜╨╕╨╡ ╤Б╨▓╨╛╨╣╤Б╤В╨▓╨░: $(SourceLinkUrlInitializerTargets)=";_InitializeGitHubSourceLinkUrl;_InitializeGitLabSourceLinkUrl;_InitializeAzureReposGitSourceLinkUrl;_InitializeBitbucketGitSourceLinkUrl" (╨┐╤А╨╡╨┤╤Л╨┤╤Г╤Й╨╡╨╡ ╨╖╨╜╨░╤З╨╡╨╜╨╕╨╡: ";_InitializeGitHubSourceLinkUrl;_InitializeGitLabSourceLinkUrl;_InitializeAzureReposGitSourceLinkUrl") ╨┤╨╗╤П C:\Program Files\dotnet\sdk\9.0.200\Sdks\Microsoft.SourceLink.Bitbucket.Git\build\Microsoft.SourceLink.Bitbucket.Git.targets (12,5)
       ╨Я╨╛╨▓╤В╨╛╤А╨╜╨╛╨╡ ╨╜╨░╨╖╨╜╨░╤З╨╡╨╜╨╕╨╡ ╤Б╨▓╨╛╨╣╤Б╤В╨▓╨░: $(SourceControlManagerUrlTranslationTargets)=";TranslateGitHubUrlsInSourceControlInformation;TranslateGitLabUrlsInSourceControlInformation;TranslateAzureReposGitUrlsInSourceControlInformation;TranslateBitbucketGitUrlsInSourceControlInformation" (╨┐╤А╨╡╨┤╤Л╨┤╤Г╤Й╨╡╨╡ ╨╖╨╜╨░╤З╨╡╨╜╨╕╨╡: ";TranslateGitHubUrlsInSourceControlInformation;TranslateGitLabUrlsInSourceControlInformation;TranslateAzureReposGitUrlsInSourceControlInformation") ╨┤╨╗╤П C:\Program Files\dotnet\sdk\9.0.200\Sdks\Microsoft.SourceLink.Bitbucket.Git\build\Microsoft.SourceLink.Bitbucket.Git.targets (13,5)
       ╨Я╨╛╨▓╤В╨╛╤А╨╜╨╛╨╡ ╨╜╨░╨╖╨╜╨░╤З╨╡╨╜╨╕╨╡ ╤Б╨▓╨╛╨╣╤Б╤В╨▓╨░: $(DesignerRuntimeImplementationProjectOutputGroupDependsOn)="
             
             ;
             
             ;
             BuildOnlySettings;
             PrepareForBuild;
             AssignTargetPaths;
             ResolveReferences
           
           ;
             _GenerateDesignerDepsFile;
             _GenerateDesignerRuntimeConfigFile;
             GetCopyToOutputDirectoryItems;
             _GatherDesignerShadowCopyFiles;
           " (╨┐╤А╨╡╨┤╤Л╨┤╤Г╤Й╨╡╨╡ ╨╖╨╜╨░╤З╨╡╨╜╨╕╨╡: "
             ;
             
             ;
             BuildOnlySettings;
             PrepareForBuild;
             AssignTargetPaths;
             ResolveReferences
           
           ") ╨┤╨╗╤П C:\Program Files\dotnet\sdk\9.0.200\Sdks\Microsoft.NET.Sdk\targets\Microsoft.NET.DesignerSupport.targets (21,5)
       ╨Я╨╛╨▓╤В╨╛╤А╨╜╨╛╨╡ ╨╜╨░╨╖╨╜╨░╤З╨╡╨╜╨╕╨╡ ╤Б╨▓╨╛╨╣╤Б╤В╨▓╨░: $(_GenerateToolsSettingsFileCacheFile)="C:\Users\user\OneDrive\╨а╨░╨▒╨╛╤З╨╕╨╣ ╤Б╤В╨╛╨╗\regi\WebApplication15\obj\Debug\net9.0\WebApplication15.toolssettingsinput.cache" (╨┐╤А╨╡╨┤╤Л╨┤╤Г╤Й╨╡╨╡ ╨╖╨╜╨░╤З╨╡╨╜╨╕╨╡: "obj\Debug\net9.0\WebApplication15.toolssettingsinput.cache") ╨┤╨╗╤П C:\Program Files\dotnet\sdk\9.0.200\Sdks\Microsoft.NET.Sdk\targets\Microsoft.NET.PackTool.targets (68,5)
       ╨Я╨╛╨▓╤В╨╛╤А╨╜╨╛╨╡ ╨╜╨░╨╖╨╜╨░╤З╨╡╨╜╨╕╨╡ ╤Б╨▓╨╛╨╣╤Б╤В╨▓╨░: $(_ShimInputCacheFile)="C:\Users\user\OneDrive\╨а╨░╨▒╨╛╤З╨╕╨╣ ╤Б╤В╨╛╨╗\regi\WebApplication15\obj\Debug\net9.0\WebApplication15.shiminput.cache" (╨┐╤А╨╡╨┤╤Л╨┤╤Г╤Й╨╡╨╡ ╨╖╨╜╨░╤З╨╡╨╜╨╕╨╡: "obj\Debug\net9.0\WebApplication15.shiminput.cache") ╨┤╨╗╤П C:\Program Files\dotnet\sdk\9.0.200\Sdks\Microsoft.NET.Sdk\targets\Microsoft.NET.PackTool.targets (137,5)
       ╨Я╨╛╨▓╤В╨╛╤А╨╜╨╛╨╡ ╨╜╨░╨╖╨╜╨░╤З╨╡╨╜╨╕╨╡ ╤Б╨▓╨╛╨╣╤Б╤В╨▓╨░: $(_ShimCreatedSentinelFile)="C:\Users\user\OneDrive\╨а╨░╨▒╨╛╤З╨╕╨╣ ╤Б╤В╨╛╨╗\regi\WebApplication15\obj\Debug\net9.0\WebApplication15.shimcreated.sentinel" (╨┐╤А╨╡╨┤╤Л╨┤╤Г╤Й╨╡╨╡ ╨╖╨╜╨░╤З╨╡╨╜╨╕╨╡: "obj\Debug\net9.0\WebApplication15.shimcreated.sentinel") ╨┤╨╗╤П C:\Program Files\dotnet\sdk\9.0.200\Sdks\Microsoft.NET.Sdk\targets\Microsoft.NET.PackTool.targets (139,5)
       ╨Я╨╛╨▓╤В╨╛╤А╨╜╨╛╨╡ ╨╜╨░╨╖╨╜╨░╤З╨╡╨╜╨╕╨╡ ╤Б╨▓╨╛╨╣╤Б╤В╨▓╨░: $(DefineConstants)="TRACE;DEBUG" (╨┐╤А╨╡╨┤╤Л╨┤╤Г╤Й╨╡╨╡ ╨╖╨╜╨░╤З╨╡╨╜╨╕╨╡: "TRACE") ╨┤╨╗╤П C:\Program Files\dotnet\sdk\9.0.200\Sdks\Microsoft.NET.Sdk\targets\Microsoft.NET.Sdk.CSharp.targets (31,5)
       ╨Я╨╛╨▓╤В╨╛╤А╨╜╨╛╨╡ ╨╜╨░╨╖╨╜╨░╤З╨╡╨╜╨╕╨╡ ╤Б╨▓╨╛╨╣╤Б╤В╨▓╨░: $(DefineConstants)="TRACE;DEBUG;NET;NET9_0;NETCOREAPP" (╨┐╤А╨╡╨┤╤Л╨┤╤Г╤Й╨╡╨╡ ╨╖╨╜╨░╤З╨╡╨╜╨╕╨╡: "TRACE;DEBUG") ╨┤╨╗╤П C:\Program Files\dotnet\sdk\9.0.200\Sdks\Microsoft.NET.Sdk\targets\Microsoft.NET.Sdk.CSharp.targets (34,5)
       ╨Я╨╛╨▓╤В╨╛╤А╨╜╨╛╨╡ ╨╜╨░╨╖╨╜╨░╤З╨╡╨╜╨╕╨╡ ╤Б╨▓╨╛╨╣╤Б╤В╨▓╨░: $(WarningsAsErrors)=";NU1605;SYSLIB0011" (╨┐╤А╨╡╨┤╤Л╨┤╤Г╤Й╨╡╨╡ ╨╖╨╜╨░╤З╨╡╨╜╨╕╨╡: ";NU1605") ╨┤╨╗╤П C:\Program Files\dotnet\sdk\9.0.200\Sdks\Microsoft.NET.Sdk\targets\Microsoft.NET.Sdk.CSharp.targets (48,5)
       ╨Я╨╛╨▓╤В╨╛╤А╨╜╨╛╨╡ ╨╜╨░╨╖╨╜╨░╤З╨╡╨╜╨╕╨╡ ╤Б╨▓╨╛╨╣╤Б╤В╨▓╨░: $(PackageDescription)="Package Description" (╨┐╤А╨╡╨┤╤Л╨┤╤Г╤Й╨╡╨╡ ╨╖╨╜╨░╤З╨╡╨╜╨╕╨╡: "") ╨┤╨╗╤П C:\Program Files\dotnet\sdk\9.0.200\Sdks\NuGet.Build.Tasks.Pack\build\NuGet.Build.Tasks.Pack.targets (34,5)
       ╨Я╨╛╨▓╤В╨╛╤А╨╜╨╛╨╡ ╨╜╨░╨╖╨╜╨░╤З╨╡╨╜╨╕╨╡ ╤Б╨▓╨╛╨╣╤Б╤В╨▓╨░: $(GenerateNuspecDependsOn)="Build;_LoadPackInputItems; _GetTargetFrameworksOutput; _WalkEachTargetPerFramework; _GetPackageFiles; " (╨┐╤А╨╡╨┤╤Л╨┤╤Г╤Й╨╡╨╡ ╨╖╨╜╨░╤З╨╡╨╜╨╕╨╡: "_LoadPackInputItems; _GetTargetFrameworksOutput; _WalkEachTargetPerFramework; _GetPackageFiles; ") ╨┤╨╗╤П C:\Program Files\dotnet\sdk\9.0.200\Sdks\NuGet.Build.Tasks.Pack\build\NuGet.Build.Tasks.Pack.targets (59,5)
       ╨Я╨╛╨▓╤В╨╛╤А╨╜╨╛╨╡ ╨╜╨░╨╖╨╜╨░╤З╨╡╨╜╨╕╨╡ ╤Б╨▓╨╛╨╣╤Б╤В╨▓╨░: $(_IsNotSetContainersTargetsDir)="true" (╨┐╤А╨╡╨┤╤Л╨┤╤Г╤Й╨╡╨╡ ╨╖╨╜╨░╤З╨╡╨╜╨╕╨╡: "false") ╨┤╨╗╤П C:\Program Files\dotnet\sdk\9.0.200\Sdks\Microsoft.NET.Sdk\Sdk\Sdk.targets (60,5)
       ╨Я╨╛╨▓╤В╨╛╤А╨╜╨╛╨╡ ╨╜╨░╨╖╨╜╨░╤З╨╡╨╜╨╕╨╡ ╤Б╨▓╨╛╨╣╤Б╤В╨▓╨░: $(_IsSDKContainerAllowedVersion)="true" (╨┐╤А╨╡╨┤╤Л╨┤╤Г╤Й╨╡╨╡ ╨╖╨╜╨░╤З╨╡╨╜╨╕╨╡: "false") ╨┤╨╗╤П C:\Program Files\dotnet\sdk\9.0.200\Containers\build\Microsoft.NET.Build.Containers.targets (5,5)
       ╨Я╨╛╨▓╤В╨╛╤А╨╜╨╛╨╡ ╨╜╨░╨╖╨╜╨░╤З╨╡╨╜╨╕╨╡ ╤Б╨▓╨╛╨╣╤Б╤В╨▓╨░: $(_ContainerIsTargetingNet8TFM)="true" (╨┐╤А╨╡╨┤╤Л╨┤╤Г╤Й╨╡╨╡ ╨╖╨╜╨░╤З╨╡╨╜╨╕╨╡: "false") ╨┤╨╗╤П C:\Program Files\dotnet\sdk\9.0.200\Containers\build\Microsoft.NET.Build.Containers.targets (15,5)
       C:\Program Files\dotnet\sdk\9.0.200\Sdks\Microsoft.NET.Sdk.StaticWebAssets\targets\Sdk.StaticWebAssets.CurrentVersion.targets(37,18): message : ╨б╨▓╨╛╨╣╤Б╤В╨▓╨╛ "DOTNET_HOST_PATH" ╤Б╨╛ ╨╖╨╜╨░╤З╨╡╨╜╨╕╨╡╨╝ "C:\Program Files\dotnet\dotnet.exe" ╤А╨░╨╖╨▓╨╡╤А╨╜╤Г╤В╨╛ ╨╕╨╖ ╨╛╨║╤А╤Г╨╢╨╡╨╜╨╕╤П.
       ╨Я╨╛╨▓╤В╨╛╤А╨╜╨╛╨╡ ╨╜╨░╨╖╨╜╨░╤З╨╡╨╜╨╕╨╡ ╤Б╨▓╨╛╨╣╤Б╤В╨▓╨░: $(PrepareForRunDependsOn)="StaticWebAssetsPrepareForRun;
             CopyFilesToOutputDirectory
           " (╨┐╤А╨╡╨┤╤Л╨┤╤Г╤Й╨╡╨╡ ╨╖╨╜╨░╤З╨╡╨╜╨╕╨╡: "
             CopyFilesToOutputDirectory
           ") ╨┤╨╗╤П C:\Program Files\dotnet\sdk\9.0.200\Sdks\Microsoft.NET.Sdk.StaticWebAssets\targets\Microsoft.NET.Sdk.StaticWebAssets.targets (286,5)
       ╨Я╨╛╨▓╤В╨╛╤А╨╜╨╛╨╡ ╨╜╨░╨╖╨╜╨░╤З╨╡╨╜╨╕╨╡ ╤Б╨▓╨╛╨╣╤Б╤В╨▓╨░: $(GetCopyToOutputDirectoryItemsDependsOn)="
             AssignTargetPaths;
             
             AssignProjectConfiguration;
             _SplitProjectReferencesByFileExistence
           ;
             _GetProjectReferenceTargetFrameworkProperties;
             _PopulateCommonStateForGetCopyToOutputDirectoryItems
           ;AddStaticWebAssetsManifest;AddStaticWebAssetEndpointsBuildManifest" (╨┐╤А╨╡╨┤╤Л╨┤╤Г╤Й╨╡╨╡ ╨╖╨╜╨░╤З╨╡╨╜╨╕╨╡: "
             AssignTargetPaths;
             
             AssignProjectConfiguration;
             _SplitProjectReferencesByFileExistence
           ;
             _GetProjectReferenceTargetFrameworkProperties;
             _PopulateCommonStateForGetCopyToOutputDirectoryItems
           ") ╨┤╨╗╤П C:\Program Files\dotnet\sdk\9.0.200\Sdks\Microsoft.NET.Sdk.StaticWebAssets\targets\Microsoft.NET.Sdk.StaticWebAssets.targets (323,5)
       ╨Я╨╛╨▓╤В╨╛╤А╨╜╨╛╨╡ ╨╜╨░╨╖╨╜╨░╤З╨╡╨╜╨╕╨╡ ╤Б╨▓╨╛╨╣╤Б╤В╨▓╨░: $(GenerateNuspecDependsOn)="
             IncludeStaticWebAssetsPackItems;
             Build;_LoadPackInputItems; _GetTargetFrameworksOutput; _WalkEachTargetPerFramework; _GetPackageFiles; ;
           " (╨┐╤А╨╡╨┤╤Л╨┤╤Г╤Й╨╡╨╡ ╨╖╨╜╨░╤З╨╡╨╜╨╕╨╡: "Build;_LoadPackInputItems; _GetTargetFrameworksOutput; _WalkEachTargetPerFramework; _GetPackageFiles; ") ╨┤╨╗╤П C:\Program Files\dotnet\sdk\9.0.200\Sdks\Microsoft.NET.Sdk.StaticWebAssets\targets\Microsoft.NET.Sdk.StaticWebAssets.Pack.targets (46,5)
       ╨Я╨╛╨▓╤В╨╛╤А╨╜╨╛╨╡ ╨╜╨░╨╖╨╜╨░╤З╨╡╨╜╨╕╨╡ ╤Б╨▓╨╛╨╣╤Б╤В╨▓╨░: $(IncludeStaticWebAssetsPackItemsDependsOn)="
             Build;
             ResolveStaticWebAssetsConfiguration;LoadStaticWebAssetsBuildManifest
           ;
           " (╨┐╤А╨╡╨┤╤Л╨┤╤Г╤Й╨╡╨╡ ╨╖╨╜╨░╤З╨╡╨╜╨╕╨╡: "
             ResolveStaticWebAssetsConfiguration;LoadStaticWebAssetsBuildManifest
           ") ╨┤╨╗╤П C:\Program Files\dotnet\sdk\9.0.200\Sdks\Microsoft.NET.Sdk.StaticWebAssets\targets\Microsoft.NET.Sdk.StaticWebAssets.Pack.targets (55,5)
       ╨Я╨╛╨▓╤В╨╛╤А╨╜╨╛╨╡ ╨╜╨░╨╖╨╜╨░╤З╨╡╨╜╨╕╨╡ ╤Б╨▓╨╛╨╣╤Б╤В╨▓╨░: $(ResolveStaticWebAssetsInputsDependsOn)="
           
             ResolveCoreStaticWebAssets;
             GenerateComputedBuildStaticWebAssets;
             
           ;
           ResolveScopedCssAssets;
         " (╨┐╤А╨╡╨┤╤Л╨┤╤Г╤Й╨╡╨╡ ╨╖╨╜╨░╤З╨╡╨╜╨╕╨╡: "
             ResolveCoreStaticWebAssets;
             GenerateComputedBuildStaticWebAssets;
             
           ") ╨┤╨╗╤П C:\Program Files\dotnet\sdk\9.0.200\Sdks\Microsoft.NET.Sdk.StaticWebAssets\targets\Microsoft.NET.Sdk.StaticWebAssets.ScopedCss.targets (55,3)
       ╨Я╨╛╨▓╤В╨╛╤А╨╜╨╛╨╡ ╨╜╨░╨╖╨╜╨░╤З╨╡╨╜╨╕╨╡ ╤Б╨▓╨╛╨╣╤Б╤В╨▓╨░: $(GenerateComputedBuildStaticWebAssetsDependsOn)="
           ResolveCoreStaticWebAssets;;
           BundleScopedCssFiles;
         " (╨┐╤А╨╡╨┤╤Л╨┤╤Г╤Й╨╡╨╡ ╨╖╨╜╨░╤З╨╡╨╜╨╕╨╡: "ResolveCoreStaticWebAssets;") ╨┤╨╗╤П C:\Program Files\dotnet\sdk\9.0.200\Sdks\Microsoft.NET.Sdk.StaticWebAssets\targets\Microsoft.NET.Sdk.StaticWebAssets.ScopedCss.targets (88,3)
       ╨Я╨╛╨▓╤В╨╛╤А╨╜╨╛╨╡ ╨╜╨░╨╖╨╜╨░╤З╨╡╨╜╨╕╨╡ ╤Б╨▓╨╛╨╣╤Б╤В╨▓╨░: $(ResolveCoreStaticWebAssetsDependsOn)="
             
             UpdateExistingPackageStaticWebAssets;
             ResolveProjectStaticWebAssets;
             ResolveEmbeddedProjectsStaticWebAssets;
             ResolveReferencedProjectsStaticWebAssets;
             ;
           ;
             ResolveJsInitializerModuleStaticWebAssets;
           " (╨┐╤А╨╡╨┤╤Л╨┤╤Г╤Й╨╡╨╡ ╨╖╨╜╨░╤З╨╡╨╜╨╕╨╡: "
             UpdateExistingPackageStaticWebAssets;
             ResolveProjectStaticWebAssets;
             ResolveEmbeddedProjectsStaticWebAssets;
             ResolveReferencedProjectsStaticWebAssets;
             ;
           ") ╨┤╨╗╤П C:\Program Files\dotnet\sdk\9.0.200\Sdks\Microsoft.NET.Sdk.StaticWebAssets\targets\Microsoft.NET.Sdk.StaticWebAssets.JSModules.targets (37,5)
       ╨Я╨╛╨▓╤В╨╛╤А╨╜╨╛╨╡ ╨╜╨░╨╖╨╜╨░╤З╨╡╨╜╨╕╨╡ ╤Б╨▓╨╛╨╣╤Б╤В╨▓╨░: $(ResolveCoreStaticWebAssetsDependsOn)="
             
             
             UpdateExistingPackageStaticWebAssets;
             ResolveProjectStaticWebAssets;
             ResolveEmbeddedProjectsStaticWebAssets;
             ResolveReferencedProjectsStaticWebAssets;
             ;
           ;
             ResolveJsInitializerModuleStaticWebAssets;
           ;
             ResolveJSModuleStaticWebAssets;
           " (╨┐╤А╨╡╨┤╤Л╨┤╤Г╤Й╨╡╨╡ ╨╖╨╜╨░╤З╨╡╨╜╨╕╨╡: "
             
             UpdateExistingPackageStaticWebAssets;
             ResolveProjectStaticWebAssets;
             ResolveEmbeddedProjectsStaticWebAssets;
             ResolveReferencedProjectsStaticWebAssets;
             ;
           ;
             ResolveJsInitializerModuleStaticWebAssets;
           ") ╨┤╨╗╤П C:\Program Files\dotnet\sdk\9.0.200\Sdks\Microsoft.NET.Sdk.StaticWebAssets\targets\Microsoft.NET.Sdk.StaticWebAssets.JSModules.targets (42,5)
       ╨Я╨╛╨▓╤В╨╛╤А╨╜╨╛╨╡ ╨╜╨░╨╖╨╜╨░╤З╨╡╨╜╨╕╨╡ ╤Б╨▓╨╛╨╣╤Б╤В╨▓╨░: $(ResolveStaticWebAssetsInputsDependsOn)="
             ResolveJSModuleManifestBuildStaticWebAssets;
             
           
             ResolveCoreStaticWebAssets;
             GenerateComputedBuildStaticWebAssets;
             
           ;
           ResolveScopedCssAssets;
         
           " (╨┐╤А╨╡╨┤╤Л╨┤╤Г╤Й╨╡╨╡ ╨╖╨╜╨░╤З╨╡╨╜╨╕╨╡: "
           
             ResolveCoreStaticWebAssets;
             GenerateComputedBuildStaticWebAssets;
             
           ;
           ResolveScopedCssAssets;
         ") ╨┤╨╗╤П C:\Program Files\dotnet\sdk\9.0.200\Sdks\Microsoft.NET.Sdk.StaticWebAssets\targets\Microsoft.NET.Sdk.StaticWebAssets.JSModules.targets (57,5)
       ╨Я╨╛╨▓╤В╨╛╤А╨╜╨╛╨╡ ╨╜╨░╨╖╨╜╨░╤З╨╡╨╜╨╕╨╡ ╤Б╨▓╨╛╨╣╤Б╤В╨▓╨░: $(ResolvePublishStaticWebAssetsDependsOn)="
             ResolveJSModuleManifestPublishStaticWebAssets;
             
             ResolveCorePublishStaticWebAssets;
             GenerateComputedPublishStaticWebAssets;
             ;
           
           " (╨┐╤А╨╡╨┤╤Л╨┤╤Г╤Й╨╡╨╡ ╨╖╨╜╨░╤З╨╡╨╜╨╕╨╡: "
             ResolveCorePublishStaticWebAssets;
             GenerateComputedPublishStaticWebAssets;
             ;
           ") ╨┤╨╗╤П C:\Program Files\dotnet\sdk\9.0.200\Sdks\Microsoft.NET.Sdk.StaticWebAssets\targets\Microsoft.NET.Sdk.StaticWebAssets.JSModules.targets (76,5)
       ╨Я╨╛╨▓╤В╨╛╤А╨╜╨╛╨╡ ╨╜╨░╨╖╨╜╨░╤З╨╡╨╜╨╕╨╡ ╤Б╨▓╨╛╨╣╤Б╤В╨▓╨░: $(ResolveBuildRelatedStaticWebAssetsDependsOn)="
             ResolveBuildCompressedStaticWebAssets;
             
             ResolveStaticWebAssetsInputs;
             
           
           " (╨┐╤А╨╡╨┤╤Л╨┤╤Г╤Й╨╡╨╡ ╨╖╨╜╨░╤З╨╡╨╜╨╕╨╡: "
             ResolveStaticWebAssetsInputs;
             
           ") ╨┤╨╗╤П C:\Program Files\dotnet\sdk\9.0.200\Sdks\Microsoft.NET.Sdk.StaticWebAssets\targets\Microsoft.NET.Sdk.StaticWebAssets.Compression.targets (179,5)
       ╨Я╨╛╨▓╤В╨╛╤А╨╜╨╛╨╡ ╨╜╨░╨╖╨╜╨░╤З╨╡╨╜╨╕╨╡ ╤Б╨▓╨╛╨╣╤Б╤В╨▓╨░: $(ResolvePublishRelatedStaticWebAssetsDependsOn)="
             ResolvePublishCompressedStaticWebAssets;
             
           " (╨┐╤А╨╡╨┤╤Л╨┤╤Г╤Й╨╡╨╡ ╨╖╨╜╨░╤З╨╡╨╜╨╕╨╡: "") ╨┤╨╗╤П C:\Program Files\dotnet\sdk\9.0.200\Sdks\Microsoft.NET.Sdk.StaticWebAssets\targets\Microsoft.NET.Sdk.StaticWebAssets.Compression.targets (198,5)
       ╨Я╨╛╨▓╤В╨╛╤А╨╜╨╛╨╡ ╨╜╨░╨╖╨╜╨░╤З╨╡╨╜╨╕╨╡ ╤Б╨▓╨╛╨╣╤Б╤В╨▓╨░: $(DebugSymbolsProjectOutputGroupDependsOn)="
             ;
             _RazorAddDebugSymbolsProjectOutputGroupOutput
           " (╨┐╤А╨╡╨┤╤Л╨┤╤Г╤Й╨╡╨╡ ╨╖╨╜╨░╤З╨╡╨╜╨╕╨╡: "") ╨┤╨╗╤П C:\Program Files\dotnet\sdk\9.0.200\Sdks\Microsoft.NET.Sdk.Razor\targets\Sdk.Razor.CurrentVersion.targets (205,5)
       ╨Я╨╛╨▓╤В╨╛╤А╨╜╨╛╨╡ ╨╜╨░╨╖╨╜╨░╤З╨╡╨╜╨╕╨╡ ╤Б╨▓╨╛╨╣╤Б╤В╨▓╨░: $(PrepareForBuildDependsOn)="
             ;GetFrameworkPaths;GetReferenceAssemblyPaths;AssignLinkMetadata;
             ResolveRazorGenerateInputs
           " (╨┐╤А╨╡╨┤╤Л╨┤╤Г╤Й╨╡╨╡ ╨╖╨╜╨░╤З╨╡╨╜╨╕╨╡: ";GetFrameworkPaths;GetReferenceAssemblyPaths;AssignLinkMetadata") ╨┤╨╗╤П C:\Program Files\dotnet\sdk\9.0.200\Sdks\Microsoft.NET.Sdk.Razor\targets\Sdk.Razor.CurrentVersion.targets (210,5)
       ╨Я╨╛╨▓╤В╨╛╤А╨╜╨╛╨╡ ╨╜╨░╨╖╨╜╨░╤З╨╡╨╜╨╕╨╡ ╤Б╨▓╨╛╨╣╤Б╤В╨▓╨░: $(GenerateNuspecDependsOn)="
             ResolveRazorGenerateInputs;
             
             IncludeStaticWebAssetsPackItems;
             Build;_LoadPackInputItems; _GetTargetFrameworksOutput; _WalkEachTargetPerFramework; _GetPackageFiles; ;
           
           " (╨┐╤А╨╡╨┤╤Л╨┤╤Г╤Й╨╡╨╡ ╨╖╨╜╨░╤З╨╡╨╜╨╕╨╡: "
             IncludeStaticWebAssetsPackItems;
             Build;_LoadPackInputItems; _GetTargetFrameworksOutput; _WalkEachTargetPerFramework; _GetPackageFiles; ;
           ") ╨┤╨╗╤П C:\Program Files\dotnet\sdk\9.0.200\Sdks\Microsoft.NET.Sdk.Razor\targets\Sdk.Razor.CurrentVersion.targets (215,5)
       ╨Я╨╛╨▓╤В╨╛╤А╨╜╨╛╨╡ ╨╜╨░╨╖╨╜╨░╤З╨╡╨╜╨╕╨╡ ╤Б╨▓╨╛╨╣╤Б╤В╨▓╨░: $(PrepareForRunDependsOn)="
             _RazorPrepareForRun;
             StaticWebAssetsPrepareForRun;
             CopyFilesToOutputDirectory
           
           " (╨┐╤А╨╡╨┤╤Л╨┤╤Г╤Й╨╡╨╡ ╨╖╨╜╨░╤З╨╡╨╜╨╕╨╡: "StaticWebAssetsPrepareForRun;
             CopyFilesToOutputDirectory
           ") ╨┤╨╗╤П C:\Program Files\dotnet\sdk\9.0.200\Sdks\Microsoft.NET.Sdk.Razor\targets\Sdk.Razor.CurrentVersion.targets (220,5)
       ╨Я╨╛╨▓╤В╨╛╤А╨╜╨╛╨╡ ╨╜╨░╨╖╨╜╨░╤З╨╡╨╜╨╕╨╡ ╤Б╨▓╨╛╨╣╤Б╤В╨▓╨░: $(UseRazorBuildServer)="true" (╨┐╤А╨╡╨┤╤Л╨┤╤Г╤Й╨╡╨╡ ╨╖╨╜╨░╤З╨╡╨╜╨╕╨╡: "") ╨┤╨╗╤П C:\Program Files\dotnet\sdk\9.0.200\Sdks\Microsoft.NET.Sdk.Razor\targets\Sdk.Razor.CurrentVersion.targets (311,5)
       ╨Я╨╛╨▓╤В╨╛╤А╨╜╨╛╨╡ ╨╜╨░╨╖╨╜╨░╤З╨╡╨╜╨╕╨╡ ╤Б╨▓╨╛╨╣╤Б╤В╨▓╨░: $(_RazorDebugSymbolsProduced)="true" (╨┐╤А╨╡╨┤╤Л╨┤╤Г╤Й╨╡╨╡ ╨╖╨╜╨░╤З╨╡╨╜╨╕╨╡: "false") ╨┤╨╗╤П C:\Program Files\dotnet\sdk\9.0.200\Sdks\Microsoft.NET.Sdk.Razor\targets\Sdk.Razor.CurrentVersion.targets (317,5)
       ╨Я╨╛╨▓╤В╨╛╤А╨╜╨╛╨╡ ╨╜╨░╨╖╨╜╨░╤З╨╡╨╜╨╕╨╡ ╤Б╨▓╨╛╨╣╤Б╤В╨▓╨░: $(GenerateRazorTargetAssemblyInfoDependsOn)="
             _ResolveMvcAssemblyAttributes;
             
             GetRazorTargetAssemblyAttributes;
             _CreateRazorTargetAssemblyInfoInputsCacheFile;
             CoreGenerateRazorTargetAssemblyInfo
           
           " (╨┐╤А╨╡╨┤╤Л╨┤╤Г╤Й╨╡╨╡ ╨╖╨╜╨░╤З╨╡╨╜╨╕╨╡: "
             GetRazorTargetAssemblyAttributes;
             _CreateRazorTargetAssemblyInfoInputsCacheFile;
             CoreGenerateRazorTargetAssemblyInfo
           ") ╨┤╨╗╤П C:\Program Files\dotnet\sdk\9.0.200\Sdks\Microsoft.NET.Sdk.Razor\targets\Microsoft.NET.Sdk.Razor.GenerateAssemblyInfo.targets (36,5)
       ╨Я╨╛╨▓╤В╨╛╤А╨╜╨╛╨╡ ╨╜╨░╨╖╨╜╨░╤З╨╡╨╜╨╕╨╡ ╤Б╨▓╨╛╨╣╤Б╤В╨▓╨░: $(CoreCompileDependsOn)="
             ;_ComputeNonExistentFileProperty;ResolveCodeAnalysisRuleSet;
             _GenerateRazorAssemblyInfo
           " (╨┐╤А╨╡╨┤╤Л╨┤╤Г╤Й╨╡╨╡ ╨╖╨╜╨░╤З╨╡╨╜╨╕╨╡: ";_ComputeNonExistentFileProperty;ResolveCodeAnalysisRuleSet") ╨┤╨╗╤П C:\Program Files\dotnet\sdk\9.0.200\Sdks\Microsoft.NET.Sdk.Razor\targets\Microsoft.NET.Sdk.Razor.GenerateAssemblyInfo.targets (181,5)
       ╨Я╨╛╨▓╤В╨╛╤А╨╜╨╛╨╡ ╨╜╨░╨╖╨╜╨░╤З╨╡╨╜╨╕╨╡ ╤Б╨▓╨╛╨╣╤Б╤В╨▓╨░: $(_GenerateRazorAssemblyInfoDependsOn)="
             _ResolveMvcAssemblyAttributes;
             RazorGetAssemblyAttributes;PrepareForBuild;_CoreGenerateRazorAssemblyInfo;
           " (╨┐╤А╨╡╨┤╤Л╨┤╤Г╤Й╨╡╨╡ ╨╖╨╜╨░╤З╨╡╨╜╨╕╨╡: "RazorGetAssemblyAttributes;PrepareForBuild;_CoreGenerateRazorAssemblyInfo") ╨┤╨╗╤П C:\Program Files\dotnet\sdk\9.0.200\Sdks\Microsoft.NET.Sdk.Razor\targets\Microsoft.NET.Sdk.Razor.GenerateAssemblyInfo.targets (189,5)
       ╨Я╨╛╨▓╤В╨╛╤А╨╜╨╛╨╡ ╨╜╨░╨╖╨╜╨░╤З╨╡╨╜╨╕╨╡ ╤Б╨▓╨╛╨╣╤Б╤В╨▓╨░: $(CoreCompileDependsOn)="
             _DiscoverMvcApplicationParts;
             
             ;_ComputeNonExistentFileProperty;ResolveCodeAnalysisRuleSet;
             _GenerateRazorAssemblyInfo
           ;
           " (╨┐╤А╨╡╨┤╤Л╨┤╤Г╤Й╨╡╨╡ ╨╖╨╜╨░╤З╨╡╨╜╨╕╨╡: "
             ;_ComputeNonExistentFileProperty;ResolveCodeAnalysisRuleSet;
             _GenerateRazorAssemblyInfo
           ") ╨┤╨╗╤П C:\Program Files\dotnet\sdk\9.0.200\Sdks\Microsoft.NET.Sdk.Razor\targets\Microsoft.NET.Sdk.Razor.MvcApplicationPartsDiscovery.targets (22,5)
       ╨Я╨╛╨▓╤В╨╛╤А╨╜╨╛╨╡ ╨╜╨░╨╖╨╜╨░╤З╨╡╨╜╨╕╨╡ ╤Б╨▓╨╛╨╣╤Б╤В╨▓╨░: $(RazorDesignTimeTargets)="C:\Program Files\dotnet\sdk\9.0.200\Sdks\Microsoft.NET.Sdk.Razor\targets\Microsoft.NET.Sdk.Razor.DesignTime.targets" (╨┐╤А╨╡╨┤╤Л╨┤╤Г╤Й╨╡╨╡ ╨╖╨╜╨░╤З╨╡╨╜╨╕╨╡: "C:\Program Files\dotnet\sdk\9.0.200\\Microsoft\VisualStudio\Razor\Microsoft.NET.Sdk.Razor.DesignTime.targets") ╨┤╨╗╤П C:\Program Files\dotnet\sdk\9.0.200\Sdks\Microsoft.NET.Sdk.Razor\targets\Sdk.Razor.CurrentVersion.targets (791,5)
       ╨Я╨╛╨▓╤В╨╛╤А╨╜╨╛╨╡ ╨╜╨░╨╖╨╜╨░╤З╨╡╨╜╨╕╨╡ ╤Б╨▓╨╛╨╣╤Б╤В╨▓╨░: $(RunWorkingDirectory)="C:\Users\user\OneDrive\╨а╨░╨▒╨╛╤З╨╕╨╣ ╤Б╤В╨╛╨╗\regi\WebApplication15" (╨┐╤А╨╡╨┤╤Л╨┤╤Г╤Й╨╡╨╡ ╨╖╨╜╨░╤З╨╡╨╜╨╕╨╡: "") ╨┤╨╗╤П C:\Program Files\dotnet\sdk\9.0.200\Sdks\Microsoft.NET.Sdk.Web.ProjectSystem\targets\Microsoft.NET.Sdk.Web.ProjectSystem.targets (21,5)
       ╨Я╨╛╨▓╤В╨╛╤А╨╜╨╛╨╡ ╨╜╨░╨╖╨╜╨░╤З╨╡╨╜╨╕╨╡ ╤Б╨▓╨╛╨╣╤Б╤В╨▓╨░: $(PublishProfileImported)="true" (╨┐╤А╨╡╨┤╤Л╨┤╤Г╤Й╨╡╨╡ ╨╖╨╜╨░╤З╨╡╨╜╨╕╨╡: "false") ╨┤╨╗╤П C:\Program Files\dotnet\sdk\9.0.200\Sdks\Microsoft.NET.Sdk.Publish\targets\Microsoft.NET.Sdk.Publish.targets (60,5)
       ╨Я╨╛╨▓╤В╨╛╤А╨╜╨╛╨╡ ╨╜╨░╨╖╨╜╨░╤З╨╡╨╜╨╕╨╡ ╤Б╨▓╨╛╨╣╤Б╤В╨▓╨░: $(PublishConfiguration)="Debug" (╨┐╤А╨╡╨┤╤Л╨┤╤Г╤Й╨╡╨╡ ╨╖╨╜╨░╤З╨╡╨╜╨╕╨╡: "") ╨┤╨╗╤П C:\Program Files\dotnet\sdk\9.0.200\Sdks\Microsoft.NET.Sdk.Publish\targets\Microsoft.NET.Sdk.Publish.targets (81,5)
       ╨Я╨╛╨▓╤В╨╛╤А╨╜╨╛╨╡ ╨╜╨░╨╖╨╜╨░╤З╨╡╨╜╨╕╨╡ ╤Б╨▓╨╛╨╣╤Б╤В╨▓╨░: $(BaseIntermediateOutputPath)="C:\Users\user\OneDrive\╨а╨░╨▒╨╛╤З╨╕╨╣ ╤Б╤В╨╛╨╗\regi\WebApplication15\obj\" (╨┐╤А╨╡╨┤╤Л╨┤╤Г╤Й╨╡╨╡ ╨╖╨╜╨░╤З╨╡╨╜╨╕╨╡: "obj\") ╨┤╨╗╤П C:\Program Files\dotnet\sdk\9.0.200\Sdks\Microsoft.NET.Sdk.Publish\targets\Microsoft.NET.Sdk.Publish.targets (87,5)
       ╨Я╨╡╤А╨╡╨╛╨┐╤А╨╡╨┤╨╡╨╗╨╡╨╜╨╕╨╡ ╤Ж╨╡╨╗╨╡╨▓╨╛╨│╨╛ ╨╛╨▒╤К╨╡╨║╤В╨░ "ResolveFrameworkReferences" ╨▓ ╨┐╤А╨╛╨╡╨║╤В╨╡ "C:\Program Files\dotnet\sdk\9.0.200\Microsoft.Common.CurrentVersion.targets" ╤Ж╨╡╨╗╨╡╨▓╤Л╨╝ ╨╛╨▒╤К╨╡╨║╤В "ResolveFrameworkReferences" ╨╕╨╖ ╨┐╤А╨╛╨╡╨║╤В╨░ "C:\Program Files\dotnet\sdk\9.0.200\Sdks\Microsoft.NET.Sdk\targets\Microsoft.NET.Sdk.FrameworkReferenceResolution.targets".
       ╨Я╨╡╤А╨╡╨╛╨┐╤А╨╡╨┤╨╡╨╗╨╡╨╜╨╕╨╡ ╤Ж╨╡╨╗╨╡╨▓╨╛╨│╨╛ ╨╛╨▒╤К╨╡╨║╤В╨░ "Run" ╨▓ ╨┐╤А╨╛╨╡╨║╤В╨╡ "C:\Program Files\dotnet\sdk\9.0.200\Microsoft.Common.CurrentVersion.targets" ╤Ж╨╡╨╗╨╡╨▓╤Л╨╝ ╨╛╨▒╤К╨╡╨║╤В "Run" ╨╕╨╖ ╨┐╤А╨╛╨╡╨║╤В╨░ "C:\Program Files\dotnet\sdk\9.0.200\Sdks\Microsoft.NET.Sdk\targets\Microsoft.NET.Sdk.targets".
       ╨Я╨╡╤А╨╡╨╛╨┐╤А╨╡╨┤╨╡╨╗╨╡╨╜╨╕╨╡ ╤Ж╨╡╨╗╨╡╨▓╨╛╨│╨╛ ╨╛╨▒╤К╨╡╨║╤В╨░ "GenerateSupportedTargetFrameworkAlias" ╨▓ ╨┐╤А╨╛╨╡╨║╤В╨╡ "C:\Program Files\dotnet\sdk\9.0.200\Microsoft.Common.CurrentVersion.targets" ╤Ж╨╡╨╗╨╡╨▓╤Л╨╝ ╨╛╨▒╤К╨╡╨║╤В "GenerateSupportedTargetFrameworkAlias" ╨╕╨╖ ╨┐╤А╨╛╨╡╨║╤В╨░ "C:\Program Files\dotnet\sdk\9.0.200\Sdks\Microsoft.NET.Sdk\targets\Microsoft.NET.Sdk.targets".
       ╨Я╨╡╤А╨╡╨╛╨┐╤А╨╡╨┤╨╡╨╗╨╡╨╜╨╕╨╡ ╤Ж╨╡╨╗╨╡╨▓╨╛╨│╨╛ ╨╛╨▒╤К╨╡╨║╤В╨░ "GetReferenceAssemblyPaths" ╨▓ ╨┐╤А╨╛╨╡╨║╤В╨╡ "C:\Program Files\dotnet\sdk\9.0.200\Microsoft.Common.CurrentVersion.targets" ╤Ж╨╡╨╗╨╡╨▓╤Л╨╝ ╨╛╨▒╤К╨╡╨║╤В "GetReferenceAssemblyPaths" ╨╕╨╖ ╨┐╤А╨╛╨╡╨║╤В╨░ "C:\Program Files\dotnet\sdk\9.0.200\Sdks\Microsoft.NET.Sdk\targets\Microsoft.NET.DisableStandardFrameworkResolution.targets".
       ╨Я╨╡╤А╨╡╨╛╨┐╤А╨╡╨┤╨╡╨╗╨╡╨╜╨╕╨╡ ╤Ж╨╡╨╗╨╡╨▓╨╛╨│╨╛ ╨╛╨▒╤К╨╡╨║╤В╨░ "GetFrameworkPaths" ╨▓ ╨┐╤А╨╛╨╡╨║╤В╨╡ "C:\Program Files\dotnet\sdk\9.0.200\Microsoft.Common.CurrentVersion.targets" ╤Ж╨╡╨╗╨╡╨▓╤Л╨╝ ╨╛╨▒╤К╨╡╨║╤В "GetFrameworkPaths" ╨╕╨╖ ╨┐╤А╨╛╨╡╨║╤В╨░ "C:\Program Files\dotnet\sdk\9.0.200\Sdks\Microsoft.NET.Sdk\targets\Microsoft.NET.DisableStandardFrameworkResolution.targets".
       ╨Я╨╡╤А╨╡╨╛╨┐╤А╨╡╨┤╨╡╨╗╨╡╨╜╨╕╨╡ ╤Ж╨╡╨╗╨╡╨▓╨╛╨│╨╛ ╨╛╨▒╤К╨╡╨║╤В╨░ "DesignerRuntimeImplementationProjectOutputGroup" ╨▓ ╨┐╤А╨╛╨╡╨║╤В╨╡ "C:\Program Files\dotnet\sdk\9.0.200\Microsoft.Common.CurrentVersion.targets" ╤Ж╨╡╨╗╨╡╨▓╤Л╨╝ ╨╛╨▒╤К╨╡╨║╤В "DesignerRuntimeImplementationProjectOutputGroup" ╨╕╨╖ ╨┐╤А╨╛╨╡╨║╤В╨░ "C:\Program Files\dotnet\sdk\9.0.200\Sdks\Microsoft.NET.Sdk\targets\Microsoft.NET.DesignerSupport.targets".
       ╨Я╨╡╤А╨╡╨╛╨┐╤А╨╡╨┤╨╡╨╗╨╡╨╜╨╕╨╡ ╤Ж╨╡╨╗╨╡╨▓╨╛╨│╨╛ ╨╛╨▒╤К╨╡╨║╤В╨░ "Publish" ╨▓ ╨┐╤А╨╛╨╡╨║╤В╨╡ "C:\Program Files\dotnet\sdk\9.0.200\Microsoft.Common.CurrentVersion.targets" ╤Ж╨╡╨╗╨╡╨▓╤Л╨╝ ╨╛╨▒╤К╨╡╨║╤В "Publish" ╨╕╨╖ ╨┐╤А╨╛╨╡╨║╤В╨░ "C:\Program Files\dotnet\sdk\9.0.200\Sdks\Microsoft.NET.Sdk\targets\Microsoft.NET.Publish.targets".
       ╨Я╨╡╤А╨╡╨╛╨┐╤А╨╡╨┤╨╡╨╗╨╡╨╜╨╕╨╡ ╤Ж╨╡╨╗╨╡╨▓╨╛╨│╨╛ ╨╛╨▒╤К╨╡╨║╤В╨░ "ResolveReadyToRunCompilers" ╨▓ ╨┐╤А╨╛╨╡╨║╤В╨╡ "C:\Program Files\dotnet\sdk\9.0.200\Sdks\Microsoft.NET.Sdk\targets\Microsoft.NET.CrossGen.targets" ╤Ж╨╡╨╗╨╡╨▓╤Л╨╝ ╨╛╨▒╤К╨╡╨║╤В "ResolveReadyToRunCompilers" ╨╕╨╖ ╨┐╤А╨╛╨╡╨║╤В╨░ "C:\Program Files\dotnet\sdk\9.0.200\Sdks\Microsoft.NET.Sdk\targets\Microsoft.NET.Publish.targets".
       ╨Я╨╡╤А╨╡╨╛╨┐╤А╨╡╨┤╨╡╨╗╨╡╨╜╨╕╨╡ ╤Ж╨╡╨╗╨╡╨▓╨╛╨│╨╛ ╨╛╨▒╤К╨╡╨║╤В╨░ "GetCopyToPublishDirectoryItems" ╨▓ ╨┐╤А╨╛╨╡╨║╤В╨╡ "C:\Program Files\dotnet\sdk\9.0.200\Microsoft.Common.CurrentVersion.targets" ╤Ж╨╡╨╗╨╡╨▓╤Л╨╝ ╨╛╨▒╤К╨╡╨║╤В "GetCopyToPublishDirectoryItems" ╨╕╨╖ ╨┐╤А╨╛╨╡╨║╤В╨░ "C:\Program Files\dotnet\sdk\9.0.200\Sdks\Microsoft.NET.Sdk\targets\Microsoft.NET.Publish.targets".
       ╨Я╨╡╤А╨╡╨╛╨┐╤А╨╡╨┤╨╡╨╗╨╡╨╜╨╕╨╡ ╤Ж╨╡╨╗╨╡╨▓╨╛╨│╨╛ ╨╛╨▒╤К╨╡╨║╤В╨░ "BeforePublish" ╨▓ ╨┐╤А╨╛╨╡╨║╤В╨╡ "C:\Program Files\dotnet\sdk\9.0.200\Microsoft.Common.CurrentVersion.targets" ╤Ж╨╡╨╗╨╡╨▓╤Л╨╝ ╨╛╨▒╤К╨╡╨║╤В "BeforePublish" ╨╕╨╖ ╨┐╤А╨╛╨╡╨║╤В╨░ "C:\Program Files\dotnet\sdk\9.0.200\Sdks\Microsoft.NET.Sdk.Publish\targets\Microsoft.NET.Sdk.Publish.targets".
       ╨Я╨╡╤А╨╡╨╛╨┐╤А╨╡╨┤╨╡╨╗╨╡╨╜╨╕╨╡ ╤Ж╨╡╨╗╨╡╨▓╨╛╨│╨╛ ╨╛╨▒╤К╨╡╨║╤В╨░ "AfterPublish" ╨▓ ╨┐╤А╨╛╨╡╨║╤В╨╡ "C:\Program Files\dotnet\sdk\9.0.200\Microsoft.Common.CurrentVersion.targets" ╤Ж╨╡╨╗╨╡╨▓╤Л╨╝ ╨╛╨▒╤К╨╡╨║╤В "AfterPublish" ╨╕╨╖ ╨┐╤А╨╛╨╡╨║╤В╨░ "C:\Program Files\dotnet\sdk\9.0.200\Sdks\Microsoft.NET.Sdk.Publish\targets\Microsoft.NET.Sdk.Publish.targets".
       ╨ж╨╡╨╗╨╡╨▓╨╛╨╣ ╨╛╨▒╤К╨╡╨║╤В "CollectUpToDateCheckInputDesignTime", ╤Г╨║╨░╨╖╨░╨╜╨╜╤Л╨╣ ╨▓ ╨░╤В╤А╨╕╨▒╤Г╤В╨╡ BeforeTargets ╨┤╨╗╤П "C:\Program Files\dotnet\sdk\9.0.200\Sdks\Microsoft.NET.Sdk.StaticWebAssets\targets\Microsoft.NET.Sdk.StaticWebAssets.ScopedCss.targets (171,5)", ╨╜╨╡ ╤Б╤Г╤Й╨╡╤Б╤В╨▓╤Г╨╡╤В ╨▓ ╨┐╤А╨╛╨╡╨║╤В╨╡ ╨╕ ╨▒╤Г╨┤╨╡╤В ╨┐╤А╨╛╨┐╤Г╤Й╨╡╨╜.
       ╨ж╨╡╨╗╨╡╨▓╨╛╨╣ ╨╛╨▒╤К╨╡╨║╤В "CollectUpToDateCheckBuiltDesignTime", ╤Г╨║╨░╨╖╨░╨╜╨╜╤Л╨╣ ╨▓ ╨░╤В╤А╨╕╨▒╤Г╤В╨╡ BeforeTargets ╨┤╨╗╤П "C:\Program Files\dotnet\sdk\9.0.200\Sdks\Microsoft.NET.Sdk.StaticWebAssets\targets\Microsoft.NET.Sdk.StaticWebAssets.ScopedCss.targets (171,5)", ╨╜╨╡ ╤Б╤Г╤Й╨╡╤Б╤В╨▓╤Г╨╡╤В ╨▓ ╨┐╤А╨╛╨╡╨║╤В╨╡ ╨╕ ╨▒╤Г╨┤╨╡╤В ╨┐╤А╨╛╨┐╤Г╤Й╨╡╨╜.
       ╨ж╨╡╨╗╨╡╨▓╨╛╨╣ ╨╛╨▒╤К╨╡╨║╤В "RazorGenerateComponentDeclaration", ╤Г╨║╨░╨╖╨░╨╜╨╜╤Л╨╣ ╨▓ ╨░╤В╤А╨╕╨▒╤Г╤В╨╡ AfterTargets ╨┤╨╗╤П "C:\Program Files\dotnet\sdk\9.0.200\Sdks\Microsoft.NET.Sdk.Razor\targets\Microsoft.NET.Sdk.Razor.DesignTime.targets (55,53)", ╨╜╨╡ ╤Б╤Г╤Й╨╡╤Б╤В╨▓╤Г╨╡╤В ╨▓ ╨┐╤А╨╛╨╡╨║╤В╨╡ ╨╕ ╨▒╤Г╨┤╨╡╤В ╨┐╤А╨╛╨┐╤Г╤Й╨╡╨╜.
     1>╨Я╤А╨╛╨╡╨║╤В "C:\Users\user\OneDrive\╨а╨░╨▒╨╛╤З╨╕╨╣ ╤Б╤В╨╛╨╗\regi\WebApplication15\WebApplication15.csproj" (1) ╨▓╤Л╨┐╨╛╨╗╨╜╤П╨╡╤В ╤Б╨▒╨╛╤А╨║╤Г "C:\Users\user\OneDrive\╨а╨░╨▒╨╛╤З╨╕╨╣ ╤Б╤В╨╛╨╗\regi\WebApplication15\WebApplication15.csproj" (1:2) ╨▓ ╤Г╨╖╨╗╨╡ 1 (╤Ж╨╡╨╗╨╡╨▓╤Л╨╡ ╨╛╨▒╤К╨╡╨║╤В╤Л _IsProjectRestoreSupported).
   1:2>╨ж╨╡╨╗╨╡╨▓╨╛╨╣ ╨╛╨▒╤К╨╡╨║╤В "_IsProjectRestoreSupported" ╨▓ ╤Д╨░╨╣╨╗╨╡ "C:\Program Files\dotnet\sdk\9.0.200\NuGet.targets" ╨╕╨╖ ╨┐╤А╨╛╨╡╨║╤В╨░ "C:\Users\user\OneDrive\╨а╨░╨▒╨╛╤З╨╕╨╣ ╤Б╤В╨╛╨╗\regi\WebApplication15\WebApplication15.csproj" (╤В╨╛╤З╨║╨░ ╨▓╤Е╨╛╨┤╨░):
   1:2>╨б╨▒╨╛╤А╨║╨░ ╤Ж╨╡╨╗╨╡╨▓╨╛╨│╨╛ ╨╛╨▒╤К╨╡╨║╤В╨░ "_IsProjectRestoreSupported" ╨▓ ╨┐╤А╨╛╨╡╨║╤В╨╡ "WebApplication15.csproj" ╨╖╨░╨▓╨╡╤А╤И╨╡╨╜╨░.
   1:2>╨б╨▒╨╛╤А╨║╨░ ╨┐╤А╨╛╨╡╨║╤В╨░ "C:\Users\user\OneDrive\╨а╨░╨▒╨╛╤З╨╕╨╣ ╤Б╤В╨╛╨╗\regi\WebApplication15\WebApplication15.csproj" ╨╖╨░╨▓╨╡╤А╤И╨╡╨╜╨░ (╤Ж╨╡╨╗╨╡╨▓╤Л╨╡ ╨╛╨▒╤К╨╡╨║╤В╤Л _IsProjectRestoreSupported).
     1>╨Т╤Л╨┐╨╛╨╗╨╜╨╡╨╜╨╕╨╡ ╨╖╨░╨┤╨░╤З╨╕ "MSBuild" ╨╖╨░╨▓╨╡╤А╤И╨╡╨╜╨╛.
       ╨Ч╨░╨┤╨░╤З╨░ "MSBuild" ╨┐╤А╨╛╨┐╤Г╤Й╨╡╨╜╨░ ╨╕╨╖-╨╖╨░ ╨╜╨╡╨▓╤Л╨┐╨╛╨╗╨╜╨╡╨╜╨╜╨╛╨│╨╛ ╤Г╤Б╨╗╨╛╨▓╨╕╤П; ╨▓╤Л╤А╨░╨╢╨╡╨╜╨╕╨╡ ( '$(RestoreUseSkipNonexistentTargets)' != 'true' ) ╤А╨░╨▓╨╜╨╛ ( 'true' != 'true' ).
       ╨б╨▒╨╛╤А╨║╨░ ╨╖╨░╨│╤А╤Г╨╢╨╡╨╜╨░ ╨▓╨╛ ╨▓╤А╨╡╨╝╤П TaskRun: NuGet.Build.Tasks, Version=6.13.0.113, Culture=neutral, PublicKeyToken=31bf3856ad364e35 (╤А╨░╤Б╨┐╨╛╨╗╨╛╨╢╨╡╨╜╨╕╨╡: C:\Program Files\dotnet\sdk\9.0.200\NuGet.Build.Tasks.dll, MVID: e954483c-cd56-4db0-af0b-9443340cbe55, AssemblyLoadContext: MSBuild plugin C:\Program Files\dotnet\sdk\9.0.200\NuGet.Build.Tasks.dll)
       ╨б╨▒╨╛╤А╨║╨░ ╨╖╨░╨│╤А╤Г╨╢╨╡╨╜╨░ ╨▓╨╛ ╨▓╤А╨╡╨╝╤П TaskRun: NuGet.Common, Version=6.13.0.113, Culture=neutral, PublicKeyToken=31bf3856ad364e35 (╤А╨░╤Б╨┐╨╛╨╗╨╛╨╢╨╡╨╜╨╕╨╡: C:\Program Files\dotnet\sdk\9.0.200\NuGet.Common.dll, MVID: 8c210dd2-d3bb-4c6c-bde5-7e502c8f16b1, AssemblyLoadContext: MSBuild plugin C:\Program Files\dotnet\sdk\9.0.200\NuGet.Build.Tasks.dll)
       ╨б╨▒╨╛╤А╨║╨░ ╨╖╨░╨│╤А╤Г╨╢╨╡╨╜╨░ ╨▓╨╛ ╨▓╤А╨╡╨╝╤П TaskRun: NuGet.Commands, Version=6.13.0.113, Culture=neutral, PublicKeyToken=31bf3856ad364e35 (╤А╨░╤Б╨┐╨╛╨╗╨╛╨╢╨╡╨╜╨╕╨╡: C:\Program Files\dotnet\sdk\9.0.200\NuGet.Commands.dll, MVID: 72c1260d-ea38-4a63-8839-e35577cf9377, AssemblyLoadContext: MSBuild plugin C:\Program Files\dotnet\sdk\9.0.200\NuGet.Build.Tasks.dll)
       ╨б╨▒╨╛╤А╨║╨░ ╨╖╨░╨│╤А╤Г╨╢╨╡╨╜╨░ ╨▓╨╛ ╨▓╤А╨╡╨╝╤П TaskRun: NuGet.ProjectModel, Version=6.13.0.113, Culture=neutral, PublicKeyToken=31bf3856ad364e35 (╤А╨░╤Б╨┐╨╛╨╗╨╛╨╢╨╡╨╜╨╕╨╡: C:\Program Files\dotnet\sdk\9.0.200\NuGet.ProjectModel.dll, MVID: 1dbf1a45-1dd4-422b-9f45-251db02621ba, AssemblyLoadContext: MSBuild plugin C:\Program Files\dotnet\sdk\9.0.200\NuGet.Build.Tasks.dll)
       ╨Ш╤Б╨┐╨╛╨╗╤М╨╖╤Г╨╡╤В╤Б╤П ╨╖╨░╨┤╨░╤З╨░ "WarnForInvalidProjectsTask" ╨╕╨╖ ╤Б╨▒╨╛╤А╨║╨╕ "C:\Program Files\dotnet\sdk\9.0.200\NuGet.Build.Tasks.dll".
       ╨Ч╨░╨┤╨░╤З╨░ "WarnForInvalidProjectsTask"
       ╨Т╤Л╨┐╨╛╨╗╨╜╨╡╨╜╨╕╨╡ ╨╖╨░╨┤╨░╤З╨╕ "WarnForInvalidProjectsTask" ╨╖╨░╨▓╨╡╤А╤И╨╡╨╜╨╛.
     1>╨б╨▒╨╛╤А╨║╨░ ╤Ж╨╡╨╗╨╡╨▓╨╛╨│╨╛ ╨╛╨▒╤К╨╡╨║╤В╨░ "_FilterRestoreGraphProjectInputItems" ╨▓ ╨┐╤А╨╛╨╡╨║╤В╨╡ "WebApplication15.csproj" ╨╖╨░╨▓╨╡╤А╤И╨╡╨╜╨░.
       ╨ж╨╡╨╗╨╡╨▓╨╛╨╣ ╨╛╨▒╤К╨╡╨║╤В "_FilterRestoreGraphProjectInputItems" ╨┐╤А╨╛╨┐╤Г╤Й╨╡╨╜. ╨Я╤А╨╡╨┤╤Л╨┤╤Г╤Й╨░╤П ╤Б╨▒╨╛╤А╨║╨░ ╤Г╤Б╨┐╨╡╤И╨╜╨░.
     1>╨ж╨╡╨╗╨╡╨▓╨╛╨╣ ╨╛╨▒╤К╨╡╨║╤В "_GetAllRestoreProjectPathItems" ╨▓ ╤Д╨░╨╣╨╗╨╡ "C:\Program Files\dotnet\sdk\9.0.200\NuGet.targets" ╨╕╨╖ ╨┐╤А╨╛╨╡╨║╤В╨░ "C:\Users\user\OneDrive\╨а╨░╨▒╨╛╤З╨╕╨╣ ╤Б╤В╨╛╨╗\regi\WebApplication15\WebApplication15.csproj" (╤Ж╨╡╨╗╨╡╨▓╨╛╨╣ ╨╛╨▒╤К╨╡╨║╤В "_GenerateRestoreGraph" ╨╖╨░╨▓╨╕╤Б╨╕╤В ╨╛╤В ╨╜╨╡╨│╨╛):
       ╨Ш╤Б╨┐╨╛╨╗╤М╨╖╤Г╨╡╤В╤Б╤П ╨╖╨░╨┤╨░╤З╨░ "NuGetMessageTask" ╨╕╨╖ ╤Б╨▒╨╛╤А╨║╨╕ "C:\Program Files\dotnet\sdk\9.0.200\NuGet.Build.Tasks.dll".
       ╨Ч╨░╨┤╨░╤З╨░ "NuGetMessageTask"
         ╨б╨▒╨╛╤А╨║╨░ ╨╖╨░╨│╤А╤Г╨╢╨╡╨╜╨░ ╨▓╨╛ ╨▓╤А╨╡╨╝╤П TaskRun (NuGet.Build.Tasks.NuGetMessageTask): NuGet.Build.Tasks.resources, Version=6.13.0.113, Culture=ru, PublicKeyToken=31bf3856ad364e35, processorArchitecture=MSIL (╤А╨░╤Б╨┐╨╛╨╗╨╛╨╢╨╡╨╜╨╕╨╡: C:\Program Files\dotnet\sdk\9.0.200\ru\NuGet.Build.Tasks.resources.dll, MVID: 8f7a840b-e754-43f3-b732-79db1236078c, AssemblyLoadContext: MSBuild plugin C:\Program Files\dotnet\sdk\9.0.200\NuGet.Build.Tasks.dll)
         ╨Ю╨┐╤А╨╡╨┤╨╡╨╗╨╡╨╜╨╕╨╡ ╨┐╤А╨╛╨╡╨║╤В╨╛╨▓ ╨┤╨╗╤П ╨▓╨╛╤Б╤Б╤В╨░╨╜╨╛╨▓╨╗╨╡╨╜╨╕╤П...
       ╨Т╤Л╨┐╨╛╨╗╨╜╨╡╨╜╨╕╨╡ ╨╖╨░╨┤╨░╤З╨╕ "NuGetMessageTask" ╨╖╨░╨▓╨╡╤А╤И╨╡╨╜╨╛.
       ╨Ч╨░╨┤╨░╤З╨░ "MSBuild"
         ╨У╨╗╨╛╨▒╨░╨╗╤М╨╜╤Л╨╡ ╤Б╨▓╨╛╨╣╤Б╤В╨▓╨░:
           ExcludeRestorePackageImports=true
     1>╨Я╤А╨╛╨╡╨║╤В "C:\Users\user\OneDrive\╨а╨░╨▒╨╛╤З╨╕╨╣ ╤Б╤В╨╛╨╗\regi\WebApplication15\WebApplication15.csproj" (1) ╨▓╤Л╨┐╨╛╨╗╨╜╤П╨╡╤В ╤Б╨▒╨╛╤А╨║╤Г "C:\Users\user\OneDrive\╨а╨░╨▒╨╛╤З╨╕╨╣ ╤Б╤В╨╛╨╗\regi\WebApplication15\WebApplication15.csproj" (1:3) ╨▓ ╤Г╨╖╨╗╨╡ 1 (╤Ж╨╡╨╗╨╡╨▓╤Л╨╡ ╨╛╨▒╤К╨╡╨║╤В╤Л _GenerateRestoreProjectPathWalk).
   1:3>╨ж╨╡╨╗╨╡╨▓╨╛╨╣ ╨╛╨▒╤К╨╡╨║╤В "_GenerateRestoreProjectPathItemsAllFrameworks" ╨┐╤А╨╛╨┐╤Г╤Й╨╡╨╜ ╨╕╨╖-╨╖╨░ ╨╜╨╡╨▓╤Л╨┐╨╛╨╗╨╜╨╡╨╜╨╜╨╛╨│╨╛ ╤Г╤Б╨╗╨╛╨▓╨╕╤П; ╨▓╤Л╤А╨░╨╢╨╡╨╜╨╕╨╡ ( '$(TargetFrameworks)' != '' ) ╤А╨░╨▓╨╜╨╛ ( '' != '' ).
   1:3>╨ж╨╡╨╗╨╡╨▓╨╛╨╣ ╨╛╨▒╤К╨╡╨║╤В "_GenerateRestoreProjectPathItemsPerFramework" ╨▓ ╤Д╨░╨╣╨╗╨╡ "C:\Program Files\dotnet\sdk\9.0.200\NuGet.targets" ╨╕╨╖ ╨┐╤А╨╛╨╡╨║╤В╨░ "C:\Users\user\OneDrive\╨а╨░╨▒╨╛╤З╨╕╨╣ ╤Б╤В╨╛╨╗\regi\WebApplication15\WebApplication15.csproj" (╤Ж╨╡╨╗╨╡╨▓╨╛╨╣ ╨╛╨▒╤К╨╡╨║╤В "_GenerateRestoreProjectPathItemsCurrentProject" ╨╖╨░╨▓╨╕╤Б╨╕╤В ╨╛╤В ╨╜╨╡╨│╨╛):
       ╨Ш╤Б╨┐╨╛╨╗╤М╨╖╤Г╨╡╤В╤Б╤П ╨╖╨░╨┤╨░╤З╨░ "ConvertToAbsolutePath" ╨╕╨╖ ╤Б╨▒╨╛╤А╨║╨╕ "Microsoft.Build.Tasks.Core, Version=15.1.0.0, Culture=neutral, PublicKeyToken=b03f5f7f11d50a3a".
       ╨Ч╨░╨┤╨░╤З╨░ "ConvertToAbsolutePath"
       ╨Т╤Л╨┐╨╛╨╗╨╜╨╡╨╜╨╕╨╡ ╨╖╨░╨┤╨░╤З╨╕ "ConvertToAbsolutePath" ╨╖╨░╨▓╨╡╤А╤И╨╡╨╜╨╛.
   1:3>╨б╨▒╨╛╤А╨║╨░ ╤Ж╨╡╨╗╨╡╨▓╨╛╨│╨╛ ╨╛╨▒╤К╨╡╨║╤В╨░ "_GenerateRestoreProjectPathItemsPerFramework" ╨▓ ╨┐╤А╨╛╨╡╨║╤В╨╡ "WebApplication15.csproj" ╨╖╨░╨▓╨╡╤А╤И╨╡╨╜╨░.
   1:3>╨ж╨╡╨╗╨╡╨▓╨╛╨╣ ╨╛╨▒╤К╨╡╨║╤В "_GenerateRestoreProjectPathItemsCurrentProject" ╨▓ ╤Д╨░╨╣╨╗╨╡ "C:\Program Files\dotnet\sdk\9.0.200\NuGet.targets" ╨╕╨╖ ╨┐╤А╨╛╨╡╨║╤В╨░ "C:\Users\user\OneDrive\╨а╨░╨▒╨╛╤З╨╕╨╣ ╤Б╤В╨╛╨╗\regi\WebApplication15\WebApplication15.csproj" (╤Ж╨╡╨╗╨╡╨▓╨╛╨╣ ╨╛╨▒╤К╨╡╨║╤В "_GenerateRestoreProjectPathItems" ╨╖╨░╨▓╨╕╤Б╨╕╤В ╨╛╤В ╨╜╨╡╨│╨╛):
   1:3>╨б╨▒╨╛╤А╨║╨░ ╤Ж╨╡╨╗╨╡╨▓╨╛╨│╨╛ ╨╛╨▒╤К╨╡╨║╤В╨░ "_GenerateRestoreProjectPathItemsCurrentProject" ╨▓ ╨┐╤А╨╛╨╡╨║╤В╨╡ "WebApplication15.csproj" ╨╖╨░╨▓╨╡╤А╤И╨╡╨╜╨░.
   1:3>╨ж╨╡╨╗╨╡╨▓╨╛╨╣ ╨╛╨▒╤К╨╡╨║╤В "_GenerateRestoreProjectPathItems" ╨▓ ╤Д╨░╨╣╨╗╨╡ "C:\Program Files\dotnet\sdk\9.0.200\NuGet.targets" ╨╕╨╖ ╨┐╤А╨╛╨╡╨║╤В╨░ "C:\Users\user\OneDrive\╨а╨░╨▒╨╛╤З╨╕╨╣ ╤Б╤В╨╛╨╗\regi\WebApplication15\WebApplication15.csproj" (╤Ж╨╡╨╗╨╡╨▓╨╛╨╣ ╨╛╨▒╤К╨╡╨║╤В "_GenerateRestoreProjectPathWalk" ╨╖╨░╨▓╨╕╤Б╨╕╤В ╨╛╤В ╨╜╨╡╨│╨╛):
       ╨Ч╨░╨┤╨░╤З╨░ "RemoveDuplicates"
       ╨Т╤Л╨┐╨╛╨╗╨╜╨╡╨╜╨╕╨╡ ╨╖╨░╨┤╨░╤З╨╕ "RemoveDuplicates" ╨╖╨░╨▓╨╡╤А╤И╨╡╨╜╨╛.
   1:3>╨б╨▒╨╛╤А╨║╨░ ╤Ж╨╡╨╗╨╡╨▓╨╛╨│╨╛ ╨╛╨▒╤К╨╡╨║╤В╨░ "_GenerateRestoreProjectPathItems" ╨▓ ╨┐╤А╨╛╨╡╨║╤В╨╡ "WebApplication15.csproj" ╨╖╨░╨▓╨╡╤А╤И╨╡╨╜╨░.
   1:3>╨ж╨╡╨╗╨╡╨▓╨╛╨╣ ╨╛╨▒╤К╨╡╨║╤В "_GenerateRestoreProjectPathWalk" ╨▓ ╤Д╨░╨╣╨╗╨╡ "C:\Program Files\dotnet\sdk\9.0.200\NuGet.targets" ╨╕╨╖ ╨┐╤А╨╛╨╡╨║╤В╨░ "C:\Users\user\OneDrive\╨а╨░╨▒╨╛╤З╨╕╨╣ ╤Б╤В╨╛╨╗\regi\WebApplication15\WebApplication15.csproj" (╤В╨╛╤З╨║╨░ ╨▓╤Е╨╛╨┤╨░):
       ╨Ч╨░╨┤╨░╤З╨░ "MSBuild"
       ╨Т╤Л╨┐╨╛╨╗╨╜╨╡╨╜╨╕╨╡ ╨╖╨░╨┤╨░╤З╨╕ "MSBuild" ╨╖╨░╨▓╨╡╤А╤И╨╡╨╜╨╛.
       ╨Ч╨░╨┤╨░╤З╨░ "MSBuild" ╨┐╤А╨╛╨┐╤Г╤Й╨╡╨╜╨░ ╨╕╨╖-╨╖╨░ ╨╜╨╡╨▓╤Л╨┐╨╛╨╗╨╜╨╡╨╜╨╜╨╛╨│╨╛ ╤Г╤Б╨╗╨╛╨▓╨╕╤П; ╨▓╤Л╤А╨░╨╢╨╡╨╜╨╕╨╡ ( '$(RestoreUseSkipNonexistentTargets)' != 'true' ) ╤А╨░╨▓╨╜╨╛ ( 'true' != 'true' ).
       ╨Ч╨░╨┤╨░╤З╨░ "RemoveDuplicates"
       ╨Т╤Л╨┐╨╛╨╗╨╜╨╡╨╜╨╕╨╡ ╨╖╨░╨┤╨░╤З╨╕ "RemoveDuplicates" ╨╖╨░╨▓╨╡╤А╤И╨╡╨╜╨╛.
   1:3>╨б╨▒╨╛╤А╨║╨░ ╤Ж╨╡╨╗╨╡╨▓╨╛╨│╨╛ ╨╛╨▒╤К╨╡╨║╤В╨░ "_GenerateRestoreProjectPathWalk" ╨▓ ╨┐╤А╨╛╨╡╨║╤В╨╡ "WebApplication15.csproj" ╨╖╨░╨▓╨╡╤А╤И╨╡╨╜╨░.
   1:3>╨б╨▒╨╛╤А╨║╨░ ╨┐╤А╨╛╨╡╨║╤В╨░ "C:\Users\user\OneDrive\╨а╨░╨▒╨╛╤З╨╕╨╣ ╤Б╤В╨╛╨╗\regi\WebApplication15\WebApplication15.csproj" ╨╖╨░╨▓╨╡╤А╤И╨╡╨╜╨░ (╤Ж╨╡╨╗╨╡╨▓╤Л╨╡ ╨╛╨▒╤К╨╡╨║╤В╤Л _GenerateRestoreProjectPathWalk).
     1>╨Т╤Л╨┐╨╛╨╗╨╜╨╡╨╜╨╕╨╡ ╨╖╨░╨┤╨░╤З╨╕ "MSBuild" ╨╖╨░╨▓╨╡╤А╤И╨╡╨╜╨╛.
       ╨Ч╨░╨┤╨░╤З╨░ "MSBuild" ╨┐╤А╨╛╨┐╤Г╤Й╨╡╨╜╨░ ╨╕╨╖-╨╖╨░ ╨╜╨╡╨▓╤Л╨┐╨╛╨╗╨╜╨╡╨╜╨╜╨╛╨│╨╛ ╤Г╤Б╨╗╨╛╨▓╨╕╤П; ╨▓╤Л╤А╨░╨╢╨╡╨╜╨╕╨╡ ( '$(RestoreUseSkipNonexistentTargets)' != 'true' ) ╤А╨░╨▓╨╜╨╛ ( 'true' != 'true' ).
       ╨Ч╨░╨┤╨░╤З╨░ "RemoveDuplicates"
       ╨Т╤Л╨┐╨╛╨╗╨╜╨╡╨╜╨╕╨╡ ╨╖╨░╨┤╨░╤З╨╕ "RemoveDuplicates" ╨╖╨░╨▓╨╡╤А╤И╨╡╨╜╨╛.
       ╨Ч╨░╨┤╨░╤З╨░ "MSBuild"
         ╨У╨╗╨╛╨▒╨░╨╗╤М╨╜╤Л╨╡ ╤Б╨▓╨╛╨╣╤Б╤В╨▓╨░:
           ExcludeRestorePackageImports=true
     1>╨Я╤А╨╛╨╡╨║╤В "C:\Users\user\OneDrive\╨а╨░╨▒╨╛╤З╨╕╨╣ ╤Б╤В╨╛╨╗\regi\WebApplication15\WebApplication15.csproj" (1) ╨▓╤Л╨┐╨╛╨╗╨╜╤П╨╡╤В ╤Б╨▒╨╛╤А╨║╤Г "C:\Users\user\OneDrive\╨а╨░╨▒╨╛╤З╨╕╨╣ ╤Б╤В╨╛╨╗\regi\WebApplication15\WebApplication15.csproj" (1:4) ╨▓ ╤Г╨╖╨╗╨╡ 1 (╤Ж╨╡╨╗╨╡╨▓╤Л╨╡ ╨╛╨▒╤К╨╡╨║╤В╤Л _IsProjectRestoreSupported).
   1:4>╨ж╨╡╨╗╨╡╨▓╨╛╨╣ ╨╛╨▒╤К╨╡╨║╤В "_IsProjectRestoreSupported" ╨┐╤А╨╛╨┐╤Г╤Й╨╡╨╜. ╨Я╤А╨╡╨┤╤Л╨┤╤Г╤Й╨░╤П ╤Б╨▒╨╛╤А╨║╨░ ╤Г╤Б╨┐╨╡╤И╨╜╨░.
   1:4>╨б╨▒╨╛╤А╨║╨░ ╨┐╤А╨╛╨╡╨║╤В╨░ "C:\Users\user\OneDrive\╨а╨░╨▒╨╛╤З╨╕╨╣ ╤Б╤В╨╛╨╗\regi\WebApplication15\WebApplication15.csproj" ╨╖╨░╨▓╨╡╤А╤И╨╡╨╜╨░ (╤Ж╨╡╨╗╨╡╨▓╤Л╨╡ ╨╛╨▒╤К╨╡╨║╤В╤Л _IsProjectRestoreSupported).
     1>╨Т╤Л╨┐╨╛╨╗╨╜╨╡╨╜╨╕╨╡ ╨╖╨░╨┤╨░╤З╨╕ "MSBuild" ╨╖╨░╨▓╨╡╤А╤И╨╡╨╜╨╛.
       ╨Ч╨░╨┤╨░╤З╨░ "MSBuild" ╨┐╤А╨╛╨┐╤Г╤Й╨╡╨╜╨░ ╨╕╨╖-╨╖╨░ ╨╜╨╡╨▓╤Л╨┐╨╛╨╗╨╜╨╡╨╜╨╜╨╛╨│╨╛ ╤Г╤Б╨╗╨╛╨▓╨╕╤П; ╨▓╤Л╤А╨░╨╢╨╡╨╜╨╕╨╡ ( '$(RestoreUseSkipNonexistentTargets)' != 'true' ) ╤А╨░╨▓╨╜╨╛ ( 'true' != 'true' ).
     1>╨б╨▒╨╛╤А╨║╨░ ╤Ж╨╡╨╗╨╡╨▓╨╛╨│╨╛ ╨╛╨▒╤К╨╡╨║╤В╨░ "_GetAllRestoreProjectPathItems" ╨▓ ╨┐╤А╨╛╨╡╨║╤В╨╡ "WebApplication15.csproj" ╨╖╨░╨▓╨╡╤А╤И╨╡╨╜╨░.
     1>╨ж╨╡╨╗╨╡╨▓╨╛╨╣ ╨╛╨▒╤К╨╡╨║╤В "_GenerateRestoreGraph" ╨▓ ╤Д╨░╨╣╨╗╨╡ "C:\Program Files\dotnet\sdk\9.0.200\NuGet.targets" ╨╕╨╖ ╨┐╤А╨╛╨╡╨║╤В╨░ "C:\Users\user\OneDrive\╨а╨░╨▒╨╛╤З╨╕╨╣ ╤Б╤В╨╛╨╗\regi\WebApplication15\WebApplication15.csproj" (╤Ж╨╡╨╗╨╡╨▓╨╛╨╣ ╨╛╨▒╤К╨╡╨║╤В "Restore" ╨╖╨░╨▓╨╕╤Б╨╕╤В ╨╛╤В ╨╜╨╡╨│╨╛):
       ╨Ш╤Б╨┐╨╛╨╗╤М╨╖╤Г╨╡╤В╤Б╤П ╨╖╨░╨┤╨░╤З╨░ "Message" ╨╕╨╖ ╤Б╨▒╨╛╤А╨║╨╕ "Microsoft.Build.Tasks.Core, Version=15.1.0.0, Culture=neutral, PublicKeyToken=b03f5f7f11d50a3a".
       ╨Ч╨░╨┤╨░╤З╨░ "Message"
         Generating dg file
       ╨Т╤Л╨┐╨╛╨╗╨╜╨╡╨╜╨╕╨╡ ╨╖╨░╨┤╨░╤З╨╕ "Message" ╨╖╨░╨▓╨╡╤А╤И╨╡╨╜╨╛.
       ╨Ч╨░╨┤╨░╤З╨░ "Message"
         C:\Users\user\OneDrive\╨а╨░╨▒╨╛╤З╨╕╨╣ ╤Б╤В╨╛╨╗\regi\WebApplication15\WebApplication15.csproj
       ╨Т╤Л╨┐╨╛╨╗╨╜╨╡╨╜╨╕╨╡ ╨╖╨░╨┤╨░╤З╨╕ "Message" ╨╖╨░╨▓╨╡╤А╤И╨╡╨╜╨╛.
       ╨Ч╨░╨┤╨░╤З╨░ "MSBuild"
         ╨У╨╗╨╛╨▒╨░╨╗╤М╨╜╤Л╨╡ ╤Б╨▓╨╛╨╣╤Б╤В╨▓╨░:
           ExcludeRestorePackageImports=true
     1>╨Я╤А╨╛╨╡╨║╤В "C:\Users\user\OneDrive\╨а╨░╨▒╨╛╤З╨╕╨╣ ╤Б╤В╨╛╨╗\regi\WebApplication15\WebApplication15.csproj" (1) ╨▓╤Л╨┐╨╛╨╗╨╜╤П╨╡╤В ╤Б╨▒╨╛╤А╨║╤Г "C:\Users\user\OneDrive\╨а╨░╨▒╨╛╤З╨╕╨╣ ╤Б╤В╨╛╨╗\regi\WebApplication15\WebApplication15.csproj" (1:5) ╨▓ ╤Г╨╖╨╗╨╡ 1 (╤Ж╨╡╨╗╨╡╨▓╤Л╨╡ ╨╛╨▒╤К╨╡╨║╤В╤Л _GenerateRestoreGraphProjectEntry).
   1:5>╨ж╨╡╨╗╨╡╨▓╨╛╨╣ ╨╛╨▒╤К╨╡╨║╤В "_GetProjectJsonPath" ╨▓ ╤Д╨░╨╣╨╗╨╡ "C:\Program Files\dotnet\sdk\9.0.200\NuGet.targets" ╨╕╨╖ ╨┐╤А╨╛╨╡╨║╤В╨░ "C:\Users\user\OneDrive\╨а╨░╨▒╨╛╤З╨╕╨╣ ╤Б╤В╨╛╨╗\regi\WebApplication15\WebApplication15.csproj" (╤Ж╨╡╨╗╨╡╨▓╨╛╨╣ ╨╛╨▒╤К╨╡╨║╤В "_GetRestoreProjectStyle" ╨╖╨░╨▓╨╕╤Б╨╕╤В ╨╛╤В ╨╜╨╡╨│╨╛):
   1:5>╨Ч╨░╨┤╨░╤З╨░ "GetRestoreProjectJsonPathTask" ╨┐╤А╨╛╨┐╤Г╤Й╨╡╨╜╨░ ╨╕╨╖-╨╖╨░ ╨╜╨╡╨▓╤Л╨┐╨╛╨╗╨╜╨╡╨╜╨╜╨╛╨│╨╛ ╤Г╤Б╨╗╨╛╨▓╨╕╤П; ╨▓╤Л╤А╨░╨╢╨╡╨╜╨╕╨╡ ( '$(RestoreProjectStyle)' == 'ProjectJson' OR '$(RestoreProjectStyle)' == '' ) ╤А╨░╨▓╨╜╨╛ ( 'PackageReference' == 'ProjectJson' OR 'PackageReference' == '' ).
   1:5>╨б╨▒╨╛╤А╨║╨░ ╤Ж╨╡╨╗╨╡╨▓╨╛╨│╨╛ ╨╛╨▒╤К╨╡╨║╤В╨░ "_GetProjectJsonPath" ╨▓ ╨┐╤А╨╛╨╡╨║╤В╨╡ "WebApplication15.csproj" ╨╖╨░╨▓╨╡╤А╤И╨╡╨╜╨░.
       ╨ж╨╡╨╗╨╡╨▓╨╛╨╣ ╨╛╨▒╤К╨╡╨║╤В "_CheckForUnsupportedTargetPlatformIdentifier" ╨┐╤А╨╛╨┐╤Г╤Й╨╡╨╜ ╨╕╨╖-╨╖╨░ ╨╜╨╡╨▓╤Л╨┐╨╛╨╗╨╜╨╡╨╜╨╜╨╛╨│╨╛ ╤Г╤Б╨╗╨╛╨▓╨╕╤П; ╨▓╤Л╤А╨░╨╢╨╡╨╜╨╕╨╡ ('$(TargetPlatformIdentifier)' != '' and '$(TargetFrameworkIdentifier)' == '.NETCoreApp' and $([MSBuild]::VersionGreaterThanOrEquals($(TargetFrameworkVersion), 5.0)) And ('$(DesignTimeBuild)' != 'true' Or '@(MissingWorkloadPack)' == '')) ╤А╨░╨▓╨╜╨╛ ('' != '' and '.NETCoreApp' == '.NETCoreApp' and True And ('' != 'true' Or '' == '')).
       ╨ж╨╡╨╗╨╡╨▓╨╛╨╣ ╨╛╨▒╤К╨╡╨║╤В "_CheckForMissingWorkload" ╨┐╤А╨╛╨┐╤Г╤Й╨╡╨╜ ╨╕╨╖-╨╖╨░ ╨╜╨╡╨▓╤Л╨┐╨╛╨╗╨╜╨╡╨╜╨╜╨╛╨│╨╛ ╤Г╤Б╨╗╨╛╨▓╨╕╤П; ╨▓╤Л╤А╨░╨╢╨╡╨╜╨╕╨╡ ('@(MissingWorkloadPack)' != '' And '$(DesignTimeBuild)' != 'true') ╤А╨░╨▓╨╜╨╛ ('' != '' And '' != 'true').
   1:5>╨ж╨╡╨╗╨╡╨▓╨╛╨╣ ╨╛╨▒╤К╨╡╨║╤В "_CheckForUnsupportedNETCoreVersion" ╨▓ ╤Д╨░╨╣╨╗╨╡ "C:\Program Files\dotnet\sdk\9.0.200\Sdks\Microsoft.NET.Sdk\targets\Microsoft.NET.TargetFrameworkInference.targets" ╨╕╨╖ ╨┐╤А╨╛╨╡╨║╤В╨░ "C:\Users\user\OneDrive\╨а╨░╨▒╨╛╤З╨╕╨╣ ╤Б╤В╨╛╨╗\regi\WebApplication15\WebApplication15.csproj" (╤Ж╨╡╨╗╨╡╨▓╨╛╨╣ ╨╛╨▒╤К╨╡╨║╤В "CollectPackageReferences" ╨╖╨░╨▓╨╕╤Б╨╕╤В ╨╛╤В ╨╜╨╡╨│╨╛):
       ╨Ч╨░╨┤╨░╤З╨░ "NETSdkError" ╨┐╤А╨╛╨┐╤Г╤Й╨╡╨╜╨░ ╨╕╨╖-╨╖╨░ ╨╜╨╡╨▓╤Л╨┐╨╛╨╗╨╜╨╡╨╜╨╜╨╛╨│╨╛ ╤Г╤Б╨╗╨╛╨▓╨╕╤П; ╨▓╤Л╤А╨░╨╢╨╡╨╜╨╕╨╡ ('$(_TargetFrameworkVersionWithoutV)' > '$(NETCoreAppMaximumVersion)' and '$(DisplayVSMessage)' != 'true') ╤А╨░╨▓╨╜╨╛ ('9.0' > '9.0' and '' != 'true').
       ╨Ч╨░╨┤╨░╤З╨░ "NETSdkError" ╨┐╤А╨╛╨┐╤Г╤Й╨╡╨╜╨░ ╨╕╨╖-╨╖╨░ ╨╜╨╡╨▓╤Л╨┐╨╛╨╗╨╜╨╡╨╜╨╜╨╛╨│╨╛ ╤Г╤Б╨╗╨╛╨▓╨╕╤П; ╨▓╤Л╤А╨░╨╢╨╡╨╜╨╕╨╡ ('$(DisplayVSMessage)' == 'true') ╤А╨░╨▓╨╜╨╛ ('' == 'true').
   1:5>╨б╨▒╨╛╤А╨║╨░ ╤Ж╨╡╨╗╨╡╨▓╨╛╨│╨╛ ╨╛╨▒╤К╨╡╨║╤В╨░ "_CheckForUnsupportedNETCoreVersion" ╨▓ ╨┐╤А╨╛╨╡╨║╤В╨╡ "WebApplication15.csproj" ╨╖╨░╨▓╨╡╤А╤И╨╡╨╜╨░.
       ╨ж╨╡╨╗╨╡╨▓╨╛╨╣ ╨╛╨▒╤К╨╡╨║╤В "_CheckForEolTargetFrameworks" ╨┐╤А╨╛╨┐╤Г╤Й╨╡╨╜ ╨╕╨╖-╨╖╨░ ╨╜╨╡╨▓╤Л╨┐╨╛╨╗╨╜╨╡╨╜╨╜╨╛╨│╨╛ ╤Г╤Б╨╗╨╛╨▓╨╕╤П; ╨▓╤Л╤А╨░╨╢╨╡╨╜╨╕╨╡ ('@(_EolNetCoreTargetFrameworkVersions->AnyHaveMetadataValue('Identity', '$(_TargetFrameworkVersionWithoutV)'))' and '$(TargetFrameworkIdentifier)' == '.NETCoreApp' and '$(CheckEolTargetFramework)' == 'true') ╤А╨░╨▓╨╜╨╛ ('false' and '.NETCoreApp' == '.NETCoreApp' and 'true' == 'true').
       ╨ж╨╡╨╗╨╡╨▓╨╛╨╣ ╨╛╨▒╤К╨╡╨║╤В "_CheckForEolWorkloads" ╨┐╤А╨╛╨┐╤Г╤Й╨╡╨╜ ╨╕╨╖-╨╖╨░ ╨╜╨╡╨▓╤Л╨┐╨╛╨╗╨╜╨╡╨╜╨╜╨╛╨│╨╛ ╤Г╤Б╨╗╨╛╨▓╨╕╤П; ╨▓╤Л╤А╨░╨╢╨╡╨╜╨╕╨╡ ('@(EolWorkload)' != '' and '$(CheckEolWorkloads)' == 'true') ╤А╨░╨▓╨╜╨╛ ('' != '' and 'true' == 'true').
       ╨ж╨╡╨╗╨╡╨▓╨╛╨╣ ╨╛╨▒╤К╨╡╨║╤В "_CheckForNotRecommendedNETStandardVersion" ╨┐╤А╨╛╨┐╤Г╤Й╨╡╨╜ ╨╕╨╖-╨╖╨░ ╨╜╨╡╨▓╤Л╨┐╨╛╨╗╨╜╨╡╨╜╨╜╨╛╨│╨╛ ╤Г╤Б╨╗╨╛╨▓╨╕╤П; ╨▓╤Л╤А╨░╨╢╨╡╨╜╨╕╨╡ ('$(TargetFrameworkIdentifier)' == '.NETStandard' and $([MSBuild]::VersionLessThan($(TargetFrameworkVersion), '2.0'))) ╤А╨░╨▓╨╜╨╛ ('.NETCoreApp' == '.NETStandard' and False).
   1:5>╨ж╨╡╨╗╨╡╨▓╨╛╨╣ ╨╛╨▒╤К╨╡╨║╤В "_CheckForUnsupportedCppNETCoreVersion" ╨▓ ╤Д╨░╨╣╨╗╨╡ "C:\Program Files\dotnet\sdk\9.0.200\Sdks\Microsoft.NET.Sdk\targets\Microsoft.NET.TargetFrameworkInference.targets" ╨╕╨╖ ╨┐╤А╨╛╨╡╨║╤В╨░ "C:\Users\user\OneDrive\╨а╨░╨▒╨╛╤З╨╕╨╣ ╤Б╤В╨╛╨╗\regi\WebApplication15\WebApplication15.csproj" (╤Ж╨╡╨╗╨╡╨▓╨╛╨╣ ╨╛╨▒╤К╨╡╨║╤В "CollectPackageReferences" ╨╖╨░╨▓╨╕╤Б╨╕╤В ╨╛╤В ╨╜╨╡╨│╨╛):
       ╨Ч╨░╨┤╨░╤З╨░ "NETSdkError" ╨┐╤А╨╛╨┐╤Г╤Й╨╡╨╜╨░ ╨╕╨╖-╨╖╨░ ╨╜╨╡╨▓╤Л╨┐╨╛╨╗╨╜╨╡╨╜╨╜╨╛╨│╨╛ ╤Г╤Б╨╗╨╛╨▓╨╕╤П; ╨▓╤Л╤А╨░╨╢╨╡╨╜╨╕╨╡ ('$(TargetFrameworkIdentifier)' == '.NETCoreApp' and '$(_TargetFrameworkVersionWithoutV)' < '3.1' and ('$(Language)' == 'C++' and '$(_EnablePackageReferencesInVCProjects)' != 'true')) ╤А╨░╨▓╨╜╨╛ ('.NETCoreApp' == '.NETCoreApp' and '9.0' < '3.1' and ('C#' == 'C++' and '' != 'true')).
   1:5>╨б╨▒╨╛╤А╨║╨░ ╤Ж╨╡╨╗╨╡╨▓╨╛╨│╨╛ ╨╛╨▒╤К╨╡╨║╤В╨░ "_CheckForUnsupportedCppNETCoreVersion" ╨▓ ╨┐╤А╨╛╨╡╨║╤В╨╡ "WebApplication15.csproj" ╨╖╨░╨▓╨╡╤А╤И╨╡╨╜╨░.
       ╨ж╨╡╨╗╨╡╨▓╨╛╨╣ ╨╛╨▒╤К╨╡╨║╤В "_CheckForUnsupportedNETStandardVersion" ╨┐╤А╨╛╨┐╤Г╤Й╨╡╨╜ ╨╕╨╖-╨╖╨░ ╨╜╨╡╨▓╤Л╨┐╨╛╨╗╨╜╨╡╨╜╨╜╨╛╨│╨╛ ╤Г╤Б╨╗╨╛╨▓╨╕╤П; ╨▓╤Л╤А╨░╨╢╨╡╨╜╨╕╨╡ ('$(TargetFrameworkIdentifier)' == '.NETStandard' And '$(NETStandardMaximumVersion)' != '') ╤А╨░╨▓╨╜╨╛ ('.NETCoreApp' == '.NETStandard' And '' != '').
       ╨ж╨╡╨╗╨╡╨▓╨╛╨╣ ╨╛╨▒╤К╨╡╨║╤В "_CheckForUnsupportedTargetFrameworkAndFeatureCombination" ╨┐╤А╨╛╨┐╤Г╤Й╨╡╨╜ ╨╕╨╖-╨╖╨░ ╨╜╨╡╨▓╤Л╨┐╨╛╨╗╨╜╨╡╨╜╨╜╨╛╨│╨╛ ╤Г╤Б╨╗╨╛╨▓╨╕╤П; ╨▓╤Л╤А╨░╨╢╨╡╨╜╨╕╨╡ ('$(TargetFrameworkIdentifier)' == '.NETFramework') ╤А╨░╨▓╨╜╨╛ ('.NETCoreApp' == '.NETFramework').
   1:5>╨ж╨╡╨╗╨╡╨▓╨╛╨╣ ╨╛╨▒╤К╨╡╨║╤В "UpdateAspNetToFrameworkReference" ╨▓ ╤Д╨░╨╣╨╗╨╡ "C:\Program Files\dotnet\sdk\9.0.200\Sdks\Microsoft.NET.Sdk\targets\Microsoft.NET.Sdk.DefaultItems.Shared.targets" ╨╕╨╖ ╨┐╤А╨╛╨╡╨║╤В╨░ "C:\Users\user\OneDrive\╨а╨░╨▒╨╛╤З╨╕╨╣ ╤Б╤В╨╛╨╗\regi\WebApplication15\WebApplication15.csproj" (╤Ж╨╡╨╗╨╡╨▓╨╛╨╣ ╨╛╨▒╤К╨╡╨║╤В "ApplyImplicitVersions" ╨╖╨░╨▓╨╕╤Б╨╕╤В ╨╛╤В ╨╜╨╡╨│╨╛):
       ╨Ш╤Б╨┐╨╛╨╗╤М╨╖╤Г╨╡╤В╤Б╤П ╨╖╨░╨┤╨░╤З╨░ "CheckIfPackageReferenceShouldBeFrameworkReference" ╨╕╨╖ ╤Б╨▒╨╛╤А╨║╨╕ "C:\Program Files\dotnet\sdk\9.0.200\Sdks\Microsoft.NET.Sdk\targets\..\tools\net9.0\Microsoft.NET.Build.Tasks.dll".
       ╨Ч╨░╨┤╨░╤З╨░ "CheckIfPackageReferenceShouldBeFrameworkReference"
       ╨Т╤Л╨┐╨╛╨╗╨╜╨╡╨╜╨╕╨╡ ╨╖╨░╨┤╨░╤З╨╕ "CheckIfPackageReferenceShouldBeFrameworkReference" ╨╖╨░╨▓╨╡╤А╤И╨╡╨╜╨╛.
       ╨Ч╨░╨┤╨░╤З╨░ "NETSdkError" ╨┐╤А╨╛╨┐╤Г╤Й╨╡╨╜╨░ ╨╕╨╖-╨╖╨░ ╨╜╨╡╨▓╤Л╨┐╨╛╨╗╨╜╨╡╨╜╨╜╨╛╨│╨╛ ╤Г╤Б╨╗╨╛╨▓╨╕╤П; ╨▓╤Л╤А╨░╨╢╨╡╨╜╨╕╨╡ ('$(_ShouldRemoveAspNetCoreAll)' == 'true') ╤А╨░╨▓╨╜╨╛ ('False' == 'true').
       ╨Ч╨░╨┤╨░╤З╨░ "CheckIfPackageReferenceShouldBeFrameworkReference"
       ╨Т╤Л╨┐╨╛╨╗╨╜╨╡╨╜╨╕╨╡ ╨╖╨░╨┤╨░╤З╨╕ "CheckIfPackageReferenceShouldBeFrameworkReference" ╨╖╨░╨▓╨╡╤А╤И╨╡╨╜╨╛.
       ╨Ч╨░╨┤╨░╤З╨░ "NETSdkWarning" ╨┐╤А╨╛╨┐╤Г╤Й╨╡╨╜╨░ ╨╕╨╖-╨╖╨░ ╨╜╨╡╨▓╤Л╨┐╨╛╨╗╨╜╨╡╨╜╨╜╨╛╨│╨╛ ╤Г╤Б╨╗╨╛╨▓╨╕╤П; ╨▓╤Л╤А╨░╨╢╨╡╨╜╨╕╨╡ ('$(_ShouldRemoveAspNetCoreApp)' == 'true') ╤А╨░╨▓╨╜╨╛ ('False' == 'true').
   1:5>╨б╨▒╨╛╤А╨║╨░ ╤Ж╨╡╨╗╨╡╨▓╨╛╨│╨╛ ╨╛╨▒╤К╨╡╨║╤В╨░ "UpdateAspNetToFrameworkReference" ╨▓ ╨┐╤А╨╛╨╡╨║╤В╨╡ "WebApplication15.csproj" ╨╖╨░╨▓╨╡╤А╤И╨╡╨╜╨░.
       ╨ж╨╡╨╗╨╡╨▓╨╛╨╣ ╨╛╨▒╤К╨╡╨║╤В "IncludeTargetingPackReference" ╨┐╤А╨╛╨┐╤Г╤Й╨╡╨╜ ╨╕╨╖-╨╖╨░ ╨╜╨╡╨▓╤Л╨┐╨╛╨╗╨╜╨╡╨╜╨╜╨╛╨│╨╛ ╤Г╤Б╨╗╨╛╨▓╨╕╤П; ╨▓╤Л╤А╨░╨╢╨╡╨╜╨╕╨╡ ('$(TargetFrameworkMoniker)' != '' and '$(TargetFrameworkIdentifier)' == '.NETFramework' and '$(AutomaticallyUseReferenceAssemblyPackages)' == 'true') ╤А╨░╨▓╨╜╨╛ ('.NETCoreApp,Version=v9.0' != '' and '.NETCoreApp' == '.NETFramework' and 'true' == 'true').
   1:5>╨ж╨╡╨╗╨╡╨▓╨╛╨╣ ╨╛╨▒╤К╨╡╨║╤В "CheckForImplicitPackageReferenceOverrides" ╨▓ ╤Д╨░╨╣╨╗╨╡ "C:\Program Files\dotnet\sdk\9.0.200\Sdks\Microsoft.NET.Sdk\targets\Microsoft.NET.Sdk.DefaultItems.Shared.targets" ╨╕╨╖ ╨┐╤А╨╛╨╡╨║╤В╨░ "C:\Users\user\OneDrive\╨а╨░╨▒╨╛╤З╨╕╨╣ ╤Б╤В╨╛╨╗\regi\WebApplication15\WebApplication15.csproj" (╤Ж╨╡╨╗╨╡╨▓╨╛╨╣ ╨╛╨▒╤К╨╡╨║╤В "ApplyImplicitVersions" ╨╖╨░╨▓╨╕╤Б╨╕╤В ╨╛╤В ╨╜╨╡╨│╨╛):
       ╨Ш╤Б╨┐╨╛╨╗╤М╨╖╤Г╨╡╤В╤Б╤П ╨╖╨░╨┤╨░╤З╨░ "CheckForImplicitPackageReferenceOverrides" ╨╕╨╖ ╤Б╨▒╨╛╤А╨║╨╕ "C:\Program Files\dotnet\sdk\9.0.200\Sdks\Microsoft.NET.Sdk\targets\..\tools\net9.0\Microsoft.NET.Build.Tasks.dll".
       ╨Ч╨░╨┤╨░╤З╨░ "CheckForImplicitPackageReferenceOverrides"
       ╨Т╤Л╨┐╨╛╨╗╨╜╨╡╨╜╨╕╨╡ ╨╖╨░╨┤╨░╤З╨╕ "CheckForImplicitPackageReferenceOverrides" ╨╖╨░╨▓╨╡╤А╤И╨╡╨╜╨╛.
   1:5>╨б╨▒╨╛╤А╨║╨░ ╤Ж╨╡╨╗╨╡╨▓╨╛╨│╨╛ ╨╛╨▒╤К╨╡╨║╤В╨░ "CheckForImplicitPackageReferenceOverrides" ╨▓ ╨┐╤А╨╛╨╡╨║╤В╨╡ "WebApplication15.csproj" ╨╖╨░╨▓╨╡╤А╤И╨╡╨╜╨░.
   1:5>╨ж╨╡╨╗╨╡╨▓╨╛╨╣ ╨╛╨▒╤К╨╡╨║╤В "ApplyImplicitVersions" ╨▓ ╤Д╨░╨╣╨╗╨╡ "C:\Program Files\dotnet\sdk\9.0.200\Sdks\Microsoft.NET.Sdk\targets\Microsoft.NET.Sdk.DefaultItems.Shared.targets" ╨╕╨╖ ╨┐╤А╨╛╨╡╨║╤В╨░ "C:\Users\user\OneDrive\╨а╨░╨▒╨╛╤З╨╕╨╣ ╤Б╤В╨╛╨╗\regi\WebApplication15\WebApplication15.csproj" (╤Ж╨╡╨╗╨╡╨▓╨╛╨╣ ╨╛╨▒╤К╨╡╨║╤В "CollectPackageReferences" ╨╖╨░╨▓╨╕╤Б╨╕╤В ╨╛╤В ╨╜╨╡╨│╨╛):
       ╨Ш╤Б╨┐╨╛╨╗╤М╨╖╤Г╨╡╤В╤Б╤П ╨╖╨░╨┤╨░╤З╨░ "ApplyImplicitVersions" ╨╕╨╖ ╤Б╨▒╨╛╤А╨║╨╕ "C:\Program Files\dotnet\sdk\9.0.200\Sdks\Microsoft.NET.Sdk\targets\..\tools\net9.0\Microsoft.NET.Build.Tasks.dll".
       ╨Ч╨░╨┤╨░╤З╨░ "ApplyImplicitVersions"
       ╨Т╤Л╨┐╨╛╨╗╨╜╨╡╨╜╨╕╨╡ ╨╖╨░╨┤╨░╤З╨╕ "ApplyImplicitVersions" ╨╖╨░╨▓╨╡╤А╤И╨╡╨╜╨╛.
   1:5>╨б╨▒╨╛╤А╨║╨░ ╤Ж╨╡╨╗╨╡╨▓╨╛╨│╨╛ ╨╛╨▒╤К╨╡╨║╤В╨░ "ApplyImplicitVersions" ╨▓ ╨┐╤А╨╛╨╡╨║╤В╨╡ "WebApplication15.csproj" ╨╖╨░╨▓╨╡╤А╤И╨╡╨╜╨░.
       ╨ж╨╡╨╗╨╡╨▓╨╛╨╣ ╨╛╨▒╤К╨╡╨║╤В "CheckForImplicitPackageReferenceOverrides" ╨┐╤А╨╛╨┐╤Г╤Й╨╡╨╜. ╨Я╤А╨╡╨┤╤Л╨┤╤Г╤Й╨░╤П ╤Б╨▒╨╛╤А╨║╨░ ╤Г╤Б╨┐╨╡╤И╨╜╨░.
       ╨ж╨╡╨╗╨╡╨▓╨╛╨╣ ╨╛╨▒╤К╨╡╨║╤В "AddWindowsSdkKnownFrameworkReferences" ╨┐╤А╨╛╨┐╤Г╤Й╨╡╨╜ ╨╕╨╖-╨╖╨░ ╨╜╨╡╨▓╤Л╨┐╨╛╨╗╨╜╨╡╨╜╨╜╨╛╨│╨╛ ╤Г╤Б╨╗╨╛╨▓╨╕╤П; ╨▓╤Л╤А╨░╨╢╨╡╨╜╨╕╨╡ ('$(TargetFrameworkIdentifier)' == '.NETCoreApp' And '$(TargetPlatformIdentifier)' == 'Windows'
                            And ('$(Language)' != 'C++' Or '$(IncludeWindowsSDKRefFrameworkReferences)' == 'true')) ╤А╨░╨▓╨╜╨╛ ('.NETCoreApp' == '.NETCoreApp' And '' == 'Windows'
                            And ('C#' != 'C++' Or '' == 'true')).
       ╨ж╨╡╨╗╨╡╨▓╨╛╨╣ ╨╛╨▒╤К╨╡╨║╤В "_NormalizeTargetPlatformVersion" ╨┐╤А╨╛╨┐╤Г╤Й╨╡╨╜ ╨╕╨╖-╨╖╨░ ╨╜╨╡╨▓╤Л╨┐╨╛╨╗╨╜╨╡╨╜╨╜╨╛╨│╨╛ ╤Г╤Б╨╗╨╛╨▓╨╕╤П; ╨▓╤Л╤А╨░╨╢╨╡╨╜╨╕╨╡ ('$(TargetPlatformVersion)' != '' and '$(TargetFrameworkIdentifier)' == '.NETCoreApp' and $([MSBuild]::VersionGreaterThanOrEquals($(TargetFrameworkVersion), 5.0)) and ('$(Language)' != 'C++' or '$(_EnablePackageReferencesInVCProjects)' == 'true')) ╤А╨░╨▓╨╜╨╛ ('' != '' and '.NETCoreApp' == '.NETCoreApp' and True and ('C#' != 'C++' or '' == 'true')).
   1:5>╨ж╨╡╨╗╨╡╨▓╨╛╨╣ ╨╛╨▒╤К╨╡╨║╤В "_CheckForLanguageAndFeatureCombinationSupport" ╨▓ ╤Д╨░╨╣╨╗╨╡ "C:\Program Files\dotnet\sdk\9.0.200\Sdks\Microsoft.NET.Sdk\targets\Microsoft.NET.RuntimeIdentifierInference.targets" ╨╕╨╖ ╨┐╤А╨╛╨╡╨║╤В╨░ "C:\Users\user\OneDrive\╨а╨░╨▒╨╛╤З╨╕╨╣ ╤Б╤В╨╛╨╗\regi\WebApplication15\WebApplication15.csproj" (╤Ж╨╡╨╗╨╡╨▓╨╛╨╣ ╨╛╨▒╤К╨╡╨║╤В "ProcessFrameworkReferences" ╨╖╨░╨▓╨╕╤Б╨╕╤В ╨╛╤В ╨╜╨╡╨│╨╛):
       ╨Ч╨░╨┤╨░╤З╨░ "NETSdkError" ╨┐╤А╨╛╨┐╤Г╤Й╨╡╨╜╨░ ╨╕╨╖-╨╖╨░ ╨╜╨╡╨▓╤Л╨┐╨╛╨╗╨╜╨╡╨╜╨╜╨╛╨│╨╛ ╤Г╤Б╨╗╨╛╨▓╨╕╤П; ╨▓╤Л╤А╨░╨╢╨╡╨╜╨╕╨╡ (('$(Language)' == 'C++' and '$(_EnablePackageReferencesInVCProjects)' != 'true') and $(OutputType) != 'library' and '$(TargetFrameworkIdentifier)' == '.NETCoreApp') ╤А╨░╨▓╨╜╨╛ (('C#' == 'C++' and '' != 'true') and Exe != 'library' and '.NETCoreApp' == '.NETCoreApp').
       ╨Ч╨░╨┤╨░╤З╨░ "NETSdkError" ╨┐╤А╨╛╨┐╤Г╤Й╨╡╨╜╨░ ╨╕╨╖-╨╖╨░ ╨╜╨╡╨▓╤Л╨┐╨╛╨╗╨╜╨╡╨╜╨╜╨╛╨│╨╛ ╤Г╤Б╨╗╨╛╨▓╨╕╤П; ╨▓╤Л╤А╨░╨╢╨╡╨╜╨╕╨╡ (('$(Language)' == 'C++' and '$(_EnablePackageReferencesInVCProjects)' != 'true') and $(EnableComHosting) == 'true') ╤А╨░╨▓╨╜╨╛ (('C#' == 'C++' and '' != 'true') and  == 'true').
       ╨Ч╨░╨┤╨░╤З╨░ "NETSdkError" ╨┐╤А╨╛╨┐╤Г╤Й╨╡╨╜╨░ ╨╕╨╖-╨╖╨░ ╨╜╨╡╨▓╤Л╨┐╨╛╨╗╨╜╨╡╨╜╨╜╨╛╨│╨╛ ╤Г╤Б╨╗╨╛╨▓╨╕╤П; ╨▓╤Л╤А╨░╨╢╨╡╨╜╨╕╨╡ (('$(Language)' == 'C++' and '$(_EnablePackageReferencesInVCProjects)' != 'true') and $(SelfContained) == 'true') ╤А╨░╨▓╨╜╨╛ (('C#' == 'C++' and '' != 'true') and false == 'true').
   1:5>╨б╨▒╨╛╤А╨║╨░ ╤Ж╨╡╨╗╨╡╨▓╨╛╨│╨╛ ╨╛╨▒╤К╨╡╨║╤В╨░ "_CheckForLanguageAndFeatureCombinationSupport" ╨▓ ╨┐╤А╨╛╨╡╨║╤В╨╡ "WebApplication15.csproj" ╨╖╨░╨▓╨╡╤А╤И╨╡╨╜╨░.
   1:5>╨ж╨╡╨╗╨╡╨▓╨╛╨╣ ╨╛╨▒╤К╨╡╨║╤В "_ComputeToolPackInputsToProcessFrameworkReferences" ╨▓ ╤Д╨░╨╣╨╗╨╡ "C:\Program Files\dotnet\sdk\9.0.200\Sdks\Microsoft.NET.Sdk\targets\Microsoft.NET.Publish.targets" ╨╕╨╖ ╨┐╤А╨╛╨╡╨║╤В╨░ "C:\Users\user\OneDrive\╨а╨░╨▒╨╛╤З╨╕╨╣ ╤Б╤В╨╛╨╗\regi\WebApplication15\WebApplication15.csproj" (╤Ж╨╡╨╗╨╡╨▓╨╛╨╣ ╨╛╨▒╤К╨╡╨║╤В "ProcessFrameworkReferences" ╨╖╨░╨▓╨╕╤Б╨╕╤В ╨╛╤В ╨╜╨╡╨│╨╛):
   1:5>╨б╨▒╨╛╤А╨║╨░ ╤Ж╨╡╨╗╨╡╨▓╨╛╨│╨╛ ╨╛╨▒╤К╨╡╨║╤В╨░ "_ComputeToolPackInputsToProcessFrameworkReferences" ╨▓ ╨┐╤А╨╛╨╡╨║╤В╨╡ "WebApplication15.csproj" ╨╖╨░╨▓╨╡╤А╤И╨╡╨╜╨░.
   1:5>╨ж╨╡╨╗╨╡╨▓╨╛╨╣ ╨╛╨▒╤К╨╡╨║╤В "ProcessFrameworkReferences" ╨▓ ╤Д╨░╨╣╨╗╨╡ "C:\Program Files\dotnet\sdk\9.0.200\Sdks\Microsoft.NET.Sdk\targets\Microsoft.NET.Sdk.FrameworkReferenceResolution.targets" ╨╕╨╖ ╨┐╤А╨╛╨╡╨║╤В╨░ "C:\Users\user\OneDrive\╨а╨░╨▒╨╛╤З╨╕╨╣ ╤Б╤В╨╛╨╗\regi\WebApplication15\WebApplication15.csproj" (╤Ж╨╡╨╗╨╡╨▓╨╛╨╣ ╨╛╨▒╤К╨╡╨║╤В "CollectPackageReferences" ╨╖╨░╨▓╨╕╤Б╨╕╤В ╨╛╤В ╨╜╨╡╨│╨╛):
       ╨Ш╤Б╨┐╨╛╨╗╤М╨╖╤Г╨╡╤В╤Б╤П ╨╖╨░╨┤╨░╤З╨░ "CheckForDuplicateFrameworkReferences" ╨╕╨╖ ╤Б╨▒╨╛╤А╨║╨╕ "C:\Program Files\dotnet\sdk\9.0.200\Sdks\Microsoft.NET.Sdk\targets\..\tools\net9.0\Microsoft.NET.Build.Tasks.dll".
       ╨Ч╨░╨┤╨░╤З╨░ "CheckForDuplicateFrameworkReferences"
       ╨Т╤Л╨┐╨╛╨╗╨╜╨╡╨╜╨╕╨╡ ╨╖╨░╨┤╨░╤З╨╕ "CheckForDuplicateFrameworkReferences" ╨╖╨░╨▓╨╡╤А╤И╨╡╨╜╨╛.
       ╨Ш╤Б╨┐╨╛╨╗╤М╨╖╤Г╨╡╤В╤Б╤П ╨╖╨░╨┤╨░╤З╨░ "ProcessFrameworkReferences" ╨╕╨╖ ╤Б╨▒╨╛╤А╨║╨╕ "C:\Program Files\dotnet\sdk\9.0.200\Sdks\Microsoft.NET.Sdk\targets\..\tools\net9.0\Microsoft.NET.Build.Tasks.dll".
       ╨Ч╨░╨┤╨░╤З╨░ "ProcessFrameworkReferences"
       ╨Т╤Л╨┐╨╛╨╗╨╜╨╡╨╜╨╕╨╡ ╨╖╨░╨┤╨░╤З╨╕ "ProcessFrameworkReferences" ╨╖╨░╨▓╨╡╤А╤И╨╡╨╜╨╛.
       ╨Ш╤Б╨┐╨╛╨╗╤М╨╖╤Г╨╡╤В╤Б╤П ╨╖╨░╨┤╨░╤З╨░ "ResolveAppHosts" ╨╕╨╖ ╤Б╨▒╨╛╤А╨║╨╕ "C:\Program Files\dotnet\sdk\9.0.200\Sdks\Microsoft.NET.Sdk\targets\..\tools\net9.0\Microsoft.NET.Build.Tasks.dll".
       ╨Ч╨░╨┤╨░╤З╨░ "ResolveAppHosts"
       ╨Т╤Л╨┐╨╛╨╗╨╜╨╡╨╜╨╕╨╡ ╨╖╨░╨┤╨░╤З╨╕ "ResolveAppHosts" ╨╖╨░╨▓╨╡╤А╤И╨╡╨╜╨╛.
   1:5>╨б╨▒╨╛╤А╨║╨░ ╤Ж╨╡╨╗╨╡╨▓╨╛╨│╨╛ ╨╛╨▒╤К╨╡╨║╤В╨░ "ProcessFrameworkReferences" ╨▓ ╨┐╤А╨╛╨╡╨║╤В╨╡ "WebApplication15.csproj" ╨╖╨░╨▓╨╡╤А╤И╨╡╨╜╨░.
       ╨ж╨╡╨╗╨╡╨▓╨╛╨╣ ╨╛╨▒╤К╨╡╨║╤В "IncludeTargetingPackReference" ╨┐╤А╨╛╨┐╤Г╤Й╨╡╨╜ ╨╕╨╖-╨╖╨░ ╨╜╨╡╨▓╤Л╨┐╨╛╨╗╨╜╨╡╨╜╨╜╨╛╨│╨╛ ╤Г╤Б╨╗╨╛╨▓╨╕╤П; ╨▓╤Л╤А╨░╨╢╨╡╨╜╨╕╨╡ ('$(TargetFrameworkMoniker)' != '' and '$(TargetFrameworkIdentifier)' == '.NETFramework' and '$(AutomaticallyUseReferenceAssemblyPackages)' == 'true') ╤А╨░╨▓╨╜╨╛ ('.NETCoreApp,Version=v9.0' != '' and '.NETCoreApp' == '.NETFramework' and 'true' == 'true').
       ╨ж╨╡╨╗╨╡╨▓╨╛╨╣ ╨╛╨▒╤К╨╡╨║╤В "_CheckMicrosoftNetCompilersToolsetFrameworkPackageReference" ╨┐╤А╨╛╨┐╤Г╤Й╨╡╨╜ ╨╕╨╖-╨╖╨░ ╨╜╨╡╨▓╤Л╨┐╨╛╨╗╨╜╨╡╨╜╨╜╨╛╨│╨╛ ╤Г╤Б╨╗╨╛╨▓╨╕╤П; ╨▓╤Л╤А╨░╨╢╨╡╨╜╨╕╨╡ ('$(MSBuildRuntimeType)' == 'Full') ╤А╨░╨▓╨╜╨╛ ('Core' == 'Full').
   1:5>╨ж╨╡╨╗╨╡╨▓╨╛╨╣ ╨╛╨▒╤К╨╡╨║╤В "_CheckForObsoleteDotNetCliToolReferences" ╨▓ ╤Д╨░╨╣╨╗╨╡ "C:\Program Files\dotnet\sdk\9.0.200\Sdks\Microsoft.NET.Sdk\targets\Microsoft.NET.ObsoleteReferences.targets" ╨╕╨╖ ╨┐╤А╨╛╨╡╨║╤В╨░ "C:\Users\user\OneDrive\╨а╨░╨▒╨╛╤З╨╕╨╣ ╤Б╤В╨╛╨╗\regi\WebApplication15\WebApplication15.csproj" (╤Ж╨╡╨╗╨╡╨▓╨╛╨╣ ╨╛╨▒╤К╨╡╨║╤В "CollectPackageReferences" ╨╖╨░╨▓╨╕╤Б╨╕╤В ╨╛╤В ╨╜╨╡╨│╨╛):
       ╨Ч╨░╨┤╨░╤З╨░ "NETSdkWarning" ╨┐╤А╨╛╨┐╤Г╤Й╨╡╨╜╨░ ╨╕╨╖-╨╖╨░ ╨╜╨╡╨▓╤Л╨┐╨╛╨╗╨╜╨╡╨╜╨╜╨╛╨│╨╛ ╤Г╤Б╨╗╨╛╨▓╨╕╤П; ╨▓╤Л╤А╨░╨╢╨╡╨╜╨╕╨╡ ( '%(_ReferenceToObsoleteDotNetCliTool.Identity)' != '' ) ╤А╨░╨▓╨╜╨╛ ( '' != '' ).
   1:5>╨б╨▒╨╛╤А╨║╨░ ╤Ж╨╡╨╗╨╡╨▓╨╛╨│╨╛ ╨╛╨▒╤К╨╡╨║╤В╨░ "_CheckForObsoleteDotNetCliToolReferences" ╨▓ ╨┐╤А╨╛╨╡╨║╤В╨╡ "WebApplication15.csproj" ╨╖╨░╨▓╨╡╤А╤И╨╡╨╜╨░.
   1:5>╨ж╨╡╨╗╨╡╨▓╨╛╨╣ ╨╛╨▒╤К╨╡╨║╤В "CollectPackageReferences" ╨▓ ╤Д╨░╨╣╨╗╨╡ "C:\Program Files\dotnet\sdk\9.0.200\NuGet.targets" ╨╕╨╖ ╨┐╤А╨╛╨╡╨║╤В╨░ "C:\Users\user\OneDrive\╨а╨░╨▒╨╛╤З╨╕╨╣ ╤Б╤В╨╛╨╗\regi\WebApplication15\WebApplication15.csproj" (╤Ж╨╡╨╗╨╡╨▓╨╛╨╣ ╨╛╨▒╤К╨╡╨║╤В "_GetRestoreProjectStyle" ╨╖╨░╨▓╨╕╤Б╨╕╤В ╨╛╤В ╨╜╨╡╨│╨╛):
       ╨Ш╤Б╨┐╨╛╨╗╤М╨╖╤Г╨╡╤В╤Б╤П ╨╖╨░╨┤╨░╤З╨░ "CheckForDuplicateNuGetItemsTask" ╨╕╨╖ ╤Б╨▒╨╛╤А╨║╨╕ "C:\Program Files\dotnet\sdk\9.0.200\NuGet.Build.Tasks.dll".
       ╨Ч╨░╨┤╨░╤З╨░ "CheckForDuplicateNuGetItemsTask"
       ╨Т╤Л╨┐╨╛╨╗╨╜╨╡╨╜╨╕╨╡ ╨╖╨░╨┤╨░╤З╨╕ "CheckForDuplicateNuGetItemsTask" ╨╖╨░╨▓╨╡╤А╤И╨╡╨╜╨╛.
   1:5>╨б╨▒╨╛╤А╨║╨░ ╤Ж╨╡╨╗╨╡╨▓╨╛╨│╨╛ ╨╛╨▒╤К╨╡╨║╤В╨░ "CollectPackageReferences" ╨▓ ╨┐╤А╨╛╨╡╨║╤В╨╡ "WebApplication15.csproj" ╨╖╨░╨▓╨╡╤А╤И╨╡╨╜╨░.
   1:5>╨ж╨╡╨╗╨╡╨▓╨╛╨╣ ╨╛╨▒╤К╨╡╨║╤В "_GetRestoreProjectStyle" ╨▓ ╤Д╨░╨╣╨╗╨╡ "C:\Program Files\dotnet\sdk\9.0.200\NuGet.targets" ╨╕╨╖ ╨┐╤А╨╛╨╡╨║╤В╨░ "C:\Users\user\OneDrive\╨а╨░╨▒╨╛╤З╨╕╨╣ ╤Б╤В╨╛╨╗\regi\WebApplication15\WebApplication15.csproj" (╤Ж╨╡╨╗╨╡╨▓╨╛╨╣ ╨╛╨▒╤К╨╡╨║╤В "_GenerateRestoreSpecs" ╨╖╨░╨▓╨╕╤Б╨╕╤В ╨╛╤В ╨╜╨╡╨│╨╛):
       ╨Ш╤Б╨┐╨╛╨╗╤М╨╖╤Г╨╡╤В╤Б╤П ╨╖╨░╨┤╨░╤З╨░ "GetRestoreProjectStyleTask" ╨╕╨╖ ╤Б╨▒╨╛╤А╨║╨╕ "C:\Program Files\dotnet\sdk\9.0.200\NuGet.Build.Tasks.dll".
       ╨Ч╨░╨┤╨░╤З╨░ "GetRestoreProjectStyleTask"
       ╨Т╤Л╨┐╨╛╨╗╨╜╨╡╨╜╨╕╨╡ ╨╖╨░╨┤╨░╤З╨╕ "GetRestoreProjectStyleTask" ╨╖╨░╨▓╨╡╤А╤И╨╡╨╜╨╛.
   1:5>╨б╨▒╨╛╤А╨║╨░ ╤Ж╨╡╨╗╨╡╨▓╨╛╨│╨╛ ╨╛╨▒╤К╨╡╨║╤В╨░ "_GetRestoreProjectStyle" ╨▓ ╨┐╤А╨╛╨╡╨║╤В╨╡ "WebApplication15.csproj" ╨╖╨░╨▓╨╡╤А╤И╨╡╨╜╨░.
   1:5>╨ж╨╡╨╗╨╡╨▓╨╛╨╣ ╨╛╨▒╤К╨╡╨║╤В "_GenerateRestoreSpecs" ╨▓ ╤Д╨░╨╣╨╗╨╡ "C:\Program Files\dotnet\sdk\9.0.200\NuGet.targets" ╨╕╨╖ ╨┐╤А╨╛╨╡╨║╤В╨░ "C:\Users\user\OneDrive\╨а╨░╨▒╨╛╤З╨╕╨╣ ╤Б╤В╨╛╨╗\regi\WebApplication15\WebApplication15.csproj" (╤Ж╨╡╨╗╨╡╨▓╨╛╨╣ ╨╛╨▒╤К╨╡╨║╤В "_GenerateRestoreGraphProjectEntry" ╨╖╨░╨▓╨╕╤Б╨╕╤В ╨╛╤В ╨╜╨╡╨│╨╛):
       ╨Ч╨░╨┤╨░╤З╨░ "Message"
         Restore entry point C:\Users\user\OneDrive\╨а╨░╨▒╨╛╤З╨╕╨╣ ╤Б╤В╨╛╨╗\regi\WebApplication15\WebApplication15.csproj
       ╨Т╤Л╨┐╨╛╨╗╨╜╨╡╨╜╨╕╨╡ ╨╖╨░╨┤╨░╤З╨╕ "Message" ╨╖╨░╨▓╨╡╤А╤И╨╡╨╜╨╛.
   1:5>╨б╨▒╨╛╤А╨║╨░ ╤Ж╨╡╨╗╨╡╨▓╨╛╨│╨╛ ╨╛╨▒╤К╨╡╨║╤В╨░ "_GenerateRestoreSpecs" ╨▓ ╨┐╤А╨╛╨╡╨║╤В╨╡ "WebApplication15.csproj" ╨╖╨░╨▓╨╡╤А╤И╨╡╨╜╨░.
   1:5>╨ж╨╡╨╗╨╡╨▓╨╛╨╣ ╨╛╨▒╤К╨╡╨║╤В "_GetRestoreSettingsOverrides" ╨▓ ╤Д╨░╨╣╨╗╨╡ "C:\Program Files\dotnet\sdk\9.0.200\NuGet.targets" ╨╕╨╖ ╨┐╤А╨╛╨╡╨║╤В╨░ "C:\Users\user\OneDrive\╨а╨░╨▒╨╛╤З╨╕╨╣ ╤Б╤В╨╛╨╗\regi\WebApplication15\WebApplication15.csproj" (╤Ж╨╡╨╗╨╡╨▓╨╛╨╣ ╨╛╨▒╤К╨╡╨║╤В "_GetRestoreSettings" ╨╖╨░╨▓╨╕╤Б╨╕╤В ╨╛╤В ╨╜╨╡╨│╨╛):
       ╨Ч╨░╨┤╨░╤З╨░ "MSBuild" ╨┐╤А╨╛╨┐╤Г╤Й╨╡╨╜╨░ ╨╕╨╖-╨╖╨░ ╨╜╨╡╨▓╤Л╨┐╨╛╨╗╨╜╨╡╨╜╨╜╨╛╨│╨╛ ╤Г╤Б╨╗╨╛╨▓╨╕╤П; ╨▓╤Л╤А╨░╨╢╨╡╨╜╨╕╨╡ ( '$(RestorePackagesPath)' != '' ) ╤А╨░╨▓╨╜╨╛ ( '' != '' ).
       ╨Ч╨░╨┤╨░╤З╨░ "MSBuild" ╨┐╤А╨╛╨┐╤Г╤Й╨╡╨╜╨░ ╨╕╨╖-╨╖╨░ ╨╜╨╡╨▓╤Л╨┐╨╛╨╗╨╜╨╡╨╜╨╜╨╛╨│╨╛ ╤Г╤Б╨╗╨╛╨▓╨╕╤П; ╨▓╤Л╤А╨░╨╢╨╡╨╜╨╕╨╡ ( '$(RestoreRepositoryPathOverride)' != '' ) ╤А╨░╨▓╨╜╨╛ ( '' != '' ).
       ╨Ч╨░╨┤╨░╤З╨░ "MSBuild" ╨┐╤А╨╛╨┐╤Г╤Й╨╡╨╜╨░ ╨╕╨╖-╨╖╨░ ╨╜╨╡╨▓╤Л╨┐╨╛╨╗╨╜╨╡╨╜╨╜╨╛╨│╨╛ ╤Г╤Б╨╗╨╛╨▓╨╕╤П; ╨▓╤Л╤А╨░╨╢╨╡╨╜╨╕╨╡ ( '$(RestoreSources)' != '' ) ╤А╨░╨▓╨╜╨╛ ( '' != '' ).
       ╨Ч╨░╨┤╨░╤З╨░ "MSBuild" ╨┐╤А╨╛╨┐╤Г╤Й╨╡╨╜╨░ ╨╕╨╖-╨╖╨░ ╨╜╨╡╨▓╤Л╨┐╨╛╨╗╨╜╨╡╨╜╨╜╨╛╨│╨╛ ╤Г╤Б╨╗╨╛╨▓╨╕╤П; ╨▓╤Л╤А╨░╨╢╨╡╨╜╨╕╨╡ ( '$(RestoreFallbackFolders)' != '' ) ╤А╨░╨▓╨╜╨╛ ( '' != '' ).
   1:5>╨б╨▒╨╛╤А╨║╨░ ╤Ж╨╡╨╗╨╡╨▓╨╛╨│╨╛ ╨╛╨▒╤К╨╡╨║╤В╨░ "_GetRestoreSettingsOverrides" ╨▓ ╨┐╤А╨╛╨╡╨║╤В╨╡ "WebApplication15.csproj" ╨╖╨░╨▓╨╡╤А╤И╨╡╨╜╨░.
   1:5>╨ж╨╡╨╗╨╡╨▓╨╛╨╣ ╨╛╨▒╤К╨╡╨║╤В "_GetRestoreSettingsPerFramework" ╨▓ ╤Д╨░╨╣╨╗╨╡ "C:\Program Files\dotnet\sdk\9.0.200\NuGet.targets" ╨╕╨╖ ╨┐╤А╨╛╨╡╨║╤В╨░ "C:\Users\user\OneDrive\╨а╨░╨▒╨╛╤З╨╕╨╣ ╤Б╤В╨╛╨╗\regi\WebApplication15\WebApplication15.csproj" (╤Ж╨╡╨╗╨╡╨▓╨╛╨╣ ╨╛╨▒╤К╨╡╨║╤В "_GetRestoreSettingsCurrentProject" ╨╖╨░╨▓╨╕╤Б╨╕╤В ╨╛╤В ╨╜╨╡╨│╨╛):
   1:5>╨б╨▒╨╛╤А╨║╨░ ╤Ж╨╡╨╗╨╡╨▓╨╛╨│╨╛ ╨╛╨▒╤К╨╡╨║╤В╨░ "_GetRestoreSettingsPerFramework" ╨▓ ╨┐╤А╨╛╨╡╨║╤В╨╡ "WebApplication15.csproj" ╨╖╨░╨▓╨╡╤А╤И╨╡╨╜╨░.
   1:5>╨ж╨╡╨╗╨╡╨▓╨╛╨╣ ╨╛╨▒╤К╨╡╨║╤В "_GetRestoreSettingsCurrentProject" ╨▓ ╤Д╨░╨╣╨╗╨╡ "C:\Program Files\dotnet\sdk\9.0.200\NuGet.targets" ╨╕╨╖ ╨┐╤А╨╛╨╡╨║╤В╨░ "C:\Users\user\OneDrive\╨а╨░╨▒╨╛╤З╨╕╨╣ ╤Б╤В╨╛╨╗\regi\WebApplication15\WebApplication15.csproj" (╤Ж╨╡╨╗╨╡╨▓╨╛╨╣ ╨╛╨▒╤К╨╡╨║╤В "_GetRestoreSettings" ╨╖╨░╨▓╨╕╤Б╨╕╤В ╨╛╤В ╨╜╨╡╨│╨╛):
   1:5>╨б╨▒╨╛╤А╨║╨░ ╤Ж╨╡╨╗╨╡╨▓╨╛╨│╨╛ ╨╛╨▒╤К╨╡╨║╤В╨░ "_GetRestoreSettingsCurrentProject" ╨▓ ╨┐╤А╨╛╨╡╨║╤В╨╡ "WebApplication15.csproj" ╨╖╨░╨▓╨╡╤А╤И╨╡╨╜╨░.
       ╨ж╨╡╨╗╨╡╨▓╨╛╨╣ ╨╛╨▒╤К╨╡╨║╤В "_GetRestoreSettingsAllFrameworks" ╨┐╤А╨╛╨┐╤Г╤Й╨╡╨╜ ╨╕╨╖-╨╖╨░ ╨╜╨╡╨▓╤Л╨┐╨╛╨╗╨╜╨╡╨╜╨╜╨╛╨│╨╛ ╤Г╤Б╨╗╨╛╨▓╨╕╤П; ╨▓╤Л╤А╨░╨╢╨╡╨╜╨╕╨╡ ( '$(TargetFrameworks)' != '' AND '$(PackageReferenceCompatibleProjectStyle)' == 'true' ) ╤А╨░╨▓╨╜╨╛ ( '' != '' AND 'True' == 'true' ).
   1:5>╨ж╨╡╨╗╨╡╨▓╨╛╨╣ ╨╛╨▒╤К╨╡╨║╤В "_GetRestoreSettings" ╨▓ ╤Д╨░╨╣╨╗╨╡ "C:\Program Files\dotnet\sdk\9.0.200\NuGet.targets" ╨╕╨╖ ╨┐╤А╨╛╨╡╨║╤В╨░ "C:\Users\user\OneDrive\╨а╨░╨▒╨╛╤З╨╕╨╣ ╤Б╤В╨╛╨╗\regi\WebApplication15\WebApplication15.csproj" (╤Ж╨╡╨╗╨╡╨▓╨╛╨╣ ╨╛╨▒╤К╨╡╨║╤В "_GenerateDotnetCliToolReferenceSpecs" ╨╖╨░╨▓╨╕╤Б╨╕╤В ╨╛╤В ╨╜╨╡╨│╨╛):
       ╨Ш╤Б╨┐╨╛╨╗╤М╨╖╤Г╨╡╤В╤Б╤П ╨╖╨░╨┤╨░╤З╨░ "GetRestoreSettingsTask" ╨╕╨╖ ╤Б╨▒╨╛╤А╨║╨╕ "C:\Program Files\dotnet\sdk\9.0.200\NuGet.Build.Tasks.dll".
       ╨Ч╨░╨┤╨░╤З╨░ "GetRestoreSettingsTask"
         ╨б╨▒╨╛╤А╨║╨░ ╨╖╨░╨│╤А╤Г╨╢╨╡╨╜╨░ ╨▓╨╛ ╨▓╤А╨╡╨╝╤П TaskRun (NuGet.Build.Tasks.GetRestoreSettingsTask): NuGet.Configuration, Version=6.13.0.113, Culture=neutral, PublicKeyToken=31bf3856ad364e35 (╤А╨░╤Б╨┐╨╛╨╗╨╛╨╢╨╡╨╜╨╕╨╡: C:\Program Files\dotnet\sdk\9.0.200\NuGet.Configuration.dll, MVID: 03ab31a1-7996-4414-925c-e28cc613127f, AssemblyLoadContext: MSBuild plugin C:\Program Files\dotnet\sdk\9.0.200\NuGet.Build.Tasks.dll)
       ╨Т╤Л╨┐╨╛╨╗╨╜╨╡╨╜╨╕╨╡ ╨╖╨░╨┤╨░╤З╨╕ "GetRestoreSettingsTask" ╨╖╨░╨▓╨╡╤А╤И╨╡╨╜╨╛.
   1:5>╨б╨▒╨╛╤А╨║╨░ ╤Ж╨╡╨╗╨╡╨▓╨╛╨│╨╛ ╨╛╨▒╤К╨╡╨║╤В╨░ "_GetRestoreSettings" ╨▓ ╨┐╤А╨╛╨╡╨║╤В╨╡ "WebApplication15.csproj" ╨╖╨░╨▓╨╡╤А╤И╨╡╨╜╨░.
   1:5>╨ж╨╡╨╗╨╡╨▓╨╛╨╣ ╨╛╨▒╤К╨╡╨║╤В "_GenerateDotnetCliToolReferenceSpecs" ╨▓ ╤Д╨░╨╣╨╗╨╡ "C:\Program Files\dotnet\sdk\9.0.200\NuGet.targets" ╨╕╨╖ ╨┐╤А╨╛╨╡╨║╤В╨░ "C:\Users\user\OneDrive\╨а╨░╨▒╨╛╤З╨╕╨╣ ╤Б╤В╨╛╨╗\regi\WebApplication15\WebApplication15.csproj" (╤Ж╨╡╨╗╨╡╨▓╨╛╨╣ ╨╛╨▒╤К╨╡╨║╤В "_GenerateRestoreGraphProjectEntry" ╨╖╨░╨▓╨╕╤Б╨╕╤В ╨╛╤В ╨╜╨╡╨│╨╛):
       ╨Ш╤Б╨┐╨╛╨╗╤М╨╖╤Г╨╡╤В╤Б╤П ╨╖╨░╨┤╨░╤З╨░ "GetRestoreDotnetCliToolsTask" ╨╕╨╖ ╤Б╨▒╨╛╤А╨║╨╕ "C:\Program Files\dotnet\sdk\9.0.200\NuGet.Build.Tasks.dll".
       ╨Ч╨░╨┤╨░╤З╨░ "GetRestoreDotnetCliToolsTask"
       ╨Т╤Л╨┐╨╛╨╗╨╜╨╡╨╜╨╕╨╡ ╨╖╨░╨┤╨░╤З╨╕ "GetRestoreDotnetCliToolsTask" ╨╖╨░╨▓╨╡╤А╤И╨╡╨╜╨╛.
   1:5>╨б╨▒╨╛╤А╨║╨░ ╤Ж╨╡╨╗╨╡╨▓╨╛╨│╨╛ ╨╛╨▒╤К╨╡╨║╤В╨░ "_GenerateDotnetCliToolReferenceSpecs" ╨▓ ╨┐╤А╨╛╨╡╨║╤В╨╡ "WebApplication15.csproj" ╨╖╨░╨▓╨╡╤А╤И╨╡╨╜╨░.
   1:5>╨ж╨╡╨╗╨╡╨▓╨╛╨╣ ╨╛╨▒╤К╨╡╨║╤В "_GenerateRestoreGraphProjectEntry" ╨▓ ╤Д╨░╨╣╨╗╨╡ "C:\Program Files\dotnet\sdk\9.0.200\NuGet.targets" ╨╕╨╖ ╨┐╤А╨╛╨╡╨║╤В╨░ "C:\Users\user\OneDrive\╨а╨░╨▒╨╛╤З╨╕╨╣ ╤Б╤В╨╛╨╗\regi\WebApplication15\WebApplication15.csproj" (╤В╨╛╤З╨║╨░ ╨▓╤Е╨╛╨┤╨░):
   1:5>╨б╨▒╨╛╤А╨║╨░ ╤Ж╨╡╨╗╨╡╨▓╨╛╨│╨╛ ╨╛╨▒╤К╨╡╨║╤В╨░ "_GenerateRestoreGraphProjectEntry" ╨▓ ╨┐╤А╨╛╨╡╨║╤В╨╡ "WebApplication15.csproj" ╨╖╨░╨▓╨╡╤А╤И╨╡╨╜╨░.
   1:5>╨б╨▒╨╛╤А╨║╨░ ╨┐╤А╨╛╨╡╨║╤В╨░ "C:\Users\user\OneDrive\╨а╨░╨▒╨╛╤З╨╕╨╣ ╤Б╤В╨╛╨╗\regi\WebApplication15\WebApplication15.csproj" ╨╖╨░╨▓╨╡╤А╤И╨╡╨╜╨░ (╤Ж╨╡╨╗╨╡╨▓╤Л╨╡ ╨╛╨▒╤К╨╡╨║╤В╤Л _GenerateRestoreGraphProjectEntry).
     1>╨Т╤Л╨┐╨╛╨╗╨╜╨╡╨╜╨╕╨╡ ╨╖╨░╨┤╨░╤З╨╕ "MSBuild" ╨╖╨░╨▓╨╡╤А╤И╨╡╨╜╨╛.
       ╨Ч╨░╨┤╨░╤З╨░ "MSBuild"
         ╨У╨╗╨╛╨▒╨░╨╗╤М╨╜╤Л╨╡ ╤Б╨▓╨╛╨╣╤Б╤В╨▓╨░:
           ExcludeRestorePackageImports=true
     1>╨Я╤А╨╛╨╡╨║╤В "C:\Users\user\OneDrive\╨а╨░╨▒╨╛╤З╨╕╨╣ ╤Б╤В╨╛╨╗\regi\WebApplication15\WebApplication15.csproj" (1) ╨▓╤Л╨┐╨╛╨╗╨╜╤П╨╡╤В ╤Б╨▒╨╛╤А╨║╤Г "C:\Users\user\OneDrive\╨а╨░╨▒╨╛╤З╨╕╨╣ ╤Б╤В╨╛╨╗\regi\WebApplication15\WebApplication15.csproj" (1:6) ╨▓ ╤Г╨╖╨╗╨╡ 1 (╤Ж╨╡╨╗╨╡╨▓╤Л╨╡ ╨╛╨▒╤К╨╡╨║╤В╤Л _GenerateProjectRestoreGraph).
   1:6>╨ж╨╡╨╗╨╡╨▓╨╛╨╣ ╨╛╨▒╤К╨╡╨║╤В "_GetRestoreProjectStyle" ╨┐╤А╨╛╨┐╤Г╤Й╨╡╨╜. ╨Я╤А╨╡╨┤╤Л╨┤╤Г╤Й╨░╤П ╤Б╨▒╨╛╤А╨║╨░ ╤Г╤Б╨┐╨╡╤И╨╜╨░.
       ╨ж╨╡╨╗╨╡╨▓╨╛╨╣ ╨╛╨▒╤К╨╡╨║╤В "_GetRestoreProjectStyle" ╨┐╤А╨╛╨┐╤Г╤Й╨╡╨╜. ╨Я╤А╨╡╨┤╤Л╨┤╤Г╤Й╨░╤П ╤Б╨▒╨╛╤А╨║╨░ ╤Г╤Б╨┐╨╡╤И╨╜╨░.
       ╨ж╨╡╨╗╨╡╨▓╨╛╨╣ ╨╛╨▒╤К╨╡╨║╤В "_GetRestoreProjectStyle" ╨┐╤А╨╛╨┐╤Г╤Й╨╡╨╜. ╨Я╤А╨╡╨┤╤Л╨┤╤Г╤Й╨░╤П ╤Б╨▒╨╛╤А╨║╨░ ╤Г╤Б╨┐╨╡╤И╨╜╨░.
   1:6>╨ж╨╡╨╗╨╡╨▓╨╛╨╣ ╨╛╨▒╤К╨╡╨║╤В "_GetRestoreTargetFrameworkOverride" ╨▓ ╤Д╨░╨╣╨╗╨╡ "C:\Program Files\dotnet\sdk\9.0.200\NuGet.targets" ╨╕╨╖ ╨┐╤А╨╛╨╡╨║╤В╨░ "C:\Users\user\OneDrive\╨а╨░╨▒╨╛╤З╨╕╨╣ ╤Б╤В╨╛╨╗\regi\WebApplication15\WebApplication15.csproj" (╤Ж╨╡╨╗╨╡╨▓╨╛╨╣ ╨╛╨▒╤К╨╡╨║╤В "_GetRestoreTargetFrameworksOutput" ╨╖╨░╨▓╨╕╤Б╨╕╤В ╨╛╤В ╨╜╨╡╨│╨╛):
       ╨Ч╨░╨┤╨░╤З╨░ "GetGlobalPropertyValueTask" ╨┐╤А╨╛╨┐╤Г╤Й╨╡╨╜╨░ ╨╕╨╖-╨╖╨░ ╨╜╨╡╨▓╤Л╨┐╨╛╨╗╨╜╨╡╨╜╨╜╨╛╨│╨╛ ╤Г╤Б╨╗╨╛╨▓╨╕╤П; ╨▓╤Л╤А╨░╨╢╨╡╨╜╨╕╨╡ ( '$(TargetFrameworks)' != '' ) ╤А╨░╨▓╨╜╨╛ ( '' != '' ).
   1:6>╨б╨▒╨╛╤А╨║╨░ ╤Ж╨╡╨╗╨╡╨▓╨╛╨│╨╛ ╨╛╨▒╤К╨╡╨║╤В╨░ "_GetRestoreTargetFrameworkOverride" ╨▓ ╨┐╤А╨╛╨╡╨║╤В╨╡ "WebApplication15.csproj" ╨╖╨░╨▓╨╡╤А╤И╨╡╨╜╨░.
   1:6>╨ж╨╡╨╗╨╡╨▓╨╛╨╣ ╨╛╨▒╤К╨╡╨║╤В "_GetRestoreTargetFrameworksOutput" ╨▓ ╤Д╨░╨╣╨╗╨╡ "C:\Program Files\dotnet\sdk\9.0.200\NuGet.targets" ╨╕╨╖ ╨┐╤А╨╛╨╡╨║╤В╨░ "C:\Users\user\OneDrive\╨а╨░╨▒╨╛╤З╨╕╨╣ ╤Б╤В╨╛╨╗\regi\WebApplication15\WebApplication15.csproj" (╤Ж╨╡╨╗╨╡╨▓╨╛╨╣ ╨╛╨▒╤К╨╡╨║╤В "_GenerateRestoreProjectSpec" ╨╖╨░╨▓╨╕╤Б╨╕╤В ╨╛╤В ╨╜╨╡╨│╨╛):
       ╨Ш╤Б╨┐╨╛╨╗╤М╨╖╤Г╨╡╤В╤Б╤П ╨╖╨░╨┤╨░╤З╨░ "GetProjectTargetFrameworksTask" ╨╕╨╖ ╤Б╨▒╨╛╤А╨║╨╕ "C:\Program Files\dotnet\sdk\9.0.200\NuGet.Build.Tasks.dll".
       ╨Ч╨░╨┤╨░╤З╨░ "GetProjectTargetFrameworksTask"
       ╨Т╤Л╨┐╨╛╨╗╨╜╨╡╨╜╨╕╨╡ ╨╖╨░╨┤╨░╤З╨╕ "GetProjectTargetFrameworksTask" ╨╖╨░╨▓╨╡╤А╤И╨╡╨╜╨╛.
   1:6>╨б╨▒╨╛╤А╨║╨░ ╤Ж╨╡╨╗╨╡╨▓╨╛╨│╨╛ ╨╛╨▒╤К╨╡╨║╤В╨░ "_GetRestoreTargetFrameworksOutput" ╨▓ ╨┐╤А╨╛╨╡╨║╤В╨╡ "WebApplication15.csproj" ╨╖╨░╨▓╨╡╤А╤И╨╡╨╜╨░.
       ╨ж╨╡╨╗╨╡╨▓╨╛╨╣ ╨╛╨▒╤К╨╡╨║╤В "_GetRestoreSettings" ╨┐╤А╨╛╨┐╤Г╤Й╨╡╨╜. ╨Я╤А╨╡╨┤╤Л╨┤╤Г╤Й╨░╤П ╤Б╨▒╨╛╤А╨║╨░ ╤Г╤Б╨┐╨╡╤И╨╜╨░.
   1:6>╨ж╨╡╨╗╨╡╨▓╨╛╨╣ ╨╛╨▒╤К╨╡╨║╤В "_GenerateRestoreProjectSpec" ╨▓ ╤Д╨░╨╣╨╗╨╡ "C:\Program Files\dotnet\sdk\9.0.200\NuGet.targets" ╨╕╨╖ ╨┐╤А╨╛╨╡╨║╤В╨░ "C:\Users\user\OneDrive\╨а╨░╨▒╨╛╤З╨╕╨╣ ╤Б╤В╨╛╨╗\regi\WebApplication15\WebApplication15.csproj" (╤Ж╨╡╨╗╨╡╨▓╨╛╨╣ ╨╛╨▒╤К╨╡╨║╤В "_GenerateProjectRestoreGraph" ╨╖╨░╨▓╨╕╤Б╨╕╤В ╨╛╤В ╨╜╨╡╨│╨╛):
       ╨Ч╨░╨┤╨░╤З╨░ "ConvertToAbsolutePath"
       ╨Т╤Л╨┐╨╛╨╗╨╜╨╡╨╜╨╕╨╡ ╨╖╨░╨┤╨░╤З╨╕ "ConvertToAbsolutePath" ╨╖╨░╨▓╨╡╤А╤И╨╡╨╜╨╛.
   1:6>╨б╨▒╨╛╤А╨║╨░ ╤Ж╨╡╨╗╨╡╨▓╨╛╨│╨╛ ╨╛╨▒╤К╨╡╨║╤В╨░ "_GenerateRestoreProjectSpec" ╨▓ ╨┐╤А╨╛╨╡╨║╤В╨╡ "WebApplication15.csproj" ╨╖╨░╨▓╨╡╤А╤И╨╡╨╜╨░.
       ╨ж╨╡╨╗╨╡╨▓╨╛╨╣ ╨╛╨▒╤К╨╡╨║╤В "_GenerateProjectRestoreGraphAllFrameworks" ╨┐╤А╨╛╨┐╤Г╤Й╨╡╨╜ ╨╕╨╖-╨╖╨░ ╨╜╨╡╨▓╤Л╨┐╨╛╨╗╨╜╨╡╨╜╨╜╨╛╨│╨╛ ╤Г╤Б╨╗╨╛╨▓╨╕╤П; ╨▓╤Л╤А╨░╨╢╨╡╨╜╨╕╨╡ ( '$(TargetFrameworks)' != '' ) ╤А╨░╨▓╨╜╨╛ ( '' != '' ).
       ╨ж╨╡╨╗╨╡╨▓╨╛╨╣ ╨╛╨▒╤К╨╡╨║╤В "_GetRestoreProjectStyle" ╨┐╤А╨╛╨┐╤Г╤Й╨╡╨╜. ╨Я╤А╨╡╨┤╤Л╨┤╤Г╤Й╨░╤П ╤Б╨▒╨╛╤А╨║╨░ ╤Г╤Б╨┐╨╡╤И╨╜╨░.
       ╨ж╨╡╨╗╨╡╨▓╨╛╨╣ ╨╛╨▒╤К╨╡╨║╤В "CollectPackageReferences" ╨┐╤А╨╛╨┐╤Г╤Й╨╡╨╜. ╨Я╤А╨╡╨┤╤Л╨┤╤Г╤Й╨░╤П ╤Б╨▒╨╛╤А╨║╨░ ╤Г╤Б╨┐╨╡╤И╨╜╨░.
   1:6>╨ж╨╡╨╗╨╡╨▓╨╛╨╣ ╨╛╨▒╤К╨╡╨║╤В "CollectPackageDownloads" ╨▓ ╤Д╨░╨╣╨╗╨╡ "C:\Program Files\dotnet\sdk\9.0.200\NuGet.targets" ╨╕╨╖ ╨┐╤А╨╛╨╡╨║╤В╨░ "C:\Users\user\OneDrive\╨а╨░╨▒╨╛╤З╨╕╨╣ ╤Б╤В╨╛╨╗\regi\WebApplication15\WebApplication15.csproj" (╤Ж╨╡╨╗╨╡╨▓╨╛╨╣ ╨╛╨▒╤К╨╡╨║╤В "_CollectRestoreInputs" ╨╖╨░╨▓╨╕╤Б╨╕╤В ╨╛╤В ╨╜╨╡╨│╨╛):
       ╨Ч╨░╨┤╨░╤З╨░ "CheckForDuplicateNuGetItemsTask"
       ╨Т╤Л╨┐╨╛╨╗╨╜╨╡╨╜╨╕╨╡ ╨╖╨░╨┤╨░╤З╨╕ "CheckForDuplicateNuGetItemsTask" ╨╖╨░╨▓╨╡╤А╤И╨╡╨╜╨╛.
   1:6>╨б╨▒╨╛╤А╨║╨░ ╤Ж╨╡╨╗╨╡╨▓╨╛╨│╨╛ ╨╛╨▒╤К╨╡╨║╤В╨░ "CollectPackageDownloads" ╨▓ ╨┐╤А╨╛╨╡╨║╤В╨╡ "WebApplication15.csproj" ╨╖╨░╨▓╨╡╤А╤И╨╡╨╜╨░.
   1:6>╨ж╨╡╨╗╨╡╨▓╨╛╨╣ ╨╛╨▒╤К╨╡╨║╤В "CollectFrameworkReferences" ╨▓ ╤Д╨░╨╣╨╗╨╡ "C:\Program Files\dotnet\sdk\9.0.200\NuGet.targets" ╨╕╨╖ ╨┐╤А╨╛╨╡╨║╤В╨░ "C:\Users\user\OneDrive\╨а╨░╨▒╨╛╤З╨╕╨╣ ╤Б╤В╨╛╨╗\regi\WebApplication15\WebApplication15.csproj" (╤Ж╨╡╨╗╨╡╨▓╨╛╨╣ ╨╛╨▒╤К╨╡╨║╤В "_CollectRestoreInputs" ╨╖╨░╨▓╨╕╤Б╨╕╤В ╨╛╤В ╨╜╨╡╨│╨╛):
   1:6>╨б╨▒╨╛╤А╨║╨░ ╤Ж╨╡╨╗╨╡╨▓╨╛╨│╨╛ ╨╛╨▒╤К╨╡╨║╤В╨░ "CollectFrameworkReferences" ╨▓ ╨┐╤А╨╛╨╡╨║╤В╨╡ "WebApplication15.csproj" ╨╖╨░╨▓╨╡╤А╤И╨╡╨╜╨░.
   1:6>╨ж╨╡╨╗╨╡╨▓╨╛╨╣ ╨╛╨▒╤К╨╡╨║╤В "CollectCentralPackageVersions" ╨▓ ╤Д╨░╨╣╨╗╨╡ "C:\Program Files\dotnet\sdk\9.0.200\NuGet.targets" ╨╕╨╖ ╨┐╤А╨╛╨╡╨║╤В╨░ "C:\Users\user\OneDrive\╨а╨░╨▒╨╛╤З╨╕╨╣ ╤Б╤В╨╛╨╗\regi\WebApplication15\WebApplication15.csproj" (╤Ж╨╡╨╗╨╡╨▓╨╛╨╣ ╨╛╨▒╤К╨╡╨║╤В "_CollectRestoreInputs" ╨╖╨░╨▓╨╕╤Б╨╕╤В ╨╛╤В ╨╜╨╡╨│╨╛):
       ╨Ч╨░╨┤╨░╤З╨░ "CheckForDuplicateNuGetItemsTask"
       ╨Т╤Л╨┐╨╛╨╗╨╜╨╡╨╜╨╕╨╡ ╨╖╨░╨┤╨░╤З╨╕ "CheckForDuplicateNuGetItemsTask" ╨╖╨░╨▓╨╡╤А╤И╨╡╨╜╨╛.
   1:6>╨б╨▒╨╛╤А╨║╨░ ╤Ж╨╡╨╗╨╡╨▓╨╛╨│╨╛ ╨╛╨▒╤К╨╡╨║╤В╨░ "CollectCentralPackageVersions" ╨▓ ╨┐╤А╨╛╨╡╨║╤В╨╡ "WebApplication15.csproj" ╨╖╨░╨▓╨╡╤А╤И╨╡╨╜╨░.
   1:6>╨ж╨╡╨╗╨╡╨▓╨╛╨╣ ╨╛╨▒╤К╨╡╨║╤В "CollectNuGetAuditSuppressions" ╨▓ ╤Д╨░╨╣╨╗╨╡ "C:\Program Files\dotnet\sdk\9.0.200\NuGet.targets" ╨╕╨╖ ╨┐╤А╨╛╨╡╨║╤В╨░ "C:\Users\user\OneDrive\╨а╨░╨▒╨╛╤З╨╕╨╣ ╤Б╤В╨╛╨╗\regi\WebApplication15\WebApplication15.csproj" (╤Ж╨╡╨╗╨╡╨▓╨╛╨╣ ╨╛╨▒╤К╨╡╨║╤В "_CollectRestoreInputs" ╨╖╨░╨▓╨╕╤Б╨╕╤В ╨╛╤В ╨╜╨╡╨│╨╛):
       ╨Ч╨░╨┤╨░╤З╨░ "CheckForDuplicateNuGetItemsTask"
       ╨Т╤Л╨┐╨╛╨╗╨╜╨╡╨╜╨╕╨╡ ╨╖╨░╨┤╨░╤З╨╕ "CheckForDuplicateNuGetItemsTask" ╨╖╨░╨▓╨╡╤А╤И╨╡╨╜╨╛.
   1:6>╨б╨▒╨╛╤А╨║╨░ ╤Ж╨╡╨╗╨╡╨▓╨╛╨│╨╛ ╨╛╨▒╤К╨╡╨║╤В╨░ "CollectNuGetAuditSuppressions" ╨▓ ╨┐╤А╨╛╨╡╨║╤В╨╡ "WebApplication15.csproj" ╨╖╨░╨▓╨╡╤А╤И╨╡╨╜╨░.
       ╨ж╨╡╨╗╨╡╨▓╨╛╨╣ ╨╛╨▒╤К╨╡╨║╤В "AddPrunePackageReferences" ╨┐╤А╨╛╨┐╤Г╤Й╨╡╨╜ ╨╕╨╖-╨╖╨░ ╨╜╨╡╨▓╤Л╨┐╨╛╨╗╨╜╨╡╨╜╨╜╨╛╨│╨╛ ╤Г╤Б╨╗╨╛╨▓╨╕╤П; ╨▓╤Л╤А╨░╨╢╨╡╨╜╨╕╨╡ ('$(RestoreEnablePackagePruning)' == 'true') ╤А╨░╨▓╨╜╨╛ ('false' == 'true').
   1:6>╨ж╨╡╨╗╨╡╨▓╨╛╨╣ ╨╛╨▒╤К╨╡╨║╤В "CollectPrunePackageReferences" ╨▓ ╤Д╨░╨╣╨╗╨╡ "C:\Program Files\dotnet\sdk\9.0.200\NuGet.targets" ╨╕╨╖ ╨┐╤А╨╛╨╡╨║╤В╨░ "C:\Users\user\OneDrive\╨а╨░╨▒╨╛╤З╨╕╨╣ ╤Б╤В╨╛╨╗\regi\WebApplication15\WebApplication15.csproj" (╤Ж╨╡╨╗╨╡╨▓╨╛╨╣ ╨╛╨▒╤К╨╡╨║╤В "_CollectRestoreInputs" ╨╖╨░╨▓╨╕╤Б╨╕╤В ╨╛╤В ╨╜╨╡╨│╨╛):
       ╨Ч╨░╨┤╨░╤З╨░ "CheckForDuplicateNuGetItemsTask"
       ╨Т╤Л╨┐╨╛╨╗╨╜╨╡╨╜╨╕╨╡ ╨╖╨░╨┤╨░╤З╨╕ "CheckForDuplicateNuGetItemsTask" ╨╖╨░╨▓╨╡╤А╤И╨╡╨╜╨╛.
   1:6>╨б╨▒╨╛╤А╨║╨░ ╤Ж╨╡╨╗╨╡╨▓╨╛╨│╨╛ ╨╛╨▒╤К╨╡╨║╤В╨░ "CollectPrunePackageReferences" ╨▓ ╨┐╤А╨╛╨╡╨║╤В╨╡ "WebApplication15.csproj" ╨╖╨░╨▓╨╡╤А╤И╨╡╨╜╨░.
   1:6>╨ж╨╡╨╗╨╡╨▓╨╛╨╣ ╨╛╨▒╤К╨╡╨║╤В "_CollectRestoreInputs" ╨▓ ╤Д╨░╨╣╨╗╨╡ "C:\Program Files\dotnet\sdk\9.0.200\NuGet.targets" ╨╕╨╖ ╨┐╤А╨╛╨╡╨║╤В╨░ "C:\Users\user\OneDrive\╨а╨░╨▒╨╛╤З╨╕╨╣ ╤Б╤В╨╛╨╗\regi\WebApplication15\WebApplication15.csproj" (╤Ж╨╡╨╗╨╡╨▓╨╛╨╣ ╨╛╨▒╤К╨╡╨║╤В "_GenerateProjectRestoreGraphPerFramework" ╨╖╨░╨▓╨╕╤Б╨╕╤В ╨╛╤В ╨╜╨╡╨│╨╛):
   1:6>╨б╨▒╨╛╤А╨║╨░ ╤Ж╨╡╨╗╨╡╨▓╨╛╨│╨╛ ╨╛╨▒╤К╨╡╨║╤В╨░ "_CollectRestoreInputs" ╨▓ ╨┐╤А╨╛╨╡╨║╤В╨╡ "WebApplication15.csproj" ╨╖╨░╨▓╨╡╤А╤И╨╡╨╜╨░.
       ╨ж╨╡╨╗╨╡╨▓╨╛╨╣ ╨╛╨▒╤К╨╡╨║╤В "PrepRestoreForStoreProjects" ╨┐╤А╨╛╨┐╤Г╤Й╨╡╨╜ ╨╕╨╖-╨╖╨░ ╨╜╨╡╨▓╤Л╨┐╨╛╨╗╨╜╨╡╨╜╨╜╨╛╨│╨╛ ╤Г╤Б╨╗╨╛╨▓╨╕╤П; ╨▓╤Л╤А╨░╨╢╨╡╨╜╨╕╨╡ ('$(StorePackageName)' != '') ╤А╨░╨▓╨╜╨╛ ('' != '').
   1:6>╨ж╨╡╨╗╨╡╨▓╨╛╨╣ ╨╛╨▒╤К╨╡╨║╤В "_GenerateProjectRestoreGraphPerFramework" ╨▓ ╤Д╨░╨╣╨╗╨╡ "C:\Program Files\dotnet\sdk\9.0.200\NuGet.targets" ╨╕╨╖ ╨┐╤А╨╛╨╡╨║╤В╨░ "C:\Users\user\OneDrive\╨а╨░╨▒╨╛╤З╨╕╨╣ ╤Б╤В╨╛╨╗\regi\WebApplication15\WebApplication15.csproj" (╤Ж╨╡╨╗╨╡╨▓╨╛╨╣ ╨╛╨▒╤К╨╡╨║╤В "_GenerateProjectRestoreGraphCurrentProject" ╨╖╨░╨▓╨╕╤Б╨╕╤В ╨╛╤В ╨╜╨╡╨│╨╛):
       ╨Ш╤Б╨┐╨╛╨╗╤М╨╖╤Г╨╡╤В╤Б╤П ╨╖╨░╨┤╨░╤З╨░ "GetRestoreProjectReferencesTask" ╨╕╨╖ ╤Б╨▒╨╛╤А╨║╨╕ "C:\Program Files\dotnet\sdk\9.0.200\NuGet.Build.Tasks.dll".
       ╨Ч╨░╨┤╨░╤З╨░ "GetRestoreProjectReferencesTask"
       ╨Т╤Л╨┐╨╛╨╗╨╜╨╡╨╜╨╕╨╡ ╨╖╨░╨┤╨░╤З╨╕ "GetRestoreProjectReferencesTask" ╨╖╨░╨▓╨╡╤А╤И╨╡╨╜╨╛.
       ╨Ш╤Б╨┐╨╛╨╗╤М╨╖╤Г╨╡╤В╤Б╤П ╨╖╨░╨┤╨░╤З╨░ "GetRestorePackageReferencesTask" ╨╕╨╖ ╤Б╨▒╨╛╤А╨║╨╕ "C:\Program Files\dotnet\sdk\9.0.200\NuGet.Build.Tasks.dll".
       ╨Ч╨░╨┤╨░╤З╨░ "GetRestorePackageReferencesTask"
       ╨Т╤Л╨┐╨╛╨╗╨╜╨╡╨╜╨╕╨╡ ╨╖╨░╨┤╨░╤З╨╕ "GetRestorePackageReferencesTask" ╨╖╨░╨▓╨╡╤А╤И╨╡╨╜╨╛.
       ╨Ч╨░╨┤╨░╤З╨░ "GetCentralPackageVersionsTask" ╨┐╤А╨╛╨┐╤Г╤Й╨╡╨╜╨░ ╨╕╨╖-╨╖╨░ ╨╜╨╡╨▓╤Л╨┐╨╛╨╗╨╜╨╡╨╜╨╜╨╛╨│╨╛ ╤Г╤Б╨╗╨╛╨▓╨╕╤П; ╨▓╤Л╤А╨░╨╢╨╡╨╜╨╕╨╡ ( '$(PackageReferenceCompatibleProjectStyle)' == 'true' AND '$(_CentralPackageVersionsEnabled)' == 'true' ) ╤А╨░╨▓╨╜╨╛ ( 'True' == 'true' AND '' == 'true' ).
       ╨Ш╤Б╨┐╨╛╨╗╤М╨╖╤Г╨╡╤В╤Б╤П ╨╖╨░╨┤╨░╤З╨░ "GetRestorePackageDownloadsTask" ╨╕╨╖ ╤Б╨▒╨╛╤А╨║╨╕ "C:\Program Files\dotnet\sdk\9.0.200\NuGet.Build.Tasks.dll".
       ╨Ч╨░╨┤╨░╤З╨░ "GetRestorePackageDownloadsTask"
       ╨Т╤Л╨┐╨╛╨╗╨╜╨╡╨╜╨╕╨╡ ╨╖╨░╨┤╨░╤З╨╕ "GetRestorePackageDownloadsTask" ╨╖╨░╨▓╨╡╤А╤И╨╡╨╜╨╛.
       ╨Ш╤Б╨┐╨╛╨╗╤М╨╖╤Г╨╡╤В╤Б╤П ╨╖╨░╨┤╨░╤З╨░ "GetRestoreFrameworkReferencesTask" ╨╕╨╖ ╤Б╨▒╨╛╤А╨║╨╕ "C:\Program Files\dotnet\sdk\9.0.200\NuGet.Build.Tasks.dll".
       ╨Ч╨░╨┤╨░╤З╨░ "GetRestoreFrameworkReferencesTask"
       ╨Т╤Л╨┐╨╛╨╗╨╜╨╡╨╜╨╕╨╡ ╨╖╨░╨┤╨░╤З╨╕ "GetRestoreFrameworkReferencesTask" ╨╖╨░╨▓╨╡╤А╤И╨╡╨╜╨╛.
       ╨Ш╤Б╨┐╨╛╨╗╤М╨╖╤Г╨╡╤В╤Б╤П ╨╖╨░╨┤╨░╤З╨░ "GetRestoreNuGetAuditSuppressionsTask" ╨╕╨╖ ╤Б╨▒╨╛╤А╨║╨╕ "C:\Program Files\dotnet\sdk\9.0.200\NuGet.Build.Tasks.dll".
       ╨Ч╨░╨┤╨░╤З╨░ "GetRestoreNuGetAuditSuppressionsTask"
       ╨Т╤Л╨┐╨╛╨╗╨╜╨╡╨╜╨╕╨╡ ╨╖╨░╨┤╨░╤З╨╕ "GetRestoreNuGetAuditSuppressionsTask" ╨╖╨░╨▓╨╡╤А╤И╨╡╨╜╨╛.
       ╨Ш╤Б╨┐╨╛╨╗╤М╨╖╤Г╨╡╤В╤Б╤П ╨╖╨░╨┤╨░╤З╨░ "GetRestorePrunePackageReferencesTask" ╨╕╨╖ ╤Б╨▒╨╛╤А╨║╨╕ "C:\Program Files\dotnet\sdk\9.0.200\NuGet.Build.Tasks.dll".
       ╨Ч╨░╨┤╨░╤З╨░ "GetRestorePrunePackageReferencesTask"
       ╨Т╤Л╨┐╨╛╨╗╨╜╨╡╨╜╨╕╨╡ ╨╖╨░╨┤╨░╤З╨╕ "GetRestorePrunePackageReferencesTask" ╨╖╨░╨▓╨╡╤А╤И╨╡╨╜╨╛.
   1:6>╨б╨▒╨╛╤А╨║╨░ ╤Ж╨╡╨╗╨╡╨▓╨╛╨│╨╛ ╨╛╨▒╤К╨╡╨║╤В╨░ "_GenerateProjectRestoreGraphPerFramework" ╨▓ ╨┐╤А╨╛╨╡╨║╤В╨╡ "WebApplication15.csproj" ╨╖╨░╨▓╨╡╤А╤И╨╡╨╜╨░.
   1:6>╨ж╨╡╨╗╨╡╨▓╨╛╨╣ ╨╛╨▒╤К╨╡╨║╤В "_GenerateProjectRestoreGraphCurrentProject" ╨▓ ╤Д╨░╨╣╨╗╨╡ "C:\Program Files\dotnet\sdk\9.0.200\NuGet.targets" ╨╕╨╖ ╨┐╤А╨╛╨╡╨║╤В╨░ "C:\Users\user\OneDrive\╨а╨░╨▒╨╛╤З╨╕╨╣ ╤Б╤В╨╛╨╗\regi\WebApplication15\WebApplication15.csproj" (╤Ж╨╡╨╗╨╡╨▓╨╛╨╣ ╨╛╨▒╤К╨╡╨║╤В "_GenerateRestoreDependencies" ╨╖╨░╨▓╨╕╤Б╨╕╤В ╨╛╤В ╨╜╨╡╨│╨╛):
   1:6>╨б╨▒╨╛╤А╨║╨░ ╤Ж╨╡╨╗╨╡╨▓╨╛╨│╨╛ ╨╛╨▒╤К╨╡╨║╤В╨░ "_GenerateProjectRestoreGraphCurrentProject" ╨▓ ╨┐╤А╨╛╨╡╨║╤В╨╡ "WebApplication15.csproj" ╨╖╨░╨▓╨╡╤А╤И╨╡╨╜╨░.
   1:6>╨ж╨╡╨╗╨╡╨▓╨╛╨╣ ╨╛╨▒╤К╨╡╨║╤В "_GenerateRestoreDependencies" ╨▓ ╤Д╨░╨╣╨╗╨╡ "C:\Program Files\dotnet\sdk\9.0.200\NuGet.targets" ╨╕╨╖ ╨┐╤А╨╛╨╡╨║╤В╨░ "C:\Users\user\OneDrive\╨а╨░╨▒╨╛╤З╨╕╨╣ ╤Б╤В╨╛╨╗\regi\WebApplication15\WebApplication15.csproj" (╤Ж╨╡╨╗╨╡╨▓╨╛╨╣ ╨╛╨▒╤К╨╡╨║╤В "_GenerateProjectRestoreGraph" ╨╖╨░╨▓╨╕╤Б╨╕╤В ╨╛╤В ╨╜╨╡╨│╨╛):
   1:6>╨б╨▒╨╛╤А╨║╨░ ╤Ж╨╡╨╗╨╡╨▓╨╛╨│╨╛ ╨╛╨▒╤К╨╡╨║╤В╨░ "_GenerateRestoreDependencies" ╨▓ ╨┐╤А╨╛╨╡╨║╤В╨╡ "WebApplication15.csproj" ╨╖╨░╨▓╨╡╤А╤И╨╡╨╜╨░.
   1:6>╨ж╨╡╨╗╨╡╨▓╨╛╨╣ ╨╛╨▒╤К╨╡╨║╤В "_GenerateProjectRestoreGraph" ╨▓ ╤Д╨░╨╣╨╗╨╡ "C:\Program Files\dotnet\sdk\9.0.200\NuGet.targets" ╨╕╨╖ ╨┐╤А╨╛╨╡╨║╤В╨░ "C:\Users\user\OneDrive\╨а╨░╨▒╨╛╤З╨╕╨╣ ╤Б╤В╨╛╨╗\regi\WebApplication15\WebApplication15.csproj" (╤В╨╛╤З╨║╨░ ╨▓╤Е╨╛╨┤╨░):
   1:6>╨б╨▒╨╛╤А╨║╨░ ╤Ж╨╡╨╗╨╡╨▓╨╛╨│╨╛ ╨╛╨▒╤К╨╡╨║╤В╨░ "_GenerateProjectRestoreGraph" ╨▓ ╨┐╤А╨╛╨╡╨║╤В╨╡ "WebApplication15.csproj" ╨╖╨░╨▓╨╡╤А╤И╨╡╨╜╨░.
   1:6>╨б╨▒╨╛╤А╨║╨░ ╨┐╤А╨╛╨╡╨║╤В╨░ "C:\Users\user\OneDrive\╨а╨░╨▒╨╛╤З╨╕╨╣ ╤Б╤В╨╛╨╗\regi\WebApplication15\WebApplication15.csproj" ╨╖╨░╨▓╨╡╤А╤И╨╡╨╜╨░ (╤Ж╨╡╨╗╨╡╨▓╤Л╨╡ ╨╛╨▒╤К╨╡╨║╤В╤Л _GenerateProjectRestoreGraph).
     1>╨Т╤Л╨┐╨╛╨╗╨╜╨╡╨╜╨╕╨╡ ╨╖╨░╨┤╨░╤З╨╕ "MSBuild" ╨╖╨░╨▓╨╡╤А╤И╨╡╨╜╨╛.
     1>╨б╨▒╨╛╤А╨║╨░ ╤Ж╨╡╨╗╨╡╨▓╨╛╨│╨╛ ╨╛╨▒╤К╨╡╨║╤В╨░ "_GenerateRestoreGraph" ╨▓ ╨┐╤А╨╛╨╡╨║╤В╨╡ "WebApplication15.csproj" ╨╖╨░╨▓╨╡╤А╤И╨╡╨╜╨░.
       ╨ж╨╡╨╗╨╡╨▓╨╛╨╣ ╨╛╨▒╤К╨╡╨║╤В "_CheckForUnsupportedTargetFramework" ╨┐╤А╨╛╨┐╤Г╤Й╨╡╨╜ ╨╕╨╖-╨╖╨░ ╨╜╨╡╨▓╤Л╨┐╨╛╨╗╨╜╨╡╨╜╨╜╨╛╨│╨╛ ╤Г╤Б╨╗╨╛╨▓╨╕╤П; ╨▓╤Л╤А╨░╨╢╨╡╨╜╨╕╨╡ ('$(_UnsupportedTargetFrameworkError)' == 'true') ╤А╨░╨▓╨╜╨╛ ('' == 'true').
     1>╨ж╨╡╨╗╨╡╨▓╨╛╨╣ ╨╛╨▒╤К╨╡╨║╤В "_CollectTargetFrameworkForTelemetry" ╨▓ ╤Д╨░╨╣╨╗╨╡ "C:\Program Files\dotnet\sdk\9.0.200\Sdks\Microsoft.NET.Sdk\targets\Microsoft.NET.TargetFrameworkInference.targets" ╨╕╨╖ ╨┐╤А╨╛╨╡╨║╤В╨░ "C:\Users\user\OneDrive\╨а╨░╨▒╨╛╤З╨╕╨╣ ╤Б╤В╨╛╨╗\regi\WebApplication15\WebApplication15.csproj" (╤Ж╨╡╨╗╨╡╨▓╨╛╨╣ ╨╛╨▒╤К╨╡╨║╤В "Restore" ╨╖╨░╨▓╨╕╤Б╨╕╤В ╨╛╤В ╨╜╨╡╨│╨╛):
       ╨Ш╤Б╨┐╨╛╨╗╤М╨╖╤Г╨╡╤В╤Б╤П ╨╖╨░╨┤╨░╤З╨░ "AllowEmptyTelemetry" ╨╕╨╖ ╤Б╨▒╨╛╤А╨║╨╕ "C:\Program Files\dotnet\sdk\9.0.200\Sdks\Microsoft.NET.Sdk\targets\..\tools\net9.0\Microsoft.NET.Build.Tasks.dll".
       ╨Ч╨░╨┤╨░╤З╨░ "AllowEmptyTelemetry"
       ╨Т╤Л╨┐╨╛╨╗╨╜╨╡╨╜╨╕╨╡ ╨╖╨░╨┤╨░╤З╨╕ "AllowEmptyTelemetry" ╨╖╨░╨▓╨╡╤А╤И╨╡╨╜╨╛.
     1>╨б╨▒╨╛╤А╨║╨░ ╤Ж╨╡╨╗╨╡╨▓╨╛╨│╨╛ ╨╛╨▒╤К╨╡╨║╤В╨░ "_CollectTargetFrameworkForTelemetry" ╨▓ ╨┐╤А╨╛╨╡╨║╤В╨╡ "WebApplication15.csproj" ╨╖╨░╨▓╨╡╤А╤И╨╡╨╜╨░.
     1>╨ж╨╡╨╗╨╡╨▓╨╛╨╣ ╨╛╨▒╤К╨╡╨║╤В "_CheckForUnsupportedNETCoreVersion" ╨▓ ╤Д╨░╨╣╨╗╨╡ "C:\Program Files\dotnet\sdk\9.0.200\Sdks\Microsoft.NET.Sdk\targets\Microsoft.NET.TargetFrameworkInference.targets" ╨╕╨╖ ╨┐╤А╨╛╨╡╨║╤В╨░ "C:\Users\user\OneDrive\╨а╨░╨▒╨╛╤З╨╕╨╣ ╤Б╤В╨╛╨╗\regi\WebApplication15\WebApplication15.csproj" (╤Ж╨╡╨╗╨╡╨▓╨╛╨╣ ╨╛╨▒╤К╨╡╨║╤В "Restore" ╨╖╨░╨▓╨╕╤Б╨╕╤В ╨╛╤В ╨╜╨╡╨│╨╛):
       ╨Ч╨░╨┤╨░╤З╨░ "NETSdkError" ╨┐╤А╨╛╨┐╤Г╤Й╨╡╨╜╨░ ╨╕╨╖-╨╖╨░ ╨╜╨╡╨▓╤Л╨┐╨╛╨╗╨╜╨╡╨╜╨╜╨╛╨│╨╛ ╤Г╤Б╨╗╨╛╨▓╨╕╤П; ╨▓╤Л╤А╨░╨╢╨╡╨╜╨╕╨╡ ('$(_TargetFrameworkVersionWithoutV)' > '$(NETCoreAppMaximumVersion)' and '$(DisplayVSMessage)' != 'true') ╤А╨░╨▓╨╜╨╛ ('9.0' > '9.0' and '' != 'true').
       ╨Ч╨░╨┤╨░╤З╨░ "NETSdkError" ╨┐╤А╨╛╨┐╤Г╤Й╨╡╨╜╨░ ╨╕╨╖-╨╖╨░ ╨╜╨╡╨▓╤Л╨┐╨╛╨╗╨╜╨╡╨╜╨╜╨╛╨│╨╛ ╤Г╤Б╨╗╨╛╨▓╨╕╤П; ╨▓╤Л╤А╨░╨╢╨╡╨╜╨╕╨╡ ('$(DisplayVSMessage)' == 'true') ╤А╨░╨▓╨╜╨╛ ('' == 'true').
     1>╨б╨▒╨╛╤А╨║╨░ ╤Ж╨╡╨╗╨╡╨▓╨╛╨│╨╛ ╨╛╨▒╤К╨╡╨║╤В╨░ "_CheckForUnsupportedNETCoreVersion" ╨▓ ╨┐╤А╨╛╨╡╨║╤В╨╡ "WebApplication15.csproj" ╨╖╨░╨▓╨╡╤А╤И╨╡╨╜╨░.
       ╨ж╨╡╨╗╨╡╨▓╨╛╨╣ ╨╛╨▒╤К╨╡╨║╤В "_CheckForEolTargetFrameworks" ╨┐╤А╨╛╨┐╤Г╤Й╨╡╨╜ ╨╕╨╖-╨╖╨░ ╨╜╨╡╨▓╤Л╨┐╨╛╨╗╨╜╨╡╨╜╨╜╨╛╨│╨╛ ╤Г╤Б╨╗╨╛╨▓╨╕╤П; ╨▓╤Л╤А╨░╨╢╨╡╨╜╨╕╨╡ ('@(_EolNetCoreTargetFrameworkVersions->AnyHaveMetadataValue('Identity', '$(_TargetFrameworkVersionWithoutV)'))' and '$(TargetFrameworkIdentifier)' == '.NETCoreApp' and '$(CheckEolTargetFramework)' == 'true') ╤А╨░╨▓╨╜╨╛ ('false' and '.NETCoreApp' == '.NETCoreApp' and 'true' == 'true').
       ╨ж╨╡╨╗╨╡╨▓╨╛╨╣ ╨╛╨▒╤К╨╡╨║╤В "_CheckForEolWorkloads" ╨┐╤А╨╛╨┐╤Г╤Й╨╡╨╜ ╨╕╨╖-╨╖╨░ ╨╜╨╡╨▓╤Л╨┐╨╛╨╗╨╜╨╡╨╜╨╜╨╛╨│╨╛ ╤Г╤Б╨╗╨╛╨▓╨╕╤П; ╨▓╤Л╤А╨░╨╢╨╡╨╜╨╕╨╡ ('@(EolWorkload)' != '' and '$(CheckEolWorkloads)' == 'true') ╤А╨░╨▓╨╜╨╛ ('' != '' and 'true' == 'true').
       ╨ж╨╡╨╗╨╡╨▓╨╛╨╣ ╨╛╨▒╤К╨╡╨║╤В "_CheckForNotRecommendedNETStandardVersion" ╨┐╤А╨╛╨┐╤Г╤Й╨╡╨╜ ╨╕╨╖-╨╖╨░ ╨╜╨╡╨▓╤Л╨┐╨╛╨╗╨╜╨╡╨╜╨╜╨╛╨│╨╛ ╤Г╤Б╨╗╨╛╨▓╨╕╤П; ╨▓╤Л╤А╨░╨╢╨╡╨╜╨╕╨╡ ('$(TargetFrameworkIdentifier)' == '.NETStandard' and $([MSBuild]::VersionLessThan($(TargetFrameworkVersion), '2.0'))) ╤А╨░╨▓╨╜╨╛ ('.NETCoreApp' == '.NETStandard' and False).
     1>╨ж╨╡╨╗╨╡╨▓╨╛╨╣ ╨╛╨▒╤К╨╡╨║╤В "_CheckForUnsupportedCppNETCoreVersion" ╨▓ ╤Д╨░╨╣╨╗╨╡ "C:\Program Files\dotnet\sdk\9.0.200\Sdks\Microsoft.NET.Sdk\targets\Microsoft.NET.TargetFrameworkInference.targets" ╨╕╨╖ ╨┐╤А╨╛╨╡╨║╤В╨░ "C:\Users\user\OneDrive\╨а╨░╨▒╨╛╤З╨╕╨╣ ╤Б╤В╨╛╨╗\regi\WebApplication15\WebApplication15.csproj" (╤Ж╨╡╨╗╨╡╨▓╨╛╨╣ ╨╛╨▒╤К╨╡╨║╤В "Restore" ╨╖╨░╨▓╨╕╤Б╨╕╤В ╨╛╤В ╨╜╨╡╨│╨╛):
       ╨Ч╨░╨┤╨░╤З╨░ "NETSdkError" ╨┐╤А╨╛╨┐╤Г╤Й╨╡╨╜╨░ ╨╕╨╖-╨╖╨░ ╨╜╨╡╨▓╤Л╨┐╨╛╨╗╨╜╨╡╨╜╨╜╨╛╨│╨╛ ╤Г╤Б╨╗╨╛╨▓╨╕╤П; ╨▓╤Л╤А╨░╨╢╨╡╨╜╨╕╨╡ ('$(TargetFrameworkIdentifier)' == '.NETCoreApp' and '$(_TargetFrameworkVersionWithoutV)' < '3.1' and ('$(Language)' == 'C++' and '$(_EnablePackageReferencesInVCProjects)' != 'true')) ╤А╨░╨▓╨╜╨╛ ('.NETCoreApp' == '.NETCoreApp' and '9.0' < '3.1' and ('C#' == 'C++' and '' != 'true')).
     1>╨б╨▒╨╛╤А╨║╨░ ╤Ж╨╡╨╗╨╡╨▓╨╛╨│╨╛ ╨╛╨▒╤К╨╡╨║╤В╨░ "_CheckForUnsupportedCppNETCoreVersion" ╨▓ ╨┐╤А╨╛╨╡╨║╤В╨╡ "WebApplication15.csproj" ╨╖╨░╨▓╨╡╤А╤И╨╡╨╜╨░.
       ╨ж╨╡╨╗╨╡╨▓╨╛╨╣ ╨╛╨▒╤К╨╡╨║╤В "_CheckForUnsupportedNETStandardVersion" ╨┐╤А╨╛╨┐╤Г╤Й╨╡╨╜ ╨╕╨╖-╨╖╨░ ╨╜╨╡╨▓╤Л╨┐╨╛╨╗╨╜╨╡╨╜╨╜╨╛╨│╨╛ ╤Г╤Б╨╗╨╛╨▓╨╕╤П; ╨▓╤Л╤А╨░╨╢╨╡╨╜╨╕╨╡ ('$(TargetFrameworkIdentifier)' == '.NETStandard' And '$(NETStandardMaximumVersion)' != '') ╤А╨░╨▓╨╜╨╛ ('.NETCoreApp' == '.NETStandard' And '' != '').
       ╨ж╨╡╨╗╨╡╨▓╨╛╨╣ ╨╛╨▒╤К╨╡╨║╤В "_CheckForUnsupportedTargetFrameworkAndFeatureCombination" ╨┐╤А╨╛╨┐╤Г╤Й╨╡╨╜ ╨╕╨╖-╨╖╨░ ╨╜╨╡╨▓╤Л╨┐╨╛╨╗╨╜╨╡╨╜╨╜╨╛╨│╨╛ ╤Г╤Б╨╗╨╛╨▓╨╕╤П; ╨▓╤Л╤А╨░╨╢╨╡╨╜╨╕╨╡ ('$(TargetFrameworkIdentifier)' == '.NETFramework') ╤А╨░╨▓╨╜╨╛ ('.NETCoreApp' == '.NETFramework').
     1>╨ж╨╡╨╗╨╡╨▓╨╛╨╣ ╨╛╨▒╤К╨╡╨║╤В "Restore" ╨▓ ╤Д╨░╨╣╨╗╨╡ "C:\Program Files\dotnet\sdk\9.0.200\NuGet.targets" ╨╕╨╖ ╨┐╤А╨╛╨╡╨║╤В╨░ "C:\Users\user\OneDrive\╨а╨░╨▒╨╛╤З╨╕╨╣ ╤Б╤В╨╛╨╗\regi\WebApplication15\WebApplication15.csproj" (╤В╨╛╤З╨║╨░ ╨▓╤Е╨╛╨┤╨░):
       ╨Ч╨░╨┤╨░╤З╨░ "RemoveDuplicates"
       ╨Т╤Л╨┐╨╛╨╗╨╜╨╡╨╜╨╕╨╡ ╨╖╨░╨┤╨░╤З╨╕ "RemoveDuplicates" ╨╖╨░╨▓╨╡╤А╤И╨╡╨╜╨╛.
       ╨Ш╤Б╨┐╨╛╨╗╤М╨╖╤Г╨╡╤В╤Б╤П ╨╖╨░╨┤╨░╤З╨░ "RestoreTask" ╨╕╨╖ ╤Б╨▒╨╛╤А╨║╨╕ "C:\Program Files\dotnet\sdk\9.0.200\NuGet.Build.Tasks.dll".
       ╨Ч╨░╨┤╨░╤З╨░ "RestoreTask"
         ╨б╨▒╨╛╤А╨║╨░ ╨╖╨░╨│╤А╤Г╨╢╨╡╨╜╨░ ╨▓╨╛ ╨▓╤А╨╡╨╝╤П TaskRun (NuGet.Build.Tasks.RestoreTask): NuGet.Packaging, Version=6.13.0.113, Culture=neutral, PublicKeyToken=31bf3856ad364e35 (╤А╨░╤Б╨┐╨╛╨╗╨╛╨╢╨╡╨╜╨╕╨╡: C:\Program Files\dotnet\sdk\9.0.200\NuGet.Packaging.dll, MVID: 1cbc21a5-4cd9-466f-9151-1c1a71d549af, AssemblyLoadContext: MSBuild plugin C:\Program Files\dotnet\sdk\9.0.200\NuGet.Build.Tasks.dll)
         ╨б╨▒╨╛╤А╨║╨░ ╨╖╨░╨│╤А╤Г╨╢╨╡╨╜╨░ ╨▓╨╛ ╨▓╤А╨╡╨╝╤П TaskRun (NuGet.Build.Tasks.RestoreTask): NuGet.LibraryModel, Version=6.13.0.113, Culture=neutral, PublicKeyToken=31bf3856ad364e35 (╤А╨░╤Б╨┐╨╛╨╗╨╛╨╢╨╡╨╜╨╕╨╡: C:\Program Files\dotnet\sdk\9.0.200\NuGet.LibraryModel.dll, MVID: 4983b6e9-b263-4c60-b6bd-5276f113a471, AssemblyLoadContext: MSBuild plugin C:\Program Files\dotnet\sdk\9.0.200\NuGet.Build.Tasks.dll)
         ╨б╨▒╨╛╤А╨║╨░ ╨╖╨░╨│╤А╤Г╨╢╨╡╨╜╨░ ╨▓╨╛ ╨▓╤А╨╡╨╝╤П TaskRun (NuGet.Build.Tasks.RestoreTask): NuGet.Versioning, Version=6.13.0.113, Culture=neutral, PublicKeyToken=31bf3856ad364e35 (╤А╨░╤Б╨┐╨╛╨╗╨╛╨╢╨╡╨╜╨╕╨╡: C:\Program Files\dotnet\sdk\9.0.200\NuGet.Versioning.dll, MVID: 0c64735f-6f38-4de5-a22e-618f8294c134, AssemblyLoadContext: MSBuild plugin C:\Program Files\dotnet\sdk\9.0.200\NuGet.Build.Tasks.dll)
         ╨б╨▒╨╛╤А╨║╨░ ╨╖╨░╨│╤А╤Г╨╢╨╡╨╜╨░ ╨▓╨╛ ╨▓╤А╨╡╨╝╤П TaskRun (NuGet.Build.Tasks.RestoreTask): NuGet.Frameworks, Version=6.13.0.113, Culture=neutral, PublicKeyToken=31bf3856ad364e35 (╤А╨░╤Б╨┐╨╛╨╗╨╛╨╢╨╡╨╜╨╕╨╡: C:\Program Files\dotnet\sdk\9.0.200\NuGet.Frameworks.dll, MVID: a71a6311-0898-4bde-aa1d-8d023178a182, AssemblyLoadContext: MSBuild plugin C:\Program Files\dotnet\sdk\9.0.200\NuGet.Build.Tasks.dll)
         ╨б╨▒╨╛╤А╨║╨░ ╨╖╨░╨│╤А╤Г╨╢╨╡╨╜╨░ ╨▓╨╛ ╨▓╤А╨╡╨╝╤П TaskRun (NuGet.Build.Tasks.RestoreTask): System.Buffers, Version=9.0.0.0, Culture=neutral, PublicKeyToken=cc7b13ffcd2ddd51 (╤А╨░╤Б╨┐╨╛╨╗╨╛╨╢╨╡╨╜╨╕╨╡: C:\Program Files\dotnet\shared\Microsoft.NETCore.App\9.0.2\System.Buffers.dll, MVID: 853acbbf-20a4-471c-80db-59e7a9ef0ef3, AssemblyLoadContext: Default)
         ╨б╨▒╨╛╤А╨║╨░ ╨╖╨░╨│╤А╤Г╨╢╨╡╨╜╨░ ╨▓╨╛ ╨▓╤А╨╡╨╝╤П TaskRun (NuGet.Build.Tasks.RestoreTask): NuGet.Protocol, Version=6.13.0.113, Culture=neutral, PublicKeyToken=31bf3856ad364e35 (╤А╨░╤Б╨┐╨╛╨╗╨╛╨╢╨╡╨╜╨╕╨╡: C:\Program Files\dotnet\sdk\9.0.200\NuGet.Protocol.dll, MVID: 0f28e10d-abfb-45e0-9e21-e4c33ba633ef, AssemblyLoadContext: MSBuild plugin C:\Program Files\dotnet\sdk\9.0.200\NuGet.Build.Tasks.dll)
         ╨б╨▒╨╛╤А╨║╨░ ╨╖╨░╨│╤А╤Г╨╢╨╡╨╜╨░ ╨▓╨╛ ╨▓╤А╨╡╨╝╤П TaskRun (NuGet.Build.Tasks.RestoreTask): NuGet.Credentials, Version=6.13.0.113, Culture=neutral, PublicKeyToken=31bf3856ad364e35 (╤А╨░╤Б╨┐╨╛╨╗╨╛╨╢╨╡╨╜╨╕╨╡: C:\Program Files\dotnet\sdk\9.0.200\NuGet.Credentials.dll, MVID: 8d544349-eb17-4cad-a582-917b8b55f13b, AssemblyLoadContext: MSBuild plugin C:\Program Files\dotnet\sdk\9.0.200\NuGet.Build.Tasks.dll)
         ╨б╨▒╨╛╤А╨║╨░ ╨╖╨░╨│╤А╤Г╨╢╨╡╨╜╨░ ╨▓╨╛ ╨▓╤А╨╡╨╝╤П TaskRun (NuGet.Build.Tasks.RestoreTask): NuGet.Packaging.resources, Version=6.13.0.113, Culture=ru, PublicKeyToken=31bf3856ad364e35, processorArchitecture=MSIL (╤А╨░╤Б╨┐╨╛╨╗╨╛╨╢╨╡╨╜╨╕╨╡: C:\Program Files\dotnet\sdk\9.0.200\ru\NuGet.Packaging.resources.dll, MVID: 6cb4f3d9-c45e-416a-a22a-a78c039a5388, AssemblyLoadContext: MSBuild plugin C:\Program Files\dotnet\sdk\9.0.200\NuGet.Build.Tasks.dll)
         ╨Я╤А╨╕ ╨┐╤А╨╛╨▓╨╡╤А╨║╨╡ ╤Ж╨╡╨┐╨╛╤З╨║╨╕ ╤Б╨╡╤А╤В╨╕╤Д╨╕╨║╨░╤В╨╛╨▓ X.509 ╨▒╤Г╨┤╨╡╤В ╨╕╤Б╨┐╨╛╨╗╤М╨╖╨╛╨▓╨░╤В╤М╤Б╤П ╤Е╤А╨░╨╜╨╕╨╗╨╕╤Й╨╡ ╨┤╨╛╨▓╨╡╤А╨╕╤П ╨┐╨╛ ╤Г╨╝╨╛╨╗╤З╨░╨╜╨╕╤О, ╨▓╤Л╨▒╤А╨░╨╜╨╜╨╛╨╡ .NET ╨┤╨╗╤П ╨┐╨╛╨┤╨┐╨╕╤Б╤Л╨▓╨░╨╜╨╕╤П ╨║╨╛╨┤╨░.
         ╨Я╤А╨╕ ╨┐╤А╨╛╨▓╨╡╤А╨║╨╡ ╤Ж╨╡╨┐╨╛╤З╨║╨╕ ╤Б╨╡╤А╤В╨╕╤Д╨╕╨║╨░╤В╨╛╨▓ X.509 ╨▒╤Г╨┤╨╡╤В ╨╕╤Б╨┐╨╛╨╗╤М╨╖╨╛╨▓╨░╤В╤М╤Б╤П ╤Е╤А╨░╨╜╨╕╨╗╨╕╤Й╨╡ ╨┤╨╛╨▓╨╡╤А╨╕╤П ╨┐╨╛ ╤Г╨╝╨╛╨╗╤З╨░╨╜╨╕╤О, ╨▓╤Л╨▒╤А╨░╨╜╨╜╨╛╨╡ .NET ╨┤╨╗╤П ╤Г╤Б╤В╨░╨╜╨╛╨▓╨║╨╕ ╨╝╨╡╤В╨║╨╕ ╨▓╤А╨╡╨╝╨╡╨╜╨╕.
         ╨б╨▒╨╛╤А╨║╨░ ╨╖╨░╨│╤А╤Г╨╢╨╡╨╜╨░ ╨▓╨╛ ╨▓╤А╨╡╨╝╤П TaskRun (NuGet.Build.Tasks.RestoreTask): NuGet.DependencyResolver.Core, Version=6.13.0.113, Culture=neutral, PublicKeyToken=31bf3856ad364e35 (╤А╨░╤Б╨┐╨╛╨╗╨╛╨╢╨╡╨╜╨╕╨╡: C:\Program Files\dotnet\sdk\9.0.200\NuGet.DependencyResolver.Core.dll, MVID: 2ecbfef2-65f7-4db3-b960-1f7d40c14cd4, AssemblyLoadContext: MSBuild plugin C:\Program Files\dotnet\sdk\9.0.200\NuGet.Build.Tasks.dll)
         ╨б╨▒╨╛╤А╨║╨░ ╨╖╨░╨│╤А╤Г╨╢╨╡╨╜╨░ ╨▓╨╛ ╨▓╤А╨╡╨╝╤П TaskRun (NuGet.Build.Tasks.RestoreTask): NuGet.Commands.resources, Version=6.13.0.113, Culture=ru, PublicKeyToken=31bf3856ad364e35, processorArchitecture=MSIL (╤А╨░╤Б╨┐╨╛╨╗╨╛╨╢╨╡╨╜╨╕╨╡: C:\Program Files\dotnet\sdk\9.0.200\ru\NuGet.Commands.resources.dll, MVID: c6ee53c2-4962-4e7a-ab3e-b806a860cc86, AssemblyLoadContext: MSBuild plugin C:\Program Files\dotnet\sdk\9.0.200\NuGet.Build.Tasks.dll)
         ╨Т╤Л╨┐╨╛╨╗╨╜╤П╨╡╤В╤Б╤П ╨▓╨╛╤Б╤Б╤В╨░╨╜╨╛╨▓╨╗╨╡╨╜╨╕╨╡ ╤Б╨╛ ╤Б╨╗╨╡╨┤╤Г╤О╤Й╨╕╨╝ ╤З╨╕╤Б╨╗╨╛╨╝ ╨┐╨░╤А╨░╨╗╨╗╨╡╨╗╤М╨╜╤Л╤Е ╨╖╨░╨┤╨░╨╜╨╕╨╣: 12.
         ╨з╤В╨╡╨╜╨╕╨╡ ╤Д╨░╨╣╨╗╨░ ╨┐╤А╨╛╨╡╨║╤В╨░ C:\Users\user\OneDrive\╨а╨░╨▒╨╛╤З╨╕╨╣ ╤Б╤В╨╛╨╗\regi\WebApplication15\WebApplication15.csproj.
         ╨б╨▒╨╛╤А╨║╨░ ╨╖╨░╨│╤А╤Г╨╢╨╡╨╜╨░ ╨▓╨╛ ╨▓╤А╨╡╨╝╤П TaskRun (NuGet.Build.Tasks.RestoreTask): Newtonsoft.Json, Version=13.0.0.0, Culture=neutral, PublicKeyToken=30ad4fe6b2a6aeed (╤А╨░╤Б╨┐╨╛╨╗╨╛╨╢╨╡╨╜╨╕╨╡: C:\Program Files\dotnet\sdk\9.0.200\Newtonsoft.Json.dll, MVID: 7e62198b-eab2-4380-bbac-29171862d1d8, AssemblyLoadContext: MSBuild plugin C:\Program Files\dotnet\sdk\9.0.200\NuGet.Build.Tasks.dll)
         ╨б╨▒╨╛╤А╨║╨░ ╨╖╨░╨│╤А╤Г╨╢╨╡╨╜╨░ ╨▓╨╛ ╨▓╤А╨╡╨╝╤П TaskRun (NuGet.Build.Tasks.RestoreTask): System.Runtime.Serialization.Primitives, Version=9.0.0.0, Culture=neutral, PublicKeyToken=b03f5f7f11d50a3a (╤А╨░╤Б╨┐╨╛╨╗╨╛╨╢╨╡╨╜╨╕╨╡: C:\Program Files\dotnet\shared\Microsoft.NETCore.App\9.0.2\System.Runtime.Serialization.Primitives.dll, MVID: 824ba682-f284-48a8-9b76-8ddcece604cf, AssemblyLoadContext: Default)
         ╨б╨▒╨╛╤А╨║╨░ ╨╖╨░╨│╤А╤Г╨╢╨╡╨╜╨░ ╨▓╨╛ ╨▓╤А╨╡╨╝╤П TaskRun (NuGet.Build.Tasks.RestoreTask): System.Runtime.Numerics, Version=9.0.0.0, Culture=neutral, PublicKeyToken=b03f5f7f11d50a3a (╤А╨░╤Б╨┐╨╛╨╗╨╛╨╢╨╡╨╜╨╕╨╡: C:\Program Files\dotnet\shared\Microsoft.NETCore.App\9.0.2\System.Runtime.Numerics.dll, MVID: dd28ad69-7d19-4845-8b32-6a07410dd7c9, AssemblyLoadContext: Default)
         ╨Т╤Е╨╛╨┤╨╜╤Л╨╡ ╨┤╨░╨╜╨╜╤Л╨╡ ╨▓╨╛╤Б╤Б╤В╨░╨╜╨╛╨▓╨╗╨╡╨╜╨╕╤П ╨┤╨╗╤П "WebApplication15" ╨╜╨╡ ╨▒╤Л╨╗╨╕ ╨╕╨╖╨╝╨╡╨╜╨╡╨╜╤Л. ╨Ф╨░╨╗╤М╨╜╨╡╨╣╤И╨╕╤Е ╨┤╨╡╨╣╤Б╤В╨▓╨╕╨╣ ╨┤╨╗╤П ╨╖╨░╨▓╨╡╤А╤И╨╡╨╜╨╕╤П ╨▓╨╛╤Б╤Б╤В╨░╨╜╨╛╨▓╨╗╨╡╨╜╨╕╤П ╨╜╨╡ ╤В╤А╨╡╨▒╤Г╨╡╤В╤Б╤П.
         ╨д╨╕╨║╤Б╨░╤Ж╨╕╤П ╨▓╨╛╤Б╤Б╤В╨░╨╜╨╛╨▓╨╗╨╡╨╜╨╕╤П...
         ╨д╨░╨╣╨╗ ╤А╨╡╤Б╤Г╤А╤Б╨╛╨▓ ╨╜╨╡ ╨▒╤Л╨╗ ╨╕╨╖╨╝╨╡╨╜╨╡╨╜. ╨Я╤А╨╛╨┐╤Г╤Б╨║ ╨╖╨░╨┐╨╕╤Б╨╕ ╤Д╨░╨╣╨╗╨░ ╤А╨╡╤Б╤Г╤А╤Б╨╛╨▓. ╨Я╤Г╤В╤М: C:\Users\user\OneDrive\╨а╨░╨▒╨╛╤З╨╕╨╣ ╤Б╤В╨╛╨╗\regi\WebApplication15\obj\project.assets.json
         ╨е╨╛╨╗╨╛╤Б╤В╨╛╨╡ ╨▓╨╛╤Б╤Б╤В╨░╨╜╨╛╨▓╨╗╨╡╨╜╨╕╨╡. ╨Ъ╤Н╤И ╨╜╨╡ ╨▒╤Г╨┤╨╡╤В ╨╛╨▒╨╜╨╛╨▓╨╗╨╡╨╜. ╨Я╤Г╤В╤М: C:\Users\user\OneDrive\╨а╨░╨▒╨╛╤З╨╕╨╣ ╤Б╤В╨╛╨╗\regi\WebApplication15\obj\project.nuget.cache
         ╨б╨▒╨╛╤А╨║╨░ ╨╖╨░╨│╤А╤Г╨╢╨╡╨╜╨░ ╨▓╨╛ ╨▓╤А╨╡╨╝╤П TaskRun (NuGet.Build.Tasks.RestoreTask): NuGet.Common.resources, Version=6.13.0.113, Culture=ru, PublicKeyToken=31bf3856ad364e35, processorArchitecture=MSIL (╤А╨░╤Б╨┐╨╛╨╗╨╛╨╢╨╡╨╜╨╕╨╡: C:\Program Files\dotnet\sdk\9.0.200\ru\NuGet.Common.resources.dll, MVID: ff8419fb-2b71-4f78-b377-330ba923c81e, AssemblyLoadContext: MSBuild plugin C:\Program Files\dotnet\sdk\9.0.200\NuGet.Build.Tasks.dll)
         ╨Т╨╛╤Б╤Б╤В╨░╨╜╨╛╨▓╨╗╨╡╨╜ C:\Users\user\OneDrive\╨а╨░╨▒╨╛╤З╨╕╨╣ ╤Б╤В╨╛╨╗\regi\WebApplication15\WebApplication15.csproj (╨╖╨░ 71┬а╨╝╤Б).
         
         ╨Ш╤Б╨┐╨╛╨╗╤М╨╖╨╛╨▓╨░╨╜╨╜╤Л╨╡ ╤Д╨░╨╣╨╗╤Л ╨║╨╛╨╜╤Д╨╕╨│╤Г╤А╨░╤Ж╨╕╨╕ NuGet:
             C:\Users\user\AppData\Roaming\NuGet\NuGet.Config
             C:\Program Files (x86)\NuGet\Config\Microsoft.VisualStudio.FallbackLocation.config
             C:\Program Files (x86)\NuGet\Config\Microsoft.VisualStudio.Offline.config
         
         ╨Ш╤Б╨┐╨╛╨╗╤М╨╖╨╛╨▓╨░╨╜╨╜╤Л╨╡ ╨▓╨╡╨▒-╨║╨░╨╜╨░╨╗╤Л:
             https://api.nuget.org/v3/index.json
             C:\Program Files (x86)\Microsoft SDKs\NuGetPackages\
         ╨Т╤Б╨╡ ╨┐╤А╨╛╨╡╨║╤В╤Л ╨╛╨▒╨╜╨╛╨▓╨╗╨╡╨╜╤Л ╨┤╨╗╤П ╨▓╨╛╤Б╤Б╤В╨░╨╜╨╛╨▓╨╗╨╡╨╜╨╕╤П.
       ╨Т╤Л╨┐╨╛╨╗╨╜╨╡╨╜╨╕╨╡ ╨╖╨░╨┤╨░╤З╨╕ "RestoreTask" ╨╖╨░╨▓╨╡╤А╤И╨╡╨╜╨╛.
     1>╨б╨▒╨╛╤А╨║╨░ ╤Ж╨╡╨╗╨╡╨▓╨╛╨│╨╛ ╨╛╨▒╤К╨╡╨║╤В╨░ "Restore" ╨▓ ╨┐╤А╨╛╨╡╨║╤В╨╡ "WebApplication15.csproj" ╨╖╨░╨▓╨╡╤А╤И╨╡╨╜╨░.
     1>╨б╨▒╨╛╤А╨║╨░ ╨┐╤А╨╛╨╡╨║╤В╨░ "C:\Users\user\OneDrive\╨а╨░╨▒╨╛╤З╨╕╨╣ ╤Б╤В╨╛╨╗\regi\WebApplication15\WebApplication15.csproj" ╨╖╨░╨▓╨╡╤А╤И╨╡╨╜╨░ (╤Ж╨╡╨╗╨╡╨▓╤Л╨╡ ╨╛╨▒╤К╨╡╨║╤В╤Л Restore).
     0>SDK "Microsoft.NET.Sdk.Web" ╤Г╤Б╨┐╨╡╤И╨╜╨╛ ╤А╨░╨╖╤А╨╡╤И╨╡╨╜ ╨┐╤А╨╡╨╛╨▒╤А╨░╨╖╨╛╨▓╨░╤В╨╡╨╗╨╡╨╝ "DefaultSdkResolver" ╨▓ ╤А╨░╤Б╨┐╨╛╨╗╨╛╨╢╨╡╨╜╨╕╨╡ "C:\Program Files\dotnet\sdk\9.0.200\Sdks\Microsoft.NET.Sdk.Web\Sdk" ╨╕ ╨▓╨╡╤А╤Б╨╕╤О "".
       SDK "Microsoft.NET.Sdk" ╤Г╤Б╨┐╨╡╤И╨╜╨╛ ╤А╨░╨╖╤А╨╡╤И╨╡╨╜ ╨┐╤А╨╡╨╛╨▒╤А╨░╨╖╨╛╨▓╨░╤В╨╡╨╗╨╡╨╝ "DefaultSdkResolver" ╨▓ ╤А╨░╤Б╨┐╨╛╨╗╨╛╨╢╨╡╨╜╨╕╨╡ "C:\Program Files\dotnet\sdk\9.0.200\Sdks\Microsoft.NET.Sdk\Sdk" ╨╕ ╨▓╨╡╤А╤Б╨╕╤О "".
       C:\Program Files\dotnet\sdk\9.0.200\Sdks\Microsoft.NET.Sdk\Sdk\Sdk.props(49,11): message : ╨б╨▓╨╛╨╣╤Б╤В╨▓╨╛ "MSBuildExtensionsPath" ╤Б╨╛ ╨╖╨╜╨░╤З╨╡╨╜╨╕╨╡╨╝ "C:\Program Files\dotnet\sdk\9.0.200\" ╤А╨░╨╖╨▓╨╡╤А╨╜╤Г╤В╨╛ ╨╕╨╖ ╨╛╨║╤А╤Г╨╢╨╡╨╜╨╕╤П.
       ╨Я╨╛╨▓╤В╨╛╤А╨╜╨╛╨╡ ╨╜╨░╨╖╨╜╨░╤З╨╡╨╜╨╕╨╡ ╤Б╨▓╨╛╨╣╤Б╤В╨▓╨░: $(MSBuildProjectExtensionsPath)="C:\Users\user\OneDrive\╨а╨░╨▒╨╛╤З╨╕╨╣ ╤Б╤В╨╛╨╗\regi\WebApplication15\obj\" (╨┐╤А╨╡╨┤╤Л╨┤╤Г╤Й╨╡╨╡ ╨╖╨╜╨░╤З╨╡╨╜╨╕╨╡: "obj\") ╨┤╨╗╤П C:\Program Files\dotnet\sdk\9.0.200\Current\Microsoft.Common.props (60,5)
       C:\Users\user\OneDrive\╨а╨░╨▒╨╛╤З╨╕╨╣ ╤Б╤В╨╛╨╗\regi\WebApplication15\obj\WebApplication15.csproj.nuget.g.props(7,5): message : ╨б╨▓╨╛╨╣╤Б╤В╨▓╨╛ "USERPROFILE" ╤Б╨╛ ╨╖╨╜╨░╤З╨╡╨╜╨╕╨╡╨╝ "C:\Users\user" ╤А╨░╨╖╨▓╨╡╤А╨╜╤Г╤В╨╛ ╨╕╨╖ ╨╛╨║╤А╤Г╨╢╨╡╨╜╨╕╤П.
       C:\Program Files\dotnet\sdk\9.0.200\Current\Microsoft.Common.props(84,119): message : ╨б╨▓╨╛╨╣╤Б╤В╨▓╨╛ "MSBuildUserExtensionsPath" ╤Б╨╛ ╨╖╨╜╨░╤З╨╡╨╜╨╕╨╡╨╝ "C:\Users\user\AppData\Local\Microsoft\MSBuild" ╤А╨░╨╖╨▓╨╡╤А╨╜╤Г╤В╨╛ ╨╕╨╖ ╨╛╨║╤А╤Г╨╢╨╡╨╜╨╕╤П.
       ╨Я╨╛╨▓╤В╨╛╤А╨╜╨╛╨╡ ╨╜╨░╨╖╨╜╨░╤З╨╡╨╜╨╕╨╡ ╤Б╨▓╨╛╨╣╤Б╤В╨▓╨░: $(AssemblySearchPaths)="{CandidateAssemblyFiles};{HintPathFromItem}" (╨┐╤А╨╡╨┤╤Л╨┤╤Г╤Й╨╡╨╡ ╨╖╨╜╨░╤З╨╡╨╜╨╕╨╡: "{CandidateAssemblyFiles}") ╨┤╨╗╤П C:\Program Files\dotnet\sdk\9.0.200\Sdks\Microsoft.NET.Sdk\targets\Microsoft.NET.Sdk.props (90,5)
       ╨Я╨╛╨▓╤В╨╛╤А╨╜╨╛╨╡ ╨╜╨░╨╖╨╜╨░╤З╨╡╨╜╨╕╨╡ ╤Б╨▓╨╛╨╣╤Б╤В╨▓╨░: $(AssemblySearchPaths)="{CandidateAssemblyFiles};{HintPathFromItem};{TargetFrameworkDirectory}" (╨┐╤А╨╡╨┤╤Л╨┤╤Г╤Й╨╡╨╡ ╨╖╨╜╨░╤З╨╡╨╜╨╕╨╡: "{CandidateAssemblyFiles};{HintPathFromItem}") ╨┤╨╗╤П C:\Program Files\dotnet\sdk\9.0.200\Sdks\Microsoft.NET.Sdk\targets\Microsoft.NET.Sdk.props (91,5)
       ╨Я╨╛╨▓╤В╨╛╤А╨╜╨╛╨╡ ╨╜╨░╨╖╨╜╨░╤З╨╡╨╜╨╕╨╡ ╤Б╨▓╨╛╨╣╤Б╤В╨▓╨░: $(AssemblySearchPaths)="{CandidateAssemblyFiles};{HintPathFromItem};{TargetFrameworkDirectory};{RawFileName}" (╨┐╤А╨╡╨┤╤Л╨┤╤Г╤Й╨╡╨╡ ╨╖╨╜╨░╤З╨╡╨╜╨╕╨╡: "{CandidateAssemblyFiles};{HintPathFromItem};{TargetFrameworkDirectory}") ╨┤╨╗╤П C:\Program Files\dotnet\sdk\9.0.200\Sdks\Microsoft.NET.Sdk\targets\Microsoft.NET.Sdk.props (92,5)
       ╨Я╤А╨╡╨╛╨▒╤А╨░╨╖╨╛╨▓╨░╤В╨╡╨╗╤М "DefaultSdkResolver" ╨┐╨╛╨┐╤Л╤В╨░╨╗╤Б╤П ╤А╨░╨╖╤А╨╡╤И╨╕╤В╤М SDK "Microsoft.NET.SDK.WorkloadAutoImportPropsLocator".
       ╨Я╤А╨╡╨┤╤Г╨┐╤А╨╡╨╢╨┤╨╡╨╜╨╕╤П: null
       ╨Ю╤И╨╕╨▒╨╛╨║: MSB4276: ╤Б╤В╨░╨╜╨┤╨░╤А╤В╨╜╨╛╨╝╤Г ╤Б╨╛╨┐╨╛╤Б╤В╨░╨▓╨╕╤В╨╡╨╗╤О ╨┐╨░╨║╨╡╤В╨╛╨▓ SDK ╨╜╨╡ ╤Г╨┤╨░╨╗╨╛╤Б╤М ╤А╨░╨╖╤А╨╡╤И╨╕╤В╤М ╨┐╨░╨║╨╡╤В SDK "Microsoft.NET.SDK.WorkloadAutoImportPropsLocator", ╤В╨░╨║ ╨║╨░╨║ ╨║╨░╤В╨░╨╗╨╛╨│ "C:\Program Files\dotnet\sdk\9.0.200\Sdks\Microsoft.NET.SDK.WorkloadAutoImportPropsLocator\Sdk" ╨╜╨╡ ╤Б╤Г╤Й╨╡╤Б╤В╨▓╤Г╨╡╤В.
       SDK "Microsoft.NET.SDK.WorkloadAutoImportPropsLocator" ╤Г╤Б╨┐╨╡╤И╨╜╨╛ ╤А╨░╨╖╤А╨╡╤И╨╡╨╜ ╨┐╤А╨╡╨╛╨▒╤А╨░╨╖╨╛╨▓╨░╤В╨╡╨╗╨╡╨╝ "Microsoft.DotNet.MSBuildWorkloadSdkResolver" ╨▓ ╤А╨░╤Б╨┐╨╛╨╗╨╛╨╢╨╡╨╜╨╕╨╡ "null" ╨╕ ╨▓╨╡╤А╤Б╨╕╤О "null".
       ╨Я╨╛╨▓╤В╨╛╤А╨╜╨╛╨╡ ╨╜╨░╨╖╨╜╨░╤З╨╡╨╜╨╕╨╡ ╤Б╨▓╨╛╨╣╤Б╤В╨▓╨░: $(TargetsForTfmSpecificContentInPackage)=";PackTool;_PackProjectToolValidation" (╨┐╤А╨╡╨┤╤Л╨┤╤Г╤Й╨╡╨╡ ╨╖╨╜╨░╤З╨╡╨╜╨╕╨╡: ";PackTool") ╨┤╨╗╤П C:\Program Files\dotnet\sdk\9.0.200\Sdks\Microsoft.NET.Sdk\targets\Microsoft.NET.PackProjectTool.props (15,5)
       SDK "Microsoft.NET.Sdk.Razor" ╤Г╤Б╨┐╨╡╤И╨╜╨╛ ╤А╨░╨╖╤А╨╡╤И╨╡╨╜ ╨┐╤А╨╡╨╛╨▒╤А╨░╨╖╨╛╨▓╨░╤В╨╡╨╗╨╡╨╝ "DefaultSdkResolver" ╨▓ ╤А╨░╤Б╨┐╨╛╨╗╨╛╨╢╨╡╨╜╨╕╨╡ "C:\Program Files\dotnet\sdk\9.0.200\Sdks\Microsoft.NET.Sdk.Razor\Sdk" ╨╕ ╨▓╨╡╤А╤Б╨╕╤О "".
       SDK "Microsoft.NET.Sdk.StaticWebAssets" ╤Г╤Б╨┐╨╡╤И╨╜╨╛ ╤А╨░╨╖╤А╨╡╤И╨╡╨╜ ╨┐╤А╨╡╨╛╨▒╤А╨░╨╖╨╛╨▓╨░╤В╨╡╨╗╨╡╨╝ "DefaultSdkResolver" ╨▓ ╤А╨░╤Б╨┐╨╛╨╗╨╛╨╢╨╡╨╜╨╕╨╡ "C:\Program Files\dotnet\sdk\9.0.200\Sdks\Microsoft.NET.Sdk.StaticWebAssets\Sdk" ╨╕ ╨▓╨╡╤А╤Б╨╕╤О "".
       ╨Я╨╛╨▓╤В╨╛╤А╨╜╨╛╨╡ ╨╜╨░╨╖╨╜╨░╤З╨╡╨╜╨╕╨╡ ╤Б╨▓╨╛╨╣╤Б╤В╨▓╨░: $(DefaultItemExcludes)=";**\node_modules\**;node_modules\**;**\jspm_packages\**;jspm_packages\**" (╨┐╤А╨╡╨┤╤Л╨┤╤Г╤Й╨╡╨╡ ╨╖╨╜╨░╤З╨╡╨╜╨╕╨╡: ";**\node_modules\**;node_modules\**") ╨┤╨╗╤П C:\Program Files\dotnet\sdk\9.0.200\Sdks\Microsoft.NET.Sdk.StaticWebAssets\Sdk\Sdk.StaticWebAssets.StaticAssets.ProjectSystem.props (23,5)
       ╨Я╨╛╨▓╤В╨╛╤А╨╜╨╛╨╡ ╨╜╨░╨╖╨╜╨░╤З╨╡╨╜╨╕╨╡ ╤Б╨▓╨╛╨╣╤Б╤В╨▓╨░: $(DefaultItemExcludes)=";**\node_modules\**;node_modules\**;**\jspm_packages\**;jspm_packages\**;**\bower_components\**;bower_components\**" (╨┐╤А╨╡╨┤╤Л╨┤╤Г╤Й╨╡╨╡ ╨╖╨╜╨░╤З╨╡╨╜╨╕╨╡: ";**\node_modules\**;node_modules\**;**\jspm_packages\**;jspm_packages\**") ╨┤╨╗╤П C:\Program Files\dotnet\sdk\9.0.200\Sdks\Microsoft.NET.Sdk.StaticWebAssets\Sdk\Sdk.StaticWebAssets.StaticAssets.ProjectSystem.props (24,5)
       ╨Я╨╛╨▓╤В╨╛╤А╨╜╨╛╨╡ ╨╜╨░╨╖╨╜╨░╤З╨╡╨╜╨╕╨╡ ╤Б╨▓╨╛╨╣╤Б╤В╨▓╨░: $(DefaultItemExcludes)=";**\node_modules\**;node_modules\**;**\jspm_packages\**;jspm_packages\**;**\bower_components\**;bower_components\**;**\packages.lock.json" (╨┐╤А╨╡╨┤╤Л╨┤╤Г╤Й╨╡╨╡ ╨╖╨╜╨░╤З╨╡╨╜╨╕╨╡: ";**\node_modules\**;node_modules\**;**\jspm_packages\**;jspm_packages\**;**\bower_components\**;bower_components\**") ╨┤╨╗╤П C:\Program Files\dotnet\sdk\9.0.200\Sdks\Microsoft.NET.Sdk.StaticWebAssets\Sdk\Sdk.StaticWebAssets.StaticAssets.ProjectSystem.props (25,5)
       SDK "Microsoft.NET.Sdk.Web.ProjectSystem" ╤Г╤Б╨┐╨╡╤И╨╜╨╛ ╤А╨░╨╖╤А╨╡╤И╨╡╨╜ ╨┐╤А╨╡╨╛╨▒╤А╨░╨╖╨╛╨▓╨░╤В╨╡╨╗╨╡╨╝ "DefaultSdkResolver" ╨▓ ╤А╨░╤Б╨┐╨╛╨╗╨╛╨╢╨╡╨╜╨╕╨╡ "C:\Program Files\dotnet\sdk\9.0.200\Sdks\Microsoft.NET.Sdk.Web.ProjectSystem\Sdk" ╨╕ ╨▓╨╡╤А╤Б╨╕╤О "".
       ╨Я╨╛╨▓╤В╨╛╤А╨╜╨╛╨╡ ╨╜╨░╨╖╨╜╨░╤З╨╡╨╜╨╕╨╡ ╤Б╨▓╨╛╨╣╤Б╤В╨▓╨░: $(OutputType)="Exe" (╨┐╤А╨╡╨┤╤Л╨┤╤Г╤Й╨╡╨╡ ╨╖╨╜╨░╤З╨╡╨╜╨╕╨╡: "Library") ╨┤╨╗╤П C:\Program Files\dotnet\sdk\9.0.200\Sdks\Microsoft.NET.Sdk.Web.ProjectSystem\targets\Microsoft.NET.Sdk.Web.ProjectSystem.props (16,5)
       SDK "Microsoft.NET.Sdk.Publish" ╤Г╤Б╨┐╨╡╤И╨╜╨╛ ╤А╨░╨╖╤А╨╡╤И╨╡╨╜ ╨┐╤А╨╡╨╛╨▒╤А╨░╨╖╨╛╨▓╨░╤В╨╡╨╗╨╡╨╝ "DefaultSdkResolver" ╨▓ ╤А╨░╤Б╨┐╨╛╨╗╨╛╨╢╨╡╨╜╨╕╨╡ "C:\Program Files\dotnet\sdk\9.0.200\Sdks\Microsoft.NET.Sdk.Publish\Sdk" ╨╕ ╨▓╨╡╤А╤Б╨╕╤О "".
       ╨Я╨╛╨▓╤В╨╛╤А╨╜╨╛╨╡ ╨╜╨░╨╖╨╜╨░╤З╨╡╨╜╨╕╨╡ ╤Б╨▓╨╛╨╣╤Б╤В╨▓╨░: $(PublishProfileImported)="false" (╨┐╤А╨╡╨┤╤Л╨┤╤Г╤Й╨╡╨╡ ╨╖╨╜╨░╤З╨╡╨╜╨╕╨╡: "true") ╨┤╨╗╤П C:\Program Files\dotnet\sdk\9.0.200\Sdks\Microsoft.NET.Sdk\targets\Microsoft.NET.Sdk.ImportPublishProfile.targets (28,5)
       ╨Я╨╛╨▓╤В╨╛╤А╨╜╨╛╨╡ ╨╜╨░╨╖╨╜╨░╤З╨╡╨╜╨╕╨╡ ╤Б╨▓╨╛╨╣╤Б╤В╨▓╨░: $(TargetPlatformVersion)="" (╨┐╤А╨╡╨┤╤Л╨┤╤Г╤Й╨╡╨╡ ╨╖╨╜╨░╤З╨╡╨╜╨╕╨╡: "0.0") ╨┤╨╗╤П C:\Program Files\dotnet\sdk\9.0.200\Sdks\Microsoft.NET.Sdk\targets\Microsoft.NET.TargetFrameworkInference.targets (69,5)
       ╨Я╨╛╨▓╤В╨╛╤А╨╜╨╛╨╡ ╨╜╨░╨╖╨╜╨░╤З╨╡╨╜╨╕╨╡ ╤Б╨▓╨╛╨╣╤Б╤В╨▓╨░: $(DefaultItemExcludes)=";**\node_modules\**;node_modules\**;**\jspm_packages\**;jspm_packages\**;**\bower_components\**;bower_components\**;**\packages.lock.json;bin\Debug\/**" (╨┐╤А╨╡╨┤╤Л╨┤╤Г╤Й╨╡╨╡ ╨╖╨╜╨░╤З╨╡╨╜╨╕╨╡: ";**\node_modules\**;node_modules\**;**\jspm_packages\**;jspm_packages\**;**\bower_components\**;bower_components\**;**\packages.lock.json") ╨┤╨╗╤П C:\Program Files\dotnet\sdk\9.0.200\Sdks\Microsoft.NET.Sdk\targets\Microsoft.NET.DefaultOutputPaths.targets (121,5)
       ╨Я╨╛╨▓╤В╨╛╤А╨╜╨╛╨╡ ╨╜╨░╨╖╨╜╨░╤З╨╡╨╜╨╕╨╡ ╤Б╨▓╨╛╨╣╤Б╤В╨▓╨░: $(DefaultItemExcludes)=";**\node_modules\**;node_modules\**;**\jspm_packages\**;jspm_packages\**;**\bower_components\**;bower_components\**;**\packages.lock.json;bin\Debug\/**;obj\Debug\/**" (╨┐╤А╨╡╨┤╤Л╨┤╤Г╤Й╨╡╨╡ ╨╖╨╜╨░╤З╨╡╨╜╨╕╨╡: ";**\node_modules\**;node_modules\**;**\jspm_packages\**;jspm_packages\**;**\bower_components\**;bower_components\**;**\packages.lock.json;bin\Debug\/**") ╨┤╨╗╤П C:\Program Files\dotnet\sdk\9.0.200\Sdks\Microsoft.NET.Sdk\targets\Microsoft.NET.DefaultOutputPaths.targets (122,5)
       ╨Я╨╛╨▓╤В╨╛╤А╨╜╨╛╨╡ ╨╜╨░╨╖╨╜╨░╤З╨╡╨╜╨╕╨╡ ╤Б╨▓╨╛╨╣╤Б╤В╨▓╨░: $(OutputPath)="bin\Debug\net9.0\" (╨┐╤А╨╡╨┤╤Л╨┤╤Г╤Й╨╡╨╡ ╨╖╨╜╨░╤З╨╡╨╜╨╕╨╡: "bin\Debug\") ╨┤╨╗╤П C:\Program Files\dotnet\sdk\9.0.200\Sdks\Microsoft.NET.Sdk\targets\Microsoft.NET.DefaultOutputPaths.targets (137,5)
       ╨Я╨╛╨▓╤В╨╛╤А╨╜╨╛╨╡ ╨╜╨░╨╖╨╜╨░╤З╨╡╨╜╨╕╨╡ ╤Б╨▓╨╛╨╣╤Б╤В╨▓╨░: $(IntermediateOutputPath)="obj\Debug\net9.0\" (╨┐╤А╨╡╨┤╤Л╨┤╤Г╤Й╨╡╨╡ ╨╖╨╜╨░╤З╨╡╨╜╨╕╨╡: "obj\Debug\") ╨┤╨╗╤П C:\Program Files\dotnet\sdk\9.0.200\Sdks\Microsoft.NET.Sdk\targets\Microsoft.NET.DefaultOutputPaths.targets (142,5)
       ╨Я╤А╨╡╨╛╨▒╤А╨░╨╖╨╛╨▓╨░╤В╨╡╨╗╤М "DefaultSdkResolver" ╨┐╨╛╨┐╤Л╤В╨░╨╗╤Б╤П ╤А╨░╨╖╤А╨╡╤И╨╕╤В╤М SDK "Microsoft.NET.SDK.WorkloadManifestTargetsLocator".
       ╨Я╤А╨╡╨┤╤Г╨┐╤А╨╡╨╢╨┤╨╡╨╜╨╕╤П: null
       ╨Ю╤И╨╕╨▒╨╛╨║: MSB4276: ╤Б╤В╨░╨╜╨┤╨░╤А╤В╨╜╨╛╨╝╤Г ╤Б╨╛╨┐╨╛╤Б╤В╨░╨▓╨╕╤В╨╡╨╗╤О ╨┐╨░╨║╨╡╤В╨╛╨▓ SDK ╨╜╨╡ ╤Г╨┤╨░╨╗╨╛╤Б╤М ╤А╨░╨╖╤А╨╡╤И╨╕╤В╤М ╨┐╨░╨║╨╡╤В SDK "Microsoft.NET.SDK.WorkloadManifestTargetsLocator", ╤В╨░╨║ ╨║╨░╨║ ╨║╨░╤В╨░╨╗╨╛╨│ "C:\Program Files\dotnet\sdk\9.0.200\Sdks\Microsoft.NET.SDK.WorkloadManifestTargetsLocator\Sdk" ╨╜╨╡ ╤Б╤Г╤Й╨╡╤Б╤В╨▓╤Г╨╡╤В.
       SDK "Microsoft.NET.SDK.WorkloadManifestTargetsLocator" ╤Г╤Б╨┐╨╡╤И╨╜╨╛ ╤А╨░╨╖╤А╨╡╤И╨╡╨╜ ╨┐╤А╨╡╨╛╨▒╤А╨░╨╖╨╛╨▓╨░╤В╨╡╨╗╨╡╨╝ "Microsoft.DotNet.MSBuildWorkloadSdkResolver" ╨▓ ╤А╨░╤Б╨┐╨╛╨╗╨╛╨╢╨╡╨╜╨╕╨╡ "C:\Program Files\dotnet\sdk-manifests\9.0.100\microsoft.net.sdk.android\35.0.39" ╨╕ ╨▓╨╡╤А╤Б╨╕╤О "null".
       ╨Я╨╛╨▓╤В╨╛╤А╨╜╨╛╨╡ ╨╜╨░╨╖╨╜╨░╤З╨╡╨╜╨╕╨╡ ╤Б╨▓╨╛╨╣╤Б╤В╨▓╨░: $(_FrameworkIdentifierForImplicitDefine)="NET" (╨┐╤А╨╡╨┤╤Л╨┤╤Г╤Й╨╡╨╡ ╨╖╨╜╨░╤З╨╡╨╜╨╕╨╡: "NETCOREAPP") ╨┤╨╗╤П C:\Program Files\dotnet\sdk\9.0.200\Sdks\Microsoft.NET.Sdk\targets\Microsoft.NET.Sdk.BeforeCommon.targets (187,5)
       ╨Я╨╛╨▓╤В╨╛╤А╨╜╨╛╨╡ ╨╜╨░╨╖╨╜╨░╤З╨╡╨╜╨╕╨╡ ╤Б╨▓╨╛╨╣╤Б╤В╨▓╨░: $(_FrameworkVersionForImplicitDefine)="9_0" (╨┐╤А╨╡╨┤╤Л╨┤╤Г╤Й╨╡╨╡ ╨╖╨╜╨░╤З╨╡╨╜╨╕╨╡: "9.0") ╨┤╨╗╤П C:\Program Files\dotnet\sdk\9.0.200\Sdks\Microsoft.NET.Sdk\targets\Microsoft.NET.Sdk.BeforeCommon.targets (192,5)
       ╨Я╨╛╨▓╤В╨╛╤А╨╜╨╛╨╡ ╨╜╨░╨╖╨╜╨░╤З╨╡╨╜╨╕╨╡ ╤Б╨▓╨╛╨╣╤Б╤В╨▓╨░: $(CommandLineArgsForDesignTimeEvaluation)="-langversion:13.0 -define:TRACE" (╨┐╤А╨╡╨┤╤Л╨┤╤Г╤Й╨╡╨╡ ╨╖╨╜╨░╤З╨╡╨╜╨╕╨╡: "-langversion:13.0") ╨┤╨╗╤П C:\Program Files\dotnet\sdk\9.0.200\Roslyn\Microsoft.CSharp.Core.targets (200,5)
       ╨Я╨╛╨▓╤В╨╛╤А╨╜╨╛╨╡ ╨╜╨░╨╖╨╜╨░╤З╨╡╨╜╨╕╨╡ ╤Б╨▓╨╛╨╣╤Б╤В╨▓╨░: $(_DebugSymbolsProduced)="true" (╨┐╤А╨╡╨┤╤Л╨┤╤Г╤Й╨╡╨╡ ╨╖╨╜╨░╤З╨╡╨╜╨╕╨╡: "false") ╨┤╨╗╤П C:\Program Files\dotnet\sdk\9.0.200\Microsoft.Common.CurrentVersion.targets (175,5)
       ╨Я╨╛╨▓╤В╨╛╤А╨╜╨╛╨╡ ╨╜╨░╨╖╨╜╨░╤З╨╡╨╜╨╕╨╡ ╤Б╨▓╨╛╨╣╤Б╤В╨▓╨░: $(_DocumentationFileProduced)="false" (╨┐╤А╨╡╨┤╤Л╨┤╤Г╤Й╨╡╨╡ ╨╖╨╜╨░╤З╨╡╨╜╨╕╨╡: "true") ╨┤╨╗╤П C:\Program Files\dotnet\sdk\9.0.200\Microsoft.Common.CurrentVersion.targets (185,5)
       ╨Я╨╛╨▓╤В╨╛╤А╨╜╨╛╨╡ ╨╜╨░╨╖╨╜╨░╤З╨╡╨╜╨╕╨╡ ╤Б╨▓╨╛╨╣╤Б╤В╨▓╨░: $(MSBuildCopyMarkerName)="WebAppli.28D72278" (╨┐╤А╨╡╨┤╤Л╨┤╤Г╤Й╨╡╨╡ ╨╖╨╜╨░╤З╨╡╨╜╨╕╨╡: "WebApplication15.csproj") ╨┤╨╗╤П C:\Program Files\dotnet\sdk\9.0.200\Microsoft.Common.CurrentVersion.targets (392,5)
       ╨Я╨╛╨▓╤В╨╛╤А╨╜╨╛╨╡ ╨╜╨░╨╖╨╜╨░╤З╨╡╨╜╨╕╨╡ ╤Б╨▓╨╛╨╣╤Б╤В╨▓╨░: $(MSBuildCopyMarkerName)="WebAppli.28D72278.Up2Date" (╨┐╤А╨╡╨┤╤Л╨┤╤Г╤Й╨╡╨╡ ╨╖╨╜╨░╤З╨╡╨╜╨╕╨╡: "WebAppli.28D72278") ╨┤╨╗╤П C:\Program Files\dotnet\sdk\9.0.200\Microsoft.Common.CurrentVersion.targets (393,5)
       ╨Я╨╛╨▓╤В╨╛╤А╨╜╨╛╨╡ ╨╜╨░╨╖╨╜╨░╤З╨╡╨╜╨╕╨╡ ╤Б╨▓╨╛╨╣╤Б╤В╨▓╨░: $(ProcessorArchitecture)="msil" (╨┐╤А╨╡╨┤╤Л╨┤╤Г╤Й╨╡╨╡ ╨╖╨╜╨░╤З╨╡╨╜╨╕╨╡: "") ╨┤╨╗╤П C:\Program Files\dotnet\sdk\9.0.200\Microsoft.Common.CurrentVersion.targets (541,5)
       ╨Я╨╛╨▓╤В╨╛╤А╨╜╨╛╨╡ ╨╜╨░╨╖╨╜╨░╤З╨╡╨╜╨╕╨╡ ╤Б╨▓╨╛╨╣╤Б╤В╨▓╨░: $(DelaySign)="" (╨┐╤А╨╡╨┤╤Л╨┤╤Г╤Й╨╡╨╡ ╨╖╨╜╨░╤З╨╡╨╜╨╕╨╡: "false") ╨┤╨╗╤П C:\Program Files\dotnet\sdk\9.0.200\Microsoft.Common.CurrentVersion.targets (580,5)
       C:\Program Files\dotnet\sdk\9.0.200\Microsoft.Common.CurrentVersion.targets(2590,5): message : ╨б╨▓╨╛╨╣╤Б╤В╨▓╨╛ "LOCALAPPDATA" ╤Б╨╛ ╨╖╨╜╨░╤З╨╡╨╜╨╕╨╡╨╝ "C:\Users\user\AppData\Local" ╤А╨░╨╖╨▓╨╡╤А╨╜╤Г╤В╨╛ ╨╕╨╖ ╨╛╨║╤А╤Г╨╢╨╡╨╜╨╕╤П.
       ╨Я╨╛╨▓╤В╨╛╤А╨╜╨╛╨╡ ╨╜╨░╨╖╨╜╨░╤З╨╡╨╜╨╕╨╡ ╤Б╨▓╨╛╨╣╤Б╤В╨▓╨░: $(_SGenGenerateSerializationAssembliesConfig)="Auto" (╨┐╤А╨╡╨┤╤Л╨┤╤Г╤Й╨╡╨╡ ╨╖╨╜╨░╤З╨╡╨╜╨╕╨╡: "") ╨┤╨╗╤П C:\Program Files\dotnet\sdk\9.0.200\Microsoft.Common.CurrentVersion.targets (3916,5)
       ╨Я╨╛╨▓╤В╨╛╤А╨╜╨╛╨╡ ╨╜╨░╨╖╨╜╨░╤З╨╡╨╜╨╕╨╡ ╤Б╨▓╨╛╨╣╤Б╤В╨▓╨░: $(_SGenGenerateSerializationAssembliesConfig)="Off" (╨┐╤А╨╡╨┤╤Л╨┤╤Г╤Й╨╡╨╡ ╨╖╨╜╨░╤З╨╡╨╜╨╕╨╡: "Auto") ╨┤╨╗╤П C:\Program Files\dotnet\sdk\9.0.200\Microsoft.Common.CurrentVersion.targets (3917,5)
       ╨Я╨╛╨▓╤В╨╛╤А╨╜╨╛╨╡ ╨╜╨░╨╖╨╜╨░╤З╨╡╨╜╨╕╨╡ ╤Б╨▓╨╛╨╣╤Б╤В╨▓╨░: $(_TargetsThatPrepareProjectReferences)="
             AssignProjectConfiguration;
             _SplitProjectReferencesByFileExistence
           " (╨┐╤А╨╡╨┤╤Л╨┤╤Г╤Й╨╡╨╡ ╨╖╨╜╨░╤З╨╡╨╜╨╕╨╡: "_SplitProjectReferencesByFileExistence") ╨┤╨╗╤П C:\Program Files\dotnet\sdk\9.0.200\Microsoft.Common.CurrentVersion.targets (5128,5)
       C:\Program Files\dotnet\sdk\9.0.200\Microsoft.Common.CurrentVersion.targets(6923,5): message : ╨б╨▓╨╛╨╣╤Б╤В╨▓╨╛ "MSBuildExtensionsPath32" ╤Б╨╛ ╨╖╨╜╨░╤З╨╡╨╜╨╕╨╡╨╝ "C:\Program Files\dotnet\sdk\9.0.200" ╤А╨░╨╖╨▓╨╡╤А╨╜╤Г╤В╨╛ ╨╕╨╖ ╨╛╨║╤А╤Г╨╢╨╡╨╜╨╕╤П.
       ╨Я╨╛╨▓╤В╨╛╤А╨╜╨╛╨╡ ╨╜╨░╨╖╨╜╨░╤З╨╡╨╜╨╕╨╡ ╤Б╨▓╨╛╨╣╤Б╤В╨▓╨░: $(ProjectAssetsCacheFile)="C:\Users\user\OneDrive\╨а╨░╨▒╨╛╤З╨╕╨╣ ╤Б╤В╨╛╨╗\regi\WebApplication15\obj\Debug\net9.0\WebApplication15.assets.cache" (╨┐╤А╨╡╨┤╤Л╨┤╤Г╤Й╨╡╨╡ ╨╖╨╜╨░╤З╨╡╨╜╨╕╨╡: "obj\Debug\net9.0\WebApplication15.assets.cache") ╨┤╨╗╤П C:\Program Files\dotnet\sdk\9.0.200\Sdks\Microsoft.NET.Sdk\targets\Microsoft.PackageDependencyResolution.targets (29,5)
       ╨Я╨╛╨▓╤В╨╛╤А╨╜╨╛╨╡ ╨╜╨░╨╖╨╜╨░╤З╨╡╨╜╨╕╨╡ ╤Б╨▓╨╛╨╣╤Б╤В╨▓╨░: $(ResolveAssemblyReferencesDependsOn)="
             
             ResolveProjectReferences;
             FindInvalidProjectReferences;
             GetFrameworkPaths;
             GetReferenceAssemblyPaths;
             PrepareForBuild;
             ResolveSDKReferences;
             ExpandSDKReferences;
           ;
             ResolvePackageDependenciesForBuild;
             _HandlePackageFileConflicts;
           " (╨┐╤А╨╡╨┤╤Л╨┤╤Г╤Й╨╡╨╡ ╨╖╨╜╨░╤З╨╡╨╜╨╕╨╡: "
             ResolveProjectReferences;
             FindInvalidProjectReferences;
             GetFrameworkPaths;
             GetReferenceAssemblyPaths;
             PrepareForBuild;
             ResolveSDKReferences;
             ExpandSDKReferences;
           ") ╨┤╨╗╤П C:\Program Files\dotnet\sdk\9.0.200\Sdks\Microsoft.NET.Sdk\targets\Microsoft.PackageDependencyResolution.targets (80,5)
       ╨Я╨╛╨▓╤В╨╛╤А╨╜╨╛╨╡ ╨╜╨░╨╖╨╜╨░╤З╨╡╨╜╨╕╨╡ ╤Б╨▓╨╛╨╣╤Б╤В╨▓╨░: $(PrepareResourcesDependsOn)="
             ResolvePackageDependenciesForBuild;
             _HandlePackageFileConflicts;
             
             ;
             PrepareResourceNames;
             ResGen;
             CompileLicxFiles
           
           " (╨┐╤А╨╡╨┤╤Л╨┤╤Г╤Й╨╡╨╡ ╨╖╨╜╨░╤З╨╡╨╜╨╕╨╡: "
             ;
             PrepareResourceNames;
             ResGen;
             CompileLicxFiles
           ") ╨┤╨╗╤П C:\Program Files\dotnet\sdk\9.0.200\Sdks\Microsoft.NET.Sdk\targets\Microsoft.PackageDependencyResolution.targets (86,5)
       ╨Я╨╛╨▓╤В╨╛╤А╨╜╨╛╨╡ ╨╜╨░╨╖╨╜╨░╤З╨╡╨╜╨╕╨╡ ╤Б╨▓╨╛╨╣╤Б╤В╨▓╨░: $(DefaultItemExcludes)=";**\node_modules\**;node_modules\**;**\jspm_packages\**;jspm_packages\**;**\bower_components\**;bower_components\**;**\packages.lock.json;bin\Debug\/**;obj\Debug\/**;bin\/**" (╨┐╤А╨╡╨┤╤Л╨┤╤Г╤Й╨╡╨╡ ╨╖╨╜╨░╤З╨╡╨╜╨╕╨╡: ";**\node_modules\**;node_modules\**;**\jspm_packages\**;jspm_packages\**;**\bower_components\**;bower_components\**;**\packages.lock.json;bin\Debug\/**;obj\Debug\/**") ╨┤╨╗╤П C:\Program Files\dotnet\sdk\9.0.200\Sdks\Microsoft.NET.Sdk\targets\Microsoft.NET.Sdk.DefaultItems.targets (27,5)
       ╨Я╨╛╨▓╤В╨╛╤А╨╜╨╛╨╡ ╨╜╨░╨╖╨╜╨░╤З╨╡╨╜╨╕╨╡ ╤Б╨▓╨╛╨╣╤Б╤В╨▓╨░: $(DefaultItemExcludes)=";**\node_modules\**;node_modules\**;**\jspm_packages\**;jspm_packages\**;**\bower_components\**;bower_components\**;**\packages.lock.json;bin\Debug\/**;obj\Debug\/**;bin\/**;obj\/**" (╨┐╤А╨╡╨┤╤Л╨┤╤Г╤Й╨╡╨╡ ╨╖╨╜╨░╤З╨╡╨╜╨╕╨╡: ";**\node_modules\**;node_modules\**;**\jspm_packages\**;jspm_packages\**;**\bower_components\**;bower_components\**;**\packages.lock.json;bin\Debug\/**;obj\Debug\/**;bin\/**") ╨┤╨╗╤П C:\Program Files\dotnet\sdk\9.0.200\Sdks\Microsoft.NET.Sdk\targets\Microsoft.NET.Sdk.DefaultItems.targets (29,5)
       ╨Я╨╛╨▓╤В╨╛╤А╨╜╨╛╨╡ ╨╜╨░╨╖╨╜╨░╤З╨╡╨╜╨╕╨╡ ╤Б╨▓╨╛╨╣╤Б╤В╨▓╨░: $(DefaultItemExcludes)=";**\node_modules\**;node_modules\**;**\jspm_packages\**;jspm_packages\**;**\bower_components\**;bower_components\**;**\packages.lock.json;bin\Debug\/**;obj\Debug\/**;bin\/**;obj\/**;**/*.user" (╨┐╤А╨╡╨┤╤Л╨┤╤Г╤Й╨╡╨╡ ╨╖╨╜╨░╤З╨╡╨╜╨╕╨╡: ";**\node_modules\**;node_modules\**;**\jspm_packages\**;jspm_packages\**;**\bower_components\**;bower_components\**;**\packages.lock.json;bin\Debug\/**;obj\Debug\/**;bin\/**;obj\/**") ╨┤╨╗╤П C:\Program Files\dotnet\sdk\9.0.200\Sdks\Microsoft.NET.Sdk\targets\Microsoft.NET.Sdk.DefaultItems.targets (32,5)
       ╨Я╨╛╨▓╤В╨╛╤А╨╜╨╛╨╡ ╨╜╨░╨╖╨╜╨░╤З╨╡╨╜╨╕╨╡ ╤Б╨▓╨╛╨╣╤Б╤В╨▓╨░: $(DefaultItemExcludes)=";**\node_modules\**;node_modules\**;**\jspm_packages\**;jspm_packages\**;**\bower_components\**;bower_components\**;**\packages.lock.json;bin\Debug\/**;obj\Debug\/**;bin\/**;obj\/**;**/*.user;**/*.*proj" (╨┐╤А╨╡╨┤╤Л╨┤╤Г╤Й╨╡╨╡ ╨╖╨╜╨░╤З╨╡╨╜╨╕╨╡: ";**\node_modules\**;node_modules\**;**\jspm_packages\**;jspm_packages\**;**\bower_components\**;bower_components\**;**\packages.lock.json;bin\Debug\/**;obj\Debug\/**;bin\/**;obj\/**;**/*.user") ╨┤╨╗╤П C:\Program Files\dotnet\sdk\9.0.200\Sdks\Microsoft.NET.Sdk\targets\Microsoft.NET.Sdk.DefaultItems.targets (33,5)
       ╨Я╨╛╨▓╤В╨╛╤А╨╜╨╛╨╡ ╨╜╨░╨╖╨╜╨░╤З╨╡╨╜╨╕╨╡ ╤Б╨▓╨╛╨╣╤Б╤В╨▓╨░: $(DefaultItemExcludes)=";**\node_modules\**;node_modules\**;**\jspm_packages\**;jspm_packages\**;**\bower_components\**;bower_components\**;**\packages.lock.json;bin\Debug\/**;obj\Debug\/**;bin\/**;obj\/**;**/*.user;**/*.*proj;**/*.sln" (╨┐╤А╨╡╨┤╤Л╨┤╤Г╤Й╨╡╨╡ ╨╖╨╜╨░╤З╨╡╨╜╨╕╨╡: ";**\node_modules\**;node_modules\**;**\jspm_packages\**;jspm_packages\**;**\bower_components\**;bower_components\**;**\packages.lock.json;bin\Debug\/**;obj\Debug\/**;bin\/**;obj\/**;**/*.user;**/*.*proj") ╨┤╨╗╤П C:\Program Files\dotnet\sdk\9.0.200\Sdks\Microsoft.NET.Sdk\targets\Microsoft.NET.Sdk.DefaultItems.targets (34,5)
       ╨Я╨╛╨▓╤В╨╛╤А╨╜╨╛╨╡ ╨╜╨░╨╖╨╜╨░╤З╨╡╨╜╨╕╨╡ ╤Б╨▓╨╛╨╣╤Б╤В╨▓╨░: $(DefaultItemExcludes)=";**\node_modules\**;node_modules\**;**\jspm_packages\**;jspm_packages\**;**\bower_components\**;bower_components\**;**\packages.lock.json;bin\Debug\/**;obj\Debug\/**;bin\/**;obj\/**;**/*.user;**/*.*proj;**/*.sln;**/*.vssscc" (╨┐╤А╨╡╨┤╤Л╨┤╤Г╤Й╨╡╨╡ ╨╖╨╜╨░╤З╨╡╨╜╨╕╨╡: ";**\node_modules\**;node_modules\**;**\jspm_packages\**;jspm_packages\**;**\bower_components\**;bower_components\**;**\packages.lock.json;bin\Debug\/**;obj\Debug\/**;bin\/**;obj\/**;**/*.user;**/*.*proj;**/*.sln") ╨┤╨╗╤П C:\Program Files\dotnet\sdk\9.0.200\Sdks\Microsoft.NET.Sdk\targets\Microsoft.NET.Sdk.DefaultItems.targets (35,5)
       ╨Я╨╛╨▓╤В╨╛╤А╨╜╨╛╨╡ ╨╜╨░╨╖╨╜╨░╤З╨╡╨╜╨╕╨╡ ╤Б╨▓╨╛╨╣╤Б╤В╨▓╨░: $(DefaultItemExcludes)=";**\node_modules\**;node_modules\**;**\jspm_packages\**;jspm_packages\**;**\bower_components\**;bower_components\**;**\packages.lock.json;bin\Debug\/**;obj\Debug\/**;bin\/**;obj\/**;**/*.user;**/*.*proj;**/*.sln;**/*.vssscc;**/.DS_Store" (╨┐╤А╨╡╨┤╤Л╨┤╤Г╤Й╨╡╨╡ ╨╖╨╜╨░╤З╨╡╨╜╨╕╨╡: ";**\node_modules\**;node_modules\**;**\jspm_packages\**;jspm_packages\**;**\bower_components\**;bower_components\**;**\packages.lock.json;bin\Debug\/**;obj\Debug\/**;bin\/**;obj\/**;**/*.user;**/*.*proj;**/*.sln;**/*.vssscc") ╨┤╨╗╤П C:\Program Files\dotnet\sdk\9.0.200\Sdks\Microsoft.NET.Sdk\targets\Microsoft.NET.Sdk.DefaultItems.targets (36,5)
       ╨Я╨╛╨▓╤В╨╛╤А╨╜╨╛╨╡ ╨╜╨░╨╖╨╜╨░╤З╨╡╨╜╨╕╨╡ ╤Б╨▓╨╛╨╣╤Б╤В╨▓╨░: $(ResolveAssemblyReferencesDependsOn)="
             
             
             ResolveProjectReferences;
             FindInvalidProjectReferences;
             GetFrameworkPaths;
             GetReferenceAssemblyPaths;
             PrepareForBuild;
             ResolveSDKReferences;
             ExpandSDKReferences;
           ;
             ResolvePackageDependenciesForBuild;
             _HandlePackageFileConflicts;
           ;
             ResolveTargetingPackAssets;
           " (╨┐╤А╨╡╨┤╤Л╨┤╤Г╤Й╨╡╨╡ ╨╖╨╜╨░╤З╨╡╨╜╨╕╨╡: "
             
             ResolveProjectReferences;
             FindInvalidProjectReferences;
             GetFrameworkPaths;
             GetReferenceAssemblyPaths;
             PrepareForBuild;
             ResolveSDKReferences;
             ExpandSDKReferences;
           ;
             ResolvePackageDependenciesForBuild;
             _HandlePackageFileConflicts;
           ") ╨┤╨╗╤П C:\Program Files\dotnet\sdk\9.0.200\Sdks\Microsoft.NET.Sdk\targets\Microsoft.NET.Sdk.FrameworkReferenceResolution.targets (14,5)
       ╨Я╨╛╨▓╤В╨╛╤А╨╜╨╛╨╡ ╨╜╨░╨╖╨╜╨░╤З╨╡╨╜╨╕╨╡ ╤Б╨▓╨╛╨╣╤Б╤В╨▓╨░: $(_GenerateRuntimeConfigurationPropertyInputsCache)="C:\Users\user\OneDrive\╨а╨░╨▒╨╛╤З╨╕╨╣ ╤Б╤В╨╛╨╗\regi\WebApplication15\obj\Debug\net9.0\WebApplication15.genruntimeconfig.cache" (╨┐╤А╨╡╨┤╤Л╨┤╤Г╤Й╨╡╨╡ ╨╖╨╜╨░╤З╨╡╨╜╨╕╨╡: "obj\Debug\net9.0\WebApplication15.genruntimeconfig.cache") ╨┤╨╗╤П C:\Program Files\dotnet\sdk\9.0.200\Sdks\Microsoft.NET.Sdk\targets\Microsoft.NET.Sdk.targets (44,5)
       ╨Я╨╛╨▓╤В╨╛╤А╨╜╨╛╨╡ ╨╜╨░╨╖╨╜╨░╤З╨╡╨╜╨╕╨╡ ╤Б╨▓╨╛╨╣╤Б╤В╨▓╨░: $(_GeneratePublishDependencyFilePropertyInputsCache)="C:\Users\user\OneDrive\╨а╨░╨▒╨╛╤З╨╕╨╣ ╤Б╤В╨╛╨╗\regi\WebApplication15\obj\Debug\net9.0\WebApplication15.genpublishdeps.cache" (╨┐╤А╨╡╨┤╤Л╨┤╤Г╤Й╨╡╨╡ ╨╖╨╜╨░╤З╨╡╨╜╨╕╨╡: "obj\Debug\net9.0\WebApplication15.genpublishdeps.cache") ╨┤╨╗╤П C:\Program Files\dotnet\sdk\9.0.200\Sdks\Microsoft.NET.Sdk\targets\Microsoft.NET.Sdk.targets (46,5)
       ╨Я╨╛╨▓╤В╨╛╤А╨╜╨╛╨╡ ╨╜╨░╨╖╨╜╨░╤З╨╡╨╜╨╕╨╡ ╤Б╨▓╨╛╨╣╤Б╤В╨▓╨░: $(_GenerateSingleFileBundlePropertyInputsCache)="C:\Users\user\OneDrive\╨а╨░╨▒╨╛╤З╨╕╨╣ ╤Б╤В╨╛╨╗\regi\WebApplication15\obj\Debug\net9.0\WebApplication15.genbundle.cache" (╨┐╤А╨╡╨┤╤Л╨┤╤Г╤Й╨╡╨╡ ╨╖╨╜╨░╤З╨╡╨╜╨╕╨╡: "obj\Debug\net9.0\WebApplication15.genbundle.cache") ╨┤╨╗╤П C:\Program Files\dotnet\sdk\9.0.200\Sdks\Microsoft.NET.Sdk\targets\Microsoft.NET.Sdk.targets (48,5)
       ╨Я╨╛╨▓╤В╨╛╤А╨╜╨╛╨╡ ╨╜╨░╨╖╨╜╨░╤З╨╡╨╜╨╕╨╡ ╤Б╨▓╨╛╨╣╤Б╤В╨▓╨░: $(GenerateRuntimeConfigDevFile)="false" (╨┐╤А╨╡╨┤╤Л╨┤╤Г╤Й╨╡╨╡ ╨╖╨╜╨░╤З╨╡╨╜╨╕╨╡: "true") ╨┤╨╗╤П C:\Program Files\dotnet\sdk\9.0.200\Sdks\Microsoft.NET.Sdk\targets\Microsoft.NET.Sdk.targets (81,5)
       ╨Я╨╛╨▓╤В╨╛╤А╨╜╨╛╨╡ ╨╜╨░╨╖╨╜╨░╤З╨╡╨╜╨╕╨╡ ╤Б╨▓╨╛╨╣╤Б╤В╨▓╨░: $(_DefaultUserProfileRuntimeStorePath)="C:\Users\user" (╨┐╤А╨╡╨┤╤Л╨┤╤Г╤Й╨╡╨╡ ╨╖╨╜╨░╤З╨╡╨╜╨╕╨╡: "") ╨┤╨╗╤П C:\Program Files\dotnet\sdk\9.0.200\Sdks\Microsoft.NET.Sdk\targets\Microsoft.NET.Sdk.targets (97,5)
       ╨Я╨╛╨▓╤В╨╛╤А╨╜╨╛╨╡ ╨╜╨░╨╖╨╜╨░╤З╨╡╨╜╨╕╨╡ ╤Б╨▓╨╛╨╣╤Б╤В╨▓╨░: $(_DefaultUserProfileRuntimeStorePath)="C:\Users\user\.dotnet\store" (╨┐╤А╨╡╨┤╤Л╨┤╤Г╤Й╨╡╨╡ ╨╖╨╜╨░╤З╨╡╨╜╨╕╨╡: "C:\Users\user") ╨┤╨╗╤П C:\Program Files\dotnet\sdk\9.0.200\Sdks\Microsoft.NET.Sdk\targets\Microsoft.NET.Sdk.targets (98,5)
       ╨Я╨╛╨▓╤В╨╛╤А╨╜╨╛╨╡ ╨╜╨░╨╖╨╜╨░╤З╨╡╨╜╨╕╨╡ ╤Б╨▓╨╛╨╣╤Б╤В╨▓╨░: $(AvailablePlatforms)="Any CPU,x86,x64,ARM32" (╨┐╤А╨╡╨┤╤Л╨┤╤Г╤Й╨╡╨╡ ╨╖╨╜╨░╤З╨╡╨╜╨╕╨╡: "Any CPU,x86,x64") ╨┤╨╗╤П C:\Program Files\dotnet\sdk\9.0.200\Sdks\Microsoft.NET.Sdk\targets\Microsoft.NET.Sdk.targets (140,5)
       ╨Я╨╛╨▓╤В╨╛╤А╨╜╨╛╨╡ ╨╜╨░╨╖╨╜╨░╤З╨╡╨╜╨╕╨╡ ╤Б╨▓╨╛╨╣╤Б╤В╨▓╨░: $(AvailablePlatforms)="Any CPU,x86,x64,ARM32,ARM64" (╨┐╤А╨╡╨┤╤Л╨┤╤Г╤Й╨╡╨╡ ╨╖╨╜╨░╤З╨╡╨╜╨╕╨╡: "Any CPU,x86,x64,ARM32") ╨┤╨╗╤П C:\Program Files\dotnet\sdk\9.0.200\Sdks\Microsoft.NET.Sdk\targets\Microsoft.NET.Sdk.targets (144,5)
       ╨Я╨╛╨▓╤В╨╛╤А╨╜╨╛╨╡ ╨╜╨░╨╖╨╜╨░╤З╨╡╨╜╨╕╨╡ ╤Б╨▓╨╛╨╣╤Б╤В╨▓╨░: $(CoreBuildDependsOn)="
             _CheckForBuildWithNoBuild;
             
             BuildOnlySettings;
             PrepareForBuild;
             PreBuildEvent;
             ResolveReferences;
             PrepareResources;
             ResolveKeySource;
             Compile;
             ExportWindowsMDFile;
             UnmanagedUnregistration;
             GenerateSerializationAssemblies;
             CreateSatelliteAssemblies;
             GenerateManifests;
             GetTargetPath;
             PrepareForRun;
             UnmanagedRegistration;
             IncrementalClean;
             PostBuildEvent
           ;
             GenerateBuildDependencyFile;
             GenerateBuildRuntimeConfigurationFiles
           " (╨┐╤А╨╡╨┤╤Л╨┤╤Г╤Й╨╡╨╡ ╨╖╨╜╨░╤З╨╡╨╜╨╕╨╡: "
             BuildOnlySettings;
             PrepareForBuild;
             PreBuildEvent;
             ResolveReferences;
             PrepareResources;
             ResolveKeySource;
             Compile;
             ExportWindowsMDFile;
             UnmanagedUnregistration;
             GenerateSerializationAssemblies;
             CreateSatelliteAssemblies;
             GenerateManifests;
             GetTargetPath;
             PrepareForRun;
             UnmanagedRegistration;
             IncrementalClean;
             PostBuildEvent
           ") ╨┤╨╗╤П C:\Program Files\dotnet\sdk\9.0.200\Sdks\Microsoft.NET.Sdk\targets\Microsoft.NET.Sdk.targets (201,5)
       ╨Я╨╛╨▓╤В╨╛╤А╨╜╨╛╨╡ ╨╜╨░╨╖╨╜╨░╤З╨╡╨╜╨╕╨╡ ╤Б╨▓╨╛╨╣╤Б╤В╨▓╨░: $(CoreCleanDependsOn)="
             _SdkBeforeClean;
             
           " (╨┐╤А╨╡╨┤╤Л╨┤╤Г╤Й╨╡╨╡ ╨╖╨╜╨░╤З╨╡╨╜╨╕╨╡: "") ╨┤╨╗╤П C:\Program Files\dotnet\sdk\9.0.200\Sdks\Microsoft.NET.Sdk\targets\Microsoft.NET.Sdk.targets (210,5)
       ╨Я╨╛╨▓╤В╨╛╤А╨╜╨╛╨╡ ╨╜╨░╨╖╨╜╨░╤З╨╡╨╜╨╕╨╡ ╤Б╨▓╨╛╨╣╤Б╤В╨▓╨░: $(RebuildDependsOn)="
             _SdkBeforeRebuild;
             
             BeforeRebuild;
             Clean;
             Build;
             AfterRebuild;
           
           " (╨┐╤А╨╡╨┤╤Л╨┤╤Г╤Й╨╡╨╡ ╨╖╨╜╨░╤З╨╡╨╜╨╕╨╡: "
             BeforeRebuild;
             Clean;
             Build;
             AfterRebuild;
           ") ╨┤╨╗╤П C:\Program Files\dotnet\sdk\9.0.200\Sdks\Microsoft.NET.Sdk\targets\Microsoft.NET.Sdk.targets (217,5)
       ╨Я╨╛╨▓╤В╨╛╤А╨╜╨╛╨╡ ╨╜╨░╨╖╨╜╨░╤З╨╡╨╜╨╕╨╡ ╤Б╨▓╨╛╨╣╤Б╤В╨▓╨░: $(CompileDependsOn)="
             
             ResolveReferences;
             ResolveKeySource;
             SetWin32ManifestProperties;
             _SetPreferNativeArm64Win32ManifestProperties;
             FindReferenceAssembliesForReferences;
             _GenerateCompileInputs;
             BeforeCompile;
             _TimeStampBeforeCompile;
             _GenerateCompileDependencyCache;
             CoreCompile;
             _TimeStampAfterCompile;
             AfterCompile;
           ;
             _CreateAppHost;
             _CreateComHost;
             _GetIjwHostPaths;
           " (╨┐╤А╨╡╨┤╤Л╨┤╤Г╤Й╨╡╨╡ ╨╖╨╜╨░╤З╨╡╨╜╨╕╨╡: "
             ResolveReferences;
             ResolveKeySource;
             SetWin32ManifestProperties;
             _SetPreferNativeArm64Win32ManifestProperties;
             FindReferenceAssembliesForReferences;
             _GenerateCompileInputs;
             BeforeCompile;
             _TimeStampBeforeCompile;
             _GenerateCompileDependencyCache;
             CoreCompile;
             _TimeStampAfterCompile;
             AfterCompile;
           ") ╨┤╨╗╤П C:\Program Files\dotnet\sdk\9.0.200\Sdks\Microsoft.NET.Sdk\targets\Microsoft.NET.Sdk.targets (784,5)
       ╨Я╨╛╨▓╤В╨╛╤А╨╜╨╛╨╡ ╨╜╨░╨╖╨╜╨░╤З╨╡╨╜╨╕╨╡ ╤Б╨▓╨╛╨╣╤Б╤В╨▓╨░: $(CreateSatelliteAssembliesDependsOn)="
             
             ;
             _GenerateSatelliteAssemblyInputs;
             ComputeIntermediateSatelliteAssemblies;
             GenerateSatelliteAssemblies
           ;
             CoreGenerateSatelliteAssemblies
           " (╨┐╤А╨╡╨┤╤Л╨┤╤Г╤Й╨╡╨╡ ╨╖╨╜╨░╤З╨╡╨╜╨╕╨╡: "
             ;
             _GenerateSatelliteAssemblyInputs;
             ComputeIntermediateSatelliteAssemblies;
             GenerateSatelliteAssemblies
           ") ╨┤╨╗╤П C:\Program Files\dotnet\sdk\9.0.200\Sdks\Microsoft.NET.Sdk\targets\Microsoft.NET.Sdk.targets (1184,5)
       ╨Я╨╛╨▓╤В╨╛╤А╨╜╨╛╨╡ ╨╜╨░╨╖╨╜╨░╤З╨╡╨╜╨╕╨╡ ╤Б╨▓╨╛╨╣╤Б╤В╨▓╨░: $(SourceLinkUrlInitializerTargets)=";_InitializeGitHubSourceLinkUrl;_InitializeGitLabSourceLinkUrl" (╨┐╤А╨╡╨┤╤Л╨┤╤Г╤Й╨╡╨╡ ╨╖╨╜╨░╤З╨╡╨╜╨╕╨╡: ";_InitializeGitHubSourceLinkUrl") ╨┤╨╗╤П C:\Program Files\dotnet\sdk\9.0.200\Sdks\Microsoft.SourceLink.GitLab\build\Microsoft.SourceLink.GitLab.targets (12,5)
       ╨Я╨╛╨▓╤В╨╛╤А╨╜╨╛╨╡ ╨╜╨░╨╖╨╜╨░╤З╨╡╨╜╨╕╨╡ ╤Б╨▓╨╛╨╣╤Б╤В╨▓╨░: $(SourceControlManagerUrlTranslationTargets)=";TranslateGitHubUrlsInSourceControlInformation;TranslateGitLabUrlsInSourceControlInformation" (╨┐╤А╨╡╨┤╤Л╨┤╤Г╤Й╨╡╨╡ ╨╖╨╜╨░╤З╨╡╨╜╨╕╨╡: ";TranslateGitHubUrlsInSourceControlInformation") ╨┤╨╗╤П C:\Program Files\dotnet\sdk\9.0.200\Sdks\Microsoft.SourceLink.GitLab\build\Microsoft.SourceLink.GitLab.targets (13,5)
       ╨Я╨╛╨▓╤В╨╛╤А╨╜╨╛╨╡ ╨╜╨░╨╖╨╜╨░╤З╨╡╨╜╨╕╨╡ ╤Б╨▓╨╛╨╣╤Б╤В╨▓╨░: $(SourceLinkUrlInitializerTargets)=";_InitializeGitHubSourceLinkUrl;_InitializeGitLabSourceLinkUrl;_InitializeAzureReposGitSourceLinkUrl" (╨┐╤А╨╡╨┤╤Л╨┤╤Г╤Й╨╡╨╡ ╨╖╨╜╨░╤З╨╡╨╜╨╕╨╡: ";_InitializeGitHubSourceLinkUrl;_InitializeGitLabSourceLinkUrl") ╨┤╨╗╤П C:\Program Files\dotnet\sdk\9.0.200\Sdks\Microsoft.SourceLink.AzureRepos.Git\build\Microsoft.SourceLink.AzureRepos.Git.targets (12,5)
       ╨Я╨╛╨▓╤В╨╛╤А╨╜╨╛╨╡ ╨╜╨░╨╖╨╜╨░╤З╨╡╨╜╨╕╨╡ ╤Б╨▓╨╛╨╣╤Б╤В╨▓╨░: $(SourceControlManagerUrlTranslationTargets)=";TranslateGitHubUrlsInSourceControlInformation;TranslateGitLabUrlsInSourceControlInformation;TranslateAzureReposGitUrlsInSourceControlInformation" (╨┐╤А╨╡╨┤╤Л╨┤╤Г╤Й╨╡╨╡ ╨╖╨╜╨░╤З╨╡╨╜╨╕╨╡: ";TranslateGitHubUrlsInSourceControlInformation;TranslateGitLabUrlsInSourceControlInformation") ╨┤╨╗╤П C:\Program Files\dotnet\sdk\9.0.200\Sdks\Microsoft.SourceLink.AzureRepos.Git\build\Microsoft.SourceLink.AzureRepos.Git.targets (13,5)
       ╨Я╨╛╨▓╤В╨╛╤А╨╜╨╛╨╡ ╨╜╨░╨╖╨╜╨░╤З╨╡╨╜╨╕╨╡ ╤Б╨▓╨╛╨╣╤Б╤В╨▓╨░: $(SourceLinkUrlInitializerTargets)=";_InitializeGitHubSourceLinkUrl;_InitializeGitLabSourceLinkUrl;_InitializeAzureReposGitSourceLinkUrl;_InitializeBitbucketGitSourceLinkUrl" (╨┐╤А╨╡╨┤╤Л╨┤╤Г╤Й╨╡╨╡ ╨╖╨╜╨░╤З╨╡╨╜╨╕╨╡: ";_InitializeGitHubSourceLinkUrl;_InitializeGitLabSourceLinkUrl;_InitializeAzureReposGitSourceLinkUrl") ╨┤╨╗╤П C:\Program Files\dotnet\sdk\9.0.200\Sdks\Microsoft.SourceLink.Bitbucket.Git\build\Microsoft.SourceLink.Bitbucket.Git.targets (12,5)
       ╨Я╨╛╨▓╤В╨╛╤А╨╜╨╛╨╡ ╨╜╨░╨╖╨╜╨░╤З╨╡╨╜╨╕╨╡ ╤Б╨▓╨╛╨╣╤Б╤В╨▓╨░: $(SourceControlManagerUrlTranslationTargets)=";TranslateGitHubUrlsInSourceControlInformation;TranslateGitLabUrlsInSourceControlInformation;TranslateAzureReposGitUrlsInSourceControlInformation;TranslateBitbucketGitUrlsInSourceControlInformation" (╨┐╤А╨╡╨┤╤Л╨┤╤Г╤Й╨╡╨╡ ╨╖╨╜╨░╤З╨╡╨╜╨╕╨╡: ";TranslateGitHubUrlsInSourceControlInformation;TranslateGitLabUrlsInSourceControlInformation;TranslateAzureReposGitUrlsInSourceControlInformation") ╨┤╨╗╤П C:\Program Files\dotnet\sdk\9.0.200\Sdks\Microsoft.SourceLink.Bitbucket.Git\build\Microsoft.SourceLink.Bitbucket.Git.targets (13,5)
       ╨Я╨╛╨▓╤В╨╛╤А╨╜╨╛╨╡ ╨╜╨░╨╖╨╜╨░╤З╨╡╨╜╨╕╨╡ ╤Б╨▓╨╛╨╣╤Б╤В╨▓╨░: $(DesignerRuntimeImplementationProjectOutputGroupDependsOn)="
             
             ;
             
             ;
             BuildOnlySettings;
             PrepareForBuild;
             AssignTargetPaths;
             ResolveReferences
           
           ;
             _GenerateDesignerDepsFile;
             _GenerateDesignerRuntimeConfigFile;
             GetCopyToOutputDirectoryItems;
             _GatherDesignerShadowCopyFiles;
           " (╨┐╤А╨╡╨┤╤Л╨┤╤Г╤Й╨╡╨╡ ╨╖╨╜╨░╤З╨╡╨╜╨╕╨╡: "
             ;
             
             ;
             BuildOnlySettings;
             PrepareForBuild;
             AssignTargetPaths;
             ResolveReferences
           
           ") ╨┤╨╗╤П C:\Program Files\dotnet\sdk\9.0.200\Sdks\Microsoft.NET.Sdk\targets\Microsoft.NET.DesignerSupport.targets (21,5)
       ╨Я╨╛╨▓╤В╨╛╤А╨╜╨╛╨╡ ╨╜╨░╨╖╨╜╨░╤З╨╡╨╜╨╕╨╡ ╤Б╨▓╨╛╨╣╤Б╤В╨▓╨░: $(_GenerateToolsSettingsFileCacheFile)="C:\Users\user\OneDrive\╨а╨░╨▒╨╛╤З╨╕╨╣ ╤Б╤В╨╛╨╗\regi\WebApplication15\obj\Debug\net9.0\WebApplication15.toolssettingsinput.cache" (╨┐╤А╨╡╨┤╤Л╨┤╤Г╤Й╨╡╨╡ ╨╖╨╜╨░╤З╨╡╨╜╨╕╨╡: "obj\Debug\net9.0\WebApplication15.toolssettingsinput.cache") ╨┤╨╗╤П C:\Program Files\dotnet\sdk\9.0.200\Sdks\Microsoft.NET.Sdk\targets\Microsoft.NET.PackTool.targets (68,5)
       ╨Я╨╛╨▓╤В╨╛╤А╨╜╨╛╨╡ ╨╜╨░╨╖╨╜╨░╤З╨╡╨╜╨╕╨╡ ╤Б╨▓╨╛╨╣╤Б╤В╨▓╨░: $(_ShimInputCacheFile)="C:\Users\user\OneDrive\╨а╨░╨▒╨╛╤З╨╕╨╣ ╤Б╤В╨╛╨╗\regi\WebApplication15\obj\Debug\net9.0\WebApplication15.shiminput.cache" (╨┐╤А╨╡╨┤╤Л╨┤╤Г╤Й╨╡╨╡ ╨╖╨╜╨░╤З╨╡╨╜╨╕╨╡: "obj\Debug\net9.0\WebApplication15.shiminput.cache") ╨┤╨╗╤П C:\Program Files\dotnet\sdk\9.0.200\Sdks\Microsoft.NET.Sdk\targets\Microsoft.NET.PackTool.targets (137,5)
       ╨Я╨╛╨▓╤В╨╛╤А╨╜╨╛╨╡ ╨╜╨░╨╖╨╜╨░╤З╨╡╨╜╨╕╨╡ ╤Б╨▓╨╛╨╣╤Б╤В╨▓╨░: $(_ShimCreatedSentinelFile)="C:\Users\user\OneDrive\╨а╨░╨▒╨╛╤З╨╕╨╣ ╤Б╤В╨╛╨╗\regi\WebApplication15\obj\Debug\net9.0\WebApplication15.shimcreated.sentinel" (╨┐╤А╨╡╨┤╤Л╨┤╤Г╤Й╨╡╨╡ ╨╖╨╜╨░╤З╨╡╨╜╨╕╨╡: "obj\Debug\net9.0\WebApplication15.shimcreated.sentinel") ╨┤╨╗╤П C:\Program Files\dotnet\sdk\9.0.200\Sdks\Microsoft.NET.Sdk\targets\Microsoft.NET.PackTool.targets (139,5)
       ╨Я╨╛╨▓╤В╨╛╤А╨╜╨╛╨╡ ╨╜╨░╨╖╨╜╨░╤З╨╡╨╜╨╕╨╡ ╤Б╨▓╨╛╨╣╤Б╤В╨▓╨░: $(DefineConstants)="TRACE;DEBUG" (╨┐╤А╨╡╨┤╤Л╨┤╤Г╤Й╨╡╨╡ ╨╖╨╜╨░╤З╨╡╨╜╨╕╨╡: "TRACE") ╨┤╨╗╤П C:\Program Files\dotnet\sdk\9.0.200\Sdks\Microsoft.NET.Sdk\targets\Microsoft.NET.Sdk.CSharp.targets (31,5)
       ╨Я╨╛╨▓╤В╨╛╤А╨╜╨╛╨╡ ╨╜╨░╨╖╨╜╨░╤З╨╡╨╜╨╕╨╡ ╤Б╨▓╨╛╨╣╤Б╤В╨▓╨░: $(DefineConstants)="TRACE;DEBUG;NET;NET9_0;NETCOREAPP" (╨┐╤А╨╡╨┤╤Л╨┤╤Г╤Й╨╡╨╡ ╨╖╨╜╨░╤З╨╡╨╜╨╕╨╡: "TRACE;DEBUG") ╨┤╨╗╤П C:\Program Files\dotnet\sdk\9.0.200\Sdks\Microsoft.NET.Sdk\targets\Microsoft.NET.Sdk.CSharp.targets (34,5)
       ╨Я╨╛╨▓╤В╨╛╤А╨╜╨╛╨╡ ╨╜╨░╨╖╨╜╨░╤З╨╡╨╜╨╕╨╡ ╤Б╨▓╨╛╨╣╤Б╤В╨▓╨░: $(WarningsAsErrors)=";NU1605;SYSLIB0011" (╨┐╤А╨╡╨┤╤Л╨┤╤Г╤Й╨╡╨╡ ╨╖╨╜╨░╤З╨╡╨╜╨╕╨╡: ";NU1605") ╨┤╨╗╤П C:\Program Files\dotnet\sdk\9.0.200\Sdks\Microsoft.NET.Sdk\targets\Microsoft.NET.Sdk.CSharp.targets (48,5)
       ╨Я╨╛╨▓╤В╨╛╤А╨╜╨╛╨╡ ╨╜╨░╨╖╨╜╨░╤З╨╡╨╜╨╕╨╡ ╤Б╨▓╨╛╨╣╤Б╤В╨▓╨░: $(PackageDescription)="Package Description" (╨┐╤А╨╡╨┤╤Л╨┤╤Г╤Й╨╡╨╡ ╨╖╨╜╨░╤З╨╡╨╜╨╕╨╡: "") ╨┤╨╗╤П C:\Program Files\dotnet\sdk\9.0.200\Sdks\NuGet.Build.Tasks.Pack\build\NuGet.Build.Tasks.Pack.targets (34,5)
       ╨Я╨╛╨▓╤В╨╛╤А╨╜╨╛╨╡ ╨╜╨░╨╖╨╜╨░╤З╨╡╨╜╨╕╨╡ ╤Б╨▓╨╛╨╣╤Б╤В╨▓╨░: $(GenerateNuspecDependsOn)="Build;_LoadPackInputItems; _GetTargetFrameworksOutput; _WalkEachTargetPerFramework; _GetPackageFiles; " (╨┐╤А╨╡╨┤╤Л╨┤╤Г╤Й╨╡╨╡ ╨╖╨╜╨░╤З╨╡╨╜╨╕╨╡: "_LoadPackInputItems; _GetTargetFrameworksOutput; _WalkEachTargetPerFramework; _GetPackageFiles; ") ╨┤╨╗╤П C:\Program Files\dotnet\sdk\9.0.200\Sdks\NuGet.Build.Tasks.Pack\build\NuGet.Build.Tasks.Pack.targets (59,5)
       ╨Я╨╛╨▓╤В╨╛╤А╨╜╨╛╨╡ ╨╜╨░╨╖╨╜╨░╤З╨╡╨╜╨╕╨╡ ╤Б╨▓╨╛╨╣╤Б╤В╨▓╨░: $(_IsNotSetContainersTargetsDir)="true" (╨┐╤А╨╡╨┤╤Л╨┤╤Г╤Й╨╡╨╡ ╨╖╨╜╨░╤З╨╡╨╜╨╕╨╡: "false") ╨┤╨╗╤П C:\Program Files\dotnet\sdk\9.0.200\Sdks\Microsoft.NET.Sdk\Sdk\Sdk.targets (60,5)
       ╨Я╨╛╨▓╤В╨╛╤А╨╜╨╛╨╡ ╨╜╨░╨╖╨╜╨░╤З╨╡╨╜╨╕╨╡ ╤Б╨▓╨╛╨╣╤Б╤В╨▓╨░: $(_IsSDKContainerAllowedVersion)="true" (╨┐╤А╨╡╨┤╤Л╨┤╤Г╤Й╨╡╨╡ ╨╖╨╜╨░╤З╨╡╨╜╨╕╨╡: "false") ╨┤╨╗╤П C:\Program Files\dotnet\sdk\9.0.200\Containers\build\Microsoft.NET.Build.Containers.targets (5,5)
       ╨Я╨╛╨▓╤В╨╛╤А╨╜╨╛╨╡ ╨╜╨░╨╖╨╜╨░╤З╨╡╨╜╨╕╨╡ ╤Б╨▓╨╛╨╣╤Б╤В╨▓╨░: $(_ContainerIsTargetingNet8TFM)="true" (╨┐╤А╨╡╨┤╤Л╨┤╤Г╤Й╨╡╨╡ ╨╖╨╜╨░╤З╨╡╨╜╨╕╨╡: "false") ╨┤╨╗╤П C:\Program Files\dotnet\sdk\9.0.200\Containers\build\Microsoft.NET.Build.Containers.targets (15,5)
       C:\Program Files\dotnet\sdk\9.0.200\Sdks\Microsoft.NET.Sdk.StaticWebAssets\targets\Sdk.StaticWebAssets.CurrentVersion.targets(37,18): message : ╨б╨▓╨╛╨╣╤Б╤В╨▓╨╛ "DOTNET_HOST_PATH" ╤Б╨╛ ╨╖╨╜╨░╤З╨╡╨╜╨╕╨╡╨╝ "C:\Program Files\dotnet\dotnet.exe" ╤А╨░╨╖╨▓╨╡╤А╨╜╤Г╤В╨╛ ╨╕╨╖ ╨╛╨║╤А╤Г╨╢╨╡╨╜╨╕╤П.
       ╨Я╨╛╨▓╤В╨╛╤А╨╜╨╛╨╡ ╨╜╨░╨╖╨╜╨░╤З╨╡╨╜╨╕╨╡ ╤Б╨▓╨╛╨╣╤Б╤В╨▓╨░: $(PrepareForRunDependsOn)="StaticWebAssetsPrepareForRun;
             CopyFilesToOutputDirectory
           " (╨┐╤А╨╡╨┤╤Л╨┤╤Г╤Й╨╡╨╡ ╨╖╨╜╨░╤З╨╡╨╜╨╕╨╡: "
             CopyFilesToOutputDirectory
           ") ╨┤╨╗╤П C:\Program Files\dotnet\sdk\9.0.200\Sdks\Microsoft.NET.Sdk.StaticWebAssets\targets\Microsoft.NET.Sdk.StaticWebAssets.targets (286,5)
       ╨Я╨╛╨▓╤В╨╛╤А╨╜╨╛╨╡ ╨╜╨░╨╖╨╜╨░╤З╨╡╨╜╨╕╨╡ ╤Б╨▓╨╛╨╣╤Б╤В╨▓╨░: $(GetCopyToOutputDirectoryItemsDependsOn)="
             AssignTargetPaths;
             
             AssignProjectConfiguration;
             _SplitProjectReferencesByFileExistence
           ;
             _GetProjectReferenceTargetFrameworkProperties;
             _PopulateCommonStateForGetCopyToOutputDirectoryItems
           ;AddStaticWebAssetsManifest;AddStaticWebAssetEndpointsBuildManifest" (╨┐╤А╨╡╨┤╤Л╨┤╤Г╤Й╨╡╨╡ ╨╖╨╜╨░╤З╨╡╨╜╨╕╨╡: "
             AssignTargetPaths;
             
             AssignProjectConfiguration;
             _SplitProjectReferencesByFileExistence
           ;
             _GetProjectReferenceTargetFrameworkProperties;
             _PopulateCommonStateForGetCopyToOutputDirectoryItems
           ") ╨┤╨╗╤П C:\Program Files\dotnet\sdk\9.0.200\Sdks\Microsoft.NET.Sdk.StaticWebAssets\targets\Microsoft.NET.Sdk.StaticWebAssets.targets (323,5)
       ╨Я╨╛╨▓╤В╨╛╤А╨╜╨╛╨╡ ╨╜╨░╨╖╨╜╨░╤З╨╡╨╜╨╕╨╡ ╤Б╨▓╨╛╨╣╤Б╤В╨▓╨░: $(GenerateNuspecDependsOn)="
             IncludeStaticWebAssetsPackItems;
             Build;_LoadPackInputItems; _GetTargetFrameworksOutput; _WalkEachTargetPerFramework; _GetPackageFiles; ;
           " (╨┐╤А╨╡╨┤╤Л╨┤╤Г╤Й╨╡╨╡ ╨╖╨╜╨░╤З╨╡╨╜╨╕╨╡: "Build;_LoadPackInputItems; _GetTargetFrameworksOutput; _WalkEachTargetPerFramework; _GetPackageFiles; ") ╨┤╨╗╤П C:\Program Files\dotnet\sdk\9.0.200\Sdks\Microsoft.NET.Sdk.StaticWebAssets\targets\Microsoft.NET.Sdk.StaticWebAssets.Pack.targets (46,5)
       ╨Я╨╛╨▓╤В╨╛╤А╨╜╨╛╨╡ ╨╜╨░╨╖╨╜╨░╤З╨╡╨╜╨╕╨╡ ╤Б╨▓╨╛╨╣╤Б╤В╨▓╨░: $(IncludeStaticWebAssetsPackItemsDependsOn)="
             Build;
             ResolveStaticWebAssetsConfiguration;LoadStaticWebAssetsBuildManifest
           ;
           " (╨┐╤А╨╡╨┤╤Л╨┤╤Г╤Й╨╡╨╡ ╨╖╨╜╨░╤З╨╡╨╜╨╕╨╡: "
             ResolveStaticWebAssetsConfiguration;LoadStaticWebAssetsBuildManifest
           ") ╨┤╨╗╤П C:\Program Files\dotnet\sdk\9.0.200\Sdks\Microsoft.NET.Sdk.StaticWebAssets\targets\Microsoft.NET.Sdk.StaticWebAssets.Pack.targets (55,5)
       ╨Я╨╛╨▓╤В╨╛╤А╨╜╨╛╨╡ ╨╜╨░╨╖╨╜╨░╤З╨╡╨╜╨╕╨╡ ╤Б╨▓╨╛╨╣╤Б╤В╨▓╨░: $(ResolveStaticWebAssetsInputsDependsOn)="
           
             ResolveCoreStaticWebAssets;
             GenerateComputedBuildStaticWebAssets;
             
           ;
           ResolveScopedCssAssets;
         " (╨┐╤А╨╡╨┤╤Л╨┤╤Г╤Й╨╡╨╡ ╨╖╨╜╨░╤З╨╡╨╜╨╕╨╡: "
             ResolveCoreStaticWebAssets;
             GenerateComputedBuildStaticWebAssets;
             
           ") ╨┤╨╗╤П C:\Program Files\dotnet\sdk\9.0.200\Sdks\Microsoft.NET.Sdk.StaticWebAssets\targets\Microsoft.NET.Sdk.StaticWebAssets.ScopedCss.targets (55,3)
       ╨Я╨╛╨▓╤В╨╛╤А╨╜╨╛╨╡ ╨╜╨░╨╖╨╜╨░╤З╨╡╨╜╨╕╨╡ ╤Б╨▓╨╛╨╣╤Б╤В╨▓╨░: $(GenerateComputedBuildStaticWebAssetsDependsOn)="
           ResolveCoreStaticWebAssets;;
           BundleScopedCssFiles;
         " (╨┐╤А╨╡╨┤╤Л╨┤╤Г╤Й╨╡╨╡ ╨╖╨╜╨░╤З╨╡╨╜╨╕╨╡: "ResolveCoreStaticWebAssets;") ╨┤╨╗╤П C:\Program Files\dotnet\sdk\9.0.200\Sdks\Microsoft.NET.Sdk.StaticWebAssets\targets\Microsoft.NET.Sdk.StaticWebAssets.ScopedCss.targets (88,3)
       ╨Я╨╛╨▓╤В╨╛╤А╨╜╨╛╨╡ ╨╜╨░╨╖╨╜╨░╤З╨╡╨╜╨╕╨╡ ╤Б╨▓╨╛╨╣╤Б╤В╨▓╨░: $(ResolveCoreStaticWebAssetsDependsOn)="
             
             UpdateExistingPackageStaticWebAssets;
             ResolveProjectStaticWebAssets;
             ResolveEmbeddedProjectsStaticWebAssets;
             ResolveReferencedProjectsStaticWebAssets;
             ;
           ;
             ResolveJsInitializerModuleStaticWebAssets;
           " (╨┐╤А╨╡╨┤╤Л╨┤╤Г╤Й╨╡╨╡ ╨╖╨╜╨░╤З╨╡╨╜╨╕╨╡: "
             UpdateExistingPackageStaticWebAssets;
             ResolveProjectStaticWebAssets;
             ResolveEmbeddedProjectsStaticWebAssets;
             ResolveReferencedProjectsStaticWebAssets;
             ;
           ") ╨┤╨╗╤П C:\Program Files\dotnet\sdk\9.0.200\Sdks\Microsoft.NET.Sdk.StaticWebAssets\targets\Microsoft.NET.Sdk.StaticWebAssets.JSModules.targets (37,5)
       ╨Я╨╛╨▓╤В╨╛╤А╨╜╨╛╨╡ ╨╜╨░╨╖╨╜╨░╤З╨╡╨╜╨╕╨╡ ╤Б╨▓╨╛╨╣╤Б╤В╨▓╨░: $(ResolveCoreStaticWebAssetsDependsOn)="
             
             
             UpdateExistingPackageStaticWebAssets;
             ResolveProjectStaticWebAssets;
             ResolveEmbeddedProjectsStaticWebAssets;
             ResolveReferencedProjectsStaticWebAssets;
             ;
           ;
             ResolveJsInitializerModuleStaticWebAssets;
           ;
             ResolveJSModuleStaticWebAssets;
           " (╨┐╤А╨╡╨┤╤Л╨┤╤Г╤Й╨╡╨╡ ╨╖╨╜╨░╤З╨╡╨╜╨╕╨╡: "
             
             UpdateExistingPackageStaticWebAssets;
             ResolveProjectStaticWebAssets;
             ResolveEmbeddedProjectsStaticWebAssets;
             ResolveReferencedProjectsStaticWebAssets;
             ;
           ;
             ResolveJsInitializerModuleStaticWebAssets;
           ") ╨┤╨╗╤П C:\Program Files\dotnet\sdk\9.0.200\Sdks\Microsoft.NET.Sdk.StaticWebAssets\targets\Microsoft.NET.Sdk.StaticWebAssets.JSModules.targets (42,5)
       ╨Я╨╛╨▓╤В╨╛╤А╨╜╨╛╨╡ ╨╜╨░╨╖╨╜╨░╤З╨╡╨╜╨╕╨╡ ╤Б╨▓╨╛╨╣╤Б╤В╨▓╨░: $(ResolveStaticWebAssetsInputsDependsOn)="
             ResolveJSModuleManifestBuildStaticWebAssets;
             
           
             ResolveCoreStaticWebAssets;
             GenerateComputedBuildStaticWebAssets;
             
           ;
           ResolveScopedCssAssets;
         
           " (╨┐╤А╨╡╨┤╤Л╨┤╤Г╤Й╨╡╨╡ ╨╖╨╜╨░╤З╨╡╨╜╨╕╨╡: "
           
             ResolveCoreStaticWebAssets;
             GenerateComputedBuildStaticWebAssets;
             
           ;
           ResolveScopedCssAssets;
         ") ╨┤╨╗╤П C:\Program Files\dotnet\sdk\9.0.200\Sdks\Microsoft.NET.Sdk.StaticWebAssets\targets\Microsoft.NET.Sdk.StaticWebAssets.JSModules.targets (57,5)
       ╨Я╨╛╨▓╤В╨╛╤А╨╜╨╛╨╡ ╨╜╨░╨╖╨╜╨░╤З╨╡╨╜╨╕╨╡ ╤Б╨▓╨╛╨╣╤Б╤В╨▓╨░: $(ResolvePublishStaticWebAssetsDependsOn)="
             ResolveJSModuleManifestPublishStaticWebAssets;
             
             ResolveCorePublishStaticWebAssets;
             GenerateComputedPublishStaticWebAssets;
             ;
           
           " (╨┐╤А╨╡╨┤╤Л╨┤╤Г╤Й╨╡╨╡ ╨╖╨╜╨░╤З╨╡╨╜╨╕╨╡: "
             ResolveCorePublishStaticWebAssets;
             GenerateComputedPublishStaticWebAssets;
             ;
           ") ╨┤╨╗╤П C:\Program Files\dotnet\sdk\9.0.200\Sdks\Microsoft.NET.Sdk.StaticWebAssets\targets\Microsoft.NET.Sdk.StaticWebAssets.JSModules.targets (76,5)
       ╨Я╨╛╨▓╤В╨╛╤А╨╜╨╛╨╡ ╨╜╨░╨╖╨╜╨░╤З╨╡╨╜╨╕╨╡ ╤Б╨▓╨╛╨╣╤Б╤В╨▓╨░: $(ResolveBuildRelatedStaticWebAssetsDependsOn)="
             ResolveBuildCompressedStaticWebAssets;
             
             ResolveStaticWebAssetsInputs;
             
           
           " (╨┐╤А╨╡╨┤╤Л╨┤╤Г╤Й╨╡╨╡ ╨╖╨╜╨░╤З╨╡╨╜╨╕╨╡: "
             ResolveStaticWebAssetsInputs;
             
           ") ╨┤╨╗╤П C:\Program Files\dotnet\sdk\9.0.200\Sdks\Microsoft.NET.Sdk.StaticWebAssets\targets\Microsoft.NET.Sdk.StaticWebAssets.Compression.targets (179,5)
       ╨Я╨╛╨▓╤В╨╛╤А╨╜╨╛╨╡ ╨╜╨░╨╖╨╜╨░╤З╨╡╨╜╨╕╨╡ ╤Б╨▓╨╛╨╣╤Б╤В╨▓╨░: $(ResolvePublishRelatedStaticWebAssetsDependsOn)="
             ResolvePublishCompressedStaticWebAssets;
             
           " (╨┐╤А╨╡╨┤╤Л╨┤╤Г╤Й╨╡╨╡ ╨╖╨╜╨░╤З╨╡╨╜╨╕╨╡: "") ╨┤╨╗╤П C:\Program Files\dotnet\sdk\9.0.200\Sdks\Microsoft.NET.Sdk.StaticWebAssets\targets\Microsoft.NET.Sdk.StaticWebAssets.Compression.targets (198,5)
       ╨Я╨╛╨▓╤В╨╛╤А╨╜╨╛╨╡ ╨╜╨░╨╖╨╜╨░╤З╨╡╨╜╨╕╨╡ ╤Б╨▓╨╛╨╣╤Б╤В╨▓╨░: $(DebugSymbolsProjectOutputGroupDependsOn)="
             ;
             _RazorAddDebugSymbolsProjectOutputGroupOutput
           " (╨┐╤А╨╡╨┤╤Л╨┤╤Г╤Й╨╡╨╡ ╨╖╨╜╨░╤З╨╡╨╜╨╕╨╡: "") ╨┤╨╗╤П C:\Program Files\dotnet\sdk\9.0.200\Sdks\Microsoft.NET.Sdk.Razor\targets\Sdk.Razor.CurrentVersion.targets (205,5)
       ╨Я╨╛╨▓╤В╨╛╤А╨╜╨╛╨╡ ╨╜╨░╨╖╨╜╨░╤З╨╡╨╜╨╕╨╡ ╤Б╨▓╨╛╨╣╤Б╤В╨▓╨░: $(PrepareForBuildDependsOn)="
             ;GetFrameworkPaths;GetReferenceAssemblyPaths;AssignLinkMetadata;
             ResolveRazorGenerateInputs
           " (╨┐╤А╨╡╨┤╤Л╨┤╤Г╤Й╨╡╨╡ ╨╖╨╜╨░╤З╨╡╨╜╨╕╨╡: ";GetFrameworkPaths;GetReferenceAssemblyPaths;AssignLinkMetadata") ╨┤╨╗╤П C:\Program Files\dotnet\sdk\9.0.200\Sdks\Microsoft.NET.Sdk.Razor\targets\Sdk.Razor.CurrentVersion.targets (210,5)
       ╨Я╨╛╨▓╤В╨╛╤А╨╜╨╛╨╡ ╨╜╨░╨╖╨╜╨░╤З╨╡╨╜╨╕╨╡ ╤Б╨▓╨╛╨╣╤Б╤В╨▓╨░: $(GenerateNuspecDependsOn)="
             ResolveRazorGenerateInputs;
             
             IncludeStaticWebAssetsPackItems;
             Build;_LoadPackInputItems; _GetTargetFrameworksOutput; _WalkEachTargetPerFramework; _GetPackageFiles; ;
           
           " (╨┐╤А╨╡╨┤╤Л╨┤╤Г╤Й╨╡╨╡ ╨╖╨╜╨░╤З╨╡╨╜╨╕╨╡: "
             IncludeStaticWebAssetsPackItems;
             Build;_LoadPackInputItems; _GetTargetFrameworksOutput; _WalkEachTargetPerFramework; _GetPackageFiles; ;
           ") ╨┤╨╗╤П C:\Program Files\dotnet\sdk\9.0.200\Sdks\Microsoft.NET.Sdk.Razor\targets\Sdk.Razor.CurrentVersion.targets (215,5)
       ╨Я╨╛╨▓╤В╨╛╤А╨╜╨╛╨╡ ╨╜╨░╨╖╨╜╨░╤З╨╡╨╜╨╕╨╡ ╤Б╨▓╨╛╨╣╤Б╤В╨▓╨░: $(PrepareForRunDependsOn)="
             _RazorPrepareForRun;
             StaticWebAssetsPrepareForRun;
             CopyFilesToOutputDirectory
           
           " (╨┐╤А╨╡╨┤╤Л╨┤╤Г╤Й╨╡╨╡ ╨╖╨╜╨░╤З╨╡╨╜╨╕╨╡: "StaticWebAssetsPrepareForRun;
             CopyFilesToOutputDirectory
           ") ╨┤╨╗╤П C:\Program Files\dotnet\sdk\9.0.200\Sdks\Microsoft.NET.Sdk.Razor\targets\Sdk.Razor.CurrentVersion.targets (220,5)
       ╨Я╨╛╨▓╤В╨╛╤А╨╜╨╛╨╡ ╨╜╨░╨╖╨╜╨░╤З╨╡╨╜╨╕╨╡ ╤Б╨▓╨╛╨╣╤Б╤В╨▓╨░: $(UseRazorBuildServer)="true" (╨┐╤А╨╡╨┤╤Л╨┤╤Г╤Й╨╡╨╡ ╨╖╨╜╨░╤З╨╡╨╜╨╕╨╡: "") ╨┤╨╗╤П C:\Program Files\dotnet\sdk\9.0.200\Sdks\Microsoft.NET.Sdk.Razor\targets\Sdk.Razor.CurrentVersion.targets (311,5)
       ╨Я╨╛╨▓╤В╨╛╤А╨╜╨╛╨╡ ╨╜╨░╨╖╨╜╨░╤З╨╡╨╜╨╕╨╡ ╤Б╨▓╨╛╨╣╤Б╤В╨▓╨░: $(_RazorDebugSymbolsProduced)="true" (╨┐╤А╨╡╨┤╤Л╨┤╤Г╤Й╨╡╨╡ ╨╖╨╜╨░╤З╨╡╨╜╨╕╨╡: "false") ╨┤╨╗╤П C:\Program Files\dotnet\sdk\9.0.200\Sdks\Microsoft.NET.Sdk.Razor\targets\Sdk.Razor.CurrentVersion.targets (317,5)
       ╨Я╨╛╨▓╤В╨╛╤А╨╜╨╛╨╡ ╨╜╨░╨╖╨╜╨░╤З╨╡╨╜╨╕╨╡ ╤Б╨▓╨╛╨╣╤Б╤В╨▓╨░: $(GenerateRazorTargetAssemblyInfoDependsOn)="
             _ResolveMvcAssemblyAttributes;
             
             GetRazorTargetAssemblyAttributes;
             _CreateRazorTargetAssemblyInfoInputsCacheFile;
             CoreGenerateRazorTargetAssemblyInfo
           
           " (╨┐╤А╨╡╨┤╤Л╨┤╤Г╤Й╨╡╨╡ ╨╖╨╜╨░╤З╨╡╨╜╨╕╨╡: "
             GetRazorTargetAssemblyAttributes;
             _CreateRazorTargetAssemblyInfoInputsCacheFile;
             CoreGenerateRazorTargetAssemblyInfo
           ") ╨┤╨╗╤П C:\Program Files\dotnet\sdk\9.0.200\Sdks\Microsoft.NET.Sdk.Razor\targets\Microsoft.NET.Sdk.Razor.GenerateAssemblyInfo.targets (36,5)
       ╨Я╨╛╨▓╤В╨╛╤А╨╜╨╛╨╡ ╨╜╨░╨╖╨╜╨░╤З╨╡╨╜╨╕╨╡ ╤Б╨▓╨╛╨╣╤Б╤В╨▓╨░: $(CoreCompileDependsOn)="
             ;_ComputeNonExistentFileProperty;ResolveCodeAnalysisRuleSet;
             _GenerateRazorAssemblyInfo
           " (╨┐╤А╨╡╨┤╤Л╨┤╤Г╤Й╨╡╨╡ ╨╖╨╜╨░╤З╨╡╨╜╨╕╨╡: ";_ComputeNonExistentFileProperty;ResolveCodeAnalysisRuleSet") ╨┤╨╗╤П C:\Program Files\dotnet\sdk\9.0.200\Sdks\Microsoft.NET.Sdk.Razor\targets\Microsoft.NET.Sdk.Razor.GenerateAssemblyInfo.targets (181,5)
       ╨Я╨╛╨▓╤В╨╛╤А╨╜╨╛╨╡ ╨╜╨░╨╖╨╜╨░╤З╨╡╨╜╨╕╨╡ ╤Б╨▓╨╛╨╣╤Б╤В╨▓╨░: $(_GenerateRazorAssemblyInfoDependsOn)="
             _ResolveMvcAssemblyAttributes;
             RazorGetAssemblyAttributes;PrepareForBuild;_CoreGenerateRazorAssemblyInfo;
           " (╨┐╤А╨╡╨┤╤Л╨┤╤Г╤Й╨╡╨╡ ╨╖╨╜╨░╤З╨╡╨╜╨╕╨╡: "RazorGetAssemblyAttributes;PrepareForBuild;_CoreGenerateRazorAssemblyInfo") ╨┤╨╗╤П C:\Program Files\dotnet\sdk\9.0.200\Sdks\Microsoft.NET.Sdk.Razor\targets\Microsoft.NET.Sdk.Razor.GenerateAssemblyInfo.targets (189,5)
       ╨Я╨╛╨▓╤В╨╛╤А╨╜╨╛╨╡ ╨╜╨░╨╖╨╜╨░╤З╨╡╨╜╨╕╨╡ ╤Б╨▓╨╛╨╣╤Б╤В╨▓╨░: $(CoreCompileDependsOn)="
             _DiscoverMvcApplicationParts;
             
             ;_ComputeNonExistentFileProperty;ResolveCodeAnalysisRuleSet;
             _GenerateRazorAssemblyInfo
           ;
           " (╨┐╤А╨╡╨┤╤Л╨┤╤Г╤Й╨╡╨╡ ╨╖╨╜╨░╤З╨╡╨╜╨╕╨╡: "
             ;_ComputeNonExistentFileProperty;ResolveCodeAnalysisRuleSet;
             _GenerateRazorAssemblyInfo
           ") ╨┤╨╗╤П C:\Program Files\dotnet\sdk\9.0.200\Sdks\Microsoft.NET.Sdk.Razor\targets\Microsoft.NET.Sdk.Razor.MvcApplicationPartsDiscovery.targets (22,5)
       ╨Я╨╛╨▓╤В╨╛╤А╨╜╨╛╨╡ ╨╜╨░╨╖╨╜╨░╤З╨╡╨╜╨╕╨╡ ╤Б╨▓╨╛╨╣╤Б╤В╨▓╨░: $(RazorDesignTimeTargets)="C:\Program Files\dotnet\sdk\9.0.200\Sdks\Microsoft.NET.Sdk.Razor\targets\Microsoft.NET.Sdk.Razor.DesignTime.targets" (╨┐╤А╨╡╨┤╤Л╨┤╤Г╤Й╨╡╨╡ ╨╖╨╜╨░╤З╨╡╨╜╨╕╨╡: "C:\Program Files\dotnet\sdk\9.0.200\\Microsoft\VisualStudio\Razor\Microsoft.NET.Sdk.Razor.DesignTime.targets") ╨┤╨╗╤П C:\Program Files\dotnet\sdk\9.0.200\Sdks\Microsoft.NET.Sdk.Razor\targets\Sdk.Razor.CurrentVersion.targets (791,5)
       ╨Я╨╛╨▓╤В╨╛╤А╨╜╨╛╨╡ ╨╜╨░╨╖╨╜╨░╤З╨╡╨╜╨╕╨╡ ╤Б╨▓╨╛╨╣╤Б╤В╨▓╨░: $(RunWorkingDirectory)="C:\Users\user\OneDrive\╨а╨░╨▒╨╛╤З╨╕╨╣ ╤Б╤В╨╛╨╗\regi\WebApplication15" (╨┐╤А╨╡╨┤╤Л╨┤╤Г╤Й╨╡╨╡ ╨╖╨╜╨░╤З╨╡╨╜╨╕╨╡: "") ╨┤╨╗╤П C:\Program Files\dotnet\sdk\9.0.200\Sdks\Microsoft.NET.Sdk.Web.ProjectSystem\targets\Microsoft.NET.Sdk.Web.ProjectSystem.targets (21,5)
       ╨Я╨╛╨▓╤В╨╛╤А╨╜╨╛╨╡ ╨╜╨░╨╖╨╜╨░╤З╨╡╨╜╨╕╨╡ ╤Б╨▓╨╛╨╣╤Б╤В╨▓╨░: $(PublishProfileImported)="true" (╨┐╤А╨╡╨┤╤Л╨┤╤Г╤Й╨╡╨╡ ╨╖╨╜╨░╤З╨╡╨╜╨╕╨╡: "false") ╨┤╨╗╤П C:\Program Files\dotnet\sdk\9.0.200\Sdks\Microsoft.NET.Sdk.Publish\targets\Microsoft.NET.Sdk.Publish.targets (60,5)
       ╨Я╨╛╨▓╤В╨╛╤А╨╜╨╛╨╡ ╨╜╨░╨╖╨╜╨░╤З╨╡╨╜╨╕╨╡ ╤Б╨▓╨╛╨╣╤Б╤В╨▓╨░: $(PublishConfiguration)="Debug" (╨┐╤А╨╡╨┤╤Л╨┤╤Г╤Й╨╡╨╡ ╨╖╨╜╨░╤З╨╡╨╜╨╕╨╡: "") ╨┤╨╗╤П C:\Program Files\dotnet\sdk\9.0.200\Sdks\Microsoft.NET.Sdk.Publish\targets\Microsoft.NET.Sdk.Publish.targets (81,5)
       ╨Я╨╛╨▓╤В╨╛╤А╨╜╨╛╨╡ ╨╜╨░╨╖╨╜╨░╤З╨╡╨╜╨╕╨╡ ╤Б╨▓╨╛╨╣╤Б╤В╨▓╨░: $(BaseIntermediateOutputPath)="C:\Users\user\OneDrive\╨а╨░╨▒╨╛╤З╨╕╨╣ ╤Б╤В╨╛╨╗\regi\WebApplication15\obj\" (╨┐╤А╨╡╨┤╤Л╨┤╤Г╤Й╨╡╨╡ ╨╖╨╜╨░╤З╨╡╨╜╨╕╨╡: "obj\") ╨┤╨╗╤П C:\Program Files\dotnet\sdk\9.0.200\Sdks\Microsoft.NET.Sdk.Publish\targets\Microsoft.NET.Sdk.Publish.targets (87,5)
       ╨Я╨╡╤А╨╡╨╛╨┐╤А╨╡╨┤╨╡╨╗╨╡╨╜╨╕╨╡ ╤Ж╨╡╨╗╨╡╨▓╨╛╨│╨╛ ╨╛╨▒╤К╨╡╨║╤В╨░ "ResolveFrameworkReferences" ╨▓ ╨┐╤А╨╛╨╡╨║╤В╨╡ "C:\Program Files\dotnet\sdk\9.0.200\Microsoft.Common.CurrentVersion.targets" ╤Ж╨╡╨╗╨╡╨▓╤Л╨╝ ╨╛╨▒╤К╨╡╨║╤В "ResolveFrameworkReferences" ╨╕╨╖ ╨┐╤А╨╛╨╡╨║╤В╨░ "C:\Program Files\dotnet\sdk\9.0.200\Sdks\Microsoft.NET.Sdk\targets\Microsoft.NET.Sdk.FrameworkReferenceResolution.targets".
       ╨Я╨╡╤А╨╡╨╛╨┐╤А╨╡╨┤╨╡╨╗╨╡╨╜╨╕╨╡ ╤Ж╨╡╨╗╨╡╨▓╨╛╨│╨╛ ╨╛╨▒╤К╨╡╨║╤В╨░ "Run" ╨▓ ╨┐╤А╨╛╨╡╨║╤В╨╡ "C:\Program Files\dotnet\sdk\9.0.200\Microsoft.Common.CurrentVersion.targets" ╤Ж╨╡╨╗╨╡╨▓╤Л╨╝ ╨╛╨▒╤К╨╡╨║╤В "Run" ╨╕╨╖ ╨┐╤А╨╛╨╡╨║╤В╨░ "C:\Program Files\dotnet\sdk\9.0.200\Sdks\Microsoft.NET.Sdk\targets\Microsoft.NET.Sdk.targets".
       ╨Я╨╡╤А╨╡╨╛╨┐╤А╨╡╨┤╨╡╨╗╨╡╨╜╨╕╨╡ ╤Ж╨╡╨╗╨╡╨▓╨╛╨│╨╛ ╨╛╨▒╤К╨╡╨║╤В╨░ "GenerateSupportedTargetFrameworkAlias" ╨▓ ╨┐╤А╨╛╨╡╨║╤В╨╡ "C:\Program Files\dotnet\sdk\9.0.200\Microsoft.Common.CurrentVersion.targets" ╤Ж╨╡╨╗╨╡╨▓╤Л╨╝ ╨╛╨▒╤К╨╡╨║╤В "GenerateSupportedTargetFrameworkAlias" ╨╕╨╖ ╨┐╤А╨╛╨╡╨║╤В╨░ "C:\Program Files\dotnet\sdk\9.0.200\Sdks\Microsoft.NET.Sdk\targets\Microsoft.NET.Sdk.targets".
       ╨Я╨╡╤А╨╡╨╛╨┐╤А╨╡╨┤╨╡╨╗╨╡╨╜╨╕╨╡ ╤Ж╨╡╨╗╨╡╨▓╨╛╨│╨╛ ╨╛╨▒╤К╨╡╨║╤В╨░ "GetReferenceAssemblyPaths" ╨▓ ╨┐╤А╨╛╨╡╨║╤В╨╡ "C:\Program Files\dotnet\sdk\9.0.200\Microsoft.Common.CurrentVersion.targets" ╤Ж╨╡╨╗╨╡╨▓╤Л╨╝ ╨╛╨▒╤К╨╡╨║╤В "GetReferenceAssemblyPaths" ╨╕╨╖ ╨┐╤А╨╛╨╡╨║╤В╨░ "C:\Program Files\dotnet\sdk\9.0.200\Sdks\Microsoft.NET.Sdk\targets\Microsoft.NET.DisableStandardFrameworkResolution.targets".
       ╨Я╨╡╤А╨╡╨╛╨┐╤А╨╡╨┤╨╡╨╗╨╡╨╜╨╕╨╡ ╤Ж╨╡╨╗╨╡╨▓╨╛╨│╨╛ ╨╛╨▒╤К╨╡╨║╤В╨░ "GetFrameworkPaths" ╨▓ ╨┐╤А╨╛╨╡╨║╤В╨╡ "C:\Program Files\dotnet\sdk\9.0.200\Microsoft.Common.CurrentVersion.targets" ╤Ж╨╡╨╗╨╡╨▓╤Л╨╝ ╨╛╨▒╤К╨╡╨║╤В "GetFrameworkPaths" ╨╕╨╖ ╨┐╤А╨╛╨╡╨║╤В╨░ "C:\Program Files\dotnet\sdk\9.0.200\Sdks\Microsoft.NET.Sdk\targets\Microsoft.NET.DisableStandardFrameworkResolution.targets".
       ╨Я╨╡╤А╨╡╨╛╨┐╤А╨╡╨┤╨╡╨╗╨╡╨╜╨╕╨╡ ╤Ж╨╡╨╗╨╡╨▓╨╛╨│╨╛ ╨╛╨▒╤К╨╡╨║╤В╨░ "DesignerRuntimeImplementationProjectOutputGroup" ╨▓ ╨┐╤А╨╛╨╡╨║╤В╨╡ "C:\Program Files\dotnet\sdk\9.0.200\Microsoft.Common.CurrentVersion.targets" ╤Ж╨╡╨╗╨╡╨▓╤Л╨╝ ╨╛╨▒╤К╨╡╨║╤В "DesignerRuntimeImplementationProjectOutputGroup" ╨╕╨╖ ╨┐╤А╨╛╨╡╨║╤В╨░ "C:\Program Files\dotnet\sdk\9.0.200\Sdks\Microsoft.NET.Sdk\targets\Microsoft.NET.DesignerSupport.targets".
       ╨Я╨╡╤А╨╡╨╛╨┐╤А╨╡╨┤╨╡╨╗╨╡╨╜╨╕╨╡ ╤Ж╨╡╨╗╨╡╨▓╨╛╨│╨╛ ╨╛╨▒╤К╨╡╨║╤В╨░ "Publish" ╨▓ ╨┐╤А╨╛╨╡╨║╤В╨╡ "C:\Program Files\dotnet\sdk\9.0.200\Microsoft.Common.CurrentVersion.targets" ╤Ж╨╡╨╗╨╡╨▓╤Л╨╝ ╨╛╨▒╤К╨╡╨║╤В "Publish" ╨╕╨╖ ╨┐╤А╨╛╨╡╨║╤В╨░ "C:\Program Files\dotnet\sdk\9.0.200\Sdks\Microsoft.NET.Sdk\targets\Microsoft.NET.Publish.targets".
       ╨Я╨╡╤А╨╡╨╛╨┐╤А╨╡╨┤╨╡╨╗╨╡╨╜╨╕╨╡ ╤Ж╨╡╨╗╨╡╨▓╨╛╨│╨╛ ╨╛╨▒╤К╨╡╨║╤В╨░ "ResolveReadyToRunCompilers" ╨▓ ╨┐╤А╨╛╨╡╨║╤В╨╡ "C:\Program Files\dotnet\sdk\9.0.200\Sdks\Microsoft.NET.Sdk\targets\Microsoft.NET.CrossGen.targets" ╤Ж╨╡╨╗╨╡╨▓╤Л╨╝ ╨╛╨▒╤К╨╡╨║╤В "ResolveReadyToRunCompilers" ╨╕╨╖ ╨┐╤А╨╛╨╡╨║╤В╨░ "C:\Program Files\dotnet\sdk\9.0.200\Sdks\Microsoft.NET.Sdk\targets\Microsoft.NET.Publish.targets".
       ╨Я╨╡╤А╨╡╨╛╨┐╤А╨╡╨┤╨╡╨╗╨╡╨╜╨╕╨╡ ╤Ж╨╡╨╗╨╡╨▓╨╛╨│╨╛ ╨╛╨▒╤К╨╡╨║╤В╨░ "GetCopyToPublishDirectoryItems" ╨▓ ╨┐╤А╨╛╨╡╨║╤В╨╡ "C:\Program Files\dotnet\sdk\9.0.200\Microsoft.Common.CurrentVersion.targets" ╤Ж╨╡╨╗╨╡╨▓╤Л╨╝ ╨╛╨▒╤К╨╡╨║╤В "GetCopyToPublishDirectoryItems" ╨╕╨╖ ╨┐╤А╨╛╨╡╨║╤В╨░ "C:\Program Files\dotnet\sdk\9.0.200\Sdks\Microsoft.NET.Sdk\targets\Microsoft.NET.Publish.targets".
       ╨Я╨╡╤А╨╡╨╛╨┐╤А╨╡╨┤╨╡╨╗╨╡╨╜╨╕╨╡ ╤Ж╨╡╨╗╨╡╨▓╨╛╨│╨╛ ╨╛╨▒╤К╨╡╨║╤В╨░ "BeforePublish" ╨▓ ╨┐╤А╨╛╨╡╨║╤В╨╡ "C:\Program Files\dotnet\sdk\9.0.200\Microsoft.Common.CurrentVersion.targets" ╤Ж╨╡╨╗╨╡╨▓╤Л╨╝ ╨╛╨▒╤К╨╡╨║╤В "BeforePublish" ╨╕╨╖ ╨┐╤А╨╛╨╡╨║╤В╨░ "C:\Program Files\dotnet\sdk\9.0.200\Sdks\Microsoft.NET.Sdk.Publish\targets\Microsoft.NET.Sdk.Publish.targets".
       ╨Я╨╡╤А╨╡╨╛╨┐╤А╨╡╨┤╨╡╨╗╨╡╨╜╨╕╨╡ ╤Ж╨╡╨╗╨╡╨▓╨╛╨│╨╛ ╨╛╨▒╤К╨╡╨║╤В╨░ "AfterPublish" ╨▓ ╨┐╤А╨╛╨╡╨║╤В╨╡ "C:\Program Files\dotnet\sdk\9.0.200\Microsoft.Common.CurrentVersion.targets" ╤Ж╨╡╨╗╨╡╨▓╤Л╨╝ ╨╛╨▒╤К╨╡╨║╤В "AfterPublish" ╨╕╨╖ ╨┐╤А╨╛╨╡╨║╤В╨░ "C:\Program Files\dotnet\sdk\9.0.200\Sdks\Microsoft.NET.Sdk.Publish\targets\Microsoft.NET.Sdk.Publish.targets".
       ╨ж╨╡╨╗╨╡╨▓╨╛╨╣ ╨╛╨▒╤К╨╡╨║╤В "ResolveNuGetPackageAssets", ╤Г╨║╨░╨╖╨░╨╜╨╜╤Л╨╣ ╨▓ ╨░╤В╤А╨╕╨▒╤Г╤В╨╡ AfterTargets ╨┤╨╗╤П "C:\Users\user\.nuget\packages\system.text.json\9.0.3\buildTransitive\net8.0\System.Text.Json.targets (11,11)", ╨╜╨╡ ╤Б╤Г╤Й╨╡╤Б╤В╨▓╤Г╨╡╤В ╨▓ ╨┐╤А╨╛╨╡╨║╤В╨╡ ╨╕ ╨▒╤Г╨┤╨╡╤В ╨┐╤А╨╛╨┐╤Г╤Й╨╡╨╜.
       ╨ж╨╡╨╗╨╡╨▓╨╛╨╣ ╨╛╨▒╤К╨╡╨║╤В "ResolveNuGetPackageAssets", ╤Г╨║╨░╨╖╨░╨╜╨╜╤Л╨╣ ╨▓ ╨░╤В╤А╨╕╨▒╤Г╤В╨╡ AfterTargets ╨┤╨╗╤П "C:\Users\user\.nuget\packages\system.text.json\9.0.3\buildTransitive\net8.0\System.Text.Json.targets (23,11)", ╨╜╨╡ ╤Б╤Г╤Й╨╡╤Б╤В╨▓╤Г╨╡╤В ╨▓ ╨┐╤А╨╛╨╡╨║╤В╨╡ ╨╕ ╨▒╤Г╨┤╨╡╤В ╨┐╤А╨╛╨┐╤Г╤Й╨╡╨╜.
       ╨ж╨╡╨╗╨╡╨▓╨╛╨╣ ╨╛╨▒╤К╨╡╨║╤В "ResolveNuGetPackageAssets", ╤Г╨║╨░╨╖╨░╨╜╨╜╤Л╨╣ ╨▓ ╨░╤В╤А╨╕╨▒╤Г╤В╨╡ AfterTargets ╨┤╨╗╤П "C:\Users\user\.nuget\packages\microsoft.extensions.options\9.0.3\buildTransitive\net8.0\Microsoft.Extensions.Options.targets (11,11)", ╨╜╨╡ ╤Б╤Г╤Й╨╡╤Б╤В╨▓╤Г╨╡╤В ╨▓ ╨┐╤А╨╛╨╡╨║╤В╨╡ ╨╕ ╨▒╤Г╨┤╨╡╤В ╨┐╤А╨╛╨┐╤Г╤Й╨╡╨╜.
       ╨ж╨╡╨╗╨╡╨▓╨╛╨╣ ╨╛╨▒╤К╨╡╨║╤В "ResolveNuGetPackageAssets", ╤Г╨║╨░╨╖╨░╨╜╨╜╤Л╨╣ ╨▓ ╨░╤В╤А╨╕╨▒╤Г╤В╨╡ AfterTargets ╨┤╨╗╤П "C:\Users\user\.nuget\packages\microsoft.extensions.options\9.0.3\buildTransitive\net8.0\Microsoft.Extensions.Options.targets (23,11)", ╨╜╨╡ ╤Б╤Г╤Й╨╡╤Б╤В╨▓╤Г╨╡╤В ╨▓ ╨┐╤А╨╛╨╡╨║╤В╨╡ ╨╕ ╨▒╤Г╨┤╨╡╤В ╨┐╤А╨╛╨┐╤Г╤Й╨╡╨╜.
       ╨ж╨╡╨╗╨╡╨▓╨╛╨╣ ╨╛╨▒╤К╨╡╨║╤В "ResolveNuGetPackageAssets", ╤Г╨║╨░╨╖╨░╨╜╨╜╤Л╨╣ ╨▓ ╨░╤В╤А╨╕╨▒╤Г╤В╨╡ AfterTargets ╨┤╨╗╤П "C:\Users\user\.nuget\packages\microsoft.extensions.logging.abstractions\9.0.3\buildTransitive\net8.0\Microsoft.Extensions.Logging.Abstractions.targets (11,11)", ╨╜╨╡ ╤Б╤Г╤Й╨╡╤Б╤В╨▓╤Г╨╡╤В ╨▓ ╨┐╤А╨╛╨╡╨║╤В╨╡ ╨╕ ╨▒╤Г╨┤╨╡╤В ╨┐╤А╨╛╨┐╤Г╤Й╨╡╨╜.
       ╨ж╨╡╨╗╨╡╨▓╨╛╨╣ ╨╛╨▒╤К╨╡╨║╤В "ResolveNuGetPackageAssets", ╤Г╨║╨░╨╖╨░╨╜╨╜╤Л╨╣ ╨▓ ╨░╤В╤А╨╕╨▒╤Г╤В╨╡ AfterTargets ╨┤╨╗╤П "C:\Users\user\.nuget\packages\microsoft.extensions.logging.abstractions\9.0.3\buildTransitive\net8.0\Microsoft.Extensions.Logging.Abstractions.targets (23,11)", ╨╜╨╡ ╤Б╤Г╤Й╨╡╤Б╤В╨▓╤Г╨╡╤В ╨▓ ╨┐╤А╨╛╨╡╨║╤В╨╡ ╨╕ ╨▒╤Г╨┤╨╡╤В ╨┐╤А╨╛╨┐╤Г╤Й╨╡╨╜.
       ╨ж╨╡╨╗╨╡╨▓╨╛╨╣ ╨╛╨▒╤К╨╡╨║╤В "CollectUpToDateCheckInputDesignTime", ╤Г╨║╨░╨╖╨░╨╜╨╜╤Л╨╣ ╨▓ ╨░╤В╤А╨╕╨▒╤Г╤В╨╡ BeforeTargets ╨┤╨╗╤П "C:\Program Files\dotnet\sdk\9.0.200\Sdks\Microsoft.NET.Sdk.StaticWebAssets\targets\Microsoft.NET.Sdk.StaticWebAssets.ScopedCss.targets (171,5)", ╨╜╨╡ ╤Б╤Г╤Й╨╡╤Б╤В╨▓╤Г╨╡╤В ╨▓ ╨┐╤А╨╛╨╡╨║╤В╨╡ ╨╕ ╨▒╤Г╨┤╨╡╤В ╨┐╤А╨╛╨┐╤Г╤Й╨╡╨╜.
       ╨ж╨╡╨╗╨╡╨▓╨╛╨╣ ╨╛╨▒╤К╨╡╨║╤В "CollectUpToDateCheckBuiltDesignTime", ╤Г╨║╨░╨╖╨░╨╜╨╜╤Л╨╣ ╨▓ ╨░╤В╤А╨╕╨▒╤Г╤В╨╡ BeforeTargets ╨┤╨╗╤П "C:\Program Files\dotnet\sdk\9.0.200\Sdks\Microsoft.NET.Sdk.StaticWebAssets\targets\Microsoft.NET.Sdk.StaticWebAssets.ScopedCss.targets (171,5)", ╨╜╨╡ ╤Б╤Г╤Й╨╡╤Б╤В╨▓╤Г╨╡╤В ╨▓ ╨┐╤А╨╛╨╡╨║╤В╨╡ ╨╕ ╨▒╤Г╨┤╨╡╤В ╨┐╤А╨╛╨┐╤Г╤Й╨╡╨╜.
       ╨ж╨╡╨╗╨╡╨▓╨╛╨╣ ╨╛╨▒╤К╨╡╨║╤В "RazorGenerateComponentDeclaration", ╤Г╨║╨░╨╖╨░╨╜╨╜╤Л╨╣ ╨▓ ╨░╤В╤А╨╕╨▒╤Г╤В╨╡ AfterTargets ╨┤╨╗╤П "C:\Program Files\dotnet\sdk\9.0.200\Sdks\Microsoft.NET.Sdk.Razor\targets\Microsoft.NET.Sdk.Razor.DesignTime.targets (55,53)", ╨╜╨╡ ╤Б╤Г╤Й╨╡╤Б╤В╨▓╤Г╨╡╤В ╨▓ ╨┐╤А╨╛╨╡╨║╤В╨╡ ╨╕ ╨▒╤Г╨┤╨╡╤В ╨┐╤А╨╛╨┐╤Г╤Й╨╡╨╜.
   1:7>╨Я╤А╨╛╨╡╨║╤В "C:\Users\user\OneDrive\╨а╨░╨▒╨╛╤З╨╕╨╣ ╤Б╤В╨╛╨╗\regi\WebApplication15\WebApplication15.csproj" ╨▓ ╤Г╨╖╨╗╨╡ 1 (╤Ж╨╡╨╗╨╡╨▓╤Л╨╡ ╨╛╨▒╤К╨╡╨║╤В╤Л ╨┐╨╛ ╤Г╨╝╨╛╨╗╤З╨░╨╜╨╕╤О).
   1:7>╨ж╨╡╨╗╨╡╨▓╨╛╨╣ ╨╛╨▒╤К╨╡╨║╤В "NETStandardCompatError_Mono_TextTemplating_net6_0" ╨▓ ╤Д╨░╨╣╨╗╨╡ "C:\Users\user\.nuget\packages\mono.texttemplating\3.0.0\buildTransitive\Mono.TextTemplating.targets" ╨╕╨╖ ╨┐╤А╨╛╨╡╨║╤В╨░ "C:\Users\user\OneDrive\╨а╨░╨▒╨╛╤З╨╕╨╣ ╤Б╤В╨╛╨╗\regi\WebApplication15\WebApplication15.csproj" (╤В╨╛╤З╨║╨░ ╨▓╤Е╨╛╨┤╨░):
   1:7>╨Ч╨░╨┤╨░╤З╨░ "Warning" ╨┐╤А╨╛╨┐╤Г╤Й╨╡╨╜╨░ ╨╕╨╖-╨╖╨░ ╨╜╨╡╨▓╤Л╨┐╨╛╨╗╨╜╨╡╨╜╨╜╨╛╨│╨╛ ╤Г╤Б╨╗╨╛╨▓╨╕╤П; ╨▓╤Л╤А╨░╨╢╨╡╨╜╨╕╨╡ ('$(_Mono_TextTemplating_Warn_Compat_Tfm)' != '') ╤А╨░╨▓╨╜╨╛ ('' != '').
   1:7>╨б╨▒╨╛╤А╨║╨░ ╤Ж╨╡╨╗╨╡╨▓╨╛╨│╨╛ ╨╛╨▒╤К╨╡╨║╤В╨░ "NETStandardCompatError_Mono_TextTemplating_net6_0" ╨▓ ╨┐╤А╨╛╨╡╨║╤В╨╡ "WebApplication15.csproj" ╨╖╨░╨▓╨╡╤А╤И╨╡╨╜╨░.
       ╨ж╨╡╨╗╨╡╨▓╨╛╨╣ ╨╛╨▒╤К╨╡╨║╤В "_CheckForUnsupportedTargetFramework" ╨┐╤А╨╛╨┐╤Г╤Й╨╡╨╜ ╨╕╨╖-╨╖╨░ ╨╜╨╡╨▓╤Л╨┐╨╛╨╗╨╜╨╡╨╜╨╜╨╛╨│╨╛ ╤Г╤Б╨╗╨╛╨▓╨╕╤П; ╨▓╤Л╤А╨░╨╢╨╡╨╜╨╕╨╡ ('$(_UnsupportedTargetFrameworkError)' == 'true') ╤А╨░╨▓╨╜╨╛ ('' == 'true').
   1:7>╨ж╨╡╨╗╨╡╨▓╨╛╨╣ ╨╛╨▒╤К╨╡╨║╤В "_CollectTargetFrameworkForTelemetry" ╨▓ ╤Д╨░╨╣╨╗╨╡ "C:\Program Files\dotnet\sdk\9.0.200\Sdks\Microsoft.NET.Sdk\targets\Microsoft.NET.TargetFrameworkInference.targets" ╨╕╨╖ ╨┐╤А╨╛╨╡╨║╤В╨░ "C:\Users\user\OneDrive\╨а╨░╨▒╨╛╤З╨╕╨╣ ╤Б╤В╨╛╨╗\regi\WebApplication15\WebApplication15.csproj" (╤Ж╨╡╨╗╨╡╨▓╨╛╨╣ ╨╛╨▒╤К╨╡╨║╤В "_CheckForInvalidConfigurationAndPlatform" ╨╖╨░╨▓╨╕╤Б╨╕╤В ╨╛╤В ╨╜╨╡╨│╨╛):
       ╨Ш╤Б╨┐╨╛╨╗╤М╨╖╤Г╨╡╤В╤Б╤П ╨╖╨░╨┤╨░╤З╨░ "AllowEmptyTelemetry" ╨╕╨╖ ╤Б╨▒╨╛╤А╨║╨╕ "C:\Program Files\dotnet\sdk\9.0.200\Sdks\Microsoft.NET.Sdk\targets\..\tools\net9.0\Microsoft.NET.Build.Tasks.dll".
       ╨Ч╨░╨┤╨░╤З╨░ "AllowEmptyTelemetry"
       ╨Т╤Л╨┐╨╛╨╗╨╜╨╡╨╜╨╕╨╡ ╨╖╨░╨┤╨░╤З╨╕ "AllowEmptyTelemetry" ╨╖╨░╨▓╨╡╤А╤И╨╡╨╜╨╛.
   1:7>╨б╨▒╨╛╤А╨║╨░ ╤Ж╨╡╨╗╨╡╨▓╨╛╨│╨╛ ╨╛╨▒╤К╨╡╨║╤В╨░ "_CollectTargetFrameworkForTelemetry" ╨▓ ╨┐╤А╨╛╨╡╨║╤В╨╡ "WebApplication15.csproj" ╨╖╨░╨▓╨╡╤А╤И╨╡╨╜╨░.
       ╨ж╨╡╨╗╨╡╨▓╨╛╨╣ ╨╛╨▒╤К╨╡╨║╤В "_CheckForUnsupportedTargetPlatformIdentifier" ╨┐╤А╨╛╨┐╤Г╤Й╨╡╨╜ ╨╕╨╖-╨╖╨░ ╨╜╨╡╨▓╤Л╨┐╨╛╨╗╨╜╨╡╨╜╨╜╨╛╨│╨╛ ╤Г╤Б╨╗╨╛╨▓╨╕╤П; ╨▓╤Л╤А╨░╨╢╨╡╨╜╨╕╨╡ ('$(TargetPlatformIdentifier)' != '' and '$(TargetFrameworkIdentifier)' == '.NETCoreApp' and $([MSBuild]::VersionGreaterThanOrEquals($(TargetFrameworkVersion), 5.0)) And ('$(DesignTimeBuild)' != 'true' Or '@(MissingWorkloadPack)' == '')) ╤А╨░╨▓╨╜╨╛ ('' != '' and '.NETCoreApp' == '.NETCoreApp' and True And ('' != 'true' Or '' == '')).
       ╨ж╨╡╨╗╨╡╨▓╨╛╨╣ ╨╛╨▒╤К╨╡╨║╤В "_CheckForMissingWorkload" ╨┐╤А╨╛╨┐╤Г╤Й╨╡╨╜ ╨╕╨╖-╨╖╨░ ╨╜╨╡╨▓╤Л╨┐╨╛╨╗╨╜╨╡╨╜╨╜╨╛╨│╨╛ ╤Г╤Б╨╗╨╛╨▓╨╕╤П; ╨▓╤Л╤А╨░╨╢╨╡╨╜╨╕╨╡ ('@(MissingWorkloadPack)' != '' And '$(DesignTimeBuild)' != 'true') ╤А╨░╨▓╨╜╨╛ ('' != '' And '' != 'true').
   1:7>╨ж╨╡╨╗╨╡╨▓╨╛╨╣ ╨╛╨▒╤К╨╡╨║╤В "_CheckForUnsupportedNETCoreVersion" ╨▓ ╤Д╨░╨╣╨╗╨╡ "C:\Program Files\dotnet\sdk\9.0.200\Sdks\Microsoft.NET.Sdk\targets\Microsoft.NET.TargetFrameworkInference.targets" ╨╕╨╖ ╨┐╤А╨╛╨╡╨║╤В╨░ "C:\Users\user\OneDrive\╨а╨░╨▒╨╛╤З╨╕╨╣ ╤Б╤В╨╛╨╗\regi\WebApplication15\WebApplication15.csproj" (╤Ж╨╡╨╗╨╡╨▓╨╛╨╣ ╨╛╨▒╤К╨╡╨║╤В "_CheckForInvalidConfigurationAndPlatform" ╨╖╨░╨▓╨╕╤Б╨╕╤В ╨╛╤В ╨╜╨╡╨│╨╛):
       ╨Ч╨░╨┤╨░╤З╨░ "NETSdkError" ╨┐╤А╨╛╨┐╤Г╤Й╨╡╨╜╨░ ╨╕╨╖-╨╖╨░ ╨╜╨╡╨▓╤Л╨┐╨╛╨╗╨╜╨╡╨╜╨╜╨╛╨│╨╛ ╤Г╤Б╨╗╨╛╨▓╨╕╤П; ╨▓╤Л╤А╨░╨╢╨╡╨╜╨╕╨╡ ('$(_TargetFrameworkVersionWithoutV)' > '$(NETCoreAppMaximumVersion)' and '$(DisplayVSMessage)' != 'true') ╤А╨░╨▓╨╜╨╛ ('9.0' > '9.0' and '' != 'true').
       ╨Ч╨░╨┤╨░╤З╨░ "NETSdkError" ╨┐╤А╨╛╨┐╤Г╤Й╨╡╨╜╨░ ╨╕╨╖-╨╖╨░ ╨╜╨╡╨▓╤Л╨┐╨╛╨╗╨╜╨╡╨╜╨╜╨╛╨│╨╛ ╤Г╤Б╨╗╨╛╨▓╨╕╤П; ╨▓╤Л╤А╨░╨╢╨╡╨╜╨╕╨╡ ('$(DisplayVSMessage)' == 'true') ╤А╨░╨▓╨╜╨╛ ('' == 'true').
   1:7>╨б╨▒╨╛╤А╨║╨░ ╤Ж╨╡╨╗╨╡╨▓╨╛╨│╨╛ ╨╛╨▒╤К╨╡╨║╤В╨░ "_CheckForUnsupportedNETCoreVersion" ╨▓ ╨┐╤А╨╛╨╡╨║╤В╨╡ "WebApplication15.csproj" ╨╖╨░╨▓╨╡╤А╤И╨╡╨╜╨░.
       ╨ж╨╡╨╗╨╡╨▓╨╛╨╣ ╨╛╨▒╤К╨╡╨║╤В "_CheckForEolTargetFrameworks" ╨┐╤А╨╛╨┐╤Г╤Й╨╡╨╜ ╨╕╨╖-╨╖╨░ ╨╜╨╡╨▓╤Л╨┐╨╛╨╗╨╜╨╡╨╜╨╜╨╛╨│╨╛ ╤Г╤Б╨╗╨╛╨▓╨╕╤П; ╨▓╤Л╤А╨░╨╢╨╡╨╜╨╕╨╡ ('@(_EolNetCoreTargetFrameworkVersions->AnyHaveMetadataValue('Identity', '$(_TargetFrameworkVersionWithoutV)'))' and '$(TargetFrameworkIdentifier)' == '.NETCoreApp' and '$(CheckEolTargetFramework)' == 'true') ╤А╨░╨▓╨╜╨╛ ('false' and '.NETCoreApp' == '.NETCoreApp' and 'true' == 'true').
       ╨ж╨╡╨╗╨╡╨▓╨╛╨╣ ╨╛╨▒╤К╨╡╨║╤В "_CheckForEolWorkloads" ╨┐╤А╨╛╨┐╤Г╤Й╨╡╨╜ ╨╕╨╖-╨╖╨░ ╨╜╨╡╨▓╤Л╨┐╨╛╨╗╨╜╨╡╨╜╨╜╨╛╨│╨╛ ╤Г╤Б╨╗╨╛╨▓╨╕╤П; ╨▓╤Л╤А╨░╨╢╨╡╨╜╨╕╨╡ ('@(EolWorkload)' != '' and '$(CheckEolWorkloads)' == 'true') ╤А╨░╨▓╨╜╨╛ ('' != '' and 'true' == 'true').
       ╨ж╨╡╨╗╨╡╨▓╨╛╨╣ ╨╛╨▒╤К╨╡╨║╤В "_CheckForNotRecommendedNETStandardVersion" ╨┐╤А╨╛╨┐╤Г╤Й╨╡╨╜ ╨╕╨╖-╨╖╨░ ╨╜╨╡╨▓╤Л╨┐╨╛╨╗╨╜╨╡╨╜╨╜╨╛╨│╨╛ ╤Г╤Б╨╗╨╛╨▓╨╕╤П; ╨▓╤Л╤А╨░╨╢╨╡╨╜╨╕╨╡ ('$(TargetFrameworkIdentifier)' == '.NETStandard' and $([MSBuild]::VersionLessThan($(TargetFrameworkVersion), '2.0'))) ╤А╨░╨▓╨╜╨╛ ('.NETCoreApp' == '.NETStandard' and False).
   1:7>╨ж╨╡╨╗╨╡╨▓╨╛╨╣ ╨╛╨▒╤К╨╡╨║╤В "_CheckForUnsupportedCppNETCoreVersion" ╨▓ ╤Д╨░╨╣╨╗╨╡ "C:\Program Files\dotnet\sdk\9.0.200\Sdks\Microsoft.NET.Sdk\targets\Microsoft.NET.TargetFrameworkInference.targets" ╨╕╨╖ ╨┐╤А╨╛╨╡╨║╤В╨░ "C:\Users\user\OneDrive\╨а╨░╨▒╨╛╤З╨╕╨╣ ╤Б╤В╨╛╨╗\regi\WebApplication15\WebApplication15.csproj" (╤Ж╨╡╨╗╨╡╨▓╨╛╨╣ ╨╛╨▒╤К╨╡╨║╤В "_CheckForInvalidConfigurationAndPlatform" ╨╖╨░╨▓╨╕╤Б╨╕╤В ╨╛╤В ╨╜╨╡╨│╨╛):
       ╨Ч╨░╨┤╨░╤З╨░ "NETSdkError" ╨┐╤А╨╛╨┐╤Г╤Й╨╡╨╜╨░ ╨╕╨╖-╨╖╨░ ╨╜╨╡╨▓╤Л╨┐╨╛╨╗╨╜╨╡╨╜╨╜╨╛╨│╨╛ ╤Г╤Б╨╗╨╛╨▓╨╕╤П; ╨▓╤Л╤А╨░╨╢╨╡╨╜╨╕╨╡ ('$(TargetFrameworkIdentifier)' == '.NETCoreApp' and '$(_TargetFrameworkVersionWithoutV)' < '3.1' and ('$(Language)' == 'C++' and '$(_EnablePackageReferencesInVCProjects)' != 'true')) ╤А╨░╨▓╨╜╨╛ ('.NETCoreApp' == '.NETCoreApp' and '9.0' < '3.1' and ('C#' == 'C++' and '' != 'true')).
   1:7>╨б╨▒╨╛╤А╨║╨░ ╤Ж╨╡╨╗╨╡╨▓╨╛╨│╨╛ ╨╛╨▒╤К╨╡╨║╤В╨░ "_CheckForUnsupportedCppNETCoreVersion" ╨▓ ╨┐╤А╨╛╨╡╨║╤В╨╡ "WebApplication15.csproj" ╨╖╨░╨▓╨╡╤А╤И╨╡╨╜╨░.
       ╨ж╨╡╨╗╨╡╨▓╨╛╨╣ ╨╛╨▒╤К╨╡╨║╤В "_CheckForUnsupportedNETStandardVersion" ╨┐╤А╨╛╨┐╤Г╤Й╨╡╨╜ ╨╕╨╖-╨╖╨░ ╨╜╨╡╨▓╤Л╨┐╨╛╨╗╨╜╨╡╨╜╨╜╨╛╨│╨╛ ╤Г╤Б╨╗╨╛╨▓╨╕╤П; ╨▓╤Л╤А╨░╨╢╨╡╨╜╨╕╨╡ ('$(TargetFrameworkIdentifier)' == '.NETStandard' And '$(NETStandardMaximumVersion)' != '') ╤А╨░╨▓╨╜╨╛ ('.NETCoreApp' == '.NETStandard' And '' != '').
       ╨ж╨╡╨╗╨╡╨▓╨╛╨╣ ╨╛╨▒╤К╨╡╨║╤В "_CheckForUnsupportedTargetFrameworkAndFeatureCombination" ╨┐╤А╨╛╨┐╤Г╤Й╨╡╨╜ ╨╕╨╖-╨╖╨░ ╨╜╨╡╨▓╤Л╨┐╨╛╨╗╨╜╨╡╨╜╨╜╨╛╨│╨╛ ╤Г╤Б╨╗╨╛╨▓╨╕╤П; ╨▓╤Л╤А╨░╨╢╨╡╨╜╨╕╨╡ ('$(TargetFrameworkIdentifier)' == '.NETFramework') ╤А╨░╨▓╨╜╨╛ ('.NETCoreApp' == '.NETFramework').
       ╨ж╨╡╨╗╨╡╨▓╨╛╨╣ ╨╛╨▒╤К╨╡╨║╤В "_CheckForSupportedOSPlatformVersionHigherThanTargetPlatformVersion" ╨┐╤А╨╛╨┐╤Г╤Й╨╡╨╜ ╨╕╨╖-╨╖╨░ ╨╜╨╡╨▓╤Л╨┐╨╛╨╗╨╜╨╡╨╜╨╜╨╛╨│╨╛ ╤Г╤Б╨╗╨╛╨▓╨╕╤П; ╨▓╤Л╤А╨░╨╢╨╡╨╜╨╕╨╡ ('$(TargetPlatformVersion)' != '' and '$(TargetFrameworkIdentifier)' == '.NETCoreApp' and $([MSBuild]::VersionGreaterThanOrEquals($(TargetFrameworkVersion), 5.0))) ╤А╨░╨▓╨╜╨╛ ('' != '' and '.NETCoreApp' == '.NETCoreApp' and True).
       ╨ж╨╡╨╗╨╡╨▓╨╛╨╣ ╨╛╨▒╤К╨╡╨║╤В "_CheckForInvalidTargetPlatformVersion" ╨┐╤А╨╛╨┐╤Г╤Й╨╡╨╜ ╨╕╨╖-╨╖╨░ ╨╜╨╡╨▓╤Л╨┐╨╛╨╗╨╜╨╡╨╜╨╜╨╛╨│╨╛ ╤Г╤Б╨╗╨╛╨▓╨╕╤П; ╨▓╤Л╤А╨░╨╢╨╡╨╜╨╕╨╡ ('$(TargetPlatformVersion)' != '' and '$(TargetFrameworkIdentifier)' == '.NETCoreApp' and $([MSBuild]::VersionGreaterThanOrEquals($(TargetFrameworkVersion), 5.0)) and ('$(Language)' != 'C++' or '$(_EnablePackageReferencesInVCProjects)' == 'true')) ╤А╨░╨▓╨╜╨╛ ('' != '' and '.NETCoreApp' == '.NETCoreApp' and True and ('C#' != 'C++' or '' == 'true')).
   1:7>╨ж╨╡╨╗╨╡╨▓╨╛╨╣ ╨╛╨▒╤К╨╡╨║╤В "_CheckForUnsupportedArtifactsPath" ╨▓ ╤Д╨░╨╣╨╗╨╡ "C:\Program Files\dotnet\sdk\9.0.200\Sdks\Microsoft.NET.Sdk\targets\Microsoft.NET.DefaultOutputPaths.targets" ╨╕╨╖ ╨┐╤А╨╛╨╡╨║╤В╨░ "C:\Users\user\OneDrive\╨а╨░╨▒╨╛╤З╨╕╨╣ ╤Б╤В╨╛╨╗\regi\WebApplication15\WebApplication15.csproj" (╤Ж╨╡╨╗╨╡╨▓╨╛╨╣ ╨╛╨▒╤К╨╡╨║╤В "_CheckForInvalidConfigurationAndPlatform" ╨╖╨░╨▓╨╕╤Б╨╕╤В ╨╛╤В ╨╜╨╡╨│╨╛):
       ╨Ч╨░╨┤╨░╤З╨░ "NetSdkError" ╨┐╤А╨╛╨┐╤Г╤Й╨╡╨╜╨░ ╨╕╨╖-╨╖╨░ ╨╜╨╡╨▓╤Л╨┐╨╛╨╗╨╜╨╡╨╜╨╜╨╛╨│╨╛ ╤Г╤Б╨╗╨╛╨▓╨╕╤П; ╨▓╤Л╤А╨░╨╢╨╡╨╜╨╕╨╡ ('$(UseArtifactsOutput)' == 'true' and '$(_ArtifactsPathSetEarly)' != 'true') ╤А╨░╨▓╨╜╨╛ ('' == 'true' and '' != 'true').
       ╨Ч╨░╨┤╨░╤З╨░ "NetSdkError" ╨┐╤А╨╛╨┐╤Г╤Й╨╡╨╜╨░ ╨╕╨╖-╨╖╨░ ╨╜╨╡╨▓╤Л╨┐╨╛╨╗╨╜╨╡╨╜╨╜╨╛╨│╨╛ ╤Г╤Б╨╗╨╛╨▓╨╕╤П; ╨▓╤Л╤А╨░╨╢╨╡╨╜╨╕╨╡ ('$(_ArtifactsPathLocationType)' == 'ProjectFolder') ╤А╨░╨▓╨╜╨╛ ('' == 'ProjectFolder').
   1:7>╨б╨▒╨╛╤А╨║╨░ ╤Ж╨╡╨╗╨╡╨▓╨╛╨│╨╛ ╨╛╨▒╤К╨╡╨║╤В╨░ "_CheckForUnsupportedArtifactsPath" ╨▓ ╨┐╤А╨╛╨╡╨║╤В╨╡ "WebApplication15.csproj" ╨╖╨░╨▓╨╡╤А╤И╨╡╨╜╨░.
       ╨ж╨╡╨╗╨╡╨▓╨╛╨╣ ╨╛╨▒╤К╨╡╨║╤В "_CheckForMissingWorkload" ╨┐╤А╨╛╨┐╤Г╤Й╨╡╨╜ ╨╕╨╖-╨╖╨░ ╨╜╨╡╨▓╤Л╨┐╨╛╨╗╨╜╨╡╨╜╨╜╨╛╨│╨╛ ╤Г╤Б╨╗╨╛╨▓╨╕╤П; ╨▓╤Л╤А╨░╨╢╨╡╨╜╨╕╨╡ ('@(MissingWorkloadPack)' != '' And '$(DesignTimeBuild)' != 'true') ╤А╨░╨▓╨╜╨╛ ('' != '' And '' != 'true').
   1:7>╨ж╨╡╨╗╨╡╨▓╨╛╨╣ ╨╛╨▒╤К╨╡╨║╤В "_CheckForUnsupportedAppHostUsage" ╨▓ ╤Д╨░╨╣╨╗╨╡ "C:\Program Files\dotnet\sdk\9.0.200\Sdks\Microsoft.NET.Sdk\targets\Microsoft.NET.RuntimeIdentifierInference.targets" ╨╕╨╖ ╨┐╤А╨╛╨╡╨║╤В╨░ "C:\Users\user\OneDrive\╨а╨░╨▒╨╛╤З╨╕╨╣ ╤Б╤В╨╛╨╗\regi\WebApplication15\WebApplication15.csproj" (╤Ж╨╡╨╗╨╡╨▓╨╛╨╣ ╨╛╨▒╤К╨╡╨║╤В "_CheckForInvalidConfigurationAndPlatform" ╨╖╨░╨▓╨╕╤Б╨╕╤В ╨╛╤В ╨╜╨╡╨│╨╛):
       ╨Ч╨░╨┤╨░╤З╨░ "NETSdkError" ╨┐╤А╨╛╨┐╤Г╤Й╨╡╨╜╨░ ╨╕╨╖-╨╖╨░ ╨╜╨╡╨▓╤Л╨┐╨╛╨╗╨╜╨╡╨╜╨╜╨╛╨│╨╛ ╤Г╤Б╨╗╨╛╨▓╨╕╤П; ╨▓╤Л╤А╨░╨╢╨╡╨╜╨╕╨╡ ('$(SelfContained)' == 'true' and '$(RuntimeIdentifier)' == '' and '$(AllowSelfContainedWithoutRuntimeIdentifier)' != 'true') ╤А╨░╨▓╨╜╨╛ ('false' == 'true' and '' == '' and '' != 'true').
       ╨Ч╨░╨┤╨░╤З╨░ "NETSdkError" ╨┐╤А╨╛╨┐╤Г╤Й╨╡╨╜╨░ ╨╕╨╖-╨╖╨░ ╨╜╨╡╨▓╤Л╨┐╨╛╨╗╨╜╨╡╨╜╨╜╨╛╨│╨╛ ╤Г╤Б╨╗╨╛╨▓╨╕╤П; ╨▓╤Л╤А╨░╨╢╨╡╨╜╨╕╨╡ ('$(PublishReadyToRun)' == 'true' and '$(RuntimeIdentifier)' == '' and '$(_IsPublishing)' == 'true') ╤А╨░╨▓╨╜╨╛ ('' == 'true' and '' == '' and '' == 'true').
       ╨Ч╨░╨┤╨░╤З╨░ "NETSdkError" ╨┐╤А╨╛╨┐╤Г╤Й╨╡╨╜╨░ ╨╕╨╖-╨╖╨░ ╨╜╨╡╨▓╤Л╨┐╨╛╨╗╨╜╨╡╨╜╨╜╨╛╨│╨╛ ╤Г╤Б╨╗╨╛╨▓╨╕╤П; ╨▓╤Л╤А╨░╨╢╨╡╨╜╨╕╨╡ ('$(PublishSingleFile)' == 'true' and '$(RuntimeIdentifier)' == '' and '$(_IsPublishing)' == 'true') ╤А╨░╨▓╨╜╨╛ ('' == 'true' and '' == '' and '' == 'true').
       ╨Ч╨░╨┤╨░╤З╨░ "NETSdkError" ╨┐╤А╨╛╨┐╤Г╤Й╨╡╨╜╨░ ╨╕╨╖-╨╖╨░ ╨╜╨╡╨▓╤Л╨┐╨╛╨╗╨╜╨╡╨╜╨╜╨╛╨│╨╛ ╤Г╤Б╨╗╨╛╨▓╨╕╤П; ╨▓╤Л╤А╨░╨╢╨╡╨╜╨╕╨╡ ('$(PublishAot)' == 'true' and '$(RuntimeIdentifier)' == '' and '$(_IsPublishing)' == 'true' and '$(AllowPublishAotWithoutRuntimeIdentifier)' != 'true') ╤А╨░╨▓╨╜╨╛ ('' == 'true' and '' == '' and '' == 'true' and '' != 'true').
       ╨Ч╨░╨┤╨░╤З╨░ "NETSdkError" ╨┐╤А╨╛╨┐╤Г╤Й╨╡╨╜╨░ ╨╕╨╖-╨╖╨░ ╨╜╨╡╨▓╤Л╨┐╨╛╨╗╨╜╨╡╨╜╨╜╨╛╨│╨╛ ╤Г╤Б╨╗╨╛╨▓╨╕╤П; ╨▓╤Л╤А╨░╨╢╨╡╨╜╨╕╨╡ ('$(PublishSelfContained)' != 'true' and '$(PublishSelfContained)' != 'false' and '$(PublishSelfContained)' != '') ╤А╨░╨▓╨╜╨╛ ('' != 'true' and '' != 'false' and '' != '').
       ╨Ч╨░╨┤╨░╤З╨░ "NETSdkError" ╨┐╤А╨╛╨┐╤Г╤Й╨╡╨╜╨░ ╨╕╨╖-╨╖╨░ ╨╜╨╡╨▓╤Л╨┐╨╛╨╗╨╜╨╡╨╜╨╜╨╛╨│╨╛ ╤Г╤Б╨╗╨╛╨▓╨╕╤П; ╨▓╤Л╤А╨░╨╢╨╡╨╜╨╕╨╡ ('$(SelfContained)' == 'true' and '$(UseAppHost)' != 'true' and '$(_RuntimeIdentifierUsesAppHost)' == 'true') ╤А╨░╨▓╨╜╨╛ ('false' == 'true' and 'true' != 'true' and 'true' == 'true').
       ╨Ч╨░╨┤╨░╤З╨░ "NETSdkError" ╨┐╤А╨╛╨┐╤Г╤Й╨╡╨╜╨░ ╨╕╨╖-╨╖╨░ ╨╜╨╡╨▓╤Л╨┐╨╛╨╗╨╜╨╡╨╜╨╜╨╛╨│╨╛ ╤Г╤Б╨╗╨╛╨▓╨╕╤П; ╨▓╤Л╤А╨░╨╢╨╡╨╜╨╕╨╡ ('$(SelfContained)' != 'true' and '$(UseAppHost)' == 'true' and '$(_TargetFrameworkVersionWithoutV)' < '2.1') ╤А╨░╨▓╨╜╨╛ ('false' != 'true' and 'true' == 'true' and '9.0' < '2.1').
       ╨Ч╨░╨┤╨░╤З╨░ "NETSdkError" ╨┐╤А╨╛╨┐╤Г╤Й╨╡╨╜╨░ ╨╕╨╖-╨╖╨░ ╨╜╨╡╨▓╤Л╨┐╨╛╨╗╨╜╨╡╨╜╨╜╨╛╨│╨╛ ╤Г╤Б╨╗╨╛╨▓╨╕╤П; ╨▓╤Л╤А╨░╨╢╨╡╨╜╨╕╨╡ ('$(PublishSingleFile)' == 'true' and '$(_TargetFrameworkVersionWithoutV)' < '3.0') ╤А╨░╨▓╨╜╨╛ ('' == 'true' and '9.0' < '3.0').
       ╨Ч╨░╨┤╨░╤З╨░ "NETSdkWarning" ╨┐╤А╨╛╨┐╤Г╤Й╨╡╨╜╨░ ╨╕╨╖-╨╖╨░ ╨╜╨╡╨▓╤Л╨┐╨╛╨╗╨╜╨╡╨╜╨╜╨╛╨│╨╛ ╤Г╤Б╨╗╨╛╨▓╨╕╤П; ╨▓╤Л╤А╨░╨╢╨╡╨╜╨╕╨╡ ('$(PublishReadyToRun)' == 'true' and '$(_TargetFrameworkVersionWithoutV)' < '3.0') ╤А╨░╨▓╨╜╨╛ ('' == 'true' and '9.0' < '3.0').
       ╨Ч╨░╨┤╨░╤З╨░ "NETSdkWarning" ╨┐╤А╨╛╨┐╤Г╤Й╨╡╨╜╨░ ╨╕╨╖-╨╖╨░ ╨╜╨╡╨▓╤Л╨┐╨╛╨╗╨╜╨╡╨╜╨╜╨╛╨│╨╛ ╤Г╤Б╨╗╨╛╨▓╨╕╤П; ╨▓╤Л╤А╨░╨╢╨╡╨╜╨╕╨╡ ('$(RuntimeIdentifier)' != '' and '$(_TargetFrameworkVersionWithoutV)' != '' and $([MSBuild]::VersionLessThan($(_TargetFrameworkVersionWithoutV), '8.0')) and '$(_SelfContainedWasSpecified)' != 'true') ╤А╨░╨▓╨╜╨╛ ('' != '' and '9.0' != '' and False and '' != 'true').
       ╨Ч╨░╨┤╨░╤З╨░ "NetSdkError" ╨┐╤А╨╛╨┐╤Г╤Й╨╡╨╜╨░ ╨╕╨╖-╨╖╨░ ╨╜╨╡╨▓╤Л╨┐╨╛╨╗╨╜╨╡╨╜╨╜╨╛╨│╨╛ ╤Г╤Б╨╗╨╛╨▓╨╕╤П; ╨▓╤Л╤А╨░╨╢╨╡╨╜╨╕╨╡ (('$(UseWindowsForms)' == 'true') and ('$(PublishTrimmed)' == 'true') and ('$(_SuppressWinFormsTrimError)' != 'true')) ╤А╨░╨▓╨╜╨╛ (('' == 'true') and ('' == 'true') and ('' != 'true')).
       ╨Ч╨░╨┤╨░╤З╨░ "NetSdkError" ╨┐╤А╨╛╨┐╤Г╤Й╨╡╨╜╨░ ╨╕╨╖-╨╖╨░ ╨╜╨╡╨▓╤Л╨┐╨╛╨╗╨╜╨╡╨╜╨╜╨╛╨│╨╛ ╤Г╤Б╨╗╨╛╨▓╨╕╤П; ╨▓╤Л╤А╨░╨╢╨╡╨╜╨╕╨╡ (('$(UseWpf)' == 'true') and ('$(PublishTrimmed)' == 'true') and ('$(_SuppressWpfTrimError)' != 'true')) ╤А╨░╨▓╨╜╨╛ (('' == 'true') and ('' == 'true') and ('' != 'true')).
   1:7>╨б╨▒╨╛╤А╨║╨░ ╤Ж╨╡╨╗╨╡╨▓╨╛╨│╨╛ ╨╛╨▒╤К╨╡╨║╤В╨░ "_CheckForUnsupportedAppHostUsage" ╨▓ ╨┐╤А╨╛╨╡╨║╤В╨╡ "WebApplication15.csproj" ╨╖╨░╨▓╨╡╤А╤И╨╡╨╜╨░.
   1:7>╨ж╨╡╨╗╨╡╨▓╨╛╨╣ ╨╛╨▒╤К╨╡╨║╤В "_CheckForUnsupportedHostingUsage" ╨▓ ╤Д╨░╨╣╨╗╨╡ "C:\Program Files\dotnet\sdk\9.0.200\Sdks\Microsoft.NET.Sdk\targets\Microsoft.NET.RuntimeIdentifierInference.targets" ╨╕╨╖ ╨┐╤А╨╛╨╡╨║╤В╨░ "C:\Users\user\OneDrive\╨а╨░╨▒╨╛╤З╨╕╨╣ ╤Б╤В╨╛╨╗\regi\WebApplication15\WebApplication15.csproj" (╤Ж╨╡╨╗╨╡╨▓╨╛╨╣ ╨╛╨▒╤К╨╡╨║╤В "_CheckForInvalidConfigurationAndPlatform" ╨╖╨░╨▓╨╕╤Б╨╕╤В ╨╛╤В ╨╜╨╡╨│╨╛):
       ╨Ч╨░╨┤╨░╤З╨░ "NETSdkWarning" ╨┐╤А╨╛╨┐╤Г╤Й╨╡╨╜╨░ ╨╕╨╖-╨╖╨░ ╨╜╨╡╨▓╤Л╨┐╨╛╨╗╨╜╨╡╨╜╨╜╨╛╨│╨╛ ╤Г╤Б╨╗╨╛╨▓╨╕╤П; ╨▓╤Л╤А╨░╨╢╨╡╨╜╨╕╨╡ ('$(SelfContained)' == 'true' and '$(EnableComHosting)' == 'true') ╤А╨░╨▓╨╜╨╛ ('false' == 'true' and '' == 'true').
   1:7>╨б╨▒╨╛╤А╨║╨░ ╤Ж╨╡╨╗╨╡╨▓╨╛╨│╨╛ ╨╛╨▒╤К╨╡╨║╤В╨░ "_CheckForUnsupportedHostingUsage" ╨▓ ╨┐╤А╨╛╨╡╨║╤В╨╡ "WebApplication15.csproj" ╨╖╨░╨▓╨╡╤А╤И╨╡╨╜╨░.
   1:7>╨ж╨╡╨╗╨╡╨▓╨╛╨╣ ╨╛╨▒╤К╨╡╨║╤В "_CheckAndUnsetUnsupportedPrefer32Bit" ╨▓ ╤Д╨░╨╣╨╗╨╡ "C:\Program Files\dotnet\sdk\9.0.200\Sdks\Microsoft.NET.Sdk\targets\Microsoft.NET.RuntimeIdentifierInference.targets" ╨╕╨╖ ╨┐╤А╨╛╨╡╨║╤В╨░ "C:\Users\user\OneDrive\╨а╨░╨▒╨╛╤З╨╕╨╣ ╤Б╤В╨╛╨╗\regi\WebApplication15\WebApplication15.csproj" (╤Ж╨╡╨╗╨╡╨▓╨╛╨╣ ╨╛╨▒╤К╨╡╨║╤В "_CheckForInvalidConfigurationAndPlatform" ╨╖╨░╨▓╨╕╤Б╨╕╤В ╨╛╤В ╨╜╨╡╨│╨╛):
       ╨Ч╨░╨┤╨░╤З╨░ "NETSdkWarning" ╨┐╤А╨╛╨┐╤Г╤Й╨╡╨╜╨░ ╨╕╨╖-╨╖╨░ ╨╜╨╡╨▓╤Л╨┐╨╛╨╗╨╜╨╡╨╜╨╜╨╛╨│╨╛ ╤Г╤Б╨╗╨╛╨▓╨╕╤П; ╨▓╤Л╤А╨░╨╢╨╡╨╜╨╕╨╡ ('$(Prefer32Bit)' == 'true') ╤А╨░╨▓╨╜╨╛ ('false' == 'true').
   1:7>╨б╨▒╨╛╤А╨║╨░ ╤Ж╨╡╨╗╨╡╨▓╨╛╨│╨╛ ╨╛╨▒╤К╨╡╨║╤В╨░ "_CheckAndUnsetUnsupportedPrefer32Bit" ╨▓ ╨┐╤А╨╛╨╡╨║╤В╨╡ "WebApplication15.csproj" ╨╖╨░╨▓╨╡╤А╤И╨╡╨╜╨░.
       ╨ж╨╡╨╗╨╡╨▓╨╛╨╣ ╨╛╨▒╤К╨╡╨║╤В "_CheckAndUnsetUnsupportedPreferNativeArm64" ╨┐╤А╨╛╨┐╤Г╤Й╨╡╨╜ ╨╕╨╖-╨╖╨░ ╨╜╨╡╨▓╤Л╨┐╨╛╨╗╨╜╨╡╨╜╨╜╨╛╨│╨╛ ╤Г╤Б╨╗╨╛╨▓╨╕╤П; ╨▓╤Л╤А╨░╨╢╨╡╨╜╨╕╨╡ ('$(TargetFrameworkIdentifier)' == '.NETCoreApp' and '$(PreferNativeArm64)' == 'true') ╤А╨░╨▓╨╜╨╛ ('.NETCoreApp' == '.NETCoreApp' and 'false' == 'true').
       ╨ж╨╡╨╗╨╡╨▓╨╛╨╣ ╨╛╨▒╤К╨╡╨║╤В "_CheckForMismatchingPlatform" ╨┐╤А╨╛╨┐╤Г╤Й╨╡╨╜ ╨╕╨╖-╨╖╨░ ╨╜╨╡╨▓╤Л╨┐╨╛╨╗╨╜╨╡╨╜╨╜╨╛╨│╨╛ ╤Г╤Б╨╗╨╛╨▓╨╕╤П; ╨▓╤Л╤А╨░╨╢╨╡╨╜╨╕╨╡ ('$(RuntimeIdentifier)' != '' and '$(PlatformTarget)' != '') ╤А╨░╨▓╨╜╨╛ ('' != '' and '' != '').
   1:7>╨ж╨╡╨╗╨╡╨▓╨╛╨╣ ╨╛╨▒╤К╨╡╨║╤В "_CheckForLanguageAndFeatureCombinationSupport" ╨▓ ╤Д╨░╨╣╨╗╨╡ "C:\Program Files\dotnet\sdk\9.0.200\Sdks\Microsoft.NET.Sdk\targets\Microsoft.NET.RuntimeIdentifierInference.targets" ╨╕╨╖ ╨┐╤А╨╛╨╡╨║╤В╨░ "C:\Users\user\OneDrive\╨а╨░╨▒╨╛╤З╨╕╨╣ ╤Б╤В╨╛╨╗\regi\WebApplication15\WebApplication15.csproj" (╤Ж╨╡╨╗╨╡╨▓╨╛╨╣ ╨╛╨▒╤К╨╡╨║╤В "_CheckForInvalidConfigurationAndPlatform" ╨╖╨░╨▓╨╕╤Б╨╕╤В ╨╛╤В ╨╜╨╡╨│╨╛):
       ╨Ч╨░╨┤╨░╤З╨░ "NETSdkError" ╨┐╤А╨╛╨┐╤Г╤Й╨╡╨╜╨░ ╨╕╨╖-╨╖╨░ ╨╜╨╡╨▓╤Л╨┐╨╛╨╗╨╜╨╡╨╜╨╜╨╛╨│╨╛ ╤Г╤Б╨╗╨╛╨▓╨╕╤П; ╨▓╤Л╤А╨░╨╢╨╡╨╜╨╕╨╡ (('$(Language)' == 'C++' and '$(_EnablePackageReferencesInVCProjects)' != 'true') and $(OutputType) != 'library' and '$(TargetFrameworkIdentifier)' == '.NETCoreApp') ╤А╨░╨▓╨╜╨╛ (('C#' == 'C++' and '' != 'true') and Exe != 'library' and '.NETCoreApp' == '.NETCoreApp').
       ╨Ч╨░╨┤╨░╤З╨░ "NETSdkError" ╨┐╤А╨╛╨┐╤Г╤Й╨╡╨╜╨░ ╨╕╨╖-╨╖╨░ ╨╜╨╡╨▓╤Л╨┐╨╛╨╗╨╜╨╡╨╜╨╜╨╛╨│╨╛ ╤Г╤Б╨╗╨╛╨▓╨╕╤П; ╨▓╤Л╤А╨░╨╢╨╡╨╜╨╕╨╡ (('$(Language)' == 'C++' and '$(_EnablePackageReferencesInVCProjects)' != 'true') and $(EnableComHosting) == 'true') ╤А╨░╨▓╨╜╨╛ (('C#' == 'C++' and '' != 'true') and  == 'true').
       ╨Ч╨░╨┤╨░╤З╨░ "NETSdkError" ╨┐╤А╨╛╨┐╤Г╤Й╨╡╨╜╨░ ╨╕╨╖-╨╖╨░ ╨╜╨╡╨▓╤Л╨┐╨╛╨╗╨╜╨╡╨╜╨╜╨╛╨│╨╛ ╤Г╤Б╨╗╨╛╨▓╨╕╤П; ╨▓╤Л╤А╨░╨╢╨╡╨╜╨╕╨╡ (('$(Language)' == 'C++' and '$(_EnablePackageReferencesInVCProjects)' != 'true') and $(SelfContained) == 'true') ╤А╨░╨▓╨╜╨╛ (('C#' == 'C++' and '' != 'true') and false == 'true').
   1:7>╨б╨▒╨╛╤А╨║╨░ ╤Ж╨╡╨╗╨╡╨▓╨╛╨│╨╛ ╨╛╨▒╤К╨╡╨║╤В╨░ "_CheckForLanguageAndFeatureCombinationSupport" ╨▓ ╨┐╤А╨╛╨╡╨║╤В╨╡ "WebApplication15.csproj" ╨╖╨░╨▓╨╡╤А╤И╨╡╨╜╨░.
       ╨ж╨╡╨╗╨╡╨▓╨╛╨╣ ╨╛╨▒╤К╨╡╨║╤В "_CheckForNETCoreSdkIsPreview" ╨┐╤А╨╛╨┐╤Г╤Й╨╡╨╜ ╨╕╨╖-╨╖╨░ ╨╜╨╡╨▓╤Л╨┐╨╛╨╗╨╜╨╡╨╜╨╜╨╛╨│╨╛ ╤Г╤Б╨╗╨╛╨▓╨╕╤П; ╨▓╤Л╤А╨░╨╢╨╡╨╜╨╕╨╡ ( '$(_NETCoreSdkIsPreview)' == 'true' AND '$(SuppressNETCoreSdkPreviewMessage)' != 'true' ) ╤А╨░╨▓╨╜╨╛ ( 'false' == 'true' AND '' != 'true' ).
   1:7>╨ж╨╡╨╗╨╡╨▓╨╛╨╣ ╨╛╨▒╤К╨╡╨║╤В "_GetProjectJsonPath" ╨▓ ╤Д╨░╨╣╨╗╨╡ "C:\Program Files\dotnet\sdk\9.0.200\NuGet.targets" ╨╕╨╖ ╨┐╤А╨╛╨╡╨║╤В╨░ "C:\Users\user\OneDrive\╨а╨░╨▒╨╛╤З╨╕╨╣ ╤Б╤В╨╛╨╗\regi\WebApplication15\WebApplication15.csproj" (╤Ж╨╡╨╗╨╡╨▓╨╛╨╣ ╨╛╨▒╤К╨╡╨║╤В "_GetRestoreProjectStyle" ╨╖╨░╨▓╨╕╤Б╨╕╤В ╨╛╤В ╨╜╨╡╨│╨╛):
       ╨Ч╨░╨┤╨░╤З╨░ "GetRestoreProjectJsonPathTask" ╨┐╤А╨╛╨┐╤Г╤Й╨╡╨╜╨░ ╨╕╨╖-╨╖╨░ ╨╜╨╡╨▓╤Л╨┐╨╛╨╗╨╜╨╡╨╜╨╜╨╛╨│╨╛ ╤Г╤Б╨╗╨╛╨▓╨╕╤П; ╨▓╤Л╤А╨░╨╢╨╡╨╜╨╕╨╡ ( '$(RestoreProjectStyle)' == 'ProjectJson' OR '$(RestoreProjectStyle)' == '' ) ╤А╨░╨▓╨╜╨╛ ( 'PackageReference' == 'ProjectJson' OR 'PackageReference' == '' ).
   1:7>╨б╨▒╨╛╤А╨║╨░ ╤Ж╨╡╨╗╨╡╨▓╨╛╨│╨╛ ╨╛╨▒╤К╨╡╨║╤В╨░ "_GetProjectJsonPath" ╨▓ ╨┐╤А╨╛╨╡╨║╤В╨╡ "WebApplication15.csproj" ╨╖╨░╨▓╨╡╤А╤И╨╡╨╜╨░.
       ╨ж╨╡╨╗╨╡╨▓╨╛╨╣ ╨╛╨▒╤К╨╡╨║╤В "_CheckForUnsupportedTargetPlatformIdentifier" ╨┐╤А╨╛╨┐╤Г╤Й╨╡╨╜ ╨╕╨╖-╨╖╨░ ╨╜╨╡╨▓╤Л╨┐╨╛╨╗╨╜╨╡╨╜╨╜╨╛╨│╨╛ ╤Г╤Б╨╗╨╛╨▓╨╕╤П; ╨▓╤Л╤А╨░╨╢╨╡╨╜╨╕╨╡ ('$(TargetPlatformIdentifier)' != '' and '$(TargetFrameworkIdentifier)' == '.NETCoreApp' and $([MSBuild]::VersionGreaterThanOrEquals($(TargetFrameworkVersion), 5.0)) And ('$(DesignTimeBuild)' != 'true' Or '@(MissingWorkloadPack)' == '')) ╤А╨░╨▓╨╜╨╛ ('' != '' and '.NETCoreApp' == '.NETCoreApp' and True And ('' != 'true' Or '' == '')).
       ╨ж╨╡╨╗╨╡╨▓╨╛╨╣ ╨╛╨▒╤К╨╡╨║╤В "_CheckForMissingWorkload" ╨┐╤А╨╛╨┐╤Г╤Й╨╡╨╜ ╨╕╨╖-╨╖╨░ ╨╜╨╡╨▓╤Л╨┐╨╛╨╗╨╜╨╡╨╜╨╜╨╛╨│╨╛ ╤Г╤Б╨╗╨╛╨▓╨╕╤П; ╨▓╤Л╤А╨░╨╢╨╡╨╜╨╕╨╡ ('@(MissingWorkloadPack)' != '' And '$(DesignTimeBuild)' != 'true') ╤А╨░╨▓╨╜╨╛ ('' != '' And '' != 'true').
       ╨ж╨╡╨╗╨╡╨▓╨╛╨╣ ╨╛╨▒╤К╨╡╨║╤В "_CheckForNotRecommendedNETStandardVersion" ╨┐╤А╨╛╨┐╤Г╤Й╨╡╨╜ ╨╕╨╖-╨╖╨░ ╨╜╨╡╨▓╤Л╨┐╨╛╨╗╨╜╨╡╨╜╨╜╨╛╨│╨╛ ╤Г╤Б╨╗╨╛╨▓╨╕╤П; ╨▓╤Л╤А╨░╨╢╨╡╨╜╨╕╨╡ ('$(TargetFrameworkIdentifier)' == '.NETStandard' and $([MSBuild]::VersionLessThan($(TargetFrameworkVersion), '2.0'))) ╤А╨░╨▓╨╜╨╛ ('.NETCoreApp' == '.NETStandard' and False).
       ╨ж╨╡╨╗╨╡╨▓╨╛╨╣ ╨╛╨▒╤К╨╡╨║╤В "_CheckForUnsupportedNETStandardVersion" ╨┐╤А╨╛╨┐╤Г╤Й╨╡╨╜ ╨╕╨╖-╨╖╨░ ╨╜╨╡╨▓╤Л╨┐╨╛╨╗╨╜╨╡╨╜╨╜╨╛╨│╨╛ ╤Г╤Б╨╗╨╛╨▓╨╕╤П; ╨▓╤Л╤А╨░╨╢╨╡╨╜╨╕╨╡ ('$(TargetFrameworkIdentifier)' == '.NETStandard' And '$(NETStandardMaximumVersion)' != '') ╤А╨░╨▓╨╜╨╛ ('.NETCoreApp' == '.NETStandard' And '' != '').
       ╨ж╨╡╨╗╨╡╨▓╨╛╨╣ ╨╛╨▒╤К╨╡╨║╤В "_CheckForUnsupportedTargetFrameworkAndFeatureCombination" ╨┐╤А╨╛╨┐╤Г╤Й╨╡╨╜ ╨╕╨╖-╨╖╨░ ╨╜╨╡╨▓╤Л╨┐╨╛╨╗╨╜╨╡╨╜╨╜╨╛╨│╨╛ ╤Г╤Б╨╗╨╛╨▓╨╕╤П; ╨▓╤Л╤А╨░╨╢╨╡╨╜╨╕╨╡ ('$(TargetFrameworkIdentifier)' == '.NETFramework') ╤А╨░╨▓╨╜╨╛ ('.NETCoreApp' == '.NETFramework').
   1:7>╨ж╨╡╨╗╨╡╨▓╨╛╨╣ ╨╛╨▒╤К╨╡╨║╤В "UpdateAspNetToFrameworkReference" ╨▓ ╤Д╨░╨╣╨╗╨╡ "C:\Program Files\dotnet\sdk\9.0.200\Sdks\Microsoft.NET.Sdk\targets\Microsoft.NET.Sdk.DefaultItems.Shared.targets" ╨╕╨╖ ╨┐╤А╨╛╨╡╨║╤В╨░ "C:\Users\user\OneDrive\╨а╨░╨▒╨╛╤З╨╕╨╣ ╤Б╤В╨╛╨╗\regi\WebApplication15\WebApplication15.csproj" (╤Ж╨╡╨╗╨╡╨▓╨╛╨╣ ╨╛╨▒╤К╨╡╨║╤В "ApplyImplicitVersions" ╨╖╨░╨▓╨╕╤Б╨╕╤В ╨╛╤В ╨╜╨╡╨│╨╛):
       ╨Ш╤Б╨┐╨╛╨╗╤М╨╖╤Г╨╡╤В╤Б╤П ╨╖╨░╨┤╨░╤З╨░ "CheckIfPackageReferenceShouldBeFrameworkReference" ╨╕╨╖ ╤Б╨▒╨╛╤А╨║╨╕ "C:\Program Files\dotnet\sdk\9.0.200\Sdks\Microsoft.NET.Sdk\targets\..\tools\net9.0\Microsoft.NET.Build.Tasks.dll".
       ╨Ч╨░╨┤╨░╤З╨░ "CheckIfPackageReferenceShouldBeFrameworkReference"
       ╨Т╤Л╨┐╨╛╨╗╨╜╨╡╨╜╨╕╨╡ ╨╖╨░╨┤╨░╤З╨╕ "CheckIfPackageReferenceShouldBeFrameworkReference" ╨╖╨░╨▓╨╡╤А╤И╨╡╨╜╨╛.
       ╨Ч╨░╨┤╨░╤З╨░ "NETSdkError" ╨┐╤А╨╛╨┐╤Г╤Й╨╡╨╜╨░ ╨╕╨╖-╨╖╨░ ╨╜╨╡╨▓╤Л╨┐╨╛╨╗╨╜╨╡╨╜╨╜╨╛╨│╨╛ ╤Г╤Б╨╗╨╛╨▓╨╕╤П; ╨▓╤Л╤А╨░╨╢╨╡╨╜╨╕╨╡ ('$(_ShouldRemoveAspNetCoreAll)' == 'true') ╤А╨░╨▓╨╜╨╛ ('False' == 'true').
       ╨Ч╨░╨┤╨░╤З╨░ "CheckIfPackageReferenceShouldBeFrameworkReference"
       ╨Т╤Л╨┐╨╛╨╗╨╜╨╡╨╜╨╕╨╡ ╨╖╨░╨┤╨░╤З╨╕ "CheckIfPackageReferenceShouldBeFrameworkReference" ╨╖╨░╨▓╨╡╤А╤И╨╡╨╜╨╛.
       ╨Ч╨░╨┤╨░╤З╨░ "NETSdkWarning" ╨┐╤А╨╛╨┐╤Г╤Й╨╡╨╜╨░ ╨╕╨╖-╨╖╨░ ╨╜╨╡╨▓╤Л╨┐╨╛╨╗╨╜╨╡╨╜╨╜╨╛╨│╨╛ ╤Г╤Б╨╗╨╛╨▓╨╕╤П; ╨▓╤Л╤А╨░╨╢╨╡╨╜╨╕╨╡ ('$(_ShouldRemoveAspNetCoreApp)' == 'true') ╤А╨░╨▓╨╜╨╛ ('False' == 'true').
   1:7>╨б╨▒╨╛╤А╨║╨░ ╤Ж╨╡╨╗╨╡╨▓╨╛╨│╨╛ ╨╛╨▒╤К╨╡╨║╤В╨░ "UpdateAspNetToFrameworkReference" ╨▓ ╨┐╤А╨╛╨╡╨║╤В╨╡ "WebApplication15.csproj" ╨╖╨░╨▓╨╡╤А╤И╨╡╨╜╨░.
       ╨ж╨╡╨╗╨╡╨▓╨╛╨╣ ╨╛╨▒╤К╨╡╨║╤В "IncludeTargetingPackReference" ╨┐╤А╨╛╨┐╤Г╤Й╨╡╨╜ ╨╕╨╖-╨╖╨░ ╨╜╨╡╨▓╤Л╨┐╨╛╨╗╨╜╨╡╨╜╨╜╨╛╨│╨╛ ╤Г╤Б╨╗╨╛╨▓╨╕╤П; ╨▓╤Л╤А╨░╨╢╨╡╨╜╨╕╨╡ ('$(TargetFrameworkMoniker)' != '' and '$(TargetFrameworkIdentifier)' == '.NETFramework' and '$(AutomaticallyUseReferenceAssemblyPackages)' == 'true') ╤А╨░╨▓╨╜╨╛ ('.NETCoreApp,Version=v9.0' != '' and '.NETCoreApp' == '.NETFramework' and 'true' == 'true').
   1:7>╨ж╨╡╨╗╨╡╨▓╨╛╨╣ ╨╛╨▒╤К╨╡╨║╤В "CheckForImplicitPackageReferenceOverrides" ╨▓ ╤Д╨░╨╣╨╗╨╡ "C:\Program Files\dotnet\sdk\9.0.200\Sdks\Microsoft.NET.Sdk\targets\Microsoft.NET.Sdk.DefaultItems.Shared.targets" ╨╕╨╖ ╨┐╤А╨╛╨╡╨║╤В╨░ "C:\Users\user\OneDrive\╨а╨░╨▒╨╛╤З╨╕╨╣ ╤Б╤В╨╛╨╗\regi\WebApplication15\WebApplication15.csproj" (╤Ж╨╡╨╗╨╡╨▓╨╛╨╣ ╨╛╨▒╤К╨╡╨║╤В "ApplyImplicitVersions" ╨╖╨░╨▓╨╕╤Б╨╕╤В ╨╛╤В ╨╜╨╡╨│╨╛):
       ╨Ш╤Б╨┐╨╛╨╗╤М╨╖╤Г╨╡╤В╤Б╤П ╨╖╨░╨┤╨░╤З╨░ "CheckForImplicitPackageReferenceOverrides" ╨╕╨╖ ╤Б╨▒╨╛╤А╨║╨╕ "C:\Program Files\dotnet\sdk\9.0.200\Sdks\Microsoft.NET.Sdk\targets\..\tools\net9.0\Microsoft.NET.Build.Tasks.dll".
       ╨Ч╨░╨┤╨░╤З╨░ "CheckForImplicitPackageReferenceOverrides"
       ╨Т╤Л╨┐╨╛╨╗╨╜╨╡╨╜╨╕╨╡ ╨╖╨░╨┤╨░╤З╨╕ "CheckForImplicitPackageReferenceOverrides" ╨╖╨░╨▓╨╡╤А╤И╨╡╨╜╨╛.
   1:7>╨б╨▒╨╛╤А╨║╨░ ╤Ж╨╡╨╗╨╡╨▓╨╛╨│╨╛ ╨╛╨▒╤К╨╡╨║╤В╨░ "CheckForImplicitPackageReferenceOverrides" ╨▓ ╨┐╤А╨╛╨╡╨║╤В╨╡ "WebApplication15.csproj" ╨╖╨░╨▓╨╡╤А╤И╨╡╨╜╨░.
   1:7>╨ж╨╡╨╗╨╡╨▓╨╛╨╣ ╨╛╨▒╤К╨╡╨║╤В "ApplyImplicitVersions" ╨▓ ╤Д╨░╨╣╨╗╨╡ "C:\Program Files\dotnet\sdk\9.0.200\Sdks\Microsoft.NET.Sdk\targets\Microsoft.NET.Sdk.DefaultItems.Shared.targets" ╨╕╨╖ ╨┐╤А╨╛╨╡╨║╤В╨░ "C:\Users\user\OneDrive\╨а╨░╨▒╨╛╤З╨╕╨╣ ╤Б╤В╨╛╨╗\regi\WebApplication15\WebApplication15.csproj" (╤Ж╨╡╨╗╨╡╨▓╨╛╨╣ ╨╛╨▒╤К╨╡╨║╤В "CollectPackageReferences" ╨╖╨░╨▓╨╕╤Б╨╕╤В ╨╛╤В ╨╜╨╡╨│╨╛):
       ╨Ш╤Б╨┐╨╛╨╗╤М╨╖╤Г╨╡╤В╤Б╤П ╨╖╨░╨┤╨░╤З╨░ "ApplyImplicitVersions" ╨╕╨╖ ╤Б╨▒╨╛╤А╨║╨╕ "C:\Program Files\dotnet\sdk\9.0.200\Sdks\Microsoft.NET.Sdk\targets\..\tools\net9.0\Microsoft.NET.Build.Tasks.dll".
       ╨Ч╨░╨┤╨░╤З╨░ "ApplyImplicitVersions"
       ╨Т╤Л╨┐╨╛╨╗╨╜╨╡╨╜╨╕╨╡ ╨╖╨░╨┤╨░╤З╨╕ "ApplyImplicitVersions" ╨╖╨░╨▓╨╡╤А╤И╨╡╨╜╨╛.
   1:7>╨б╨▒╨╛╤А╨║╨░ ╤Ж╨╡╨╗╨╡╨▓╨╛╨│╨╛ ╨╛╨▒╤К╨╡╨║╤В╨░ "ApplyImplicitVersions" ╨▓ ╨┐╤А╨╛╨╡╨║╤В╨╡ "WebApplication15.csproj" ╨╖╨░╨▓╨╡╤А╤И╨╡╨╜╨░.
       ╨ж╨╡╨╗╨╡╨▓╨╛╨╣ ╨╛╨▒╤К╨╡╨║╤В "CheckForImplicitPackageReferenceOverrides" ╨┐╤А╨╛╨┐╤Г╤Й╨╡╨╜. ╨Я╤А╨╡╨┤╤Л╨┤╤Г╤Й╨░╤П ╤Б╨▒╨╛╤А╨║╨░ ╤Г╤Б╨┐╨╡╤И╨╜╨░.
       ╨ж╨╡╨╗╨╡╨▓╨╛╨╣ ╨╛╨▒╤К╨╡╨║╤В "AddWindowsSdkKnownFrameworkReferences" ╨┐╤А╨╛╨┐╤Г╤Й╨╡╨╜ ╨╕╨╖-╨╖╨░ ╨╜╨╡╨▓╤Л╨┐╨╛╨╗╨╜╨╡╨╜╨╜╨╛╨│╨╛ ╤Г╤Б╨╗╨╛╨▓╨╕╤П; ╨▓╤Л╤А╨░╨╢╨╡╨╜╨╕╨╡ ('$(TargetFrameworkIdentifier)' == '.NETCoreApp' And '$(TargetPlatformIdentifier)' == 'Windows'
                            And ('$(Language)' != 'C++' Or '$(IncludeWindowsSDKRefFrameworkReferences)' == 'true')) ╤А╨░╨▓╨╜╨╛ ('.NETCoreApp' == '.NETCoreApp' And '' == 'Windows'
                            And ('C#' != 'C++' Or '' == 'true')).
       ╨ж╨╡╨╗╨╡╨▓╨╛╨╣ ╨╛╨▒╤К╨╡╨║╤В "_NormalizeTargetPlatformVersion" ╨┐╤А╨╛╨┐╤Г╤Й╨╡╨╜ ╨╕╨╖-╨╖╨░ ╨╜╨╡╨▓╤Л╨┐╨╛╨╗╨╜╨╡╨╜╨╜╨╛╨│╨╛ ╤Г╤Б╨╗╨╛╨▓╨╕╤П; ╨▓╤Л╤А╨░╨╢╨╡╨╜╨╕╨╡ ('$(TargetPlatformVersion)' != '' and '$(TargetFrameworkIdentifier)' == '.NETCoreApp' and $([MSBuild]::VersionGreaterThanOrEquals($(TargetFrameworkVersion), 5.0)) and ('$(Language)' != 'C++' or '$(_EnablePackageReferencesInVCProjects)' == 'true')) ╤А╨░╨▓╨╜╨╛ ('' != '' and '.NETCoreApp' == '.NETCoreApp' and True and ('C#' != 'C++' or '' == 'true')).
   1:7>╨ж╨╡╨╗╨╡╨▓╨╛╨╣ ╨╛╨▒╤К╨╡╨║╤В "_ComputeToolPackInputsToProcessFrameworkReferences" ╨▓ ╤Д╨░╨╣╨╗╨╡ "C:\Program Files\dotnet\sdk\9.0.200\Sdks\Microsoft.NET.Sdk\targets\Microsoft.NET.Publish.targets" ╨╕╨╖ ╨┐╤А╨╛╨╡╨║╤В╨░ "C:\Users\user\OneDrive\╨а╨░╨▒╨╛╤З╨╕╨╣ ╤Б╤В╨╛╨╗\regi\WebApplication15\WebApplication15.csproj" (╤Ж╨╡╨╗╨╡╨▓╨╛╨╣ ╨╛╨▒╤К╨╡╨║╤В "ProcessFrameworkReferences" ╨╖╨░╨▓╨╕╤Б╨╕╤В ╨╛╤В ╨╜╨╡╨│╨╛):
   1:7>╨б╨▒╨╛╤А╨║╨░ ╤Ж╨╡╨╗╨╡╨▓╨╛╨│╨╛ ╨╛╨▒╤К╨╡╨║╤В╨░ "_ComputeToolPackInputsToProcessFrameworkReferences" ╨▓ ╨┐╤А╨╛╨╡╨║╤В╨╡ "WebApplication15.csproj" ╨╖╨░╨▓╨╡╤А╤И╨╡╨╜╨░.
   1:7>╨ж╨╡╨╗╨╡╨▓╨╛╨╣ ╨╛╨▒╤К╨╡╨║╤В "ProcessFrameworkReferences" ╨▓ ╤Д╨░╨╣╨╗╨╡ "C:\Program Files\dotnet\sdk\9.0.200\Sdks\Microsoft.NET.Sdk\targets\Microsoft.NET.Sdk.FrameworkReferenceResolution.targets" ╨╕╨╖ ╨┐╤А╨╛╨╡╨║╤В╨░ "C:\Users\user\OneDrive\╨а╨░╨▒╨╛╤З╨╕╨╣ ╤Б╤В╨╛╨╗\regi\WebApplication15\WebApplication15.csproj" (╤Ж╨╡╨╗╨╡╨▓╨╛╨╣ ╨╛╨▒╤К╨╡╨║╤В "CollectPackageReferences" ╨╖╨░╨▓╨╕╤Б╨╕╤В ╨╛╤В ╨╜╨╡╨│╨╛):
       ╨Ш╤Б╨┐╨╛╨╗╤М╨╖╤Г╨╡╤В╤Б╤П ╨╖╨░╨┤╨░╤З╨░ "CheckForDuplicateFrameworkReferences" ╨╕╨╖ ╤Б╨▒╨╛╤А╨║╨╕ "C:\Program Files\dotnet\sdk\9.0.200\Sdks\Microsoft.NET.Sdk\targets\..\tools\net9.0\Microsoft.NET.Build.Tasks.dll".
       ╨Ч╨░╨┤╨░╤З╨░ "CheckForDuplicateFrameworkReferences"
       ╨Т╤Л╨┐╨╛╨╗╨╜╨╡╨╜╨╕╨╡ ╨╖╨░╨┤╨░╤З╨╕ "CheckForDuplicateFrameworkReferences" ╨╖╨░╨▓╨╡╤А╤И╨╡╨╜╨╛.
       ╨Ш╤Б╨┐╨╛╨╗╤М╨╖╤Г╨╡╤В╤Б╤П ╨╖╨░╨┤╨░╤З╨░ "ProcessFrameworkReferences" ╨╕╨╖ ╤Б╨▒╨╛╤А╨║╨╕ "C:\Program Files\dotnet\sdk\9.0.200\Sdks\Microsoft.NET.Sdk\targets\..\tools\net9.0\Microsoft.NET.Build.Tasks.dll".
       ╨Ч╨░╨┤╨░╤З╨░ "ProcessFrameworkReferences"
       ╨Т╤Л╨┐╨╛╨╗╨╜╨╡╨╜╨╕╨╡ ╨╖╨░╨┤╨░╤З╨╕ "ProcessFrameworkReferences" ╨╖╨░╨▓╨╡╤А╤И╨╡╨╜╨╛.
       ╨Ш╤Б╨┐╨╛╨╗╤М╨╖╤Г╨╡╤В╤Б╤П ╨╖╨░╨┤╨░╤З╨░ "ResolveAppHosts" ╨╕╨╖ ╤Б╨▒╨╛╤А╨║╨╕ "C:\Program Files\dotnet\sdk\9.0.200\Sdks\Microsoft.NET.Sdk\targets\..\tools\net9.0\Microsoft.NET.Build.Tasks.dll".
       ╨Ч╨░╨┤╨░╤З╨░ "ResolveAppHosts"
       ╨Т╤Л╨┐╨╛╨╗╨╜╨╡╨╜╨╕╨╡ ╨╖╨░╨┤╨░╤З╨╕ "ResolveAppHosts" ╨╖╨░╨▓╨╡╤А╤И╨╡╨╜╨╛.
   1:7>╨б╨▒╨╛╤А╨║╨░ ╤Ж╨╡╨╗╨╡╨▓╨╛╨│╨╛ ╨╛╨▒╤К╨╡╨║╤В╨░ "ProcessFrameworkReferences" ╨▓ ╨┐╤А╨╛╨╡╨║╤В╨╡ "WebApplication15.csproj" ╨╖╨░╨▓╨╡╤А╤И╨╡╨╜╨░.
       ╨ж╨╡╨╗╨╡╨▓╨╛╨╣ ╨╛╨▒╤К╨╡╨║╤В "IncludeTargetingPackReference" ╨┐╤А╨╛╨┐╤Г╤Й╨╡╨╜ ╨╕╨╖-╨╖╨░ ╨╜╨╡╨▓╤Л╨┐╨╛╨╗╨╜╨╡╨╜╨╜╨╛╨│╨╛ ╤Г╤Б╨╗╨╛╨▓╨╕╤П; ╨▓╤Л╤А╨░╨╢╨╡╨╜╨╕╨╡ ('$(TargetFrameworkMoniker)' != '' and '$(TargetFrameworkIdentifier)' == '.NETFramework' and '$(AutomaticallyUseReferenceAssemblyPackages)' == 'true') ╤А╨░╨▓╨╜╨╛ ('.NETCoreApp,Version=v9.0' != '' and '.NETCoreApp' == '.NETFramework' and 'true' == 'true').
       ╨ж╨╡╨╗╨╡╨▓╨╛╨╣ ╨╛╨▒╤К╨╡╨║╤В "_CheckMicrosoftNetCompilersToolsetFrameworkPackageReference" ╨┐╤А╨╛╨┐╤Г╤Й╨╡╨╜ ╨╕╨╖-╨╖╨░ ╨╜╨╡╨▓╤Л╨┐╨╛╨╗╨╜╨╡╨╜╨╜╨╛╨│╨╛ ╤Г╤Б╨╗╨╛╨▓╨╕╤П; ╨▓╤Л╤А╨░╨╢╨╡╨╜╨╕╨╡ ('$(MSBuildRuntimeType)' == 'Full') ╤А╨░╨▓╨╜╨╛ ('Core' == 'Full').
   1:7>╨ж╨╡╨╗╨╡╨▓╨╛╨╣ ╨╛╨▒╤К╨╡╨║╤В "_CheckForObsoleteDotNetCliToolReferences" ╨▓ ╤Д╨░╨╣╨╗╨╡ "C:\Program Files\dotnet\sdk\9.0.200\Sdks\Microsoft.NET.Sdk\targets\Microsoft.NET.ObsoleteReferences.targets" ╨╕╨╖ ╨┐╤А╨╛╨╡╨║╤В╨░ "C:\Users\user\OneDrive\╨а╨░╨▒╨╛╤З╨╕╨╣ ╤Б╤В╨╛╨╗\regi\WebApplication15\WebApplication15.csproj" (╤Ж╨╡╨╗╨╡╨▓╨╛╨╣ ╨╛╨▒╤К╨╡╨║╤В "CollectPackageReferences" ╨╖╨░╨▓╨╕╤Б╨╕╤В ╨╛╤В ╨╜╨╡╨│╨╛):
       ╨Ч╨░╨┤╨░╤З╨░ "NETSdkWarning" ╨┐╤А╨╛╨┐╤Г╤Й╨╡╨╜╨░ ╨╕╨╖-╨╖╨░ ╨╜╨╡╨▓╤Л╨┐╨╛╨╗╨╜╨╡╨╜╨╜╨╛╨│╨╛ ╤Г╤Б╨╗╨╛╨▓╨╕╤П; ╨▓╤Л╤А╨░╨╢╨╡╨╜╨╕╨╡ ( '%(_ReferenceToObsoleteDotNetCliTool.Identity)' != '' ) ╤А╨░╨▓╨╜╨╛ ( '' != '' ).
   1:7>╨б╨▒╨╛╤А╨║╨░ ╤Ж╨╡╨╗╨╡╨▓╨╛╨│╨╛ ╨╛╨▒╤К╨╡╨║╤В╨░ "_CheckForObsoleteDotNetCliToolReferences" ╨▓ ╨┐╤А╨╛╨╡╨║╤В╨╡ "WebApplication15.csproj" ╨╖╨░╨▓╨╡╤А╤И╨╡╨╜╨░.
   1:7>╨ж╨╡╨╗╨╡╨▓╨╛╨╣ ╨╛╨▒╤К╨╡╨║╤В "CollectPackageReferences" ╨▓ ╤Д╨░╨╣╨╗╨╡ "C:\Program Files\dotnet\sdk\9.0.200\NuGet.targets" ╨╕╨╖ ╨┐╤А╨╛╨╡╨║╤В╨░ "C:\Users\user\OneDrive\╨а╨░╨▒╨╛╤З╨╕╨╣ ╤Б╤В╨╛╨╗\regi\WebApplication15\WebApplication15.csproj" (╤Ж╨╡╨╗╨╡╨▓╨╛╨╣ ╨╛╨▒╤К╨╡╨║╤В "_GetRestoreProjectStyle" ╨╖╨░╨▓╨╕╤Б╨╕╤В ╨╛╤В ╨╜╨╡╨│╨╛):
       ╨Ш╤Б╨┐╨╛╨╗╤М╨╖╤Г╨╡╤В╤Б╤П ╨╖╨░╨┤╨░╤З╨░ "CheckForDuplicateNuGetItemsTask" ╨╕╨╖ ╤Б╨▒╨╛╤А╨║╨╕ "C:\Program Files\dotnet\sdk\9.0.200\NuGet.Build.Tasks.dll".
       ╨Ч╨░╨┤╨░╤З╨░ "CheckForDuplicateNuGetItemsTask"
       ╨Т╤Л╨┐╨╛╨╗╨╜╨╡╨╜╨╕╨╡ ╨╖╨░╨┤╨░╤З╨╕ "CheckForDuplicateNuGetItemsTask" ╨╖╨░╨▓╨╡╤А╤И╨╡╨╜╨╛.
   1:7>╨б╨▒╨╛╤А╨║╨░ ╤Ж╨╡╨╗╨╡╨▓╨╛╨│╨╛ ╨╛╨▒╤К╨╡╨║╤В╨░ "CollectPackageReferences" ╨▓ ╨┐╤А╨╛╨╡╨║╤В╨╡ "WebApplication15.csproj" ╨╖╨░╨▓╨╡╤А╤И╨╡╨╜╨░.
   1:7>╨ж╨╡╨╗╨╡╨▓╨╛╨╣ ╨╛╨▒╤К╨╡╨║╤В "_GetRestoreProjectStyle" ╨▓ ╤Д╨░╨╣╨╗╨╡ "C:\Program Files\dotnet\sdk\9.0.200\NuGet.targets" ╨╕╨╖ ╨┐╤А╨╛╨╡╨║╤В╨░ "C:\Users\user\OneDrive\╨а╨░╨▒╨╛╤З╨╕╨╣ ╤Б╤В╨╛╨╗\regi\WebApplication15\WebApplication15.csproj" (╤Ж╨╡╨╗╨╡╨▓╨╛╨╣ ╨╛╨▒╤К╨╡╨║╤В "EnableIntermediateOutputPathMismatchWarning" ╨╖╨░╨▓╨╕╤Б╨╕╤В ╨╛╤В ╨╜╨╡╨│╨╛):
       ╨Ш╤Б╨┐╨╛╨╗╤М╨╖╤Г╨╡╤В╤Б╤П ╨╖╨░╨┤╨░╤З╨░ "GetRestoreProjectStyleTask" ╨╕╨╖ ╤Б╨▒╨╛╤А╨║╨╕ "C:\Program Files\dotnet\sdk\9.0.200\NuGet.Build.Tasks.dll".
       ╨Ч╨░╨┤╨░╤З╨░ "GetRestoreProjectStyleTask"
       ╨Т╤Л╨┐╨╛╨╗╨╜╨╡╨╜╨╕╨╡ ╨╖╨░╨┤╨░╤З╨╕ "GetRestoreProjectStyleTask" ╨╖╨░╨▓╨╡╤А╤И╨╡╨╜╨╛.
   1:7>╨б╨▒╨╛╤А╨║╨░ ╤Ж╨╡╨╗╨╡╨▓╨╛╨│╨╛ ╨╛╨▒╤К╨╡╨║╤В╨░ "_GetRestoreProjectStyle" ╨▓ ╨┐╤А╨╛╨╡╨║╤В╨╡ "WebApplication15.csproj" ╨╖╨░╨▓╨╡╤А╤И╨╡╨╜╨░.
   1:7>╨ж╨╡╨╗╨╡╨▓╨╛╨╣ ╨╛╨▒╤К╨╡╨║╤В "EnableIntermediateOutputPathMismatchWarning" ╨▓ ╤Д╨░╨╣╨╗╨╡ "C:\Program Files\dotnet\sdk\9.0.200\NuGet.targets" ╨╕╨╖ ╨┐╤А╨╛╨╡╨║╤В╨░ "C:\Users\user\OneDrive\╨а╨░╨▒╨╛╤З╨╕╨╣ ╤Б╤В╨╛╨╗\regi\WebApplication15\WebApplication15.csproj" (╤Ж╨╡╨╗╨╡╨▓╨╛╨╣ ╨╛╨▒╤К╨╡╨║╤В "_CheckForInvalidConfigurationAndPlatform" ╨╖╨░╨▓╨╕╤Б╨╕╤В ╨╛╤В ╨╜╨╡╨│╨╛):
   1:7>╨б╨▒╨╛╤А╨║╨░ ╤Ж╨╡╨╗╨╡╨▓╨╛╨│╨╛ ╨╛╨▒╤К╨╡╨║╤В╨░ "EnableIntermediateOutputPathMismatchWarning" ╨▓ ╨┐╤А╨╛╨╡╨║╤В╨╡ "WebApplication15.csproj" ╨╖╨░╨▓╨╡╤А╤И╨╡╨╜╨░.
       ╨ж╨╡╨╗╨╡╨▓╨╛╨╣ ╨╛╨▒╤К╨╡╨║╤В "ApplyImplicitVersions" ╨┐╤А╨╛╨┐╤Г╤Й╨╡╨╜. ╨Я╤А╨╡╨┤╤Л╨┤╤Г╤Й╨░╤П ╤Б╨▒╨╛╤А╨║╨░ ╤Г╤Б╨┐╨╡╤И╨╜╨░.
       ╨ж╨╡╨╗╨╡╨▓╨╛╨╣ ╨╛╨▒╤К╨╡╨║╤В "CheckForImplicitPackageReferenceOverrides" ╨┐╤А╨╛╨┐╤Г╤Й╨╡╨╜. ╨Я╤А╨╡╨┤╤Л╨┤╤Г╤Й╨░╤П ╤Б╨▒╨╛╤А╨║╨░ ╤Г╤Б╨┐╨╡╤И╨╜╨░.
   1:7>╨ж╨╡╨╗╨╡╨▓╨╛╨╣ ╨╛╨▒╤К╨╡╨║╤В "CheckForDuplicateItems" ╨▓ ╤Д╨░╨╣╨╗╨╡ "C:\Program Files\dotnet\sdk\9.0.200\Sdks\Microsoft.NET.Sdk\targets\Microsoft.NET.Sdk.DefaultItems.Shared.targets" ╨╕╨╖ ╨┐╤А╨╛╨╡╨║╤В╨░ "C:\Users\user\OneDrive\╨а╨░╨▒╨╛╤З╨╕╨╣ ╤Б╤В╨╛╨╗\regi\WebApplication15\WebApplication15.csproj" (╤Ж╨╡╨╗╨╡╨▓╨╛╨╣ ╨╛╨▒╤К╨╡╨║╤В "_CheckForInvalidConfigurationAndPlatform" ╨╖╨░╨▓╨╕╤Б╨╕╤В ╨╛╤В ╨╜╨╡╨│╨╛):
       ╨Ш╤Б╨┐╨╛╨╗╤М╨╖╤Г╨╡╤В╤Б╤П ╨╖╨░╨┤╨░╤З╨░ "CheckForDuplicateItems" ╨╕╨╖ ╤Б╨▒╨╛╤А╨║╨╕ "C:\Program Files\dotnet\sdk\9.0.200\Sdks\Microsoft.NET.Sdk\targets\..\tools\net9.0\Microsoft.NET.Build.Tasks.dll".
       ╨Ч╨░╨┤╨░╤З╨░ "CheckForDuplicateItems"
       ╨Т╤Л╨┐╨╛╨╗╨╜╨╡╨╜╨╕╨╡ ╨╖╨░╨┤╨░╤З╨╕ "CheckForDuplicateItems" ╨╖╨░╨▓╨╡╤А╤И╨╡╨╜╨╛.
       ╨Ч╨░╨┤╨░╤З╨░ "CheckForDuplicateItems"
       ╨Т╤Л╨┐╨╛╨╗╨╜╨╡╨╜╨╕╨╡ ╨╖╨░╨┤╨░╤З╨╕ "CheckForDuplicateItems" ╨╖╨░╨▓╨╡╤А╤И╨╡╨╜╨╛.
       ╨Ч╨░╨┤╨░╤З╨░ "CheckForDuplicateItems"
       ╨Т╤Л╨┐╨╛╨╗╨╜╨╡╨╜╨╕╨╡ ╨╖╨░╨┤╨░╤З╨╕ "CheckForDuplicateItems" ╨╖╨░╨▓╨╡╤А╤И╨╡╨╜╨╛.
   1:7>╨б╨▒╨╛╤А╨║╨░ ╤Ж╨╡╨╗╨╡╨▓╨╛╨│╨╛ ╨╛╨▒╤К╨╡╨║╤В╨░ "CheckForDuplicateItems" ╨▓ ╨┐╤А╨╛╨╡╨║╤В╨╡ "WebApplication15.csproj" ╨╖╨░╨▓╨╡╤А╤И╨╡╨╜╨░.
       ╨ж╨╡╨╗╨╡╨▓╨╛╨╣ ╨╛╨▒╤К╨╡╨║╤В "WarnForExplicitVersions" ╨┐╤А╨╛╨┐╤Г╤Й╨╡╨╜ ╨╕╨╖-╨╖╨░ ╨╜╨╡╨▓╤Л╨┐╨╛╨╗╨╜╨╡╨╜╨╜╨╛╨│╨╛ ╤Г╤Б╨╗╨╛╨▓╨╕╤П; ╨▓╤Л╤А╨░╨╢╨╡╨╜╨╕╨╡ ('@(SdkBuildWarning)' != '') ╤А╨░╨▓╨╜╨╛ ('' != '').
       ╨ж╨╡╨╗╨╡╨▓╨╛╨╣ ╨╛╨▒╤К╨╡╨║╤В "_CheckForFailedSDKResolution" ╨┐╤А╨╛╨┐╤Г╤Й╨╡╨╜ ╨╕╨╖-╨╖╨░ ╨╜╨╡╨▓╤Л╨┐╨╛╨╗╨╜╨╡╨╜╨╜╨╛╨│╨╛ ╤Г╤Б╨╗╨╛╨▓╨╕╤П; ╨▓╤Л╤А╨░╨╢╨╡╨╜╨╕╨╡ ('$(SdkResolverHonoredGlobalJson)' == 'false') ╤А╨░╨▓╨╜╨╛ ('' == 'false').
       ╨ж╨╡╨╗╨╡╨▓╨╛╨╣ ╨╛╨▒╤К╨╡╨║╤В "_WarnWhenUsingNET9AndVSPriorTo1712" ╨┐╤А╨╛╨┐╤Г╤Й╨╡╨╜ ╨╕╨╖-╨╖╨░ ╨╜╨╡╨▓╤Л╨┐╨╛╨╗╨╜╨╡╨╜╨╜╨╛╨│╨╛ ╤Г╤Б╨╗╨╛╨▓╨╕╤П; ╨▓╤Л╤А╨░╨╢╨╡╨╜╨╕╨╡ ($([MSBuild]::VersionLessThan($(MSBuildVersion), '17.12.0')) and '$(TargetFrameworkIdentifier)' == '.NETCoreApp' and $([MSBuild]::VersionGreaterThanOrEquals($(_TargetFrameworkVersionWithoutV), '9.0'))) ╤А╨░╨▓╨╜╨╛ (False and '.NETCoreApp' == '.NETCoreApp' and True).
       ╨ж╨╡╨╗╨╡╨▓╨╛╨╣ ╨╛╨▒╤К╨╡╨║╤В "_CheckForInvalidWindowsDesktopTargetingConfiguration" ╨┐╤А╨╛╨┐╤Г╤Й╨╡╨╜ ╨╕╨╖-╨╖╨░ ╨╜╨╡╨▓╤Л╨┐╨╛╨╗╨╜╨╡╨╜╨╜╨╛╨│╨╛ ╤Г╤Б╨╗╨╛╨▓╨╕╤П; ╨▓╤Л╤А╨░╨╢╨╡╨╜╨╕╨╡ ('$(TargetFrameworkIdentifier)' == '.NETCoreApp' and $([MSBuild]::VersionGreaterThanOrEquals($(_TargetFrameworkVersionWithoutV), '5.0')) and ('$(UseWindowsForms)' == 'true' or '$(UseWPF)' == 'true')) ╤А╨░╨▓╨╜╨╛ ('.NETCoreApp' == '.NETCoreApp' and True and ('' == 'true' or '' == 'true')).
       ╨ж╨╡╨╗╨╡╨▓╨╛╨╣ ╨╛╨▒╤К╨╡╨║╤В "_CheckForUnnecessaryWindowsDesktopSDK" ╨┐╤А╨╛╨┐╤Г╤Й╨╡╨╜ ╨╕╨╖-╨╖╨░ ╨╜╨╡╨▓╤Л╨┐╨╛╨╗╨╜╨╡╨╜╨╜╨╛╨│╨╛ ╤Г╤Б╨╗╨╛╨▓╨╕╤П; ╨▓╤Л╤А╨░╨╢╨╡╨╜╨╕╨╡ ('$(TargetFrameworkIdentifier)' == '.NETCoreApp' and $([MSBuild]::VersionGreaterThanOrEquals($(_TargetFrameworkVersionWithoutV), '5.0')) and '$(_MicrosoftWindowsDesktopSdkImported)' == 'true' and '$(TargetFrameworks)' == '') ╤А╨░╨▓╨╜╨╛ ('.NETCoreApp' == '.NETCoreApp' and True and '' == 'true' and '' == '').
       ╨ж╨╡╨╗╨╡╨▓╨╛╨╣ ╨╛╨▒╤К╨╡╨║╤В "ProcessFrameworkReferences" ╨┐╤А╨╛╨┐╤Г╤Й╨╡╨╜. ╨Я╤А╨╡╨┤╤Л╨┤╤Г╤Й╨░╤П ╤Б╨▒╨╛╤А╨║╨░ ╤Г╤Б╨┐╨╡╤И╨╜╨░.
       ╨ж╨╡╨╗╨╡╨▓╨╛╨╣ ╨╛╨▒╤К╨╡╨║╤В "IncludeTargetingPackReference" ╨┐╤А╨╛╨┐╤Г╤Й╨╡╨╜ ╨╕╨╖-╨╖╨░ ╨╜╨╡╨▓╤Л╨┐╨╛╨╗╨╜╨╡╨╜╨╜╨╛╨│╨╛ ╤Г╤Б╨╗╨╛╨▓╨╕╤П; ╨▓╤Л╤А╨░╨╢╨╡╨╜╨╕╨╡ ('$(TargetFrameworkMoniker)' != '' and '$(TargetFrameworkIdentifier)' == '.NETFramework' and '$(AutomaticallyUseReferenceAssemblyPackages)' == 'true') ╤А╨░╨▓╨╜╨╛ ('.NETCoreApp,Version=v9.0' != '' and '.NETCoreApp' == '.NETFramework' and 'true' == 'true').
   1:7>╨ж╨╡╨╗╨╡╨▓╨╛╨╣ ╨╛╨▒╤К╨╡╨║╤В "_CheckForInvalidConfigurationAndPlatform" ╨▓ ╤Д╨░╨╣╨╗╨╡ "C:\Program Files\dotnet\sdk\9.0.200\Microsoft.Common.CurrentVersion.targets" ╨╕╨╖ ╨┐╤А╨╛╨╡╨║╤В╨░ "C:\Users\user\OneDrive\╨а╨░╨▒╨╛╤З╨╕╨╣ ╤Б╤В╨╛╨╗\regi\WebApplication15\WebApplication15.csproj" (╤Ж╨╡╨╗╨╡╨▓╨╛╨╣ ╨╛╨▒╤К╨╡╨║╤В "BeforeBuild" ╨╖╨░╨▓╨╕╤Б╨╕╤В ╨╛╤В ╨╜╨╡╨│╨╛):
       ╨Ч╨░╨┤╨░╤З╨░ "MSBuildInternalMessage" ╨┐╤А╨╛╨┐╤Г╤Й╨╡╨╜╨░ ╨╕╨╖-╨╖╨░ ╨╜╨╡╨▓╤Л╨┐╨╛╨╗╨╜╨╡╨╜╨╜╨╛╨│╨╛ ╤Г╤Б╨╗╨╛╨▓╨╕╤П; ╨▓╤Л╤А╨░╨╢╨╡╨╜╨╕╨╡ ('$(_InvalidConfigurationMessageSeverity)' != '') ╤А╨░╨▓╨╜╨╛ ('' != '').
       ╨Ч╨░╨┤╨░╤З╨░ "Message"
         Configuration=Debug
       ╨Т╤Л╨┐╨╛╨╗╨╜╨╡╨╜╨╕╨╡ ╨╖╨░╨┤╨░╤З╨╕ "Message" ╨╖╨░╨▓╨╡╤А╤И╨╡╨╜╨╛.
       ╨Ч╨░╨┤╨░╤З╨░ "Message"
         Platform=AnyCPU
       ╨Т╤Л╨┐╨╛╨╗╨╜╨╡╨╜╨╕╨╡ ╨╖╨░╨┤╨░╤З╨╕ "Message" ╨╖╨░╨▓╨╡╤А╤И╨╡╨╜╨╛.
       ╨Ч╨░╨┤╨░╤З╨░ "MSBuildInternalMessage" ╨┐╤А╨╛╨┐╤Г╤Й╨╡╨╜╨░ ╨╕╨╖-╨╖╨░ ╨╜╨╡╨▓╤Л╨┐╨╛╨╗╨╜╨╡╨╜╨╜╨╛╨│╨╛ ╤Г╤Б╨╗╨╛╨▓╨╕╤П; ╨▓╤Л╤А╨░╨╢╨╡╨╜╨╕╨╡ ('$(OutDir)' != '' and !HasTrailingSlash('$(OutDir)')) ╤А╨░╨▓╨╜╨╛ ('bin\Debug\net9.0\' != '' and !HasTrailingSlash('bin\Debug\net9.0\')).
       ╨Ч╨░╨┤╨░╤З╨░ "MSBuildInternalMessage" ╨┐╤А╨╛╨┐╤Г╤Й╨╡╨╜╨░ ╨╕╨╖-╨╖╨░ ╨╜╨╡╨▓╤Л╨┐╨╛╨╗╨╜╨╡╨╜╨╜╨╛╨│╨╛ ╤Г╤Б╨╗╨╛╨▓╨╕╤П; ╨▓╤Л╤А╨░╨╢╨╡╨╜╨╕╨╡ ('$(IntermediateOutputPath)' != '' and !HasTrailingSlash('$(IntermediateOutputPath)')) ╤А╨░╨▓╨╜╨╛ ('obj\Debug\net9.0\' != '' and !HasTrailingSlash('obj\Debug\net9.0\')).
       ╨Ч╨░╨┤╨░╤З╨░ "MSBuildInternalMessage" ╨┐╤А╨╛╨┐╤Г╤Й╨╡╨╜╨░ ╨╕╨╖-╨╖╨░ ╨╜╨╡╨▓╤Л╨┐╨╛╨╗╨╜╨╡╨╜╨╜╨╛╨│╨╛ ╤Г╤Б╨╗╨╛╨▓╨╕╤П; ╨▓╤Л╤А╨░╨╢╨╡╨╜╨╕╨╡ ('$(BaseIntermediateOutputPath)' != '' and !HasTrailingSlash('$(BaseIntermediateOutputPath)')) ╤А╨░╨▓╨╜╨╛ ('C:\Users\user\OneDrive\╨а╨░╨▒╨╛╤З╨╕╨╣ ╤Б╤В╨╛╨╗\regi\WebApplication15\obj\' != '' and !HasTrailingSlash('C:\Users\user\OneDrive\╨а╨░╨▒╨╛╤З╨╕╨╣ ╤Б╤В╨╛╨╗\regi\WebApplication15\obj\')).
       ╨Ч╨░╨┤╨░╤З╨░ "MSBuildInternalMessage" ╨┐╤А╨╛╨┐╤Г╤Й╨╡╨╜╨░ ╨╕╨╖-╨╖╨░ ╨╜╨╡╨▓╤Л╨┐╨╛╨╗╨╜╨╡╨╜╨╜╨╛╨│╨╛ ╤Г╤Б╨╗╨╛╨▓╨╕╤П; ╨▓╤Л╤А╨░╨╢╨╡╨╜╨╕╨╡ ( '$(Prefer32Bit)' == 'true' and '$(PreferNativeArm64)' == 'true' ) ╤А╨░╨▓╨╜╨╛ ( 'false' == 'true' and 'false' == 'true' ).
       ╨Ч╨░╨┤╨░╤З╨░ "MSBuildInternalMessage" ╨┐╤А╨╛╨┐╤Г╤Й╨╡╨╜╨░ ╨╕╨╖-╨╖╨░ ╨╜╨╡╨▓╤Л╨┐╨╛╨╗╨╜╨╡╨╜╨╜╨╛╨│╨╛ ╤Г╤Б╨╗╨╛╨▓╨╕╤П; ╨▓╤Л╤А╨░╨╢╨╡╨╜╨╕╨╡ ( '$(NoWin32Manifest)' == 'true' and '$(PreferNativeArm64)' == 'true' ) ╤А╨░╨▓╨╜╨╛ ( '' == 'true' and 'false' == 'true' ).
       ╨Ч╨░╨┤╨░╤З╨░ "MSBuildInternalMessage" ╨┐╤А╨╛╨┐╤Г╤Й╨╡╨╜╨░ ╨╕╨╖-╨╖╨░ ╨╜╨╡╨▓╤Л╨┐╨╛╨╗╨╜╨╡╨╜╨╜╨╛╨│╨╛ ╤Г╤Б╨╗╨╛╨▓╨╕╤П; ╨▓╤Л╤А╨░╨╢╨╡╨╜╨╕╨╡ ( '$(PreferNativeArm64)' == 'true' and '$(Platform)' != 'AnyCPU' ) ╤А╨░╨▓╨╜╨╛ ( 'false' == 'true' and 'AnyCPU' != 'AnyCPU' ).
       ╨Ч╨░╨┤╨░╤З╨░ "MSBuildInternalMessage" ╨┐╤А╨╛╨┐╤Г╤Й╨╡╨╜╨░ ╨╕╨╖-╨╖╨░ ╨╜╨╡╨▓╤Л╨┐╨╛╨╗╨╜╨╡╨╜╨╜╨╛╨│╨╛ ╤Г╤Б╨╗╨╛╨▓╨╕╤П; ╨▓╤Л╤А╨░╨╢╨╡╨╜╨╕╨╡ ( '$(_InitialMSBuildProjectExtensionsPath)' != '' And '$(MSBuildProjectExtensionsPath)' != '$(_InitialMSBuildProjectExtensionsPath)' ) ╤А╨░╨▓╨╜╨╛ ( 'C:\Users\user\OneDrive\╨а╨░╨▒╨╛╤З╨╕╨╣ ╤Б╤В╨╛╨╗\regi\WebApplication15\obj\' != '' And 'C:\Users\user\OneDrive\╨а╨░╨▒╨╛╤З╨╕╨╣ ╤Б╤В╨╛╨╗\regi\WebApplication15\obj\' != 'C:\Users\user\OneDrive\╨а╨░╨▒╨╛╤З╨╕╨╣ ╤Б╤В╨╛╨╗\regi\WebApplication15\obj\' ).
       ╨Ч╨░╨┤╨░╤З╨░ "MSBuildInternalMessage" ╨┐╤А╨╛╨┐╤Г╤Й╨╡╨╜╨░ ╨╕╨╖-╨╖╨░ ╨╜╨╡╨▓╤Л╨┐╨╛╨╗╨╜╨╡╨╜╨╜╨╛╨│╨╛ ╤Г╤Б╨╗╨╛╨▓╨╕╤П; ╨▓╤Л╤А╨░╨╢╨╡╨╜╨╕╨╡ ( '$(EnableBaseIntermediateOutputPathMismatchWarning)' == 'true' And '$(_InitialBaseIntermediateOutputPath)' != '$(BaseIntermediateOutputPath)' And '$(BaseIntermediateOutputPath)' != '$(MSBuildProjectExtensionsPath)' ) ╤А╨░╨▓╨╜╨╛ ( 'true' == 'true' And 'obj\' != 'C:\Users\user\OneDrive\╨а╨░╨▒╨╛╤З╨╕╨╣ ╤Б╤В╨╛╨╗\regi\WebApplication15\obj\' And 'C:\Users\user\OneDrive\╨а╨░╨▒╨╛╤З╨╕╨╣ ╤Б╤В╨╛╨╗\regi\WebApplication15\obj\' != 'C:\Users\user\OneDrive\╨а╨░╨▒╨╛╤З╨╕╨╣ ╤Б╤В╨╛╨╗\regi\WebApplication15\obj\' ).
   1:7>╨б╨▒╨╛╤А╨║╨░ ╤Ж╨╡╨╗╨╡╨▓╨╛╨│╨╛ ╨╛╨▒╤К╨╡╨║╤В╨░ "_CheckForInvalidConfigurationAndPlatform" ╨▓ ╨┐╤А╨╛╨╡╨║╤В╨╡ "WebApplication15.csproj" ╨╖╨░╨▓╨╡╤А╤И╨╡╨╜╨░.
   1:7>╨ж╨╡╨╗╨╡╨▓╨╛╨╣ ╨╛╨▒╤К╨╡╨║╤В "ValidateCommandLineProperties" ╨▓ ╤Д╨░╨╣╨╗╨╡ "C:\Program Files\dotnet\sdk\9.0.200\Sdks\Microsoft.NET.Sdk\targets\Microsoft.NET.Sdk.targets" ╨╕╨╖ ╨┐╤А╨╛╨╡╨║╤В╨░ "C:\Users\user\OneDrive\╨а╨░╨▒╨╛╤З╨╕╨╣ ╤Б╤В╨╛╨╗\regi\WebApplication15\WebApplication15.csproj" (╤Ж╨╡╨╗╨╡╨▓╨╛╨╣ ╨╛╨▒╤К╨╡╨║╤В "BeforeBuild" ╨╖╨░╨▓╨╕╤Б╨╕╤В ╨╛╤В ╨╜╨╡╨│╨╛):
   1:7>╨б╨▒╨╛╤А╨║╨░ ╤Ж╨╡╨╗╨╡╨▓╨╛╨│╨╛ ╨╛╨▒╤К╨╡╨║╤В╨░ "ValidateCommandLineProperties" ╨▓ ╨┐╤А╨╛╨╡╨║╤В╨╡ "WebApplication15.csproj" ╨╖╨░╨▓╨╡╤А╤И╨╡╨╜╨░.
   1:7>╨ж╨╡╨╗╨╡╨▓╨╛╨╣ ╨╛╨▒╤К╨╡╨║╤В "BeforeBuild" ╨▓ ╤Д╨░╨╣╨╗╨╡ "C:\Program Files\dotnet\sdk\9.0.200\Microsoft.Common.CurrentVersion.targets" ╨╕╨╖ ╨┐╤А╨╛╨╡╨║╤В╨░ "C:\Users\user\OneDrive\╨а╨░╨▒╨╛╤З╨╕╨╣ ╤Б╤В╨╛╨╗\regi\WebApplication15\WebApplication15.csproj" (╤Ж╨╡╨╗╨╡╨▓╨╛╨╣ ╨╛╨▒╤К╨╡╨║╤В "Build" ╨╖╨░╨▓╨╕╤Б╨╕╤В ╨╛╤В ╨╜╨╡╨│╨╛):
   1:7>╨б╨▒╨╛╤А╨║╨░ ╤Ж╨╡╨╗╨╡╨▓╨╛╨│╨╛ ╨╛╨▒╤К╨╡╨║╤В╨░ "BeforeBuild" ╨▓ ╨┐╤А╨╛╨╡╨║╤В╨╡ "WebApplication15.csproj" ╨╖╨░╨▓╨╡╤А╤И╨╡╨╜╨░.
       ╨ж╨╡╨╗╨╡╨▓╨╛╨╣ ╨╛╨▒╤К╨╡╨║╤В "_CheckForBuildWithNoBuild" ╨┐╤А╨╛╨┐╤Г╤Й╨╡╨╜ ╨╕╨╖-╨╖╨░ ╨╜╨╡╨▓╤Л╨┐╨╛╨╗╨╜╨╡╨╜╨╜╨╛╨│╨╛ ╤Г╤Б╨╗╨╛╨▓╨╕╤П; ╨▓╤Л╤А╨░╨╢╨╡╨╜╨╕╨╡ ('$(NoBuild)' == 'true' and '$(GeneratePackageOnBuild)' != 'true') ╤А╨░╨▓╨╜╨╛ ('' == 'true' and 'false' != 'true').
   1:7>╨ж╨╡╨╗╨╡╨▓╨╛╨╣ ╨╛╨▒╤К╨╡╨║╤В "BuildOnlySettings" ╨▓ ╤Д╨░╨╣╨╗╨╡ "C:\Program Files\dotnet\sdk\9.0.200\Microsoft.Common.CurrentVersion.targets" ╨╕╨╖ ╨┐╤А╨╛╨╡╨║╤В╨░ "C:\Users\user\OneDrive\╨а╨░╨▒╨╛╤З╨╕╨╣ ╤Б╤В╨╛╨╗\regi\WebApplication15\WebApplication15.csproj" (╤Ж╨╡╨╗╨╡╨▓╨╛╨╣ ╨╛╨▒╤К╨╡╨║╤В "CoreBuild" ╨╖╨░╨▓╨╕╤Б╨╕╤В ╨╛╤В ╨╜╨╡╨│╨╛):
   1:7>╨б╨▒╨╛╤А╨║╨░ ╤Ж╨╡╨╗╨╡╨▓╨╛╨│╨╛ ╨╛╨▒╤К╨╡╨║╤В╨░ "BuildOnlySettings" ╨▓ ╨┐╤А╨╛╨╡╨║╤В╨╡ "WebApplication15.csproj" ╨╖╨░╨▓╨╡╤А╤И╨╡╨╜╨░.
       ╨ж╨╡╨╗╨╡╨▓╨╛╨╣ ╨╛╨▒╤К╨╡╨║╤В "_CheckForUnsupportedTargetFramework" ╨┐╤А╨╛╨┐╤Г╤Й╨╡╨╜ ╨╕╨╖-╨╖╨░ ╨╜╨╡╨▓╤Л╨┐╨╛╨╗╨╜╨╡╨╜╨╜╨╛╨│╨╛ ╤Г╤Б╨╗╨╛╨▓╨╕╤П; ╨▓╤Л╤А╨░╨╢╨╡╨╜╨╕╨╡ ('$(_UnsupportedTargetFrameworkError)' == 'true') ╤А╨░╨▓╨╜╨╛ ('' == 'true').
       ╨ж╨╡╨╗╨╡╨▓╨╛╨╣ ╨╛╨▒╤К╨╡╨║╤В "_CheckForUnsupportedTargetPlatformIdentifier" ╨┐╤А╨╛╨┐╤Г╤Й╨╡╨╜ ╨╕╨╖-╨╖╨░ ╨╜╨╡╨▓╤Л╨┐╨╛╨╗╨╜╨╡╨╜╨╜╨╛╨│╨╛ ╤Г╤Б╨╗╨╛╨▓╨╕╤П; ╨▓╤Л╤А╨░╨╢╨╡╨╜╨╕╨╡ ('$(TargetPlatformIdentifier)' != '' and '$(TargetFrameworkIdentifier)' == '.NETCoreApp' and $([MSBuild]::VersionGreaterThanOrEquals($(TargetFrameworkVersion), 5.0)) And ('$(DesignTimeBuild)' != 'true' Or '@(MissingWorkloadPack)' == '')) ╤А╨░╨▓╨╜╨╛ ('' != '' and '.NETCoreApp' == '.NETCoreApp' and True And ('' != 'true' Or '' == '')).
       ╨ж╨╡╨╗╨╡╨▓╨╛╨╣ ╨╛╨▒╤К╨╡╨║╤В "_CheckForMissingWorkload" ╨┐╤А╨╛╨┐╤Г╤Й╨╡╨╜ ╨╕╨╖-╨╖╨░ ╨╜╨╡╨▓╤Л╨┐╨╛╨╗╨╜╨╡╨╜╨╜╨╛╨│╨╛ ╤Г╤Б╨╗╨╛╨▓╨╕╤П; ╨▓╤Л╤А╨░╨╢╨╡╨╜╨╕╨╡ ('@(MissingWorkloadPack)' != '' And '$(DesignTimeBuild)' != 'true') ╤А╨░╨▓╨╜╨╛ ('' != '' And '' != 'true').
   1:7>╨ж╨╡╨╗╨╡╨▓╨╛╨╣ ╨╛╨▒╤К╨╡╨║╤В "GetFrameworkPaths" ╨▓ ╤Д╨░╨╣╨╗╨╡ "C:\Program Files\dotnet\sdk\9.0.200\Sdks\Microsoft.NET.Sdk\targets\Microsoft.NET.DisableStandardFrameworkResolution.targets" ╨╕╨╖ ╨┐╤А╨╛╨╡╨║╤В╨░ "C:\Users\user\OneDrive\╨а╨░╨▒╨╛╤З╨╕╨╣ ╤Б╤В╨╛╨╗\regi\WebApplication15\WebApplication15.csproj" (╤Ж╨╡╨╗╨╡╨▓╨╛╨╣ ╨╛╨▒╤К╨╡╨║╤В "PrepareForBuild" ╨╖╨░╨▓╨╕╤Б╨╕╤В ╨╛╤В ╨╜╨╡╨│╨╛):
   1:7>╨б╨▒╨╛╤А╨║╨░ ╤Ж╨╡╨╗╨╡╨▓╨╛╨│╨╛ ╨╛╨▒╤К╨╡╨║╤В╨░ "GetFrameworkPaths" ╨▓ ╨┐╤А╨╛╨╡╨║╤В╨╡ "WebApplication15.csproj" ╨╖╨░╨▓╨╡╤А╤И╨╡╨╜╨░.
       ╨ж╨╡╨╗╨╡╨▓╨╛╨╣ ╨╛╨▒╤К╨╡╨║╤В "_CheckForUnsupportedTargetFramework" ╨┐╤А╨╛╨┐╤Г╤Й╨╡╨╜ ╨╕╨╖-╨╖╨░ ╨╜╨╡╨▓╤Л╨┐╨╛╨╗╨╜╨╡╨╜╨╜╨╛╨│╨╛ ╤Г╤Б╨╗╨╛╨▓╨╕╤П; ╨▓╤Л╤А╨░╨╢╨╡╨╜╨╕╨╡ ('$(_UnsupportedTargetFrameworkError)' == 'true') ╤А╨░╨▓╨╜╨╛ ('' == 'true').
       ╨ж╨╡╨╗╨╡╨▓╨╛╨╣ ╨╛╨▒╤К╨╡╨║╤В "_CheckForUnsupportedTargetPlatformIdentifier" ╨┐╤А╨╛╨┐╤Г╤Й╨╡╨╜ ╨╕╨╖-╨╖╨░ ╨╜╨╡╨▓╤Л╨┐╨╛╨╗╨╜╨╡╨╜╨╜╨╛╨│╨╛ ╤Г╤Б╨╗╨╛╨▓╨╕╤П; ╨▓╤Л╤А╨░╨╢╨╡╨╜╨╕╨╡ ('$(TargetPlatformIdentifier)' != '' and '$(TargetFrameworkIdentifier)' == '.NETCoreApp' and $([MSBuild]::VersionGreaterThanOrEquals($(TargetFrameworkVersion), 5.0)) And ('$(DesignTimeBuild)' != 'true' Or '@(MissingWorkloadPack)' == '')) ╤А╨░╨▓╨╜╨╛ ('' != '' and '.NETCoreApp' == '.NETCoreApp' and True And ('' != 'true' Or '' == '')).
       ╨ж╨╡╨╗╨╡╨▓╨╛╨╣ ╨╛╨▒╤К╨╡╨║╤В "_CheckForMissingWorkload" ╨┐╤А╨╛╨┐╤Г╤Й╨╡╨╜ ╨╕╨╖-╨╖╨░ ╨╜╨╡╨▓╤Л╨┐╨╛╨╗╨╜╨╡╨╜╨╜╨╛╨│╨╛ ╤Г╤Б╨╗╨╛╨▓╨╕╤П; ╨▓╤Л╤А╨░╨╢╨╡╨╜╨╕╨╡ ('@(MissingWorkloadPack)' != '' And '$(DesignTimeBuild)' != 'true') ╤А╨░╨▓╨╜╨╛ ('' != '' And '' != 'true').
   1:7>╨ж╨╡╨╗╨╡╨▓╨╛╨╣ ╨╛╨▒╤К╨╡╨║╤В "GetReferenceAssemblyPaths" ╨▓ ╤Д╨░╨╣╨╗╨╡ "C:\Program Files\dotnet\sdk\9.0.200\Sdks\Microsoft.NET.Sdk\targets\Microsoft.NET.DisableStandardFrameworkResolution.targets" ╨╕╨╖ ╨┐╤А╨╛╨╡╨║╤В╨░ "C:\Users\user\OneDrive\╨а╨░╨▒╨╛╤З╨╕╨╣ ╤Б╤В╨╛╨╗\regi\WebApplication15\WebApplication15.csproj" (╤Ж╨╡╨╗╨╡╨▓╨╛╨╣ ╨╛╨▒╤К╨╡╨║╤В "PrepareForBuild" ╨╖╨░╨▓╨╕╤Б╨╕╤В ╨╛╤В ╨╜╨╡╨│╨╛):
   1:7>╨б╨▒╨╛╤А╨║╨░ ╤Ж╨╡╨╗╨╡╨▓╨╛╨│╨╛ ╨╛╨▒╤К╨╡╨║╤В╨░ "GetReferenceAssemblyPaths" ╨▓ ╨┐╤А╨╛╨╡╨║╤В╨╡ "WebApplication15.csproj" ╨╖╨░╨▓╨╡╤А╤И╨╡╨╜╨░.
       ╨ж╨╡╨╗╨╡╨▓╨╛╨╣ ╨╛╨▒╤К╨╡╨║╤В "AssignLinkMetadata" ╨┐╤А╨╛╨┐╤Г╤Й╨╡╨╜ ╨╕╨╖-╨╖╨░ ╨╜╨╡╨▓╤Л╨┐╨╛╨╗╨╜╨╡╨╜╨╜╨╛╨│╨╛ ╤Г╤Б╨╗╨╛╨▓╨╕╤П; ╨▓╤Л╤А╨░╨╢╨╡╨╜╨╕╨╡ ( '$(SynthesizeLinkMetadata)' == 'true' ) ╤А╨░╨▓╨╜╨╛ ( '' == 'true' ).
   1:7>╨ж╨╡╨╗╨╡╨▓╨╛╨╣ ╨╛╨▒╤К╨╡╨║╤В "ResolveRazorGenerateInputs" ╨▓ ╤Д╨░╨╣╨╗╨╡ "C:\Program Files\dotnet\sdk\9.0.200\Sdks\Microsoft.NET.Sdk.Razor\targets\Sdk.Razor.CurrentVersion.targets" ╨╕╨╖ ╨┐╤А╨╛╨╡╨║╤В╨░ "C:\Users\user\OneDrive\╨а╨░╨▒╨╛╤З╨╕╨╣ ╤Б╤В╨╛╨╗\regi\WebApplication15\WebApplication15.csproj" (╤Ж╨╡╨╗╨╡╨▓╨╛╨╣ ╨╛╨▒╤К╨╡╨║╤В "PrepareForBuild" ╨╖╨░╨▓╨╕╤Б╨╕╤В ╨╛╤В ╨╜╨╡╨│╨╛):
   1:7>╨б╨▒╨╛╤А╨║╨░ ╤Ж╨╡╨╗╨╡╨▓╨╛╨│╨╛ ╨╛╨▒╤К╨╡╨║╤В╨░ "ResolveRazorGenerateInputs" ╨▓ ╨┐╤А╨╛╨╡╨║╤В╨╡ "WebApplication15.csproj" ╨╖╨░╨▓╨╡╤А╤И╨╡╨╜╨░.
       ╨ж╨╡╨╗╨╡╨▓╨╛╨╣ ╨╛╨▒╤К╨╡╨║╤В "_VerifyPackReleaseConfigurations" ╨┐╤А╨╛╨┐╤Г╤Й╨╡╨╜ ╨╕╨╖-╨╖╨░ ╨╜╨╡╨▓╤Л╨┐╨╛╨╗╨╜╨╡╨╜╨╜╨╛╨│╨╛ ╤Г╤Б╨╗╨╛╨▓╨╕╤П; ╨▓╤Л╤А╨░╨╢╨╡╨╜╨╕╨╡ ('$(_IsPacking)' == 'true' and '$(DOTNET_CLI_DISABLE_PUBLISH_AND_PACK_RELEASE)' != 'true' and '$(DOTNET_CLI_LAZY_PUBLISH_AND_PACK_RELEASE_FOR_SOLUTIONS)' == 'true') ╤А╨░╨▓╨╜╨╛ ('' == 'true' and '' != 'true' and '' == 'true').
   1:7>╨ж╨╡╨╗╨╡╨▓╨╛╨╣ ╨╛╨▒╤К╨╡╨║╤В "PrepareForBuild" ╨▓ ╤Д╨░╨╣╨╗╨╡ "C:\Program Files\dotnet\sdk\9.0.200\Microsoft.Common.CurrentVersion.targets" ╨╕╨╖ ╨┐╤А╨╛╨╡╨║╤В╨░ "C:\Users\user\OneDrive\╨а╨░╨▒╨╛╤З╨╕╨╣ ╤Б╤В╨╛╨╗\regi\WebApplication15\WebApplication15.csproj" (╤Ж╨╡╨╗╨╡╨▓╨╛╨╣ ╨╛╨▒╤К╨╡╨║╤В "CoreBuild" ╨╖╨░╨▓╨╕╤Б╨╕╤В ╨╛╤В ╨╜╨╡╨│╨╛):
       ╨Ш╤Б╨┐╨╛╨╗╤М╨╖╤Г╨╡╤В╤Б╤П ╨╖╨░╨┤╨░╤З╨░ "FindAppConfigFile" ╨╕╨╖ ╤Б╨▒╨╛╤А╨║╨╕ "Microsoft.Build.Tasks.Core, Version=15.1.0.0, Culture=neutral, PublicKeyToken=b03f5f7f11d50a3a".
       ╨Ч╨░╨┤╨░╤З╨░ "FindAppConfigFile"
       ╨Т╤Л╨┐╨╛╨╗╨╜╨╡╨╜╨╕╨╡ ╨╖╨░╨┤╨░╤З╨╕ "FindAppConfigFile" ╨╖╨░╨▓╨╡╤А╤И╨╡╨╜╨╛.
       ╨Ш╤Б╨┐╨╛╨╗╤М╨╖╤Г╨╡╤В╤Б╤П ╨╖╨░╨┤╨░╤З╨░ "MakeDir" ╨╕╨╖ ╤Б╨▒╨╛╤А╨║╨╕ "Microsoft.Build.Tasks.Core, Version=15.1.0.0, Culture=neutral, PublicKeyToken=b03f5f7f11d50a3a".
       ╨Ч╨░╨┤╨░╤З╨░ "MakeDir"
       ╨Т╤Л╨┐╨╛╨╗╨╜╨╡╨╜╨╕╨╡ ╨╖╨░╨┤╨░╤З╨╕ "MakeDir" ╨╖╨░╨▓╨╡╤А╤И╨╡╨╜╨╛.
   1:7>╨б╨▒╨╛╤А╨║╨░ ╤Ж╨╡╨╗╨╡╨▓╨╛╨│╨╛ ╨╛╨▒╤К╨╡╨║╤В╨░ "PrepareForBuild" ╨▓ ╨┐╤А╨╛╨╡╨║╤В╨╡ "WebApplication15.csproj" ╨╖╨░╨▓╨╡╤А╤И╨╡╨╜╨░.
   1:7>╨ж╨╡╨╗╨╡╨▓╨╛╨╣ ╨╛╨▒╤К╨╡╨║╤В "GenerateGlobalUsings" ╨▓ ╤Д╨░╨╣╨╗╨╡ "C:\Program Files\dotnet\sdk\9.0.200\Sdks\Microsoft.NET.Sdk\targets\Microsoft.NET.GenerateGlobalUsings.targets" ╨╕╨╖ ╨┐╤А╨╛╨╡╨║╤В╨░ "C:\Users\user\OneDrive\╨а╨░╨▒╨╛╤З╨╕╨╣ ╤Б╤В╨╛╨╗\regi\WebApplication15\WebApplication15.csproj" (╤Ж╨╡╨╗╨╡╨▓╨╛╨╣ ╨╛╨▒╤К╨╡╨║╤В "CoreBuild" ╨╖╨░╨▓╨╕╤Б╨╕╤В ╨╛╤В ╨╜╨╡╨│╨╛):
       ╨Ш╤Б╨┐╨╛╨╗╤М╨╖╤Г╨╡╤В╤Б╤П ╨╖╨░╨┤╨░╤З╨░ "GenerateGlobalUsings" ╨╕╨╖ ╤Б╨▒╨╛╤А╨║╨╕ "C:\Program Files\dotnet\sdk\9.0.200\Sdks\Microsoft.NET.Sdk\targets\..\tools\net9.0\Microsoft.NET.Build.Tasks.dll".
       ╨Ч╨░╨┤╨░╤З╨░ "GenerateGlobalUsings"
       ╨Т╤Л╨┐╨╛╨╗╨╜╨╡╨╜╨╕╨╡ ╨╖╨░╨┤╨░╤З╨╕ "GenerateGlobalUsings" ╨╖╨░╨▓╨╡╤А╤И╨╡╨╜╨╛.
       ╨Ш╤Б╨┐╨╛╨╗╤М╨╖╤Г╨╡╤В╤Б╤П ╨╖╨░╨┤╨░╤З╨░ "WriteLinesToFile" ╨╕╨╖ ╤Б╨▒╨╛╤А╨║╨╕ "Microsoft.Build.Tasks.Core, Version=15.1.0.0, Culture=neutral, PublicKeyToken=b03f5f7f11d50a3a".
       ╨Ч╨░╨┤╨░╤З╨░ "WriteLinesToFile"
         ╨Я╤А╨╛╨┐╤Г╤Б╨║╨░╨╡╤В╤Б╤П ╨╖╨░╨┐╨╕╤Б╤М ╨▓ ╤Д╨░╨╣╨╗ "obj\Debug\net9.0\WebApplication15.GlobalUsings.g.cs", ╤В╨░╨║ ╨║╨░╨║ ╤Б╨╛╨┤╨╡╤А╨╢╨╕╨╝╨╛╨╡ ╨╜╨╡ ╨╕╨╖╨╝╨╡╨╜╤П╨╡╤В╤Б╤П.
       ╨Т╤Л╨┐╨╛╨╗╨╜╨╡╨╜╨╕╨╡ ╨╖╨░╨┤╨░╤З╨╕ "WriteLinesToFile" ╨╖╨░╨▓╨╡╤А╤И╨╡╨╜╨╛.
   1:7>╨б╨▒╨╛╤А╨║╨░ ╤Ж╨╡╨╗╨╡╨▓╨╛╨│╨╛ ╨╛╨▒╤К╨╡╨║╤В╨░ "GenerateGlobalUsings" ╨▓ ╨┐╤А╨╛╨╡╨║╤В╨╡ "WebApplication15.csproj" ╨╖╨░╨▓╨╡╤А╤И╨╡╨╜╨░.
       ╨ж╨╡╨╗╨╡╨▓╨╛╨╣ ╨╛╨▒╤К╨╡╨║╤В "PreBuildEvent" ╨┐╤А╨╛╨┐╤Г╤Й╨╡╨╜ ╨╕╨╖-╨╖╨░ ╨╜╨╡╨▓╤Л╨┐╨╛╨╗╨╜╨╡╨╜╨╜╨╛╨│╨╛ ╤Г╤Б╨╗╨╛╨▓╨╕╤П; ╨▓╤Л╤А╨░╨╢╨╡╨╜╨╕╨╡ ('$(PreBuildEvent)'!='') ╤А╨░╨▓╨╜╨╛ (''!='').
   1:7>╨ж╨╡╨╗╨╡╨▓╨╛╨╣ ╨╛╨▒╤К╨╡╨║╤В "BeforeResolveReferences" ╨▓ ╤Д╨░╨╣╨╗╨╡ "C:\Program Files\dotnet\sdk\9.0.200\Microsoft.Common.CurrentVersion.targets" ╨╕╨╖ ╨┐╤А╨╛╨╡╨║╤В╨░ "C:\Users\user\OneDrive\╨а╨░╨▒╨╛╤З╨╕╨╣ ╤Б╤В╨╛╨╗\regi\WebApplication15\WebApplication15.csproj" (╤Ж╨╡╨╗╨╡╨▓╨╛╨╣ ╨╛╨▒╤К╨╡╨║╤В "ResolveReferences" ╨╖╨░╨▓╨╕╤Б╨╕╤В ╨╛╤В ╨╜╨╡╨│╨╛):
   1:7>╨б╨▒╨╛╤А╨║╨░ ╤Ж╨╡╨╗╨╡╨▓╨╛╨│╨╛ ╨╛╨▒╤К╨╡╨║╤В╨░ "BeforeResolveReferences" ╨▓ ╨┐╤А╨╛╨╡╨║╤В╨╡ "WebApplication15.csproj" ╨╖╨░╨▓╨╡╤А╤И╨╡╨╜╨░.
       ╨ж╨╡╨╗╨╡╨▓╨╛╨╣ ╨╛╨▒╤К╨╡╨║╤В "AssignProjectConfiguration" ╨┐╤А╨╛╨┐╤Г╤Й╨╡╨╜ ╨╕╨╖-╨╖╨░ ╨╜╨╡╨▓╤Л╨┐╨╛╨╗╨╜╨╡╨╜╨╜╨╛╨│╨╛ ╤Г╤Б╨╗╨╛╨▓╨╕╤П; ╨▓╤Л╤А╨░╨╢╨╡╨╜╨╕╨╡ ('$(CurrentSolutionConfigurationContents)' != '' or '@(ProjectReference)'!='') ╤А╨░╨▓╨╜╨╛ ('' != '' or ''!='').
   1:7>╨ж╨╡╨╗╨╡╨▓╨╛╨╣ ╨╛╨▒╤К╨╡╨║╤В "IgnoreJavaScriptOutputAssembly" ╨▓ ╤Д╨░╨╣╨╗╨╡ "C:\Program Files\dotnet\sdk\9.0.200\Microsoft.Common.CurrentVersion.targets" ╨╕╨╖ ╨┐╤А╨╛╨╡╨║╤В╨░ "C:\Users\user\OneDrive\╨а╨░╨▒╨╛╤З╨╕╨╣ ╤Б╤В╨╛╨╗\regi\WebApplication15\WebApplication15.csproj" (╤Ж╨╡╨╗╨╡╨▓╨╛╨╣ ╨╛╨▒╤К╨╡╨║╤В "AssignProjectConfiguration" ╨╖╨░╨▓╨╕╤Б╨╕╤В ╨╛╤В ╨╜╨╡╨│╨╛):
   1:7>╨б╨▒╨╛╤А╨║╨░ ╤Ж╨╡╨╗╨╡╨▓╨╛╨│╨╛ ╨╛╨▒╤К╨╡╨║╤В╨░ "IgnoreJavaScriptOutputAssembly" ╨▓ ╨┐╤А╨╛╨╡╨║╤В╨╡ "WebApplication15.csproj" ╨╖╨░╨▓╨╡╤А╤И╨╡╨╜╨░.
       ╨ж╨╡╨╗╨╡╨▓╨╛╨╣ ╨╛╨▒╤К╨╡╨║╤В "ProcessFrameworkReferences" ╨┐╤А╨╛╨┐╤Г╤Й╨╡╨╜. ╨Я╤А╨╡╨┤╤Л╨┤╤Г╤Й╨░╤П ╤Б╨▒╨╛╤А╨║╨░ ╤Г╤Б╨┐╨╡╤И╨╜╨░.
   1:7>╨ж╨╡╨╗╨╡╨▓╨╛╨╣ ╨╛╨▒╤К╨╡╨║╤В "_DefaultMicrosoftNETPlatformLibrary" ╨▓ ╤Д╨░╨╣╨╗╨╡ "C:\Program Files\dotnet\sdk\9.0.200\Sdks\Microsoft.NET.Sdk\targets\Microsoft.NET.Sdk.Shared.targets" ╨╕╨╖ ╨┐╤А╨╛╨╡╨║╤В╨░ "C:\Users\user\OneDrive\╨а╨░╨▒╨╛╤З╨╕╨╣ ╤Б╤В╨╛╨╗\regi\WebApplication15\WebApplication15.csproj" (╤Ж╨╡╨╗╨╡╨▓╨╛╨╣ ╨╛╨▒╤К╨╡╨║╤В "ResolvePackageAssets" ╨╖╨░╨▓╨╕╤Б╨╕╤В ╨╛╤В ╨╜╨╡╨│╨╛):
   1:7>╨б╨▒╨╛╤А╨║╨░ ╤Ж╨╡╨╗╨╡╨▓╨╛╨│╨╛ ╨╛╨▒╤К╨╡╨║╤В╨░ "_DefaultMicrosoftNETPlatformLibrary" ╨▓ ╨┐╤А╨╛╨╡╨║╤В╨╡ "WebApplication15.csproj" ╨╖╨░╨▓╨╡╤А╤И╨╡╨╜╨░.
   1:7>╨ж╨╡╨╗╨╡╨▓╨╛╨╣ ╨╛╨▒╤К╨╡╨║╤В "_ComputePackageReferencePublish" ╨▓ ╤Д╨░╨╣╨╗╨╡ "C:\Program Files\dotnet\sdk\9.0.200\Sdks\Microsoft.NET.Sdk\targets\Microsoft.NET.Sdk.Shared.targets" ╨╕╨╖ ╨┐╤А╨╛╨╡╨║╤В╨░ "C:\Users\user\OneDrive\╨а╨░╨▒╨╛╤З╨╕╨╣ ╤Б╤В╨╛╨╗\regi\WebApplication15\WebApplication15.csproj" (╤Ж╨╡╨╗╨╡╨▓╨╛╨╣ ╨╛╨▒╤К╨╡╨║╤В "ResolvePackageAssets" ╨╖╨░╨▓╨╕╤Б╨╕╤В ╨╛╤В ╨╜╨╡╨│╨╛):
   1:7>╨б╨▒╨╛╤А╨║╨░ ╤Ж╨╡╨╗╨╡╨▓╨╛╨│╨╛ ╨╛╨▒╤К╨╡╨║╤В╨░ "_ComputePackageReferencePublish" ╨▓ ╨┐╤А╨╛╨╡╨║╤В╨╡ "WebApplication15.csproj" ╨╖╨░╨▓╨╡╤А╤И╨╡╨╜╨░.
       ╨ж╨╡╨╗╨╡╨▓╨╛╨╣ ╨╛╨▒╤К╨╡╨║╤В "_ResolveCompilerVersion" ╨┐╤А╨╛╨┐╤Г╤Й╨╡╨╜ ╨╕╨╖-╨╖╨░ ╨╜╨╡╨▓╤Л╨┐╨╛╨╗╨╜╨╡╨╜╨╜╨╛╨│╨╛ ╤Г╤Б╨╗╨╛╨▓╨╕╤П; ╨▓╤Л╤А╨░╨╢╨╡╨╜╨╕╨╡ ('$(CompilerApiVersion)' == '' And
                            ('$(Language)' == 'C#' Or '$(Language)' == 'VB') And
                            Exists('$(RoslynTargetsPath)\Microsoft.Build.Tasks.CodeAnalysis.dll')) ╤А╨░╨▓╨╜╨╛ ('roslyn4.13' == '' And
                            ('C#' == 'C#' Or 'C#' == 'VB') And
                            Exists('C:\Program Files\dotnet\sdk\9.0.200\Roslyn\Microsoft.Build.Tasks.CodeAnalysis.dll')).
   1:7>╨ж╨╡╨╗╨╡╨▓╨╛╨╣ ╨╛╨▒╤К╨╡╨║╤В "ResolvePackageAssets" ╨▓ ╤Д╨░╨╣╨╗╨╡ "C:\Program Files\dotnet\sdk\9.0.200\Sdks\Microsoft.NET.Sdk\targets\Microsoft.PackageDependencyResolution.targets" ╨╕╨╖ ╨┐╤А╨╛╨╡╨║╤В╨░ "C:\Users\user\OneDrive\╨а╨░╨▒╨╛╤З╨╕╨╣ ╤Б╤В╨╛╨╗\regi\WebApplication15\WebApplication15.csproj" (╤Ж╨╡╨╗╨╡╨▓╨╛╨╣ ╨╛╨▒╤К╨╡╨║╤В "ResolveLockFileReferences" ╨╖╨░╨▓╨╕╤Б╨╕╤В ╨╛╤В ╨╜╨╡╨│╨╛):
       ╨Ш╤Б╨┐╨╛╨╗╤М╨╖╤Г╨╡╤В╤Б╤П ╨╖╨░╨┤╨░╤З╨░ "ResolvePackageAssets" ╨╕╨╖ ╤Б╨▒╨╛╤А╨║╨╕ "C:\Program Files\dotnet\sdk\9.0.200\Sdks\Microsoft.NET.Sdk\targets\..\tools\net9.0\Microsoft.NET.Build.Tasks.dll".
       ╨Ч╨░╨┤╨░╤З╨░ "ResolvePackageAssets"
       ╨Т╤Л╨┐╨╛╨╗╨╜╨╡╨╜╨╕╨╡ ╨╖╨░╨┤╨░╤З╨╕ "ResolvePackageAssets" ╨╖╨░╨▓╨╡╤А╤И╨╡╨╜╨╛.
   1:7>╨б╨▒╨╛╤А╨║╨░ ╤Ж╨╡╨╗╨╡╨▓╨╛╨│╨╛ ╨╛╨▒╤К╨╡╨║╤В╨░ "ResolvePackageAssets" ╨▓ ╨┐╤А╨╛╨╡╨║╤В╨╡ "WebApplication15.csproj" ╨╖╨░╨▓╨╡╤А╤И╨╡╨╜╨░.
       ╨ж╨╡╨╗╨╡╨▓╨╛╨╣ ╨╛╨▒╤К╨╡╨║╤В "AdjustDefaultPlatformTargetForNetFrameworkExeWithNoNativeCopyLocalItems" ╨┐╤А╨╛╨┐╤Г╤Й╨╡╨╜ ╨╕╨╖-╨╖╨░ ╨╜╨╡╨▓╤Л╨┐╨╛╨╗╨╜╨╡╨╜╨╜╨╛╨│╨╛ ╤Г╤Б╨╗╨╛╨▓╨╕╤П; ╨▓╤Л╤А╨░╨╢╨╡╨╜╨╕╨╡ ('$(_UsingDefaultPlatformTarget)' == 'true' and
                            '$(_UsingDefaultRuntimeIdentifier)' == 'true') ╤А╨░╨▓╨╜╨╛ ('true' == 'true' and
                            '' == 'true').
       ╨ж╨╡╨╗╨╡╨▓╨╛╨╣ ╨╛╨▒╤К╨╡╨║╤В "_CheckForTransitiveWindowsDesktopDependencies" ╨┐╤А╨╛╨┐╤Г╤Й╨╡╨╜ ╨╕╨╖-╨╖╨░ ╨╜╨╡╨▓╤Л╨┐╨╛╨╗╨╜╨╡╨╜╨╜╨╛╨│╨╛ ╤Г╤Б╨╗╨╛╨▓╨╕╤П; ╨▓╤Л╤А╨░╨╢╨╡╨╜╨╕╨╡ ('$(TargetFrameworkIdentifier)' == '.NETCoreApp' and $([MSBuild]::VersionGreaterThanOrEquals($(_TargetFrameworkVersionWithoutV), '5.0')) and '$(TargetPlatformIdentifier)' != 'Windows' and '@(TransitiveFrameworkReference)' != '') ╤А╨░╨▓╨╜╨╛ ('.NETCoreApp' == '.NETCoreApp' and True and '' != 'Windows' and '' != '').
       ╨ж╨╡╨╗╨╡╨▓╨╛╨╣ ╨╛╨▒╤К╨╡╨║╤В "AddTransitiveFrameworkReferences" ╨┐╤А╨╛╨┐╤Г╤Й╨╡╨╜ ╨╕╨╖-╨╖╨░ ╨╜╨╡╨▓╤Л╨┐╨╛╨╗╨╜╨╡╨╜╨╜╨╛╨│╨╛ ╤Г╤Б╨╗╨╛╨▓╨╕╤П; ╨▓╤Л╤А╨░╨╢╨╡╨╜╨╕╨╡ ('@(TransitiveFrameworkReference)' != '') ╤А╨░╨▓╨╜╨╛ ('' != '').
   1:7>╨ж╨╡╨╗╨╡╨▓╨╛╨╣ ╨╛╨▒╤К╨╡╨║╤В "ResolveLockFileReferences" ╨▓ ╤Д╨░╨╣╨╗╨╡ "C:\Program Files\dotnet\sdk\9.0.200\Sdks\Microsoft.NET.Sdk\targets\Microsoft.PackageDependencyResolution.targets" ╨╕╨╖ ╨┐╤А╨╛╨╡╨║╤В╨░ "C:\Users\user\OneDrive\╨а╨░╨▒╨╛╤З╨╕╨╣ ╤Б╤В╨╛╨╗\regi\WebApplication15\WebApplication15.csproj" (╤Ж╨╡╨╗╨╡╨▓╨╛╨╣ ╨╛╨▒╤К╨╡╨║╤В "ResolvePackageDependenciesForBuild" ╨╖╨░╨▓╨╕╤Б╨╕╤В ╨╛╤В ╨╜╨╡╨│╨╛):
       ╨Ш╤Б╨┐╨╛╨╗╤М╨╖╤Г╨╡╤В╤Б╤П ╨╖╨░╨┤╨░╤З╨░ "JoinItems" ╨╕╨╖ ╤Б╨▒╨╛╤А╨║╨╕ "C:\Program Files\dotnet\sdk\9.0.200\Sdks\Microsoft.NET.Sdk\targets\..\tools\net9.0\Microsoft.NET.Build.Tasks.dll".
       ╨Ч╨░╨┤╨░╤З╨░ "JoinItems"
       ╨Т╤Л╨┐╨╛╨╗╨╜╨╡╨╜╨╕╨╡ ╨╖╨░╨┤╨░╤З╨╕ "JoinItems" ╨╖╨░╨▓╨╡╤А╤И╨╡╨╜╨╛.
   1:7>╨б╨▒╨╛╤А╨║╨░ ╤Ж╨╡╨╗╨╡╨▓╨╛╨│╨╛ ╨╛╨▒╤К╨╡╨║╤В╨░ "ResolveLockFileReferences" ╨▓ ╨┐╤А╨╛╨╡╨║╤В╨╡ "WebApplication15.csproj" ╨╖╨░╨▓╨╡╤А╤И╨╡╨╜╨░.
       ╨ж╨╡╨╗╨╡╨▓╨╛╨╣ ╨╛╨▒╤К╨╡╨║╤В "ResolvePackageAssets" ╨┐╤А╨╛╨┐╤Г╤Й╨╡╨╜. ╨Я╤А╨╡╨┤╤Л╨┤╤Г╤Й╨░╤П ╤Б╨▒╨╛╤А╨║╨░ ╤Г╤Б╨┐╨╡╤И╨╜╨░.
   1:7>╨ж╨╡╨╗╨╡╨▓╨╛╨╣ ╨╛╨▒╤К╨╡╨║╤В "ResolveLockFileAnalyzers" ╨▓ ╤Д╨░╨╣╨╗╨╡ "C:\Program Files\dotnet\sdk\9.0.200\Sdks\Microsoft.NET.Sdk\targets\Microsoft.PackageDependencyResolution.targets" ╨╕╨╖ ╨┐╤А╨╛╨╡╨║╤В╨░ "C:\Users\user\OneDrive\╨а╨░╨▒╨╛╤З╨╕╨╣ ╤Б╤В╨╛╨╗\regi\WebApplication15\WebApplication15.csproj" (╤Ж╨╡╨╗╨╡╨▓╨╛╨╣ ╨╛╨▒╤К╨╡╨║╤В "ResolvePackageDependenciesForBuild" ╨╖╨░╨▓╨╕╤Б╨╕╤В ╨╛╤В ╨╜╨╡╨│╨╛):
   1:7>╨б╨▒╨╛╤А╨║╨░ ╤Ж╨╡╨╗╨╡╨▓╨╛╨│╨╛ ╨╛╨▒╤К╨╡╨║╤В╨░ "ResolveLockFileAnalyzers" ╨▓ ╨┐╤А╨╛╨╡╨║╤В╨╡ "WebApplication15.csproj" ╨╖╨░╨▓╨╡╤А╤И╨╡╨╜╨░.
       ╨ж╨╡╨╗╨╡╨▓╨╛╨╣ ╨╛╨▒╤К╨╡╨║╤В "ResolvePackageAssets" ╨┐╤А╨╛╨┐╤Г╤Й╨╡╨╜. ╨Я╤А╨╡╨┤╤Л╨┤╤Г╤Й╨░╤П ╤Б╨▒╨╛╤А╨║╨░ ╤Г╤Б╨┐╨╡╤И╨╜╨░.
       ╨ж╨╡╨╗╨╡╨▓╨╛╨╣ ╨╛╨▒╤К╨╡╨║╤В "RunProduceContentAssets" ╨┐╤А╨╛╨┐╤Г╤Й╨╡╨╜ ╨╕╨╖-╨╖╨░ ╨╜╨╡╨▓╤Л╨┐╨╛╨╗╨╜╨╡╨╜╨╜╨╛╨│╨╛ ╤Г╤Б╨╗╨╛╨▓╨╕╤П; ╨▓╤Л╤А╨░╨╢╨╡╨╜╨╕╨╡ ('@(_ContentFilesToPreprocess)' != '' and '$(_CleaningWithoutRebuilding)' != 'true') ╤А╨░╨▓╨╜╨╛ ('' != '' and '' != 'true').
   1:7>╨ж╨╡╨╗╨╡╨▓╨╛╨╣ ╨╛╨▒╤К╨╡╨║╤В "ResolveLockFileCopyLocalFiles" ╨▓ ╤Д╨░╨╣╨╗╨╡ "C:\Program Files\dotnet\sdk\9.0.200\Sdks\Microsoft.NET.Sdk\targets\Microsoft.PackageDependencyResolution.targets" ╨╕╨╖ ╨┐╤А╨╛╨╡╨║╤В╨░ "C:\Users\user\OneDrive\╨а╨░╨▒╨╛╤З╨╕╨╣ ╤Б╤В╨╛╨╗\regi\WebApplication15\WebApplication15.csproj" (╤Ж╨╡╨╗╨╡╨▓╨╛╨╣ ╨╛╨▒╤К╨╡╨║╤В "ResolvePackageDependenciesForBuild" ╨╖╨░╨▓╨╕╤Б╨╕╤В ╨╛╤В ╨╜╨╡╨│╨╛):
   1:7>╨б╨▒╨╛╤А╨║╨░ ╤Ж╨╡╨╗╨╡╨▓╨╛╨│╨╛ ╨╛╨▒╤К╨╡╨║╤В╨░ "ResolveLockFileCopyLocalFiles" ╨▓ ╨┐╤А╨╛╨╡╨║╤В╨╡ "WebApplication15.csproj" ╨╖╨░╨▓╨╡╤А╤И╨╡╨╜╨░.
       ╨ж╨╡╨╗╨╡╨▓╨╛╨╣ ╨╛╨▒╤К╨╡╨║╤В "ResolveRuntimePackAssets" ╨┐╤А╨╛╨┐╤Г╤Й╨╡╨╜ ╨╕╨╖-╨╖╨░ ╨╜╨╡╨▓╤Л╨┐╨╛╨╗╨╜╨╡╨╜╨╜╨╛╨│╨╛ ╤Г╤Б╨╗╨╛╨▓╨╕╤П; ╨▓╤Л╤А╨░╨╢╨╡╨╜╨╕╨╡ ('@(RuntimePack)' != '') ╤А╨░╨▓╨╜╨╛ ('' != '').
       ╨ж╨╡╨╗╨╡╨▓╨╛╨╣ ╨╛╨▒╤К╨╡╨║╤В "RunProduceContentAssets" ╨┐╤А╨╛╨┐╤Г╤Й╨╡╨╜ ╨╕╨╖-╨╖╨░ ╨╜╨╡╨▓╤Л╨┐╨╛╨╗╨╜╨╡╨╜╨╜╨╛╨│╨╛ ╤Г╤Б╨╗╨╛╨▓╨╕╤П; ╨▓╤Л╤А╨░╨╢╨╡╨╜╨╕╨╡ ('@(_ContentFilesToPreprocess)' != '' and '$(_CleaningWithoutRebuilding)' != 'true') ╤А╨░╨▓╨╜╨╛ ('' != '' and '' != 'true').
       ╨ж╨╡╨╗╨╡╨▓╨╛╨╣ ╨╛╨▒╤К╨╡╨║╤В "ResolvePackageAssets" ╨┐╤А╨╛╨┐╤Г╤Й╨╡╨╜. ╨Я╤А╨╡╨┤╤Л╨┤╤Г╤Й╨░╤П ╤Б╨▒╨╛╤А╨║╨░ ╤Г╤Б╨┐╨╡╤И╨╜╨░.
   1:7>╨ж╨╡╨╗╨╡╨▓╨╛╨╣ ╨╛╨▒╤К╨╡╨║╤В "IncludeTransitiveProjectReferences" ╨▓ ╤Д╨░╨╣╨╗╨╡ "C:\Program Files\dotnet\sdk\9.0.200\Sdks\Microsoft.NET.Sdk\targets\Microsoft.PackageDependencyResolution.targets" ╨╕╨╖ ╨┐╤А╨╛╨╡╨║╤В╨░ "C:\Users\user\OneDrive\╨а╨░╨▒╨╛╤З╨╕╨╣ ╤Б╤В╨╛╨╗\regi\WebApplication15\WebApplication15.csproj" (╤Ж╨╡╨╗╨╡╨▓╨╛╨╣ ╨╛╨▒╤К╨╡╨║╤В "ResolvePackageDependenciesForBuild" ╨╖╨░╨▓╨╕╤Б╨╕╤В ╨╛╤В ╨╜╨╡╨│╨╛):
   1:7>╨б╨▒╨╛╤А╨║╨░ ╤Ж╨╡╨╗╨╡╨▓╨╛╨│╨╛ ╨╛╨▒╤К╨╡╨║╤В╨░ "IncludeTransitiveProjectReferences" ╨▓ ╨┐╤А╨╛╨╡╨║╤В╨╡ "WebApplication15.csproj" ╨╖╨░╨▓╨╡╤А╤И╨╡╨╜╨░.
   1:7>╨ж╨╡╨╗╨╡╨▓╨╛╨╣ ╨╛╨▒╤К╨╡╨║╤В "ResolvePackageDependenciesForBuild" ╨▓ ╤Д╨░╨╣╨╗╨╡ "C:\Program Files\dotnet\sdk\9.0.200\Sdks\Microsoft.NET.Sdk\targets\Microsoft.PackageDependencyResolution.targets" ╨╕╨╖ ╨┐╤А╨╛╨╡╨║╤В╨░ "C:\Users\user\OneDrive\╨а╨░╨▒╨╛╤З╨╕╨╣ ╤Б╤В╨╛╨╗\regi\WebApplication15\WebApplication15.csproj" (╤Ж╨╡╨╗╨╡╨▓╨╛╨╣ ╨╛╨▒╤К╨╡╨║╤В "AssignProjectConfiguration" ╨╖╨░╨▓╨╕╤Б╨╕╤В ╨╛╤В ╨╜╨╡╨│╨╛):
   1:7>╨б╨▒╨╛╤А╨║╨░ ╤Ж╨╡╨╗╨╡╨▓╨╛╨│╨╛ ╨╛╨▒╤К╨╡╨║╤В╨░ "ResolvePackageDependenciesForBuild" ╨▓ ╨┐╤А╨╛╨╡╨║╤В╨╡ "WebApplication15.csproj" ╨╖╨░╨▓╨╡╤А╤И╨╡╨╜╨░.
       ╨ж╨╡╨╗╨╡╨▓╨╛╨╣ ╨╛╨▒╤К╨╡╨║╤В "_System_Text_JsonAnalyzerMultiTargeting" ╨┐╤А╨╛╨┐╤Г╤Й╨╡╨╜ ╨╕╨╖-╨╖╨░ ╨╜╨╡╨▓╤Л╨┐╨╛╨╗╨╜╨╡╨╜╨╜╨╛╨│╨╛ ╤Г╤Б╨╗╨╛╨▓╨╕╤П; ╨▓╤Л╤А╨░╨╢╨╡╨╜╨╕╨╡ ('$(SupportsRoslynComponentVersioning)' != 'true') ╤А╨░╨▓╨╜╨╛ ('true' != 'true').
       ╨ж╨╡╨╗╨╡╨▓╨╛╨╣ ╨╛╨▒╤К╨╡╨║╤В "_System_Text_JsonRemoveAnalyzers" ╨┐╤А╨╛╨┐╤Г╤Й╨╡╨╜ ╨╕╨╖-╨╖╨░ ╨╜╨╡╨▓╤Л╨┐╨╛╨╗╨╜╨╡╨╜╨╜╨╛╨│╨╛ ╤Г╤Б╨╗╨╛╨▓╨╕╤П; ╨▓╤Л╤А╨░╨╢╨╡╨╜╨╕╨╡ ('$(DisableSystemTextJsonSourceGenerator)' == 'true') ╤А╨░╨▓╨╜╨╛ ('' == 'true').
       ╨ж╨╡╨╗╨╡╨▓╨╛╨╣ ╨╛╨▒╤К╨╡╨║╤В "_Microsoft_Extensions_OptionsAnalyzerMultiTargeting" ╨┐╤А╨╛╨┐╤Г╤Й╨╡╨╜ ╨╕╨╖-╨╖╨░ ╨╜╨╡╨▓╤Л╨┐╨╛╨╗╨╜╨╡╨╜╨╜╨╛╨│╨╛ ╤Г╤Б╨╗╨╛╨▓╨╕╤П; ╨▓╤Л╤А╨░╨╢╨╡╨╜╨╕╨╡ ('$(SupportsRoslynComponentVersioning)' != 'true') ╤А╨░╨▓╨╜╨╛ ('true' != 'true').
       ╨ж╨╡╨╗╨╡╨▓╨╛╨╣ ╨╛╨▒╤К╨╡╨║╤В "_Microsoft_Extensions_OptionsRemoveAnalyzers" ╨┐╤А╨╛╨┐╤Г╤Й╨╡╨╜ ╨╕╨╖-╨╖╨░ ╨╜╨╡╨▓╤Л╨┐╨╛╨╗╨╜╨╡╨╜╨╜╨╛╨│╨╛ ╤Г╤Б╨╗╨╛╨▓╨╕╤П; ╨▓╤Л╤А╨░╨╢╨╡╨╜╨╕╨╡ ('$(DisableMicrosoftExtensionsOptionsSourceGenerator)' == 'true') ╤А╨░╨▓╨╜╨╛ ('' == 'true').
       ╨ж╨╡╨╗╨╡╨▓╨╛╨╣ ╨╛╨▒╤К╨╡╨║╤В "_Microsoft_Extensions_Logging_AbstractionsAnalyzerMultiTargeting" ╨┐╤А╨╛╨┐╤Г╤Й╨╡╨╜ ╨╕╨╖-╨╖╨░ ╨╜╨╡╨▓╤Л╨┐╨╛╨╗╨╜╨╡╨╜╨╜╨╛╨│╨╛ ╤Г╤Б╨╗╨╛╨▓╨╕╤П; ╨▓╤Л╤А╨░╨╢╨╡╨╜╨╕╨╡ ('$(SupportsRoslynComponentVersioning)' != 'true') ╤А╨░╨▓╨╜╨╛ ('true' != 'true').
       ╨ж╨╡╨╗╨╡╨▓╨╛╨╣ ╨╛╨▒╤К╨╡╨║╤В "_Microsoft_Extensions_Logging_AbstractionsRemoveAnalyzers" ╨┐╤А╨╛╨┐╤Г╤Й╨╡╨╜ ╨╕╨╖-╨╖╨░ ╨╜╨╡╨▓╤Л╨┐╨╛╨╗╨╜╨╡╨╜╨╜╨╛╨│╨╛ ╤Г╤Б╨╗╨╛╨▓╨╕╤П; ╨▓╤Л╤А╨░╨╢╨╡╨╜╨╕╨╡ ('$(DisableMicrosoftExtensionsLoggingSourceGenerator)' == 'true') ╤А╨░╨▓╨╜╨╛ ('' == 'true').
       ╨ж╨╡╨╗╨╡╨▓╨╛╨╣ ╨╛╨▒╤К╨╡╨║╤В "AssignProjectConfiguration" ╨┐╤А╨╛╨┐╤Г╤Й╨╡╨╜ ╨╕╨╖-╨╖╨░ ╨╜╨╡╨▓╤Л╨┐╨╛╨╗╨╜╨╡╨╜╨╜╨╛╨│╨╛ ╤Г╤Б╨╗╨╛╨▓╨╕╤П; ╨▓╤Л╤А╨░╨╢╨╡╨╜╨╕╨╡ ('$(CurrentSolutionConfigurationContents)' != '' or '@(ProjectReference)'!='') ╤А╨░╨▓╨╜╨╛ ('' != '' or ''!='').
   1:7>╨ж╨╡╨╗╨╡╨▓╨╛╨╣ ╨╛╨▒╤К╨╡╨║╤В "_SplitProjectReferencesByFileExistence" ╨▓ ╤Д╨░╨╣╨╗╨╡ "C:\Program Files\dotnet\sdk\9.0.200\Microsoft.Common.CurrentVersion.targets" ╨╕╨╖ ╨┐╤А╨╛╨╡╨║╤В╨░ "C:\Users\user\OneDrive\╨а╨░╨▒╨╛╤З╨╕╨╣ ╤Б╤В╨╛╨╗\regi\WebApplication15\WebApplication15.csproj" (╤Ж╨╡╨╗╨╡╨▓╨╛╨╣ ╨╛╨▒╤К╨╡╨║╤В "PrepareProjectReferences" ╨╖╨░╨▓╨╕╤Б╨╕╤В ╨╛╤В ╨╜╨╡╨│╨╛):
       ╨Ч╨░╨┤╨░╤З╨░ "ResolveNonMSBuildProjectOutput" ╨┐╤А╨╛╨┐╤Г╤Й╨╡╨╜╨░ ╨╕╨╖-╨╖╨░ ╨╜╨╡╨▓╤Л╨┐╨╛╨╗╨╜╨╡╨╜╨╜╨╛╨│╨╛ ╤Г╤Б╨╗╨╛╨▓╨╕╤П; ╨▓╤Л╤А╨░╨╢╨╡╨╜╨╕╨╡ ('$(BuildingInsideVisualStudio)'=='true' and '@(ProjectReferenceWithConfiguration)'!='') ╤А╨░╨▓╨╜╨╛ (''=='true' and ''!='').
   1:7>╨б╨▒╨╛╤А╨║╨░ ╤Ж╨╡╨╗╨╡╨▓╨╛╨│╨╛ ╨╛╨▒╤К╨╡╨║╤В╨░ "_SplitProjectReferencesByFileExistence" ╨▓ ╨┐╤А╨╛╨╡╨║╤В╨╡ "WebApplication15.csproj" ╨╖╨░╨▓╨╡╤А╤И╨╡╨╜╨░.
   1:7>╨ж╨╡╨╗╨╡╨▓╨╛╨╣ ╨╛╨▒╤К╨╡╨║╤В "_AddOutputPathToGlobalPropertiesToRemove" ╨▓ ╤Д╨░╨╣╨╗╨╡ "C:\Program Files\dotnet\sdk\9.0.200\Microsoft.Common.CurrentVersion.targets" ╨╕╨╖ ╨┐╤А╨╛╨╡╨║╤В╨░ "C:\Users\user\OneDrive\╨а╨░╨▒╨╛╤З╨╕╨╣ ╤Б╤В╨╛╨╗\regi\WebApplication15\WebApplication15.csproj" (╤Ж╨╡╨╗╨╡╨▓╨╛╨╣ ╨╛╨▒╤К╨╡╨║╤В "_GetProjectReferenceTargetFrameworkProperties" ╨╖╨░╨▓╨╕╤Б╨╕╤В ╨╛╤В ╨╜╨╡╨│╨╛):
   1:7>╨б╨▒╨╛╤А╨║╨░ ╤Ж╨╡╨╗╨╡╨▓╨╛╨│╨╛ ╨╛╨▒╤К╨╡╨║╤В╨░ "_AddOutputPathToGlobalPropertiesToRemove" ╨▓ ╨┐╤А╨╛╨╡╨║╤В╨╡ "WebApplication15.csproj" ╨╖╨░╨▓╨╡╤А╤И╨╡╨╜╨░.
   1:7>╨ж╨╡╨╗╨╡╨▓╨╛╨╣ ╨╛╨▒╤К╨╡╨║╤В "_GetProjectReferenceTargetFrameworkProperties" ╨▓ ╤Д╨░╨╣╨╗╨╡ "C:\Program Files\dotnet\sdk\9.0.200\Microsoft.Common.CurrentVersion.targets" ╨╕╨╖ ╨┐╤А╨╛╨╡╨║╤В╨░ "C:\Users\user\OneDrive\╨а╨░╨▒╨╛╤З╨╕╨╣ ╤Б╤В╨╛╨╗\regi\WebApplication15\WebApplication15.csproj" (╤Ж╨╡╨╗╨╡╨▓╨╛╨╣ ╨╛╨▒╤К╨╡╨║╤В "PrepareProjectReferences" ╨╖╨░╨▓╨╕╤Б╨╕╤В ╨╛╤В ╨╜╨╡╨│╨╛):
       ╨Ч╨░╨┤╨░╤З╨░ "MSBuild"
       ╨Т╤Л╨┐╨╛╨╗╨╜╨╡╨╜╨╕╨╡ ╨╖╨░╨┤╨░╤З╨╕ "MSBuild" ╨╖╨░╨▓╨╡╤А╤И╨╡╨╜╨╛.
       ╨Ч╨░╨┤╨░╤З╨░ "MSBuild" ╨┐╤А╨╛╨┐╤Г╤Й╨╡╨╜╨░ ╨╕╨╖-╨╖╨░ ╨╜╨╡╨▓╤Л╨┐╨╛╨╗╨╜╨╡╨╜╨╜╨╛╨│╨╛ ╤Г╤Б╨╗╨╛╨▓╨╕╤П; ╨▓╤Л╤А╨░╨╢╨╡╨╜╨╕╨╡ ('%(_MSBuildProjectReferenceExistent.SkipGetTargetFrameworkProperties)' != 'true' and '$(EnableDynamicPlatformResolution)' == 'true') ╤А╨░╨▓╨╜╨╛ ('' != 'true' and '' == 'true').
       ╨Ч╨░╨┤╨░╤З╨░ "GetReferenceNearestTargetFrameworkTask" ╨┐╤А╨╛╨┐╤Г╤Й╨╡╨╜╨░ ╨╕╨╖-╨╖╨░ ╨╜╨╡╨▓╤Л╨┐╨╛╨╗╨╜╨╡╨╜╨╜╨╛╨│╨╛ ╤Г╤Б╨╗╨╛╨▓╨╕╤П; ╨▓╤Л╤А╨░╨╢╨╡╨╜╨╕╨╡ ('@(_ProjectReferenceTargetFrameworkPossibilities)' != '' and '$(ReferringTargetFrameworkForProjectReferences)' != ''
                                                               And '$(GetReferenceNearestTargetFrameworkTaskSupportsTargetPlatformParameter)' == 'true' and '%(_ProjectReferenceTargetFrameworkPossibilities.IsVcxOrNativeProj)' != 'true') ╤А╨░╨▓╨╜╨╛ ('' != '' and '.NETCoreApp,Version=v9.0' != ''
                                                               And 'true' == 'true' and '' != 'true').
       ╨Ч╨░╨┤╨░╤З╨░ "GetReferenceNearestTargetFrameworkTask" ╨┐╤А╨╛╨┐╤Г╤Й╨╡╨╜╨░ ╨╕╨╖-╨╖╨░ ╨╜╨╡╨▓╤Л╨┐╨╛╨╗╨╜╨╡╨╜╨╜╨╛╨│╨╛ ╤Г╤Б╨╗╨╛╨▓╨╕╤П; ╨▓╤Л╤А╨░╨╢╨╡╨╜╨╕╨╡ ('@(_ProjectReferenceTargetFrameworkPossibilities)' != '' and '$(ReferringTargetFrameworkForProjectReferences)' != ''
                                                               And '$(GetReferenceNearestTargetFrameworkTaskSupportsTargetPlatformParameter)' != 'true' and '%(_ProjectReferenceTargetFrameworkPossibilities.IsVcxOrNativeProj)' != 'true') ╤А╨░╨▓╨╜╨╛ ('' != '' and '.NETCoreApp,Version=v9.0' != ''
                                                               And 'true' != 'true' and '' != 'true').
       ╨Ш╤Б╨┐╨╛╨╗╤М╨╖╤Г╨╡╤В╤Б╤П ╨╖╨░╨┤╨░╤З╨░ "SetRidAgnosticValueForProjects" ╨╕╨╖ ╤Б╨▒╨╛╤А╨║╨╕ "Microsoft.Build.Tasks.Core, Version=15.1.0.0, Culture=neutral, PublicKeyToken=b03f5f7f11d50a3a".
       ╨Ч╨░╨┤╨░╤З╨░ "SetRidAgnosticValueForProjects"
       ╨Т╤Л╨┐╨╛╨╗╨╜╨╡╨╜╨╕╨╡ ╨╖╨░╨┤╨░╤З╨╕ "SetRidAgnosticValueForProjects" ╨╖╨░╨▓╨╡╤А╤И╨╡╨╜╨╛.
   1:7>╨б╨▒╨╛╤А╨║╨░ ╤Ж╨╡╨╗╨╡╨▓╨╛╨│╨╛ ╨╛╨▒╤К╨╡╨║╤В╨░ "_GetProjectReferenceTargetFrameworkProperties" ╨▓ ╨┐╤А╨╛╨╡╨║╤В╨╡ "WebApplication15.csproj" ╨╖╨░╨▓╨╡╤А╤И╨╡╨╜╨░.
   1:7>╨ж╨╡╨╗╨╡╨▓╨╛╨╣ ╨╛╨▒╤К╨╡╨║╤В "ValidateExecutableReferences" ╨▓ ╤Д╨░╨╣╨╗╨╡ "C:\Program Files\dotnet\sdk\9.0.200\Sdks\Microsoft.NET.Sdk\targets\Microsoft.NET.Sdk.targets" ╨╕╨╖ ╨┐╤А╨╛╨╡╨║╤В╨░ "C:\Users\user\OneDrive\╨а╨░╨▒╨╛╤З╨╕╨╣ ╤Б╤В╨╛╨╗\regi\WebApplication15\WebApplication15.csproj" (╤Ж╨╡╨╗╨╡╨▓╨╛╨╣ ╨╛╨▒╤К╨╡╨║╤В "PrepareProjectReferences" ╨╖╨░╨▓╨╕╤Б╨╕╤В ╨╛╤В ╨╜╨╡╨│╨╛):
       ╨Ш╤Б╨┐╨╛╨╗╤М╨╖╤Г╨╡╤В╤Б╤П ╨╖╨░╨┤╨░╤З╨░ "ValidateExecutableReferences" ╨╕╨╖ ╤Б╨▒╨╛╤А╨║╨╕ "C:\Program Files\dotnet\sdk\9.0.200\Sdks\Microsoft.NET.Sdk\targets\..\tools\net9.0\Microsoft.NET.Build.Tasks.dll".
       ╨Ч╨░╨┤╨░╤З╨░ "ValidateExecutableReferences"
       ╨Т╤Л╨┐╨╛╨╗╨╜╨╡╨╜╨╕╨╡ ╨╖╨░╨┤╨░╤З╨╕ "ValidateExecutableReferences" ╨╖╨░╨▓╨╡╤А╤И╨╡╨╜╨╛.
   1:7>╨б╨▒╨╛╤А╨║╨░ ╤Ж╨╡╨╗╨╡╨▓╨╛╨│╨╛ ╨╛╨▒╤К╨╡╨║╤В╨░ "ValidateExecutableReferences" ╨▓ ╨┐╤А╨╛╨╡╨║╤В╨╡ "WebApplication15.csproj" ╨╖╨░╨▓╨╡╤А╤И╨╡╨╜╨░.
       ╨ж╨╡╨╗╨╡╨▓╨╛╨╣ ╨╛╨▒╤К╨╡╨║╤В "_GetProjectReferencePlatformProperties" ╨┐╤А╨╛╨┐╤Г╤Й╨╡╨╜ ╨╕╨╖-╨╖╨░ ╨╜╨╡╨▓╤Л╨┐╨╛╨╗╨╜╨╡╨╜╨╜╨╛╨│╨╛ ╤Г╤Б╨╗╨╛╨▓╨╕╤П; ╨▓╤Л╤А╨░╨╢╨╡╨╜╨╕╨╡ ('$(EnableDynamicPlatformResolution)' == 'true'
                            and '@(_MSBuildProjectReferenceExistent)' != '') ╤А╨░╨▓╨╜╨╛ ('' == 'true'
                            and '' != '').
   1:7>╨ж╨╡╨╗╨╡╨▓╨╛╨╣ ╨╛╨▒╤К╨╡╨║╤В "PrepareProjectReferences" ╨▓ ╤Д╨░╨╣╨╗╨╡ "C:\Program Files\dotnet\sdk\9.0.200\Microsoft.Common.CurrentVersion.targets" ╨╕╨╖ ╨┐╤А╨╛╨╡╨║╤В╨░ "C:\Users\user\OneDrive\╨а╨░╨▒╨╛╤З╨╕╨╣ ╤Б╤В╨╛╨╗\regi\WebApplication15\WebApplication15.csproj" (╤Ж╨╡╨╗╨╡╨▓╨╛╨╣ ╨╛╨▒╤К╨╡╨║╤В "ResolveProjectReferences" ╨╖╨░╨▓╨╕╤Б╨╕╤В ╨╛╤В ╨╜╨╡╨│╨╛):
   1:7>╨б╨▒╨╛╤А╨║╨░ ╤Ж╨╡╨╗╨╡╨▓╨╛╨│╨╛ ╨╛╨▒╤К╨╡╨║╤В╨░ "PrepareProjectReferences" ╨▓ ╨┐╤А╨╛╨╡╨║╤В╨╡ "WebApplication15.csproj" ╨╖╨░╨▓╨╡╤А╤И╨╡╨╜╨░.
   1:7>╨ж╨╡╨╗╨╡╨▓╨╛╨╣ ╨╛╨▒╤К╨╡╨║╤В "ResolveProjectReferences" ╨▓ ╤Д╨░╨╣╨╗╨╡ "C:\Program Files\dotnet\sdk\9.0.200\Microsoft.Common.CurrentVersion.targets" ╨╕╨╖ ╨┐╤А╨╛╨╡╨║╤В╨░ "C:\Users\user\OneDrive\╨а╨░╨▒╨╛╤З╨╕╨╣ ╤Б╤В╨╛╨╗\regi\WebApplication15\WebApplication15.csproj" (╤Ж╨╡╨╗╨╡╨▓╨╛╨╣ ╨╛╨▒╤К╨╡╨║╤В "ResolveReferences" ╨╖╨░╨▓╨╕╤Б╨╕╤В ╨╛╤В ╨╜╨╡╨│╨╛):
       ╨Ч╨░╨┤╨░╤З╨░ "MSBuild" ╨┐╤А╨╛╨┐╤Г╤Й╨╡╨╜╨░ ╨╕╨╖-╨╖╨░ ╨╜╨╡╨▓╤Л╨┐╨╛╨╗╨╜╨╡╨╜╨╜╨╛╨│╨╛ ╤Г╤Б╨╗╨╛╨▓╨╕╤П; ╨▓╤Л╤А╨░╨╢╨╡╨╜╨╕╨╡ ('%(_MSBuildProjectReferenceExistent.BuildReference)' == 'true' and '@(ProjectReferenceWithConfiguration)' != '' and ('$(BuildingInsideVisualStudio)' == 'true' or '$(BuildProjectReferences)' != 'true') and '$(VisualStudioVersion)' != '10.0' and '@(_MSBuildProjectReferenceExistent)' != '') ╤А╨░╨▓╨╜╨╛ ('' == 'true' and '' != '' and ('' == 'true' or 'true' != 'true') and '17.0' != '10.0' and '' != '').
       ╨Ч╨░╨┤╨░╤З╨░ "MSBuild" ╨┐╤А╨╛╨┐╤Г╤Й╨╡╨╜╨░ ╨╕╨╖-╨╖╨░ ╨╜╨╡╨▓╤Л╨┐╨╛╨╗╨╜╨╡╨╜╨╜╨╛╨│╨╛ ╤Г╤Б╨╗╨╛╨▓╨╕╤П; ╨▓╤Л╤А╨░╨╢╨╡╨╜╨╕╨╡ ('%(_MSBuildProjectReferenceExistent.BuildReference)' == 'true' and '@(ProjectReferenceWithConfiguration)' != '' and '$(BuildingInsideVisualStudio)' != 'true' and '$(BuildProjectReferences)' == 'true' and '@(_MSBuildProjectReferenceExistent)' != '') ╤А╨░╨▓╨╜╨╛ ('' == 'true' and '' != '' and '' != 'true' and 'true' == 'true' and '' != '').
       ╨Ч╨░╨┤╨░╤З╨░ "MSBuild" ╨┐╤А╨╛╨┐╤Г╤Й╨╡╨╜╨░ ╨╕╨╖-╨╖╨░ ╨╜╨╡╨▓╤Л╨┐╨╛╨╗╨╜╨╡╨╜╨╜╨╛╨│╨╛ ╤Г╤Б╨╗╨╛╨▓╨╕╤П; ╨▓╤Л╤А╨░╨╢╨╡╨╜╨╕╨╡ ('%(_MSBuildProjectReferenceExistent.BuildReference)' == 'true' and '@(ProjectReferenceWithConfiguration)' != '' and '$(BuildingProject)' == 'true' and '@(_MSBuildProjectReferenceExistent)' != '') ╤А╨░╨▓╨╜╨╛ ('' == 'true' and '' != '' and 'true' == 'true' and '' != '').
       ╨Ч╨░╨┤╨░╤З╨░ "MSBuildInternalMessage" ╨┐╤А╨╛╨┐╤Г╤Й╨╡╨╜╨░ ╨╕╨╖-╨╖╨░ ╨╜╨╡╨▓╤Л╨┐╨╛╨╗╨╜╨╡╨╜╨╜╨╛╨│╨╛ ╤Г╤Б╨╗╨╛╨▓╨╕╤П; ╨▓╤Л╤А╨░╨╢╨╡╨╜╨╕╨╡ ('$(_NonExistentProjectReferenceSeverity)' != '') ╤А╨░╨▓╨╜╨╛ ('' != '').
   1:7>╨б╨▒╨╛╤А╨║╨░ ╤Ж╨╡╨╗╨╡╨▓╨╛╨│╨╛ ╨╛╨▒╤К╨╡╨║╤В╨░ "ResolveProjectReferences" ╨▓ ╨┐╤А╨╛╨╡╨║╤В╨╡ "WebApplication15.csproj" ╨╖╨░╨▓╨╡╤А╤И╨╡╨╜╨░.
       ╨ж╨╡╨╗╨╡╨▓╨╛╨╣ ╨╛╨▒╤К╨╡╨║╤В "FindInvalidProjectReferences" ╨┐╤А╨╛╨┐╤Г╤Й╨╡╨╜ ╨╕╨╖-╨╖╨░ ╨╜╨╡╨▓╤Л╨┐╨╛╨╗╨╜╨╡╨╜╨╜╨╛╨│╨╛ ╤Г╤Б╨╗╨╛╨▓╨╕╤П; ╨▓╤Л╤А╨░╨╢╨╡╨╜╨╕╨╡ ('$(FindInvalidProjectReferences)' == 'true') ╤А╨░╨▓╨╜╨╛ ('' == 'true').
       ╨ж╨╡╨╗╨╡╨▓╨╛╨╣ ╨╛╨▒╤К╨╡╨║╤В "ResolveNativeReferences" ╨┐╤А╨╛╨┐╤Г╤Й╨╡╨╜ ╨╕╨╖-╨╖╨░ ╨╜╨╡╨▓╤Л╨┐╨╛╨╗╨╜╨╡╨╜╨╜╨╛╨│╨╛ ╤Г╤Б╨╗╨╛╨▓╨╕╤П; ╨▓╤Л╤А╨░╨╢╨╡╨╜╨╕╨╡ ('@(NativeReference)'!='') ╤А╨░╨▓╨╜╨╛ (''!='').
       ╨ж╨╡╨╗╨╡╨▓╨╛╨╣ ╨╛╨▒╤К╨╡╨║╤В "ResolveProjectReferences" ╨┐╤А╨╛╨┐╤Г╤Й╨╡╨╜. ╨Я╤А╨╡╨┤╤Л╨┤╤Г╤Й╨░╤П ╤Б╨▒╨╛╤А╨║╨░ ╤Г╤Б╨┐╨╡╤И╨╜╨░.
       ╨ж╨╡╨╗╨╡╨▓╨╛╨╣ ╨╛╨▒╤К╨╡╨║╤В "FindInvalidProjectReferences" ╨┐╤А╨╛╨┐╤Г╤Й╨╡╨╜ ╨╕╨╖-╨╖╨░ ╨╜╨╡╨▓╤Л╨┐╨╛╨╗╨╜╨╡╨╜╨╜╨╛╨│╨╛ ╤Г╤Б╨╗╨╛╨▓╨╕╤П; ╨▓╤Л╤А╨░╨╢╨╡╨╜╨╕╨╡ ('$(FindInvalidProjectReferences)' == 'true') ╤А╨░╨▓╨╜╨╛ ('' == 'true').
       ╨ж╨╡╨╗╨╡╨▓╨╛╨╣ ╨╛╨▒╤К╨╡╨║╤В "GetFrameworkPaths" ╨┐╤А╨╛╨┐╤Г╤Й╨╡╨╜. ╨Я╤А╨╡╨┤╤Л╨┤╤Г╤Й╨░╤П ╤Б╨▒╨╛╤А╨║╨░ ╤Г╤Б╨┐╨╡╤И╨╜╨░.
       ╨ж╨╡╨╗╨╡╨▓╨╛╨╣ ╨╛╨▒╤К╨╡╨║╤В "GetReferenceAssemblyPaths" ╨┐╤А╨╛╨┐╤Г╤Й╨╡╨╜. ╨Я╤А╨╡╨┤╤Л╨┤╤Г╤Й╨░╤П ╤Б╨▒╨╛╤А╨║╨░ ╤Г╤Б╨┐╨╡╤И╨╜╨░.
       ╨ж╨╡╨╗╨╡╨▓╨╛╨╣ ╨╛╨▒╤К╨╡╨║╤В "PrepareForBuild" ╨┐╤А╨╛╨┐╤Г╤Й╨╡╨╜. ╨Я╤А╨╡╨┤╤Л╨┤╤Г╤Й╨░╤П ╤Б╨▒╨╛╤А╨║╨░ ╤Г╤Б╨┐╨╡╤И╨╜╨░.
       ╨ж╨╡╨╗╨╡╨▓╨╛╨╣ ╨╛╨▒╤К╨╡╨║╤В "GetInstalledSDKLocations" ╨┐╤А╨╛╨┐╤Г╤Й╨╡╨╜ ╨╕╨╖-╨╖╨░ ╨╜╨╡╨▓╤Л╨┐╨╛╨╗╨╜╨╡╨╜╨╜╨╛╨│╨╛ ╤Г╤Б╨╗╨╛╨▓╨╕╤П; ╨▓╤Л╤А╨░╨╢╨╡╨╜╨╕╨╡ ('@(SDKReference)' != '') ╤А╨░╨▓╨╜╨╛ ('' != '').
   1:7>╨ж╨╡╨╗╨╡╨▓╨╛╨╣ ╨╛╨▒╤К╨╡╨║╤В "ResolveSDKReferences" ╨▓ ╤Д╨░╨╣╨╗╨╡ "C:\Program Files\dotnet\sdk\9.0.200\Microsoft.Common.CurrentVersion.targets" ╨╕╨╖ ╨┐╤А╨╛╨╡╨║╤В╨░ "C:\Users\user\OneDrive\╨а╨░╨▒╨╛╤З╨╕╨╣ ╤Б╤В╨╛╨╗\regi\WebApplication15\WebApplication15.csproj" (╤Ж╨╡╨╗╨╡╨▓╨╛╨╣ ╨╛╨▒╤К╨╡╨║╤В "ResolveAssemblyReferences" ╨╖╨░╨▓╨╕╤Б╨╕╤В ╨╛╤В ╨╜╨╡╨│╨╛):
       ╨Ч╨░╨┤╨░╤З╨░ "ResolveSDKReference" ╨┐╤А╨╛╨┐╤Г╤Й╨╡╨╜╨░ ╨╕╨╖-╨╖╨░ ╨╜╨╡╨▓╤Л╨┐╨╛╨╗╨╜╨╡╨╜╨╜╨╛╨│╨╛ ╤Г╤Б╨╗╨╛╨▓╨╕╤П; ╨▓╤Л╤А╨░╨╢╨╡╨╜╨╕╨╡ ('@(SDKReference)'!='') ╤А╨░╨▓╨╜╨╛ (''!='').
   1:7>╨б╨▒╨╛╤А╨║╨░ ╤Ж╨╡╨╗╨╡╨▓╨╛╨│╨╛ ╨╛╨▒╤К╨╡╨║╤В╨░ "ResolveSDKReferences" ╨▓ ╨┐╤А╨╛╨╡╨║╤В╨╡ "WebApplication15.csproj" ╨╖╨░╨▓╨╡╤А╤И╨╡╨╜╨░.
       ╨ж╨╡╨╗╨╡╨▓╨╛╨╣ ╨╛╨▒╤К╨╡╨║╤В "ResolveSDKReferences" ╨┐╤А╨╛╨┐╤Г╤Й╨╡╨╜. ╨Я╤А╨╡╨┤╤Л╨┤╤Г╤Й╨░╤П ╤Б╨▒╨╛╤А╨║╨░ ╤Г╤Б╨┐╨╡╤И╨╜╨░.
   1:7>╨ж╨╡╨╗╨╡╨▓╨╛╨╣ ╨╛╨▒╤К╨╡╨║╤В "ExpandSDKReferences" ╨▓ ╤Д╨░╨╣╨╗╨╡ "C:\Program Files\dotnet\sdk\9.0.200\Microsoft.Common.CurrentVersion.targets" ╨╕╨╖ ╨┐╤А╨╛╨╡╨║╤В╨░ "C:\Users\user\OneDrive\╨а╨░╨▒╨╛╤З╨╕╨╣ ╤Б╤В╨╛╨╗\regi\WebApplication15\WebApplication15.csproj" (╤Ж╨╡╨╗╨╡╨▓╨╛╨╣ ╨╛╨▒╤К╨╡╨║╤В "ResolveAssemblyReferences" ╨╖╨░╨▓╨╕╤Б╨╕╤В ╨╛╤В ╨╜╨╡╨│╨╛):
       ╨Ч╨░╨┤╨░╤З╨░ "GetSDKReferenceFiles" ╨┐╤А╨╛╨┐╤Г╤Й╨╡╨╜╨░ ╨╕╨╖-╨╖╨░ ╨╜╨╡╨▓╤Л╨┐╨╛╨╗╨╜╨╡╨╜╨╜╨╛╨│╨╛ ╤Г╤Б╨╗╨╛╨▓╨╕╤П; ╨▓╤Л╤А╨░╨╢╨╡╨╜╨╕╨╡ ('@(ResolvedSDKReference)'!='') ╤А╨░╨▓╨╜╨╛ (''!='').
   1:7>╨б╨▒╨╛╤А╨║╨░ ╤Ж╨╡╨╗╨╡╨▓╨╛╨│╨╛ ╨╛╨▒╤К╨╡╨║╤В╨░ "ExpandSDKReferences" ╨▓ ╨┐╤А╨╛╨╡╨║╤В╨╡ "WebApplication15.csproj" ╨╖╨░╨▓╨╡╤А╤И╨╡╨╜╨░.
       ╨ж╨╡╨╗╨╡╨▓╨╛╨╣ ╨╛╨▒╤К╨╡╨║╤В "ResolvePackageDependenciesForBuild" ╨┐╤А╨╛╨┐╤Г╤Й╨╡╨╜. ╨Я╤А╨╡╨┤╤Л╨┤╤Г╤Й╨░╤П ╤Б╨▒╨╛╤А╨║╨░ ╤Г╤Б╨┐╨╡╤И╨╜╨░.
       ╨ж╨╡╨╗╨╡╨▓╨╛╨╣ ╨╛╨▒╤К╨╡╨║╤В "GetFrameworkPaths" ╨┐╤А╨╛╨┐╤Г╤Й╨╡╨╜. ╨Я╤А╨╡╨┤╤Л╨┤╤Г╤Й╨░╤П ╤Б╨▒╨╛╤А╨║╨░ ╤Г╤Б╨┐╨╡╤И╨╜╨░.
       ╨ж╨╡╨╗╨╡╨▓╨╛╨╣ ╨╛╨▒╤К╨╡╨║╤В "GetReferenceAssemblyPaths" ╨┐╤А╨╛╨┐╤Г╤Й╨╡╨╜. ╨Я╤А╨╡╨┤╤Л╨┤╤Г╤Й╨░╤П ╤Б╨▒╨╛╤А╨║╨░ ╤Г╤Б╨┐╨╡╤И╨╜╨░.
       ╨ж╨╡╨╗╨╡╨▓╨╛╨╣ ╨╛╨▒╤К╨╡╨║╤В "ProcessFrameworkReferences" ╨┐╤А╨╛╨┐╤Г╤Й╨╡╨╜. ╨Я╤А╨╡╨┤╤Л╨┤╤Г╤Й╨░╤П ╤Б╨▒╨╛╤А╨║╨░ ╤Г╤Б╨┐╨╡╤И╨╜╨░.
       ╨ж╨╡╨╗╨╡╨▓╨╛╨╣ ╨╛╨▒╤К╨╡╨║╤В "ResolvePackageAssets" ╨┐╤А╨╛╨┐╤Г╤Й╨╡╨╜. ╨Я╤А╨╡╨┤╤Л╨┤╤Г╤Й╨░╤П ╤Б╨▒╨╛╤А╨║╨░ ╤Г╤Б╨┐╨╡╤И╨╜╨░.
   1:7>╨ж╨╡╨╗╨╡╨▓╨╛╨╣ ╨╛╨▒╤К╨╡╨║╤В "ResolveFrameworkReferences" ╨▓ ╤Д╨░╨╣╨╗╨╡ "C:\Program Files\dotnet\sdk\9.0.200\Sdks\Microsoft.NET.Sdk\targets\Microsoft.NET.Sdk.FrameworkReferenceResolution.targets" ╨╕╨╖ ╨┐╤А╨╛╨╡╨║╤В╨░ "C:\Users\user\OneDrive\╨а╨░╨▒╨╛╤З╨╕╨╣ ╤Б╤В╨╛╨╗\regi\WebApplication15\WebApplication15.csproj" (╤Ж╨╡╨╗╨╡╨▓╨╛╨╣ ╨╛╨▒╤К╨╡╨║╤В "ResolveTargetingPackAssets" ╨╖╨░╨▓╨╕╤Б╨╕╤В ╨╛╤В ╨╜╨╡╨│╨╛):
       ╨Ш╤Б╨┐╨╛╨╗╤М╨╖╤Г╨╡╤В╤Б╤П ╨╖╨░╨┤╨░╤З╨░ "GetPackageDirectory" ╨╕╨╖ ╤Б╨▒╨╛╤А╨║╨╕ "C:\Program Files\dotnet\sdk\9.0.200\Sdks\Microsoft.NET.Sdk\targets\..\tools\net9.0\Microsoft.NET.Build.Tasks.dll".
       ╨Ч╨░╨┤╨░╤З╨░ "GetPackageDirectory"
       ╨Т╤Л╨┐╨╛╨╗╨╜╨╡╨╜╨╕╨╡ ╨╖╨░╨┤╨░╤З╨╕ "GetPackageDirectory" ╨╖╨░╨▓╨╡╤А╤И╨╡╨╜╨╛.
       ╨Ч╨░╨┤╨░╤З╨░ "GetPackageDirectory"
       ╨Т╤Л╨┐╨╛╨╗╨╜╨╡╨╜╨╕╨╡ ╨╖╨░╨┤╨░╤З╨╕ "GetPackageDirectory" ╨╖╨░╨▓╨╡╤А╤И╨╡╨╜╨╛.
       ╨Ч╨░╨┤╨░╤З╨░ "GetPackageDirectory"
       ╨Т╤Л╨┐╨╛╨╗╨╜╨╡╨╜╨╕╨╡ ╨╖╨░╨┤╨░╤З╨╕ "GetPackageDirectory" ╨╖╨░╨▓╨╡╤А╤И╨╡╨╜╨╛.
       ╨Ч╨░╨┤╨░╤З╨░ "GetPackageDirectory"
       ╨Т╤Л╨┐╨╛╨╗╨╜╨╡╨╜╨╕╨╡ ╨╖╨░╨┤╨░╤З╨╕ "GetPackageDirectory" ╨╖╨░╨▓╨╡╤А╤И╨╡╨╜╨╛.
       ╨Ч╨░╨┤╨░╤З╨░ "GetPackageDirectory"
       ╨Т╤Л╨┐╨╛╨╗╨╜╨╡╨╜╨╕╨╡ ╨╖╨░╨┤╨░╤З╨╕ "GetPackageDirectory" ╨╖╨░╨▓╨╡╤А╤И╨╡╨╜╨╛.
       ╨Ч╨░╨┤╨░╤З╨░ "GetPackageDirectory"
       ╨Т╤Л╨┐╨╛╨╗╨╜╨╡╨╜╨╕╨╡ ╨╖╨░╨┤╨░╤З╨╕ "GetPackageDirectory" ╨╖╨░╨▓╨╡╤А╤И╨╡╨╜╨╛.
       ╨Ч╨░╨┤╨░╤З╨░ "GetPackageDirectory"
       ╨Т╤Л╨┐╨╛╨╗╨╜╨╡╨╜╨╕╨╡ ╨╖╨░╨┤╨░╤З╨╕ "GetPackageDirectory" ╨╖╨░╨▓╨╡╤А╤И╨╡╨╜╨╛.
       ╨Ч╨░╨┤╨░╤З╨░ "GetPackageDirectory"
       ╨Т╤Л╨┐╨╛╨╗╨╜╨╡╨╜╨╕╨╡ ╨╖╨░╨┤╨░╤З╨╕ "GetPackageDirectory" ╨╖╨░╨▓╨╡╤А╤И╨╡╨╜╨╛.
       ╨Ч╨░╨┤╨░╤З╨░ "GetPackageDirectory"
       ╨Т╤Л╨┐╨╛╨╗╨╜╨╡╨╜╨╕╨╡ ╨╖╨░╨┤╨░╤З╨╕ "GetPackageDirectory" ╨╖╨░╨▓╨╡╤А╤И╨╡╨╜╨╛.
       ╨Ч╨░╨┤╨░╤З╨░ "GetPackageDirectory"
       ╨Т╤Л╨┐╨╛╨╗╨╜╨╡╨╜╨╕╨╡ ╨╖╨░╨┤╨░╤З╨╕ "GetPackageDirectory" ╨╖╨░╨▓╨╡╤А╤И╨╡╨╜╨╛.
       ╨Ш╤Б╨┐╨╛╨╗╤М╨╖╤Г╨╡╤В╤Б╤П ╨╖╨░╨┤╨░╤З╨░ "ResolveFrameworkReferences" ╨╕╨╖ ╤Б╨▒╨╛╤А╨║╨╕ "C:\Program Files\dotnet\sdk\9.0.200\Sdks\Microsoft.NET.Sdk\targets\..\tools\net9.0\Microsoft.NET.Build.Tasks.dll".
       ╨Ч╨░╨┤╨░╤З╨░ "ResolveFrameworkReferences"
       ╨Т╤Л╨┐╨╛╨╗╨╜╨╡╨╜╨╕╨╡ ╨╖╨░╨┤╨░╤З╨╕ "ResolveFrameworkReferences" ╨╖╨░╨▓╨╡╤А╤И╨╡╨╜╨╛.
   1:7>╨б╨▒╨╛╤А╨║╨░ ╤Ж╨╡╨╗╨╡╨▓╨╛╨│╨╛ ╨╛╨▒╤К╨╡╨║╤В╨░ "ResolveFrameworkReferences" ╨▓ ╨┐╤А╨╛╨╡╨║╤В╨╡ "WebApplication15.csproj" ╨╖╨░╨▓╨╡╤А╤И╨╡╨╜╨░.
   1:7>╨ж╨╡╨╗╨╡╨▓╨╛╨╣ ╨╛╨▒╤К╨╡╨║╤В "ResolveTargetingPackAssets" ╨▓ ╤Д╨░╨╣╨╗╨╡ "C:\Program Files\dotnet\sdk\9.0.200\Sdks\Microsoft.NET.Sdk\targets\Microsoft.NET.Sdk.FrameworkReferenceResolution.targets" ╨╕╨╖ ╨┐╤А╨╛╨╡╨║╤В╨░ "C:\Users\user\OneDrive\╨а╨░╨▒╨╛╤З╨╕╨╣ ╤Б╤В╨╛╨╗\regi\WebApplication15\WebApplication15.csproj" (╤Ж╨╡╨╗╨╡╨▓╨╛╨╣ ╨╛╨▒╤К╨╡╨║╤В "_HandlePackageFileConflicts" ╨╖╨░╨▓╨╕╤Б╨╕╤В ╨╛╤В ╨╜╨╡╨│╨╛):
       ╨Ш╤Б╨┐╨╛╨╗╤М╨╖╤Г╨╡╤В╤Б╤П ╨╖╨░╨┤╨░╤З╨░ "ResolveTargetingPackAssets" ╨╕╨╖ ╤Б╨▒╨╛╤А╨║╨╕ "C:\Program Files\dotnet\sdk\9.0.200\Sdks\Microsoft.NET.Sdk\targets\..\tools\net9.0\Microsoft.NET.Build.Tasks.dll".
       ╨Ч╨░╨┤╨░╤З╨░ "ResolveTargetingPackAssets"
       ╨Т╤Л╨┐╨╛╨╗╨╜╨╡╨╜╨╕╨╡ ╨╖╨░╨┤╨░╤З╨╕ "ResolveTargetingPackAssets" ╨╖╨░╨▓╨╡╤А╤И╨╡╨╜╨╛.
   1:7>╨б╨▒╨╛╤А╨║╨░ ╤Ж╨╡╨╗╨╡╨▓╨╛╨│╨╛ ╨╛╨▒╤К╨╡╨║╤В╨░ "ResolveTargetingPackAssets" ╨▓ ╨┐╤А╨╛╨╡╨║╤В╨╡ "WebApplication15.csproj" ╨╖╨░╨▓╨╡╤А╤И╨╡╨╜╨░.
   1:7>╨ж╨╡╨╗╨╡╨▓╨╛╨╣ ╨╛╨▒╤К╨╡╨║╤В "ResolveOffByDefaultAnalyzers" ╨▓ ╤Д╨░╨╣╨╗╨╡ "C:\Program Files\dotnet\sdk\9.0.200\Sdks\Microsoft.NET.Sdk\targets\Microsoft.NET.Sdk.FrameworkReferenceResolution.targets" ╨╕╨╖ ╨┐╤А╨╛╨╡╨║╤В╨░ "C:\Users\user\OneDrive\╨а╨░╨▒╨╛╤З╨╕╨╣ ╤Б╤В╨╛╨╗\regi\WebApplication15\WebApplication15.csproj" (╤Ж╨╡╨╗╨╡╨▓╨╛╨╣ ╨╛╨▒╤К╨╡╨║╤В "_HandlePackageFileConflicts" ╨╖╨░╨▓╨╕╤Б╨╕╤В ╨╛╤В ╨╜╨╡╨│╨╛):
   1:7>╨б╨▒╨╛╤А╨║╨░ ╤Ж╨╡╨╗╨╡╨▓╨╛╨│╨╛ ╨╛╨▒╤К╨╡╨║╤В╨░ "ResolveOffByDefaultAnalyzers" ╨▓ ╨┐╤А╨╛╨╡╨║╤В╨╡ "WebApplication15.csproj" ╨╖╨░╨▓╨╡╤А╤И╨╡╨╜╨░.
   1:7>╨ж╨╡╨╗╨╡╨▓╨╛╨╣ ╨╛╨▒╤К╨╡╨║╤В "_HandlePackageFileConflicts" ╨▓ ╤Д╨░╨╣╨╗╨╡ "C:\Program Files\dotnet\sdk\9.0.200\Sdks\Microsoft.NET.Sdk\targets\Microsoft.NET.ConflictResolution.targets" ╨╕╨╖ ╨┐╤А╨╛╨╡╨║╤В╨░ "C:\Users\user\OneDrive\╨а╨░╨▒╨╛╤З╨╕╨╣ ╤Б╤В╨╛╨╗\regi\WebApplication15\WebApplication15.csproj" (╤Ж╨╡╨╗╨╡╨▓╨╛╨╣ ╨╛╨▒╤К╨╡╨║╤В "ResolveAssemblyReferences" ╨╖╨░╨▓╨╕╤Б╨╕╤В ╨╛╤В ╨╜╨╡╨│╨╛):
       ╨Ш╤Б╨┐╨╛╨╗╤М╨╖╤Г╨╡╤В╤Б╤П ╨╖╨░╨┤╨░╤З╨░ "ResolvePackageFileConflicts" ╨╕╨╖ ╤Б╨▒╨╛╤А╨║╨╕ "C:\Program Files\dotnet\sdk\9.0.200\Sdks\Microsoft.NET.Sdk\targets\..\tools\net9.0\Microsoft.NET.Build.Tasks.dll".
       ╨Ч╨░╨┤╨░╤З╨░ "ResolvePackageFileConflicts"
         ╨Ю╨▒╨╜╨░╤А╤Г╨╢╨╡╨╜ ╨║╨╛╨╜╤Д╨╗╨╕╨║╤В ╨╝╨╡╨╢╨┤╤Г "Reference:C:\Users\user\.nuget\packages\system.text.json\9.0.3\lib\net9.0\System.Text.Json.dll" ╨╕ "Reference:C:\Program Files\dotnet\packs\Microsoft.NETCore.App.Ref\9.0.2\ref/net9.0/System.Text.Json.dll". ╨Ш╤Б╨┐╨╛╨╗╤М╨╖╤Г╨╡╤В╤Б╤П "Reference:C:\Users\user\.nuget\packages\system.text.json\9.0.3\lib\net9.0\System.Text.Json.dll", ╤В╨░╨║ ╨║╨░╨║ ╨▓╨╡╤А╤Б╨╕╤П ╤Д╨░╨╣╨╗╨░ "9.0.325.11113" ╨▒╨╛╨╗╤М╤И╨╡ "9.0.225.6610".
         ╨Ю╨▒╨╜╨░╤А╤Г╨╢╨╡╨╜ ╨║╨╛╨╜╤Д╨╗╨╕╨║╤В ╨╝╨╡╨╢╨┤╤Г "Reference:C:\Users\user\.nuget\packages\microsoft.aspnetcore.cryptography.internal\9.0.3\lib\net9.0\Microsoft.AspNetCore.Cryptography.Internal.dll" ╨╕ "Reference:C:\Program Files\dotnet\packs\Microsoft.AspNetCore.App.Ref\9.0.2\ref\net9.0\Microsoft.AspNetCore.Cryptography.Internal.dll". ╨Ш╤Б╨┐╨╛╨╗╤М╨╖╤Г╨╡╤В╤Б╤П "Reference:C:\Users\user\.nuget\packages\microsoft.aspnetcore.cryptography.internal\9.0.3\lib\net9.0\Microsoft.AspNetCore.Cryptography.Internal.dll", ╤В╨░╨║ ╨║╨░╨║ ╨▓╨╡╤А╤Б╨╕╤П ╤Д╨░╨╣╨╗╨░ "9.0.325.11220" ╨▒╨╛╨╗╤М╤И╨╡ "9.0.225.6704".
         ╨Ю╨▒╨╜╨░╤А╤Г╨╢╨╡╨╜ ╨║╨╛╨╜╤Д╨╗╨╕╨║╤В ╨╝╨╡╨╢╨┤╤Г "Reference:C:\Users\user\.nuget\packages\microsoft.aspnetcore.cryptography.keyderivation\9.0.3\lib\net9.0\Microsoft.AspNetCore.Cryptography.KeyDerivation.dll" ╨╕ "Reference:C:\Program Files\dotnet\packs\Microsoft.AspNetCore.App.Ref\9.0.2\ref\net9.0\Microsoft.AspNetCore.Cryptography.KeyDerivation.dll". ╨Ш╤Б╨┐╨╛╨╗╤М╨╖╤Г╨╡╤В╤Б╤П "Reference:C:\Users\user\.nuget\packages\microsoft.aspnetcore.cryptography.keyderivation\9.0.3\lib\net9.0\Microsoft.AspNetCore.Cryptography.KeyDerivation.dll", ╤В╨░╨║ ╨║╨░╨║ ╨▓╨╡╤А╤Б╨╕╤П ╤Д╨░╨╣╨╗╨░ "9.0.325.11220" ╨▒╨╛╨╗╤М╤И╨╡ "9.0.225.6704".
         ╨Ю╨▒╨╜╨░╤А╤Г╨╢╨╡╨╜ ╨║╨╛╨╜╤Д╨╗╨╕╨║╤В ╨╝╨╡╨╢╨┤╤Г "Reference:C:\Users\user\.nuget\packages\microsoft.extensions.caching.abstractions\9.0.3\lib\net9.0\Microsoft.Extensions.Caching.Abstractions.dll" ╨╕ "Reference:C:\Program Files\dotnet\packs\Microsoft.AspNetCore.App.Ref\9.0.2\ref\net9.0\Microsoft.Extensions.Caching.Abstractions.dll". ╨Ш╤Б╨┐╨╛╨╗╤М╨╖╤Г╨╡╤В╤Б╤П "Reference:C:\Users\user\.nuget\packages\microsoft.extensions.caching.abstractions\9.0.3\lib\net9.0\Microsoft.Extensions.Caching.Abstractions.dll", ╤В╨░╨║ ╨║╨░╨║ ╨▓╨╡╤А╤Б╨╕╤П ╤Д╨░╨╣╨╗╨░ "9.0.325.11113" ╨▒╨╛╨╗╤М╤И╨╡ "9.0.225.6610".
         ╨Ю╨▒╨╜╨░╤А╤Г╨╢╨╡╨╜ ╨║╨╛╨╜╤Д╨╗╨╕╨║╤В ╨╝╨╡╨╢╨┤╤Г "Reference:C:\Users\user\.nuget\packages\microsoft.extensions.caching.memory\9.0.3\lib\net9.0\Microsoft.Extensions.Caching.Memory.dll" ╨╕ "Reference:C:\Program Files\dotnet\packs\Microsoft.AspNetCore.App.Ref\9.0.2\ref\net9.0\Microsoft.Extensions.Caching.Memory.dll". ╨Ш╤Б╨┐╨╛╨╗╤М╨╖╤Г╨╡╤В╤Б╤П "Reference:C:\Users\user\.nuget\packages\microsoft.extensions.caching.memory\9.0.3\lib\net9.0\Microsoft.Extensions.Caching.Memory.dll", ╤В╨░╨║ ╨║╨░╨║ ╨▓╨╡╤А╤Б╨╕╤П ╤Д╨░╨╣╨╗╨░ "9.0.325.11113" ╨▒╨╛╨╗╤М╤И╨╡ "9.0.225.6610".
         ╨Ю╨▒╨╜╨░╤А╤Г╨╢╨╡╨╜ ╨║╨╛╨╜╤Д╨╗╨╕╨║╤В ╨╝╨╡╨╢╨┤╤Г "Reference:C:\Users\user\.nuget\packages\microsoft.extensions.configuration.abstractions\9.0.3\lib\net9.0\Microsoft.Extensions.Configuration.Abstractions.dll" ╨╕ "Reference:C:\Program Files\dotnet\packs\Microsoft.AspNetCore.App.Ref\9.0.2\ref\net9.0\Microsoft.Extensions.Configuration.Abstractions.dll". ╨Ш╤Б╨┐╨╛╨╗╤М╨╖╤Г╨╡╤В╤Б╤П "Reference:C:\Users\user\.nuget\packages\microsoft.extensions.configuration.abstractions\9.0.3\lib\net9.0\Microsoft.Extensions.Configuration.Abstractions.dll", ╤В╨░╨║ ╨║╨░╨║ ╨▓╨╡╤А╤Б╨╕╤П ╤Д╨░╨╣╨╗╨░ "9.0.325.11113" ╨▒╨╛╨╗╤М╤И╨╡ "9.0.225.6610".
         ╨Ю╨▒╨╜╨░╤А╤Г╨╢╨╡╨╜ ╨║╨╛╨╜╤Д╨╗╨╕╨║╤В ╨╝╨╡╨╢╨┤╤Г "Reference:C:\Users\user\.nuget\packages\microsoft.extensions.dependencyinjection.abstractions\9.0.3\lib\net9.0\Microsoft.Extensions.DependencyInjection.Abstractions.dll" ╨╕ "Reference:C:\Program Files\dotnet\packs\Microsoft.AspNetCore.App.Ref\9.0.2\ref\net9.0\Microsoft.Extensions.DependencyInjection.Abstractions.dll". ╨Ш╤Б╨┐╨╛╨╗╤М╨╖╤Г╨╡╤В╤Б╤П "Reference:C:\Users\user\.nuget\packages\microsoft.extensions.dependencyinjection.abstractions\9.0.3\lib\net9.0\Microsoft.Extensions.DependencyInjection.Abstractions.dll", ╤В╨░╨║ ╨║╨░╨║ ╨▓╨╡╤А╤Б╨╕╤П ╤Д╨░╨╣╨╗╨░ "9.0.325.11113" ╨▒╨╛╨╗╤М╤И╨╡ "9.0.225.6610".
         ╨Ю╨▒╨╜╨░╤А╤Г╨╢╨╡╨╜ ╨║╨╛╨╜╤Д╨╗╨╕╨║╤В ╨╝╨╡╨╢╨┤╤Г "Reference:C:\Users\user\.nuget\packages\microsoft.extensions.dependencyinjection\9.0.3\lib\net9.0\Microsoft.Extensions.DependencyInjection.dll" ╨╕ "Reference:C:\Program Files\dotnet\packs\Microsoft.AspNetCore.App.Ref\9.0.2\ref\net9.0\Microsoft.Extensions.DependencyInjection.dll". ╨Ш╤Б╨┐╨╛╨╗╤М╨╖╤Г╨╡╤В╤Б╤П "Reference:C:\Users\user\.nuget\packages\microsoft.extensions.dependencyinjection\9.0.3\lib\net9.0\Microsoft.Extensions.DependencyInjection.dll", ╤В╨░╨║ ╨║╨░╨║ ╨▓╨╡╤А╤Б╨╕╤П ╤Д╨░╨╣╨╗╨░ "9.0.325.11113" ╨▒╨╛╨╗╤М╤И╨╡ "9.0.225.6610".
         ╨Ю╨▒╨╜╨░╤А╤Г╨╢╨╡╨╜ ╨║╨╛╨╜╤Д╨╗╨╕╨║╤В ╨╝╨╡╨╢╨┤╤Г "Reference:C:\Users\user\.nuget\packages\microsoft.extensions.identity.core\9.0.3\lib\net9.0\Microsoft.Extensions.Identity.Core.dll" ╨╕ "Reference:C:\Program Files\dotnet\packs\Microsoft.AspNetCore.App.Ref\9.0.2\ref\net9.0\Microsoft.Extensions.Identity.Core.dll". ╨Ш╤Б╨┐╨╛╨╗╤М╨╖╤Г╨╡╤В╤Б╤П "Reference:C:\Users\user\.nuget\packages\microsoft.extensions.identity.core\9.0.3\lib\net9.0\Microsoft.Extensions.Identity.Core.dll", ╤В╨░╨║ ╨║╨░╨║ ╨▓╨╡╤А╤Б╨╕╤П ╤Д╨░╨╣╨╗╨░ "9.0.325.11220" ╨▒╨╛╨╗╤М╤И╨╡ "9.0.225.6704".
         ╨Ю╨▒╨╜╨░╤А╤Г╨╢╨╡╨╜ ╨║╨╛╨╜╤Д╨╗╨╕╨║╤В ╨╝╨╡╨╢╨┤╤Г "Reference:C:\Users\user\.nuget\packages\microsoft.extensions.identity.stores\9.0.3\lib\net9.0\Microsoft.Extensions.Identity.Stores.dll" ╨╕ "Reference:C:\Program Files\dotnet\packs\Microsoft.AspNetCore.App.Ref\9.0.2\ref\net9.0\Microsoft.Extensions.Identity.Stores.dll". ╨Ш╤Б╨┐╨╛╨╗╤М╨╖╤Г╨╡╤В╤Б╤П "Reference:C:\Users\user\.nuget\packages\microsoft.extensions.identity.stores\9.0.3\lib\net9.0\Microsoft.Extensions.Identity.Stores.dll", ╤В╨░╨║ ╨║╨░╨║ ╨▓╨╡╤А╤Б╨╕╤П ╤Д╨░╨╣╨╗╨░ "9.0.325.11220" ╨▒╨╛╨╗╤М╤И╨╡ "9.0.225.6704".
         ╨Ю╨▒╨╜╨░╤А╤Г╨╢╨╡╨╜ ╨║╨╛╨╜╤Д╨╗╨╕╨║╤В ╨╝╨╡╨╢╨┤╤Г "Reference:C:\Users\user\.nuget\packages\microsoft.extensions.logging.abstractions\9.0.3\lib\net9.0\Microsoft.Extensions.Logging.Abstractions.dll" ╨╕ "Reference:C:\Program Files\dotnet\packs\Microsoft.AspNetCore.App.Ref\9.0.2\ref\net9.0\Microsoft.Extensions.Logging.Abstractions.dll". ╨Ш╤Б╨┐╨╛╨╗╤М╨╖╤Г╨╡╤В╤Б╤П "Reference:C:\Users\user\.nuget\packages\microsoft.extensions.logging.abstractions\9.0.3\lib\net9.0\Microsoft.Extensions.Logging.Abstractions.dll", ╤В╨░╨║ ╨║╨░╨║ ╨▓╨╡╤А╤Б╨╕╤П ╤Д╨░╨╣╨╗╨░ "9.0.325.11113" ╨▒╨╛╨╗╤М╤И╨╡ "9.0.225.6610".
         ╨Ю╨▒╨╜╨░╤А╤Г╨╢╨╡╨╜ ╨║╨╛╨╜╤Д╨╗╨╕╨║╤В ╨╝╨╡╨╢╨┤╤Г "Reference:C:\Users\user\.nuget\packages\microsoft.extensions.logging\9.0.3\lib\net9.0\Microsoft.Extensions.Logging.dll" ╨╕ "Reference:C:\Program Files\dotnet\packs\Microsoft.AspNetCore.App.Ref\9.0.2\ref\net9.0\Microsoft.Extensions.Logging.dll". ╨Ш╤Б╨┐╨╛╨╗╤М╨╖╤Г╨╡╤В╤Б╤П "Reference:C:\Users\user\.nuget\packages\microsoft.extensions.logging\9.0.3\lib\net9.0\Microsoft.Extensions.Logging.dll", ╤В╨░╨║ ╨║╨░╨║ ╨▓╨╡╤А╤Б╨╕╤П ╤Д╨░╨╣╨╗╨░ "9.0.325.11113" ╨▒╨╛╨╗╤М╤И╨╡ "9.0.225.6610".
         ╨Ю╨▒╨╜╨░╤А╤Г╨╢╨╡╨╜ ╨║╨╛╨╜╤Д╨╗╨╕╨║╤В ╨╝╨╡╨╢╨┤╤Г "Reference:C:\Users\user\.nuget\packages\microsoft.extensions.options\9.0.3\lib\net9.0\Microsoft.Extensions.Options.dll" ╨╕ "Reference:C:\Program Files\dotnet\packs\Microsoft.AspNetCore.App.Ref\9.0.2\ref\net9.0\Microsoft.Extensions.Options.dll". ╨Ш╤Б╨┐╨╛╨╗╤М╨╖╤Г╨╡╤В╤Б╤П "Reference:C:\Users\user\.nuget\packages\microsoft.extensions.options\9.0.3\lib\net9.0\Microsoft.Extensions.Options.dll", ╤В╨░╨║ ╨║╨░╨║ ╨▓╨╡╤А╤Б╨╕╤П ╤Д╨░╨╣╨╗╨░ "9.0.325.11113" ╨▒╨╛╨╗╤М╤И╨╡ "9.0.225.6610".
         ╨Ю╨▒╨╜╨░╤А╤Г╨╢╨╡╨╜ ╨║╨╛╨╜╤Д╨╗╨╕╨║╤В ╨╝╨╡╨╢╨┤╤Г "Reference:C:\Users\user\.nuget\packages\microsoft.extensions.primitives\9.0.3\lib\net9.0\Microsoft.Extensions.Primitives.dll" ╨╕ "Reference:C:\Program Files\dotnet\packs\Microsoft.AspNetCore.App.Ref\9.0.2\ref\net9.0\Microsoft.Extensions.Primitives.dll". ╨Ш╤Б╨┐╨╛╨╗╤М╨╖╤Г╨╡╤В╤Б╤П "Reference:C:\Users\user\.nuget\packages\microsoft.extensions.primitives\9.0.3\lib\net9.0\Microsoft.Extensions.Primitives.dll", ╤В╨░╨║ ╨║╨░╨║ ╨▓╨╡╤А╤Б╨╕╤П ╤Д╨░╨╣╨╗╨░ "9.0.325.11113" ╨▒╨╛╨╗╤М╤И╨╡ "9.0.225.6610".
         ╨Ю╨▒╨╜╨░╤А╤Г╨╢╨╡╨╜ ╨║╨╛╨╜╤Д╨╗╨╕╨║╤В ╨╝╨╡╨╢╨┤╤Г "Analyzer:C:\Users\user\.nuget\packages\system.text.json\9.0.3\analyzers\dotnet\roslyn4.4\cs\System.Text.Json.SourceGeneration.dll" ╨╕ "Analyzer:C:\Program Files\dotnet\packs\Microsoft.NETCore.App.Ref\9.0.2\analyzers/dotnet/cs/System.Text.Json.SourceGeneration.dll". ╨Ш╤Б╨┐╨╛╨╗╤М╨╖╤Г╨╡╤В╤Б╤П "Analyzer:C:\Users\user\.nuget\packages\system.text.json\9.0.3\analyzers\dotnet\roslyn4.4\cs\System.Text.Json.SourceGeneration.dll", ╤В╨░╨║ ╨║╨░╨║ ╨╖╨╜╨░╤З╨╡╨╜╨╕╨╡ AssemblyVersion "9.0.12.11113" ╨▒╨╛╨╗╤М╤И╨╡ "9.0.12.6610".
         ╨Ю╨▒╨╜╨░╤А╤Г╨╢╨╡╨╜ ╨║╨╛╨╜╤Д╨╗╨╕╨║╤В ╨╝╨╡╨╢╨┤╤Г "Analyzer:C:\Users\user\.nuget\packages\microsoft.extensions.logging.abstractions\9.0.3\analyzers\dotnet\roslyn4.4\cs\Microsoft.Extensions.Logging.Generators.dll" ╨╕ "Analyzer:C:\Program Files\dotnet\packs\Microsoft.AspNetCore.App.Ref\9.0.2\analyzers/dotnet/roslyn4.4/cs/Microsoft.Extensions.Logging.Generators.dll". ╨Ш╤Б╨┐╨╛╨╗╤М╨╖╤Г╨╡╤В╤Б╤П "Analyzer:C:\Users\user\.nuget\packages\microsoft.extensions.logging.abstractions\9.0.3\analyzers\dotnet\roslyn4.4\cs\Microsoft.Extensions.Logging.Generators.dll", ╤В╨░╨║ ╨║╨░╨║ ╨╖╨╜╨░╤З╨╡╨╜╨╕╨╡ AssemblyVersion "9.0.12.11113" ╨▒╨╛╨╗╤М╤И╨╡ "9.0.12.6610".
         ╨Ю╨▒╨╜╨░╤А╤Г╨╢╨╡╨╜ ╨║╨╛╨╜╤Д╨╗╨╕╨║╤В ╨╝╨╡╨╢╨┤╤Г "Analyzer:C:\Users\user\.nuget\packages\microsoft.extensions.options\9.0.3\analyzers\dotnet\roslyn4.4\cs\Microsoft.Extensions.Options.SourceGeneration.dll" ╨╕ "Analyzer:C:\Program Files\dotnet\packs\Microsoft.AspNetCore.App.Ref\9.0.2\analyzers/dotnet/roslyn4.4/cs/Microsoft.Extensions.Options.SourceGeneration.dll". ╨Ш╤Б╨┐╨╛╨╗╤М╨╖╤Г╨╡╤В╤Б╤П "Analyzer:C:\Users\user\.nuget\packages\microsoft.extensions.options\9.0.3\analyzers\dotnet\roslyn4.4\cs\Microsoft.Extensions.Options.SourceGeneration.dll", ╤В╨░╨║ ╨║╨░╨║ ╨╖╨╜╨░╤З╨╡╨╜╨╕╨╡ AssemblyVersion "9.0.12.11113" ╨▒╨╛╨╗╤М╤И╨╡ "9.0.12.6610".
         ╨Ю╨▒╨╜╨░╤А╤Г╨╢╨╡╨╜ ╨║╨╛╨╜╤Д╨╗╨╕╨║╤В ╨╝╨╡╨╢╨┤╤Г "Platform:Microsoft.AspNetCore.Cryptography.Internal.dll" ╨╕ "CopyLocal:C:\Users\user\.nuget\packages\microsoft.aspnetcore.cryptography.internal\9.0.3\lib\net9.0\Microsoft.AspNetCore.Cryptography.Internal.dll". ╨Ш╤Б╨┐╨╛╨╗╤М╨╖╤Г╨╡╤В╤Б╤П "CopyLocal:C:\Users\user\.nuget\packages\microsoft.aspnetcore.cryptography.internal\9.0.3\lib\net9.0\Microsoft.AspNetCore.Cryptography.Internal.dll", ╤В╨░╨║ ╨║╨░╨║ ╨▓╨╡╤А╤Б╨╕╤П ╤Д╨░╨╣╨╗╨░ "9.0.325.11220" ╨▒╨╛╨╗╤М╤И╨╡ "9.0.225.6704".
         ╨Ю╨▒╨╜╨░╤А╤Г╨╢╨╡╨╜ ╨║╨╛╨╜╤Д╨╗╨╕╨║╤В ╨╝╨╡╨╢╨┤╤Г "Platform:Microsoft.AspNetCore.Cryptography.KeyDerivation.dll" ╨╕ "CopyLocal:C:\Users\user\.nuget\packages\microsoft.aspnetcore.cryptography.keyderivation\9.0.3\lib\net9.0\Microsoft.AspNetCore.Cryptography.KeyDerivation.dll". ╨Ш╤Б╨┐╨╛╨╗╤М╨╖╤Г╨╡╤В╤Б╤П "CopyLocal:C:\Users\user\.nuget\packages\microsoft.aspnetcore.cryptography.keyderivation\9.0.3\lib\net9.0\Microsoft.AspNetCore.Cryptography.KeyDerivation.dll", ╤В╨░╨║ ╨║╨░╨║ ╨▓╨╡╤А╤Б╨╕╤П ╤Д╨░╨╣╨╗╨░ "9.0.325.11220" ╨▒╨╛╨╗╤М╤И╨╡ "9.0.225.6704".
         ╨Ю╨▒╨╜╨░╤А╤Г╨╢╨╡╨╜ ╨║╨╛╨╜╤Д╨╗╨╕╨║╤В ╨╝╨╡╨╢╨┤╤Г "Platform:Microsoft.Extensions.Caching.Abstractions.dll" ╨╕ "CopyLocal:C:\Users\user\.nuget\packages\microsoft.extensions.caching.abstractions\9.0.3\lib\net9.0\Microsoft.Extensions.Caching.Abstractions.dll". ╨Ш╤Б╨┐╨╛╨╗╤М╨╖╤Г╨╡╤В╤Б╤П "CopyLocal:C:\Users\user\.nuget\packages\microsoft.extensions.caching.abstractions\9.0.3\lib\net9.0\Microsoft.Extensions.Caching.Abstractions.dll", ╤В╨░╨║ ╨║╨░╨║ ╨▓╨╡╤А╤Б╨╕╤П ╤Д╨░╨╣╨╗╨░ "9.0.325.11113" ╨▒╨╛╨╗╤М╤И╨╡ "9.0.225.6610".
         ╨Ю╨▒╨╜╨░╤А╤Г╨╢╨╡╨╜ ╨║╨╛╨╜╤Д╨╗╨╕╨║╤В ╨╝╨╡╨╢╨┤╤Г "Platform:Microsoft.Extensions.Caching.Memory.dll" ╨╕ "CopyLocal:C:\Users\user\.nuget\packages\microsoft.extensions.caching.memory\9.0.3\lib\net9.0\Microsoft.Extensions.Caching.Memory.dll". ╨Ш╤Б╨┐╨╛╨╗╤М╨╖╤Г╨╡╤В╤Б╤П "CopyLocal:C:\Users\user\.nuget\packages\microsoft.extensions.caching.memory\9.0.3\lib\net9.0\Microsoft.Extensions.Caching.Memory.dll", ╤В╨░╨║ ╨║╨░╨║ ╨▓╨╡╤А╤Б╨╕╤П ╤Д╨░╨╣╨╗╨░ "9.0.325.11113" ╨▒╨╛╨╗╤М╤И╨╡ "9.0.225.6610".
         ╨Ю╨▒╨╜╨░╤А╤Г╨╢╨╡╨╜ ╨║╨╛╨╜╤Д╨╗╨╕╨║╤В ╨╝╨╡╨╢╨┤╤Г "Platform:Microsoft.Extensions.Configuration.Abstractions.dll" ╨╕ "CopyLocal:C:\Users\user\.nuget\packages\microsoft.extensions.configuration.abstractions\9.0.3\lib\net9.0\Microsoft.Extensions.Configuration.Abstractions.dll". ╨Ш╤Б╨┐╨╛╨╗╤М╨╖╤Г╨╡╤В╤Б╤П "CopyLocal:C:\Users\user\.nuget\packages\microsoft.extensions.configuration.abstractions\9.0.3\lib\net9.0\Microsoft.Extensions.Configuration.Abstractions.dll", ╤В╨░╨║ ╨║╨░╨║ ╨▓╨╡╤А╤Б╨╕╤П ╤Д╨░╨╣╨╗╨░ "9.0.325.11113" ╨▒╨╛╨╗╤М╤И╨╡ "9.0.225.6610".
         ╨Ю╨▒╨╜╨░╤А╤Г╨╢╨╡╨╜ ╨║╨╛╨╜╤Д╨╗╨╕╨║╤В ╨╝╨╡╨╢╨┤╤Г "Platform:Microsoft.Extensions.DependencyInjection.dll" ╨╕ "CopyLocal:C:\Users\user\.nuget\packages\microsoft.extensions.dependencyinjection\9.0.3\lib\net9.0\Microsoft.Extensions.DependencyInjection.dll". ╨Ш╤Б╨┐╨╛╨╗╤М╨╖╤Г╨╡╤В╤Б╤П "CopyLocal:C:\Users\user\.nuget\packages\microsoft.extensions.dependencyinjection\9.0.3\lib\net9.0\Microsoft.Extensions.DependencyInjection.dll", ╤В╨░╨║ ╨║╨░╨║ ╨▓╨╡╤А╤Б╨╕╤П ╤Д╨░╨╣╨╗╨░ "9.0.325.11113" ╨▒╨╛╨╗╤М╤И╨╡ "9.0.225.6610".
         ╨Ю╨▒╨╜╨░╤А╤Г╨╢╨╡╨╜ ╨║╨╛╨╜╤Д╨╗╨╕╨║╤В ╨╝╨╡╨╢╨┤╤Г "Platform:Microsoft.Extensions.DependencyInjection.Abstractions.dll" ╨╕ "CopyLocal:C:\Users\user\.nuget\packages\microsoft.extensions.dependencyinjection.abstractions\9.0.3\lib\net9.0\Microsoft.Extensions.DependencyInjection.Abstractions.dll". ╨Ш╤Б╨┐╨╛╨╗╤М╨╖╤Г╨╡╤В╤Б╤П "CopyLocal:C:\Users\user\.nuget\packages\microsoft.extensions.dependencyinjection.abstractions\9.0.3\lib\net9.0\Microsoft.Extensions.DependencyInjection.Abstractions.dll", ╤В╨░╨║ ╨║╨░╨║ ╨▓╨╡╤А╤Б╨╕╤П ╤Д╨░╨╣╨╗╨░ "9.0.325.11113" ╨▒╨╛╨╗╤М╤И╨╡ "9.0.225.6610".
         ╨Ю╨▒╨╜╨░╤А╤Г╨╢╨╡╨╜ ╨║╨╛╨╜╤Д╨╗╨╕╨║╤В ╨╝╨╡╨╢╨┤╤Г "Platform:Microsoft.Extensions.Identity.Core.dll" ╨╕ "CopyLocal:C:\Users\user\.nuget\packages\microsoft.extensions.identity.core\9.0.3\lib\net9.0\Microsoft.Extensions.Identity.Core.dll". ╨Ш╤Б╨┐╨╛╨╗╤М╨╖╤Г╨╡╤В╤Б╤П "CopyLocal:C:\Users\user\.nuget\packages\microsoft.extensions.identity.core\9.0.3\lib\net9.0\Microsoft.Extensions.Identity.Core.dll", ╤В╨░╨║ ╨║╨░╨║ ╨▓╨╡╤А╤Б╨╕╤П ╤Д╨░╨╣╨╗╨░ "9.0.325.11220" ╨▒╨╛╨╗╤М╤И╨╡ "9.0.225.6704".
         ╨Ю╨▒╨╜╨░╤А╤Г╨╢╨╡╨╜ ╨║╨╛╨╜╤Д╨╗╨╕╨║╤В ╨╝╨╡╨╢╨┤╤Г "Platform:Microsoft.Extensions.Identity.Stores.dll" ╨╕ "CopyLocal:C:\Users\user\.nuget\packages\microsoft.extensions.identity.stores\9.0.3\lib\net9.0\Microsoft.Extensions.Identity.Stores.dll". ╨Ш╤Б╨┐╨╛╨╗╤М╨╖╤Г╨╡╤В╤Б╤П "CopyLocal:C:\Users\user\.nuget\packages\microsoft.extensions.identity.stores\9.0.3\lib\net9.0\Microsoft.Extensions.Identity.Stores.dll", ╤В╨░╨║ ╨║╨░╨║ ╨▓╨╡╤А╤Б╨╕╤П ╤Д╨░╨╣╨╗╨░ "9.0.325.11220" ╨▒╨╛╨╗╤М╤И╨╡ "9.0.225.6704".
         ╨Ю╨▒╨╜╨░╤А╤Г╨╢╨╡╨╜ ╨║╨╛╨╜╤Д╨╗╨╕╨║╤В ╨╝╨╡╨╢╨┤╤Г "Platform:Microsoft.Extensions.Logging.dll" ╨╕ "CopyLocal:C:\Users\user\.nuget\packages\microsoft.extensions.logging\9.0.3\lib\net9.0\Microsoft.Extensions.Logging.dll". ╨Ш╤Б╨┐╨╛╨╗╤М╨╖╤Г╨╡╤В╤Б╤П "CopyLocal:C:\Users\user\.nuget\packages\microsoft.extensions.logging\9.0.3\lib\net9.0\Microsoft.Extensions.Logging.dll", ╤В╨░╨║ ╨║╨░╨║ ╨▓╨╡╤А╤Б╨╕╤П ╤Д╨░╨╣╨╗╨░ "9.0.325.11113" ╨▒╨╛╨╗╤М╤И╨╡ "9.0.225.6610".
         ╨Ю╨▒╨╜╨░╤А╤Г╨╢╨╡╨╜ ╨║╨╛╨╜╤Д╨╗╨╕╨║╤В ╨╝╨╡╨╢╨┤╤Г "Platform:Microsoft.Extensions.Logging.Abstractions.dll" ╨╕ "CopyLocal:C:\Users\user\.nuget\packages\microsoft.extensions.logging.abstractions\9.0.3\lib\net9.0\Microsoft.Extensions.Logging.Abstractions.dll". ╨Ш╤Б╨┐╨╛╨╗╤М╨╖╤Г╨╡╤В╤Б╤П "CopyLocal:C:\Users\user\.nuget\packages\microsoft.extensions.logging.abstractions\9.0.3\lib\net9.0\Microsoft.Extensions.Logging.Abstractions.dll", ╤В╨░╨║ ╨║╨░╨║ ╨▓╨╡╤А╤Б╨╕╤П ╤Д╨░╨╣╨╗╨░ "9.0.325.11113" ╨▒╨╛╨╗╤М╤И╨╡ "9.0.225.6610".
         ╨Ю╨▒╨╜╨░╤А╤Г╨╢╨╡╨╜ ╨║╨╛╨╜╤Д╨╗╨╕╨║╤В ╨╝╨╡╨╢╨┤╤Г "Platform:Microsoft.Extensions.Options.dll" ╨╕ "CopyLocal:C:\Users\user\.nuget\packages\microsoft.extensions.options\9.0.3\lib\net9.0\Microsoft.Extensions.Options.dll". ╨Ш╤Б╨┐╨╛╨╗╤М╨╖╤Г╨╡╤В╤Б╤П "CopyLocal:C:\Users\user\.nuget\packages\microsoft.extensions.options\9.0.3\lib\net9.0\Microsoft.Extensions.Options.dll", ╤В╨░╨║ ╨║╨░╨║ ╨▓╨╡╤А╤Б╨╕╤П ╤Д╨░╨╣╨╗╨░ "9.0.325.11113" ╨▒╨╛╨╗╤М╤И╨╡ "9.0.225.6610".
         ╨Ю╨▒╨╜╨░╤А╤Г╨╢╨╡╨╜ ╨║╨╛╨╜╤Д╨╗╨╕╨║╤В ╨╝╨╡╨╢╨┤╤Г "Platform:Microsoft.Extensions.Primitives.dll" ╨╕ "CopyLocal:C:\Users\user\.nuget\packages\microsoft.extensions.primitives\9.0.3\lib\net9.0\Microsoft.Extensions.Primitives.dll". ╨Ш╤Б╨┐╨╛╨╗╤М╨╖╤Г╨╡╤В╤Б╤П "CopyLocal:C:\Users\user\.nuget\packages\microsoft.extensions.primitives\9.0.3\lib\net9.0\Microsoft.Extensions.Primitives.dll", ╤В╨░╨║ ╨║╨░╨║ ╨▓╨╡╤А╤Б╨╕╤П ╤Д╨░╨╣╨╗╨░ "9.0.325.11113" ╨▒╨╛╨╗╤М╤И╨╡ "9.0.225.6610".
         ╨Ю╨▒╨╜╨░╤А╤Г╨╢╨╡╨╜ ╨║╨╛╨╜╤Д╨╗╨╕╨║╤В ╨╝╨╡╨╢╨┤╤Г "Platform:System.Formats.Asn1.dll" ╨╕ "CopyLocal:C:\Users\user\.nuget\packages\system.formats.asn1\9.0.3\lib\net9.0\System.Formats.Asn1.dll". ╨Ш╤Б╨┐╨╛╨╗╤М╨╖╤Г╨╡╤В╤Б╤П "CopyLocal:C:\Users\user\.nuget\packages\system.formats.asn1\9.0.3\lib\net9.0\System.Formats.Asn1.dll", ╤В╨░╨║ ╨║╨░╨║ ╨▓╨╡╤А╤Б╨╕╤П ╤Д╨░╨╣╨╗╨░ "9.0.325.11113" ╨▒╨╛╨╗╤М╤И╨╡ "9.0.225.6610".
         ╨Ю╨▒╨╜╨░╤А╤Г╨╢╨╡╨╜ ╨║╨╛╨╜╤Д╨╗╨╕╨║╤В ╨╝╨╡╨╢╨┤╤Г "Platform:System.Text.Json.dll" ╨╕ "CopyLocal:C:\Users\user\.nuget\packages\system.text.json\9.0.3\lib\net9.0\System.Text.Json.dll". ╨Ш╤Б╨┐╨╛╨╗╤М╨╖╤Г╨╡╤В╤Б╤П "CopyLocal:C:\Users\user\.nuget\packages\system.text.json\9.0.3\lib\net9.0\System.Text.Json.dll", ╤В╨░╨║ ╨║╨░╨║ ╨▓╨╡╤А╤Б╨╕╤П ╤Д╨░╨╣╨╗╨░ "9.0.325.11113" ╨▒╨╛╨╗╤М╤И╨╡ "9.0.225.6610".
         ╨Ю╨▒╨╜╨░╤А╤Г╨╢╨╡╨╜ ╨║╨╛╨╜╤Д╨╗╨╕╨║╤В ╨╝╨╡╨╢╨┤╤Г "Platform:mscorlib.dll" ╨╕ "Platform:mscorlib.dll". ╨Э╨╡ ╤Г╨┤╨░╨╗╨╛╤Б╤М ╨╛╨┐╤А╨╡╨┤╨╡╨╗╨╕╤В╤М ╨┐╨╛╨▒╨╡╨┤╨╕╤В╨╡╨╗╤П, ╤В╨░╨║ ╨║╨░╨║ ╨▓╨╡╤А╤Б╨╕╨╕ ╤Д╨░╨╣╨╗╨░ ╨╕ ╤Б╨▒╨╛╤А╨║╨╕ ╨╛╨┤╨╕╨╜╨░╨║╨╛╨▓╤Л.
         ╨Ю╨▒╨╜╨░╤А╤Г╨╢╨╡╨╜ ╨║╨╛╨╜╤Д╨╗╨╕╨║╤В ╨╝╨╡╨╢╨┤╤Г "Platform:Microsoft.VisualBasic.dll" ╨╕ "Platform:Microsoft.VisualBasic.dll". ╨Э╨╡ ╤Г╨┤╨░╨╗╨╛╤Б╤М ╨╛╨┐╤А╨╡╨┤╨╡╨╗╨╕╤В╤М ╨┐╨╛╨▒╨╡╨┤╨╕╤В╨╡╨╗╤П, ╤В╨░╨║ ╨║╨░╨║ ╨▓╨╡╤А╤Б╨╕╨╕ ╤Д╨░╨╣╨╗╨░ ╨╕ ╤Б╨▒╨╛╤А╨║╨╕ ╨╛╨┤╨╕╨╜╨░╨║╨╛╨▓╤Л.
         ╨Ю╨▒╨╜╨░╤А╤Г╨╢╨╡╨╜ ╨║╨╛╨╜╤Д╨╗╨╕╨║╤В ╨╝╨╡╨╢╨┤╤Г "Platform:System.dll" ╨╕ "Platform:System.dll". ╨Э╨╡ ╤Г╨┤╨░╨╗╨╛╤Б╤М ╨╛╨┐╤А╨╡╨┤╨╡╨╗╨╕╤В╤М ╨┐╨╛╨▒╨╡╨┤╨╕╤В╨╡╨╗╤П, ╤В╨░╨║ ╨║╨░╨║ ╨▓╨╡╤А╤Б╨╕╨╕ ╤Д╨░╨╣╨╗╨░ ╨╕ ╤Б╨▒╨╛╤А╨║╨╕ ╨╛╨┤╨╕╨╜╨░╨║╨╛╨▓╤Л.
         ╨Ю╨▒╨╜╨░╤А╤Г╨╢╨╡╨╜ ╨║╨╛╨╜╤Д╨╗╨╕╨║╤В ╨╝╨╡╨╢╨┤╤Г "Platform:System.ComponentModel.DataAnnotations.dll" ╨╕ "Platform:System.ComponentModel.DataAnnotations.dll". ╨Э╨╡ ╤Г╨┤╨░╨╗╨╛╤Б╤М ╨╛╨┐╤А╨╡╨┤╨╡╨╗╨╕╤В╤М ╨┐╨╛╨▒╨╡╨┤╨╕╤В╨╡╨╗╤П, ╤В╨░╨║ ╨║╨░╨║ ╨▓╨╡╤А╤Б╨╕╨╕ ╤Д╨░╨╣╨╗╨░ ╨╕ ╤Б╨▒╨╛╤А╨║╨╕ ╨╛╨┤╨╕╨╜╨░╨║╨╛╨▓╤Л.
         ╨Ю╨▒╨╜╨░╤А╤Г╨╢╨╡╨╜ ╨║╨╛╨╜╤Д╨╗╨╕╨║╤В ╨╝╨╡╨╢╨┤╤Г "Platform:System.Configuration.dll" ╨╕ "Platform:System.Configuration.dll". ╨Э╨╡ ╤Г╨┤╨░╨╗╨╛╤Б╤М ╨╛╨┐╤А╨╡╨┤╨╡╨╗╨╕╤В╤М ╨┐╨╛╨▒╨╡╨┤╨╕╤В╨╡╨╗╤П, ╤В╨░╨║ ╨║╨░╨║ ╨▓╨╡╤А╤Б╨╕╨╕ ╤Д╨░╨╣╨╗╨░ ╨╕ ╤Б╨▒╨╛╤А╨║╨╕ ╨╛╨┤╨╕╨╜╨░╨║╨╛╨▓╤Л.
         ╨Ю╨▒╨╜╨░╤А╤Г╨╢╨╡╨╜ ╨║╨╛╨╜╤Д╨╗╨╕╨║╤В ╨╝╨╡╨╢╨┤╤Г "Platform:System.Core.dll" ╨╕ "Platform:System.Core.dll". ╨Э╨╡ ╤Г╨┤╨░╨╗╨╛╤Б╤М ╨╛╨┐╤А╨╡╨┤╨╡╨╗╨╕╤В╤М ╨┐╨╛╨▒╨╡╨┤╨╕╤В╨╡╨╗╤П, ╤В╨░╨║ ╨║╨░╨║ ╨▓╨╡╤А╤Б╨╕╨╕ ╤Д╨░╨╣╨╗╨░ ╨╕ ╤Б╨▒╨╛╤А╨║╨╕ ╨╛╨┤╨╕╨╜╨░╨║╨╛╨▓╤Л.
         ╨Ю╨▒╨╜╨░╤А╤Г╨╢╨╡╨╜ ╨║╨╛╨╜╤Д╨╗╨╕╨║╤В ╨╝╨╡╨╢╨┤╤Г "Platform:System.Data.dll" ╨╕ "Platform:System.Data.dll". ╨Э╨╡ ╤Г╨┤╨░╨╗╨╛╤Б╤М ╨╛╨┐╤А╨╡╨┤╨╡╨╗╨╕╤В╤М ╨┐╨╛╨▒╨╡╨┤╨╕╤В╨╡╨╗╤П, ╤В╨░╨║ ╨║╨░╨║ ╨▓╨╡╤А╤Б╨╕╨╕ ╤Д╨░╨╣╨╗╨░ ╨╕ ╤Б╨▒╨╛╤А╨║╨╕ ╨╛╨┤╨╕╨╜╨░╨║╨╛╨▓╤Л.
         ╨Ю╨▒╨╜╨░╤А╤Г╨╢╨╡╨╜ ╨║╨╛╨╜╤Д╨╗╨╕╨║╤В ╨╝╨╡╨╢╨┤╤Г "Platform:System.Drawing.dll" ╨╕ "Platform:System.Drawing.dll". ╨Э╨╡ ╤Г╨┤╨░╨╗╨╛╤Б╤М ╨╛╨┐╤А╨╡╨┤╨╡╨╗╨╕╤В╤М ╨┐╨╛╨▒╨╡╨┤╨╕╤В╨╡╨╗╤П, ╤В╨░╨║ ╨║╨░╨║ ╨▓╨╡╤А╤Б╨╕╨╕ ╤Д╨░╨╣╨╗╨░ ╨╕ ╤Б╨▒╨╛╤А╨║╨╕ ╨╛╨┤╨╕╨╜╨░╨║╨╛╨▓╤Л.
         ╨Ю╨▒╨╜╨░╤А╤Г╨╢╨╡╨╜ ╨║╨╛╨╜╤Д╨╗╨╕╨║╤В ╨╝╨╡╨╢╨┤╤Г "Platform:System.IO.Compression.FileSystem.dll" ╨╕ "Platform:System.IO.Compression.FileSystem.dll". ╨Э╨╡ ╤Г╨┤╨░╨╗╨╛╤Б╤М ╨╛╨┐╤А╨╡╨┤╨╡╨╗╨╕╤В╤М ╨┐╨╛╨▒╨╡╨┤╨╕╤В╨╡╨╗╤П, ╤В╨░╨║ ╨║╨░╨║ ╨▓╨╡╤А╤Б╨╕╨╕ ╤Д╨░╨╣╨╗╨░ ╨╕ ╤Б╨▒╨╛╤А╨║╨╕ ╨╛╨┤╨╕╨╜╨░╨║╨╛╨▓╤Л.
         ╨Ю╨▒╨╜╨░╤А╤Г╨╢╨╡╨╜ ╨║╨╛╨╜╤Д╨╗╨╕╨║╤В ╨╝╨╡╨╢╨┤╤Г "Platform:System.Net.dll" ╨╕ "Platform:System.Net.dll". ╨Э╨╡ ╤Г╨┤╨░╨╗╨╛╤Б╤М ╨╛╨┐╤А╨╡╨┤╨╡╨╗╨╕╤В╤М ╨┐╨╛╨▒╨╡╨┤╨╕╤В╨╡╨╗╤П, ╤В╨░╨║ ╨║╨░╨║ ╨▓╨╡╤А╤Б╨╕╨╕ ╤Д╨░╨╣╨╗╨░ ╨╕ ╤Б╨▒╨╛╤А╨║╨╕ ╨╛╨┤╨╕╨╜╨░╨║╨╛╨▓╤Л.
         ╨Ю╨▒╨╜╨░╤А╤Г╨╢╨╡╨╜ ╨║╨╛╨╜╤Д╨╗╨╕╨║╤В ╨╝╨╡╨╢╨┤╤Г "Platform:System.Numerics.dll" ╨╕ "Platform:System.Numerics.dll". ╨Э╨╡ ╤Г╨┤╨░╨╗╨╛╤Б╤М ╨╛╨┐╤А╨╡╨┤╨╡╨╗╨╕╤В╤М ╨┐╨╛╨▒╨╡╨┤╨╕╤В╨╡╨╗╤П, ╤В╨░╨║ ╨║╨░╨║ ╨▓╨╡╤А╤Б╨╕╨╕ ╤Д╨░╨╣╨╗╨░ ╨╕ ╤Б╨▒╨╛╤А╨║╨╕ ╨╛╨┤╨╕╨╜╨░╨║╨╛╨▓╤Л.
         ╨Ю╨▒╨╜╨░╤А╤Г╨╢╨╡╨╜ ╨║╨╛╨╜╤Д╨╗╨╕╨║╤В ╨╝╨╡╨╢╨┤╤Г "Platform:System.Runtime.Serialization.dll" ╨╕ "Platform:System.Runtime.Serialization.dll". ╨Э╨╡ ╤Г╨┤╨░╨╗╨╛╤Б╤М ╨╛╨┐╤А╨╡╨┤╨╡╨╗╨╕╤В╤М ╨┐╨╛╨▒╨╡╨┤╨╕╤В╨╡╨╗╤П, ╤В╨░╨║ ╨║╨░╨║ ╨▓╨╡╤А╤Б╨╕╨╕ ╤Д╨░╨╣╨╗╨░ ╨╕ ╤Б╨▒╨╛╤А╨║╨╕ ╨╛╨┤╨╕╨╜╨░╨║╨╛╨▓╤Л.
         ╨Ю╨▒╨╜╨░╤А╤Г╨╢╨╡╨╜ ╨║╨╛╨╜╤Д╨╗╨╕╨║╤В ╨╝╨╡╨╢╨┤╤Г "Platform:System.Security.dll" ╨╕ "Platform:System.Security.dll". ╨Э╨╡ ╤Г╨┤╨░╨╗╨╛╤Б╤М ╨╛╨┐╤А╨╡╨┤╨╡╨╗╨╕╤В╤М ╨┐╨╛╨▒╨╡╨┤╨╕╤В╨╡╨╗╤П, ╤В╨░╨║ ╨║╨░╨║ ╨▓╨╡╤А╤Б╨╕╨╕ ╤Д╨░╨╣╨╗╨░ ╨╕ ╤Б╨▒╨╛╤А╨║╨╕ ╨╛╨┤╨╕╨╜╨░╨║╨╛╨▓╤Л.
         ╨Ю╨▒╨╜╨░╤А╤Г╨╢╨╡╨╜ ╨║╨╛╨╜╤Д╨╗╨╕╨║╤В ╨╝╨╡╨╢╨┤╤Г "Platform:System.ServiceProcess.dll" ╨╕ "Platform:System.ServiceProcess.dll". ╨Э╨╡ ╤Г╨┤╨░╨╗╨╛╤Б╤М ╨╛╨┐╤А╨╡╨┤╨╡╨╗╨╕╤В╤М ╨┐╨╛╨▒╨╡╨┤╨╕╤В╨╡╨╗╤П, ╤В╨░╨║ ╨║╨░╨║ ╨▓╨╡╤А╤Б╨╕╨╕ ╤Д╨░╨╣╨╗╨░ ╨╕ ╤Б╨▒╨╛╤А╨║╨╕ ╨╛╨┤╨╕╨╜╨░╨║╨╛╨▓╤Л.
         ╨Ю╨▒╨╜╨░╤А╤Г╨╢╨╡╨╜ ╨║╨╛╨╜╤Д╨╗╨╕╨║╤В ╨╝╨╡╨╢╨┤╤Г "Platform:System.ServiceModel.Web.dll" ╨╕ "Platform:System.ServiceModel.Web.dll". ╨Э╨╡ ╤Г╨┤╨░╨╗╨╛╤Б╤М ╨╛╨┐╤А╨╡╨┤╨╡╨╗╨╕╤В╤М ╨┐╨╛╨▒╨╡╨┤╨╕╤В╨╡╨╗╤П, ╤В╨░╨║ ╨║╨░╨║ ╨▓╨╡╤А╤Б╨╕╨╕ ╤Д╨░╨╣╨╗╨░ ╨╕ ╤Б╨▒╨╛╤А╨║╨╕ ╨╛╨┤╨╕╨╜╨░╨║╨╛╨▓╤Л.
         ╨Ю╨▒╨╜╨░╤А╤Г╨╢╨╡╨╜ ╨║╨╛╨╜╤Д╨╗╨╕╨║╤В ╨╝╨╡╨╢╨┤╤Г "Platform:System.Transactions.dll" ╨╕ "Platform:System.Transactions.dll". ╨Э╨╡ ╤Г╨┤╨░╨╗╨╛╤Б╤М ╨╛╨┐╤А╨╡╨┤╨╡╨╗╨╕╤В╤М ╨┐╨╛╨▒╨╡╨┤╨╕╤В╨╡╨╗╤П, ╤В╨░╨║ ╨║╨░╨║ ╨▓╨╡╤А╤Б╨╕╨╕ ╤Д╨░╨╣╨╗╨░ ╨╕ ╤Б╨▒╨╛╤А╨║╨╕ ╨╛╨┤╨╕╨╜╨░╨║╨╛╨▓╤Л.
         ╨Ю╨▒╨╜╨░╤А╤Г╨╢╨╡╨╜ ╨║╨╛╨╜╤Д╨╗╨╕╨║╤В ╨╝╨╡╨╢╨┤╤Г "Platform:System.Web.dll" ╨╕ "Platform:System.Web.dll". ╨Э╨╡ ╤Г╨┤╨░╨╗╨╛╤Б╤М ╨╛╨┐╤А╨╡╨┤╨╡╨╗╨╕╤В╤М ╨┐╨╛╨▒╨╡╨┤╨╕╤В╨╡╨╗╤П, ╤В╨░╨║ ╨║╨░╨║ ╨▓╨╡╤А╤Б╨╕╨╕ ╤Д╨░╨╣╨╗╨░ ╨╕ ╤Б╨▒╨╛╤А╨║╨╕ ╨╛╨┤╨╕╨╜╨░╨║╨╛╨▓╤Л.
         ╨Ю╨▒╨╜╨░╤А╤Г╨╢╨╡╨╜ ╨║╨╛╨╜╤Д╨╗╨╕╨║╤В ╨╝╨╡╨╢╨┤╤Г "Platform:System.Windows.dll" ╨╕ "Platform:System.Windows.dll". ╨Э╨╡ ╤Г╨┤╨░╨╗╨╛╤Б╤М ╨╛╨┐╤А╨╡╨┤╨╡╨╗╨╕╤В╤М ╨┐╨╛╨▒╨╡╨┤╨╕╤В╨╡╨╗╤П, ╤В╨░╨║ ╨║╨░╨║ ╨▓╨╡╤А╤Б╨╕╨╕ ╤Д╨░╨╣╨╗╨░ ╨╕ ╤Б╨▒╨╛╤А╨║╨╕ ╨╛╨┤╨╕╨╜╨░╨║╨╛╨▓╤Л.
         ╨Ю╨▒╨╜╨░╤А╤Г╨╢╨╡╨╜ ╨║╨╛╨╜╤Д╨╗╨╕╨║╤В ╨╝╨╡╨╢╨┤╤Г "Platform:System.Xml.dll" ╨╕ "Platform:System.Xml.dll". ╨Э╨╡ ╤Г╨┤╨░╨╗╨╛╤Б╤М ╨╛╨┐╤А╨╡╨┤╨╡╨╗╨╕╤В╤М ╨┐╨╛╨▒╨╡╨┤╨╕╤В╨╡╨╗╤П, ╤В╨░╨║ ╨║╨░╨║ ╨▓╨╡╤А╤Б╨╕╨╕ ╤Д╨░╨╣╨╗╨░ ╨╕ ╤Б╨▒╨╛╤А╨║╨╕ ╨╛╨┤╨╕╨╜╨░╨║╨╛╨▓╤Л.
         ╨Ю╨▒╨╜╨░╤А╤Г╨╢╨╡╨╜ ╨║╨╛╨╜╤Д╨╗╨╕╨║╤В ╨╝╨╡╨╢╨┤╤Г "Platform:System.Xml.Serialization.dll" ╨╕ "Platform:System.Xml.Serialization.dll". ╨Э╨╡ ╤Г╨┤╨░╨╗╨╛╤Б╤М ╨╛╨┐╤А╨╡╨┤╨╡╨╗╨╕╤В╤М ╨┐╨╛╨▒╨╡╨┤╨╕╤В╨╡╨╗╤П, ╤В╨░╨║ ╨║╨░╨║ ╨▓╨╡╤А╤Б╨╕╨╕ ╤Д╨░╨╣╨╗╨░ ╨╕ ╤Б╨▒╨╛╤А╨║╨╕ ╨╛╨┤╨╕╨╜╨░╨║╨╛╨▓╤Л.
         ╨Ю╨▒╨╜╨░╤А╤Г╨╢╨╡╨╜ ╨║╨╛╨╜╤Д╨╗╨╕╨║╤В ╨╝╨╡╨╢╨┤╤Г "Platform:System.Xml.Linq.dll" ╨╕ "Platform:System.Xml.Linq.dll". ╨Э╨╡ ╤Г╨┤╨░╨╗╨╛╤Б╤М ╨╛╨┐╤А╨╡╨┤╨╡╨╗╨╕╤В╤М ╨┐╨╛╨▒╨╡╨┤╨╕╤В╨╡╨╗╤П, ╤В╨░╨║ ╨║╨░╨║ ╨▓╨╡╤А╤Б╨╕╨╕ ╤Д╨░╨╣╨╗╨░ ╨╕ ╤Б╨▒╨╛╤А╨║╨╕ ╨╛╨┤╨╕╨╜╨░╨║╨╛╨▓╤Л.
         ╨Ю╨▒╨╜╨░╤А╤Г╨╢╨╡╨╜ ╨║╨╛╨╜╤Д╨╗╨╕╨║╤В ╨╝╨╡╨╢╨┤╤Г "Platform:WindowsBase.dll" ╨╕ "Platform:WindowsBase.dll". ╨Э╨╡ ╤Г╨┤╨░╨╗╨╛╤Б╤М ╨╛╨┐╤А╨╡╨┤╨╡╨╗╨╕╤В╤М ╨┐╨╛╨▒╨╡╨┤╨╕╤В╨╡╨╗╤П, ╤В╨░╨║ ╨║╨░╨║ ╨▓╨╡╤А╤Б╨╕╨╕ ╤Д╨░╨╣╨╗╨░ ╨╕ ╤Б╨▒╨╛╤А╨║╨╕ ╨╛╨┤╨╕╨╜╨░╨║╨╛╨▓╤Л.
         ╨Ю╨▒╨╜╨░╤А╤Г╨╢╨╡╨╜ ╨║╨╛╨╜╤Д╨╗╨╕╨║╤В ╨╝╨╡╨╢╨┤╤Г "Platform:netstandard.dll" ╨╕ "Platform:netstandard.dll". ╨Э╨╡ ╤Г╨┤╨░╨╗╨╛╤Б╤М ╨╛╨┐╤А╨╡╨┤╨╡╨╗╨╕╤В╤М ╨┐╨╛╨▒╨╡╨┤╨╕╤В╨╡╨╗╤П, ╤В╨░╨║ ╨║╨░╨║ ╨▓╨╡╤А╤Б╨╕╨╕ ╤Д╨░╨╣╨╗╨░ ╨╕ ╤Б╨▒╨╛╤А╨║╨╕ ╨╛╨┤╨╕╨╜╨░╨║╨╛╨▓╤Л.
         ╨Ю╨▒╨╜╨░╤А╤Г╨╢╨╡╨╜ ╨║╨╛╨╜╤Д╨╗╨╕╨║╤В ╨╝╨╡╨╢╨┤╤Г "Platform:System.Private.CoreLib.dll" ╨╕ "Platform:System.Private.CoreLib.dll". ╨Э╨╡ ╤Г╨┤╨░╨╗╨╛╤Б╤М ╨╛╨┐╤А╨╡╨┤╨╡╨╗╨╕╤В╤М ╨┐╨╛╨▒╨╡╨┤╨╕╤В╨╡╨╗╤П, ╤В╨░╨║ ╨║╨░╨║ ╨▓╨╡╤А╤Б╨╕╨╕ ╤Д╨░╨╣╨╗╨░ ╨╕ ╤Б╨▒╨╛╤А╨║╨╕ ╨╛╨┤╨╕╨╜╨░╨║╨╛╨▓╤Л.
         ╨Ю╨▒╨╜╨░╤А╤Г╨╢╨╡╨╜ ╨║╨╛╨╜╤Д╨╗╨╕╨║╤В ╨╝╨╡╨╢╨┤╤Г "Platform:System.Private.DataContractSerialization.dll" ╨╕ "Platform:System.Private.DataContractSerialization.dll". ╨Э╨╡ ╤Г╨┤╨░╨╗╨╛╤Б╤М ╨╛╨┐╤А╨╡╨┤╨╡╨╗╨╕╤В╤М ╨┐╨╛╨▒╨╡╨┤╨╕╤В╨╡╨╗╤П, ╤В╨░╨║ ╨║╨░╨║ ╨▓╨╡╤А╤Б╨╕╨╕ ╤Д╨░╨╣╨╗╨░ ╨╕ ╤Б╨▒╨╛╤А╨║╨╕ ╨╛╨┤╨╕╨╜╨░╨║╨╛╨▓╤Л.
         ╨Ю╨▒╨╜╨░╤А╤Г╨╢╨╡╨╜ ╨║╨╛╨╜╤Д╨╗╨╕╨║╤В ╨╝╨╡╨╢╨┤╤Г "Platform:System.Private.Uri.dll" ╨╕ "Platform:System.Private.Uri.dll". ╨Э╨╡ ╤Г╨┤╨░╨╗╨╛╤Б╤М ╨╛╨┐╤А╨╡╨┤╨╡╨╗╨╕╤В╤М ╨┐╨╛╨▒╨╡╨┤╨╕╤В╨╡╨╗╤П, ╤В╨░╨║ ╨║╨░╨║ ╨▓╨╡╤А╤Б╨╕╨╕ ╤Д╨░╨╣╨╗╨░ ╨╕ ╤Б╨▒╨╛╤А╨║╨╕ ╨╛╨┤╨╕╨╜╨░╨║╨╛╨▓╤Л.
         ╨Ю╨▒╨╜╨░╤А╤Г╨╢╨╡╨╜ ╨║╨╛╨╜╤Д╨╗╨╕╨║╤В ╨╝╨╡╨╢╨┤╤Г "Platform:System.Private.Xml.dll" ╨╕ "Platform:System.Private.Xml.dll". ╨Э╨╡ ╤Г╨┤╨░╨╗╨╛╤Б╤М ╨╛╨┐╤А╨╡╨┤╨╡╨╗╨╕╤В╤М ╨┐╨╛╨▒╨╡╨┤╨╕╤В╨╡╨╗╤П, ╤В╨░╨║ ╨║╨░╨║ ╨▓╨╡╤А╤Б╨╕╨╕ ╤Д╨░╨╣╨╗╨░ ╨╕ ╤Б╨▒╨╛╤А╨║╨╕ ╨╛╨┤╨╕╨╜╨░╨║╨╛╨▓╤Л.
         ╨Ю╨▒╨╜╨░╤А╤Г╨╢╨╡╨╜ ╨║╨╛╨╜╤Д╨╗╨╕╨║╤В ╨╝╨╡╨╢╨┤╤Г "Platform:System.Private.Xml.Linq.dll" ╨╕ "Platform:System.Private.Xml.Linq.dll". ╨Э╨╡ ╤Г╨┤╨░╨╗╨╛╤Б╤М ╨╛╨┐╤А╨╡╨┤╨╡╨╗╨╕╤В╤М ╨┐╨╛╨▒╨╡╨┤╨╕╤В╨╡╨╗╤П, ╤В╨░╨║ ╨║╨░╨║ ╨▓╨╡╤А╤Б╨╕╨╕ ╤Д╨░╨╣╨╗╨░ ╨╕ ╤Б╨▒╨╛╤А╨║╨╕ ╨╛╨┤╨╕╨╜╨░╨║╨╛╨▓╤Л.
         ╨Ю╨▒╨╜╨░╤А╤Г╨╢╨╡╨╜ ╨║╨╛╨╜╤Д╨╗╨╕╨║╤В ╨╝╨╡╨╢╨┤╤Г "Platform:mscordaccore_amd64_amd64_9.0.225.6610.dll" ╨╕ "Platform:mscordaccore_amd64_amd64_9.0.225.6610.dll". ╨Э╨╡ ╤Г╨┤╨░╨╗╨╛╤Б╤М ╨╛╨┐╤А╨╡╨┤╨╡╨╗╨╕╤В╤М ╨┐╨╛╨▒╨╡╨┤╨╕╤В╨╡╨╗╤П, ╤В╨░╨║ ╨║╨░╨║ ╨▓╨╡╤А╤Б╨╕╨╕ ╤Д╨░╨╣╨╗╨░ ╨╕ ╤Б╨▒╨╛╤А╨║╨╕ ╨╛╨┤╨╕╨╜╨░╨║╨╛╨▓╤Л.
       ╨Т╤Л╨┐╨╛╨╗╨╜╨╡╨╜╨╕╨╡ ╨╖╨░╨┤╨░╤З╨╕ "ResolvePackageFileConflicts" ╨╖╨░╨▓╨╡╤А╤И╨╡╨╜╨╛.
   1:7>╨б╨▒╨╛╤А╨║╨░ ╤Ж╨╡╨╗╨╡╨▓╨╛╨│╨╛ ╨╛╨▒╤К╨╡╨║╤В╨░ "_HandlePackageFileConflicts" ╨▓ ╨┐╤А╨╛╨╡╨║╤В╨╡ "WebApplication15.csproj" ╨╖╨░╨▓╨╡╤А╤И╨╡╨╜╨░.
       ╨ж╨╡╨╗╨╡╨▓╨╛╨╣ ╨╛╨▒╤К╨╡╨║╤В "ResolveTargetingPackAssets" ╨┐╤А╨╛╨┐╤Г╤Й╨╡╨╜. ╨Я╤А╨╡╨┤╤Л╨┤╤Г╤Й╨░╤П ╤Б╨▒╨╛╤А╨║╨░ ╤Г╤Б╨┐╨╡╤И╨╜╨░.
   1:7>╨ж╨╡╨╗╨╡╨▓╨╛╨╣ ╨╛╨▒╤К╨╡╨║╤В "ResolveAssemblyReferences" ╨▓ ╤Д╨░╨╣╨╗╨╡ "C:\Program Files\dotnet\sdk\9.0.200\Microsoft.Common.CurrentVersion.targets" ╨╕╨╖ ╨┐╤А╨╛╨╡╨║╤В╨░ "C:\Users\user\OneDrive\╨а╨░╨▒╨╛╤З╨╕╨╣ ╤Б╤В╨╛╨╗\regi\WebApplication15\WebApplication15.csproj" (╤Ж╨╡╨╗╨╡╨▓╨╛╨╣ ╨╛╨▒╤К╨╡╨║╤В "ResolveReferences" ╨╖╨░╨▓╨╕╤Б╨╕╤В ╨╛╤В ╨╜╨╡╨│╨╛):
       ╨Ш╤Б╨┐╨╛╨╗╤М╨╖╤Г╨╡╤В╤Б╤П ╨╖╨░╨┤╨░╤З╨░ "ResolveAssemblyReference" ╨╕╨╖ ╤Б╨▒╨╛╤А╨║╨╕ "Microsoft.Build.Tasks.Core, Version=15.1.0.0, Culture=neutral, PublicKeyToken=b03f5f7f11d50a3a".
       ╨Ч╨░╨┤╨░╤З╨░ "ResolveAssemblyReference"
         TargetFrameworkMoniker:
             .NETCoreApp,Version=v9.0
         TargetFrameworkMonikerDisplayName:
             .NET 9.0
         TargetedRuntimeVersion:
             
         Assemblies:
             C:\Users\user\.nuget\packages\azure.core\1.38.0\lib\net6.0\Azure.Core.dll
                 Private = "false"
                 HintPath = "C:\Users\user\.nuget\packages\azure.core\1.38.0\lib\net6.0\Azure.Core.dll"
             C:\Users\user\.nuget\packages\azure.identity\1.11.4\lib\netstandard2.0\Azure.Identity.dll
                 Private = "false"
                 HintPath = "C:\Users\user\.nuget\packages\azure.identity\1.11.4\lib\netstandard2.0\Azure.Identity.dll"
             C:\Users\user\.nuget\packages\microsoft.aspnetcore.cryptography.internal\9.0.3\lib\net9.0\Microsoft.AspNetCore.Cryptography.Internal.dll
                 Private = "false"
                 HintPath = "C:\Users\user\.nuget\packages\microsoft.aspnetcore.cryptography.internal\9.0.3\lib\net9.0\Microsoft.AspNetCore.Cryptography.Internal.dll"
             C:\Users\user\.nuget\packages\microsoft.aspnetcore.cryptography.keyderivation\9.0.3\lib\net9.0\Microsoft.AspNetCore.Cryptography.KeyDerivation.dll
                 Private = "false"
                 HintPath = "C:\Users\user\.nuget\packages\microsoft.aspnetcore.cryptography.keyderivation\9.0.3\lib\net9.0\Microsoft.AspNetCore.Cryptography.KeyDerivation.dll"
             C:\Users\user\.nuget\packages\microsoft.aspnetcore.identity.entityframeworkcore\9.0.3\lib\net9.0\Microsoft.AspNetCore.Identity.EntityFrameworkCore.dll
                 Private = "false"
                 HintPath = "C:\Users\user\.nuget\packages\microsoft.aspnetcore.identity.entityframeworkcore\9.0.3\lib\net9.0\Microsoft.AspNetCore.Identity.EntityFrameworkCore.dll"
             C:\Users\user\.nuget\packages\microsoft.bcl.asyncinterfaces\7.0.0\lib\netstandard2.1\Microsoft.Bcl.AsyncInterfaces.dll
                 Private = "false"
                 HintPath = "C:\Users\user\.nuget\packages\microsoft.bcl.asyncinterfaces\7.0.0\lib\netstandard2.1\Microsoft.Bcl.AsyncInterfaces.dll"
             C:\Users\user\.nuget\packages\microsoft.data.sqlclient\5.1.6\ref\net6.0\Microsoft.Data.SqlClient.dll
                 Private = "false"
                 HintPath = "C:\Users\user\.nuget\packages\microsoft.data.sqlclient\5.1.6\ref\net6.0\Microsoft.Data.SqlClient.dll"
             C:\Users\user\.nuget\packages\microsoft.entityframeworkcore\9.0.3\lib\net8.0\Microsoft.EntityFrameworkCore.dll
                 Private = "false"
                 HintPath = "C:\Users\user\.nuget\packages\microsoft.entityframeworkcore\9.0.3\lib\net8.0\Microsoft.EntityFrameworkCore.dll"
             C:\Users\user\.nuget\packages\microsoft.entityframeworkcore.abstractions\9.0.3\lib\net8.0\Microsoft.EntityFrameworkCore.Abstractions.dll
                 Private = "false"
                 HintPath = "C:\Users\user\.nuget\packages\microsoft.entityframeworkcore.abstractions\9.0.3\lib\net8.0\Microsoft.EntityFrameworkCore.Abstractions.dll"
             C:\Users\user\.nuget\packages\microsoft.entityframeworkcore.relational\9.0.3\lib\net8.0\Microsoft.EntityFrameworkCore.Relational.dll
                 Private = "false"
                 HintPath = "C:\Users\user\.nuget\packages\microsoft.entityframeworkcore.relational\9.0.3\lib\net8.0\Microsoft.EntityFrameworkCore.Relational.dll"
             C:\Users\user\.nuget\packages\microsoft.entityframeworkcore.sqlserver\9.0.3\lib\net8.0\Microsoft.EntityFrameworkCore.SqlServer.dll
                 Private = "false"
                 HintPath = "C:\Users\user\.nuget\packages\microsoft.entityframeworkcore.sqlserver\9.0.3\lib\net8.0\Microsoft.EntityFrameworkCore.SqlServer.dll"
             C:\Users\user\.nuget\packages\microsoft.extensions.caching.abstractions\9.0.3\lib\net9.0\Microsoft.Extensions.Caching.Abstractions.dll
                 Private = "false"
                 HintPath = "C:\Users\user\.nuget\packages\microsoft.extensions.caching.abstractions\9.0.3\lib\net9.0\Microsoft.Extensions.Caching.Abstractions.dll"
             C:\Users\user\.nuget\packages\microsoft.extensions.caching.memory\9.0.3\lib\net9.0\Microsoft.Extensions.Caching.Memory.dll
                 Private = "false"
                 HintPath = "C:\Users\user\.nuget\packages\microsoft.extensions.caching.memory\9.0.3\lib\net9.0\Microsoft.Extensions.Caching.Memory.dll"
             C:\Users\user\.nuget\packages\microsoft.extensions.configuration.abstractions\9.0.3\lib\net9.0\Microsoft.Extensions.Configuration.Abstractions.dll
                 Private = "false"
                 HintPath = "C:\Users\user\.nuget\packages\microsoft.extensions.configuration.abstractions\9.0.3\lib\net9.0\Microsoft.Extensions.Configuration.Abstractions.dll"
             C:\Users\user\.nuget\packages\microsoft.extensions.dependencyinjection\9.0.3\lib\net9.0\Microsoft.Extensions.DependencyInjection.dll
                 Private = "false"
                 HintPath = "C:\Users\user\.nuget\packages\microsoft.extensions.dependencyinjection\9.0.3\lib\net9.0\Microsoft.Extensions.DependencyInjection.dll"
             C:\Users\user\.nuget\packages\microsoft.extensions.dependencyinjection.abstractions\9.0.3\lib\net9.0\Microsoft.Extensions.DependencyInjection.Abstractions.dll
                 Private = "false"
                 HintPath = "C:\Users\user\.nuget\packages\microsoft.extensions.dependencyinjection.abstractions\9.0.3\lib\net9.0\Microsoft.Extensions.DependencyInjection.Abstractions.dll"
             C:\Users\user\.nuget\packages\microsoft.extensions.identity.core\9.0.3\lib\net9.0\Microsoft.Extensions.Identity.Core.dll
                 Private = "false"
                 HintPath = "C:\Users\user\.nuget\packages\microsoft.extensions.identity.core\9.0.3\lib\net9.0\Microsoft.Extensions.Identity.Core.dll"
             C:\Users\user\.nuget\packages\microsoft.extensions.identity.stores\9.0.3\lib\net9.0\Microsoft.Extensions.Identity.Stores.dll
                 Private = "false"
                 HintPath = "C:\Users\user\.nuget\packages\microsoft.extensions.identity.stores\9.0.3\lib\net9.0\Microsoft.Extensions.Identity.Stores.dll"
             C:\Users\user\.nuget\packages\microsoft.extensions.logging\9.0.3\lib\net9.0\Microsoft.Extensions.Logging.dll
                 Private = "false"
                 HintPath = "C:\Users\user\.nuget\packages\microsoft.extensions.logging\9.0.3\lib\net9.0\Microsoft.Extensions.Logging.dll"
             C:\Users\user\.nuget\packages\microsoft.extensions.logging.abstractions\9.0.3\lib\net9.0\Microsoft.Extensions.Logging.Abstractions.dll
                 Private = "false"
                 HintPath = "C:\Users\user\.nuget\packages\microsoft.extensions.logging.abstractions\9.0.3\lib\net9.0\Microsoft.Extensions.Logging.Abstractions.dll"
             C:\Users\user\.nuget\packages\microsoft.extensions.options\9.0.3\lib\net9.0\Microsoft.Extensions.Options.dll
                 Private = "false"
                 HintPath = "C:\Users\user\.nuget\packages\microsoft.extensions.options\9.0.3\lib\net9.0\Microsoft.Extensions.Options.dll"
             C:\Users\user\.nuget\packages\microsoft.extensions.primitives\9.0.3\lib\net9.0\Microsoft.Extensions.Primitives.dll
                 Private = "false"
                 HintPath = "C:\Users\user\.nuget\packages\microsoft.extensions.primitives\9.0.3\lib\net9.0\Microsoft.Extensions.Primitives.dll"
             C:\Users\user\.nuget\packages\microsoft.identity.client\4.61.3\lib\net6.0\Microsoft.Identity.Client.dll
                 Private = "false"
                 HintPath = "C:\Users\user\.nuget\packages\microsoft.identity.client\4.61.3\lib\net6.0\Microsoft.Identity.Client.dll"
             C:\Users\user\.nuget\packages\microsoft.identity.client.extensions.msal\4.61.3\lib\net6.0\Microsoft.Identity.Client.Extensions.Msal.dll
                 Private = "false"
                 HintPath = "C:\Users\user\.nuget\packages\microsoft.identity.client.extensions.msal\4.61.3\lib\net6.0\Microsoft.Identity.Client.Extensions.Msal.dll"
             C:\Users\user\.nuget\packages\microsoft.identitymodel.abstractions\6.35.0\lib\net6.0\Microsoft.IdentityModel.Abstractions.dll
                 Private = "false"
                 HintPath = "C:\Users\user\.nuget\packages\microsoft.identitymodel.abstractions\6.35.0\lib\net6.0\Microsoft.IdentityModel.Abstractions.dll"
             C:\Users\user\.nuget\packages\microsoft.identitymodel.jsonwebtokens\6.35.0\lib\net6.0\Microsoft.IdentityModel.JsonWebTokens.dll
                 Private = "false"
                 HintPath = "C:\Users\user\.nuget\packages\microsoft.identitymodel.jsonwebtokens\6.35.0\lib\net6.0\Microsoft.IdentityModel.JsonWebTokens.dll"
             C:\Users\user\.nuget\packages\microsoft.identitymodel.logging\6.35.0\lib\net6.0\Microsoft.IdentityModel.Logging.dll
                 Private = "false"
                 HintPath = "C:\Users\user\.nuget\packages\microsoft.identitymodel.logging\6.35.0\lib\net6.0\Microsoft.IdentityModel.Logging.dll"
             C:\Users\user\.nuget\packages\microsoft.identitymodel.protocols\6.35.0\lib\net6.0\Microsoft.IdentityModel.Protocols.dll
                 Private = "false"
                 HintPath = "C:\Users\user\.nuget\packages\microsoft.identitymodel.protocols\6.35.0\lib\net6.0\Microsoft.IdentityModel.Protocols.dll"
             C:\Users\user\.nuget\packages\microsoft.identitymodel.protocols.openidconnect\6.35.0\lib\net6.0\Microsoft.IdentityModel.Protocols.OpenIdConnect.dll
                 Private = "false"
                 HintPath = "C:\Users\user\.nuget\packages\microsoft.identitymodel.protocols.openidconnect\6.35.0\lib\net6.0\Microsoft.IdentityModel.Protocols.OpenIdConnect.dll"
             C:\Users\user\.nuget\packages\microsoft.identitymodel.tokens\6.35.0\lib\net6.0\Microsoft.IdentityModel.Tokens.dll
                 Private = "false"
                 HintPath = "C:\Users\user\.nuget\packages\microsoft.identitymodel.tokens\6.35.0\lib\net6.0\Microsoft.IdentityModel.Tokens.dll"
             C:\Users\user\.nuget\packages\microsoft.sqlserver.server\1.0.0\lib\netstandard2.0\Microsoft.SqlServer.Server.dll
                 Private = "false"
                 HintPath = "C:\Users\user\.nuget\packages\microsoft.sqlserver.server\1.0.0\lib\netstandard2.0\Microsoft.SqlServer.Server.dll"
             C:\Users\user\.nuget\packages\newtonsoft.json\13.0.3\lib\net6.0\Newtonsoft.Json.dll
                 Private = "false"
                 HintPath = "C:\Users\user\.nuget\packages\newtonsoft.json\13.0.3\lib\net6.0\Newtonsoft.Json.dll"
             C:\Users\user\.nuget\packages\system.clientmodel\1.0.0\lib\net6.0\System.ClientModel.dll
                 Private = "false"
                 HintPath = "C:\Users\user\.nuget\packages\system.clientmodel\1.0.0\lib\net6.0\System.ClientModel.dll"
             C:\Users\user\.nuget\packages\system.identitymodel.tokens.jwt\6.35.0\lib\net6.0\System.IdentityModel.Tokens.Jwt.dll
                 Private = "false"
                 HintPath = "C:\Users\user\.nuget\packages\system.identitymodel.tokens.jwt\6.35.0\lib\net6.0\System.IdentityModel.Tokens.Jwt.dll"
             C:\Users\user\.nuget\packages\system.memory.data\1.0.2\lib\netstandard2.0\System.Memory.Data.dll
                 Private = "false"
                 HintPath = "C:\Users\user\.nuget\packages\system.memory.data\1.0.2\lib\netstandard2.0\System.Memory.Data.dll"
             C:\Users\user\.nuget\packages\system.security.cryptography.protecteddata\6.0.0\lib\net6.0\System.Security.Cryptography.ProtectedData.dll
                 Private = "false"
                 HintPath = "C:\Users\user\.nuget\packages\system.security.cryptography.protecteddata\6.0.0\lib\net6.0\System.Security.Cryptography.ProtectedData.dll"
             C:\Users\user\.nuget\packages\system.text.json\9.0.3\lib\net9.0\System.Text.Json.dll
                 Private = "false"
                 HintPath = "C:\Users\user\.nuget\packages\system.text.json\9.0.3\lib\net9.0\System.Text.Json.dll"
             C:\Program Files\dotnet\packs\Microsoft.NETCore.App.Ref\9.0.2\ref/net9.0/Microsoft.CSharp.dll
                 Private = "false"
             C:\Program Files\dotnet\packs\Microsoft.NETCore.App.Ref\9.0.2\ref/net9.0/Microsoft.VisualBasic.Core.dll
                 Private = "false"
             C:\Program Files\dotnet\packs\Microsoft.NETCore.App.Ref\9.0.2\ref/net9.0/Microsoft.VisualBasic.dll
                 Private = "false"
             C:\Program Files\dotnet\packs\Microsoft.NETCore.App.Ref\9.0.2\ref/net9.0/Microsoft.Win32.Primitives.dll
                 Private = "false"
             C:\Program Files\dotnet\packs\Microsoft.NETCore.App.Ref\9.0.2\ref/net9.0/Microsoft.Win32.Registry.dll
                 Private = "false"
             C:\Program Files\dotnet\packs\Microsoft.NETCore.App.Ref\9.0.2\ref/net9.0/System.AppContext.dll
                 Private = "false"
             C:\Program Files\dotnet\packs\Microsoft.NETCore.App.Ref\9.0.2\ref/net9.0/System.Buffers.dll
                 Private = "false"
             C:\Program Files\dotnet\packs\Microsoft.NETCore.App.Ref\9.0.2\ref/net9.0/System.Collections.Concurrent.dll
                 Private = "false"
             C:\Program Files\dotnet\packs\Microsoft.NETCore.App.Ref\9.0.2\ref/net9.0/System.Collections.Immutable.dll
                 Private = "false"
             C:\Program Files\dotnet\packs\Microsoft.NETCore.App.Ref\9.0.2\ref/net9.0/System.Collections.NonGeneric.dll
                 Private = "false"
             C:\Program Files\dotnet\packs\Microsoft.NETCore.App.Ref\9.0.2\ref/net9.0/System.Collections.Specialized.dll
                 Private = "false"
             C:\Program Files\dotnet\packs\Microsoft.NETCore.App.Ref\9.0.2\ref/net9.0/System.Collections.dll
                 Private = "false"
             C:\Program Files\dotnet\packs\Microsoft.NETCore.App.Ref\9.0.2\ref/net9.0/System.ComponentModel.Annotations.dll
                 Private = "false"
             C:\Program Files\dotnet\packs\Microsoft.NETCore.App.Ref\9.0.2\ref/net9.0/System.ComponentModel.DataAnnotations.dll
                 Private = "false"
             C:\Program Files\dotnet\packs\Microsoft.NETCore.App.Ref\9.0.2\ref/net9.0/System.ComponentModel.EventBasedAsync.dll
                 Private = "false"
             C:\Program Files\dotnet\packs\Microsoft.NETCore.App.Ref\9.0.2\ref/net9.0/System.ComponentModel.Primitives.dll
                 Private = "false"
             C:\Program Files\dotnet\packs\Microsoft.NETCore.App.Ref\9.0.2\ref/net9.0/System.ComponentModel.TypeConverter.dll
                 Private = "false"
             C:\Program Files\dotnet\packs\Microsoft.NETCore.App.Ref\9.0.2\ref/net9.0/System.ComponentModel.dll
                 Private = "false"
             C:\Program Files\dotnet\packs\Microsoft.NETCore.App.Ref\9.0.2\ref/net9.0/System.Configuration.dll
                 Private = "false"
             C:\Program Files\dotnet\packs\Microsoft.NETCore.App.Ref\9.0.2\ref/net9.0/System.Console.dll
                 Private = "false"
             C:\Program Files\dotnet\packs\Microsoft.NETCore.App.Ref\9.0.2\ref/net9.0/System.Core.dll
                 Private = "false"
             C:\Program Files\dotnet\packs\Microsoft.NETCore.App.Ref\9.0.2\ref/net9.0/System.Data.Common.dll
                 Private = "false"
             C:\Program Files\dotnet\packs\Microsoft.NETCore.App.Ref\9.0.2\ref/net9.0/System.Data.DataSetExtensions.dll
                 Private = "false"
             C:\Program Files\dotnet\packs\Microsoft.NETCore.App.Ref\9.0.2\ref/net9.0/System.Data.dll
                 Private = "false"
             C:\Program Files\dotnet\packs\Microsoft.NETCore.App.Ref\9.0.2\ref/net9.0/System.Diagnostics.Contracts.dll
                 Private = "false"
             C:\Program Files\dotnet\packs\Microsoft.NETCore.App.Ref\9.0.2\ref/net9.0/System.Diagnostics.Debug.dll
                 Private = "false"
             C:\Program Files\dotnet\packs\Microsoft.NETCore.App.Ref\9.0.2\ref/net9.0/System.Diagnostics.DiagnosticSource.dll
                 Private = "false"
             C:\Program Files\dotnet\packs\Microsoft.NETCore.App.Ref\9.0.2\ref/net9.0/System.Diagnostics.FileVersionInfo.dll
                 Private = "false"
             C:\Program Files\dotnet\packs\Microsoft.NETCore.App.Ref\9.0.2\ref/net9.0/System.Diagnostics.Process.dll
                 Private = "false"
             C:\Program Files\dotnet\packs\Microsoft.NETCore.App.Ref\9.0.2\ref/net9.0/System.Diagnostics.StackTrace.dll
                 Private = "false"
             C:\Program Files\dotnet\packs\Microsoft.NETCore.App.Ref\9.0.2\ref/net9.0/System.Diagnostics.TextWriterTraceListener.dll
                 Private = "false"
             C:\Program Files\dotnet\packs\Microsoft.NETCore.App.Ref\9.0.2\ref/net9.0/System.Diagnostics.Tools.dll
                 Private = "false"
             C:\Program Files\dotnet\packs\Microsoft.NETCore.App.Ref\9.0.2\ref/net9.0/System.Diagnostics.TraceSource.dll
                 Private = "false"
             C:\Program Files\dotnet\packs\Microsoft.NETCore.App.Ref\9.0.2\ref/net9.0/System.Diagnostics.Tracing.dll
                 Private = "false"
             C:\Program Files\dotnet\packs\Microsoft.NETCore.App.Ref\9.0.2\ref/net9.0/System.Drawing.Primitives.dll
                 Private = "false"
             C:\Program Files\dotnet\packs\Microsoft.NETCore.App.Ref\9.0.2\ref/net9.0/System.Drawing.dll
                 Private = "false"
             C:\Program Files\dotnet\packs\Microsoft.NETCore.App.Ref\9.0.2\ref/net9.0/System.Dynamic.Runtime.dll
                 Private = "false"
             C:\Program Files\dotnet\packs\Microsoft.NETCore.App.Ref\9.0.2\ref/net9.0/System.Formats.Asn1.dll
                 Private = "false"
             C:\Program Files\dotnet\packs\Microsoft.NETCore.App.Ref\9.0.2\ref/net9.0/System.Formats.Tar.dll
                 Private = "false"
             C:\Program Files\dotnet\packs\Microsoft.NETCore.App.Ref\9.0.2\ref/net9.0/System.Globalization.Calendars.dll
                 Private = "false"
             C:\Program Files\dotnet\packs\Microsoft.NETCore.App.Ref\9.0.2\ref/net9.0/System.Globalization.Extensions.dll
                 Private = "false"
             C:\Program Files\dotnet\packs\Microsoft.NETCore.App.Ref\9.0.2\ref/net9.0/System.Globalization.dll
                 Private = "false"
             C:\Program Files\dotnet\packs\Microsoft.NETCore.App.Ref\9.0.2\ref/net9.0/System.IO.Compression.Brotli.dll
                 Private = "false"
             C:\Program Files\dotnet\packs\Microsoft.NETCore.App.Ref\9.0.2\ref/net9.0/System.IO.Compression.FileSystem.dll
                 Private = "false"
             C:\Program Files\dotnet\packs\Microsoft.NETCore.App.Ref\9.0.2\ref/net9.0/System.IO.Compression.ZipFile.dll
                 Private = "false"
             C:\Program Files\dotnet\packs\Microsoft.NETCore.App.Ref\9.0.2\ref/net9.0/System.IO.Compression.dll
                 Private = "false"
             C:\Program Files\dotnet\packs\Microsoft.NETCore.App.Ref\9.0.2\ref/net9.0/System.IO.FileSystem.AccessControl.dll
                 Private = "false"
             C:\Program Files\dotnet\packs\Microsoft.NETCore.App.Ref\9.0.2\ref/net9.0/System.IO.FileSystem.DriveInfo.dll
                 Private = "false"
             C:\Program Files\dotnet\packs\Microsoft.NETCore.App.Ref\9.0.2\ref/net9.0/System.IO.FileSystem.Primitives.dll
                 Private = "false"
             C:\Program Files\dotnet\packs\Microsoft.NETCore.App.Ref\9.0.2\ref/net9.0/System.IO.FileSystem.Watcher.dll
                 Private = "false"
             C:\Program Files\dotnet\packs\Microsoft.NETCore.App.Ref\9.0.2\ref/net9.0/System.IO.FileSystem.dll
                 Private = "false"
             C:\Program Files\dotnet\packs\Microsoft.NETCore.App.Ref\9.0.2\ref/net9.0/System.IO.IsolatedStorage.dll
                 Private = "false"
             C:\Program Files\dotnet\packs\Microsoft.NETCore.App.Ref\9.0.2\ref/net9.0/System.IO.MemoryMappedFiles.dll
                 Private = "false"
             C:\Program Files\dotnet\packs\Microsoft.NETCore.App.Ref\9.0.2\ref/net9.0/System.IO.Pipelines.dll
                 Private = "false"
             C:\Program Files\dotnet\packs\Microsoft.NETCore.App.Ref\9.0.2\ref/net9.0/System.IO.Pipes.AccessControl.dll
                 Private = "false"
             C:\Program Files\dotnet\packs\Microsoft.NETCore.App.Ref\9.0.2\ref/net9.0/System.IO.Pipes.dll
                 Private = "false"
             C:\Program Files\dotnet\packs\Microsoft.NETCore.App.Ref\9.0.2\ref/net9.0/System.IO.UnmanagedMemoryStream.dll
                 Private = "false"
             C:\Program Files\dotnet\packs\Microsoft.NETCore.App.Ref\9.0.2\ref/net9.0/System.IO.dll
                 Private = "false"
             C:\Program Files\dotnet\packs\Microsoft.NETCore.App.Ref\9.0.2\ref/net9.0/System.Linq.Expressions.dll
                 Private = "false"
             C:\Program Files\dotnet\packs\Microsoft.NETCore.App.Ref\9.0.2\ref/net9.0/System.Linq.Parallel.dll
                 Private = "false"
             C:\Program Files\dotnet\packs\Microsoft.NETCore.App.Ref\9.0.2\ref/net9.0/System.Linq.Queryable.dll
                 Private = "false"
             C:\Program Files\dotnet\packs\Microsoft.NETCore.App.Ref\9.0.2\ref/net9.0/System.Linq.dll
                 Private = "false"
             C:\Program Files\dotnet\packs\Microsoft.NETCore.App.Ref\9.0.2\ref/net9.0/System.Memory.dll
                 Private = "false"
             C:\Program Files\dotnet\packs\Microsoft.NETCore.App.Ref\9.0.2\ref/net9.0/System.Net.Http.Json.dll
                 Private = "false"
             C:\Program Files\dotnet\packs\Microsoft.NETCore.App.Ref\9.0.2\ref/net9.0/System.Net.Http.dll
                 Private = "false"
             C:\Program Files\dotnet\packs\Microsoft.NETCore.App.Ref\9.0.2\ref/net9.0/System.Net.HttpListener.dll
                 Private = "false"
             C:\Program Files\dotnet\packs\Microsoft.NETCore.App.Ref\9.0.2\ref/net9.0/System.Net.Mail.dll
                 Private = "false"
             C:\Program Files\dotnet\packs\Microsoft.NETCore.App.Ref\9.0.2\ref/net9.0/System.Net.NameResolution.dll
                 Private = "false"
             C:\Program Files\dotnet\packs\Microsoft.NETCore.App.Ref\9.0.2\ref/net9.0/System.Net.NetworkInformation.dll
                 Private = "false"
             C:\Program Files\dotnet\packs\Microsoft.NETCore.App.Ref\9.0.2\ref/net9.0/System.Net.Ping.dll
                 Private = "false"
             C:\Program Files\dotnet\packs\Microsoft.NETCore.App.Ref\9.0.2\ref/net9.0/System.Net.Primitives.dll
                 Private = "false"
             C:\Program Files\dotnet\packs\Microsoft.NETCore.App.Ref\9.0.2\ref/net9.0/System.Net.Quic.dll
                 Private = "false"
             C:\Program Files\dotnet\packs\Microsoft.NETCore.App.Ref\9.0.2\ref/net9.0/System.Net.Requests.dll
                 Private = "false"
             C:\Program Files\dotnet\packs\Microsoft.NETCore.App.Ref\9.0.2\ref/net9.0/System.Net.Security.dll
                 Private = "false"
             C:\Program Files\dotnet\packs\Microsoft.NETCore.App.Ref\9.0.2\ref/net9.0/System.Net.ServicePoint.dll
                 Private = "false"
             C:\Program Files\dotnet\packs\Microsoft.NETCore.App.Ref\9.0.2\ref/net9.0/System.Net.Sockets.dll
                 Private = "false"
             C:\Program Files\dotnet\packs\Microsoft.NETCore.App.Ref\9.0.2\ref/net9.0/System.Net.WebClient.dll
                 Private = "false"
             C:\Program Files\dotnet\packs\Microsoft.NETCore.App.Ref\9.0.2\ref/net9.0/System.Net.WebHeaderCollection.dll
                 Private = "false"
             C:\Program Files\dotnet\packs\Microsoft.NETCore.App.Ref\9.0.2\ref/net9.0/System.Net.WebProxy.dll
                 Private = "false"
             C:\Program Files\dotnet\packs\Microsoft.NETCore.App.Ref\9.0.2\ref/net9.0/System.Net.WebSockets.Client.dll
                 Private = "false"
             C:\Program Files\dotnet\packs\Microsoft.NETCore.App.Ref\9.0.2\ref/net9.0/System.Net.WebSockets.dll
                 Private = "false"
             C:\Program Files\dotnet\packs\Microsoft.NETCore.App.Ref\9.0.2\ref/net9.0/System.Net.dll
                 Private = "false"
             C:\Program Files\dotnet\packs\Microsoft.NETCore.App.Ref\9.0.2\ref/net9.0/System.Numerics.Vectors.dll
                 Private = "false"
             C:\Program Files\dotnet\packs\Microsoft.NETCore.App.Ref\9.0.2\ref/net9.0/System.Numerics.dll
                 Private = "false"
             C:\Program Files\dotnet\packs\Microsoft.NETCore.App.Ref\9.0.2\ref/net9.0/System.ObjectModel.dll
                 Private = "false"
             C:\Program Files\dotnet\packs\Microsoft.NETCore.App.Ref\9.0.2\ref/net9.0/System.Reflection.DispatchProxy.dll
                 Private = "false"
             C:\Program Files\dotnet\packs\Microsoft.NETCore.App.Ref\9.0.2\ref/net9.0/System.Reflection.Emit.ILGeneration.dll
                 Private = "false"
             C:\Program Files\dotnet\packs\Microsoft.NETCore.App.Ref\9.0.2\ref/net9.0/System.Reflection.Emit.Lightweight.dll
                 Private = "false"
             C:\Program Files\dotnet\packs\Microsoft.NETCore.App.Ref\9.0.2\ref/net9.0/System.Reflection.Emit.dll
                 Private = "false"
             C:\Program Files\dotnet\packs\Microsoft.NETCore.App.Ref\9.0.2\ref/net9.0/System.Reflection.Extensions.dll
                 Private = "false"
             C:\Program Files\dotnet\packs\Microsoft.NETCore.App.Ref\9.0.2\ref/net9.0/System.Reflection.Metadata.dll
                 Private = "false"
             C:\Program Files\dotnet\packs\Microsoft.NETCore.App.Ref\9.0.2\ref/net9.0/System.Reflection.Primitives.dll
                 Private = "false"
             C:\Program Files\dotnet\packs\Microsoft.NETCore.App.Ref\9.0.2\ref/net9.0/System.Reflection.TypeExtensions.dll
                 Private = "false"
             C:\Program Files\dotnet\packs\Microsoft.NETCore.App.Ref\9.0.2\ref/net9.0/System.Reflection.dll
                 Private = "false"
             C:\Program Files\dotnet\packs\Microsoft.NETCore.App.Ref\9.0.2\ref/net9.0/System.Resources.Reader.dll
                 Private = "false"
             C:\Program Files\dotnet\packs\Microsoft.NETCore.App.Ref\9.0.2\ref/net9.0/System.Resources.ResourceManager.dll
                 Private = "false"
             C:\Program Files\dotnet\packs\Microsoft.NETCore.App.Ref\9.0.2\ref/net9.0/System.Resources.Writer.dll
                 Private = "false"
             C:\Program Files\dotnet\packs\Microsoft.NETCore.App.Ref\9.0.2\ref/net9.0/System.Runtime.CompilerServices.Unsafe.dll
                 Private = "false"
             C:\Program Files\dotnet\packs\Microsoft.NETCore.App.Ref\9.0.2\ref/net9.0/System.Runtime.CompilerServices.VisualC.dll
                 Private = "false"
             C:\Program Files\dotnet\packs\Microsoft.NETCore.App.Ref\9.0.2\ref/net9.0/System.Runtime.Extensions.dll
                 Private = "false"
             C:\Program Files\dotnet\packs\Microsoft.NETCore.App.Ref\9.0.2\ref/net9.0/System.Runtime.Handles.dll
                 Private = "false"
             C:\Program Files\dotnet\packs\Microsoft.NETCore.App.Ref\9.0.2\ref/net9.0/System.Runtime.InteropServices.JavaScript.dll
                 Private = "false"
             C:\Program Files\dotnet\packs\Microsoft.NETCore.App.Ref\9.0.2\ref/net9.0/System.Runtime.InteropServices.RuntimeInformation.dll
                 Private = "false"
             C:\Program Files\dotnet\packs\Microsoft.NETCore.App.Ref\9.0.2\ref/net9.0/System.Runtime.InteropServices.dll
                 Private = "false"
             C:\Program Files\dotnet\packs\Microsoft.NETCore.App.Ref\9.0.2\ref/net9.0/System.Runtime.Intrinsics.dll
                 Private = "false"
             C:\Program Files\dotnet\packs\Microsoft.NETCore.App.Ref\9.0.2\ref/net9.0/System.Runtime.Loader.dll
                 Private = "false"
             C:\Program Files\dotnet\packs\Microsoft.NETCore.App.Ref\9.0.2\ref/net9.0/System.Runtime.Numerics.dll
                 Private = "false"
             C:\Program Files\dotnet\packs\Microsoft.NETCore.App.Ref\9.0.2\ref/net9.0/System.Runtime.Serialization.Formatters.dll
                 Private = "false"
             C:\Program Files\dotnet\packs\Microsoft.NETCore.App.Ref\9.0.2\ref/net9.0/System.Runtime.Serialization.Json.dll
                 Private = "false"
             C:\Program Files\dotnet\packs\Microsoft.NETCore.App.Ref\9.0.2\ref/net9.0/System.Runtime.Serialization.Primitives.dll
                 Private = "false"
             C:\Program Files\dotnet\packs\Microsoft.NETCore.App.Ref\9.0.2\ref/net9.0/System.Runtime.Serialization.Xml.dll
                 Private = "false"
             C:\Program Files\dotnet\packs\Microsoft.NETCore.App.Ref\9.0.2\ref/net9.0/System.Runtime.Serialization.dll
                 Private = "false"
             C:\Program Files\dotnet\packs\Microsoft.NETCore.App.Ref\9.0.2\ref/net9.0/System.Runtime.dll
                 Private = "false"
             C:\Program Files\dotnet\packs\Microsoft.NETCore.App.Ref\9.0.2\ref/net9.0/System.Security.AccessControl.dll
                 Private = "false"
             C:\Program Files\dotnet\packs\Microsoft.NETCore.App.Ref\9.0.2\ref/net9.0/System.Security.Claims.dll
                 Private = "false"
             C:\Program Files\dotnet\packs\Microsoft.NETCore.App.Ref\9.0.2\ref/net9.0/System.Security.Cryptography.Algorithms.dll
                 Private = "false"
             C:\Program Files\dotnet\packs\Microsoft.NETCore.App.Ref\9.0.2\ref/net9.0/System.Security.Cryptography.Cng.dll
                 Private = "false"
             C:\Program Files\dotnet\packs\Microsoft.NETCore.App.Ref\9.0.2\ref/net9.0/System.Security.Cryptography.Csp.dll
                 Private = "false"
             C:\Program Files\dotnet\packs\Microsoft.NETCore.App.Ref\9.0.2\ref/net9.0/System.Security.Cryptography.Encoding.dll
                 Private = "false"
             C:\Program Files\dotnet\packs\Microsoft.NETCore.App.Ref\9.0.2\ref/net9.0/System.Security.Cryptography.OpenSsl.dll
                 Private = "false"
             C:\Program Files\dotnet\packs\Microsoft.NETCore.App.Ref\9.0.2\ref/net9.0/System.Security.Cryptography.Primitives.dll
                 Private = "false"
             C:\Program Files\dotnet\packs\Microsoft.NETCore.App.Ref\9.0.2\ref/net9.0/System.Security.Cryptography.X509Certificates.dll
                 Private = "false"
             C:\Program Files\dotnet\packs\Microsoft.NETCore.App.Ref\9.0.2\ref/net9.0/System.Security.Cryptography.dll
                 Private = "false"
             C:\Program Files\dotnet\packs\Microsoft.NETCore.App.Ref\9.0.2\ref/net9.0/System.Security.Principal.Windows.dll
                 Private = "false"
             C:\Program Files\dotnet\packs\Microsoft.NETCore.App.Ref\9.0.2\ref/net9.0/System.Security.Principal.dll
                 Private = "false"
             C:\Program Files\dotnet\packs\Microsoft.NETCore.App.Ref\9.0.2\ref/net9.0/System.Security.SecureString.dll
                 Private = "false"
             C:\Program Files\dotnet\packs\Microsoft.NETCore.App.Ref\9.0.2\ref/net9.0/System.Security.dll
                 Private = "false"
             C:\Program Files\dotnet\packs\Microsoft.NETCore.App.Ref\9.0.2\ref/net9.0/System.ServiceModel.Web.dll
                 Private = "false"
             C:\Program Files\dotnet\packs\Microsoft.NETCore.App.Ref\9.0.2\ref/net9.0/System.ServiceProcess.dll
                 Private = "false"
             C:\Program Files\dotnet\packs\Microsoft.NETCore.App.Ref\9.0.2\ref/net9.0/System.Text.Encoding.CodePages.dll
                 Private = "false"
             C:\Program Files\dotnet\packs\Microsoft.NETCore.App.Ref\9.0.2\ref/net9.0/System.Text.Encoding.Extensions.dll
                 Private = "false"
             C:\Program Files\dotnet\packs\Microsoft.NETCore.App.Ref\9.0.2\ref/net9.0/System.Text.Encoding.dll
                 Private = "false"
             C:\Program Files\dotnet\packs\Microsoft.NETCore.App.Ref\9.0.2\ref/net9.0/System.Text.Encodings.Web.dll
                 Private = "false"
             C:\Program Files\dotnet\packs\Microsoft.NETCore.App.Ref\9.0.2\ref/net9.0/System.Text.RegularExpressions.dll
                 Private = "false"
             C:\Program Files\dotnet\packs\Microsoft.NETCore.App.Ref\9.0.2\ref/net9.0/System.Threading.Channels.dll
                 Private = "false"
             C:\Program Files\dotnet\packs\Microsoft.NETCore.App.Ref\9.0.2\ref/net9.0/System.Threading.Overlapped.dll
                 Private = "false"
             C:\Program Files\dotnet\packs\Microsoft.NETCore.App.Ref\9.0.2\ref/net9.0/System.Threading.Tasks.Dataflow.dll
                 Private = "false"
             C:\Program Files\dotnet\packs\Microsoft.NETCore.App.Ref\9.0.2\ref/net9.0/System.Threading.Tasks.Extensions.dll
                 Private = "false"
             C:\Program Files\dotnet\packs\Microsoft.NETCore.App.Ref\9.0.2\ref/net9.0/System.Threading.Tasks.Parallel.dll
                 Private = "false"
             C:\Program Files\dotnet\packs\Microsoft.NETCore.App.Ref\9.0.2\ref/net9.0/System.Threading.Tasks.dll
                 Private = "false"
             C:\Program Files\dotnet\packs\Microsoft.NETCore.App.Ref\9.0.2\ref/net9.0/System.Threading.Thread.dll
                 Private = "false"
             C:\Program Files\dotnet\packs\Microsoft.NETCore.App.Ref\9.0.2\ref/net9.0/System.Threading.ThreadPool.dll
                 Private = "false"
             C:\Program Files\dotnet\packs\Microsoft.NETCore.App.Ref\9.0.2\ref/net9.0/System.Threading.Timer.dll
                 Private = "false"
             C:\Program Files\dotnet\packs\Microsoft.NETCore.App.Ref\9.0.2\ref/net9.0/System.Threading.dll
                 Private = "false"
             C:\Program Files\dotnet\packs\Microsoft.NETCore.App.Ref\9.0.2\ref/net9.0/System.Transactions.Local.dll
                 Private = "false"
             C:\Program Files\dotnet\packs\Microsoft.NETCore.App.Ref\9.0.2\ref/net9.0/System.Transactions.dll
                 Private = "false"
             C:\Program Files\dotnet\packs\Microsoft.NETCore.App.Ref\9.0.2\ref/net9.0/System.ValueTuple.dll
                 Private = "false"
             C:\Program Files\dotnet\packs\Microsoft.NETCore.App.Ref\9.0.2\ref/net9.0/System.Web.HttpUtility.dll
                 Private = "false"
             C:\Program Files\dotnet\packs\Microsoft.NETCore.App.Ref\9.0.2\ref/net9.0/System.Web.dll
                 Private = "false"
             C:\Program Files\dotnet\packs\Microsoft.NETCore.App.Ref\9.0.2\ref/net9.0/System.Windows.dll
                 Private = "false"
             C:\Program Files\dotnet\packs\Microsoft.NETCore.App.Ref\9.0.2\ref/net9.0/System.Xml.Linq.dll
                 Private = "false"
             C:\Program Files\dotnet\packs\Microsoft.NETCore.App.Ref\9.0.2\ref/net9.0/System.Xml.ReaderWriter.dll
                 Private = "false"
             C:\Program Files\dotnet\packs\Microsoft.NETCore.App.Ref\9.0.2\ref/net9.0/System.Xml.Serialization.dll
                 Private = "false"
             C:\Program Files\dotnet\packs\Microsoft.NETCore.App.Ref\9.0.2\ref/net9.0/System.Xml.XDocument.dll
                 Private = "false"
             C:\Program Files\dotnet\packs\Microsoft.NETCore.App.Ref\9.0.2\ref/net9.0/System.Xml.XPath.XDocument.dll
                 Private = "false"
             C:\Program Files\dotnet\packs\Microsoft.NETCore.App.Ref\9.0.2\ref/net9.0/System.Xml.XPath.dll
                 Private = "false"
             C:\Program Files\dotnet\packs\Microsoft.NETCore.App.Ref\9.0.2\ref/net9.0/System.Xml.XmlDocument.dll
                 Private = "false"
             C:\Program Files\dotnet\packs\Microsoft.NETCore.App.Ref\9.0.2\ref/net9.0/System.Xml.XmlSerializer.dll
                 Private = "false"
             C:\Program Files\dotnet\packs\Microsoft.NETCore.App.Ref\9.0.2\ref/net9.0/System.Xml.dll
                 Private = "false"
             C:\Program Files\dotnet\packs\Microsoft.NETCore.App.Ref\9.0.2\ref/net9.0/System.dll
                 Private = "false"
             C:\Program Files\dotnet\packs\Microsoft.NETCore.App.Ref\9.0.2\ref/net9.0/WindowsBase.dll
                 Private = "false"
             C:\Program Files\dotnet\packs\Microsoft.NETCore.App.Ref\9.0.2\ref/net9.0/mscorlib.dll
                 Private = "false"
             C:\Program Files\dotnet\packs\Microsoft.NETCore.App.Ref\9.0.2\ref/net9.0/netstandard.dll
                 Private = "false"
             C:\Program Files\dotnet\packs\Microsoft.AspNetCore.App.Ref\9.0.2\ref\net9.0\Microsoft.AspNetCore.Antiforgery.dll
                 Private = "false"
             C:\Program Files\dotnet\packs\Microsoft.AspNetCore.App.Ref\9.0.2\ref\net9.0\Microsoft.AspNetCore.Authentication.Abstractions.dll
                 Private = "false"
             C:\Program Files\dotnet\packs\Microsoft.AspNetCore.App.Ref\9.0.2\ref\net9.0\Microsoft.AspNetCore.Authentication.BearerToken.dll
                 Private = "false"
             C:\Program Files\dotnet\packs\Microsoft.AspNetCore.App.Ref\9.0.2\ref\net9.0\Microsoft.AspNetCore.Authentication.Cookies.dll
                 Private = "false"
             C:\Program Files\dotnet\packs\Microsoft.AspNetCore.App.Ref\9.0.2\ref\net9.0\Microsoft.AspNetCore.Authentication.Core.dll
                 Private = "false"
             C:\Program Files\dotnet\packs\Microsoft.AspNetCore.App.Ref\9.0.2\ref\net9.0\Microsoft.AspNetCore.Authentication.OAuth.dll
                 Private = "false"
             C:\Program Files\dotnet\packs\Microsoft.AspNetCore.App.Ref\9.0.2\ref\net9.0\Microsoft.AspNetCore.Authentication.dll
                 Private = "false"
             C:\Program Files\dotnet\packs\Microsoft.AspNetCore.App.Ref\9.0.2\ref\net9.0\Microsoft.AspNetCore.Authorization.Policy.dll
                 Private = "false"
             C:\Program Files\dotnet\packs\Microsoft.AspNetCore.App.Ref\9.0.2\ref\net9.0\Microsoft.AspNetCore.Authorization.dll
                 Private = "false"
             C:\Program Files\dotnet\packs\Microsoft.AspNetCore.App.Ref\9.0.2\ref\net9.0\Microsoft.AspNetCore.Components.Authorization.dll
                 Private = "false"
             C:\Program Files\dotnet\packs\Microsoft.AspNetCore.App.Ref\9.0.2\ref\net9.0\Microsoft.AspNetCore.Components.Endpoints.dll
                 Private = "false"
             C:\Program Files\dotnet\packs\Microsoft.AspNetCore.App.Ref\9.0.2\ref\net9.0\Microsoft.AspNetCore.Components.Forms.dll
                 Private = "false"
             C:\Program Files\dotnet\packs\Microsoft.AspNetCore.App.Ref\9.0.2\ref\net9.0\Microsoft.AspNetCore.Components.Server.dll
                 Private = "false"
             C:\Program Files\dotnet\packs\Microsoft.AspNetCore.App.Ref\9.0.2\ref\net9.0\Microsoft.AspNetCore.Components.Web.dll
                 Private = "false"
             C:\Program Files\dotnet\packs\Microsoft.AspNetCore.App.Ref\9.0.2\ref\net9.0\Microsoft.AspNetCore.Components.dll
                 Private = "false"
             C:\Program Files\dotnet\packs\Microsoft.AspNetCore.App.Ref\9.0.2\ref\net9.0\Microsoft.AspNetCore.Connections.Abstractions.dll
                 Private = "false"
             C:\Program Files\dotnet\packs\Microsoft.AspNetCore.App.Ref\9.0.2\ref\net9.0\Microsoft.AspNetCore.CookiePolicy.dll
                 Private = "false"
             C:\Program Files\dotnet\packs\Microsoft.AspNetCore.App.Ref\9.0.2\ref\net9.0\Microsoft.AspNetCore.Cors.dll
                 Private = "false"
             C:\Program Files\dotnet\packs\Microsoft.AspNetCore.App.Ref\9.0.2\ref\net9.0\Microsoft.AspNetCore.DataProtection.Abstractions.dll
                 Private = "false"
             C:\Program Files\dotnet\packs\Microsoft.AspNetCore.App.Ref\9.0.2\ref\net9.0\Microsoft.AspNetCore.DataProtection.Extensions.dll
                 Private = "false"
             C:\Program Files\dotnet\packs\Microsoft.AspNetCore.App.Ref\9.0.2\ref\net9.0\Microsoft.AspNetCore.DataProtection.dll
                 Private = "false"
             C:\Program Files\dotnet\packs\Microsoft.AspNetCore.App.Ref\9.0.2\ref\net9.0\Microsoft.AspNetCore.Diagnostics.Abstractions.dll
                 Private = "false"
             C:\Program Files\dotnet\packs\Microsoft.AspNetCore.App.Ref\9.0.2\ref\net9.0\Microsoft.AspNetCore.Diagnostics.HealthChecks.dll
                 Private = "false"
             C:\Program Files\dotnet\packs\Microsoft.AspNetCore.App.Ref\9.0.2\ref\net9.0\Microsoft.AspNetCore.Diagnostics.dll
                 Private = "false"
             C:\Program Files\dotnet\packs\Microsoft.AspNetCore.App.Ref\9.0.2\ref\net9.0\Microsoft.AspNetCore.HostFiltering.dll
                 Private = "false"
             C:\Program Files\dotnet\packs\Microsoft.AspNetCore.App.Ref\9.0.2\ref\net9.0\Microsoft.AspNetCore.Hosting.Abstractions.dll
                 Private = "false"
             C:\Program Files\dotnet\packs\Microsoft.AspNetCore.App.Ref\9.0.2\ref\net9.0\Microsoft.AspNetCore.Hosting.Server.Abstractions.dll
                 Private = "false"
             C:\Program Files\dotnet\packs\Microsoft.AspNetCore.App.Ref\9.0.2\ref\net9.0\Microsoft.AspNetCore.Hosting.dll
                 Private = "false"
             C:\Program Files\dotnet\packs\Microsoft.AspNetCore.App.Ref\9.0.2\ref\net9.0\Microsoft.AspNetCore.Html.Abstractions.dll
                 Private = "false"
             C:\Program Files\dotnet\packs\Microsoft.AspNetCore.App.Ref\9.0.2\ref\net9.0\Microsoft.AspNetCore.Http.Abstractions.dll
                 Private = "false"
             C:\Program Files\dotnet\packs\Microsoft.AspNetCore.App.Ref\9.0.2\ref\net9.0\Microsoft.AspNetCore.Http.Connections.Common.dll
                 Private = "false"
             C:\Program Files\dotnet\packs\Microsoft.AspNetCore.App.Ref\9.0.2\ref\net9.0\Microsoft.AspNetCore.Http.Connections.dll
                 Private = "false"
             C:\Program Files\dotnet\packs\Microsoft.AspNetCore.App.Ref\9.0.2\ref\net9.0\Microsoft.AspNetCore.Http.Extensions.dll
                 Private = "false"
             C:\Program Files\dotnet\packs\Microsoft.AspNetCore.App.Ref\9.0.2\ref\net9.0\Microsoft.AspNetCore.Http.Features.dll
                 Private = "false"
             C:\Program Files\dotnet\packs\Microsoft.AspNetCore.App.Ref\9.0.2\ref\net9.0\Microsoft.AspNetCore.Http.Results.dll
                 Private = "false"
             C:\Program Files\dotnet\packs\Microsoft.AspNetCore.App.Ref\9.0.2\ref\net9.0\Microsoft.AspNetCore.Http.dll
                 Private = "false"
             C:\Program Files\dotnet\packs\Microsoft.AspNetCore.App.Ref\9.0.2\ref\net9.0\Microsoft.AspNetCore.HttpLogging.dll
                 Private = "false"
             C:\Program Files\dotnet\packs\Microsoft.AspNetCore.App.Ref\9.0.2\ref\net9.0\Microsoft.AspNetCore.HttpOverrides.dll
                 Private = "false"
             C:\Program Files\dotnet\packs\Microsoft.AspNetCore.App.Ref\9.0.2\ref\net9.0\Microsoft.AspNetCore.HttpsPolicy.dll
                 Private = "false"
             C:\Program Files\dotnet\packs\Microsoft.AspNetCore.App.Ref\9.0.2\ref\net9.0\Microsoft.AspNetCore.Identity.dll
                 Private = "false"
             C:\Program Files\dotnet\packs\Microsoft.AspNetCore.App.Ref\9.0.2\ref\net9.0\Microsoft.AspNetCore.Localization.Routing.dll
                 Private = "false"
             C:\Program Files\dotnet\packs\Microsoft.AspNetCore.App.Ref\9.0.2\ref\net9.0\Microsoft.AspNetCore.Localization.dll
                 Private = "false"
             C:\Program Files\dotnet\packs\Microsoft.AspNetCore.App.Ref\9.0.2\ref\net9.0\Microsoft.AspNetCore.Metadata.dll
                 Private = "false"
             C:\Program Files\dotnet\packs\Microsoft.AspNetCore.App.Ref\9.0.2\ref\net9.0\Microsoft.AspNetCore.Mvc.Abstractions.dll
                 Private = "false"
             C:\Program Files\dotnet\packs\Microsoft.AspNetCore.App.Ref\9.0.2\ref\net9.0\Microsoft.AspNetCore.Mvc.ApiExplorer.dll
                 Private = "false"
             C:\Program Files\dotnet\packs\Microsoft.AspNetCore.App.Ref\9.0.2\ref\net9.0\Microsoft.AspNetCore.Mvc.Core.dll
                 Private = "false"
             C:\Program Files\dotnet\packs\Microsoft.AspNetCore.App.Ref\9.0.2\ref\net9.0\Microsoft.AspNetCore.Mvc.Cors.dll
                 Private = "false"
             C:\Program Files\dotnet\packs\Microsoft.AspNetCore.App.Ref\9.0.2\ref\net9.0\Microsoft.AspNetCore.Mvc.DataAnnotations.dll
                 Private = "false"
             C:\Program Files\dotnet\packs\Microsoft.AspNetCore.App.Ref\9.0.2\ref\net9.0\Microsoft.AspNetCore.Mvc.Formatters.Json.dll
                 Private = "false"
             C:\Program Files\dotnet\packs\Microsoft.AspNetCore.App.Ref\9.0.2\ref\net9.0\Microsoft.AspNetCore.Mvc.Formatters.Xml.dll
                 Private = "false"
             C:\Program Files\dotnet\packs\Microsoft.AspNetCore.App.Ref\9.0.2\ref\net9.0\Microsoft.AspNetCore.Mvc.Localization.dll
                 Private = "false"
             C:\Program Files\dotnet\packs\Microsoft.AspNetCore.App.Ref\9.0.2\ref\net9.0\Microsoft.AspNetCore.Mvc.Razor.dll
                 Private = "false"
             C:\Program Files\dotnet\packs\Microsoft.AspNetCore.App.Ref\9.0.2\ref\net9.0\Microsoft.AspNetCore.Mvc.RazorPages.dll
                 Private = "false"
             C:\Program Files\dotnet\packs\Microsoft.AspNetCore.App.Ref\9.0.2\ref\net9.0\Microsoft.AspNetCore.Mvc.TagHelpers.dll
                 Private = "false"
             C:\Program Files\dotnet\packs\Microsoft.AspNetCore.App.Ref\9.0.2\ref\net9.0\Microsoft.AspNetCore.Mvc.ViewFeatures.dll
                 Private = "false"
             C:\Program Files\dotnet\packs\Microsoft.AspNetCore.App.Ref\9.0.2\ref\net9.0\Microsoft.AspNetCore.Mvc.dll
                 Private = "false"
             C:\Program Files\dotnet\packs\Microsoft.AspNetCore.App.Ref\9.0.2\ref\net9.0\Microsoft.AspNetCore.OutputCaching.dll
                 Private = "false"
             C:\Program Files\dotnet\packs\Microsoft.AspNetCore.App.Ref\9.0.2\ref\net9.0\Microsoft.AspNetCore.RateLimiting.dll
                 Private = "false"
             C:\Program Files\dotnet\packs\Microsoft.AspNetCore.App.Ref\9.0.2\ref\net9.0\Microsoft.AspNetCore.Razor.Runtime.dll
                 Private = "false"
             C:\Program Files\dotnet\packs\Microsoft.AspNetCore.App.Ref\9.0.2\ref\net9.0\Microsoft.AspNetCore.Razor.dll
                 Private = "false"
             C:\Program Files\dotnet\packs\Microsoft.AspNetCore.App.Ref\9.0.2\ref\net9.0\Microsoft.AspNetCore.RequestDecompression.dll
                 Private = "false"
             C:\Program Files\dotnet\packs\Microsoft.AspNetCore.App.Ref\9.0.2\ref\net9.0\Microsoft.AspNetCore.ResponseCaching.Abstractions.dll
                 Private = "false"
             C:\Program Files\dotnet\packs\Microsoft.AspNetCore.App.Ref\9.0.2\ref\net9.0\Microsoft.AspNetCore.ResponseCaching.dll
                 Private = "false"
             C:\Program Files\dotnet\packs\Microsoft.AspNetCore.App.Ref\9.0.2\ref\net9.0\Microsoft.AspNetCore.ResponseCompression.dll
                 Private = "false"
             C:\Program Files\dotnet\packs\Microsoft.AspNetCore.App.Ref\9.0.2\ref\net9.0\Microsoft.AspNetCore.Rewrite.dll
                 Private = "false"
             C:\Program Files\dotnet\packs\Microsoft.AspNetCore.App.Ref\9.0.2\ref\net9.0\Microsoft.AspNetCore.Routing.Abstractions.dll
                 Private = "false"
             C:\Program Files\dotnet\packs\Microsoft.AspNetCore.App.Ref\9.0.2\ref\net9.0\Microsoft.AspNetCore.Routing.dll
                 Private = "false"
             C:\Program Files\dotnet\packs\Microsoft.AspNetCore.App.Ref\9.0.2\ref\net9.0\Microsoft.AspNetCore.Server.HttpSys.dll
                 Private = "false"
             C:\Program Files\dotnet\packs\Microsoft.AspNetCore.App.Ref\9.0.2\ref\net9.0\Microsoft.AspNetCore.Server.IIS.dll
                 Private = "false"
             C:\Program Files\dotnet\packs\Microsoft.AspNetCore.App.Ref\9.0.2\ref\net9.0\Microsoft.AspNetCore.Server.IISIntegration.dll
                 Private = "false"
             C:\Program Files\dotnet\packs\Microsoft.AspNetCore.App.Ref\9.0.2\ref\net9.0\Microsoft.AspNetCore.Server.Kestrel.Core.dll
                 Private = "false"
             C:\Program Files\dotnet\packs\Microsoft.AspNetCore.App.Ref\9.0.2\ref\net9.0\Microsoft.AspNetCore.Server.Kestrel.Transport.NamedPipes.dll
                 Private = "false"
             C:\Program Files\dotnet\packs\Microsoft.AspNetCore.App.Ref\9.0.2\ref\net9.0\Microsoft.AspNetCore.Server.Kestrel.Transport.Quic.dll
                 Private = "false"
             C:\Program Files\dotnet\packs\Microsoft.AspNetCore.App.Ref\9.0.2\ref\net9.0\Microsoft.AspNetCore.Server.Kestrel.Transport.Sockets.dll
                 Private = "false"
             C:\Program Files\dotnet\packs\Microsoft.AspNetCore.App.Ref\9.0.2\ref\net9.0\Microsoft.AspNetCore.Server.Kestrel.dll
                 Private = "false"
             C:\Program Files\dotnet\packs\Microsoft.AspNetCore.App.Ref\9.0.2\ref\net9.0\Microsoft.AspNetCore.Session.dll
                 Private = "false"
             C:\Program Files\dotnet\packs\Microsoft.AspNetCore.App.Ref\9.0.2\ref\net9.0\Microsoft.AspNetCore.SignalR.Common.dll
                 Private = "false"
             C:\Program Files\dotnet\packs\Microsoft.AspNetCore.App.Ref\9.0.2\ref\net9.0\Microsoft.AspNetCore.SignalR.Core.dll
                 Private = "false"
             C:\Program Files\dotnet\packs\Microsoft.AspNetCore.App.Ref\9.0.2\ref\net9.0\Microsoft.AspNetCore.SignalR.Protocols.Json.dll
                 Private = "false"
             C:\Program Files\dotnet\packs\Microsoft.AspNetCore.App.Ref\9.0.2\ref\net9.0\Microsoft.AspNetCore.SignalR.dll
                 Private = "false"
             C:\Program Files\dotnet\packs\Microsoft.AspNetCore.App.Ref\9.0.2\ref\net9.0\Microsoft.AspNetCore.StaticAssets.dll
                 Private = "false"
             C:\Program Files\dotnet\packs\Microsoft.AspNetCore.App.Ref\9.0.2\ref\net9.0\Microsoft.AspNetCore.StaticFiles.dll
                 Private = "false"
             C:\Program Files\dotnet\packs\Microsoft.AspNetCore.App.Ref\9.0.2\ref\net9.0\Microsoft.AspNetCore.WebSockets.dll
                 Private = "false"
             C:\Program Files\dotnet\packs\Microsoft.AspNetCore.App.Ref\9.0.2\ref\net9.0\Microsoft.AspNetCore.WebUtilities.dll
                 Private = "false"
             C:\Program Files\dotnet\packs\Microsoft.AspNetCore.App.Ref\9.0.2\ref\net9.0\Microsoft.AspNetCore.dll
                 Private = "false"
             C:\Program Files\dotnet\packs\Microsoft.AspNetCore.App.Ref\9.0.2\ref\net9.0\Microsoft.Extensions.Configuration.Binder.dll
                 Private = "false"
             C:\Program Files\dotnet\packs\Microsoft.AspNetCore.App.Ref\9.0.2\ref\net9.0\Microsoft.Extensions.Configuration.CommandLine.dll
                 Private = "false"
             C:\Program Files\dotnet\packs\Microsoft.AspNetCore.App.Ref\9.0.2\ref\net9.0\Microsoft.Extensions.Configuration.EnvironmentVariables.dll
                 Private = "false"
             C:\Program Files\dotnet\packs\Microsoft.AspNetCore.App.Ref\9.0.2\ref\net9.0\Microsoft.Extensions.Configuration.FileExtensions.dll
                 Private = "false"
             C:\Program Files\dotnet\packs\Microsoft.AspNetCore.App.Ref\9.0.2\ref\net9.0\Microsoft.Extensions.Configuration.Ini.dll
                 Private = "false"
             C:\Program Files\dotnet\packs\Microsoft.AspNetCore.App.Ref\9.0.2\ref\net9.0\Microsoft.Extensions.Configuration.Json.dll
                 Private = "false"
             C:\Program Files\dotnet\packs\Microsoft.AspNetCore.App.Ref\9.0.2\ref\net9.0\Microsoft.Extensions.Configuration.KeyPerFile.dll
                 Private = "false"
             C:\Program Files\dotnet\packs\Microsoft.AspNetCore.App.Ref\9.0.2\ref\net9.0\Microsoft.Extensions.Configuration.UserSecrets.dll
                 Private = "false"
             C:\Program Files\dotnet\packs\Microsoft.AspNetCore.App.Ref\9.0.2\ref\net9.0\Microsoft.Extensions.Configuration.Xml.dll
                 Private = "false"
             C:\Program Files\dotnet\packs\Microsoft.AspNetCore.App.Ref\9.0.2\ref\net9.0\Microsoft.Extensions.Configuration.dll
                 Private = "false"
             C:\Program Files\dotnet\packs\Microsoft.AspNetCore.App.Ref\9.0.2\ref\net9.0\Microsoft.Extensions.Diagnostics.Abstractions.dll
                 Private = "false"
             C:\Program Files\dotnet\packs\Microsoft.AspNetCore.App.Ref\9.0.2\ref\net9.0\Microsoft.Extensions.Diagnostics.HealthChecks.Abstractions.dll
                 Private = "false"
             C:\Program Files\dotnet\packs\Microsoft.AspNetCore.App.Ref\9.0.2\ref\net9.0\Microsoft.Extensions.Diagnostics.HealthChecks.dll
                 Private = "false"
             C:\Program Files\dotnet\packs\Microsoft.AspNetCore.App.Ref\9.0.2\ref\net9.0\Microsoft.Extensions.Diagnostics.dll
                 Private = "false"
             C:\Program Files\dotnet\packs\Microsoft.AspNetCore.App.Ref\9.0.2\ref\net9.0\Microsoft.Extensions.Features.dll
                 Private = "false"
             C:\Program Files\dotnet\packs\Microsoft.AspNetCore.App.Ref\9.0.2\ref\net9.0\Microsoft.Extensions.FileProviders.Abstractions.dll
                 Private = "false"
             C:\Program Files\dotnet\packs\Microsoft.AspNetCore.App.Ref\9.0.2\ref\net9.0\Microsoft.Extensions.FileProviders.Composite.dll
                 Private = "false"
             C:\Program Files\dotnet\packs\Microsoft.AspNetCore.App.Ref\9.0.2\ref\net9.0\Microsoft.Extensions.FileProviders.Embedded.dll
                 Private = "false"
             C:\Program Files\dotnet\packs\Microsoft.AspNetCore.App.Ref\9.0.2\ref\net9.0\Microsoft.Extensions.FileProviders.Physical.dll
                 Private = "false"
             C:\Program Files\dotnet\packs\Microsoft.AspNetCore.App.Ref\9.0.2\ref\net9.0\Microsoft.Extensions.FileSystemGlobbing.dll
                 Private = "false"
             C:\Program Files\dotnet\packs\Microsoft.AspNetCore.App.Ref\9.0.2\ref\net9.0\Microsoft.Extensions.Hosting.Abstractions.dll
                 Private = "false"
             C:\Program Files\dotnet\packs\Microsoft.AspNetCore.App.Ref\9.0.2\ref\net9.0\Microsoft.Extensions.Hosting.dll
                 Private = "false"
             C:\Program Files\dotnet\packs\Microsoft.AspNetCore.App.Ref\9.0.2\ref\net9.0\Microsoft.Extensions.Http.dll
                 Private = "false"
             C:\Program Files\dotnet\packs\Microsoft.AspNetCore.App.Ref\9.0.2\ref\net9.0\Microsoft.Extensions.Localization.Abstractions.dll
                 Private = "false"
             C:\Program Files\dotnet\packs\Microsoft.AspNetCore.App.Ref\9.0.2\ref\net9.0\Microsoft.Extensions.Localization.dll
                 Private = "false"
             C:\Program Files\dotnet\packs\Microsoft.AspNetCore.App.Ref\9.0.2\ref\net9.0\Microsoft.Extensions.Logging.Configuration.dll
                 Private = "false"
             C:\Program Files\dotnet\packs\Microsoft.AspNetCore.App.Ref\9.0.2\ref\net9.0\Microsoft.Extensions.Logging.Console.dll
                 Private = "false"
             C:\Program Files\dotnet\packs\Microsoft.AspNetCore.App.Ref\9.0.2\ref\net9.0\Microsoft.Extensions.Logging.Debug.dll
                 Private = "false"
             C:\Program Files\dotnet\packs\Microsoft.AspNetCore.App.Ref\9.0.2\ref\net9.0\Microsoft.Extensions.Logging.EventLog.dll
                 Private = "false"
             C:\Program Files\dotnet\packs\Microsoft.AspNetCore.App.Ref\9.0.2\ref\net9.0\Microsoft.Extensions.Logging.EventSource.dll
                 Private = "false"
             C:\Program Files\dotnet\packs\Microsoft.AspNetCore.App.Ref\9.0.2\ref\net9.0\Microsoft.Extensions.Logging.TraceSource.dll
                 Private = "false"
             C:\Program Files\dotnet\packs\Microsoft.AspNetCore.App.Ref\9.0.2\ref\net9.0\Microsoft.Extensions.ObjectPool.dll
                 Private = "false"
             C:\Program Files\dotnet\packs\Microsoft.AspNetCore.App.Ref\9.0.2\ref\net9.0\Microsoft.Extensions.Options.ConfigurationExtensions.dll
                 Private = "false"
             C:\Program Files\dotnet\packs\Microsoft.AspNetCore.App.Ref\9.0.2\ref\net9.0\Microsoft.Extensions.Options.DataAnnotations.dll
                 Private = "false"
             C:\Program Files\dotnet\packs\Microsoft.AspNetCore.App.Ref\9.0.2\ref\net9.0\Microsoft.Extensions.WebEncoders.dll
                 Private = "false"
             C:\Program Files\dotnet\packs\Microsoft.AspNetCore.App.Ref\9.0.2\ref\net9.0\Microsoft.JSInterop.dll
                 Private = "false"
             C:\Program Files\dotnet\packs\Microsoft.AspNetCore.App.Ref\9.0.2\ref\net9.0\Microsoft.Net.Http.Headers.dll
                 Private = "false"
             C:\Program Files\dotnet\packs\Microsoft.AspNetCore.App.Ref\9.0.2\ref\net9.0\System.Diagnostics.EventLog.dll
                 Private = "false"
             C:\Program Files\dotnet\packs\Microsoft.AspNetCore.App.Ref\9.0.2\ref\net9.0\System.Security.Cryptography.Xml.dll
                 Private = "false"
             C:\Program Files\dotnet\packs\Microsoft.AspNetCore.App.Ref\9.0.2\ref\net9.0\System.Threading.RateLimiting.dll
                 Private = "false"
         AssemblyFiles:
         CandidateAssemblyFiles:
         TargetFrameworkDirectories:
             
         InstalledAssemblyTables:
         IgnoreInstalledAssemblyTable:
             False
         SearchPaths:
             {CandidateAssemblyFiles}
             {HintPathFromItem}
             {TargetFrameworkDirectory}
             {RawFileName}
         AllowedAssemblyExtensions:
             .winmd
             .dll
             .exe
         AllowedRelatedFileExtensions:
             .pdb
             .xml
             .pri
             .dll.config
             .exe.config
         AppConfigFile:
             
         AutoUnify:
             True
         CopyLocalDependenciesWhenParentReferenceInGac:
             True
         FindDependencies:
             True
         TargetProcessorArchitecture:
             msil
         StateFile:
             obj\Debug\net9.0\WebApplication15.csproj.AssemblyReference.cache
         InstalledAssemblySubsetTables:
         IgnoreInstalledAssemblySubsetTable:
             False
         TargetFrameworkSubsets:
         FullTargetFrameworkSubsetNames:
             Full
         ProfileName:
             
         FullFrameworkFolders:
         LatestTargetFrameworkDirectories:
         ProfileTablesLocation:
         ╨Я╨╡╤А╨▓╨╕╤З╨╜╨░╤П ╤Б╤Б╤Л╨╗╨║╨░ "Azure.Core, Version=1.38.0.0, Culture=neutral, PublicKeyToken=92742159e12e44c8".
             ╨а╨░╨╖╤А╨╡╤И╨╡╨╜╨╜╤Л╨╣ ╨┐╤Г╤В╤М ╨║ ╤Д╨░╨╣╨╗╤Г - "C:\Users\user\.nuget\packages\azure.core\1.38.0\lib\net6.0\Azure.Core.dll".
             ╨Ю╨▒╨╜╨░╤А╤Г╨╢╨╡╨╜╨░ ╤Б╤Б╤Л╨╗╨║╨░ ╨▓ ╤А╨░╤Б╨┐╨╛╨╗╨╛╨╢╨╡╨╜╨╕╨╕ ╨┐╤Г╤В╨╕ ╨┐╨╛╨╕╤Б╨║╨░ "{HintPathFromItem}".
             ╨Ф╨░╨╜╨╜╨░╤П ╤Б╤Б╤Л╨╗╨║╨░ ╨╜╨╡ ╤П╨▓╨╗╤П╨╡╤В╤Б╤П "CopyLocal" ╤В╨░╨║ ╨║╨░╨║ ╤Е╨╛╤В╤П ╨▒╤Л ╨┤╨╗╤П ╨╛╨┤╨╜╨╛╨│╨╛ ╨╕╤Б╤В╨╛╤З╨╜╨╕╨║╨░ ╨┤╨░╨╜╨╜╤Л╤Е ╨┐╨░╤А╨░╨╝╨╡╤В╤А "Private" ╨╕╨╝╨╡╨╡╤В ╨╖╨╜╨░╤З╨╡╨╜╨╕╨╡ "false", ╨╕ ╨╜╨╡╤В ╨╕╤Б╤В╨╛╤З╨╜╨╕╨║╨╛╨▓ ╨┤╨░╨╜╨╜╤Л╤Е, ╨┤╨╗╤П ╨║╨╛╤В╨╛╤А╤Л╤Е ╨┐╨░╤А╨░╨╝╨╡╤В╤А "Private" ╨╕╨╝╨╡╨╡╤В ╨╖╨╜╨░╤З╨╡╨╜╨╕╨╡ "true".
         ╨Я╨╡╤А╨▓╨╕╤З╨╜╨░╤П ╤Б╤Б╤Л╨╗╨║╨░ "Azure.Identity, Version=1.11.4.0, Culture=neutral, PublicKeyToken=92742159e12e44c8".
             ╨а╨░╨╖╤А╨╡╤И╨╡╨╜╨╜╤Л╨╣ ╨┐╤Г╤В╤М ╨║ ╤Д╨░╨╣╨╗╤Г - "C:\Users\user\.nuget\packages\azure.identity\1.11.4\lib\netstandard2.0\Azure.Identity.dll".
             ╨Ю╨▒╨╜╨░╤А╤Г╨╢╨╡╨╜╨░ ╤Б╤Б╤Л╨╗╨║╨░ ╨▓ ╤А╨░╤Б╨┐╨╛╨╗╨╛╨╢╨╡╨╜╨╕╨╕ ╨┐╤Г╤В╨╕ ╨┐╨╛╨╕╤Б╨║╨░ "{HintPathFromItem}".
             ╨Ф╨░╨╜╨╜╨░╤П ╤Б╤Б╤Л╨╗╨║╨░ ╨╜╨╡ ╤П╨▓╨╗╤П╨╡╤В╤Б╤П "CopyLocal" ╤В╨░╨║ ╨║╨░╨║ ╤Е╨╛╤В╤П ╨▒╤Л ╨┤╨╗╤П ╨╛╨┤╨╜╨╛╨│╨╛ ╨╕╤Б╤В╨╛╤З╨╜╨╕╨║╨░ ╨┤╨░╨╜╨╜╤Л╤Е ╨┐╨░╤А╨░╨╝╨╡╤В╤А "Private" ╨╕╨╝╨╡╨╡╤В ╨╖╨╜╨░╤З╨╡╨╜╨╕╨╡ "false", ╨╕ ╨╜╨╡╤В ╨╕╤Б╤В╨╛╤З╨╜╨╕╨║╨╛╨▓ ╨┤╨░╨╜╨╜╤Л╤Е, ╨┤╨╗╤П ╨║╨╛╤В╨╛╤А╤Л╤Е ╨┐╨░╤А╨░╨╝╨╡╤В╤А "Private" ╨╕╨╝╨╡╨╡╤В ╨╖╨╜╨░╤З╨╡╨╜╨╕╨╡ "true".
         ╨Я╨╡╤А╨▓╨╕╤З╨╜╨░╤П ╤Б╤Б╤Л╨╗╨║╨░ "Microsoft.AspNetCore.Cryptography.Internal, Version=9.0.0.0, Culture=neutral, PublicKeyToken=adb9793829ddae60".
             ╨а╨░╨╖╤А╨╡╤И╨╡╨╜╨╜╤Л╨╣ ╨┐╤Г╤В╤М ╨║ ╤Д╨░╨╣╨╗╤Г - "C:\Users\user\.nuget\packages\microsoft.aspnetcore.cryptography.internal\9.0.3\lib\net9.0\Microsoft.AspNetCore.Cryptography.Internal.dll".
             ╨Ю╨▒╨╜╨░╤А╤Г╨╢╨╡╨╜╨░ ╤Б╤Б╤Л╨╗╨║╨░ ╨▓ ╤А╨░╤Б╨┐╨╛╨╗╨╛╨╢╨╡╨╜╨╕╨╕ ╨┐╤Г╤В╨╕ ╨┐╨╛╨╕╤Б╨║╨░ "{HintPathFromItem}".
             ╨Ф╨░╨╜╨╜╨░╤П ╤Б╤Б╤Л╨╗╨║╨░ ╨╜╨╡ ╤П╨▓╨╗╤П╨╡╤В╤Б╤П "CopyLocal" ╤В╨░╨║ ╨║╨░╨║ ╤Е╨╛╤В╤П ╨▒╤Л ╨┤╨╗╤П ╨╛╨┤╨╜╨╛╨│╨╛ ╨╕╤Б╤В╨╛╤З╨╜╨╕╨║╨░ ╨┤╨░╨╜╨╜╤Л╤Е ╨┐╨░╤А╨░╨╝╨╡╤В╤А "Private" ╨╕╨╝╨╡╨╡╤В ╨╖╨╜╨░╤З╨╡╨╜╨╕╨╡ "false", ╨╕ ╨╜╨╡╤В ╨╕╤Б╤В╨╛╤З╨╜╨╕╨║╨╛╨▓ ╨┤╨░╨╜╨╜╤Л╤Е, ╨┤╨╗╤П ╨║╨╛╤В╨╛╤А╤Л╤Е ╨┐╨░╤А╨░╨╝╨╡╤В╤А "Private" ╨╕╨╝╨╡╨╡╤В ╨╖╨╜╨░╤З╨╡╨╜╨╕╨╡ "true".
         ╨Я╨╡╤А╨▓╨╕╤З╨╜╨░╤П ╤Б╤Б╤Л╨╗╨║╨░ "Microsoft.AspNetCore.Cryptography.KeyDerivation, Version=9.0.0.0, Culture=neutral, PublicKeyToken=adb9793829ddae60".
             ╨а╨░╨╖╤А╨╡╤И╨╡╨╜╨╜╤Л╨╣ ╨┐╤Г╤В╤М ╨║ ╤Д╨░╨╣╨╗╤Г - "C:\Users\user\.nuget\packages\microsoft.aspnetcore.cryptography.keyderivation\9.0.3\lib\net9.0\Microsoft.AspNetCore.Cryptography.KeyDerivation.dll".
             ╨Ю╨▒╨╜╨░╤А╤Г╨╢╨╡╨╜╨░ ╤Б╤Б╤Л╨╗╨║╨░ ╨▓ ╤А╨░╤Б╨┐╨╛╨╗╨╛╨╢╨╡╨╜╨╕╨╕ ╨┐╤Г╤В╨╕ ╨┐╨╛╨╕╤Б╨║╨░ "{HintPathFromItem}".
             ╨Ф╨░╨╜╨╜╨░╤П ╤Б╤Б╤Л╨╗╨║╨░ ╨╜╨╡ ╤П╨▓╨╗╤П╨╡╤В╤Б╤П "CopyLocal" ╤В╨░╨║ ╨║╨░╨║ ╤Е╨╛╤В╤П ╨▒╤Л ╨┤╨╗╤П ╨╛╨┤╨╜╨╛╨│╨╛ ╨╕╤Б╤В╨╛╤З╨╜╨╕╨║╨░ ╨┤╨░╨╜╨╜╤Л╤Е ╨┐╨░╤А╨░╨╝╨╡╤В╤А "Private" ╨╕╨╝╨╡╨╡╤В ╨╖╨╜╨░╤З╨╡╨╜╨╕╨╡ "false", ╨╕ ╨╜╨╡╤В ╨╕╤Б╤В╨╛╤З╨╜╨╕╨║╨╛╨▓ ╨┤╨░╨╜╨╜╤Л╤Е, ╨┤╨╗╤П ╨║╨╛╤В╨╛╤А╤Л╤Е ╨┐╨░╤А╨░╨╝╨╡╤В╤А "Private" ╨╕╨╝╨╡╨╡╤В ╨╖╨╜╨░╤З╨╡╨╜╨╕╨╡ "true".
         ╨Я╨╡╤А╨▓╨╕╤З╨╜╨░╤П ╤Б╤Б╤Л╨╗╨║╨░ "Microsoft.AspNetCore.Identity.EntityFrameworkCore, Version=9.0.3.0, Culture=neutral, PublicKeyToken=adb9793829ddae60".
             ╨а╨░╨╖╤А╨╡╤И╨╡╨╜╨╜╤Л╨╣ ╨┐╤Г╤В╤М ╨║ ╤Д╨░╨╣╨╗╤Г - "C:\Users\user\.nuget\packages\microsoft.aspnetcore.identity.entityframeworkcore\9.0.3\lib\net9.0\Microsoft.AspNetCore.Identity.EntityFrameworkCore.dll".
             ╨Ю╨▒╨╜╨░╤А╤Г╨╢╨╡╨╜╨░ ╤Б╤Б╤Л╨╗╨║╨░ ╨▓ ╤А╨░╤Б╨┐╨╛╨╗╨╛╨╢╨╡╨╜╨╕╨╕ ╨┐╤Г╤В╨╕ ╨┐╨╛╨╕╤Б╨║╨░ "{HintPathFromItem}".
             ╨Ф╨░╨╜╨╜╨░╤П ╤Б╤Б╤Л╨╗╨║╨░ ╨╜╨╡ ╤П╨▓╨╗╤П╨╡╤В╤Б╤П "CopyLocal" ╤В╨░╨║ ╨║╨░╨║ ╤Е╨╛╤В╤П ╨▒╤Л ╨┤╨╗╤П ╨╛╨┤╨╜╨╛╨│╨╛ ╨╕╤Б╤В╨╛╤З╨╜╨╕╨║╨░ ╨┤╨░╨╜╨╜╤Л╤Е ╨┐╨░╤А╨░╨╝╨╡╤В╤А "Private" ╨╕╨╝╨╡╨╡╤В ╨╖╨╜╨░╤З╨╡╨╜╨╕╨╡ "false", ╨╕ ╨╜╨╡╤В ╨╕╤Б╤В╨╛╤З╨╜╨╕╨║╨╛╨▓ ╨┤╨░╨╜╨╜╤Л╤Е, ╨┤╨╗╤П ╨║╨╛╤В╨╛╤А╤Л╤Е ╨┐╨░╤А╨░╨╝╨╡╤В╤А "Private" ╨╕╨╝╨╡╨╡╤В ╨╖╨╜╨░╤З╨╡╨╜╨╕╨╡ "true".
         ╨Я╨╡╤А╨▓╨╕╤З╨╜╨░╤П ╤Б╤Б╤Л╨╗╨║╨░ "Microsoft.Bcl.AsyncInterfaces, Version=7.0.0.0, Culture=neutral, PublicKeyToken=cc7b13ffcd2ddd51".
             ╨а╨░╨╖╤А╨╡╤И╨╡╨╜╨╜╤Л╨╣ ╨┐╤Г╤В╤М ╨║ ╤Д╨░╨╣╨╗╤Г - "C:\Users\user\.nuget\packages\microsoft.bcl.asyncinterfaces\7.0.0\lib\netstandard2.1\Microsoft.Bcl.AsyncInterfaces.dll".
             ╨Ю╨▒╨╜╨░╤А╤Г╨╢╨╡╨╜╨░ ╤Б╤Б╤Л╨╗╨║╨░ ╨▓ ╤А╨░╤Б╨┐╨╛╨╗╨╛╨╢╨╡╨╜╨╕╨╕ ╨┐╤Г╤В╨╕ ╨┐╨╛╨╕╤Б╨║╨░ "{HintPathFromItem}".
             ╨Ф╨░╨╜╨╜╨░╤П ╤Б╤Б╤Л╨╗╨║╨░ ╨╜╨╡ ╤П╨▓╨╗╤П╨╡╤В╤Б╤П "CopyLocal" ╤В╨░╨║ ╨║╨░╨║ ╤Е╨╛╤В╤П ╨▒╤Л ╨┤╨╗╤П ╨╛╨┤╨╜╨╛╨│╨╛ ╨╕╤Б╤В╨╛╤З╨╜╨╕╨║╨░ ╨┤╨░╨╜╨╜╤Л╤Е ╨┐╨░╤А╨░╨╝╨╡╤В╤А "Private" ╨╕╨╝╨╡╨╡╤В ╨╖╨╜╨░╤З╨╡╨╜╨╕╨╡ "false", ╨╕ ╨╜╨╡╤В ╨╕╤Б╤В╨╛╤З╨╜╨╕╨║╨╛╨▓ ╨┤╨░╨╜╨╜╤Л╤Е, ╨┤╨╗╤П ╨║╨╛╤В╨╛╤А╤Л╤Е ╨┐╨░╤А╨░╨╝╨╡╤В╤А "Private" ╨╕╨╝╨╡╨╡╤В ╨╖╨╜╨░╤З╨╡╨╜╨╕╨╡ "true".
         ╨Я╨╡╤А╨▓╨╕╤З╨╜╨░╤П ╤Б╤Б╤Л╨╗╨║╨░ "Microsoft.Data.SqlClient, Version=5.0.0.0, Culture=neutral, PublicKeyToken=23ec7fc2d6eaa4a5".
             ╨а╨░╨╖╤А╨╡╤И╨╡╨╜╨╜╤Л╨╣ ╨┐╤Г╤В╤М ╨║ ╤Д╨░╨╣╨╗╤Г - "C:\Users\user\.nuget\packages\microsoft.data.sqlclient\5.1.6\ref\net6.0\Microsoft.Data.SqlClient.dll".
             ╨Ю╨▒╨╜╨░╤А╤Г╨╢╨╡╨╜╨░ ╤Б╤Б╤Л╨╗╨║╨░ ╨▓ ╤А╨░╤Б╨┐╨╛╨╗╨╛╨╢╨╡╨╜╨╕╨╕ ╨┐╤Г╤В╨╕ ╨┐╨╛╨╕╤Б╨║╨░ "{HintPathFromItem}".
             ╨Ф╨░╨╜╨╜╨░╤П ╤Б╤Б╤Л╨╗╨║╨░ ╨╜╨╡ ╤П╨▓╨╗╤П╨╡╤В╤Б╤П "CopyLocal" ╤В╨░╨║ ╨║╨░╨║ ╤Е╨╛╤В╤П ╨▒╤Л ╨┤╨╗╤П ╨╛╨┤╨╜╨╛╨│╨╛ ╨╕╤Б╤В╨╛╤З╨╜╨╕╨║╨░ ╨┤╨░╨╜╨╜╤Л╤Е ╨┐╨░╤А╨░╨╝╨╡╤В╤А "Private" ╨╕╨╝╨╡╨╡╤В ╨╖╨╜╨░╤З╨╡╨╜╨╕╨╡ "false", ╨╕ ╨╜╨╡╤В ╨╕╤Б╤В╨╛╤З╨╜╨╕╨║╨╛╨▓ ╨┤╨░╨╜╨╜╤Л╤Е, ╨┤╨╗╤П ╨║╨╛╤В╨╛╤А╤Л╤Е ╨┐╨░╤А╨░╨╝╨╡╤В╤А "Private" ╨╕╨╝╨╡╨╡╤В ╨╖╨╜╨░╤З╨╡╨╜╨╕╨╡ "true".
         ╨Я╨╡╤А╨▓╨╕╤З╨╜╨░╤П ╤Б╤Б╤Л╨╗╨║╨░ "Microsoft.EntityFrameworkCore, Version=9.0.3.0, Culture=neutral, PublicKeyToken=adb9793829ddae60".
             ╨а╨░╨╖╤А╨╡╤И╨╡╨╜╨╜╤Л╨╣ ╨┐╤Г╤В╤М ╨║ ╤Д╨░╨╣╨╗╤Г - "C:\Users\user\.nuget\packages\microsoft.entityframeworkcore\9.0.3\lib\net8.0\Microsoft.EntityFrameworkCore.dll".
             ╨Ю╨▒╨╜╨░╤А╤Г╨╢╨╡╨╜╨░ ╤Б╤Б╤Л╨╗╨║╨░ ╨▓ ╤А╨░╤Б╨┐╨╛╨╗╨╛╨╢╨╡╨╜╨╕╨╕ ╨┐╤Г╤В╨╕ ╨┐╨╛╨╕╤Б╨║╨░ "{HintPathFromItem}".
             ╨Ф╨░╨╜╨╜╨░╤П ╤Б╤Б╤Л╨╗╨║╨░ ╨╜╨╡ ╤П╨▓╨╗╤П╨╡╤В╤Б╤П "CopyLocal" ╤В╨░╨║ ╨║╨░╨║ ╤Е╨╛╤В╤П ╨▒╤Л ╨┤╨╗╤П ╨╛╨┤╨╜╨╛╨│╨╛ ╨╕╤Б╤В╨╛╤З╨╜╨╕╨║╨░ ╨┤╨░╨╜╨╜╤Л╤Е ╨┐╨░╤А╨░╨╝╨╡╤В╤А "Private" ╨╕╨╝╨╡╨╡╤В ╨╖╨╜╨░╤З╨╡╨╜╨╕╨╡ "false", ╨╕ ╨╜╨╡╤В ╨╕╤Б╤В╨╛╤З╨╜╨╕╨║╨╛╨▓ ╨┤╨░╨╜╨╜╤Л╤Е, ╨┤╨╗╤П ╨║╨╛╤В╨╛╤А╤Л╤Е ╨┐╨░╤А╨░╨╝╨╡╤В╤А "Private" ╨╕╨╝╨╡╨╡╤В ╨╖╨╜╨░╤З╨╡╨╜╨╕╨╡ "true".
         ╨Я╨╡╤А╨▓╨╕╤З╨╜╨░╤П ╤Б╤Б╤Л╨╗╨║╨░ "Microsoft.EntityFrameworkCore.Abstractions, Version=9.0.3.0, Culture=neutral, PublicKeyToken=adb9793829ddae60".
             ╨а╨░╨╖╤А╨╡╤И╨╡╨╜╨╜╤Л╨╣ ╨┐╤Г╤В╤М ╨║ ╤Д╨░╨╣╨╗╤Г - "C:\Users\user\.nuget\packages\microsoft.entityframeworkcore.abstractions\9.0.3\lib\net8.0\Microsoft.EntityFrameworkCore.Abstractions.dll".
             ╨Ю╨▒╨╜╨░╤А╤Г╨╢╨╡╨╜╨░ ╤Б╤Б╤Л╨╗╨║╨░ ╨▓ ╤А╨░╤Б╨┐╨╛╨╗╨╛╨╢╨╡╨╜╨╕╨╕ ╨┐╤Г╤В╨╕ ╨┐╨╛╨╕╤Б╨║╨░ "{HintPathFromItem}".
             ╨Ф╨░╨╜╨╜╨░╤П ╤Б╤Б╤Л╨╗╨║╨░ ╨╜╨╡ ╤П╨▓╨╗╤П╨╡╤В╤Б╤П "CopyLocal" ╤В╨░╨║ ╨║╨░╨║ ╤Е╨╛╤В╤П ╨▒╤Л ╨┤╨╗╤П ╨╛╨┤╨╜╨╛╨│╨╛ ╨╕╤Б╤В╨╛╤З╨╜╨╕╨║╨░ ╨┤╨░╨╜╨╜╤Л╤Е ╨┐╨░╤А╨░╨╝╨╡╤В╤А "Private" ╨╕╨╝╨╡╨╡╤В ╨╖╨╜╨░╤З╨╡╨╜╨╕╨╡ "false", ╨╕ ╨╜╨╡╤В ╨╕╤Б╤В╨╛╤З╨╜╨╕╨║╨╛╨▓ ╨┤╨░╨╜╨╜╤Л╤Е, ╨┤╨╗╤П ╨║╨╛╤В╨╛╤А╤Л╤Е ╨┐╨░╤А╨░╨╝╨╡╤В╤А "Private" ╨╕╨╝╨╡╨╡╤В ╨╖╨╜╨░╤З╨╡╨╜╨╕╨╡ "true".
         ╨Я╨╡╤А╨▓╨╕╤З╨╜╨░╤П ╤Б╤Б╤Л╨╗╨║╨░ "Microsoft.EntityFrameworkCore.Relational, Version=9.0.3.0, Culture=neutral, PublicKeyToken=adb9793829ddae60".
             ╨а╨░╨╖╤А╨╡╤И╨╡╨╜╨╜╤Л╨╣ ╨┐╤Г╤В╤М ╨║ ╤Д╨░╨╣╨╗╤Г - "C:\Users\user\.nuget\packages\microsoft.entityframeworkcore.relational\9.0.3\lib\net8.0\Microsoft.EntityFrameworkCore.Relational.dll".
             ╨Ю╨▒╨╜╨░╤А╤Г╨╢╨╡╨╜╨░ ╤Б╤Б╤Л╨╗╨║╨░ ╨▓ ╤А╨░╤Б╨┐╨╛╨╗╨╛╨╢╨╡╨╜╨╕╨╕ ╨┐╤Г╤В╨╕ ╨┐╨╛╨╕╤Б╨║╨░ "{HintPathFromItem}".
             ╨Ф╨░╨╜╨╜╨░╤П ╤Б╤Б╤Л╨╗╨║╨░ ╨╜╨╡ ╤П╨▓╨╗╤П╨╡╤В╤Б╤П "CopyLocal" ╤В╨░╨║ ╨║╨░╨║ ╤Е╨╛╤В╤П ╨▒╤Л ╨┤╨╗╤П ╨╛╨┤╨╜╨╛╨│╨╛ ╨╕╤Б╤В╨╛╤З╨╜╨╕╨║╨░ ╨┤╨░╨╜╨╜╤Л╤Е ╨┐╨░╤А╨░╨╝╨╡╤В╤А "Private" ╨╕╨╝╨╡╨╡╤В ╨╖╨╜╨░╤З╨╡╨╜╨╕╨╡ "false", ╨╕ ╨╜╨╡╤В ╨╕╤Б╤В╨╛╤З╨╜╨╕╨║╨╛╨▓ ╨┤╨░╨╜╨╜╤Л╤Е, ╨┤╨╗╤П ╨║╨╛╤В╨╛╤А╤Л╤Е ╨┐╨░╤А╨░╨╝╨╡╤В╤А "Private" ╨╕╨╝╨╡╨╡╤В ╨╖╨╜╨░╤З╨╡╨╜╨╕╨╡ "true".
         ╨Я╨╡╤А╨▓╨╕╤З╨╜╨░╤П ╤Б╤Б╤Л╨╗╨║╨░ "Microsoft.EntityFrameworkCore.SqlServer, Version=9.0.3.0, Culture=neutral, PublicKeyToken=adb9793829ddae60".
             ╨а╨░╨╖╤А╨╡╤И╨╡╨╜╨╜╤Л╨╣ ╨┐╤Г╤В╤М ╨║ ╤Д╨░╨╣╨╗╤Г - "C:\Users\user\.nuget\packages\microsoft.entityframeworkcore.sqlserver\9.0.3\lib\net8.0\Microsoft.EntityFrameworkCore.SqlServer.dll".
             ╨Ю╨▒╨╜╨░╤А╤Г╨╢╨╡╨╜╨░ ╤Б╤Б╤Л╨╗╨║╨░ ╨▓ ╤А╨░╤Б╨┐╨╛╨╗╨╛╨╢╨╡╨╜╨╕╨╕ ╨┐╤Г╤В╨╕ ╨┐╨╛╨╕╤Б╨║╨░ "{HintPathFromItem}".
             ╨Ф╨░╨╜╨╜╨░╤П ╤Б╤Б╤Л╨╗╨║╨░ ╨╜╨╡ ╤П╨▓╨╗╤П╨╡╤В╤Б╤П "CopyLocal" ╤В╨░╨║ ╨║╨░╨║ ╤Е╨╛╤В╤П ╨▒╤Л ╨┤╨╗╤П ╨╛╨┤╨╜╨╛╨│╨╛ ╨╕╤Б╤В╨╛╤З╨╜╨╕╨║╨░ ╨┤╨░╨╜╨╜╤Л╤Е ╨┐╨░╤А╨░╨╝╨╡╤В╤А "Private" ╨╕╨╝╨╡╨╡╤В ╨╖╨╜╨░╤З╨╡╨╜╨╕╨╡ "false", ╨╕ ╨╜╨╡╤В ╨╕╤Б╤В╨╛╤З╨╜╨╕╨║╨╛╨▓ ╨┤╨░╨╜╨╜╤Л╤Е, ╨┤╨╗╤П ╨║╨╛╤В╨╛╤А╤Л╤Е ╨┐╨░╤А╨░╨╝╨╡╤В╤А "Private" ╨╕╨╝╨╡╨╡╤В ╨╖╨╜╨░╤З╨╡╨╜╨╕╨╡ "true".
         ╨Я╨╡╤А╨▓╨╕╤З╨╜╨░╤П ╤Б╤Б╤Л╨╗╨║╨░ "Microsoft.Extensions.Caching.Abstractions, Version=9.0.0.0, Culture=neutral, PublicKeyToken=adb9793829ddae60".
             ╨а╨░╨╖╤А╨╡╤И╨╡╨╜╨╜╤Л╨╣ ╨┐╤Г╤В╤М ╨║ ╤Д╨░╨╣╨╗╤Г - "C:\Users\user\.nuget\packages\microsoft.extensions.caching.abstractions\9.0.3\lib\net9.0\Microsoft.Extensions.Caching.Abstractions.dll".
             ╨Ю╨▒╨╜╨░╤А╤Г╨╢╨╡╨╜╨░ ╤Б╤Б╤Л╨╗╨║╨░ ╨▓ ╤А╨░╤Б╨┐╨╛╨╗╨╛╨╢╨╡╨╜╨╕╨╕ ╨┐╤Г╤В╨╕ ╨┐╨╛╨╕╤Б╨║╨░ "{HintPathFromItem}".
             ╨Ф╨░╨╜╨╜╨░╤П ╤Б╤Б╤Л╨╗╨║╨░ ╨╜╨╡ ╤П╨▓╨╗╤П╨╡╤В╤Б╤П "CopyLocal" ╤В╨░╨║ ╨║╨░╨║ ╤Е╨╛╤В╤П ╨▒╤Л ╨┤╨╗╤П ╨╛╨┤╨╜╨╛╨│╨╛ ╨╕╤Б╤В╨╛╤З╨╜╨╕╨║╨░ ╨┤╨░╨╜╨╜╤Л╤Е ╨┐╨░╤А╨░╨╝╨╡╤В╤А "Private" ╨╕╨╝╨╡╨╡╤В ╨╖╨╜╨░╤З╨╡╨╜╨╕╨╡ "false", ╨╕ ╨╜╨╡╤В ╨╕╤Б╤В╨╛╤З╨╜╨╕╨║╨╛╨▓ ╨┤╨░╨╜╨╜╤Л╤Е, ╨┤╨╗╤П ╨║╨╛╤В╨╛╤А╤Л╤Е ╨┐╨░╤А╨░╨╝╨╡╤В╤А "Private" ╨╕╨╝╨╡╨╡╤В ╨╖╨╜╨░╤З╨╡╨╜╨╕╨╡ "true".
         ╨Я╨╡╤А╨▓╨╕╤З╨╜╨░╤П ╤Б╤Б╤Л╨╗╨║╨░ "Microsoft.Extensions.Caching.Memory, Version=9.0.0.0, Culture=neutral, PublicKeyToken=adb9793829ddae60".
             ╨а╨░╨╖╤А╨╡╤И╨╡╨╜╨╜╤Л╨╣ ╨┐╤Г╤В╤М ╨║ ╤Д╨░╨╣╨╗╤Г - "C:\Users\user\.nuget\packages\microsoft.extensions.caching.memory\9.0.3\lib\net9.0\Microsoft.Extensions.Caching.Memory.dll".
             ╨Ю╨▒╨╜╨░╤А╤Г╨╢╨╡╨╜╨░ ╤Б╤Б╤Л╨╗╨║╨░ ╨▓ ╤А╨░╤Б╨┐╨╛╨╗╨╛╨╢╨╡╨╜╨╕╨╕ ╨┐╤Г╤В╨╕ ╨┐╨╛╨╕╤Б╨║╨░ "{HintPathFromItem}".
             ╨Ф╨░╨╜╨╜╨░╤П ╤Б╤Б╤Л╨╗╨║╨░ ╨╜╨╡ ╤П╨▓╨╗╤П╨╡╤В╤Б╤П "CopyLocal" ╤В╨░╨║ ╨║╨░╨║ ╤Е╨╛╤В╤П ╨▒╤Л ╨┤╨╗╤П ╨╛╨┤╨╜╨╛╨│╨╛ ╨╕╤Б╤В╨╛╤З╨╜╨╕╨║╨░ ╨┤╨░╨╜╨╜╤Л╤Е ╨┐╨░╤А╨░╨╝╨╡╤В╤А "Private" ╨╕╨╝╨╡╨╡╤В ╨╖╨╜╨░╤З╨╡╨╜╨╕╨╡ "false", ╨╕ ╨╜╨╡╤В ╨╕╤Б╤В╨╛╤З╨╜╨╕╨║╨╛╨▓ ╨┤╨░╨╜╨╜╤Л╤Е, ╨┤╨╗╤П ╨║╨╛╤В╨╛╤А╤Л╤Е ╨┐╨░╤А╨░╨╝╨╡╤В╤А "Private" ╨╕╨╝╨╡╨╡╤В ╨╖╨╜╨░╤З╨╡╨╜╨╕╨╡ "true".
         ╨Я╨╡╤А╨▓╨╕╤З╨╜╨░╤П ╤Б╤Б╤Л╨╗╨║╨░ "Microsoft.Extensions.Configuration.Abstractions, Version=9.0.0.0, Culture=neutral, PublicKeyToken=adb9793829ddae60".
             ╨а╨░╨╖╤А╨╡╤И╨╡╨╜╨╜╤Л╨╣ ╨┐╤Г╤В╤М ╨║ ╤Д╨░╨╣╨╗╤Г - "C:\Users\user\.nuget\packages\microsoft.extensions.configuration.abstractions\9.0.3\lib\net9.0\Microsoft.Extensions.Configuration.Abstractions.dll".
             ╨Ю╨▒╨╜╨░╤А╤Г╨╢╨╡╨╜╨░ ╤Б╤Б╤Л╨╗╨║╨░ ╨▓ ╤А╨░╤Б╨┐╨╛╨╗╨╛╨╢╨╡╨╜╨╕╨╕ ╨┐╤Г╤В╨╕ ╨┐╨╛╨╕╤Б╨║╨░ "{HintPathFromItem}".
             ╨Ф╨░╨╜╨╜╨░╤П ╤Б╤Б╤Л╨╗╨║╨░ ╨╜╨╡ ╤П╨▓╨╗╤П╨╡╤В╤Б╤П "CopyLocal" ╤В╨░╨║ ╨║╨░╨║ ╤Е╨╛╤В╤П ╨▒╤Л ╨┤╨╗╤П ╨╛╨┤╨╜╨╛╨│╨╛ ╨╕╤Б╤В╨╛╤З╨╜╨╕╨║╨░ ╨┤╨░╨╜╨╜╤Л╤Е ╨┐╨░╤А╨░╨╝╨╡╤В╤А "Private" ╨╕╨╝╨╡╨╡╤В ╨╖╨╜╨░╤З╨╡╨╜╨╕╨╡ "false", ╨╕ ╨╜╨╡╤В ╨╕╤Б╤В╨╛╤З╨╜╨╕╨║╨╛╨▓ ╨┤╨░╨╜╨╜╤Л╤Е, ╨┤╨╗╤П ╨║╨╛╤В╨╛╤А╤Л╤Е ╨┐╨░╤А╨░╨╝╨╡╤В╤А "Private" ╨╕╨╝╨╡╨╡╤В ╨╖╨╜╨░╤З╨╡╨╜╨╕╨╡ "true".
         ╨Я╨╡╤А╨▓╨╕╤З╨╜╨░╤П ╤Б╤Б╤Л╨╗╨║╨░ "Microsoft.Extensions.DependencyInjection, Version=9.0.0.0, Culture=neutral, PublicKeyToken=adb9793829ddae60".
             ╨а╨░╨╖╤А╨╡╤И╨╡╨╜╨╜╤Л╨╣ ╨┐╤Г╤В╤М ╨║ ╤Д╨░╨╣╨╗╤Г - "C:\Users\user\.nuget\packages\microsoft.extensions.dependencyinjection\9.0.3\lib\net9.0\Microsoft.Extensions.DependencyInjection.dll".
             ╨Ю╨▒╨╜╨░╤А╤Г╨╢╨╡╨╜╨░ ╤Б╤Б╤Л╨╗╨║╨░ ╨▓ ╤А╨░╤Б╨┐╨╛╨╗╨╛╨╢╨╡╨╜╨╕╨╕ ╨┐╤Г╤В╨╕ ╨┐╨╛╨╕╤Б╨║╨░ "{HintPathFromItem}".
             ╨Ф╨░╨╜╨╜╨░╤П ╤Б╤Б╤Л╨╗╨║╨░ ╨╜╨╡ ╤П╨▓╨╗╤П╨╡╤В╤Б╤П "CopyLocal" ╤В╨░╨║ ╨║╨░╨║ ╤Е╨╛╤В╤П ╨▒╤Л ╨┤╨╗╤П ╨╛╨┤╨╜╨╛╨│╨╛ ╨╕╤Б╤В╨╛╤З╨╜╨╕╨║╨░ ╨┤╨░╨╜╨╜╤Л╤Е ╨┐╨░╤А╨░╨╝╨╡╤В╤А "Private" ╨╕╨╝╨╡╨╡╤В ╨╖╨╜╨░╤З╨╡╨╜╨╕╨╡ "false", ╨╕ ╨╜╨╡╤В ╨╕╤Б╤В╨╛╤З╨╜╨╕╨║╨╛╨▓ ╨┤╨░╨╜╨╜╤Л╤Е, ╨┤╨╗╤П ╨║╨╛╤В╨╛╤А╤Л╤Е ╨┐╨░╤А╨░╨╝╨╡╤В╤А "Private" ╨╕╨╝╨╡╨╡╤В ╨╖╨╜╨░╤З╨╡╨╜╨╕╨╡ "true".
         ╨Я╨╡╤А╨▓╨╕╤З╨╜╨░╤П ╤Б╤Б╤Л╨╗╨║╨░ "Microsoft.Extensions.DependencyInjection.Abstractions, Version=9.0.0.0, Culture=neutral, PublicKeyToken=adb9793829ddae60".
             ╨а╨░╨╖╤А╨╡╤И╨╡╨╜╨╜╤Л╨╣ ╨┐╤Г╤В╤М ╨║ ╤Д╨░╨╣╨╗╤Г - "C:\Users\user\.nuget\packages\microsoft.extensions.dependencyinjection.abstractions\9.0.3\lib\net9.0\Microsoft.Extensions.DependencyInjection.Abstractions.dll".
             ╨Ю╨▒╨╜╨░╤А╤Г╨╢╨╡╨╜╨░ ╤Б╤Б╤Л╨╗╨║╨░ ╨▓ ╤А╨░╤Б╨┐╨╛╨╗╨╛╨╢╨╡╨╜╨╕╨╕ ╨┐╤Г╤В╨╕ ╨┐╨╛╨╕╤Б╨║╨░ "{HintPathFromItem}".
             ╨Ф╨░╨╜╨╜╨░╤П ╤Б╤Б╤Л╨╗╨║╨░ ╨╜╨╡ ╤П╨▓╨╗╤П╨╡╤В╤Б╤П "CopyLocal" ╤В╨░╨║ ╨║╨░╨║ ╤Е╨╛╤В╤П ╨▒╤Л ╨┤╨╗╤П ╨╛╨┤╨╜╨╛╨│╨╛ ╨╕╤Б╤В╨╛╤З╨╜╨╕╨║╨░ ╨┤╨░╨╜╨╜╤Л╤Е ╨┐╨░╤А╨░╨╝╨╡╤В╤А "Private" ╨╕╨╝╨╡╨╡╤В ╨╖╨╜╨░╤З╨╡╨╜╨╕╨╡ "false", ╨╕ ╨╜╨╡╤В ╨╕╤Б╤В╨╛╤З╨╜╨╕╨║╨╛╨▓ ╨┤╨░╨╜╨╜╤Л╤Е, ╨┤╨╗╤П ╨║╨╛╤В╨╛╤А╤Л╤Е ╨┐╨░╤А╨░╨╝╨╡╤В╤А "Private" ╨╕╨╝╨╡╨╡╤В ╨╖╨╜╨░╤З╨╡╨╜╨╕╨╡ "true".
         ╨Я╨╡╤А╨▓╨╕╤З╨╜╨░╤П ╤Б╤Б╤Л╨╗╨║╨░ "Microsoft.Extensions.Identity.Core, Version=9.0.0.0, Culture=neutral, PublicKeyToken=adb9793829ddae60".
             ╨а╨░╨╖╤А╨╡╤И╨╡╨╜╨╜╤Л╨╣ ╨┐╤Г╤В╤М ╨║ ╤Д╨░╨╣╨╗╤Г - "C:\Users\user\.nuget\packages\microsoft.extensions.identity.core\9.0.3\lib\net9.0\Microsoft.Extensions.Identity.Core.dll".
             ╨Ю╨▒╨╜╨░╤А╤Г╨╢╨╡╨╜╨░ ╤Б╤Б╤Л╨╗╨║╨░ ╨▓ ╤А╨░╤Б╨┐╨╛╨╗╨╛╨╢╨╡╨╜╨╕╨╕ ╨┐╤Г╤В╨╕ ╨┐╨╛╨╕╤Б╨║╨░ "{HintPathFromItem}".
             ╨Ф╨░╨╜╨╜╨░╤П ╤Б╤Б╤Л╨╗╨║╨░ ╨╜╨╡ ╤П╨▓╨╗╤П╨╡╤В╤Б╤П "CopyLocal" ╤В╨░╨║ ╨║╨░╨║ ╤Е╨╛╤В╤П ╨▒╤Л ╨┤╨╗╤П ╨╛╨┤╨╜╨╛╨│╨╛ ╨╕╤Б╤В╨╛╤З╨╜╨╕╨║╨░ ╨┤╨░╨╜╨╜╤Л╤Е ╨┐╨░╤А╨░╨╝╨╡╤В╤А "Private" ╨╕╨╝╨╡╨╡╤В ╨╖╨╜╨░╤З╨╡╨╜╨╕╨╡ "false", ╨╕ ╨╜╨╡╤В ╨╕╤Б╤В╨╛╤З╨╜╨╕╨║╨╛╨▓ ╨┤╨░╨╜╨╜╤Л╤Е, ╨┤╨╗╤П ╨║╨╛╤В╨╛╤А╤Л╤Е ╨┐╨░╤А╨░╨╝╨╡╤В╤А "Private" ╨╕╨╝╨╡╨╡╤В ╨╖╨╜╨░╤З╨╡╨╜╨╕╨╡ "true".
         ╨Я╨╡╤А╨▓╨╕╤З╨╜╨░╤П ╤Б╤Б╤Л╨╗╨║╨░ "Microsoft.Extensions.Identity.Stores, Version=9.0.0.0, Culture=neutral, PublicKeyToken=adb9793829ddae60".
             ╨а╨░╨╖╤А╨╡╤И╨╡╨╜╨╜╤Л╨╣ ╨┐╤Г╤В╤М ╨║ ╤Д╨░╨╣╨╗╤Г - "C:\Users\user\.nuget\packages\microsoft.extensions.identity.stores\9.0.3\lib\net9.0\Microsoft.Extensions.Identity.Stores.dll".
             ╨Ю╨▒╨╜╨░╤А╤Г╨╢╨╡╨╜╨░ ╤Б╤Б╤Л╨╗╨║╨░ ╨▓ ╤А╨░╤Б╨┐╨╛╨╗╨╛╨╢╨╡╨╜╨╕╨╕ ╨┐╤Г╤В╨╕ ╨┐╨╛╨╕╤Б╨║╨░ "{HintPathFromItem}".
             ╨Ф╨░╨╜╨╜╨░╤П ╤Б╤Б╤Л╨╗╨║╨░ ╨╜╨╡ ╤П╨▓╨╗╤П╨╡╤В╤Б╤П "CopyLocal" ╤В╨░╨║ ╨║╨░╨║ ╤Е╨╛╤В╤П ╨▒╤Л ╨┤╨╗╤П ╨╛╨┤╨╜╨╛╨│╨╛ ╨╕╤Б╤В╨╛╤З╨╜╨╕╨║╨░ ╨┤╨░╨╜╨╜╤Л╤Е ╨┐╨░╤А╨░╨╝╨╡╤В╤А "Private" ╨╕╨╝╨╡╨╡╤В ╨╖╨╜╨░╤З╨╡╨╜╨╕╨╡ "false", ╨╕ ╨╜╨╡╤В ╨╕╤Б╤В╨╛╤З╨╜╨╕╨║╨╛╨▓ ╨┤╨░╨╜╨╜╤Л╤Е, ╨┤╨╗╤П ╨║╨╛╤В╨╛╤А╤Л╤Е ╨┐╨░╤А╨░╨╝╨╡╤В╤А "Private" ╨╕╨╝╨╡╨╡╤В ╨╖╨╜╨░╤З╨╡╨╜╨╕╨╡ "true".
         ╨Я╨╡╤А╨▓╨╕╤З╨╜╨░╤П ╤Б╤Б╤Л╨╗╨║╨░ "Microsoft.Extensions.Logging, Version=9.0.0.0, Culture=neutral, PublicKeyToken=adb9793829ddae60".
             ╨а╨░╨╖╤А╨╡╤И╨╡╨╜╨╜╤Л╨╣ ╨┐╤Г╤В╤М ╨║ ╤Д╨░╨╣╨╗╤Г - "C:\Users\user\.nuget\packages\microsoft.extensions.logging\9.0.3\lib\net9.0\Microsoft.Extensions.Logging.dll".
             ╨Ю╨▒╨╜╨░╤А╤Г╨╢╨╡╨╜╨░ ╤Б╤Б╤Л╨╗╨║╨░ ╨▓ ╤А╨░╤Б╨┐╨╛╨╗╨╛╨╢╨╡╨╜╨╕╨╕ ╨┐╤Г╤В╨╕ ╨┐╨╛╨╕╤Б╨║╨░ "{HintPathFromItem}".
             ╨Ф╨░╨╜╨╜╨░╤П ╤Б╤Б╤Л╨╗╨║╨░ ╨╜╨╡ ╤П╨▓╨╗╤П╨╡╤В╤Б╤П "CopyLocal" ╤В╨░╨║ ╨║╨░╨║ ╤Е╨╛╤В╤П ╨▒╤Л ╨┤╨╗╤П ╨╛╨┤╨╜╨╛╨│╨╛ ╨╕╤Б╤В╨╛╤З╨╜╨╕╨║╨░ ╨┤╨░╨╜╨╜╤Л╤Е ╨┐╨░╤А╨░╨╝╨╡╤В╤А "Private" ╨╕╨╝╨╡╨╡╤В ╨╖╨╜╨░╤З╨╡╨╜╨╕╨╡ "false", ╨╕ ╨╜╨╡╤В ╨╕╤Б╤В╨╛╤З╨╜╨╕╨║╨╛╨▓ ╨┤╨░╨╜╨╜╤Л╤Е, ╨┤╨╗╤П ╨║╨╛╤В╨╛╤А╤Л╤Е ╨┐╨░╤А╨░╨╝╨╡╤В╤А "Private" ╨╕╨╝╨╡╨╡╤В ╨╖╨╜╨░╤З╨╡╨╜╨╕╨╡ "true".
         ╨Я╨╡╤А╨▓╨╕╤З╨╜╨░╤П ╤Б╤Б╤Л╨╗╨║╨░ "Microsoft.Extensions.Logging.Abstractions, Version=9.0.0.0, Culture=neutral, PublicKeyToken=adb9793829ddae60".
             ╨а╨░╨╖╤А╨╡╤И╨╡╨╜╨╜╤Л╨╣ ╨┐╤Г╤В╤М ╨║ ╤Д╨░╨╣╨╗╤Г - "C:\Users\user\.nuget\packages\microsoft.extensions.logging.abstractions\9.0.3\lib\net9.0\Microsoft.Extensions.Logging.Abstractions.dll".
             ╨Ю╨▒╨╜╨░╤А╤Г╨╢╨╡╨╜╨░ ╤Б╤Б╤Л╨╗╨║╨░ ╨▓ ╤А╨░╤Б╨┐╨╛╨╗╨╛╨╢╨╡╨╜╨╕╨╕ ╨┐╤Г╤В╨╕ ╨┐╨╛╨╕╤Б╨║╨░ "{HintPathFromItem}".
             ╨Ф╨░╨╜╨╜╨░╤П ╤Б╤Б╤Л╨╗╨║╨░ ╨╜╨╡ ╤П╨▓╨╗╤П╨╡╤В╤Б╤П "CopyLocal" ╤В╨░╨║ ╨║╨░╨║ ╤Е╨╛╤В╤П ╨▒╤Л ╨┤╨╗╤П ╨╛╨┤╨╜╨╛╨│╨╛ ╨╕╤Б╤В╨╛╤З╨╜╨╕╨║╨░ ╨┤╨░╨╜╨╜╤Л╤Е ╨┐╨░╤А╨░╨╝╨╡╤В╤А "Private" ╨╕╨╝╨╡╨╡╤В ╨╖╨╜╨░╤З╨╡╨╜╨╕╨╡ "false", ╨╕ ╨╜╨╡╤В ╨╕╤Б╤В╨╛╤З╨╜╨╕╨║╨╛╨▓ ╨┤╨░╨╜╨╜╤Л╤Е, ╨┤╨╗╤П ╨║╨╛╤В╨╛╤А╤Л╤Е ╨┐╨░╤А╨░╨╝╨╡╤В╤А "Private" ╨╕╨╝╨╡╨╡╤В ╨╖╨╜╨░╤З╨╡╨╜╨╕╨╡ "true".
         ╨Я╨╡╤А╨▓╨╕╤З╨╜╨░╤П ╤Б╤Б╤Л╨╗╨║╨░ "Microsoft.Extensions.Options, Version=9.0.0.0, Culture=neutral, PublicKeyToken=adb9793829ddae60".
             ╨а╨░╨╖╤А╨╡╤И╨╡╨╜╨╜╤Л╨╣ ╨┐╤Г╤В╤М ╨║ ╤Д╨░╨╣╨╗╤Г - "C:\Users\user\.nuget\packages\microsoft.extensions.options\9.0.3\lib\net9.0\Microsoft.Extensions.Options.dll".
             ╨Ю╨▒╨╜╨░╤А╤Г╨╢╨╡╨╜╨░ ╤Б╤Б╤Л╨╗╨║╨░ ╨▓ ╤А╨░╤Б╨┐╨╛╨╗╨╛╨╢╨╡╨╜╨╕╨╕ ╨┐╤Г╤В╨╕ ╨┐╨╛╨╕╤Б╨║╨░ "{HintPathFromItem}".
             ╨Ф╨░╨╜╨╜╨░╤П ╤Б╤Б╤Л╨╗╨║╨░ ╨╜╨╡ ╤П╨▓╨╗╤П╨╡╤В╤Б╤П "CopyLocal" ╤В╨░╨║ ╨║╨░╨║ ╤Е╨╛╤В╤П ╨▒╤Л ╨┤╨╗╤П ╨╛╨┤╨╜╨╛╨│╨╛ ╨╕╤Б╤В╨╛╤З╨╜╨╕╨║╨░ ╨┤╨░╨╜╨╜╤Л╤Е ╨┐╨░╤А╨░╨╝╨╡╤В╤А "Private" ╨╕╨╝╨╡╨╡╤В ╨╖╨╜╨░╤З╨╡╨╜╨╕╨╡ "false", ╨╕ ╨╜╨╡╤В ╨╕╤Б╤В╨╛╤З╨╜╨╕╨║╨╛╨▓ ╨┤╨░╨╜╨╜╤Л╤Е, ╨┤╨╗╤П ╨║╨╛╤В╨╛╤А╤Л╤Е ╨┐╨░╤А╨░╨╝╨╡╤В╤А "Private" ╨╕╨╝╨╡╨╡╤В ╨╖╨╜╨░╤З╨╡╨╜╨╕╨╡ "true".
         ╨Я╨╡╤А╨▓╨╕╤З╨╜╨░╤П ╤Б╤Б╤Л╨╗╨║╨░ "Microsoft.Extensions.Primitives, Version=9.0.0.0, Culture=neutral, PublicKeyToken=adb9793829ddae60".
             ╨а╨░╨╖╤А╨╡╤И╨╡╨╜╨╜╤Л╨╣ ╨┐╤Г╤В╤М ╨║ ╤Д╨░╨╣╨╗╤Г - "C:\Users\user\.nuget\packages\microsoft.extensions.primitives\9.0.3\lib\net9.0\Microsoft.Extensions.Primitives.dll".
             ╨Ю╨▒╨╜╨░╤А╤Г╨╢╨╡╨╜╨░ ╤Б╤Б╤Л╨╗╨║╨░ ╨▓ ╤А╨░╤Б╨┐╨╛╨╗╨╛╨╢╨╡╨╜╨╕╨╕ ╨┐╤Г╤В╨╕ ╨┐╨╛╨╕╤Б╨║╨░ "{HintPathFromItem}".
             ╨Ф╨░╨╜╨╜╨░╤П ╤Б╤Б╤Л╨╗╨║╨░ ╨╜╨╡ ╤П╨▓╨╗╤П╨╡╤В╤Б╤П "CopyLocal" ╤В╨░╨║ ╨║╨░╨║ ╤Е╨╛╤В╤П ╨▒╤Л ╨┤╨╗╤П ╨╛╨┤╨╜╨╛╨│╨╛ ╨╕╤Б╤В╨╛╤З╨╜╨╕╨║╨░ ╨┤╨░╨╜╨╜╤Л╤Е ╨┐╨░╤А╨░╨╝╨╡╤В╤А "Private" ╨╕╨╝╨╡╨╡╤В ╨╖╨╜╨░╤З╨╡╨╜╨╕╨╡ "false", ╨╕ ╨╜╨╡╤В ╨╕╤Б╤В╨╛╤З╨╜╨╕╨║╨╛╨▓ ╨┤╨░╨╜╨╜╤Л╤Е, ╨┤╨╗╤П ╨║╨╛╤В╨╛╤А╤Л╤Е ╨┐╨░╤А╨░╨╝╨╡╤В╤А "Private" ╨╕╨╝╨╡╨╡╤В ╨╖╨╜╨░╤З╨╡╨╜╨╕╨╡ "true".
         ╨Я╨╡╤А╨▓╨╕╤З╨╜╨░╤П ╤Б╤Б╤Л╨╗╨║╨░ "Microsoft.Identity.Client, Version=4.61.3.0, Culture=neutral, PublicKeyToken=0a613f4dd989e8ae".
             ╨а╨░╨╖╤А╨╡╤И╨╡╨╜╨╜╤Л╨╣ ╨┐╤Г╤В╤М ╨║ ╤Д╨░╨╣╨╗╤Г - "C:\Users\user\.nuget\packages\microsoft.identity.client\4.61.3\lib\net6.0\Microsoft.Identity.Client.dll".
             ╨Ю╨▒╨╜╨░╤А╤Г╨╢╨╡╨╜╨░ ╤Б╤Б╤Л╨╗╨║╨░ ╨▓ ╤А╨░╤Б╨┐╨╛╨╗╨╛╨╢╨╡╨╜╨╕╨╕ ╨┐╤Г╤В╨╕ ╨┐╨╛╨╕╤Б╨║╨░ "{HintPathFromItem}".
             ╨Ф╨░╨╜╨╜╨░╤П ╤Б╤Б╤Л╨╗╨║╨░ ╨╜╨╡ ╤П╨▓╨╗╤П╨╡╤В╤Б╤П "CopyLocal" ╤В╨░╨║ ╨║╨░╨║ ╤Е╨╛╤В╤П ╨▒╤Л ╨┤╨╗╤П ╨╛╨┤╨╜╨╛╨│╨╛ ╨╕╤Б╤В╨╛╤З╨╜╨╕╨║╨░ ╨┤╨░╨╜╨╜╤Л╤Е ╨┐╨░╤А╨░╨╝╨╡╤В╤А "Private" ╨╕╨╝╨╡╨╡╤В ╨╖╨╜╨░╤З╨╡╨╜╨╕╨╡ "false", ╨╕ ╨╜╨╡╤В ╨╕╤Б╤В╨╛╤З╨╜╨╕╨║╨╛╨▓ ╨┤╨░╨╜╨╜╤Л╤Е, ╨┤╨╗╤П ╨║╨╛╤В╨╛╤А╤Л╤Е ╨┐╨░╤А╨░╨╝╨╡╤В╤А "Private" ╨╕╨╝╨╡╨╡╤В ╨╖╨╜╨░╤З╨╡╨╜╨╕╨╡ "true".
         ╨Я╨╡╤А╨▓╨╕╤З╨╜╨░╤П ╤Б╤Б╤Л╨╗╨║╨░ "Microsoft.Identity.Client.Extensions.Msal, Version=4.61.3.0, Culture=neutral, PublicKeyToken=0a613f4dd989e8ae".
             ╨а╨░╨╖╤А╨╡╤И╨╡╨╜╨╜╤Л╨╣ ╨┐╤Г╤В╤М ╨║ ╤Д╨░╨╣╨╗╤Г - "C:\Users\user\.nuget\packages\microsoft.identity.client.extensions.msal\4.61.3\lib\net6.0\Microsoft.Identity.Client.Extensions.Msal.dll".
             ╨Ю╨▒╨╜╨░╤А╤Г╨╢╨╡╨╜╨░ ╤Б╤Б╤Л╨╗╨║╨░ ╨▓ ╤А╨░╤Б╨┐╨╛╨╗╨╛╨╢╨╡╨╜╨╕╨╕ ╨┐╤Г╤В╨╕ ╨┐╨╛╨╕╤Б╨║╨░ "{HintPathFromItem}".
             ╨Ф╨░╨╜╨╜╨░╤П ╤Б╤Б╤Л╨╗╨║╨░ ╨╜╨╡ ╤П╨▓╨╗╤П╨╡╤В╤Б╤П "CopyLocal" ╤В╨░╨║ ╨║╨░╨║ ╤Е╨╛╤В╤П ╨▒╤Л ╨┤╨╗╤П ╨╛╨┤╨╜╨╛╨│╨╛ ╨╕╤Б╤В╨╛╤З╨╜╨╕╨║╨░ ╨┤╨░╨╜╨╜╤Л╤Е ╨┐╨░╤А╨░╨╝╨╡╤В╤А "Private" ╨╕╨╝╨╡╨╡╤В ╨╖╨╜╨░╤З╨╡╨╜╨╕╨╡ "false", ╨╕ ╨╜╨╡╤В ╨╕╤Б╤В╨╛╤З╨╜╨╕╨║╨╛╨▓ ╨┤╨░╨╜╨╜╤Л╤Е, ╨┤╨╗╤П ╨║╨╛╤В╨╛╤А╤Л╤Е ╨┐╨░╤А╨░╨╝╨╡╤В╤А "Private" ╨╕╨╝╨╡╨╡╤В ╨╖╨╜╨░╤З╨╡╨╜╨╕╨╡ "true".
         ╨Я╨╡╤А╨▓╨╕╤З╨╜╨░╤П ╤Б╤Б╤Л╨╗╨║╨░ "Microsoft.IdentityModel.Abstractions, Version=6.35.0.0, Culture=neutral, PublicKeyToken=31bf3856ad364e35".
             ╨а╨░╨╖╤А╨╡╤И╨╡╨╜╨╜╤Л╨╣ ╨┐╤Г╤В╤М ╨║ ╤Д╨░╨╣╨╗╤Г - "C:\Users\user\.nuget\packages\microsoft.identitymodel.abstractions\6.35.0\lib\net6.0\Microsoft.IdentityModel.Abstractions.dll".
             ╨Ю╨▒╨╜╨░╤А╤Г╨╢╨╡╨╜╨░ ╤Б╤Б╤Л╨╗╨║╨░ ╨▓ ╤А╨░╤Б╨┐╨╛╨╗╨╛╨╢╨╡╨╜╨╕╨╕ ╨┐╤Г╤В╨╕ ╨┐╨╛╨╕╤Б╨║╨░ "{HintPathFromItem}".
             ╨Ф╨░╨╜╨╜╨░╤П ╤Б╤Б╤Л╨╗╨║╨░ ╨╜╨╡ ╤П╨▓╨╗╤П╨╡╤В╤Б╤П "CopyLocal" ╤В╨░╨║ ╨║╨░╨║ ╤Е╨╛╤В╤П ╨▒╤Л ╨┤╨╗╤П ╨╛╨┤╨╜╨╛╨│╨╛ ╨╕╤Б╤В╨╛╤З╨╜╨╕╨║╨░ ╨┤╨░╨╜╨╜╤Л╤Е ╨┐╨░╤А╨░╨╝╨╡╤В╤А "Private" ╨╕╨╝╨╡╨╡╤В ╨╖╨╜╨░╤З╨╡╨╜╨╕╨╡ "false", ╨╕ ╨╜╨╡╤В ╨╕╤Б╤В╨╛╤З╨╜╨╕╨║╨╛╨▓ ╨┤╨░╨╜╨╜╤Л╤Е, ╨┤╨╗╤П ╨║╨╛╤В╨╛╤А╤Л╤Е ╨┐╨░╤А╨░╨╝╨╡╤В╤А "Private" ╨╕╨╝╨╡╨╡╤В ╨╖╨╜╨░╤З╨╡╨╜╨╕╨╡ "true".
         ╨Я╨╡╤А╨▓╨╕╤З╨╜╨░╤П ╤Б╤Б╤Л╨╗╨║╨░ "Microsoft.IdentityModel.JsonWebTokens, Version=6.35.0.0, Culture=neutral, PublicKeyToken=31bf3856ad364e35".
             ╨а╨░╨╖╤А╨╡╤И╨╡╨╜╨╜╤Л╨╣ ╨┐╤Г╤В╤М ╨║ ╤Д╨░╨╣╨╗╤Г - "C:\Users\user\.nuget\packages\microsoft.identitymodel.jsonwebtokens\6.35.0\lib\net6.0\Microsoft.IdentityModel.JsonWebTokens.dll".
             ╨Ю╨▒╨╜╨░╤А╤Г╨╢╨╡╨╜╨░ ╤Б╤Б╤Л╨╗╨║╨░ ╨▓ ╤А╨░╤Б╨┐╨╛╨╗╨╛╨╢╨╡╨╜╨╕╨╕ ╨┐╤Г╤В╨╕ ╨┐╨╛╨╕╤Б╨║╨░ "{HintPathFromItem}".
             ╨Ф╨░╨╜╨╜╨░╤П ╤Б╤Б╤Л╨╗╨║╨░ ╨╜╨╡ ╤П╨▓╨╗╤П╨╡╤В╤Б╤П "CopyLocal" ╤В╨░╨║ ╨║╨░╨║ ╤Е╨╛╤В╤П ╨▒╤Л ╨┤╨╗╤П ╨╛╨┤╨╜╨╛╨│╨╛ ╨╕╤Б╤В╨╛╤З╨╜╨╕╨║╨░ ╨┤╨░╨╜╨╜╤Л╤Е ╨┐╨░╤А╨░╨╝╨╡╤В╤А "Private" ╨╕╨╝╨╡╨╡╤В ╨╖╨╜╨░╤З╨╡╨╜╨╕╨╡ "false", ╨╕ ╨╜╨╡╤В ╨╕╤Б╤В╨╛╤З╨╜╨╕╨║╨╛╨▓ ╨┤╨░╨╜╨╜╤Л╤Е, ╨┤╨╗╤П ╨║╨╛╤В╨╛╤А╤Л╤Е ╨┐╨░╤А╨░╨╝╨╡╤В╤А "Private" ╨╕╨╝╨╡╨╡╤В ╨╖╨╜╨░╤З╨╡╨╜╨╕╨╡ "true".
         ╨Я╨╡╤А╨▓╨╕╤З╨╜╨░╤П ╤Б╤Б╤Л╨╗╨║╨░ "Microsoft.IdentityModel.Logging, Version=6.35.0.0, Culture=neutral, PublicKeyToken=31bf3856ad364e35".
             ╨а╨░╨╖╤А╨╡╤И╨╡╨╜╨╜╤Л╨╣ ╨┐╤Г╤В╤М ╨║ ╤Д╨░╨╣╨╗╤Г - "C:\Users\user\.nuget\packages\microsoft.identitymodel.logging\6.35.0\lib\net6.0\Microsoft.IdentityModel.Logging.dll".
             ╨Ю╨▒╨╜╨░╤А╤Г╨╢╨╡╨╜╨░ ╤Б╤Б╤Л╨╗╨║╨░ ╨▓ ╤А╨░╤Б╨┐╨╛╨╗╨╛╨╢╨╡╨╜╨╕╨╕ ╨┐╤Г╤В╨╕ ╨┐╨╛╨╕╤Б╨║╨░ "{HintPathFromItem}".
             ╨Ф╨░╨╜╨╜╨░╤П ╤Б╤Б╤Л╨╗╨║╨░ ╨╜╨╡ ╤П╨▓╨╗╤П╨╡╤В╤Б╤П "CopyLocal" ╤В╨░╨║ ╨║╨░╨║ ╤Е╨╛╤В╤П ╨▒╤Л ╨┤╨╗╤П ╨╛╨┤╨╜╨╛╨│╨╛ ╨╕╤Б╤В╨╛╤З╨╜╨╕╨║╨░ ╨┤╨░╨╜╨╜╤Л╤Е ╨┐╨░╤А╨░╨╝╨╡╤В╤А "Private" ╨╕╨╝╨╡╨╡╤В ╨╖╨╜╨░╤З╨╡╨╜╨╕╨╡ "false", ╨╕ ╨╜╨╡╤В ╨╕╤Б╤В╨╛╤З╨╜╨╕╨║╨╛╨▓ ╨┤╨░╨╜╨╜╤Л╤Е, ╨┤╨╗╤П ╨║╨╛╤В╨╛╤А╤Л╤Е ╨┐╨░╤А╨░╨╝╨╡╤В╤А "Private" ╨╕╨╝╨╡╨╡╤В ╨╖╨╜╨░╤З╨╡╨╜╨╕╨╡ "true".
         ╨Я╨╡╤А╨▓╨╕╤З╨╜╨░╤П ╤Б╤Б╤Л╨╗╨║╨░ "Microsoft.IdentityModel.Protocols, Version=6.35.0.0, Culture=neutral, PublicKeyToken=31bf3856ad364e35".
             ╨а╨░╨╖╤А╨╡╤И╨╡╨╜╨╜╤Л╨╣ ╨┐╤Г╤В╤М ╨║ ╤Д╨░╨╣╨╗╤Г - "C:\Users\user\.nuget\packages\microsoft.identitymodel.protocols\6.35.0\lib\net6.0\Microsoft.IdentityModel.Protocols.dll".
             ╨Ю╨▒╨╜╨░╤А╤Г╨╢╨╡╨╜╨░ ╤Б╤Б╤Л╨╗╨║╨░ ╨▓ ╤А╨░╤Б╨┐╨╛╨╗╨╛╨╢╨╡╨╜╨╕╨╕ ╨┐╤Г╤В╨╕ ╨┐╨╛╨╕╤Б╨║╨░ "{HintPathFromItem}".
             ╨Ф╨░╨╜╨╜╨░╤П ╤Б╤Б╤Л╨╗╨║╨░ ╨╜╨╡ ╤П╨▓╨╗╤П╨╡╤В╤Б╤П "CopyLocal" ╤В╨░╨║ ╨║╨░╨║ ╤Е╨╛╤В╤П ╨▒╤Л ╨┤╨╗╤П ╨╛╨┤╨╜╨╛╨│╨╛ ╨╕╤Б╤В╨╛╤З╨╜╨╕╨║╨░ ╨┤╨░╨╜╨╜╤Л╤Е ╨┐╨░╤А╨░╨╝╨╡╤В╤А "Private" ╨╕╨╝╨╡╨╡╤В ╨╖╨╜╨░╤З╨╡╨╜╨╕╨╡ "false", ╨╕ ╨╜╨╡╤В ╨╕╤Б╤В╨╛╤З╨╜╨╕╨║╨╛╨▓ ╨┤╨░╨╜╨╜╤Л╤Е, ╨┤╨╗╤П ╨║╨╛╤В╨╛╤А╤Л╤Е ╨┐╨░╤А╨░╨╝╨╡╤В╤А "Private" ╨╕╨╝╨╡╨╡╤В ╨╖╨╜╨░╤З╨╡╨╜╨╕╨╡ "true".
         ╨Я╨╡╤А╨▓╨╕╤З╨╜╨░╤П ╤Б╤Б╤Л╨╗╨║╨░ "Microsoft.IdentityModel.Protocols.OpenIdConnect, Version=6.35.0.0, Culture=neutral, PublicKeyToken=31bf3856ad364e35".
             ╨а╨░╨╖╤А╨╡╤И╨╡╨╜╨╜╤Л╨╣ ╨┐╤Г╤В╤М ╨║ ╤Д╨░╨╣╨╗╤Г - "C:\Users\user\.nuget\packages\microsoft.identitymodel.protocols.openidconnect\6.35.0\lib\net6.0\Microsoft.IdentityModel.Protocols.OpenIdConnect.dll".
             ╨Ю╨▒╨╜╨░╤А╤Г╨╢╨╡╨╜╨░ ╤Б╤Б╤Л╨╗╨║╨░ ╨▓ ╤А╨░╤Б╨┐╨╛╨╗╨╛╨╢╨╡╨╜╨╕╨╕ ╨┐╤Г╤В╨╕ ╨┐╨╛╨╕╤Б╨║╨░ "{HintPathFromItem}".
             ╨Ф╨░╨╜╨╜╨░╤П ╤Б╤Б╤Л╨╗╨║╨░ ╨╜╨╡ ╤П╨▓╨╗╤П╨╡╤В╤Б╤П "CopyLocal" ╤В╨░╨║ ╨║╨░╨║ ╤Е╨╛╤В╤П ╨▒╤Л ╨┤╨╗╤П ╨╛╨┤╨╜╨╛╨│╨╛ ╨╕╤Б╤В╨╛╤З╨╜╨╕╨║╨░ ╨┤╨░╨╜╨╜╤Л╤Е ╨┐╨░╤А╨░╨╝╨╡╤В╤А "Private" ╨╕╨╝╨╡╨╡╤В ╨╖╨╜╨░╤З╨╡╨╜╨╕╨╡ "false", ╨╕ ╨╜╨╡╤В ╨╕╤Б╤В╨╛╤З╨╜╨╕╨║╨╛╨▓ ╨┤╨░╨╜╨╜╤Л╤Е, ╨┤╨╗╤П ╨║╨╛╤В╨╛╤А╤Л╤Е ╨┐╨░╤А╨░╨╝╨╡╤В╤А "Private" ╨╕╨╝╨╡╨╡╤В ╨╖╨╜╨░╤З╨╡╨╜╨╕╨╡ "true".
         ╨Я╨╡╤А╨▓╨╕╤З╨╜╨░╤П ╤Б╤Б╤Л╨╗╨║╨░ "Microsoft.IdentityModel.Tokens, Version=6.35.0.0, Culture=neutral, PublicKeyToken=31bf3856ad364e35".
             ╨а╨░╨╖╤А╨╡╤И╨╡╨╜╨╜╤Л╨╣ ╨┐╤Г╤В╤М ╨║ ╤Д╨░╨╣╨╗╤Г - "C:\Users\user\.nuget\packages\microsoft.identitymodel.tokens\6.35.0\lib\net6.0\Microsoft.IdentityModel.Tokens.dll".
             ╨Ю╨▒╨╜╨░╤А╤Г╨╢╨╡╨╜╨░ ╤Б╤Б╤Л╨╗╨║╨░ ╨▓ ╤А╨░╤Б╨┐╨╛╨╗╨╛╨╢╨╡╨╜╨╕╨╕ ╨┐╤Г╤В╨╕ ╨┐╨╛╨╕╤Б╨║╨░ "{HintPathFromItem}".
             ╨Ф╨░╨╜╨╜╨░╤П ╤Б╤Б╤Л╨╗╨║╨░ ╨╜╨╡ ╤П╨▓╨╗╤П╨╡╤В╤Б╤П "CopyLocal" ╤В╨░╨║ ╨║╨░╨║ ╤Е╨╛╤В╤П ╨▒╤Л ╨┤╨╗╤П ╨╛╨┤╨╜╨╛╨│╨╛ ╨╕╤Б╤В╨╛╤З╨╜╨╕╨║╨░ ╨┤╨░╨╜╨╜╤Л╤Е ╨┐╨░╤А╨░╨╝╨╡╤В╤А "Private" ╨╕╨╝╨╡╨╡╤В ╨╖╨╜╨░╤З╨╡╨╜╨╕╨╡ "false", ╨╕ ╨╜╨╡╤В ╨╕╤Б╤В╨╛╤З╨╜╨╕╨║╨╛╨▓ ╨┤╨░╨╜╨╜╤Л╤Е, ╨┤╨╗╤П ╨║╨╛╤В╨╛╤А╤Л╤Е ╨┐╨░╤А╨░╨╝╨╡╤В╤А "Private" ╨╕╨╝╨╡╨╡╤В ╨╖╨╜╨░╤З╨╡╨╜╨╕╨╡ "true".
         ╨Я╨╡╤А╨▓╨╕╤З╨╜╨░╤П ╤Б╤Б╤Л╨╗╨║╨░ "Microsoft.SqlServer.Server, Version=1.0.0.0, Culture=neutral, PublicKeyToken=23ec7fc2d6eaa4a5".
             ╨а╨░╨╖╤А╨╡╤И╨╡╨╜╨╜╤Л╨╣ ╨┐╤Г╤В╤М ╨║ ╤Д╨░╨╣╨╗╤Г - "C:\Users\user\.nuget\packages\microsoft.sqlserver.server\1.0.0\lib\netstandard2.0\Microsoft.SqlServer.Server.dll".
             ╨Ю╨▒╨╜╨░╤А╤Г╨╢╨╡╨╜╨░ ╤Б╤Б╤Л╨╗╨║╨░ ╨▓ ╤А╨░╤Б╨┐╨╛╨╗╨╛╨╢╨╡╨╜╨╕╨╕ ╨┐╤Г╤В╨╕ ╨┐╨╛╨╕╤Б╨║╨░ "{HintPathFromItem}".
             ╨Ф╨░╨╜╨╜╨░╤П ╤Б╤Б╤Л╨╗╨║╨░ ╨╜╨╡ ╤П╨▓╨╗╤П╨╡╤В╤Б╤П "CopyLocal" ╤В╨░╨║ ╨║╨░╨║ ╤Е╨╛╤В╤П ╨▒╤Л ╨┤╨╗╤П ╨╛╨┤╨╜╨╛╨│╨╛ ╨╕╤Б╤В╨╛╤З╨╜╨╕╨║╨░ ╨┤╨░╨╜╨╜╤Л╤Е ╨┐╨░╤А╨░╨╝╨╡╤В╤А "Private" ╨╕╨╝╨╡╨╡╤В ╨╖╨╜╨░╤З╨╡╨╜╨╕╨╡ "false", ╨╕ ╨╜╨╡╤В ╨╕╤Б╤В╨╛╤З╨╜╨╕╨║╨╛╨▓ ╨┤╨░╨╜╨╜╤Л╤Е, ╨┤╨╗╤П ╨║╨╛╤В╨╛╤А╤Л╤Е ╨┐╨░╤А╨░╨╝╨╡╤В╤А "Private" ╨╕╨╝╨╡╨╡╤В ╨╖╨╜╨░╤З╨╡╨╜╨╕╨╡ "true".
         ╨Я╨╡╤А╨▓╨╕╤З╨╜╨░╤П ╤Б╤Б╤Л╨╗╨║╨░ "Newtonsoft.Json, Version=13.0.0.0, Culture=neutral, PublicKeyToken=30ad4fe6b2a6aeed".
             ╨а╨░╨╖╤А╨╡╤И╨╡╨╜╨╜╤Л╨╣ ╨┐╤Г╤В╤М ╨║ ╤Д╨░╨╣╨╗╤Г - "C:\Users\user\.nuget\packages\newtonsoft.json\13.0.3\lib\net6.0\Newtonsoft.Json.dll".
             ╨Ю╨▒╨╜╨░╤А╤Г╨╢╨╡╨╜╨░ ╤Б╤Б╤Л╨╗╨║╨░ ╨▓ ╤А╨░╤Б╨┐╨╛╨╗╨╛╨╢╨╡╨╜╨╕╨╕ ╨┐╤Г╤В╨╕ ╨┐╨╛╨╕╤Б╨║╨░ "{HintPathFromItem}".
             ╨Ф╨░╨╜╨╜╨░╤П ╤Б╤Б╤Л╨╗╨║╨░ ╨╜╨╡ ╤П╨▓╨╗╤П╨╡╤В╤Б╤П "CopyLocal" ╤В╨░╨║ ╨║╨░╨║ ╤Е╨╛╤В╤П ╨▒╤Л ╨┤╨╗╤П ╨╛╨┤╨╜╨╛╨│╨╛ ╨╕╤Б╤В╨╛╤З╨╜╨╕╨║╨░ ╨┤╨░╨╜╨╜╤Л╤Е ╨┐╨░╤А╨░╨╝╨╡╤В╤А "Private" ╨╕╨╝╨╡╨╡╤В ╨╖╨╜╨░╤З╨╡╨╜╨╕╨╡ "false", ╨╕ ╨╜╨╡╤В ╨╕╤Б╤В╨╛╤З╨╜╨╕╨║╨╛╨▓ ╨┤╨░╨╜╨╜╤Л╤Е, ╨┤╨╗╤П ╨║╨╛╤В╨╛╤А╤Л╤Е ╨┐╨░╤А╨░╨╝╨╡╤В╤А "Private" ╨╕╨╝╨╡╨╡╤В ╨╖╨╜╨░╤З╨╡╨╜╨╕╨╡ "true".
         ╨Я╨╡╤А╨▓╨╕╤З╨╜╨░╤П ╤Б╤Б╤Л╨╗╨║╨░ "System.ClientModel, Version=1.0.0.0, Culture=neutral, PublicKeyToken=92742159e12e44c8".
             ╨а╨░╨╖╤А╨╡╤И╨╡╨╜╨╜╤Л╨╣ ╨┐╤Г╤В╤М ╨║ ╤Д╨░╨╣╨╗╤Г - "C:\Users\user\.nuget\packages\system.clientmodel\1.0.0\lib\net6.0\System.ClientModel.dll".
             ╨Ю╨▒╨╜╨░╤А╤Г╨╢╨╡╨╜╨░ ╤Б╤Б╤Л╨╗╨║╨░ ╨▓ ╤А╨░╤Б╨┐╨╛╨╗╨╛╨╢╨╡╨╜╨╕╨╕ ╨┐╤Г╤В╨╕ ╨┐╨╛╨╕╤Б╨║╨░ "{HintPathFromItem}".
             ╨Ф╨░╨╜╨╜╨░╤П ╤Б╤Б╤Л╨╗╨║╨░ ╨╜╨╡ ╤П╨▓╨╗╤П╨╡╤В╤Б╤П "CopyLocal" ╤В╨░╨║ ╨║╨░╨║ ╤Е╨╛╤В╤П ╨▒╤Л ╨┤╨╗╤П ╨╛╨┤╨╜╨╛╨│╨╛ ╨╕╤Б╤В╨╛╤З╨╜╨╕╨║╨░ ╨┤╨░╨╜╨╜╤Л╤Е ╨┐╨░╤А╨░╨╝╨╡╤В╤А "Private" ╨╕╨╝╨╡╨╡╤В ╨╖╨╜╨░╤З╨╡╨╜╨╕╨╡ "false", ╨╕ ╨╜╨╡╤В ╨╕╤Б╤В╨╛╤З╨╜╨╕╨║╨╛╨▓ ╨┤╨░╨╜╨╜╤Л╤Е, ╨┤╨╗╤П ╨║╨╛╤В╨╛╤А╤Л╤Е ╨┐╨░╤А╨░╨╝╨╡╤В╤А "Private" ╨╕╨╝╨╡╨╡╤В ╨╖╨╜╨░╤З╨╡╨╜╨╕╨╡ "true".
         ╨Я╨╡╤А╨▓╨╕╤З╨╜╨░╤П ╤Б╤Б╤Л╨╗╨║╨░ "System.IdentityModel.Tokens.Jwt, Version=6.35.0.0, Culture=neutral, PublicKeyToken=31bf3856ad364e35".
             ╨а╨░╨╖╤А╨╡╤И╨╡╨╜╨╜╤Л╨╣ ╨┐╤Г╤В╤М ╨║ ╤Д╨░╨╣╨╗╤Г - "C:\Users\user\.nuget\packages\system.identitymodel.tokens.jwt\6.35.0\lib\net6.0\System.IdentityModel.Tokens.Jwt.dll".
             ╨Ю╨▒╨╜╨░╤А╤Г╨╢╨╡╨╜╨░ ╤Б╤Б╤Л╨╗╨║╨░ ╨▓ ╤А╨░╤Б╨┐╨╛╨╗╨╛╨╢╨╡╨╜╨╕╨╕ ╨┐╤Г╤В╨╕ ╨┐╨╛╨╕╤Б╨║╨░ "{HintPathFromItem}".
             ╨Ф╨░╨╜╨╜╨░╤П ╤Б╤Б╤Л╨╗╨║╨░ ╨╜╨╡ ╤П╨▓╨╗╤П╨╡╤В╤Б╤П "CopyLocal" ╤В╨░╨║ ╨║╨░╨║ ╤Е╨╛╤В╤П ╨▒╤Л ╨┤╨╗╤П ╨╛╨┤╨╜╨╛╨│╨╛ ╨╕╤Б╤В╨╛╤З╨╜╨╕╨║╨░ ╨┤╨░╨╜╨╜╤Л╤Е ╨┐╨░╤А╨░╨╝╨╡╤В╤А "Private" ╨╕╨╝╨╡╨╡╤В ╨╖╨╜╨░╤З╨╡╨╜╨╕╨╡ "false", ╨╕ ╨╜╨╡╤В ╨╕╤Б╤В╨╛╤З╨╜╨╕╨║╨╛╨▓ ╨┤╨░╨╜╨╜╤Л╤Е, ╨┤╨╗╤П ╨║╨╛╤В╨╛╤А╤Л╤Е ╨┐╨░╤А╨░╨╝╨╡╤В╤А "Private" ╨╕╨╝╨╡╨╡╤В ╨╖╨╜╨░╤З╨╡╨╜╨╕╨╡ "true".
         ╨Я╨╡╤А╨▓╨╕╤З╨╜╨░╤П ╤Б╤Б╤Л╨╗╨║╨░ "System.Memory.Data, Version=1.0.2.0, Culture=neutral, PublicKeyToken=cc7b13ffcd2ddd51".
             ╨а╨░╨╖╤А╨╡╤И╨╡╨╜╨╜╤Л╨╣ ╨┐╤Г╤В╤М ╨║ ╤Д╨░╨╣╨╗╤Г - "C:\Users\user\.nuget\packages\system.memory.data\1.0.2\lib\netstandard2.0\System.Memory.Data.dll".
             ╨Ю╨▒╨╜╨░╤А╤Г╨╢╨╡╨╜╨░ ╤Б╤Б╤Л╨╗╨║╨░ ╨▓ ╤А╨░╤Б╨┐╨╛╨╗╨╛╨╢╨╡╨╜╨╕╨╕ ╨┐╤Г╤В╨╕ ╨┐╨╛╨╕╤Б╨║╨░ "{HintPathFromItem}".
             ╨Ф╨░╨╜╨╜╨░╤П ╤Б╤Б╤Л╨╗╨║╨░ ╨╜╨╡ ╤П╨▓╨╗╤П╨╡╤В╤Б╤П "CopyLocal" ╤В╨░╨║ ╨║╨░╨║ ╤Е╨╛╤В╤П ╨▒╤Л ╨┤╨╗╤П ╨╛╨┤╨╜╨╛╨│╨╛ ╨╕╤Б╤В╨╛╤З╨╜╨╕╨║╨░ ╨┤╨░╨╜╨╜╤Л╤Е ╨┐╨░╤А╨░╨╝╨╡╤В╤А "Private" ╨╕╨╝╨╡╨╡╤В ╨╖╨╜╨░╤З╨╡╨╜╨╕╨╡ "false", ╨╕ ╨╜╨╡╤В ╨╕╤Б╤В╨╛╤З╨╜╨╕╨║╨╛╨▓ ╨┤╨░╨╜╨╜╤Л╤Е, ╨┤╨╗╤П ╨║╨╛╤В╨╛╤А╤Л╤Е ╨┐╨░╤А╨░╨╝╨╡╤В╤А "Private" ╨╕╨╝╨╡╨╡╤В ╨╖╨╜╨░╤З╨╡╨╜╨╕╨╡ "true".
         ╨Я╨╡╤А╨▓╨╕╤З╨╜╨░╤П ╤Б╤Б╤Л╨╗╨║╨░ "System.Security.Cryptography.ProtectedData, Version=6.0.0.0, Culture=neutral, PublicKeyToken=b03f5f7f11d50a3a".
             ╨а╨░╨╖╤А╨╡╤И╨╡╨╜╨╜╤Л╨╣ ╨┐╤Г╤В╤М ╨║ ╤Д╨░╨╣╨╗╤Г - "C:\Users\user\.nuget\packages\system.security.cryptography.protecteddata\6.0.0\lib\net6.0\System.Security.Cryptography.ProtectedData.dll".
             ╨Ю╨▒╨╜╨░╤А╤Г╨╢╨╡╨╜╨░ ╤Б╤Б╤Л╨╗╨║╨░ ╨▓ ╤А╨░╤Б╨┐╨╛╨╗╨╛╨╢╨╡╨╜╨╕╨╕ ╨┐╤Г╤В╨╕ ╨┐╨╛╨╕╤Б╨║╨░ "{HintPathFromItem}".
             ╨Ф╨░╨╜╨╜╨░╤П ╤Б╤Б╤Л╨╗╨║╨░ ╨╜╨╡ ╤П╨▓╨╗╤П╨╡╤В╤Б╤П "CopyLocal" ╤В╨░╨║ ╨║╨░╨║ ╤Е╨╛╤В╤П ╨▒╤Л ╨┤╨╗╤П ╨╛╨┤╨╜╨╛╨│╨╛ ╨╕╤Б╤В╨╛╤З╨╜╨╕╨║╨░ ╨┤╨░╨╜╨╜╤Л╤Е ╨┐╨░╤А╨░╨╝╨╡╤В╤А "Private" ╨╕╨╝╨╡╨╡╤В ╨╖╨╜╨░╤З╨╡╨╜╨╕╨╡ "false", ╨╕ ╨╜╨╡╤В ╨╕╤Б╤В╨╛╤З╨╜╨╕╨║╨╛╨▓ ╨┤╨░╨╜╨╜╤Л╤Е, ╨┤╨╗╤П ╨║╨╛╤В╨╛╤А╤Л╤Е ╨┐╨░╤А╨░╨╝╨╡╤В╤А "Private" ╨╕╨╝╨╡╨╡╤В ╨╖╨╜╨░╤З╨╡╨╜╨╕╨╡ "true".
         ╨Я╨╡╤А╨▓╨╕╤З╨╜╨░╤П ╤Б╤Б╤Л╨╗╨║╨░ "System.Text.Json, Version=9.0.0.0, Culture=neutral, PublicKeyToken=cc7b13ffcd2ddd51".
             ╨а╨░╨╖╤А╨╡╤И╨╡╨╜╨╜╤Л╨╣ ╨┐╤Г╤В╤М ╨║ ╤Д╨░╨╣╨╗╤Г - "C:\Users\user\.nuget\packages\system.text.json\9.0.3\lib\net9.0\System.Text.Json.dll".
             ╨Ю╨▒╨╜╨░╤А╤Г╨╢╨╡╨╜╨░ ╤Б╤Б╤Л╨╗╨║╨░ ╨▓ ╤А╨░╤Б╨┐╨╛╨╗╨╛╨╢╨╡╨╜╨╕╨╕ ╨┐╤Г╤В╨╕ ╨┐╨╛╨╕╤Б╨║╨░ "{HintPathFromItem}".
             ╨Ф╨░╨╜╨╜╨░╤П ╤Б╤Б╤Л╨╗╨║╨░ ╨╜╨╡ ╤П╨▓╨╗╤П╨╡╤В╤Б╤П "CopyLocal" ╤В╨░╨║ ╨║╨░╨║ ╤Е╨╛╤В╤П ╨▒╤Л ╨┤╨╗╤П ╨╛╨┤╨╜╨╛╨│╨╛ ╨╕╤Б╤В╨╛╤З╨╜╨╕╨║╨░ ╨┤╨░╨╜╨╜╤Л╤Е ╨┐╨░╤А╨░╨╝╨╡╤В╤А "Private" ╨╕╨╝╨╡╨╡╤В ╨╖╨╜╨░╤З╨╡╨╜╨╕╨╡ "false", ╨╕ ╨╜╨╡╤В ╨╕╤Б╤В╨╛╤З╨╜╨╕╨║╨╛╨▓ ╨┤╨░╨╜╨╜╤Л╤Е, ╨┤╨╗╤П ╨║╨╛╤В╨╛╤А╤Л╤Е ╨┐╨░╤А╨░╨╝╨╡╤В╤А "Private" ╨╕╨╝╨╡╨╡╤В ╨╖╨╜╨░╤З╨╡╨╜╨╕╨╡ "true".
         ╨Я╨╡╤А╨▓╨╕╤З╨╜╨░╤П ╤Б╤Б╤Л╨╗╨║╨░ "Microsoft.CSharp, Version=9.0.0.0, Culture=neutral, PublicKeyToken=b03f5f7f11d50a3a".
             ╨а╨░╨╖╤А╨╡╤И╨╡╨╜╨╜╤Л╨╣ ╨┐╤Г╤В╤М ╨║ ╤Д╨░╨╣╨╗╤Г - "C:\Program Files\dotnet\packs\Microsoft.NETCore.App.Ref\9.0.2\ref\net9.0\Microsoft.CSharp.dll".
             ╨Ю╨▒╨╜╨░╤А╤Г╨╢╨╡╨╜╨░ ╤Б╤Б╤Л╨╗╨║╨░ ╨▓ ╤А╨░╤Б╨┐╨╛╨╗╨╛╨╢╨╡╨╜╨╕╨╕ ╨┐╤Г╤В╨╕ ╨┐╨╛╨╕╤Б╨║╨░ "{RawFileName}".
             ╨Ф╨░╨╜╨╜╨░╤П ╤Б╤Б╤Л╨╗╨║╨░ ╨╜╨╡ ╤П╨▓╨╗╤П╨╡╤В╤Б╤П "CopyLocal" ╤В╨░╨║ ╨║╨░╨║ ╤Е╨╛╤В╤П ╨▒╤Л ╨┤╨╗╤П ╨╛╨┤╨╜╨╛╨│╨╛ ╨╕╤Б╤В╨╛╤З╨╜╨╕╨║╨░ ╨┤╨░╨╜╨╜╤Л╤Е ╨┐╨░╤А╨░╨╝╨╡╤В╤А "Private" ╨╕╨╝╨╡╨╡╤В ╨╖╨╜╨░╤З╨╡╨╜╨╕╨╡ "false", ╨╕ ╨╜╨╡╤В ╨╕╤Б╤В╨╛╤З╨╜╨╕╨║╨╛╨▓ ╨┤╨░╨╜╨╜╤Л╤Е, ╨┤╨╗╤П ╨║╨╛╤В╨╛╤А╤Л╤Е ╨┐╨░╤А╨░╨╝╨╡╤В╤А "Private" ╨╕╨╝╨╡╨╡╤В ╨╖╨╜╨░╤З╨╡╨╜╨╕╨╡ "true".
         ╨Я╨╡╤А╨▓╨╕╤З╨╜╨░╤П ╤Б╤Б╤Л╨╗╨║╨░ "Microsoft.VisualBasic.Core, Version=14.0.0.0, Culture=neutral, PublicKeyToken=b03f5f7f11d50a3a".
             ╨а╨░╨╖╤А╨╡╤И╨╡╨╜╨╜╤Л╨╣ ╨┐╤Г╤В╤М ╨║ ╤Д╨░╨╣╨╗╤Г - "C:\Program Files\dotnet\packs\Microsoft.NETCore.App.Ref\9.0.2\ref\net9.0\Microsoft.VisualBasic.Core.dll".
             ╨Ю╨▒╨╜╨░╤А╤Г╨╢╨╡╨╜╨░ ╤Б╤Б╤Л╨╗╨║╨░ ╨▓ ╤А╨░╤Б╨┐╨╛╨╗╨╛╨╢╨╡╨╜╨╕╨╕ ╨┐╤Г╤В╨╕ ╨┐╨╛╨╕╤Б╨║╨░ "{RawFileName}".
             ╨Ф╨░╨╜╨╜╨░╤П ╤Б╤Б╤Л╨╗╨║╨░ ╨╜╨╡ ╤П╨▓╨╗╤П╨╡╤В╤Б╤П "CopyLocal" ╤В╨░╨║ ╨║╨░╨║ ╤Е╨╛╤В╤П ╨▒╤Л ╨┤╨╗╤П ╨╛╨┤╨╜╨╛╨│╨╛ ╨╕╤Б╤В╨╛╤З╨╜╨╕╨║╨░ ╨┤╨░╨╜╨╜╤Л╤Е ╨┐╨░╤А╨░╨╝╨╡╤В╤А "Private" ╨╕╨╝╨╡╨╡╤В ╨╖╨╜╨░╤З╨╡╨╜╨╕╨╡ "false", ╨╕ ╨╜╨╡╤В ╨╕╤Б╤В╨╛╤З╨╜╨╕╨║╨╛╨▓ ╨┤╨░╨╜╨╜╤Л╤Е, ╨┤╨╗╤П ╨║╨╛╤В╨╛╤А╤Л╤Е ╨┐╨░╤А╨░╨╝╨╡╤В╤А "Private" ╨╕╨╝╨╡╨╡╤В ╨╖╨╜╨░╤З╨╡╨╜╨╕╨╡ "true".
         ╨Я╨╡╤А╨▓╨╕╤З╨╜╨░╤П ╤Б╤Б╤Л╨╗╨║╨░ "Microsoft.VisualBasic, Version=10.0.0.0, Culture=neutral, PublicKeyToken=b03f5f7f11d50a3a".
             ╨а╨░╨╖╤А╨╡╤И╨╡╨╜╨╜╤Л╨╣ ╨┐╤Г╤В╤М ╨║ ╤Д╨░╨╣╨╗╤Г - "C:\Program Files\dotnet\packs\Microsoft.NETCore.App.Ref\9.0.2\ref\net9.0\Microsoft.VisualBasic.dll".
             ╨Ю╨▒╨╜╨░╤А╤Г╨╢╨╡╨╜╨░ ╤Б╤Б╤Л╨╗╨║╨░ ╨▓ ╤А╨░╤Б╨┐╨╛╨╗╨╛╨╢╨╡╨╜╨╕╨╕ ╨┐╤Г╤В╨╕ ╨┐╨╛╨╕╤Б╨║╨░ "{RawFileName}".
             ╨Ф╨░╨╜╨╜╨░╤П ╤Б╤Б╤Л╨╗╨║╨░ ╨╜╨╡ ╤П╨▓╨╗╤П╨╡╤В╤Б╤П "CopyLocal" ╤В╨░╨║ ╨║╨░╨║ ╤Е╨╛╤В╤П ╨▒╤Л ╨┤╨╗╤П ╨╛╨┤╨╜╨╛╨│╨╛ ╨╕╤Б╤В╨╛╤З╨╜╨╕╨║╨░ ╨┤╨░╨╜╨╜╤Л╤Е ╨┐╨░╤А╨░╨╝╨╡╤В╤А "Private" ╨╕╨╝╨╡╨╡╤В ╨╖╨╜╨░╤З╨╡╨╜╨╕╨╡ "false", ╨╕ ╨╜╨╡╤В ╨╕╤Б╤В╨╛╤З╨╜╨╕╨║╨╛╨▓ ╨┤╨░╨╜╨╜╤Л╤Е, ╨┤╨╗╤П ╨║╨╛╤В╨╛╤А╤Л╤Е ╨┐╨░╤А╨░╨╝╨╡╤В╤А "Private" ╨╕╨╝╨╡╨╡╤В ╨╖╨╜╨░╤З╨╡╨╜╨╕╨╡ "true".
         ╨Я╨╡╤А╨▓╨╕╤З╨╜╨░╤П ╤Б╤Б╤Л╨╗╨║╨░ "Microsoft.Win32.Primitives, Version=9.0.0.0, Culture=neutral, PublicKeyToken=b03f5f7f11d50a3a".
             ╨а╨░╨╖╤А╨╡╤И╨╡╨╜╨╜╤Л╨╣ ╨┐╤Г╤В╤М ╨║ ╤Д╨░╨╣╨╗╤Г - "C:\Program Files\dotnet\packs\Microsoft.NETCore.App.Ref\9.0.2\ref\net9.0\Microsoft.Win32.Primitives.dll".
             ╨Ю╨▒╨╜╨░╤А╤Г╨╢╨╡╨╜╨░ ╤Б╤Б╤Л╨╗╨║╨░ ╨▓ ╤А╨░╤Б╨┐╨╛╨╗╨╛╨╢╨╡╨╜╨╕╨╕ ╨┐╤Г╤В╨╕ ╨┐╨╛╨╕╤Б╨║╨░ "{RawFileName}".
             ╨Ф╨░╨╜╨╜╨░╤П ╤Б╤Б╤Л╨╗╨║╨░ ╨╜╨╡ ╤П╨▓╨╗╤П╨╡╤В╤Б╤П "CopyLocal" ╤В╨░╨║ ╨║╨░╨║ ╤Е╨╛╤В╤П ╨▒╤Л ╨┤╨╗╤П ╨╛╨┤╨╜╨╛╨│╨╛ ╨╕╤Б╤В╨╛╤З╨╜╨╕╨║╨░ ╨┤╨░╨╜╨╜╤Л╤Е ╨┐╨░╤А╨░╨╝╨╡╤В╤А "Private" ╨╕╨╝╨╡╨╡╤В ╨╖╨╜╨░╤З╨╡╨╜╨╕╨╡ "false", ╨╕ ╨╜╨╡╤В ╨╕╤Б╤В╨╛╤З╨╜╨╕╨║╨╛╨▓ ╨┤╨░╨╜╨╜╤Л╤Е, ╨┤╨╗╤П ╨║╨╛╤В╨╛╤А╤Л╤Е ╨┐╨░╤А╨░╨╝╨╡╤В╤А "Private" ╨╕╨╝╨╡╨╡╤В ╨╖╨╜╨░╤З╨╡╨╜╨╕╨╡ "true".
         ╨Я╨╡╤А╨▓╨╕╤З╨╜╨░╤П ╤Б╤Б╤Л╨╗╨║╨░ "Microsoft.Win32.Registry, Version=9.0.0.0, Culture=neutral, PublicKeyToken=b03f5f7f11d50a3a".
             ╨а╨░╨╖╤А╨╡╤И╨╡╨╜╨╜╤Л╨╣ ╨┐╤Г╤В╤М ╨║ ╤Д╨░╨╣╨╗╤Г - "C:\Program Files\dotnet\packs\Microsoft.NETCore.App.Ref\9.0.2\ref\net9.0\Microsoft.Win32.Registry.dll".
             ╨Ю╨▒╨╜╨░╤А╤Г╨╢╨╡╨╜╨░ ╤Б╤Б╤Л╨╗╨║╨░ ╨▓ ╤А╨░╤Б╨┐╨╛╨╗╨╛╨╢╨╡╨╜╨╕╨╕ ╨┐╤Г╤В╨╕ ╨┐╨╛╨╕╤Б╨║╨░ "{RawFileName}".
             ╨Ф╨░╨╜╨╜╨░╤П ╤Б╤Б╤Л╨╗╨║╨░ ╨╜╨╡ ╤П╨▓╨╗╤П╨╡╤В╤Б╤П "CopyLocal" ╤В╨░╨║ ╨║╨░╨║ ╤Е╨╛╤В╤П ╨▒╤Л ╨┤╨╗╤П ╨╛╨┤╨╜╨╛╨│╨╛ ╨╕╤Б╤В╨╛╤З╨╜╨╕╨║╨░ ╨┤╨░╨╜╨╜╤Л╤Е ╨┐╨░╤А╨░╨╝╨╡╤В╤А "Private" ╨╕╨╝╨╡╨╡╤В ╨╖╨╜╨░╤З╨╡╨╜╨╕╨╡ "false", ╨╕ ╨╜╨╡╤В ╨╕╤Б╤В╨╛╤З╨╜╨╕╨║╨╛╨▓ ╨┤╨░╨╜╨╜╤Л╤Е, ╨┤╨╗╤П ╨║╨╛╤В╨╛╤А╤Л╤Е ╨┐╨░╤А╨░╨╝╨╡╤В╤А "Private" ╨╕╨╝╨╡╨╡╤В ╨╖╨╜╨░╤З╨╡╨╜╨╕╨╡ "true".
         ╨Я╨╡╤А╨▓╨╕╤З╨╜╨░╤П ╤Б╤Б╤Л╨╗╨║╨░ "System.AppContext, Version=9.0.0.0, Culture=neutral, PublicKeyToken=b03f5f7f11d50a3a".
             ╨а╨░╨╖╤А╨╡╤И╨╡╨╜╨╜╤Л╨╣ ╨┐╤Г╤В╤М ╨║ ╤Д╨░╨╣╨╗╤Г - "C:\Program Files\dotnet\packs\Microsoft.NETCore.App.Ref\9.0.2\ref\net9.0\System.AppContext.dll".
             ╨Ю╨▒╨╜╨░╤А╤Г╨╢╨╡╨╜╨░ ╤Б╤Б╤Л╨╗╨║╨░ ╨▓ ╤А╨░╤Б╨┐╨╛╨╗╨╛╨╢╨╡╨╜╨╕╨╕ ╨┐╤Г╤В╨╕ ╨┐╨╛╨╕╤Б╨║╨░ "{RawFileName}".
             ╨Ф╨░╨╜╨╜╨░╤П ╤Б╤Б╤Л╨╗╨║╨░ ╨╜╨╡ ╤П╨▓╨╗╤П╨╡╤В╤Б╤П "CopyLocal" ╤В╨░╨║ ╨║╨░╨║ ╤Е╨╛╤В╤П ╨▒╤Л ╨┤╨╗╤П ╨╛╨┤╨╜╨╛╨│╨╛ ╨╕╤Б╤В╨╛╤З╨╜╨╕╨║╨░ ╨┤╨░╨╜╨╜╤Л╤Е ╨┐╨░╤А╨░╨╝╨╡╤В╤А "Private" ╨╕╨╝╨╡╨╡╤В ╨╖╨╜╨░╤З╨╡╨╜╨╕╨╡ "false", ╨╕ ╨╜╨╡╤В ╨╕╤Б╤В╨╛╤З╨╜╨╕╨║╨╛╨▓ ╨┤╨░╨╜╨╜╤Л╤Е, ╨┤╨╗╤П ╨║╨╛╤В╨╛╤А╤Л╤Е ╨┐╨░╤А╨░╨╝╨╡╤В╤А "Private" ╨╕╨╝╨╡╨╡╤В ╨╖╨╜╨░╤З╨╡╨╜╨╕╨╡ "true".
         ╨Я╨╡╤А╨▓╨╕╤З╨╜╨░╤П ╤Б╤Б╤Л╨╗╨║╨░ "System.Buffers, Version=9.0.0.0, Culture=neutral, PublicKeyToken=cc7b13ffcd2ddd51".
             ╨а╨░╨╖╤А╨╡╤И╨╡╨╜╨╜╤Л╨╣ ╨┐╤Г╤В╤М ╨║ ╤Д╨░╨╣╨╗╤Г - "C:\Program Files\dotnet\packs\Microsoft.NETCore.App.Ref\9.0.2\ref\net9.0\System.Buffers.dll".
             ╨Ю╨▒╨╜╨░╤А╤Г╨╢╨╡╨╜╨░ ╤Б╤Б╤Л╨╗╨║╨░ ╨▓ ╤А╨░╤Б╨┐╨╛╨╗╨╛╨╢╨╡╨╜╨╕╨╕ ╨┐╤Г╤В╨╕ ╨┐╨╛╨╕╤Б╨║╨░ "{RawFileName}".
             ╨Ф╨░╨╜╨╜╨░╤П ╤Б╤Б╤Л╨╗╨║╨░ ╨╜╨╡ ╤П╨▓╨╗╤П╨╡╤В╤Б╤П "CopyLocal" ╤В╨░╨║ ╨║╨░╨║ ╤Е╨╛╤В╤П ╨▒╤Л ╨┤╨╗╤П ╨╛╨┤╨╜╨╛╨│╨╛ ╨╕╤Б╤В╨╛╤З╨╜╨╕╨║╨░ ╨┤╨░╨╜╨╜╤Л╤Е ╨┐╨░╤А╨░╨╝╨╡╤В╤А "Private" ╨╕╨╝╨╡╨╡╤В ╨╖╨╜╨░╤З╨╡╨╜╨╕╨╡ "false", ╨╕ ╨╜╨╡╤В ╨╕╤Б╤В╨╛╤З╨╜╨╕╨║╨╛╨▓ ╨┤╨░╨╜╨╜╤Л╤Е, ╨┤╨╗╤П ╨║╨╛╤В╨╛╤А╤Л╤Е ╨┐╨░╤А╨░╨╝╨╡╤В╤А "Private" ╨╕╨╝╨╡╨╡╤В ╨╖╨╜╨░╤З╨╡╨╜╨╕╨╡ "true".
         ╨Я╨╡╤А╨▓╨╕╤З╨╜╨░╤П ╤Б╤Б╤Л╨╗╨║╨░ "System.Collections.Concurrent, Version=9.0.0.0, Culture=neutral, PublicKeyToken=b03f5f7f11d50a3a".
             ╨а╨░╨╖╤А╨╡╤И╨╡╨╜╨╜╤Л╨╣ ╨┐╤Г╤В╤М ╨║ ╤Д╨░╨╣╨╗╤Г - "C:\Program Files\dotnet\packs\Microsoft.NETCore.App.Ref\9.0.2\ref\net9.0\System.Collections.Concurrent.dll".
             ╨Ю╨▒╨╜╨░╤А╤Г╨╢╨╡╨╜╨░ ╤Б╤Б╤Л╨╗╨║╨░ ╨▓ ╤А╨░╤Б╨┐╨╛╨╗╨╛╨╢╨╡╨╜╨╕╨╕ ╨┐╤Г╤В╨╕ ╨┐╨╛╨╕╤Б╨║╨░ "{RawFileName}".
             ╨Ф╨░╨╜╨╜╨░╤П ╤Б╤Б╤Л╨╗╨║╨░ ╨╜╨╡ ╤П╨▓╨╗╤П╨╡╤В╤Б╤П "CopyLocal" ╤В╨░╨║ ╨║╨░╨║ ╤Е╨╛╤В╤П ╨▒╤Л ╨┤╨╗╤П ╨╛╨┤╨╜╨╛╨│╨╛ ╨╕╤Б╤В╨╛╤З╨╜╨╕╨║╨░ ╨┤╨░╨╜╨╜╤Л╤Е ╨┐╨░╤А╨░╨╝╨╡╤В╤А "Private" ╨╕╨╝╨╡╨╡╤В ╨╖╨╜╨░╤З╨╡╨╜╨╕╨╡ "false", ╨╕ ╨╜╨╡╤В ╨╕╤Б╤В╨╛╤З╨╜╨╕╨║╨╛╨▓ ╨┤╨░╨╜╨╜╤Л╤Е, ╨┤╨╗╤П ╨║╨╛╤В╨╛╤А╤Л╤Е ╨┐╨░╤А╨░╨╝╨╡╤В╤А "Private" ╨╕╨╝╨╡╨╡╤В ╨╖╨╜╨░╤З╨╡╨╜╨╕╨╡ "true".
         ╨Я╨╡╤А╨▓╨╕╤З╨╜╨░╤П ╤Б╤Б╤Л╨╗╨║╨░ "System.Collections.Immutable, Version=9.0.0.0, Culture=neutral, PublicKeyToken=b03f5f7f11d50a3a".
             ╨а╨░╨╖╤А╨╡╤И╨╡╨╜╨╜╤Л╨╣ ╨┐╤Г╤В╤М ╨║ ╤Д╨░╨╣╨╗╤Г - "C:\Program Files\dotnet\packs\Microsoft.NETCore.App.Ref\9.0.2\ref\net9.0\System.Collections.Immutable.dll".
             ╨Ю╨▒╨╜╨░╤А╤Г╨╢╨╡╨╜╨░ ╤Б╤Б╤Л╨╗╨║╨░ ╨▓ ╤А╨░╤Б╨┐╨╛╨╗╨╛╨╢╨╡╨╜╨╕╨╕ ╨┐╤Г╤В╨╕ ╨┐╨╛╨╕╤Б╨║╨░ "{RawFileName}".
             ╨Ф╨░╨╜╨╜╨░╤П ╤Б╤Б╤Л╨╗╨║╨░ ╨╜╨╡ ╤П╨▓╨╗╤П╨╡╤В╤Б╤П "CopyLocal" ╤В╨░╨║ ╨║╨░╨║ ╤Е╨╛╤В╤П ╨▒╤Л ╨┤╨╗╤П ╨╛╨┤╨╜╨╛╨│╨╛ ╨╕╤Б╤В╨╛╤З╨╜╨╕╨║╨░ ╨┤╨░╨╜╨╜╤Л╤Е ╨┐╨░╤А╨░╨╝╨╡╤В╤А "Private" ╨╕╨╝╨╡╨╡╤В ╨╖╨╜╨░╤З╨╡╨╜╨╕╨╡ "false", ╨╕ ╨╜╨╡╤В ╨╕╤Б╤В╨╛╤З╨╜╨╕╨║╨╛╨▓ ╨┤╨░╨╜╨╜╤Л╤Е, ╨┤╨╗╤П ╨║╨╛╤В╨╛╤А╤Л╤Е ╨┐╨░╤А╨░╨╝╨╡╤В╤А "Private" ╨╕╨╝╨╡╨╡╤В ╨╖╨╜╨░╤З╨╡╨╜╨╕╨╡ "true".
         ╨Я╨╡╤А╨▓╨╕╤З╨╜╨░╤П ╤Б╤Б╤Л╨╗╨║╨░ "System.Collections.NonGeneric, Version=9.0.0.0, Culture=neutral, PublicKeyToken=b03f5f7f11d50a3a".
             ╨а╨░╨╖╤А╨╡╤И╨╡╨╜╨╜╤Л╨╣ ╨┐╤Г╤В╤М ╨║ ╤Д╨░╨╣╨╗╤Г - "C:\Program Files\dotnet\packs\Microsoft.NETCore.App.Ref\9.0.2\ref\net9.0\System.Collections.NonGeneric.dll".
             ╨Ю╨▒╨╜╨░╤А╤Г╨╢╨╡╨╜╨░ ╤Б╤Б╤Л╨╗╨║╨░ ╨▓ ╤А╨░╤Б╨┐╨╛╨╗╨╛╨╢╨╡╨╜╨╕╨╕ ╨┐╤Г╤В╨╕ ╨┐╨╛╨╕╤Б╨║╨░ "{RawFileName}".
             ╨Ф╨░╨╜╨╜╨░╤П ╤Б╤Б╤Л╨╗╨║╨░ ╨╜╨╡ ╤П╨▓╨╗╤П╨╡╤В╤Б╤П "CopyLocal" ╤В╨░╨║ ╨║╨░╨║ ╤Е╨╛╤В╤П ╨▒╤Л ╨┤╨╗╤П ╨╛╨┤╨╜╨╛╨│╨╛ ╨╕╤Б╤В╨╛╤З╨╜╨╕╨║╨░ ╨┤╨░╨╜╨╜╤Л╤Е ╨┐╨░╤А╨░╨╝╨╡╤В╤А "Private" ╨╕╨╝╨╡╨╡╤В ╨╖╨╜╨░╤З╨╡╨╜╨╕╨╡ "false", ╨╕ ╨╜╨╡╤В ╨╕╤Б╤В╨╛╤З╨╜╨╕╨║╨╛╨▓ ╨┤╨░╨╜╨╜╤Л╤Е, ╨┤╨╗╤П ╨║╨╛╤В╨╛╤А╤Л╤Е ╨┐╨░╤А╨░╨╝╨╡╤В╤А "Private" ╨╕╨╝╨╡╨╡╤В ╨╖╨╜╨░╤З╨╡╨╜╨╕╨╡ "true".
         ╨Я╨╡╤А╨▓╨╕╤З╨╜╨░╤П ╤Б╤Б╤Л╨╗╨║╨░ "System.Collections.Specialized, Version=9.0.0.0, Culture=neutral, PublicKeyToken=b03f5f7f11d50a3a".
             ╨а╨░╨╖╤А╨╡╤И╨╡╨╜╨╜╤Л╨╣ ╨┐╤Г╤В╤М ╨║ ╤Д╨░╨╣╨╗╤Г - "C:\Program Files\dotnet\packs\Microsoft.NETCore.App.Ref\9.0.2\ref\net9.0\System.Collections.Specialized.dll".
             ╨Ю╨▒╨╜╨░╤А╤Г╨╢╨╡╨╜╨░ ╤Б╤Б╤Л╨╗╨║╨░ ╨▓ ╤А╨░╤Б╨┐╨╛╨╗╨╛╨╢╨╡╨╜╨╕╨╕ ╨┐╤Г╤В╨╕ ╨┐╨╛╨╕╤Б╨║╨░ "{RawFileName}".
             ╨Ф╨░╨╜╨╜╨░╤П ╤Б╤Б╤Л╨╗╨║╨░ ╨╜╨╡ ╤П╨▓╨╗╤П╨╡╤В╤Б╤П "CopyLocal" ╤В╨░╨║ ╨║╨░╨║ ╤Е╨╛╤В╤П ╨▒╤Л ╨┤╨╗╤П ╨╛╨┤╨╜╨╛╨│╨╛ ╨╕╤Б╤В╨╛╤З╨╜╨╕╨║╨░ ╨┤╨░╨╜╨╜╤Л╤Е ╨┐╨░╤А╨░╨╝╨╡╤В╤А "Private" ╨╕╨╝╨╡╨╡╤В ╨╖╨╜╨░╤З╨╡╨╜╨╕╨╡ "false", ╨╕ ╨╜╨╡╤В ╨╕╤Б╤В╨╛╤З╨╜╨╕╨║╨╛╨▓ ╨┤╨░╨╜╨╜╤Л╤Е, ╨┤╨╗╤П ╨║╨╛╤В╨╛╤А╤Л╤Е ╨┐╨░╤А╨░╨╝╨╡╤В╤А "Private" ╨╕╨╝╨╡╨╡╤В ╨╖╨╜╨░╤З╨╡╨╜╨╕╨╡ "true".
         ╨Я╨╡╤А╨▓╨╕╤З╨╜╨░╤П ╤Б╤Б╤Л╨╗╨║╨░ "System.Collections, Version=9.0.0.0, Culture=neutral, PublicKeyToken=b03f5f7f11d50a3a".
             ╨а╨░╨╖╤А╨╡╤И╨╡╨╜╨╜╤Л╨╣ ╨┐╤Г╤В╤М ╨║ ╤Д╨░╨╣╨╗╤Г - "C:\Program Files\dotnet\packs\Microsoft.NETCore.App.Ref\9.0.2\ref\net9.0\System.Collections.dll".
             ╨Ю╨▒╨╜╨░╤А╤Г╨╢╨╡╨╜╨░ ╤Б╤Б╤Л╨╗╨║╨░ ╨▓ ╤А╨░╤Б╨┐╨╛╨╗╨╛╨╢╨╡╨╜╨╕╨╕ ╨┐╤Г╤В╨╕ ╨┐╨╛╨╕╤Б╨║╨░ "{RawFileName}".
             ╨Ф╨░╨╜╨╜╨░╤П ╤Б╤Б╤Л╨╗╨║╨░ ╨╜╨╡ ╤П╨▓╨╗╤П╨╡╤В╤Б╤П "CopyLocal" ╤В╨░╨║ ╨║╨░╨║ ╤Е╨╛╤В╤П ╨▒╤Л ╨┤╨╗╤П ╨╛╨┤╨╜╨╛╨│╨╛ ╨╕╤Б╤В╨╛╤З╨╜╨╕╨║╨░ ╨┤╨░╨╜╨╜╤Л╤Е ╨┐╨░╤А╨░╨╝╨╡╤В╤А "Private" ╨╕╨╝╨╡╨╡╤В ╨╖╨╜╨░╤З╨╡╨╜╨╕╨╡ "false", ╨╕ ╨╜╨╡╤В ╨╕╤Б╤В╨╛╤З╨╜╨╕╨║╨╛╨▓ ╨┤╨░╨╜╨╜╤Л╤Е, ╨┤╨╗╤П ╨║╨╛╤В╨╛╤А╤Л╤Е ╨┐╨░╤А╨░╨╝╨╡╤В╤А "Private" ╨╕╨╝╨╡╨╡╤В ╨╖╨╜╨░╤З╨╡╨╜╨╕╨╡ "true".
         ╨Я╨╡╤А╨▓╨╕╤З╨╜╨░╤П ╤Б╤Б╤Л╨╗╨║╨░ "System.ComponentModel.Annotations, Version=9.0.0.0, Culture=neutral, PublicKeyToken=b03f5f7f11d50a3a".
             ╨а╨░╨╖╤А╨╡╤И╨╡╨╜╨╜╤Л╨╣ ╨┐╤Г╤В╤М ╨║ ╤Д╨░╨╣╨╗╤Г - "C:\Program Files\dotnet\packs\Microsoft.NETCore.App.Ref\9.0.2\ref\net9.0\System.ComponentModel.Annotations.dll".
             ╨Ю╨▒╨╜╨░╤А╤Г╨╢╨╡╨╜╨░ ╤Б╤Б╤Л╨╗╨║╨░ ╨▓ ╤А╨░╤Б╨┐╨╛╨╗╨╛╨╢╨╡╨╜╨╕╨╕ ╨┐╤Г╤В╨╕ ╨┐╨╛╨╕╤Б╨║╨░ "{RawFileName}".
             ╨Ф╨░╨╜╨╜╨░╤П ╤Б╤Б╤Л╨╗╨║╨░ ╨╜╨╡ ╤П╨▓╨╗╤П╨╡╤В╤Б╤П "CopyLocal" ╤В╨░╨║ ╨║╨░╨║ ╤Е╨╛╤В╤П ╨▒╤Л ╨┤╨╗╤П ╨╛╨┤╨╜╨╛╨│╨╛ ╨╕╤Б╤В╨╛╤З╨╜╨╕╨║╨░ ╨┤╨░╨╜╨╜╤Л╤Е ╨┐╨░╤А╨░╨╝╨╡╤В╤А "Private" ╨╕╨╝╨╡╨╡╤В ╨╖╨╜╨░╤З╨╡╨╜╨╕╨╡ "false", ╨╕ ╨╜╨╡╤В ╨╕╤Б╤В╨╛╤З╨╜╨╕╨║╨╛╨▓ ╨┤╨░╨╜╨╜╤Л╤Е, ╨┤╨╗╤П ╨║╨╛╤В╨╛╤А╤Л╤Е ╨┐╨░╤А╨░╨╝╨╡╤В╤А "Private" ╨╕╨╝╨╡╨╡╤В ╨╖╨╜╨░╤З╨╡╨╜╨╕╨╡ "true".
         ╨Я╨╡╤А╨▓╨╕╤З╨╜╨░╤П ╤Б╤Б╤Л╨╗╨║╨░ "System.ComponentModel.DataAnnotations, Version=4.0.0.0, Culture=neutral, PublicKeyToken=31bf3856ad364e35".
             ╨а╨░╨╖╤А╨╡╤И╨╡╨╜╨╜╤Л╨╣ ╨┐╤Г╤В╤М ╨║ ╤Д╨░╨╣╨╗╤Г - "C:\Program Files\dotnet\packs\Microsoft.NETCore.App.Ref\9.0.2\ref\net9.0\System.ComponentModel.DataAnnotations.dll".
             ╨Ю╨▒╨╜╨░╤А╤Г╨╢╨╡╨╜╨░ ╤Б╤Б╤Л╨╗╨║╨░ ╨▓ ╤А╨░╤Б╨┐╨╛╨╗╨╛╨╢╨╡╨╜╨╕╨╕ ╨┐╤Г╤В╨╕ ╨┐╨╛╨╕╤Б╨║╨░ "{RawFileName}".
             ╨Ф╨░╨╜╨╜╨░╤П ╤Б╤Б╤Л╨╗╨║╨░ ╨╜╨╡ ╤П╨▓╨╗╤П╨╡╤В╤Б╤П "CopyLocal" ╤В╨░╨║ ╨║╨░╨║ ╤Е╨╛╤В╤П ╨▒╤Л ╨┤╨╗╤П ╨╛╨┤╨╜╨╛╨│╨╛ ╨╕╤Б╤В╨╛╤З╨╜╨╕╨║╨░ ╨┤╨░╨╜╨╜╤Л╤Е ╨┐╨░╤А╨░╨╝╨╡╤В╤А "Private" ╨╕╨╝╨╡╨╡╤В ╨╖╨╜╨░╤З╨╡╨╜╨╕╨╡ "false", ╨╕ ╨╜╨╡╤В ╨╕╤Б╤В╨╛╤З╨╜╨╕╨║╨╛╨▓ ╨┤╨░╨╜╨╜╤Л╤Е, ╨┤╨╗╤П ╨║╨╛╤В╨╛╤А╤Л╤Е ╨┐╨░╤А╨░╨╝╨╡╤В╤А "Private" ╨╕╨╝╨╡╨╡╤В ╨╖╨╜╨░╤З╨╡╨╜╨╕╨╡ "true".
         ╨Я╨╡╤А╨▓╨╕╤З╨╜╨░╤П ╤Б╤Б╤Л╨╗╨║╨░ "System.ComponentModel.EventBasedAsync, Version=9.0.0.0, Culture=neutral, PublicKeyToken=b03f5f7f11d50a3a".
             ╨а╨░╨╖╤А╨╡╤И╨╡╨╜╨╜╤Л╨╣ ╨┐╤Г╤В╤М ╨║ ╤Д╨░╨╣╨╗╤Г - "C:\Program Files\dotnet\packs\Microsoft.NETCore.App.Ref\9.0.2\ref\net9.0\System.ComponentModel.EventBasedAsync.dll".
             ╨Ю╨▒╨╜╨░╤А╤Г╨╢╨╡╨╜╨░ ╤Б╤Б╤Л╨╗╨║╨░ ╨▓ ╤А╨░╤Б╨┐╨╛╨╗╨╛╨╢╨╡╨╜╨╕╨╕ ╨┐╤Г╤В╨╕ ╨┐╨╛╨╕╤Б╨║╨░ "{RawFileName}".
             ╨Ф╨░╨╜╨╜╨░╤П ╤Б╤Б╤Л╨╗╨║╨░ ╨╜╨╡ ╤П╨▓╨╗╤П╨╡╤В╤Б╤П "CopyLocal" ╤В╨░╨║ ╨║╨░╨║ ╤Е╨╛╤В╤П ╨▒╤Л ╨┤╨╗╤П ╨╛╨┤╨╜╨╛╨│╨╛ ╨╕╤Б╤В╨╛╤З╨╜╨╕╨║╨░ ╨┤╨░╨╜╨╜╤Л╤Е ╨┐╨░╤А╨░╨╝╨╡╤В╤А "Private" ╨╕╨╝╨╡╨╡╤В ╨╖╨╜╨░╤З╨╡╨╜╨╕╨╡ "false", ╨╕ ╨╜╨╡╤В ╨╕╤Б╤В╨╛╤З╨╜╨╕╨║╨╛╨▓ ╨┤╨░╨╜╨╜╤Л╤Е, ╨┤╨╗╤П ╨║╨╛╤В╨╛╤А╤Л╤Е ╨┐╨░╤А╨░╨╝╨╡╤В╤А "Private" ╨╕╨╝╨╡╨╡╤В ╨╖╨╜╨░╤З╨╡╨╜╨╕╨╡ "true".
         ╨Я╨╡╤А╨▓╨╕╤З╨╜╨░╤П ╤Б╤Б╤Л╨╗╨║╨░ "System.ComponentModel.Primitives, Version=9.0.0.0, Culture=neutral, PublicKeyToken=b03f5f7f11d50a3a".
             ╨а╨░╨╖╤А╨╡╤И╨╡╨╜╨╜╤Л╨╣ ╨┐╤Г╤В╤М ╨║ ╤Д╨░╨╣╨╗╤Г - "C:\Program Files\dotnet\packs\Microsoft.NETCore.App.Ref\9.0.2\ref\net9.0\System.ComponentModel.Primitives.dll".
             ╨Ю╨▒╨╜╨░╤А╤Г╨╢╨╡╨╜╨░ ╤Б╤Б╤Л╨╗╨║╨░ ╨▓ ╤А╨░╤Б╨┐╨╛╨╗╨╛╨╢╨╡╨╜╨╕╨╕ ╨┐╤Г╤В╨╕ ╨┐╨╛╨╕╤Б╨║╨░ "{RawFileName}".
             ╨Ф╨░╨╜╨╜╨░╤П ╤Б╤Б╤Л╨╗╨║╨░ ╨╜╨╡ ╤П╨▓╨╗╤П╨╡╤В╤Б╤П "CopyLocal" ╤В╨░╨║ ╨║╨░╨║ ╤Е╨╛╤В╤П ╨▒╤Л ╨┤╨╗╤П ╨╛╨┤╨╜╨╛╨│╨╛ ╨╕╤Б╤В╨╛╤З╨╜╨╕╨║╨░ ╨┤╨░╨╜╨╜╤Л╤Е ╨┐╨░╤А╨░╨╝╨╡╤В╤А "Private" ╨╕╨╝╨╡╨╡╤В ╨╖╨╜╨░╤З╨╡╨╜╨╕╨╡ "false", ╨╕ ╨╜╨╡╤В ╨╕╤Б╤В╨╛╤З╨╜╨╕╨║╨╛╨▓ ╨┤╨░╨╜╨╜╤Л╤Е, ╨┤╨╗╤П ╨║╨╛╤В╨╛╤А╤Л╤Е ╨┐╨░╤А╨░╨╝╨╡╤В╤А "Private" ╨╕╨╝╨╡╨╡╤В ╨╖╨╜╨░╤З╨╡╨╜╨╕╨╡ "true".
         ╨Я╨╡╤А╨▓╨╕╤З╨╜╨░╤П ╤Б╤Б╤Л╨╗╨║╨░ "System.ComponentModel.TypeConverter, Version=9.0.0.0, Culture=neutral, PublicKeyToken=b03f5f7f11d50a3a".
             ╨а╨░╨╖╤А╨╡╤И╨╡╨╜╨╜╤Л╨╣ ╨┐╤Г╤В╤М ╨║ ╤Д╨░╨╣╨╗╤Г - "C:\Program Files\dotnet\packs\Microsoft.NETCore.App.Ref\9.0.2\ref\net9.0\System.ComponentModel.TypeConverter.dll".
             ╨Ю╨▒╨╜╨░╤А╤Г╨╢╨╡╨╜╨░ ╤Б╤Б╤Л╨╗╨║╨░ ╨▓ ╤А╨░╤Б╨┐╨╛╨╗╨╛╨╢╨╡╨╜╨╕╨╕ ╨┐╤Г╤В╨╕ ╨┐╨╛╨╕╤Б╨║╨░ "{RawFileName}".
             ╨Ф╨░╨╜╨╜╨░╤П ╤Б╤Б╤Л╨╗╨║╨░ ╨╜╨╡ ╤П╨▓╨╗╤П╨╡╤В╤Б╤П "CopyLocal" ╤В╨░╨║ ╨║╨░╨║ ╤Е╨╛╤В╤П ╨▒╤Л ╨┤╨╗╤П ╨╛╨┤╨╜╨╛╨│╨╛ ╨╕╤Б╤В╨╛╤З╨╜╨╕╨║╨░ ╨┤╨░╨╜╨╜╤Л╤Е ╨┐╨░╤А╨░╨╝╨╡╤В╤А "Private" ╨╕╨╝╨╡╨╡╤В ╨╖╨╜╨░╤З╨╡╨╜╨╕╨╡ "false", ╨╕ ╨╜╨╡╤В ╨╕╤Б╤В╨╛╤З╨╜╨╕╨║╨╛╨▓ ╨┤╨░╨╜╨╜╤Л╤Е, ╨┤╨╗╤П ╨║╨╛╤В╨╛╤А╤Л╤Е ╨┐╨░╤А╨░╨╝╨╡╤В╤А "Private" ╨╕╨╝╨╡╨╡╤В ╨╖╨╜╨░╤З╨╡╨╜╨╕╨╡ "true".
         ╨Я╨╡╤А╨▓╨╕╤З╨╜╨░╤П ╤Б╤Б╤Л╨╗╨║╨░ "System.ComponentModel, Version=9.0.0.0, Culture=neutral, PublicKeyToken=b03f5f7f11d50a3a".
             ╨а╨░╨╖╤А╨╡╤И╨╡╨╜╨╜╤Л╨╣ ╨┐╤Г╤В╤М ╨║ ╤Д╨░╨╣╨╗╤Г - "C:\Program Files\dotnet\packs\Microsoft.NETCore.App.Ref\9.0.2\ref\net9.0\System.ComponentModel.dll".
             ╨Ю╨▒╨╜╨░╤А╤Г╨╢╨╡╨╜╨░ ╤Б╤Б╤Л╨╗╨║╨░ ╨▓ ╤А╨░╤Б╨┐╨╛╨╗╨╛╨╢╨╡╨╜╨╕╨╕ ╨┐╤Г╤В╨╕ ╨┐╨╛╨╕╤Б╨║╨░ "{RawFileName}".
             ╨Ф╨░╨╜╨╜╨░╤П ╤Б╤Б╤Л╨╗╨║╨░ ╨╜╨╡ ╤П╨▓╨╗╤П╨╡╤В╤Б╤П "CopyLocal" ╤В╨░╨║ ╨║╨░╨║ ╤Е╨╛╤В╤П ╨▒╤Л ╨┤╨╗╤П ╨╛╨┤╨╜╨╛╨│╨╛ ╨╕╤Б╤В╨╛╤З╨╜╨╕╨║╨░ ╨┤╨░╨╜╨╜╤Л╤Е ╨┐╨░╤А╨░╨╝╨╡╤В╤А "Private" ╨╕╨╝╨╡╨╡╤В ╨╖╨╜╨░╤З╨╡╨╜╨╕╨╡ "false", ╨╕ ╨╜╨╡╤В ╨╕╤Б╤В╨╛╤З╨╜╨╕╨║╨╛╨▓ ╨┤╨░╨╜╨╜╤Л╤Е, ╨┤╨╗╤П ╨║╨╛╤В╨╛╤А╤Л╤Е ╨┐╨░╤А╨░╨╝╨╡╤В╤А "Private" ╨╕╨╝╨╡╨╡╤В ╨╖╨╜╨░╤З╨╡╨╜╨╕╨╡ "true".
         ╨Я╨╡╤А╨▓╨╕╤З╨╜╨░╤П ╤Б╤Б╤Л╨╗╨║╨░ "System.Configuration, Version=4.0.0.0, Culture=neutral, PublicKeyToken=b03f5f7f11d50a3a".
             ╨а╨░╨╖╤А╨╡╤И╨╡╨╜╨╜╤Л╨╣ ╨┐╤Г╤В╤М ╨║ ╤Д╨░╨╣╨╗╤Г - "C:\Program Files\dotnet\packs\Microsoft.NETCore.App.Ref\9.0.2\ref\net9.0\System.Configuration.dll".
             ╨Ю╨▒╨╜╨░╤А╤Г╨╢╨╡╨╜╨░ ╤Б╤Б╤Л╨╗╨║╨░ ╨▓ ╤А╨░╤Б╨┐╨╛╨╗╨╛╨╢╨╡╨╜╨╕╨╕ ╨┐╤Г╤В╨╕ ╨┐╨╛╨╕╤Б╨║╨░ "{RawFileName}".
             ╨Ф╨░╨╜╨╜╨░╤П ╤Б╤Б╤Л╨╗╨║╨░ ╨╜╨╡ ╤П╨▓╨╗╤П╨╡╤В╤Б╤П "CopyLocal" ╤В╨░╨║ ╨║╨░╨║ ╤Е╨╛╤В╤П ╨▒╤Л ╨┤╨╗╤П ╨╛╨┤╨╜╨╛╨│╨╛ ╨╕╤Б╤В╨╛╤З╨╜╨╕╨║╨░ ╨┤╨░╨╜╨╜╤Л╤Е ╨┐╨░╤А╨░╨╝╨╡╤В╤А "Private" ╨╕╨╝╨╡╨╡╤В ╨╖╨╜╨░╤З╨╡╨╜╨╕╨╡ "false", ╨╕ ╨╜╨╡╤В ╨╕╤Б╤В╨╛╤З╨╜╨╕╨║╨╛╨▓ ╨┤╨░╨╜╨╜╤Л╤Е, ╨┤╨╗╤П ╨║╨╛╤В╨╛╤А╤Л╤Е ╨┐╨░╤А╨░╨╝╨╡╤В╤А "Private" ╨╕╨╝╨╡╨╡╤В ╨╖╨╜╨░╤З╨╡╨╜╨╕╨╡ "true".
         ╨Я╨╡╤А╨▓╨╕╤З╨╜╨░╤П ╤Б╤Б╤Л╨╗╨║╨░ "System.Console, Version=9.0.0.0, Culture=neutral, PublicKeyToken=b03f5f7f11d50a3a".
             ╨а╨░╨╖╤А╨╡╤И╨╡╨╜╨╜╤Л╨╣ ╨┐╤Г╤В╤М ╨║ ╤Д╨░╨╣╨╗╤Г - "C:\Program Files\dotnet\packs\Microsoft.NETCore.App.Ref\9.0.2\ref\net9.0\System.Console.dll".
             ╨Ю╨▒╨╜╨░╤А╤Г╨╢╨╡╨╜╨░ ╤Б╤Б╤Л╨╗╨║╨░ ╨▓ ╤А╨░╤Б╨┐╨╛╨╗╨╛╨╢╨╡╨╜╨╕╨╕ ╨┐╤Г╤В╨╕ ╨┐╨╛╨╕╤Б╨║╨░ "{RawFileName}".
             ╨Ф╨░╨╜╨╜╨░╤П ╤Б╤Б╤Л╨╗╨║╨░ ╨╜╨╡ ╤П╨▓╨╗╤П╨╡╤В╤Б╤П "CopyLocal" ╤В╨░╨║ ╨║╨░╨║ ╤Е╨╛╤В╤П ╨▒╤Л ╨┤╨╗╤П ╨╛╨┤╨╜╨╛╨│╨╛ ╨╕╤Б╤В╨╛╤З╨╜╨╕╨║╨░ ╨┤╨░╨╜╨╜╤Л╤Е ╨┐╨░╤А╨░╨╝╨╡╤В╤А "Private" ╨╕╨╝╨╡╨╡╤В ╨╖╨╜╨░╤З╨╡╨╜╨╕╨╡ "false", ╨╕ ╨╜╨╡╤В ╨╕╤Б╤В╨╛╤З╨╜╨╕╨║╨╛╨▓ ╨┤╨░╨╜╨╜╤Л╤Е, ╨┤╨╗╤П ╨║╨╛╤В╨╛╤А╤Л╤Е ╨┐╨░╤А╨░╨╝╨╡╤В╤А "Private" ╨╕╨╝╨╡╨╡╤В ╨╖╨╜╨░╤З╨╡╨╜╨╕╨╡ "true".
         ╨Я╨╡╤А╨▓╨╕╤З╨╜╨░╤П ╤Б╤Б╤Л╨╗╨║╨░ "System.Core, Version=4.0.0.0, Culture=neutral, PublicKeyToken=b77a5c561934e089".
             ╨а╨░╨╖╤А╨╡╤И╨╡╨╜╨╜╤Л╨╣ ╨┐╤Г╤В╤М ╨║ ╤Д╨░╨╣╨╗╤Г - "C:\Program Files\dotnet\packs\Microsoft.NETCore.App.Ref\9.0.2\ref\net9.0\System.Core.dll".
             ╨Ю╨▒╨╜╨░╤А╤Г╨╢╨╡╨╜╨░ ╤Б╤Б╤Л╨╗╨║╨░ ╨▓ ╤А╨░╤Б╨┐╨╛╨╗╨╛╨╢╨╡╨╜╨╕╨╕ ╨┐╤Г╤В╨╕ ╨┐╨╛╨╕╤Б╨║╨░ "{RawFileName}".
             ╨Ф╨░╨╜╨╜╨░╤П ╤Б╤Б╤Л╨╗╨║╨░ ╨╜╨╡ ╤П╨▓╨╗╤П╨╡╤В╤Б╤П "CopyLocal" ╤В╨░╨║ ╨║╨░╨║ ╤Е╨╛╤В╤П ╨▒╤Л ╨┤╨╗╤П ╨╛╨┤╨╜╨╛╨│╨╛ ╨╕╤Б╤В╨╛╤З╨╜╨╕╨║╨░ ╨┤╨░╨╜╨╜╤Л╤Е ╨┐╨░╤А╨░╨╝╨╡╤В╤А "Private" ╨╕╨╝╨╡╨╡╤В ╨╖╨╜╨░╤З╨╡╨╜╨╕╨╡ "false", ╨╕ ╨╜╨╡╤В ╨╕╤Б╤В╨╛╤З╨╜╨╕╨║╨╛╨▓ ╨┤╨░╨╜╨╜╤Л╤Е, ╨┤╨╗╤П ╨║╨╛╤В╨╛╤А╤Л╤Е ╨┐╨░╤А╨░╨╝╨╡╤В╤А "Private" ╨╕╨╝╨╡╨╡╤В ╨╖╨╜╨░╤З╨╡╨╜╨╕╨╡ "true".
         ╨Я╨╡╤А╨▓╨╕╤З╨╜╨░╤П ╤Б╤Б╤Л╨╗╨║╨░ "System.Data.Common, Version=9.0.0.0, Culture=neutral, PublicKeyToken=b03f5f7f11d50a3a".
             ╨а╨░╨╖╤А╨╡╤И╨╡╨╜╨╜╤Л╨╣ ╨┐╤Г╤В╤М ╨║ ╤Д╨░╨╣╨╗╤Г - "C:\Program Files\dotnet\packs\Microsoft.NETCore.App.Ref\9.0.2\ref\net9.0\System.Data.Common.dll".
             ╨Ю╨▒╨╜╨░╤А╤Г╨╢╨╡╨╜╨░ ╤Б╤Б╤Л╨╗╨║╨░ ╨▓ ╤А╨░╤Б╨┐╨╛╨╗╨╛╨╢╨╡╨╜╨╕╨╕ ╨┐╤Г╤В╨╕ ╨┐╨╛╨╕╤Б╨║╨░ "{RawFileName}".
             ╨Ф╨░╨╜╨╜╨░╤П ╤Б╤Б╤Л╨╗╨║╨░ ╨╜╨╡ ╤П╨▓╨╗╤П╨╡╤В╤Б╤П "CopyLocal" ╤В╨░╨║ ╨║╨░╨║ ╤Е╨╛╤В╤П ╨▒╤Л ╨┤╨╗╤П ╨╛╨┤╨╜╨╛╨│╨╛ ╨╕╤Б╤В╨╛╤З╨╜╨╕╨║╨░ ╨┤╨░╨╜╨╜╤Л╤Е ╨┐╨░╤А╨░╨╝╨╡╤В╤А "Private" ╨╕╨╝╨╡╨╡╤В ╨╖╨╜╨░╤З╨╡╨╜╨╕╨╡ "false", ╨╕ ╨╜╨╡╤В ╨╕╤Б╤В╨╛╤З╨╜╨╕╨║╨╛╨▓ ╨┤╨░╨╜╨╜╤Л╤Е, ╨┤╨╗╤П ╨║╨╛╤В╨╛╤А╤Л╤Е ╨┐╨░╤А╨░╨╝╨╡╤В╤А "Private" ╨╕╨╝╨╡╨╡╤В ╨╖╨╜╨░╤З╨╡╨╜╨╕╨╡ "true".
         ╨Я╨╡╤А╨▓╨╕╤З╨╜╨░╤П ╤Б╤Б╤Л╨╗╨║╨░ "System.Data.DataSetExtensions, Version=9.0.0.0, Culture=neutral, PublicKeyToken=b77a5c561934e089".
             ╨а╨░╨╖╤А╨╡╤И╨╡╨╜╨╜╤Л╨╣ ╨┐╤Г╤В╤М ╨║ ╤Д╨░╨╣╨╗╤Г - "C:\Program Files\dotnet\packs\Microsoft.NETCore.App.Ref\9.0.2\ref\net9.0\System.Data.DataSetExtensions.dll".
             ╨Ю╨▒╨╜╨░╤А╤Г╨╢╨╡╨╜╨░ ╤Б╤Б╤Л╨╗╨║╨░ ╨▓ ╤А╨░╤Б╨┐╨╛╨╗╨╛╨╢╨╡╨╜╨╕╨╕ ╨┐╤Г╤В╨╕ ╨┐╨╛╨╕╤Б╨║╨░ "{RawFileName}".
             ╨Ф╨░╨╜╨╜╨░╤П ╤Б╤Б╤Л╨╗╨║╨░ ╨╜╨╡ ╤П╨▓╨╗╤П╨╡╤В╤Б╤П "CopyLocal" ╤В╨░╨║ ╨║╨░╨║ ╤Е╨╛╤В╤П ╨▒╤Л ╨┤╨╗╤П ╨╛╨┤╨╜╨╛╨│╨╛ ╨╕╤Б╤В╨╛╤З╨╜╨╕╨║╨░ ╨┤╨░╨╜╨╜╤Л╤Е ╨┐╨░╤А╨░╨╝╨╡╤В╤А "Private" ╨╕╨╝╨╡╨╡╤В ╨╖╨╜╨░╤З╨╡╨╜╨╕╨╡ "false", ╨╕ ╨╜╨╡╤В ╨╕╤Б╤В╨╛╤З╨╜╨╕╨║╨╛╨▓ ╨┤╨░╨╜╨╜╤Л╤Е, ╨┤╨╗╤П ╨║╨╛╤В╨╛╤А╤Л╤Е ╨┐╨░╤А╨░╨╝╨╡╤В╤А "Private" ╨╕╨╝╨╡╨╡╤В ╨╖╨╜╨░╤З╨╡╨╜╨╕╨╡ "true".
         ╨Я╨╡╤А╨▓╨╕╤З╨╜╨░╤П ╤Б╤Б╤Л╨╗╨║╨░ "System.Data, Version=4.0.0.0, Culture=neutral, PublicKeyToken=b77a5c561934e089".
             ╨а╨░╨╖╤А╨╡╤И╨╡╨╜╨╜╤Л╨╣ ╨┐╤Г╤В╤М ╨║ ╤Д╨░╨╣╨╗╤Г - "C:\Program Files\dotnet\packs\Microsoft.NETCore.App.Ref\9.0.2\ref\net9.0\System.Data.dll".
             ╨Ю╨▒╨╜╨░╤А╤Г╨╢╨╡╨╜╨░ ╤Б╤Б╤Л╨╗╨║╨░ ╨▓ ╤А╨░╤Б╨┐╨╛╨╗╨╛╨╢╨╡╨╜╨╕╨╕ ╨┐╤Г╤В╨╕ ╨┐╨╛╨╕╤Б╨║╨░ "{RawFileName}".
             ╨Ф╨░╨╜╨╜╨░╤П ╤Б╤Б╤Л╨╗╨║╨░ ╨╜╨╡ ╤П╨▓╨╗╤П╨╡╤В╤Б╤П "CopyLocal" ╤В╨░╨║ ╨║╨░╨║ ╤Е╨╛╤В╤П ╨▒╤Л ╨┤╨╗╤П ╨╛╨┤╨╜╨╛╨│╨╛ ╨╕╤Б╤В╨╛╤З╨╜╨╕╨║╨░ ╨┤╨░╨╜╨╜╤Л╤Е ╨┐╨░╤А╨░╨╝╨╡╤В╤А "Private" ╨╕╨╝╨╡╨╡╤В ╨╖╨╜╨░╤З╨╡╨╜╨╕╨╡ "false", ╨╕ ╨╜╨╡╤В ╨╕╤Б╤В╨╛╤З╨╜╨╕╨║╨╛╨▓ ╨┤╨░╨╜╨╜╤Л╤Е, ╨┤╨╗╤П ╨║╨╛╤В╨╛╤А╤Л╤Е ╨┐╨░╤А╨░╨╝╨╡╤В╤А "Private" ╨╕╨╝╨╡╨╡╤В ╨╖╨╜╨░╤З╨╡╨╜╨╕╨╡ "true".
         ╨Я╨╡╤А╨▓╨╕╤З╨╜╨░╤П ╤Б╤Б╤Л╨╗╨║╨░ "System.Diagnostics.Contracts, Version=9.0.0.0, Culture=neutral, PublicKeyToken=b03f5f7f11d50a3a".
             ╨а╨░╨╖╤А╨╡╤И╨╡╨╜╨╜╤Л╨╣ ╨┐╤Г╤В╤М ╨║ ╤Д╨░╨╣╨╗╤Г - "C:\Program Files\dotnet\packs\Microsoft.NETCore.App.Ref\9.0.2\ref\net9.0\System.Diagnostics.Contracts.dll".
             ╨Ю╨▒╨╜╨░╤А╤Г╨╢╨╡╨╜╨░ ╤Б╤Б╤Л╨╗╨║╨░ ╨▓ ╤А╨░╤Б╨┐╨╛╨╗╨╛╨╢╨╡╨╜╨╕╨╕ ╨┐╤Г╤В╨╕ ╨┐╨╛╨╕╤Б╨║╨░ "{RawFileName}".
             ╨Ф╨░╨╜╨╜╨░╤П ╤Б╤Б╤Л╨╗╨║╨░ ╨╜╨╡ ╤П╨▓╨╗╤П╨╡╤В╤Б╤П "CopyLocal" ╤В╨░╨║ ╨║╨░╨║ ╤Е╨╛╤В╤П ╨▒╤Л ╨┤╨╗╤П ╨╛╨┤╨╜╨╛╨│╨╛ ╨╕╤Б╤В╨╛╤З╨╜╨╕╨║╨░ ╨┤╨░╨╜╨╜╤Л╤Е ╨┐╨░╤А╨░╨╝╨╡╤В╤А "Private" ╨╕╨╝╨╡╨╡╤В ╨╖╨╜╨░╤З╨╡╨╜╨╕╨╡ "false", ╨╕ ╨╜╨╡╤В ╨╕╤Б╤В╨╛╤З╨╜╨╕╨║╨╛╨▓ ╨┤╨░╨╜╨╜╤Л╤Е, ╨┤╨╗╤П ╨║╨╛╤В╨╛╤А╤Л╤Е ╨┐╨░╤А╨░╨╝╨╡╤В╤А "Private" ╨╕╨╝╨╡╨╡╤В ╨╖╨╜╨░╤З╨╡╨╜╨╕╨╡ "true".
         ╨Я╨╡╤А╨▓╨╕╤З╨╜╨░╤П ╤Б╤Б╤Л╨╗╨║╨░ "System.Diagnostics.Debug, Version=9.0.0.0, Culture=neutral, PublicKeyToken=b03f5f7f11d50a3a".
             ╨а╨░╨╖╤А╨╡╤И╨╡╨╜╨╜╤Л╨╣ ╨┐╤Г╤В╤М ╨║ ╤Д╨░╨╣╨╗╤Г - "C:\Program Files\dotnet\packs\Microsoft.NETCore.App.Ref\9.0.2\ref\net9.0\System.Diagnostics.Debug.dll".
             ╨Ю╨▒╨╜╨░╤А╤Г╨╢╨╡╨╜╨░ ╤Б╤Б╤Л╨╗╨║╨░ ╨▓ ╤А╨░╤Б╨┐╨╛╨╗╨╛╨╢╨╡╨╜╨╕╨╕ ╨┐╤Г╤В╨╕ ╨┐╨╛╨╕╤Б╨║╨░ "{RawFileName}".
             ╨Ф╨░╨╜╨╜╨░╤П ╤Б╤Б╤Л╨╗╨║╨░ ╨╜╨╡ ╤П╨▓╨╗╤П╨╡╤В╤Б╤П "CopyLocal" ╤В╨░╨║ ╨║╨░╨║ ╤Е╨╛╤В╤П ╨▒╤Л ╨┤╨╗╤П ╨╛╨┤╨╜╨╛╨│╨╛ ╨╕╤Б╤В╨╛╤З╨╜╨╕╨║╨░ ╨┤╨░╨╜╨╜╤Л╤Е ╨┐╨░╤А╨░╨╝╨╡╤В╤А "Private" ╨╕╨╝╨╡╨╡╤В ╨╖╨╜╨░╤З╨╡╨╜╨╕╨╡ "false", ╨╕ ╨╜╨╡╤В ╨╕╤Б╤В╨╛╤З╨╜╨╕╨║╨╛╨▓ ╨┤╨░╨╜╨╜╤Л╤Е, ╨┤╨╗╤П ╨║╨╛╤В╨╛╤А╤Л╤Е ╨┐╨░╤А╨░╨╝╨╡╤В╤А "Private" ╨╕╨╝╨╡╨╡╤В ╨╖╨╜╨░╤З╨╡╨╜╨╕╨╡ "true".
         ╨Я╨╡╤А╨▓╨╕╤З╨╜╨░╤П ╤Б╤Б╤Л╨╗╨║╨░ "System.Diagnostics.DiagnosticSource, Version=9.0.0.0, Culture=neutral, PublicKeyToken=cc7b13ffcd2ddd51".
             ╨а╨░╨╖╤А╨╡╤И╨╡╨╜╨╜╤Л╨╣ ╨┐╤Г╤В╤М ╨║ ╤Д╨░╨╣╨╗╤Г - "C:\Program Files\dotnet\packs\Microsoft.NETCore.App.Ref\9.0.2\ref\net9.0\System.Diagnostics.DiagnosticSource.dll".
             ╨Ю╨▒╨╜╨░╤А╤Г╨╢╨╡╨╜╨░ ╤Б╤Б╤Л╨╗╨║╨░ ╨▓ ╤А╨░╤Б╨┐╨╛╨╗╨╛╨╢╨╡╨╜╨╕╨╕ ╨┐╤Г╤В╨╕ ╨┐╨╛╨╕╤Б╨║╨░ "{RawFileName}".
             ╨Ф╨░╨╜╨╜╨░╤П ╤Б╤Б╤Л╨╗╨║╨░ ╨╜╨╡ ╤П╨▓╨╗╤П╨╡╤В╤Б╤П "CopyLocal" ╤В╨░╨║ ╨║╨░╨║ ╤Е╨╛╤В╤П ╨▒╤Л ╨┤╨╗╤П ╨╛╨┤╨╜╨╛╨│╨╛ ╨╕╤Б╤В╨╛╤З╨╜╨╕╨║╨░ ╨┤╨░╨╜╨╜╤Л╤Е ╨┐╨░╤А╨░╨╝╨╡╤В╤А "Private" ╨╕╨╝╨╡╨╡╤В ╨╖╨╜╨░╤З╨╡╨╜╨╕╨╡ "false", ╨╕ ╨╜╨╡╤В ╨╕╤Б╤В╨╛╤З╨╜╨╕╨║╨╛╨▓ ╨┤╨░╨╜╨╜╤Л╤Е, ╨┤╨╗╤П ╨║╨╛╤В╨╛╤А╤Л╤Е ╨┐╨░╤А╨░╨╝╨╡╤В╤А "Private" ╨╕╨╝╨╡╨╡╤В ╨╖╨╜╨░╤З╨╡╨╜╨╕╨╡ "true".
         ╨Я╨╡╤А╨▓╨╕╤З╨╜╨░╤П ╤Б╤Б╤Л╨╗╨║╨░ "System.Diagnostics.FileVersionInfo, Version=9.0.0.0, Culture=neutral, PublicKeyToken=b03f5f7f11d50a3a".
             ╨а╨░╨╖╤А╨╡╤И╨╡╨╜╨╜╤Л╨╣ ╨┐╤Г╤В╤М ╨║ ╤Д╨░╨╣╨╗╤Г - "C:\Program Files\dotnet\packs\Microsoft.NETCore.App.Ref\9.0.2\ref\net9.0\System.Diagnostics.FileVersionInfo.dll".
             ╨Ю╨▒╨╜╨░╤А╤Г╨╢╨╡╨╜╨░ ╤Б╤Б╤Л╨╗╨║╨░ ╨▓ ╤А╨░╤Б╨┐╨╛╨╗╨╛╨╢╨╡╨╜╨╕╨╕ ╨┐╤Г╤В╨╕ ╨┐╨╛╨╕╤Б╨║╨░ "{RawFileName}".
             ╨Ф╨░╨╜╨╜╨░╤П ╤Б╤Б╤Л╨╗╨║╨░ ╨╜╨╡ ╤П╨▓╨╗╤П╨╡╤В╤Б╤П "CopyLocal" ╤В╨░╨║ ╨║╨░╨║ ╤Е╨╛╤В╤П ╨▒╤Л ╨┤╨╗╤П ╨╛╨┤╨╜╨╛╨│╨╛ ╨╕╤Б╤В╨╛╤З╨╜╨╕╨║╨░ ╨┤╨░╨╜╨╜╤Л╤Е ╨┐╨░╤А╨░╨╝╨╡╤В╤А "Private" ╨╕╨╝╨╡╨╡╤В ╨╖╨╜╨░╤З╨╡╨╜╨╕╨╡ "false", ╨╕ ╨╜╨╡╤В ╨╕╤Б╤В╨╛╤З╨╜╨╕╨║╨╛╨▓ ╨┤╨░╨╜╨╜╤Л╤Е, ╨┤╨╗╤П ╨║╨╛╤В╨╛╤А╤Л╤Е ╨┐╨░╤А╨░╨╝╨╡╤В╤А "Private" ╨╕╨╝╨╡╨╡╤В ╨╖╨╜╨░╤З╨╡╨╜╨╕╨╡ "true".
         ╨Я╨╡╤А╨▓╨╕╤З╨╜╨░╤П ╤Б╤Б╤Л╨╗╨║╨░ "System.Diagnostics.Process, Version=9.0.0.0, Culture=neutral, PublicKeyToken=b03f5f7f11d50a3a".
             ╨а╨░╨╖╤А╨╡╤И╨╡╨╜╨╜╤Л╨╣ ╨┐╤Г╤В╤М ╨║ ╤Д╨░╨╣╨╗╤Г - "C:\Program Files\dotnet\packs\Microsoft.NETCore.App.Ref\9.0.2\ref\net9.0\System.Diagnostics.Process.dll".
             ╨Ю╨▒╨╜╨░╤А╤Г╨╢╨╡╨╜╨░ ╤Б╤Б╤Л╨╗╨║╨░ ╨▓ ╤А╨░╤Б╨┐╨╛╨╗╨╛╨╢╨╡╨╜╨╕╨╕ ╨┐╤Г╤В╨╕ ╨┐╨╛╨╕╤Б╨║╨░ "{RawFileName}".
             ╨Ф╨░╨╜╨╜╨░╤П ╤Б╤Б╤Л╨╗╨║╨░ ╨╜╨╡ ╤П╨▓╨╗╤П╨╡╤В╤Б╤П "CopyLocal" ╤В╨░╨║ ╨║╨░╨║ ╤Е╨╛╤В╤П ╨▒╤Л ╨┤╨╗╤П ╨╛╨┤╨╜╨╛╨│╨╛ ╨╕╤Б╤В╨╛╤З╨╜╨╕╨║╨░ ╨┤╨░╨╜╨╜╤Л╤Е ╨┐╨░╤А╨░╨╝╨╡╤В╤А "Private" ╨╕╨╝╨╡╨╡╤В ╨╖╨╜╨░╤З╨╡╨╜╨╕╨╡ "false", ╨╕ ╨╜╨╡╤В ╨╕╤Б╤В╨╛╤З╨╜╨╕╨║╨╛╨▓ ╨┤╨░╨╜╨╜╤Л╤Е, ╨┤╨╗╤П ╨║╨╛╤В╨╛╤А╤Л╤Е ╨┐╨░╤А╨░╨╝╨╡╤В╤А "Private" ╨╕╨╝╨╡╨╡╤В ╨╖╨╜╨░╤З╨╡╨╜╨╕╨╡ "true".
         ╨Я╨╡╤А╨▓╨╕╤З╨╜╨░╤П ╤Б╤Б╤Л╨╗╨║╨░ "System.Diagnostics.StackTrace, Version=9.0.0.0, Culture=neutral, PublicKeyToken=b03f5f7f11d50a3a".
             ╨а╨░╨╖╤А╨╡╤И╨╡╨╜╨╜╤Л╨╣ ╨┐╤Г╤В╤М ╨║ ╤Д╨░╨╣╨╗╤Г - "C:\Program Files\dotnet\packs\Microsoft.NETCore.App.Ref\9.0.2\ref\net9.0\System.Diagnostics.StackTrace.dll".
             ╨Ю╨▒╨╜╨░╤А╤Г╨╢╨╡╨╜╨░ ╤Б╤Б╤Л╨╗╨║╨░ ╨▓ ╤А╨░╤Б╨┐╨╛╨╗╨╛╨╢╨╡╨╜╨╕╨╕ ╨┐╤Г╤В╨╕ ╨┐╨╛╨╕╤Б╨║╨░ "{RawFileName}".
             ╨Ф╨░╨╜╨╜╨░╤П ╤Б╤Б╤Л╨╗╨║╨░ ╨╜╨╡ ╤П╨▓╨╗╤П╨╡╤В╤Б╤П "CopyLocal" ╤В╨░╨║ ╨║╨░╨║ ╤Е╨╛╤В╤П ╨▒╤Л ╨┤╨╗╤П ╨╛╨┤╨╜╨╛╨│╨╛ ╨╕╤Б╤В╨╛╤З╨╜╨╕╨║╨░ ╨┤╨░╨╜╨╜╤Л╤Е ╨┐╨░╤А╨░╨╝╨╡╤В╤А "Private" ╨╕╨╝╨╡╨╡╤В ╨╖╨╜╨░╤З╨╡╨╜╨╕╨╡ "false", ╨╕ ╨╜╨╡╤В ╨╕╤Б╤В╨╛╤З╨╜╨╕╨║╨╛╨▓ ╨┤╨░╨╜╨╜╤Л╤Е, ╨┤╨╗╤П ╨║╨╛╤В╨╛╤А╤Л╤Е ╨┐╨░╤А╨░╨╝╨╡╤В╤А "Private" ╨╕╨╝╨╡╨╡╤В ╨╖╨╜╨░╤З╨╡╨╜╨╕╨╡ "true".
         ╨Я╨╡╤А╨▓╨╕╤З╨╜╨░╤П ╤Б╤Б╤Л╨╗╨║╨░ "System.Diagnostics.TextWriterTraceListener, Version=9.0.0.0, Culture=neutral, PublicKeyToken=b03f5f7f11d50a3a".
             ╨а╨░╨╖╤А╨╡╤И╨╡╨╜╨╜╤Л╨╣ ╨┐╤Г╤В╤М ╨║ ╤Д╨░╨╣╨╗╤Г - "C:\Program Files\dotnet\packs\Microsoft.NETCore.App.Ref\9.0.2\ref\net9.0\System.Diagnostics.TextWriterTraceListener.dll".
             ╨Ю╨▒╨╜╨░╤А╤Г╨╢╨╡╨╜╨░ ╤Б╤Б╤Л╨╗╨║╨░ ╨▓ ╤А╨░╤Б╨┐╨╛╨╗╨╛╨╢╨╡╨╜╨╕╨╕ ╨┐╤Г╤В╨╕ ╨┐╨╛╨╕╤Б╨║╨░ "{RawFileName}".
             ╨Ф╨░╨╜╨╜╨░╤П ╤Б╤Б╤Л╨╗╨║╨░ ╨╜╨╡ ╤П╨▓╨╗╤П╨╡╤В╤Б╤П "CopyLocal" ╤В╨░╨║ ╨║╨░╨║ ╤Е╨╛╤В╤П ╨▒╤Л ╨┤╨╗╤П ╨╛╨┤╨╜╨╛╨│╨╛ ╨╕╤Б╤В╨╛╤З╨╜╨╕╨║╨░ ╨┤╨░╨╜╨╜╤Л╤Е ╨┐╨░╤А╨░╨╝╨╡╤В╤А "Private" ╨╕╨╝╨╡╨╡╤В ╨╖╨╜╨░╤З╨╡╨╜╨╕╨╡ "false", ╨╕ ╨╜╨╡╤В ╨╕╤Б╤В╨╛╤З╨╜╨╕╨║╨╛╨▓ ╨┤╨░╨╜╨╜╤Л╤Е, ╨┤╨╗╤П ╨║╨╛╤В╨╛╤А╤Л╤Е ╨┐╨░╤А╨░╨╝╨╡╤В╤А "Private" ╨╕╨╝╨╡╨╡╤В ╨╖╨╜╨░╤З╨╡╨╜╨╕╨╡ "true".
         ╨Я╨╡╤А╨▓╨╕╤З╨╜╨░╤П ╤Б╤Б╤Л╨╗╨║╨░ "System.Diagnostics.Tools, Version=9.0.0.0, Culture=neutral, PublicKeyToken=b03f5f7f11d50a3a".
             ╨а╨░╨╖╤А╨╡╤И╨╡╨╜╨╜╤Л╨╣ ╨┐╤Г╤В╤М ╨║ ╤Д╨░╨╣╨╗╤Г - "C:\Program Files\dotnet\packs\Microsoft.NETCore.App.Ref\9.0.2\ref\net9.0\System.Diagnostics.Tools.dll".
             ╨Ю╨▒╨╜╨░╤А╤Г╨╢╨╡╨╜╨░ ╤Б╤Б╤Л╨╗╨║╨░ ╨▓ ╤А╨░╤Б╨┐╨╛╨╗╨╛╨╢╨╡╨╜╨╕╨╕ ╨┐╤Г╤В╨╕ ╨┐╨╛╨╕╤Б╨║╨░ "{RawFileName}".
             ╨Ф╨░╨╜╨╜╨░╤П ╤Б╤Б╤Л╨╗╨║╨░ ╨╜╨╡ ╤П╨▓╨╗╤П╨╡╤В╤Б╤П "CopyLocal" ╤В╨░╨║ ╨║╨░╨║ ╤Е╨╛╤В╤П ╨▒╤Л ╨┤╨╗╤П ╨╛╨┤╨╜╨╛╨│╨╛ ╨╕╤Б╤В╨╛╤З╨╜╨╕╨║╨░ ╨┤╨░╨╜╨╜╤Л╤Е ╨┐╨░╤А╨░╨╝╨╡╤В╤А "Private" ╨╕╨╝╨╡╨╡╤В ╨╖╨╜╨░╤З╨╡╨╜╨╕╨╡ "false", ╨╕ ╨╜╨╡╤В ╨╕╤Б╤В╨╛╤З╨╜╨╕╨║╨╛╨▓ ╨┤╨░╨╜╨╜╤Л╤Е, ╨┤╨╗╤П ╨║╨╛╤В╨╛╤А╤Л╤Е ╨┐╨░╤А╨░╨╝╨╡╤В╤А "Private" ╨╕╨╝╨╡╨╡╤В ╨╖╨╜╨░╤З╨╡╨╜╨╕╨╡ "true".
         ╨Я╨╡╤А╨▓╨╕╤З╨╜╨░╤П ╤Б╤Б╤Л╨╗╨║╨░ "System.Diagnostics.TraceSource, Version=9.0.0.0, Culture=neutral, PublicKeyToken=b03f5f7f11d50a3a".
             ╨а╨░╨╖╤А╨╡╤И╨╡╨╜╨╜╤Л╨╣ ╨┐╤Г╤В╤М ╨║ ╤Д╨░╨╣╨╗╤Г - "C:\Program Files\dotnet\packs\Microsoft.NETCore.App.Ref\9.0.2\ref\net9.0\System.Diagnostics.TraceSource.dll".
             ╨Ю╨▒╨╜╨░╤А╤Г╨╢╨╡╨╜╨░ ╤Б╤Б╤Л╨╗╨║╨░ ╨▓ ╤А╨░╤Б╨┐╨╛╨╗╨╛╨╢╨╡╨╜╨╕╨╕ ╨┐╤Г╤В╨╕ ╨┐╨╛╨╕╤Б╨║╨░ "{RawFileName}".
             ╨Ф╨░╨╜╨╜╨░╤П ╤Б╤Б╤Л╨╗╨║╨░ ╨╜╨╡ ╤П╨▓╨╗╤П╨╡╤В╤Б╤П "CopyLocal" ╤В╨░╨║ ╨║╨░╨║ ╤Е╨╛╤В╤П ╨▒╤Л ╨┤╨╗╤П ╨╛╨┤╨╜╨╛╨│╨╛ ╨╕╤Б╤В╨╛╤З╨╜╨╕╨║╨░ ╨┤╨░╨╜╨╜╤Л╤Е ╨┐╨░╤А╨░╨╝╨╡╤В╤А "Private" ╨╕╨╝╨╡╨╡╤В ╨╖╨╜╨░╤З╨╡╨╜╨╕╨╡ "false", ╨╕ ╨╜╨╡╤В ╨╕╤Б╤В╨╛╤З╨╜╨╕╨║╨╛╨▓ ╨┤╨░╨╜╨╜╤Л╤Е, ╨┤╨╗╤П ╨║╨╛╤В╨╛╤А╤Л╤Е ╨┐╨░╤А╨░╨╝╨╡╤В╤А "Private" ╨╕╨╝╨╡╨╡╤В ╨╖╨╜╨░╤З╨╡╨╜╨╕╨╡ "true".
         ╨Я╨╡╤А╨▓╨╕╤З╨╜╨░╤П ╤Б╤Б╤Л╨╗╨║╨░ "System.Diagnostics.Tracing, Version=9.0.0.0, Culture=neutral, PublicKeyToken=b03f5f7f11d50a3a".
             ╨а╨░╨╖╤А╨╡╤И╨╡╨╜╨╜╤Л╨╣ ╨┐╤Г╤В╤М ╨║ ╤Д╨░╨╣╨╗╤Г - "C:\Program Files\dotnet\packs\Microsoft.NETCore.App.Ref\9.0.2\ref\net9.0\System.Diagnostics.Tracing.dll".
             ╨Ю╨▒╨╜╨░╤А╤Г╨╢╨╡╨╜╨░ ╤Б╤Б╤Л╨╗╨║╨░ ╨▓ ╤А╨░╤Б╨┐╨╛╨╗╨╛╨╢╨╡╨╜╨╕╨╕ ╨┐╤Г╤В╨╕ ╨┐╨╛╨╕╤Б╨║╨░ "{RawFileName}".
             ╨Ф╨░╨╜╨╜╨░╤П ╤Б╤Б╤Л╨╗╨║╨░ ╨╜╨╡ ╤П╨▓╨╗╤П╨╡╤В╤Б╤П "CopyLocal" ╤В╨░╨║ ╨║╨░╨║ ╤Е╨╛╤В╤П ╨▒╤Л ╨┤╨╗╤П ╨╛╨┤╨╜╨╛╨│╨╛ ╨╕╤Б╤В╨╛╤З╨╜╨╕╨║╨░ ╨┤╨░╨╜╨╜╤Л╤Е ╨┐╨░╤А╨░╨╝╨╡╤В╤А "Private" ╨╕╨╝╨╡╨╡╤В ╨╖╨╜╨░╤З╨╡╨╜╨╕╨╡ "false", ╨╕ ╨╜╨╡╤В ╨╕╤Б╤В╨╛╤З╨╜╨╕╨║╨╛╨▓ ╨┤╨░╨╜╨╜╤Л╤Е, ╨┤╨╗╤П ╨║╨╛╤В╨╛╤А╤Л╤Е ╨┐╨░╤А╨░╨╝╨╡╤В╤А "Private" ╨╕╨╝╨╡╨╡╤В ╨╖╨╜╨░╤З╨╡╨╜╨╕╨╡ "true".
         ╨Я╨╡╤А╨▓╨╕╤З╨╜╨░╤П ╤Б╤Б╤Л╨╗╨║╨░ "System.Drawing.Primitives, Version=9.0.0.0, Culture=neutral, PublicKeyToken=b03f5f7f11d50a3a".
             ╨а╨░╨╖╤А╨╡╤И╨╡╨╜╨╜╤Л╨╣ ╨┐╤Г╤В╤М ╨║ ╤Д╨░╨╣╨╗╤Г - "C:\Program Files\dotnet\packs\Microsoft.NETCore.App.Ref\9.0.2\ref\net9.0\System.Drawing.Primitives.dll".
             ╨Ю╨▒╨╜╨░╤А╤Г╨╢╨╡╨╜╨░ ╤Б╤Б╤Л╨╗╨║╨░ ╨▓ ╤А╨░╤Б╨┐╨╛╨╗╨╛╨╢╨╡╨╜╨╕╨╕ ╨┐╤Г╤В╨╕ ╨┐╨╛╨╕╤Б╨║╨░ "{RawFileName}".
             ╨Ф╨░╨╜╨╜╨░╤П ╤Б╤Б╤Л╨╗╨║╨░ ╨╜╨╡ ╤П╨▓╨╗╤П╨╡╤В╤Б╤П "CopyLocal" ╤В╨░╨║ ╨║╨░╨║ ╤Е╨╛╤В╤П ╨▒╤Л ╨┤╨╗╤П ╨╛╨┤╨╜╨╛╨│╨╛ ╨╕╤Б╤В╨╛╤З╨╜╨╕╨║╨░ ╨┤╨░╨╜╨╜╤Л╤Е ╨┐╨░╤А╨░╨╝╨╡╤В╤А "Private" ╨╕╨╝╨╡╨╡╤В ╨╖╨╜╨░╤З╨╡╨╜╨╕╨╡ "false", ╨╕ ╨╜╨╡╤В ╨╕╤Б╤В╨╛╤З╨╜╨╕╨║╨╛╨▓ ╨┤╨░╨╜╨╜╤Л╤Е, ╨┤╨╗╤П ╨║╨╛╤В╨╛╤А╤Л╤Е ╨┐╨░╤А╨░╨╝╨╡╤В╤А "Private" ╨╕╨╝╨╡╨╡╤В ╨╖╨╜╨░╤З╨╡╨╜╨╕╨╡ "true".
         ╨Я╨╡╤А╨▓╨╕╤З╨╜╨░╤П ╤Б╤Б╤Л╨╗╨║╨░ "System.Drawing, Version=4.0.0.0, Culture=neutral, PublicKeyToken=b03f5f7f11d50a3a".
             ╨а╨░╨╖╤А╨╡╤И╨╡╨╜╨╜╤Л╨╣ ╨┐╤Г╤В╤М ╨║ ╤Д╨░╨╣╨╗╤Г - "C:\Program Files\dotnet\packs\Microsoft.NETCore.App.Ref\9.0.2\ref\net9.0\System.Drawing.dll".
             ╨Ю╨▒╨╜╨░╤А╤Г╨╢╨╡╨╜╨░ ╤Б╤Б╤Л╨╗╨║╨░ ╨▓ ╤А╨░╤Б╨┐╨╛╨╗╨╛╨╢╨╡╨╜╨╕╨╕ ╨┐╤Г╤В╨╕ ╨┐╨╛╨╕╤Б╨║╨░ "{RawFileName}".
             ╨Ф╨░╨╜╨╜╨░╤П ╤Б╤Б╤Л╨╗╨║╨░ ╨╜╨╡ ╤П╨▓╨╗╤П╨╡╤В╤Б╤П "CopyLocal" ╤В╨░╨║ ╨║╨░╨║ ╤Е╨╛╤В╤П ╨▒╤Л ╨┤╨╗╤П ╨╛╨┤╨╜╨╛╨│╨╛ ╨╕╤Б╤В╨╛╤З╨╜╨╕╨║╨░ ╨┤╨░╨╜╨╜╤Л╤Е ╨┐╨░╤А╨░╨╝╨╡╤В╤А "Private" ╨╕╨╝╨╡╨╡╤В ╨╖╨╜╨░╤З╨╡╨╜╨╕╨╡ "false", ╨╕ ╨╜╨╡╤В ╨╕╤Б╤В╨╛╤З╨╜╨╕╨║╨╛╨▓ ╨┤╨░╨╜╨╜╤Л╤Е, ╨┤╨╗╤П ╨║╨╛╤В╨╛╤А╤Л╤Е ╨┐╨░╤А╨░╨╝╨╡╤В╤А "Private" ╨╕╨╝╨╡╨╡╤В ╨╖╨╜╨░╤З╨╡╨╜╨╕╨╡ "true".
         ╨Я╨╡╤А╨▓╨╕╤З╨╜╨░╤П ╤Б╤Б╤Л╨╗╨║╨░ "System.Dynamic.Runtime, Version=9.0.0.0, Culture=neutral, PublicKeyToken=b03f5f7f11d50a3a".
             ╨а╨░╨╖╤А╨╡╤И╨╡╨╜╨╜╤Л╨╣ ╨┐╤Г╤В╤М ╨║ ╤Д╨░╨╣╨╗╤Г - "C:\Program Files\dotnet\packs\Microsoft.NETCore.App.Ref\9.0.2\ref\net9.0\System.Dynamic.Runtime.dll".
             ╨Ю╨▒╨╜╨░╤А╤Г╨╢╨╡╨╜╨░ ╤Б╤Б╤Л╨╗╨║╨░ ╨▓ ╤А╨░╤Б╨┐╨╛╨╗╨╛╨╢╨╡╨╜╨╕╨╕ ╨┐╤Г╤В╨╕ ╨┐╨╛╨╕╤Б╨║╨░ "{RawFileName}".
             ╨Ф╨░╨╜╨╜╨░╤П ╤Б╤Б╤Л╨╗╨║╨░ ╨╜╨╡ ╤П╨▓╨╗╤П╨╡╤В╤Б╤П "CopyLocal" ╤В╨░╨║ ╨║╨░╨║ ╤Е╨╛╤В╤П ╨▒╤Л ╨┤╨╗╤П ╨╛╨┤╨╜╨╛╨│╨╛ ╨╕╤Б╤В╨╛╤З╨╜╨╕╨║╨░ ╨┤╨░╨╜╨╜╤Л╤Е ╨┐╨░╤А╨░╨╝╨╡╤В╤А "Private" ╨╕╨╝╨╡╨╡╤В ╨╖╨╜╨░╤З╨╡╨╜╨╕╨╡ "false", ╨╕ ╨╜╨╡╤В ╨╕╤Б╤В╨╛╤З╨╜╨╕╨║╨╛╨▓ ╨┤╨░╨╜╨╜╤Л╤Е, ╨┤╨╗╤П ╨║╨╛╤В╨╛╤А╤Л╤Е ╨┐╨░╤А╨░╨╝╨╡╤В╤А "Private" ╨╕╨╝╨╡╨╡╤В ╨╖╨╜╨░╤З╨╡╨╜╨╕╨╡ "true".
         ╨Я╨╡╤А╨▓╨╕╤З╨╜╨░╤П ╤Б╤Б╤Л╨╗╨║╨░ "System.Formats.Asn1, Version=9.0.0.0, Culture=neutral, PublicKeyToken=cc7b13ffcd2ddd51".
             ╨а╨░╨╖╤А╨╡╤И╨╡╨╜╨╜╤Л╨╣ ╨┐╤Г╤В╤М ╨║ ╤Д╨░╨╣╨╗╤Г - "C:\Program Files\dotnet\packs\Microsoft.NETCore.App.Ref\9.0.2\ref\net9.0\System.Formats.Asn1.dll".
             ╨Ю╨▒╨╜╨░╤А╤Г╨╢╨╡╨╜╨░ ╤Б╤Б╤Л╨╗╨║╨░ ╨▓ ╤А╨░╤Б╨┐╨╛╨╗╨╛╨╢╨╡╨╜╨╕╨╕ ╨┐╤Г╤В╨╕ ╨┐╨╛╨╕╤Б╨║╨░ "{RawFileName}".
             ╨Ф╨░╨╜╨╜╨░╤П ╤Б╤Б╤Л╨╗╨║╨░ ╨╜╨╡ ╤П╨▓╨╗╤П╨╡╤В╤Б╤П "CopyLocal" ╤В╨░╨║ ╨║╨░╨║ ╤Е╨╛╤В╤П ╨▒╤Л ╨┤╨╗╤П ╨╛╨┤╨╜╨╛╨│╨╛ ╨╕╤Б╤В╨╛╤З╨╜╨╕╨║╨░ ╨┤╨░╨╜╨╜╤Л╤Е ╨┐╨░╤А╨░╨╝╨╡╤В╤А "Private" ╨╕╨╝╨╡╨╡╤В ╨╖╨╜╨░╤З╨╡╨╜╨╕╨╡ "false", ╨╕ ╨╜╨╡╤В ╨╕╤Б╤В╨╛╤З╨╜╨╕╨║╨╛╨▓ ╨┤╨░╨╜╨╜╤Л╤Е, ╨┤╨╗╤П ╨║╨╛╤В╨╛╤А╤Л╤Е ╨┐╨░╤А╨░╨╝╨╡╤В╤А "Private" ╨╕╨╝╨╡╨╡╤В ╨╖╨╜╨░╤З╨╡╨╜╨╕╨╡ "true".
         ╨Я╨╡╤А╨▓╨╕╤З╨╜╨░╤П ╤Б╤Б╤Л╨╗╨║╨░ "System.Formats.Tar, Version=9.0.0.0, Culture=neutral, PublicKeyToken=cc7b13ffcd2ddd51".
             ╨а╨░╨╖╤А╨╡╤И╨╡╨╜╨╜╤Л╨╣ ╨┐╤Г╤В╤М ╨║ ╤Д╨░╨╣╨╗╤Г - "C:\Program Files\dotnet\packs\Microsoft.NETCore.App.Ref\9.0.2\ref\net9.0\System.Formats.Tar.dll".
             ╨Ю╨▒╨╜╨░╤А╤Г╨╢╨╡╨╜╨░ ╤Б╤Б╤Л╨╗╨║╨░ ╨▓ ╤А╨░╤Б╨┐╨╛╨╗╨╛╨╢╨╡╨╜╨╕╨╕ ╨┐╤Г╤В╨╕ ╨┐╨╛╨╕╤Б╨║╨░ "{RawFileName}".
             ╨Ф╨░╨╜╨╜╨░╤П ╤Б╤Б╤Л╨╗╨║╨░ ╨╜╨╡ ╤П╨▓╨╗╤П╨╡╤В╤Б╤П "CopyLocal" ╤В╨░╨║ ╨║╨░╨║ ╤Е╨╛╤В╤П ╨▒╤Л ╨┤╨╗╤П ╨╛╨┤╨╜╨╛╨│╨╛ ╨╕╤Б╤В╨╛╤З╨╜╨╕╨║╨░ ╨┤╨░╨╜╨╜╤Л╤Е ╨┐╨░╤А╨░╨╝╨╡╤В╤А "Private" ╨╕╨╝╨╡╨╡╤В ╨╖╨╜╨░╤З╨╡╨╜╨╕╨╡ "false", ╨╕ ╨╜╨╡╤В ╨╕╤Б╤В╨╛╤З╨╜╨╕╨║╨╛╨▓ ╨┤╨░╨╜╨╜╤Л╤Е, ╨┤╨╗╤П ╨║╨╛╤В╨╛╤А╤Л╤Е ╨┐╨░╤А╨░╨╝╨╡╤В╤А "Private" ╨╕╨╝╨╡╨╡╤В ╨╖╨╜╨░╤З╨╡╨╜╨╕╨╡ "true".
         ╨Я╨╡╤А╨▓╨╕╤З╨╜╨░╤П ╤Б╤Б╤Л╨╗╨║╨░ "System.Globalization.Calendars, Version=9.0.0.0, Culture=neutral, PublicKeyToken=b03f5f7f11d50a3a".
             ╨а╨░╨╖╤А╨╡╤И╨╡╨╜╨╜╤Л╨╣ ╨┐╤Г╤В╤М ╨║ ╤Д╨░╨╣╨╗╤Г - "C:\Program Files\dotnet\packs\Microsoft.NETCore.App.Ref\9.0.2\ref\net9.0\System.Globalization.Calendars.dll".
             ╨Ю╨▒╨╜╨░╤А╤Г╨╢╨╡╨╜╨░ ╤Б╤Б╤Л╨╗╨║╨░ ╨▓ ╤А╨░╤Б╨┐╨╛╨╗╨╛╨╢╨╡╨╜╨╕╨╕ ╨┐╤Г╤В╨╕ ╨┐╨╛╨╕╤Б╨║╨░ "{RawFileName}".
             ╨Ф╨░╨╜╨╜╨░╤П ╤Б╤Б╤Л╨╗╨║╨░ ╨╜╨╡ ╤П╨▓╨╗╤П╨╡╤В╤Б╤П "CopyLocal" ╤В╨░╨║ ╨║╨░╨║ ╤Е╨╛╤В╤П ╨▒╤Л ╨┤╨╗╤П ╨╛╨┤╨╜╨╛╨│╨╛ ╨╕╤Б╤В╨╛╤З╨╜╨╕╨║╨░ ╨┤╨░╨╜╨╜╤Л╤Е ╨┐╨░╤А╨░╨╝╨╡╤В╤А "Private" ╨╕╨╝╨╡╨╡╤В ╨╖╨╜╨░╤З╨╡╨╜╨╕╨╡ "false", ╨╕ ╨╜╨╡╤В ╨╕╤Б╤В╨╛╤З╨╜╨╕╨║╨╛╨▓ ╨┤╨░╨╜╨╜╤Л╤Е, ╨┤╨╗╤П ╨║╨╛╤В╨╛╤А╤Л╤Е ╨┐╨░╤А╨░╨╝╨╡╤В╤А "Private" ╨╕╨╝╨╡╨╡╤В ╨╖╨╜╨░╤З╨╡╨╜╨╕╨╡ "true".
         ╨Я╨╡╤А╨▓╨╕╤З╨╜╨░╤П ╤Б╤Б╤Л╨╗╨║╨░ "System.Globalization.Extensions, Version=9.0.0.0, Culture=neutral, PublicKeyToken=b03f5f7f11d50a3a".
             ╨а╨░╨╖╤А╨╡╤И╨╡╨╜╨╜╤Л╨╣ ╨┐╤Г╤В╤М ╨║ ╤Д╨░╨╣╨╗╤Г - "C:\Program Files\dotnet\packs\Microsoft.NETCore.App.Ref\9.0.2\ref\net9.0\System.Globalization.Extensions.dll".
             ╨Ю╨▒╨╜╨░╤А╤Г╨╢╨╡╨╜╨░ ╤Б╤Б╤Л╨╗╨║╨░ ╨▓ ╤А╨░╤Б╨┐╨╛╨╗╨╛╨╢╨╡╨╜╨╕╨╕ ╨┐╤Г╤В╨╕ ╨┐╨╛╨╕╤Б╨║╨░ "{RawFileName}".
             ╨Ф╨░╨╜╨╜╨░╤П ╤Б╤Б╤Л╨╗╨║╨░ ╨╜╨╡ ╤П╨▓╨╗╤П╨╡╤В╤Б╤П "CopyLocal" ╤В╨░╨║ ╨║╨░╨║ ╤Е╨╛╤В╤П ╨▒╤Л ╨┤╨╗╤П ╨╛╨┤╨╜╨╛╨│╨╛ ╨╕╤Б╤В╨╛╤З╨╜╨╕╨║╨░ ╨┤╨░╨╜╨╜╤Л╤Е ╨┐╨░╤А╨░╨╝╨╡╤В╤А "Private" ╨╕╨╝╨╡╨╡╤В ╨╖╨╜╨░╤З╨╡╨╜╨╕╨╡ "false", ╨╕ ╨╜╨╡╤В ╨╕╤Б╤В╨╛╤З╨╜╨╕╨║╨╛╨▓ ╨┤╨░╨╜╨╜╤Л╤Е, ╨┤╨╗╤П ╨║╨╛╤В╨╛╤А╤Л╤Е ╨┐╨░╤А╨░╨╝╨╡╤В╤А "Private" ╨╕╨╝╨╡╨╡╤В ╨╖╨╜╨░╤З╨╡╨╜╨╕╨╡ "true".
         ╨Я╨╡╤А╨▓╨╕╤З╨╜╨░╤П ╤Б╤Б╤Л╨╗╨║╨░ "System.Globalization, Version=9.0.0.0, Culture=neutral, PublicKeyToken=b03f5f7f11d50a3a".
             ╨а╨░╨╖╤А╨╡╤И╨╡╨╜╨╜╤Л╨╣ ╨┐╤Г╤В╤М ╨║ ╤Д╨░╨╣╨╗╤Г - "C:\Program Files\dotnet\packs\Microsoft.NETCore.App.Ref\9.0.2\ref\net9.0\System.Globalization.dll".
             ╨Ю╨▒╨╜╨░╤А╤Г╨╢╨╡╨╜╨░ ╤Б╤Б╤Л╨╗╨║╨░ ╨▓ ╤А╨░╤Б╨┐╨╛╨╗╨╛╨╢╨╡╨╜╨╕╨╕ ╨┐╤Г╤В╨╕ ╨┐╨╛╨╕╤Б╨║╨░ "{RawFileName}".
             ╨Ф╨░╨╜╨╜╨░╤П ╤Б╤Б╤Л╨╗╨║╨░ ╨╜╨╡ ╤П╨▓╨╗╤П╨╡╤В╤Б╤П "CopyLocal" ╤В╨░╨║ ╨║╨░╨║ ╤Е╨╛╤В╤П ╨▒╤Л ╨┤╨╗╤П ╨╛╨┤╨╜╨╛╨│╨╛ ╨╕╤Б╤В╨╛╤З╨╜╨╕╨║╨░ ╨┤╨░╨╜╨╜╤Л╤Е ╨┐╨░╤А╨░╨╝╨╡╤В╤А "Private" ╨╕╨╝╨╡╨╡╤В ╨╖╨╜╨░╤З╨╡╨╜╨╕╨╡ "false", ╨╕ ╨╜╨╡╤В ╨╕╤Б╤В╨╛╤З╨╜╨╕╨║╨╛╨▓ ╨┤╨░╨╜╨╜╤Л╤Е, ╨┤╨╗╤П ╨║╨╛╤В╨╛╤А╤Л╤Е ╨┐╨░╤А╨░╨╝╨╡╤В╤А "Private" ╨╕╨╝╨╡╨╡╤В ╨╖╨╜╨░╤З╨╡╨╜╨╕╨╡ "true".
         ╨Я╨╡╤А╨▓╨╕╤З╨╜╨░╤П ╤Б╤Б╤Л╨╗╨║╨░ "System.IO.Compression.Brotli, Version=9.0.0.0, Culture=neutral, PublicKeyToken=b77a5c561934e089".
             ╨а╨░╨╖╤А╨╡╤И╨╡╨╜╨╜╤Л╨╣ ╨┐╤Г╤В╤М ╨║ ╤Д╨░╨╣╨╗╤Г - "C:\Program Files\dotnet\packs\Microsoft.NETCore.App.Ref\9.0.2\ref\net9.0\System.IO.Compression.Brotli.dll".
             ╨Ю╨▒╨╜╨░╤А╤Г╨╢╨╡╨╜╨░ ╤Б╤Б╤Л╨╗╨║╨░ ╨▓ ╤А╨░╤Б╨┐╨╛╨╗╨╛╨╢╨╡╨╜╨╕╨╕ ╨┐╤Г╤В╨╕ ╨┐╨╛╨╕╤Б╨║╨░ "{RawFileName}".
             ╨Ф╨░╨╜╨╜╨░╤П ╤Б╤Б╤Л╨╗╨║╨░ ╨╜╨╡ ╤П╨▓╨╗╤П╨╡╤В╤Б╤П "CopyLocal" ╤В╨░╨║ ╨║╨░╨║ ╤Е╨╛╤В╤П ╨▒╤Л ╨┤╨╗╤П ╨╛╨┤╨╜╨╛╨│╨╛ ╨╕╤Б╤В╨╛╤З╨╜╨╕╨║╨░ ╨┤╨░╨╜╨╜╤Л╤Е ╨┐╨░╤А╨░╨╝╨╡╤В╤А "Private" ╨╕╨╝╨╡╨╡╤В ╨╖╨╜╨░╤З╨╡╨╜╨╕╨╡ "false", ╨╕ ╨╜╨╡╤В ╨╕╤Б╤В╨╛╤З╨╜╨╕╨║╨╛╨▓ ╨┤╨░╨╜╨╜╤Л╤Е, ╨┤╨╗╤П ╨║╨╛╤В╨╛╤А╤Л╤Е ╨┐╨░╤А╨░╨╝╨╡╤В╤А "Private" ╨╕╨╝╨╡╨╡╤В ╨╖╨╜╨░╤З╨╡╨╜╨╕╨╡ "true".
         ╨Я╨╡╤А╨▓╨╕╤З╨╜╨░╤П ╤Б╤Б╤Л╨╗╨║╨░ "System.IO.Compression.FileSystem, Version=4.0.0.0, Culture=neutral, PublicKeyToken=b77a5c561934e089".
             ╨а╨░╨╖╤А╨╡╤И╨╡╨╜╨╜╤Л╨╣ ╨┐╤Г╤В╤М ╨║ ╤Д╨░╨╣╨╗╤Г - "C:\Program Files\dotnet\packs\Microsoft.NETCore.App.Ref\9.0.2\ref\net9.0\System.IO.Compression.FileSystem.dll".
             ╨Ю╨▒╨╜╨░╤А╤Г╨╢╨╡╨╜╨░ ╤Б╤Б╤Л╨╗╨║╨░ ╨▓ ╤А╨░╤Б╨┐╨╛╨╗╨╛╨╢╨╡╨╜╨╕╨╕ ╨┐╤Г╤В╨╕ ╨┐╨╛╨╕╤Б╨║╨░ "{RawFileName}".
             ╨Ф╨░╨╜╨╜╨░╤П ╤Б╤Б╤Л╨╗╨║╨░ ╨╜╨╡ ╤П╨▓╨╗╤П╨╡╤В╤Б╤П "CopyLocal" ╤В╨░╨║ ╨║╨░╨║ ╤Е╨╛╤В╤П ╨▒╤Л ╨┤╨╗╤П ╨╛╨┤╨╜╨╛╨│╨╛ ╨╕╤Б╤В╨╛╤З╨╜╨╕╨║╨░ ╨┤╨░╨╜╨╜╤Л╤Е ╨┐╨░╤А╨░╨╝╨╡╤В╤А "Private" ╨╕╨╝╨╡╨╡╤В ╨╖╨╜╨░╤З╨╡╨╜╨╕╨╡ "false", ╨╕ ╨╜╨╡╤В ╨╕╤Б╤В╨╛╤З╨╜╨╕╨║╨╛╨▓ ╨┤╨░╨╜╨╜╤Л╤Е, ╨┤╨╗╤П ╨║╨╛╤В╨╛╤А╤Л╤Е ╨┐╨░╤А╨░╨╝╨╡╤В╤А "Private" ╨╕╨╝╨╡╨╡╤В ╨╖╨╜╨░╤З╨╡╨╜╨╕╨╡ "true".
         ╨Я╨╡╤А╨▓╨╕╤З╨╜╨░╤П ╤Б╤Б╤Л╨╗╨║╨░ "System.IO.Compression.ZipFile, Version=9.0.0.0, Culture=neutral, PublicKeyToken=b77a5c561934e089".
             ╨а╨░╨╖╤А╨╡╤И╨╡╨╜╨╜╤Л╨╣ ╨┐╤Г╤В╤М ╨║ ╤Д╨░╨╣╨╗╤Г - "C:\Program Files\dotnet\packs\Microsoft.NETCore.App.Ref\9.0.2\ref\net9.0\System.IO.Compression.ZipFile.dll".
             ╨Ю╨▒╨╜╨░╤А╤Г╨╢╨╡╨╜╨░ ╤Б╤Б╤Л╨╗╨║╨░ ╨▓ ╤А╨░╤Б╨┐╨╛╨╗╨╛╨╢╨╡╨╜╨╕╨╕ ╨┐╤Г╤В╨╕ ╨┐╨╛╨╕╤Б╨║╨░ "{RawFileName}".
             ╨Ф╨░╨╜╨╜╨░╤П ╤Б╤Б╤Л╨╗╨║╨░ ╨╜╨╡ ╤П╨▓╨╗╤П╨╡╤В╤Б╤П "CopyLocal" ╤В╨░╨║ ╨║╨░╨║ ╤Е╨╛╤В╤П ╨▒╤Л ╨┤╨╗╤П ╨╛╨┤╨╜╨╛╨│╨╛ ╨╕╤Б╤В╨╛╤З╨╜╨╕╨║╨░ ╨┤╨░╨╜╨╜╤Л╤Е ╨┐╨░╤А╨░╨╝╨╡╤В╤А "Private" ╨╕╨╝╨╡╨╡╤В ╨╖╨╜╨░╤З╨╡╨╜╨╕╨╡ "false", ╨╕ ╨╜╨╡╤В ╨╕╤Б╤В╨╛╤З╨╜╨╕╨║╨╛╨▓ ╨┤╨░╨╜╨╜╤Л╤Е, ╨┤╨╗╤П ╨║╨╛╤В╨╛╤А╤Л╤Е ╨┐╨░╤А╨░╨╝╨╡╤В╤А "Private" ╨╕╨╝╨╡╨╡╤В ╨╖╨╜╨░╤З╨╡╨╜╨╕╨╡ "true".
         ╨Я╨╡╤А╨▓╨╕╤З╨╜╨░╤П ╤Б╤Б╤Л╨╗╨║╨░ "System.IO.Compression, Version=9.0.0.0, Culture=neutral, PublicKeyToken=b77a5c561934e089".
             ╨а╨░╨╖╤А╨╡╤И╨╡╨╜╨╜╤Л╨╣ ╨┐╤Г╤В╤М ╨║ ╤Д╨░╨╣╨╗╤Г - "C:\Program Files\dotnet\packs\Microsoft.NETCore.App.Ref\9.0.2\ref\net9.0\System.IO.Compression.dll".
             ╨Ю╨▒╨╜╨░╤А╤Г╨╢╨╡╨╜╨░ ╤Б╤Б╤Л╨╗╨║╨░ ╨▓ ╤А╨░╤Б╨┐╨╛╨╗╨╛╨╢╨╡╨╜╨╕╨╕ ╨┐╤Г╤В╨╕ ╨┐╨╛╨╕╤Б╨║╨░ "{RawFileName}".
             ╨Ф╨░╨╜╨╜╨░╤П ╤Б╤Б╤Л╨╗╨║╨░ ╨╜╨╡ ╤П╨▓╨╗╤П╨╡╤В╤Б╤П "CopyLocal" ╤В╨░╨║ ╨║╨░╨║ ╤Е╨╛╤В╤П ╨▒╤Л ╨┤╨╗╤П ╨╛╨┤╨╜╨╛╨│╨╛ ╨╕╤Б╤В╨╛╤З╨╜╨╕╨║╨░ ╨┤╨░╨╜╨╜╤Л╤Е ╨┐╨░╤А╨░╨╝╨╡╤В╤А "Private" ╨╕╨╝╨╡╨╡╤В ╨╖╨╜╨░╤З╨╡╨╜╨╕╨╡ "false", ╨╕ ╨╜╨╡╤В ╨╕╤Б╤В╨╛╤З╨╜╨╕╨║╨╛╨▓ ╨┤╨░╨╜╨╜╤Л╤Е, ╨┤╨╗╤П ╨║╨╛╤В╨╛╤А╤Л╤Е ╨┐╨░╤А╨░╨╝╨╡╤В╤А "Private" ╨╕╨╝╨╡╨╡╤В ╨╖╨╜╨░╤З╨╡╨╜╨╕╨╡ "true".
         ╨Я╨╡╤А╨▓╨╕╤З╨╜╨░╤П ╤Б╤Б╤Л╨╗╨║╨░ "System.IO.FileSystem.AccessControl, Version=9.0.0.0, Culture=neutral, PublicKeyToken=b03f5f7f11d50a3a".
             ╨а╨░╨╖╤А╨╡╤И╨╡╨╜╨╜╤Л╨╣ ╨┐╤Г╤В╤М ╨║ ╤Д╨░╨╣╨╗╤Г - "C:\Program Files\dotnet\packs\Microsoft.NETCore.App.Ref\9.0.2\ref\net9.0\System.IO.FileSystem.AccessControl.dll".
             ╨Ю╨▒╨╜╨░╤А╤Г╨╢╨╡╨╜╨░ ╤Б╤Б╤Л╨╗╨║╨░ ╨▓ ╤А╨░╤Б╨┐╨╛╨╗╨╛╨╢╨╡╨╜╨╕╨╕ ╨┐╤Г╤В╨╕ ╨┐╨╛╨╕╤Б╨║╨░ "{RawFileName}".
             ╨Ф╨░╨╜╨╜╨░╤П ╤Б╤Б╤Л╨╗╨║╨░ ╨╜╨╡ ╤П╨▓╨╗╤П╨╡╤В╤Б╤П "CopyLocal" ╤В╨░╨║ ╨║╨░╨║ ╤Е╨╛╤В╤П ╨▒╤Л ╨┤╨╗╤П ╨╛╨┤╨╜╨╛╨│╨╛ ╨╕╤Б╤В╨╛╤З╨╜╨╕╨║╨░ ╨┤╨░╨╜╨╜╤Л╤Е ╨┐╨░╤А╨░╨╝╨╡╤В╤А "Private" ╨╕╨╝╨╡╨╡╤В ╨╖╨╜╨░╤З╨╡╨╜╨╕╨╡ "false", ╨╕ ╨╜╨╡╤В ╨╕╤Б╤В╨╛╤З╨╜╨╕╨║╨╛╨▓ ╨┤╨░╨╜╨╜╤Л╤Е, ╨┤╨╗╤П ╨║╨╛╤В╨╛╤А╤Л╤Е ╨┐╨░╤А╨░╨╝╨╡╤В╤А "Private" ╨╕╨╝╨╡╨╡╤В ╨╖╨╜╨░╤З╨╡╨╜╨╕╨╡ "true".
         ╨Я╨╡╤А╨▓╨╕╤З╨╜╨░╤П ╤Б╤Б╤Л╨╗╨║╨░ "System.IO.FileSystem.DriveInfo, Version=9.0.0.0, Culture=neutral, PublicKeyToken=b03f5f7f11d50a3a".
             ╨а╨░╨╖╤А╨╡╤И╨╡╨╜╨╜╤Л╨╣ ╨┐╤Г╤В╤М ╨║ ╤Д╨░╨╣╨╗╤Г - "C:\Program Files\dotnet\packs\Microsoft.NETCore.App.Ref\9.0.2\ref\net9.0\System.IO.FileSystem.DriveInfo.dll".
             ╨Ю╨▒╨╜╨░╤А╤Г╨╢╨╡╨╜╨░ ╤Б╤Б╤Л╨╗╨║╨░ ╨▓ ╤А╨░╤Б╨┐╨╛╨╗╨╛╨╢╨╡╨╜╨╕╨╕ ╨┐╤Г╤В╨╕ ╨┐╨╛╨╕╤Б╨║╨░ "{RawFileName}".
             ╨Ф╨░╨╜╨╜╨░╤П ╤Б╤Б╤Л╨╗╨║╨░ ╨╜╨╡ ╤П╨▓╨╗╤П╨╡╤В╤Б╤П "CopyLocal" ╤В╨░╨║ ╨║╨░╨║ ╤Е╨╛╤В╤П ╨▒╤Л ╨┤╨╗╤П ╨╛╨┤╨╜╨╛╨│╨╛ ╨╕╤Б╤В╨╛╤З╨╜╨╕╨║╨░ ╨┤╨░╨╜╨╜╤Л╤Е ╨┐╨░╤А╨░╨╝╨╡╤В╤А "Private" ╨╕╨╝╨╡╨╡╤В ╨╖╨╜╨░╤З╨╡╨╜╨╕╨╡ "false", ╨╕ ╨╜╨╡╤В ╨╕╤Б╤В╨╛╤З╨╜╨╕╨║╨╛╨▓ ╨┤╨░╨╜╨╜╤Л╤Е, ╨┤╨╗╤П ╨║╨╛╤В╨╛╤А╤Л╤Е ╨┐╨░╤А╨░╨╝╨╡╤В╤А "Private" ╨╕╨╝╨╡╨╡╤В ╨╖╨╜╨░╤З╨╡╨╜╨╕╨╡ "true".
         ╨Я╨╡╤А╨▓╨╕╤З╨╜╨░╤П ╤Б╤Б╤Л╨╗╨║╨░ "System.IO.FileSystem.Primitives, Version=9.0.0.0, Culture=neutral, PublicKeyToken=b03f5f7f11d50a3a".
             ╨а╨░╨╖╤А╨╡╤И╨╡╨╜╨╜╤Л╨╣ ╨┐╤Г╤В╤М ╨║ ╤Д╨░╨╣╨╗╤Г - "C:\Program Files\dotnet\packs\Microsoft.NETCore.App.Ref\9.0.2\ref\net9.0\System.IO.FileSystem.Primitives.dll".
             ╨Ю╨▒╨╜╨░╤А╤Г╨╢╨╡╨╜╨░ ╤Б╤Б╤Л╨╗╨║╨░ ╨▓ ╤А╨░╤Б╨┐╨╛╨╗╨╛╨╢╨╡╨╜╨╕╨╕ ╨┐╤Г╤В╨╕ ╨┐╨╛╨╕╤Б╨║╨░ "{RawFileName}".
             ╨Ф╨░╨╜╨╜╨░╤П ╤Б╤Б╤Л╨╗╨║╨░ ╨╜╨╡ ╤П╨▓╨╗╤П╨╡╤В╤Б╤П "CopyLocal" ╤В╨░╨║ ╨║╨░╨║ ╤Е╨╛╤В╤П ╨▒╤Л ╨┤╨╗╤П ╨╛╨┤╨╜╨╛╨│╨╛ ╨╕╤Б╤В╨╛╤З╨╜╨╕╨║╨░ ╨┤╨░╨╜╨╜╤Л╤Е ╨┐╨░╤А╨░╨╝╨╡╤В╤А "Private" ╨╕╨╝╨╡╨╡╤В ╨╖╨╜╨░╤З╨╡╨╜╨╕╨╡ "false", ╨╕ ╨╜╨╡╤В ╨╕╤Б╤В╨╛╤З╨╜╨╕╨║╨╛╨▓ ╨┤╨░╨╜╨╜╤Л╤Е, ╨┤╨╗╤П ╨║╨╛╤В╨╛╤А╤Л╤Е ╨┐╨░╤А╨░╨╝╨╡╤В╤А "Private" ╨╕╨╝╨╡╨╡╤В ╨╖╨╜╨░╤З╨╡╨╜╨╕╨╡ "true".
         ╨Я╨╡╤А╨▓╨╕╤З╨╜╨░╤П ╤Б╤Б╤Л╨╗╨║╨░ "System.IO.FileSystem.Watcher, Version=9.0.0.0, Culture=neutral, PublicKeyToken=b03f5f7f11d50a3a".
             ╨а╨░╨╖╤А╨╡╤И╨╡╨╜╨╜╤Л╨╣ ╨┐╤Г╤В╤М ╨║ ╤Д╨░╨╣╨╗╤Г - "C:\Program Files\dotnet\packs\Microsoft.NETCore.App.Ref\9.0.2\ref\net9.0\System.IO.FileSystem.Watcher.dll".
             ╨Ю╨▒╨╜╨░╤А╤Г╨╢╨╡╨╜╨░ ╤Б╤Б╤Л╨╗╨║╨░ ╨▓ ╤А╨░╤Б╨┐╨╛╨╗╨╛╨╢╨╡╨╜╨╕╨╕ ╨┐╤Г╤В╨╕ ╨┐╨╛╨╕╤Б╨║╨░ "{RawFileName}".
             ╨Ф╨░╨╜╨╜╨░╤П ╤Б╤Б╤Л╨╗╨║╨░ ╨╜╨╡ ╤П╨▓╨╗╤П╨╡╤В╤Б╤П "CopyLocal" ╤В╨░╨║ ╨║╨░╨║ ╤Е╨╛╤В╤П ╨▒╤Л ╨┤╨╗╤П ╨╛╨┤╨╜╨╛╨│╨╛ ╨╕╤Б╤В╨╛╤З╨╜╨╕╨║╨░ ╨┤╨░╨╜╨╜╤Л╤Е ╨┐╨░╤А╨░╨╝╨╡╤В╤А "Private" ╨╕╨╝╨╡╨╡╤В ╨╖╨╜╨░╤З╨╡╨╜╨╕╨╡ "false", ╨╕ ╨╜╨╡╤В ╨╕╤Б╤В╨╛╤З╨╜╨╕╨║╨╛╨▓ ╨┤╨░╨╜╨╜╤Л╤Е, ╨┤╨╗╤П ╨║╨╛╤В╨╛╤А╤Л╤Е ╨┐╨░╤А╨░╨╝╨╡╤В╤А "Private" ╨╕╨╝╨╡╨╡╤В ╨╖╨╜╨░╤З╨╡╨╜╨╕╨╡ "true".
         ╨Я╨╡╤А╨▓╨╕╤З╨╜╨░╤П ╤Б╤Б╤Л╨╗╨║╨░ "System.IO.FileSystem, Version=9.0.0.0, Culture=neutral, PublicKeyToken=b03f5f7f11d50a3a".
             ╨а╨░╨╖╤А╨╡╤И╨╡╨╜╨╜╤Л╨╣ ╨┐╤Г╤В╤М ╨║ ╤Д╨░╨╣╨╗╤Г - "C:\Program Files\dotnet\packs\Microsoft.NETCore.App.Ref\9.0.2\ref\net9.0\System.IO.FileSystem.dll".
             ╨Ю╨▒╨╜╨░╤А╤Г╨╢╨╡╨╜╨░ ╤Б╤Б╤Л╨╗╨║╨░ ╨▓ ╤А╨░╤Б╨┐╨╛╨╗╨╛╨╢╨╡╨╜╨╕╨╕ ╨┐╤Г╤В╨╕ ╨┐╨╛╨╕╤Б╨║╨░ "{RawFileName}".
             ╨Ф╨░╨╜╨╜╨░╤П ╤Б╤Б╤Л╨╗╨║╨░ ╨╜╨╡ ╤П╨▓╨╗╤П╨╡╤В╤Б╤П "CopyLocal" ╤В╨░╨║ ╨║╨░╨║ ╤Е╨╛╤В╤П ╨▒╤Л ╨┤╨╗╤П ╨╛╨┤╨╜╨╛╨│╨╛ ╨╕╤Б╤В╨╛╤З╨╜╨╕╨║╨░ ╨┤╨░╨╜╨╜╤Л╤Е ╨┐╨░╤А╨░╨╝╨╡╤В╤А "Private" ╨╕╨╝╨╡╨╡╤В ╨╖╨╜╨░╤З╨╡╨╜╨╕╨╡ "false", ╨╕ ╨╜╨╡╤В ╨╕╤Б╤В╨╛╤З╨╜╨╕╨║╨╛╨▓ ╨┤╨░╨╜╨╜╤Л╤Е, ╨┤╨╗╤П ╨║╨╛╤В╨╛╤А╤Л╤Е ╨┐╨░╤А╨░╨╝╨╡╤В╤А "Private" ╨╕╨╝╨╡╨╡╤В ╨╖╨╜╨░╤З╨╡╨╜╨╕╨╡ "true".
         ╨Я╨╡╤А╨▓╨╕╤З╨╜╨░╤П ╤Б╤Б╤Л╨╗╨║╨░ "System.IO.IsolatedStorage, Version=9.0.0.0, Culture=neutral, PublicKeyToken=b03f5f7f11d50a3a".
             ╨а╨░╨╖╤А╨╡╤И╨╡╨╜╨╜╤Л╨╣ ╨┐╤Г╤В╤М ╨║ ╤Д╨░╨╣╨╗╤Г - "C:\Program Files\dotnet\packs\Microsoft.NETCore.App.Ref\9.0.2\ref\net9.0\System.IO.IsolatedStorage.dll".
             ╨Ю╨▒╨╜╨░╤А╤Г╨╢╨╡╨╜╨░ ╤Б╤Б╤Л╨╗╨║╨░ ╨▓ ╤А╨░╤Б╨┐╨╛╨╗╨╛╨╢╨╡╨╜╨╕╨╕ ╨┐╤Г╤В╨╕ ╨┐╨╛╨╕╤Б╨║╨░ "{RawFileName}".
             ╨Ф╨░╨╜╨╜╨░╤П ╤Б╤Б╤Л╨╗╨║╨░ ╨╜╨╡ ╤П╨▓╨╗╤П╨╡╤В╤Б╤П "CopyLocal" ╤В╨░╨║ ╨║╨░╨║ ╤Е╨╛╤В╤П ╨▒╤Л ╨┤╨╗╤П ╨╛╨┤╨╜╨╛╨│╨╛ ╨╕╤Б╤В╨╛╤З╨╜╨╕╨║╨░ ╨┤╨░╨╜╨╜╤Л╤Е ╨┐╨░╤А╨░╨╝╨╡╤В╤А "Private" ╨╕╨╝╨╡╨╡╤В ╨╖╨╜╨░╤З╨╡╨╜╨╕╨╡ "false", ╨╕ ╨╜╨╡╤В ╨╕╤Б╤В╨╛╤З╨╜╨╕╨║╨╛╨▓ ╨┤╨░╨╜╨╜╤Л╤Е, ╨┤╨╗╤П ╨║╨╛╤В╨╛╤А╤Л╤Е ╨┐╨░╤А╨░╨╝╨╡╤В╤А "Private" ╨╕╨╝╨╡╨╡╤В ╨╖╨╜╨░╤З╨╡╨╜╨╕╨╡ "true".
         ╨Я╨╡╤А╨▓╨╕╤З╨╜╨░╤П ╤Б╤Б╤Л╨╗╨║╨░ "System.IO.MemoryMappedFiles, Version=9.0.0.0, Culture=neutral, PublicKeyToken=b03f5f7f11d50a3a".
             ╨а╨░╨╖╤А╨╡╤И╨╡╨╜╨╜╤Л╨╣ ╨┐╤Г╤В╤М ╨║ ╤Д╨░╨╣╨╗╤Г - "C:\Program Files\dotnet\packs\Microsoft.NETCore.App.Ref\9.0.2\ref\net9.0\System.IO.MemoryMappedFiles.dll".
             ╨Ю╨▒╨╜╨░╤А╤Г╨╢╨╡╨╜╨░ ╤Б╤Б╤Л╨╗╨║╨░ ╨▓ ╤А╨░╤Б╨┐╨╛╨╗╨╛╨╢╨╡╨╜╨╕╨╕ ╨┐╤Г╤В╨╕ ╨┐╨╛╨╕╤Б╨║╨░ "{RawFileName}".
             ╨Ф╨░╨╜╨╜╨░╤П ╤Б╤Б╤Л╨╗╨║╨░ ╨╜╨╡ ╤П╨▓╨╗╤П╨╡╤В╤Б╤П "CopyLocal" ╤В╨░╨║ ╨║╨░╨║ ╤Е╨╛╤В╤П ╨▒╤Л ╨┤╨╗╤П ╨╛╨┤╨╜╨╛╨│╨╛ ╨╕╤Б╤В╨╛╤З╨╜╨╕╨║╨░ ╨┤╨░╨╜╨╜╤Л╤Е ╨┐╨░╤А╨░╨╝╨╡╤В╤А "Private" ╨╕╨╝╨╡╨╡╤В ╨╖╨╜╨░╤З╨╡╨╜╨╕╨╡ "false", ╨╕ ╨╜╨╡╤В ╨╕╤Б╤В╨╛╤З╨╜╨╕╨║╨╛╨▓ ╨┤╨░╨╜╨╜╤Л╤Е, ╨┤╨╗╤П ╨║╨╛╤В╨╛╤А╤Л╤Е ╨┐╨░╤А╨░╨╝╨╡╤В╤А "Private" ╨╕╨╝╨╡╨╡╤В ╨╖╨╜╨░╤З╨╡╨╜╨╕╨╡ "true".
         ╨Я╨╡╤А╨▓╨╕╤З╨╜╨░╤П ╤Б╤Б╤Л╨╗╨║╨░ "System.IO.Pipelines, Version=9.0.0.0, Culture=neutral, PublicKeyToken=cc7b13ffcd2ddd51".
             ╨а╨░╨╖╤А╨╡╤И╨╡╨╜╨╜╤Л╨╣ ╨┐╤Г╤В╤М ╨║ ╤Д╨░╨╣╨╗╤Г - "C:\Program Files\dotnet\packs\Microsoft.NETCore.App.Ref\9.0.2\ref\net9.0\System.IO.Pipelines.dll".
             ╨Ю╨▒╨╜╨░╤А╤Г╨╢╨╡╨╜╨░ ╤Б╤Б╤Л╨╗╨║╨░ ╨▓ ╤А╨░╤Б╨┐╨╛╨╗╨╛╨╢╨╡╨╜╨╕╨╕ ╨┐╤Г╤В╨╕ ╨┐╨╛╨╕╤Б╨║╨░ "{RawFileName}".
             ╨Ф╨░╨╜╨╜╨░╤П ╤Б╤Б╤Л╨╗╨║╨░ ╨╜╨╡ ╤П╨▓╨╗╤П╨╡╤В╤Б╤П "CopyLocal" ╤В╨░╨║ ╨║╨░╨║ ╤Е╨╛╤В╤П ╨▒╤Л ╨┤╨╗╤П ╨╛╨┤╨╜╨╛╨│╨╛ ╨╕╤Б╤В╨╛╤З╨╜╨╕╨║╨░ ╨┤╨░╨╜╨╜╤Л╤Е ╨┐╨░╤А╨░╨╝╨╡╤В╤А "Private" ╨╕╨╝╨╡╨╡╤В ╨╖╨╜╨░╤З╨╡╨╜╨╕╨╡ "false", ╨╕ ╨╜╨╡╤В ╨╕╤Б╤В╨╛╤З╨╜╨╕╨║╨╛╨▓ ╨┤╨░╨╜╨╜╤Л╤Е, ╨┤╨╗╤П ╨║╨╛╤В╨╛╤А╤Л╤Е ╨┐╨░╤А╨░╨╝╨╡╤В╤А "Private" ╨╕╨╝╨╡╨╡╤В ╨╖╨╜╨░╤З╨╡╨╜╨╕╨╡ "true".
         ╨Я╨╡╤А╨▓╨╕╤З╨╜╨░╤П ╤Б╤Б╤Л╨╗╨║╨░ "System.IO.Pipes.AccessControl, Version=9.0.0.0, Culture=neutral, PublicKeyToken=b03f5f7f11d50a3a".
             ╨а╨░╨╖╤А╨╡╤И╨╡╨╜╨╜╤Л╨╣ ╨┐╤Г╤В╤М ╨║ ╤Д╨░╨╣╨╗╤Г - "C:\Program Files\dotnet\packs\Microsoft.NETCore.App.Ref\9.0.2\ref\net9.0\System.IO.Pipes.AccessControl.dll".
             ╨Ю╨▒╨╜╨░╤А╤Г╨╢╨╡╨╜╨░ ╤Б╤Б╤Л╨╗╨║╨░ ╨▓ ╤А╨░╤Б╨┐╨╛╨╗╨╛╨╢╨╡╨╜╨╕╨╕ ╨┐╤Г╤В╨╕ ╨┐╨╛╨╕╤Б╨║╨░ "{RawFileName}".
             ╨Ф╨░╨╜╨╜╨░╤П ╤Б╤Б╤Л╨╗╨║╨░ ╨╜╨╡ ╤П╨▓╨╗╤П╨╡╤В╤Б╤П "CopyLocal" ╤В╨░╨║ ╨║╨░╨║ ╤Е╨╛╤В╤П ╨▒╤Л ╨┤╨╗╤П ╨╛╨┤╨╜╨╛╨│╨╛ ╨╕╤Б╤В╨╛╤З╨╜╨╕╨║╨░ ╨┤╨░╨╜╨╜╤Л╤Е ╨┐╨░╤А╨░╨╝╨╡╤В╤А "Private" ╨╕╨╝╨╡╨╡╤В ╨╖╨╜╨░╤З╨╡╨╜╨╕╨╡ "false", ╨╕ ╨╜╨╡╤В ╨╕╤Б╤В╨╛╤З╨╜╨╕╨║╨╛╨▓ ╨┤╨░╨╜╨╜╤Л╤Е, ╨┤╨╗╤П ╨║╨╛╤В╨╛╤А╤Л╤Е ╨┐╨░╤А╨░╨╝╨╡╤В╤А "Private" ╨╕╨╝╨╡╨╡╤В ╨╖╨╜╨░╤З╨╡╨╜╨╕╨╡ "true".
         ╨Я╨╡╤А╨▓╨╕╤З╨╜╨░╤П ╤Б╤Б╤Л╨╗╨║╨░ "System.IO.Pipes, Version=9.0.0.0, Culture=neutral, PublicKeyToken=b03f5f7f11d50a3a".
             ╨а╨░╨╖╤А╨╡╤И╨╡╨╜╨╜╤Л╨╣ ╨┐╤Г╤В╤М ╨║ ╤Д╨░╨╣╨╗╤Г - "C:\Program Files\dotnet\packs\Microsoft.NETCore.App.Ref\9.0.2\ref\net9.0\System.IO.Pipes.dll".
             ╨Ю╨▒╨╜╨░╤А╤Г╨╢╨╡╨╜╨░ ╤Б╤Б╤Л╨╗╨║╨░ ╨▓ ╤А╨░╤Б╨┐╨╛╨╗╨╛╨╢╨╡╨╜╨╕╨╕ ╨┐╤Г╤В╨╕ ╨┐╨╛╨╕╤Б╨║╨░ "{RawFileName}".
             ╨Ф╨░╨╜╨╜╨░╤П ╤Б╤Б╤Л╨╗╨║╨░ ╨╜╨╡ ╤П╨▓╨╗╤П╨╡╤В╤Б╤П "CopyLocal" ╤В╨░╨║ ╨║╨░╨║ ╤Е╨╛╤В╤П ╨▒╤Л ╨┤╨╗╤П ╨╛╨┤╨╜╨╛╨│╨╛ ╨╕╤Б╤В╨╛╤З╨╜╨╕╨║╨░ ╨┤╨░╨╜╨╜╤Л╤Е ╨┐╨░╤А╨░╨╝╨╡╤В╤А "Private" ╨╕╨╝╨╡╨╡╤В ╨╖╨╜╨░╤З╨╡╨╜╨╕╨╡ "false", ╨╕ ╨╜╨╡╤В ╨╕╤Б╤В╨╛╤З╨╜╨╕╨║╨╛╨▓ ╨┤╨░╨╜╨╜╤Л╤Е, ╨┤╨╗╤П ╨║╨╛╤В╨╛╤А╤Л╤Е ╨┐╨░╤А╨░╨╝╨╡╤В╤А "Private" ╨╕╨╝╨╡╨╡╤В ╨╖╨╜╨░╤З╨╡╨╜╨╕╨╡ "true".
         ╨Я╨╡╤А╨▓╨╕╤З╨╜╨░╤П ╤Б╤Б╤Л╨╗╨║╨░ "System.IO.UnmanagedMemoryStream, Version=9.0.0.0, Culture=neutral, PublicKeyToken=b03f5f7f11d50a3a".
             ╨а╨░╨╖╤А╨╡╤И╨╡╨╜╨╜╤Л╨╣ ╨┐╤Г╤В╤М ╨║ ╤Д╨░╨╣╨╗╤Г - "C:\Program Files\dotnet\packs\Microsoft.NETCore.App.Ref\9.0.2\ref\net9.0\System.IO.UnmanagedMemoryStream.dll".
             ╨Ю╨▒╨╜╨░╤А╤Г╨╢╨╡╨╜╨░ ╤Б╤Б╤Л╨╗╨║╨░ ╨▓ ╤А╨░╤Б╨┐╨╛╨╗╨╛╨╢╨╡╨╜╨╕╨╕ ╨┐╤Г╤В╨╕ ╨┐╨╛╨╕╤Б╨║╨░ "{RawFileName}".
             ╨Ф╨░╨╜╨╜╨░╤П ╤Б╤Б╤Л╨╗╨║╨░ ╨╜╨╡ ╤П╨▓╨╗╤П╨╡╤В╤Б╤П "CopyLocal" ╤В╨░╨║ ╨║╨░╨║ ╤Е╨╛╤В╤П ╨▒╤Л ╨┤╨╗╤П ╨╛╨┤╨╜╨╛╨│╨╛ ╨╕╤Б╤В╨╛╤З╨╜╨╕╨║╨░ ╨┤╨░╨╜╨╜╤Л╤Е ╨┐╨░╤А╨░╨╝╨╡╤В╤А "Private" ╨╕╨╝╨╡╨╡╤В ╨╖╨╜╨░╤З╨╡╨╜╨╕╨╡ "false", ╨╕ ╨╜╨╡╤В ╨╕╤Б╤В╨╛╤З╨╜╨╕╨║╨╛╨▓ ╨┤╨░╨╜╨╜╤Л╤Е, ╨┤╨╗╤П ╨║╨╛╤В╨╛╤А╤Л╤Е ╨┐╨░╤А╨░╨╝╨╡╤В╤А "Private" ╨╕╨╝╨╡╨╡╤В ╨╖╨╜╨░╤З╨╡╨╜╨╕╨╡ "true".
         ╨Я╨╡╤А╨▓╨╕╤З╨╜╨░╤П ╤Б╤Б╤Л╨╗╨║╨░ "System.IO, Version=9.0.0.0, Culture=neutral, PublicKeyToken=b03f5f7f11d50a3a".
             ╨а╨░╨╖╤А╨╡╤И╨╡╨╜╨╜╤Л╨╣ ╨┐╤Г╤В╤М ╨║ ╤Д╨░╨╣╨╗╤Г - "C:\Program Files\dotnet\packs\Microsoft.NETCore.App.Ref\9.0.2\ref\net9.0\System.IO.dll".
             ╨Ю╨▒╨╜╨░╤А╤Г╨╢╨╡╨╜╨░ ╤Б╤Б╤Л╨╗╨║╨░ ╨▓ ╤А╨░╤Б╨┐╨╛╨╗╨╛╨╢╨╡╨╜╨╕╨╕ ╨┐╤Г╤В╨╕ ╨┐╨╛╨╕╤Б╨║╨░ "{RawFileName}".
             ╨Ф╨░╨╜╨╜╨░╤П ╤Б╤Б╤Л╨╗╨║╨░ ╨╜╨╡ ╤П╨▓╨╗╤П╨╡╤В╤Б╤П "CopyLocal" ╤В╨░╨║ ╨║╨░╨║ ╤Е╨╛╤В╤П ╨▒╤Л ╨┤╨╗╤П ╨╛╨┤╨╜╨╛╨│╨╛ ╨╕╤Б╤В╨╛╤З╨╜╨╕╨║╨░ ╨┤╨░╨╜╨╜╤Л╤Е ╨┐╨░╤А╨░╨╝╨╡╤В╤А "Private" ╨╕╨╝╨╡╨╡╤В ╨╖╨╜╨░╤З╨╡╨╜╨╕╨╡ "false", ╨╕ ╨╜╨╡╤В ╨╕╤Б╤В╨╛╤З╨╜╨╕╨║╨╛╨▓ ╨┤╨░╨╜╨╜╤Л╤Е, ╨┤╨╗╤П ╨║╨╛╤В╨╛╤А╤Л╤Е ╨┐╨░╤А╨░╨╝╨╡╤В╤А "Private" ╨╕╨╝╨╡╨╡╤В ╨╖╨╜╨░╤З╨╡╨╜╨╕╨╡ "true".
         ╨Я╨╡╤А╨▓╨╕╤З╨╜╨░╤П ╤Б╤Б╤Л╨╗╨║╨░ "System.Linq.Expressions, Version=9.0.0.0, Culture=neutral, PublicKeyToken=b03f5f7f11d50a3a".
             ╨а╨░╨╖╤А╨╡╤И╨╡╨╜╨╜╤Л╨╣ ╨┐╤Г╤В╤М ╨║ ╤Д╨░╨╣╨╗╤Г - "C:\Program Files\dotnet\packs\Microsoft.NETCore.App.Ref\9.0.2\ref\net9.0\System.Linq.Expressions.dll".
             ╨Ю╨▒╨╜╨░╤А╤Г╨╢╨╡╨╜╨░ ╤Б╤Б╤Л╨╗╨║╨░ ╨▓ ╤А╨░╤Б╨┐╨╛╨╗╨╛╨╢╨╡╨╜╨╕╨╕ ╨┐╤Г╤В╨╕ ╨┐╨╛╨╕╤Б╨║╨░ "{RawFileName}".
             ╨Ф╨░╨╜╨╜╨░╤П ╤Б╤Б╤Л╨╗╨║╨░ ╨╜╨╡ ╤П╨▓╨╗╤П╨╡╤В╤Б╤П "CopyLocal" ╤В╨░╨║ ╨║╨░╨║ ╤Е╨╛╤В╤П ╨▒╤Л ╨┤╨╗╤П ╨╛╨┤╨╜╨╛╨│╨╛ ╨╕╤Б╤В╨╛╤З╨╜╨╕╨║╨░ ╨┤╨░╨╜╨╜╤Л╤Е ╨┐╨░╤А╨░╨╝╨╡╤В╤А "Private" ╨╕╨╝╨╡╨╡╤В ╨╖╨╜╨░╤З╨╡╨╜╨╕╨╡ "false", ╨╕ ╨╜╨╡╤В ╨╕╤Б╤В╨╛╤З╨╜╨╕╨║╨╛╨▓ ╨┤╨░╨╜╨╜╤Л╤Е, ╨┤╨╗╤П ╨║╨╛╤В╨╛╤А╤Л╤Е ╨┐╨░╤А╨░╨╝╨╡╤В╤А "Private" ╨╕╨╝╨╡╨╡╤В ╨╖╨╜╨░╤З╨╡╨╜╨╕╨╡ "true".
         ╨Я╨╡╤А╨▓╨╕╤З╨╜╨░╤П ╤Б╤Б╤Л╨╗╨║╨░ "System.Linq.Parallel, Version=9.0.0.0, Culture=neutral, PublicKeyToken=b03f5f7f11d50a3a".
             ╨а╨░╨╖╤А╨╡╤И╨╡╨╜╨╜╤Л╨╣ ╨┐╤Г╤В╤М ╨║ ╤Д╨░╨╣╨╗╤Г - "C:\Program Files\dotnet\packs\Microsoft.NETCore.App.Ref\9.0.2\ref\net9.0\System.Linq.Parallel.dll".
             ╨Ю╨▒╨╜╨░╤А╤Г╨╢╨╡╨╜╨░ ╤Б╤Б╤Л╨╗╨║╨░ ╨▓ ╤А╨░╤Б╨┐╨╛╨╗╨╛╨╢╨╡╨╜╨╕╨╕ ╨┐╤Г╤В╨╕ ╨┐╨╛╨╕╤Б╨║╨░ "{RawFileName}".
             ╨Ф╨░╨╜╨╜╨░╤П ╤Б╤Б╤Л╨╗╨║╨░ ╨╜╨╡ ╤П╨▓╨╗╤П╨╡╤В╤Б╤П "CopyLocal" ╤В╨░╨║ ╨║╨░╨║ ╤Е╨╛╤В╤П ╨▒╤Л ╨┤╨╗╤П ╨╛╨┤╨╜╨╛╨│╨╛ ╨╕╤Б╤В╨╛╤З╨╜╨╕╨║╨░ ╨┤╨░╨╜╨╜╤Л╤Е ╨┐╨░╤А╨░╨╝╨╡╤В╤А "Private" ╨╕╨╝╨╡╨╡╤В ╨╖╨╜╨░╤З╨╡╨╜╨╕╨╡ "false", ╨╕ ╨╜╨╡╤В ╨╕╤Б╤В╨╛╤З╨╜╨╕╨║╨╛╨▓ ╨┤╨░╨╜╨╜╤Л╤Е, ╨┤╨╗╤П ╨║╨╛╤В╨╛╤А╤Л╤Е ╨┐╨░╤А╨░╨╝╨╡╤В╤А "Private" ╨╕╨╝╨╡╨╡╤В ╨╖╨╜╨░╤З╨╡╨╜╨╕╨╡ "true".
         ╨Я╨╡╤А╨▓╨╕╤З╨╜╨░╤П ╤Б╤Б╤Л╨╗╨║╨░ "System.Linq.Queryable, Version=9.0.0.0, Culture=neutral, PublicKeyToken=b03f5f7f11d50a3a".
             ╨а╨░╨╖╤А╨╡╤И╨╡╨╜╨╜╤Л╨╣ ╨┐╤Г╤В╤М ╨║ ╤Д╨░╨╣╨╗╤Г - "C:\Program Files\dotnet\packs\Microsoft.NETCore.App.Ref\9.0.2\ref\net9.0\System.Linq.Queryable.dll".
             ╨Ю╨▒╨╜╨░╤А╤Г╨╢╨╡╨╜╨░ ╤Б╤Б╤Л╨╗╨║╨░ ╨▓ ╤А╨░╤Б╨┐╨╛╨╗╨╛╨╢╨╡╨╜╨╕╨╕ ╨┐╤Г╤В╨╕ ╨┐╨╛╨╕╤Б╨║╨░ "{RawFileName}".
             ╨Ф╨░╨╜╨╜╨░╤П ╤Б╤Б╤Л╨╗╨║╨░ ╨╜╨╡ ╤П╨▓╨╗╤П╨╡╤В╤Б╤П "CopyLocal" ╤В╨░╨║ ╨║╨░╨║ ╤Е╨╛╤В╤П ╨▒╤Л ╨┤╨╗╤П ╨╛╨┤╨╜╨╛╨│╨╛ ╨╕╤Б╤В╨╛╤З╨╜╨╕╨║╨░ ╨┤╨░╨╜╨╜╤Л╤Е ╨┐╨░╤А╨░╨╝╨╡╤В╤А "Private" ╨╕╨╝╨╡╨╡╤В ╨╖╨╜╨░╤З╨╡╨╜╨╕╨╡ "false", ╨╕ ╨╜╨╡╤В ╨╕╤Б╤В╨╛╤З╨╜╨╕╨║╨╛╨▓ ╨┤╨░╨╜╨╜╤Л╤Е, ╨┤╨╗╤П ╨║╨╛╤В╨╛╤А╤Л╤Е ╨┐╨░╤А╨░╨╝╨╡╤В╤А "Private" ╨╕╨╝╨╡╨╡╤В ╨╖╨╜╨░╤З╨╡╨╜╨╕╨╡ "true".
         ╨Я╨╡╤А╨▓╨╕╤З╨╜╨░╤П ╤Б╤Б╤Л╨╗╨║╨░ "System.Linq, Version=9.0.0.0, Culture=neutral, PublicKeyToken=b03f5f7f11d50a3a".
             ╨а╨░╨╖╤А╨╡╤И╨╡╨╜╨╜╤Л╨╣ ╨┐╤Г╤В╤М ╨║ ╤Д╨░╨╣╨╗╤Г - "C:\Program Files\dotnet\packs\Microsoft.NETCore.App.Ref\9.0.2\ref\net9.0\System.Linq.dll".
             ╨Ю╨▒╨╜╨░╤А╤Г╨╢╨╡╨╜╨░ ╤Б╤Б╤Л╨╗╨║╨░ ╨▓ ╤А╨░╤Б╨┐╨╛╨╗╨╛╨╢╨╡╨╜╨╕╨╕ ╨┐╤Г╤В╨╕ ╨┐╨╛╨╕╤Б╨║╨░ "{RawFileName}".
             ╨Ф╨░╨╜╨╜╨░╤П ╤Б╤Б╤Л╨╗╨║╨░ ╨╜╨╡ ╤П╨▓╨╗╤П╨╡╤В╤Б╤П "CopyLocal" ╤В╨░╨║ ╨║╨░╨║ ╤Е╨╛╤В╤П ╨▒╤Л ╨┤╨╗╤П ╨╛╨┤╨╜╨╛╨│╨╛ ╨╕╤Б╤В╨╛╤З╨╜╨╕╨║╨░ ╨┤╨░╨╜╨╜╤Л╤Е ╨┐╨░╤А╨░╨╝╨╡╤В╤А "Private" ╨╕╨╝╨╡╨╡╤В ╨╖╨╜╨░╤З╨╡╨╜╨╕╨╡ "false", ╨╕ ╨╜╨╡╤В ╨╕╤Б╤В╨╛╤З╨╜╨╕╨║╨╛╨▓ ╨┤╨░╨╜╨╜╤Л╤Е, ╨┤╨╗╤П ╨║╨╛╤В╨╛╤А╤Л╤Е ╨┐╨░╤А╨░╨╝╨╡╤В╤А "Private" ╨╕╨╝╨╡╨╡╤В ╨╖╨╜╨░╤З╨╡╨╜╨╕╨╡ "true".
         ╨Я╨╡╤А╨▓╨╕╤З╨╜╨░╤П ╤Б╤Б╤Л╨╗╨║╨░ "System.Memory, Version=9.0.0.0, Culture=neutral, PublicKeyToken=cc7b13ffcd2ddd51".
             ╨а╨░╨╖╤А╨╡╤И╨╡╨╜╨╜╤Л╨╣ ╨┐╤Г╤В╤М ╨║ ╤Д╨░╨╣╨╗╤Г - "C:\Program Files\dotnet\packs\Microsoft.NETCore.App.Ref\9.0.2\ref\net9.0\System.Memory.dll".
             ╨Ю╨▒╨╜╨░╤А╤Г╨╢╨╡╨╜╨░ ╤Б╤Б╤Л╨╗╨║╨░ ╨▓ ╤А╨░╤Б╨┐╨╛╨╗╨╛╨╢╨╡╨╜╨╕╨╕ ╨┐╤Г╤В╨╕ ╨┐╨╛╨╕╤Б╨║╨░ "{RawFileName}".
             ╨Ф╨░╨╜╨╜╨░╤П ╤Б╤Б╤Л╨╗╨║╨░ ╨╜╨╡ ╤П╨▓╨╗╤П╨╡╤В╤Б╤П "CopyLocal" ╤В╨░╨║ ╨║╨░╨║ ╤Е╨╛╤В╤П ╨▒╤Л ╨┤╨╗╤П ╨╛╨┤╨╜╨╛╨│╨╛ ╨╕╤Б╤В╨╛╤З╨╜╨╕╨║╨░ ╨┤╨░╨╜╨╜╤Л╤Е ╨┐╨░╤А╨░╨╝╨╡╤В╤А "Private" ╨╕╨╝╨╡╨╡╤В ╨╖╨╜╨░╤З╨╡╨╜╨╕╨╡ "false", ╨╕ ╨╜╨╡╤В ╨╕╤Б╤В╨╛╤З╨╜╨╕╨║╨╛╨▓ ╨┤╨░╨╜╨╜╤Л╤Е, ╨┤╨╗╤П ╨║╨╛╤В╨╛╤А╤Л╤Е ╨┐╨░╤А╨░╨╝╨╡╤В╤А "Private" ╨╕╨╝╨╡╨╡╤В ╨╖╨╜╨░╤З╨╡╨╜╨╕╨╡ "true".
         ╨Я╨╡╤А╨▓╨╕╤З╨╜╨░╤П ╤Б╤Б╤Л╨╗╨║╨░ "System.Net.Http.Json, Version=9.0.0.0, Culture=neutral, PublicKeyToken=cc7b13ffcd2ddd51".
             ╨а╨░╨╖╤А╨╡╤И╨╡╨╜╨╜╤Л╨╣ ╨┐╤Г╤В╤М ╨║ ╤Д╨░╨╣╨╗╤Г - "C:\Program Files\dotnet\packs\Microsoft.NETCore.App.Ref\9.0.2\ref\net9.0\System.Net.Http.Json.dll".
             ╨Ю╨▒╨╜╨░╤А╤Г╨╢╨╡╨╜╨░ ╤Б╤Б╤Л╨╗╨║╨░ ╨▓ ╤А╨░╤Б╨┐╨╛╨╗╨╛╨╢╨╡╨╜╨╕╨╕ ╨┐╤Г╤В╨╕ ╨┐╨╛╨╕╤Б╨║╨░ "{RawFileName}".
             ╨Ф╨░╨╜╨╜╨░╤П ╤Б╤Б╤Л╨╗╨║╨░ ╨╜╨╡ ╤П╨▓╨╗╤П╨╡╤В╤Б╤П "CopyLocal" ╤В╨░╨║ ╨║╨░╨║ ╤Е╨╛╤В╤П ╨▒╤Л ╨┤╨╗╤П ╨╛╨┤╨╜╨╛╨│╨╛ ╨╕╤Б╤В╨╛╤З╨╜╨╕╨║╨░ ╨┤╨░╨╜╨╜╤Л╤Е ╨┐╨░╤А╨░╨╝╨╡╤В╤А "Private" ╨╕╨╝╨╡╨╡╤В ╨╖╨╜╨░╤З╨╡╨╜╨╕╨╡ "false", ╨╕ ╨╜╨╡╤В ╨╕╤Б╤В╨╛╤З╨╜╨╕╨║╨╛╨▓ ╨┤╨░╨╜╨╜╤Л╤Е, ╨┤╨╗╤П ╨║╨╛╤В╨╛╤А╤Л╤Е ╨┐╨░╤А╨░╨╝╨╡╤В╤А "Private" ╨╕╨╝╨╡╨╡╤В ╨╖╨╜╨░╤З╨╡╨╜╨╕╨╡ "true".
         ╨Я╨╡╤А╨▓╨╕╤З╨╜╨░╤П ╤Б╤Б╤Л╨╗╨║╨░ "System.Net.Http, Version=9.0.0.0, Culture=neutral, PublicKeyToken=b03f5f7f11d50a3a".
             ╨а╨░╨╖╤А╨╡╤И╨╡╨╜╨╜╤Л╨╣ ╨┐╤Г╤В╤М ╨║ ╤Д╨░╨╣╨╗╤Г - "C:\Program Files\dotnet\packs\Microsoft.NETCore.App.Ref\9.0.2\ref\net9.0\System.Net.Http.dll".
             ╨Ю╨▒╨╜╨░╤А╤Г╨╢╨╡╨╜╨░ ╤Б╤Б╤Л╨╗╨║╨░ ╨▓ ╤А╨░╤Б╨┐╨╛╨╗╨╛╨╢╨╡╨╜╨╕╨╕ ╨┐╤Г╤В╨╕ ╨┐╨╛╨╕╤Б╨║╨░ "{RawFileName}".
             ╨Ф╨░╨╜╨╜╨░╤П ╤Б╤Б╤Л╨╗╨║╨░ ╨╜╨╡ ╤П╨▓╨╗╤П╨╡╤В╤Б╤П "CopyLocal" ╤В╨░╨║ ╨║╨░╨║ ╤Е╨╛╤В╤П ╨▒╤Л ╨┤╨╗╤П ╨╛╨┤╨╜╨╛╨│╨╛ ╨╕╤Б╤В╨╛╤З╨╜╨╕╨║╨░ ╨┤╨░╨╜╨╜╤Л╤Е ╨┐╨░╤А╨░╨╝╨╡╤В╤А "Private" ╨╕╨╝╨╡╨╡╤В ╨╖╨╜╨░╤З╨╡╨╜╨╕╨╡ "false", ╨╕ ╨╜╨╡╤В ╨╕╤Б╤В╨╛╤З╨╜╨╕╨║╨╛╨▓ ╨┤╨░╨╜╨╜╤Л╤Е, ╨┤╨╗╤П ╨║╨╛╤В╨╛╤А╤Л╤Е ╨┐╨░╤А╨░╨╝╨╡╤В╤А "Private" ╨╕╨╝╨╡╨╡╤В ╨╖╨╜╨░╤З╨╡╨╜╨╕╨╡ "true".
         ╨Я╨╡╤А╨▓╨╕╤З╨╜╨░╤П ╤Б╤Б╤Л╨╗╨║╨░ "System.Net.HttpListener, Version=9.0.0.0, Culture=neutral, PublicKeyToken=cc7b13ffcd2ddd51".
             ╨а╨░╨╖╤А╨╡╤И╨╡╨╜╨╜╤Л╨╣ ╨┐╤Г╤В╤М ╨║ ╤Д╨░╨╣╨╗╤Г - "C:\Program Files\dotnet\packs\Microsoft.NETCore.App.Ref\9.0.2\ref\net9.0\System.Net.HttpListener.dll".
             ╨Ю╨▒╨╜╨░╤А╤Г╨╢╨╡╨╜╨░ ╤Б╤Б╤Л╨╗╨║╨░ ╨▓ ╤А╨░╤Б╨┐╨╛╨╗╨╛╨╢╨╡╨╜╨╕╨╕ ╨┐╤Г╤В╨╕ ╨┐╨╛╨╕╤Б╨║╨░ "{RawFileName}".
             ╨Ф╨░╨╜╨╜╨░╤П ╤Б╤Б╤Л╨╗╨║╨░ ╨╜╨╡ ╤П╨▓╨╗╤П╨╡╤В╤Б╤П "CopyLocal" ╤В╨░╨║ ╨║╨░╨║ ╤Е╨╛╤В╤П ╨▒╤Л ╨┤╨╗╤П ╨╛╨┤╨╜╨╛╨│╨╛ ╨╕╤Б╤В╨╛╤З╨╜╨╕╨║╨░ ╨┤╨░╨╜╨╜╤Л╤Е ╨┐╨░╤А╨░╨╝╨╡╤В╤А "Private" ╨╕╨╝╨╡╨╡╤В ╨╖╨╜╨░╤З╨╡╨╜╨╕╨╡ "false", ╨╕ ╨╜╨╡╤В ╨╕╤Б╤В╨╛╤З╨╜╨╕╨║╨╛╨▓ ╨┤╨░╨╜╨╜╤Л╤Е, ╨┤╨╗╤П ╨║╨╛╤В╨╛╤А╤Л╤Е ╨┐╨░╤А╨░╨╝╨╡╤В╤А "Private" ╨╕╨╝╨╡╨╡╤В ╨╖╨╜╨░╤З╨╡╨╜╨╕╨╡ "true".
         ╨Я╨╡╤А╨▓╨╕╤З╨╜╨░╤П ╤Б╤Б╤Л╨╗╨║╨░ "System.Net.Mail, Version=9.0.0.0, Culture=neutral, PublicKeyToken=cc7b13ffcd2ddd51".
             ╨а╨░╨╖╤А╨╡╤И╨╡╨╜╨╜╤Л╨╣ ╨┐╤Г╤В╤М ╨║ ╤Д╨░╨╣╨╗╤Г - "C:\Program Files\dotnet\packs\Microsoft.NETCore.App.Ref\9.0.2\ref\net9.0\System.Net.Mail.dll".
             ╨Ю╨▒╨╜╨░╤А╤Г╨╢╨╡╨╜╨░ ╤Б╤Б╤Л╨╗╨║╨░ ╨▓ ╤А╨░╤Б╨┐╨╛╨╗╨╛╨╢╨╡╨╜╨╕╨╕ ╨┐╤Г╤В╨╕ ╨┐╨╛╨╕╤Б╨║╨░ "{RawFileName}".
             ╨Ф╨░╨╜╨╜╨░╤П ╤Б╤Б╤Л╨╗╨║╨░ ╨╜╨╡ ╤П╨▓╨╗╤П╨╡╤В╤Б╤П "CopyLocal" ╤В╨░╨║ ╨║╨░╨║ ╤Е╨╛╤В╤П ╨▒╤Л ╨┤╨╗╤П ╨╛╨┤╨╜╨╛╨│╨╛ ╨╕╤Б╤В╨╛╤З╨╜╨╕╨║╨░ ╨┤╨░╨╜╨╜╤Л╤Е ╨┐╨░╤А╨░╨╝╨╡╤В╤А "Private" ╨╕╨╝╨╡╨╡╤В ╨╖╨╜╨░╤З╨╡╨╜╨╕╨╡ "false", ╨╕ ╨╜╨╡╤В ╨╕╤Б╤В╨╛╤З╨╜╨╕╨║╨╛╨▓ ╨┤╨░╨╜╨╜╤Л╤Е, ╨┤╨╗╤П ╨║╨╛╤В╨╛╤А╤Л╤Е ╨┐╨░╤А╨░╨╝╨╡╤В╤А "Private" ╨╕╨╝╨╡╨╡╤В ╨╖╨╜╨░╤З╨╡╨╜╨╕╨╡ "true".
         ╨Я╨╡╤А╨▓╨╕╤З╨╜╨░╤П ╤Б╤Б╤Л╨╗╨║╨░ "System.Net.NameResolution, Version=9.0.0.0, Culture=neutral, PublicKeyToken=b03f5f7f11d50a3a".
             ╨а╨░╨╖╤А╨╡╤И╨╡╨╜╨╜╤Л╨╣ ╨┐╤Г╤В╤М ╨║ ╤Д╨░╨╣╨╗╤Г - "C:\Program Files\dotnet\packs\Microsoft.NETCore.App.Ref\9.0.2\ref\net9.0\System.Net.NameResolution.dll".
             ╨Ю╨▒╨╜╨░╤А╤Г╨╢╨╡╨╜╨░ ╤Б╤Б╤Л╨╗╨║╨░ ╨▓ ╤А╨░╤Б╨┐╨╛╨╗╨╛╨╢╨╡╨╜╨╕╨╕ ╨┐╤Г╤В╨╕ ╨┐╨╛╨╕╤Б╨║╨░ "{RawFileName}".
             ╨Ф╨░╨╜╨╜╨░╤П ╤Б╤Б╤Л╨╗╨║╨░ ╨╜╨╡ ╤П╨▓╨╗╤П╨╡╤В╤Б╤П "CopyLocal" ╤В╨░╨║ ╨║╨░╨║ ╤Е╨╛╤В╤П ╨▒╤Л ╨┤╨╗╤П ╨╛╨┤╨╜╨╛╨│╨╛ ╨╕╤Б╤В╨╛╤З╨╜╨╕╨║╨░ ╨┤╨░╨╜╨╜╤Л╤Е ╨┐╨░╤А╨░╨╝╨╡╤В╤А "Private" ╨╕╨╝╨╡╨╡╤В ╨╖╨╜╨░╤З╨╡╨╜╨╕╨╡ "false", ╨╕ ╨╜╨╡╤В ╨╕╤Б╤В╨╛╤З╨╜╨╕╨║╨╛╨▓ ╨┤╨░╨╜╨╜╤Л╤Е, ╨┤╨╗╤П ╨║╨╛╤В╨╛╤А╤Л╤Е ╨┐╨░╤А╨░╨╝╨╡╤В╤А "Private" ╨╕╨╝╨╡╨╡╤В ╨╖╨╜╨░╤З╨╡╨╜╨╕╨╡ "true".
         ╨Я╨╡╤А╨▓╨╕╤З╨╜╨░╤П ╤Б╤Б╤Л╨╗╨║╨░ "System.Net.NetworkInformation, Version=9.0.0.0, Culture=neutral, PublicKeyToken=b03f5f7f11d50a3a".
             ╨а╨░╨╖╤А╨╡╤И╨╡╨╜╨╜╤Л╨╣ ╨┐╤Г╤В╤М ╨║ ╤Д╨░╨╣╨╗╤Г - "C:\Program Files\dotnet\packs\Microsoft.NETCore.App.Ref\9.0.2\ref\net9.0\System.Net.NetworkInformation.dll".
             ╨Ю╨▒╨╜╨░╤А╤Г╨╢╨╡╨╜╨░ ╤Б╤Б╤Л╨╗╨║╨░ ╨▓ ╤А╨░╤Б╨┐╨╛╨╗╨╛╨╢╨╡╨╜╨╕╨╕ ╨┐╤Г╤В╨╕ ╨┐╨╛╨╕╤Б╨║╨░ "{RawFileName}".
             ╨Ф╨░╨╜╨╜╨░╤П ╤Б╤Б╤Л╨╗╨║╨░ ╨╜╨╡ ╤П╨▓╨╗╤П╨╡╤В╤Б╤П "CopyLocal" ╤В╨░╨║ ╨║╨░╨║ ╤Е╨╛╤В╤П ╨▒╤Л ╨┤╨╗╤П ╨╛╨┤╨╜╨╛╨│╨╛ ╨╕╤Б╤В╨╛╤З╨╜╨╕╨║╨░ ╨┤╨░╨╜╨╜╤Л╤Е ╨┐╨░╤А╨░╨╝╨╡╤В╤А "Private" ╨╕╨╝╨╡╨╡╤В ╨╖╨╜╨░╤З╨╡╨╜╨╕╨╡ "false", ╨╕ ╨╜╨╡╤В ╨╕╤Б╤В╨╛╤З╨╜╨╕╨║╨╛╨▓ ╨┤╨░╨╜╨╜╤Л╤Е, ╨┤╨╗╤П ╨║╨╛╤В╨╛╤А╤Л╤Е ╨┐╨░╤А╨░╨╝╨╡╤В╤А "Private" ╨╕╨╝╨╡╨╡╤В ╨╖╨╜╨░╤З╨╡╨╜╨╕╨╡ "true".
         ╨Я╨╡╤А╨▓╨╕╤З╨╜╨░╤П ╤Б╤Б╤Л╨╗╨║╨░ "System.Net.Ping, Version=9.0.0.0, Culture=neutral, PublicKeyToken=b03f5f7f11d50a3a".
             ╨а╨░╨╖╤А╨╡╤И╨╡╨╜╨╜╤Л╨╣ ╨┐╤Г╤В╤М ╨║ ╤Д╨░╨╣╨╗╤Г - "C:\Program Files\dotnet\packs\Microsoft.NETCore.App.Ref\9.0.2\ref\net9.0\System.Net.Ping.dll".
             ╨Ю╨▒╨╜╨░╤А╤Г╨╢╨╡╨╜╨░ ╤Б╤Б╤Л╨╗╨║╨░ ╨▓ ╤А╨░╤Б╨┐╨╛╨╗╨╛╨╢╨╡╨╜╨╕╨╕ ╨┐╤Г╤В╨╕ ╨┐╨╛╨╕╤Б╨║╨░ "{RawFileName}".
             ╨Ф╨░╨╜╨╜╨░╤П ╤Б╤Б╤Л╨╗╨║╨░ ╨╜╨╡ ╤П╨▓╨╗╤П╨╡╤В╤Б╤П "CopyLocal" ╤В╨░╨║ ╨║╨░╨║ ╤Е╨╛╤В╤П ╨▒╤Л ╨┤╨╗╤П ╨╛╨┤╨╜╨╛╨│╨╛ ╨╕╤Б╤В╨╛╤З╨╜╨╕╨║╨░ ╨┤╨░╨╜╨╜╤Л╤Е ╨┐╨░╤А╨░╨╝╨╡╤В╤А "Private" ╨╕╨╝╨╡╨╡╤В ╨╖╨╜╨░╤З╨╡╨╜╨╕╨╡ "false", ╨╕ ╨╜╨╡╤В ╨╕╤Б╤В╨╛╤З╨╜╨╕╨║╨╛╨▓ ╨┤╨░╨╜╨╜╤Л╤Е, ╨┤╨╗╤П ╨║╨╛╤В╨╛╤А╤Л╤Е ╨┐╨░╤А╨░╨╝╨╡╤В╤А "Private" ╨╕╨╝╨╡╨╡╤В ╨╖╨╜╨░╤З╨╡╨╜╨╕╨╡ "true".
         ╨Я╨╡╤А╨▓╨╕╤З╨╜╨░╤П ╤Б╤Б╤Л╨╗╨║╨░ "System.Net.Primitives, Version=9.0.0.0, Culture=neutral, PublicKeyToken=b03f5f7f11d50a3a".
             ╨а╨░╨╖╤А╨╡╤И╨╡╨╜╨╜╤Л╨╣ ╨┐╤Г╤В╤М ╨║ ╤Д╨░╨╣╨╗╤Г - "C:\Program Files\dotnet\packs\Microsoft.NETCore.App.Ref\9.0.2\ref\net9.0\System.Net.Primitives.dll".
             ╨Ю╨▒╨╜╨░╤А╤Г╨╢╨╡╨╜╨░ ╤Б╤Б╤Л╨╗╨║╨░ ╨▓ ╤А╨░╤Б╨┐╨╛╨╗╨╛╨╢╨╡╨╜╨╕╨╕ ╨┐╤Г╤В╨╕ ╨┐╨╛╨╕╤Б╨║╨░ "{RawFileName}".
             ╨Ф╨░╨╜╨╜╨░╤П ╤Б╤Б╤Л╨╗╨║╨░ ╨╜╨╡ ╤П╨▓╨╗╤П╨╡╤В╤Б╤П "CopyLocal" ╤В╨░╨║ ╨║╨░╨║ ╤Е╨╛╤В╤П ╨▒╤Л ╨┤╨╗╤П ╨╛╨┤╨╜╨╛╨│╨╛ ╨╕╤Б╤В╨╛╤З╨╜╨╕╨║╨░ ╨┤╨░╨╜╨╜╤Л╤Е ╨┐╨░╤А╨░╨╝╨╡╤В╤А "Private" ╨╕╨╝╨╡╨╡╤В ╨╖╨╜╨░╤З╨╡╨╜╨╕╨╡ "false", ╨╕ ╨╜╨╡╤В ╨╕╤Б╤В╨╛╤З╨╜╨╕╨║╨╛╨▓ ╨┤╨░╨╜╨╜╤Л╤Е, ╨┤╨╗╤П ╨║╨╛╤В╨╛╤А╤Л╤Е ╨┐╨░╤А╨░╨╝╨╡╤В╤А "Private" ╨╕╨╝╨╡╨╡╤В ╨╖╨╜╨░╤З╨╡╨╜╨╕╨╡ "true".
         ╨Я╨╡╤А╨▓╨╕╤З╨╜╨░╤П ╤Б╤Б╤Л╨╗╨║╨░ "System.Net.Quic, Version=9.0.0.0, Culture=neutral, PublicKeyToken=b03f5f7f11d50a3a".
             ╨а╨░╨╖╤А╨╡╤И╨╡╨╜╨╜╤Л╨╣ ╨┐╤Г╤В╤М ╨║ ╤Д╨░╨╣╨╗╤Г - "C:\Program Files\dotnet\packs\Microsoft.NETCore.App.Ref\9.0.2\ref\net9.0\System.Net.Quic.dll".
             ╨Ю╨▒╨╜╨░╤А╤Г╨╢╨╡╨╜╨░ ╤Б╤Б╤Л╨╗╨║╨░ ╨▓ ╤А╨░╤Б╨┐╨╛╨╗╨╛╨╢╨╡╨╜╨╕╨╕ ╨┐╤Г╤В╨╕ ╨┐╨╛╨╕╤Б╨║╨░ "{RawFileName}".
             ╨Ф╨░╨╜╨╜╨░╤П ╤Б╤Б╤Л╨╗╨║╨░ ╨╜╨╡ ╤П╨▓╨╗╤П╨╡╤В╤Б╤П "CopyLocal" ╤В╨░╨║ ╨║╨░╨║ ╤Е╨╛╤В╤П ╨▒╤Л ╨┤╨╗╤П ╨╛╨┤╨╜╨╛╨│╨╛ ╨╕╤Б╤В╨╛╤З╨╜╨╕╨║╨░ ╨┤╨░╨╜╨╜╤Л╤Е ╨┐╨░╤А╨░╨╝╨╡╤В╤А "Private" ╨╕╨╝╨╡╨╡╤В ╨╖╨╜╨░╤З╨╡╨╜╨╕╨╡ "false", ╨╕ ╨╜╨╡╤В ╨╕╤Б╤В╨╛╤З╨╜╨╕╨║╨╛╨▓ ╨┤╨░╨╜╨╜╤Л╤Е, ╨┤╨╗╤П ╨║╨╛╤В╨╛╤А╤Л╤Е ╨┐╨░╤А╨░╨╝╨╡╤В╤А "Private" ╨╕╨╝╨╡╨╡╤В ╨╖╨╜╨░╤З╨╡╨╜╨╕╨╡ "true".
         ╨Я╨╡╤А╨▓╨╕╤З╨╜╨░╤П ╤Б╤Б╤Л╨╗╨║╨░ "System.Net.Requests, Version=9.0.0.0, Culture=neutral, PublicKeyToken=b03f5f7f11d50a3a".
             ╨а╨░╨╖╤А╨╡╤И╨╡╨╜╨╜╤Л╨╣ ╨┐╤Г╤В╤М ╨║ ╤Д╨░╨╣╨╗╤Г - "C:\Program Files\dotnet\packs\Microsoft.NETCore.App.Ref\9.0.2\ref\net9.0\System.Net.Requests.dll".
             ╨Ю╨▒╨╜╨░╤А╤Г╨╢╨╡╨╜╨░ ╤Б╤Б╤Л╨╗╨║╨░ ╨▓ ╤А╨░╤Б╨┐╨╛╨╗╨╛╨╢╨╡╨╜╨╕╨╕ ╨┐╤Г╤В╨╕ ╨┐╨╛╨╕╤Б╨║╨░ "{RawFileName}".
             ╨Ф╨░╨╜╨╜╨░╤П ╤Б╤Б╤Л╨╗╨║╨░ ╨╜╨╡ ╤П╨▓╨╗╤П╨╡╤В╤Б╤П "CopyLocal" ╤В╨░╨║ ╨║╨░╨║ ╤Е╨╛╤В╤П ╨▒╤Л ╨┤╨╗╤П ╨╛╨┤╨╜╨╛╨│╨╛ ╨╕╤Б╤В╨╛╤З╨╜╨╕╨║╨░ ╨┤╨░╨╜╨╜╤Л╤Е ╨┐╨░╤А╨░╨╝╨╡╤В╤А "Private" ╨╕╨╝╨╡╨╡╤В ╨╖╨╜╨░╤З╨╡╨╜╨╕╨╡ "false", ╨╕ ╨╜╨╡╤В ╨╕╤Б╤В╨╛╤З╨╜╨╕╨║╨╛╨▓ ╨┤╨░╨╜╨╜╤Л╤Е, ╨┤╨╗╤П ╨║╨╛╤В╨╛╤А╤Л╤Е ╨┐╨░╤А╨░╨╝╨╡╤В╤А "Private" ╨╕╨╝╨╡╨╡╤В ╨╖╨╜╨░╤З╨╡╨╜╨╕╨╡ "true".
         ╨Я╨╡╤А╨▓╨╕╤З╨╜╨░╤П ╤Б╤Б╤Л╨╗╨║╨░ "System.Net.Security, Version=9.0.0.0, Culture=neutral, PublicKeyToken=b03f5f7f11d50a3a".
             ╨а╨░╨╖╤А╨╡╤И╨╡╨╜╨╜╤Л╨╣ ╨┐╤Г╤В╤М ╨║ ╤Д╨░╨╣╨╗╤Г - "C:\Program Files\dotnet\packs\Microsoft.NETCore.App.Ref\9.0.2\ref\net9.0\System.Net.Security.dll".
             ╨Ю╨▒╨╜╨░╤А╤Г╨╢╨╡╨╜╨░ ╤Б╤Б╤Л╨╗╨║╨░ ╨▓ ╤А╨░╤Б╨┐╨╛╨╗╨╛╨╢╨╡╨╜╨╕╨╕ ╨┐╤Г╤В╨╕ ╨┐╨╛╨╕╤Б╨║╨░ "{RawFileName}".
             ╨Ф╨░╨╜╨╜╨░╤П ╤Б╤Б╤Л╨╗╨║╨░ ╨╜╨╡ ╤П╨▓╨╗╤П╨╡╤В╤Б╤П "CopyLocal" ╤В╨░╨║ ╨║╨░╨║ ╤Е╨╛╤В╤П ╨▒╤Л ╨┤╨╗╤П ╨╛╨┤╨╜╨╛╨│╨╛ ╨╕╤Б╤В╨╛╤З╨╜╨╕╨║╨░ ╨┤╨░╨╜╨╜╤Л╤Е ╨┐╨░╤А╨░╨╝╨╡╤В╤А "Private" ╨╕╨╝╨╡╨╡╤В ╨╖╨╜╨░╤З╨╡╨╜╨╕╨╡ "false", ╨╕ ╨╜╨╡╤В ╨╕╤Б╤В╨╛╤З╨╜╨╕╨║╨╛╨▓ ╨┤╨░╨╜╨╜╤Л╤Е, ╨┤╨╗╤П ╨║╨╛╤В╨╛╤А╤Л╤Е ╨┐╨░╤А╨░╨╝╨╡╤В╤А "Private" ╨╕╨╝╨╡╨╡╤В ╨╖╨╜╨░╤З╨╡╨╜╨╕╨╡ "true".
         ╨Я╨╡╤А╨▓╨╕╤З╨╜╨░╤П ╤Б╤Б╤Л╨╗╨║╨░ "System.Net.ServicePoint, Version=9.0.0.0, Culture=neutral, PublicKeyToken=cc7b13ffcd2ddd51".
             ╨а╨░╨╖╤А╨╡╤И╨╡╨╜╨╜╤Л╨╣ ╨┐╤Г╤В╤М ╨║ ╤Д╨░╨╣╨╗╤Г - "C:\Program Files\dotnet\packs\Microsoft.NETCore.App.Ref\9.0.2\ref\net9.0\System.Net.ServicePoint.dll".
             ╨Ю╨▒╨╜╨░╤А╤Г╨╢╨╡╨╜╨░ ╤Б╤Б╤Л╨╗╨║╨░ ╨▓ ╤А╨░╤Б╨┐╨╛╨╗╨╛╨╢╨╡╨╜╨╕╨╕ ╨┐╤Г╤В╨╕ ╨┐╨╛╨╕╤Б╨║╨░ "{RawFileName}".
             ╨Ф╨░╨╜╨╜╨░╤П ╤Б╤Б╤Л╨╗╨║╨░ ╨╜╨╡ ╤П╨▓╨╗╤П╨╡╤В╤Б╤П "CopyLocal" ╤В╨░╨║ ╨║╨░╨║ ╤Е╨╛╤В╤П ╨▒╤Л ╨┤╨╗╤П ╨╛╨┤╨╜╨╛╨│╨╛ ╨╕╤Б╤В╨╛╤З╨╜╨╕╨║╨░ ╨┤╨░╨╜╨╜╤Л╤Е ╨┐╨░╤А╨░╨╝╨╡╤В╤А "Private" ╨╕╨╝╨╡╨╡╤В ╨╖╨╜╨░╤З╨╡╨╜╨╕╨╡ "false", ╨╕ ╨╜╨╡╤В ╨╕╤Б╤В╨╛╤З╨╜╨╕╨║╨╛╨▓ ╨┤╨░╨╜╨╜╤Л╤Е, ╨┤╨╗╤П ╨║╨╛╤В╨╛╤А╤Л╤Е ╨┐╨░╤А╨░╨╝╨╡╤В╤А "Private" ╨╕╨╝╨╡╨╡╤В ╨╖╨╜╨░╤З╨╡╨╜╨╕╨╡ "true".
         ╨Я╨╡╤А╨▓╨╕╤З╨╜╨░╤П ╤Б╤Б╤Л╨╗╨║╨░ "System.Net.Sockets, Version=9.0.0.0, Culture=neutral, PublicKeyToken=b03f5f7f11d50a3a".
             ╨а╨░╨╖╤А╨╡╤И╨╡╨╜╨╜╤Л╨╣ ╨┐╤Г╤В╤М ╨║ ╤Д╨░╨╣╨╗╤Г - "C:\Program Files\dotnet\packs\Microsoft.NETCore.App.Ref\9.0.2\ref\net9.0\System.Net.Sockets.dll".
             ╨Ю╨▒╨╜╨░╤А╤Г╨╢╨╡╨╜╨░ ╤Б╤Б╤Л╨╗╨║╨░ ╨▓ ╤А╨░╤Б╨┐╨╛╨╗╨╛╨╢╨╡╨╜╨╕╨╕ ╨┐╤Г╤В╨╕ ╨┐╨╛╨╕╤Б╨║╨░ "{RawFileName}".
             ╨Ф╨░╨╜╨╜╨░╤П ╤Б╤Б╤Л╨╗╨║╨░ ╨╜╨╡ ╤П╨▓╨╗╤П╨╡╤В╤Б╤П "CopyLocal" ╤В╨░╨║ ╨║╨░╨║ ╤Е╨╛╤В╤П ╨▒╤Л ╨┤╨╗╤П ╨╛╨┤╨╜╨╛╨│╨╛ ╨╕╤Б╤В╨╛╤З╨╜╨╕╨║╨░ ╨┤╨░╨╜╨╜╤Л╤Е ╨┐╨░╤А╨░╨╝╨╡╤В╤А "Private" ╨╕╨╝╨╡╨╡╤В ╨╖╨╜╨░╤З╨╡╨╜╨╕╨╡ "false", ╨╕ ╨╜╨╡╤В ╨╕╤Б╤В╨╛╤З╨╜╨╕╨║╨╛╨▓ ╨┤╨░╨╜╨╜╤Л╤Е, ╨┤╨╗╤П ╨║╨╛╤В╨╛╤А╤Л╤Е ╨┐╨░╤А╨░╨╝╨╡╤В╤А "Private" ╨╕╨╝╨╡╨╡╤В ╨╖╨╜╨░╤З╨╡╨╜╨╕╨╡ "true".
         ╨Я╨╡╤А╨▓╨╕╤З╨╜╨░╤П ╤Б╤Б╤Л╨╗╨║╨░ "System.Net.WebClient, Version=9.0.0.0, Culture=neutral, PublicKeyToken=cc7b13ffcd2ddd51".
             ╨а╨░╨╖╤А╨╡╤И╨╡╨╜╨╜╤Л╨╣ ╨┐╤Г╤В╤М ╨║ ╤Д╨░╨╣╨╗╤Г - "C:\Program Files\dotnet\packs\Microsoft.NETCore.App.Ref\9.0.2\ref\net9.0\System.Net.WebClient.dll".
             ╨Ю╨▒╨╜╨░╤А╤Г╨╢╨╡╨╜╨░ ╤Б╤Б╤Л╨╗╨║╨░ ╨▓ ╤А╨░╤Б╨┐╨╛╨╗╨╛╨╢╨╡╨╜╨╕╨╕ ╨┐╤Г╤В╨╕ ╨┐╨╛╨╕╤Б╨║╨░ "{RawFileName}".
             ╨Ф╨░╨╜╨╜╨░╤П ╤Б╤Б╤Л╨╗╨║╨░ ╨╜╨╡ ╤П╨▓╨╗╤П╨╡╤В╤Б╤П "CopyLocal" ╤В╨░╨║ ╨║╨░╨║ ╤Е╨╛╤В╤П ╨▒╤Л ╨┤╨╗╤П ╨╛╨┤╨╜╨╛╨│╨╛ ╨╕╤Б╤В╨╛╤З╨╜╨╕╨║╨░ ╨┤╨░╨╜╨╜╤Л╤Е ╨┐╨░╤А╨░╨╝╨╡╤В╤А "Private" ╨╕╨╝╨╡╨╡╤В ╨╖╨╜╨░╤З╨╡╨╜╨╕╨╡ "false", ╨╕ ╨╜╨╡╤В ╨╕╤Б╤В╨╛╤З╨╜╨╕╨║╨╛╨▓ ╨┤╨░╨╜╨╜╤Л╤Е, ╨┤╨╗╤П ╨║╨╛╤В╨╛╤А╤Л╤Е ╨┐╨░╤А╨░╨╝╨╡╤В╤А "Private" ╨╕╨╝╨╡╨╡╤В ╨╖╨╜╨░╤З╨╡╨╜╨╕╨╡ "true".
         ╨Я╨╡╤А╨▓╨╕╤З╨╜╨░╤П ╤Б╤Б╤Л╨╗╨║╨░ "System.Net.WebHeaderCollection, Version=9.0.0.0, Culture=neutral, PublicKeyToken=b03f5f7f11d50a3a".
             ╨а╨░╨╖╤А╨╡╤И╨╡╨╜╨╜╤Л╨╣ ╨┐╤Г╤В╤М ╨║ ╤Д╨░╨╣╨╗╤Г - "C:\Program Files\dotnet\packs\Microsoft.NETCore.App.Ref\9.0.2\ref\net9.0\System.Net.WebHeaderCollection.dll".
             ╨Ю╨▒╨╜╨░╤А╤Г╨╢╨╡╨╜╨░ ╤Б╤Б╤Л╨╗╨║╨░ ╨▓ ╤А╨░╤Б╨┐╨╛╨╗╨╛╨╢╨╡╨╜╨╕╨╕ ╨┐╤Г╤В╨╕ ╨┐╨╛╨╕╤Б╨║╨░ "{RawFileName}".
             ╨Ф╨░╨╜╨╜╨░╤П ╤Б╤Б╤Л╨╗╨║╨░ ╨╜╨╡ ╤П╨▓╨╗╤П╨╡╤В╤Б╤П "CopyLocal" ╤В╨░╨║ ╨║╨░╨║ ╤Е╨╛╤В╤П ╨▒╤Л ╨┤╨╗╤П ╨╛╨┤╨╜╨╛╨│╨╛ ╨╕╤Б╤В╨╛╤З╨╜╨╕╨║╨░ ╨┤╨░╨╜╨╜╤Л╤Е ╨┐╨░╤А╨░╨╝╨╡╤В╤А "Private" ╨╕╨╝╨╡╨╡╤В ╨╖╨╜╨░╤З╨╡╨╜╨╕╨╡ "false", ╨╕ ╨╜╨╡╤В ╨╕╤Б╤В╨╛╤З╨╜╨╕╨║╨╛╨▓ ╨┤╨░╨╜╨╜╤Л╤Е, ╨┤╨╗╤П ╨║╨╛╤В╨╛╤А╤Л╤Е ╨┐╨░╤А╨░╨╝╨╡╤В╤А "Private" ╨╕╨╝╨╡╨╡╤В ╨╖╨╜╨░╤З╨╡╨╜╨╕╨╡ "true".
         ╨Я╨╡╤А╨▓╨╕╤З╨╜╨░╤П ╤Б╤Б╤Л╨╗╨║╨░ "System.Net.WebProxy, Version=9.0.0.0, Culture=neutral, PublicKeyToken=cc7b13ffcd2ddd51".
             ╨а╨░╨╖╤А╨╡╤И╨╡╨╜╨╜╤Л╨╣ ╨┐╤Г╤В╤М ╨║ ╤Д╨░╨╣╨╗╤Г - "C:\Program Files\dotnet\packs\Microsoft.NETCore.App.Ref\9.0.2\ref\net9.0\System.Net.WebProxy.dll".
             ╨Ю╨▒╨╜╨░╤А╤Г╨╢╨╡╨╜╨░ ╤Б╤Б╤Л╨╗╨║╨░ ╨▓ ╤А╨░╤Б╨┐╨╛╨╗╨╛╨╢╨╡╨╜╨╕╨╕ ╨┐╤Г╤В╨╕ ╨┐╨╛╨╕╤Б╨║╨░ "{RawFileName}".
             ╨Ф╨░╨╜╨╜╨░╤П ╤Б╤Б╤Л╨╗╨║╨░ ╨╜╨╡ ╤П╨▓╨╗╤П╨╡╤В╤Б╤П "CopyLocal" ╤В╨░╨║ ╨║╨░╨║ ╤Е╨╛╤В╤П ╨▒╤Л ╨┤╨╗╤П ╨╛╨┤╨╜╨╛╨│╨╛ ╨╕╤Б╤В╨╛╤З╨╜╨╕╨║╨░ ╨┤╨░╨╜╨╜╤Л╤Е ╨┐╨░╤А╨░╨╝╨╡╤В╤А "Private" ╨╕╨╝╨╡╨╡╤В ╨╖╨╜╨░╤З╨╡╨╜╨╕╨╡ "false", ╨╕ ╨╜╨╡╤В ╨╕╤Б╤В╨╛╤З╨╜╨╕╨║╨╛╨▓ ╨┤╨░╨╜╨╜╤Л╤Е, ╨┤╨╗╤П ╨║╨╛╤В╨╛╤А╤Л╤Е ╨┐╨░╤А╨░╨╝╨╡╤В╤А "Private" ╨╕╨╝╨╡╨╡╤В ╨╖╨╜╨░╤З╨╡╨╜╨╕╨╡ "true".
         ╨Я╨╡╤А╨▓╨╕╤З╨╜╨░╤П ╤Б╤Б╤Л╨╗╨║╨░ "System.Net.WebSockets.Client, Version=9.0.0.0, Culture=neutral, PublicKeyToken=b03f5f7f11d50a3a".
             ╨а╨░╨╖╤А╨╡╤И╨╡╨╜╨╜╤Л╨╣ ╨┐╤Г╤В╤М ╨║ ╤Д╨░╨╣╨╗╤Г - "C:\Program Files\dotnet\packs\Microsoft.NETCore.App.Ref\9.0.2\ref\net9.0\System.Net.WebSockets.Client.dll".
             ╨Ю╨▒╨╜╨░╤А╤Г╨╢╨╡╨╜╨░ ╤Б╤Б╤Л╨╗╨║╨░ ╨▓ ╤А╨░╤Б╨┐╨╛╨╗╨╛╨╢╨╡╨╜╨╕╨╕ ╨┐╤Г╤В╨╕ ╨┐╨╛╨╕╤Б╨║╨░ "{RawFileName}".
             ╨Ф╨░╨╜╨╜╨░╤П ╤Б╤Б╤Л╨╗╨║╨░ ╨╜╨╡ ╤П╨▓╨╗╤П╨╡╤В╤Б╤П "CopyLocal" ╤В╨░╨║ ╨║╨░╨║ ╤Е╨╛╤В╤П ╨▒╤Л ╨┤╨╗╤П ╨╛╨┤╨╜╨╛╨│╨╛ ╨╕╤Б╤В╨╛╤З╨╜╨╕╨║╨░ ╨┤╨░╨╜╨╜╤Л╤Е ╨┐╨░╤А╨░╨╝╨╡╤В╤А "Private" ╨╕╨╝╨╡╨╡╤В ╨╖╨╜╨░╤З╨╡╨╜╨╕╨╡ "false", ╨╕ ╨╜╨╡╤В ╨╕╤Б╤В╨╛╤З╨╜╨╕╨║╨╛╨▓ ╨┤╨░╨╜╨╜╤Л╤Е, ╨┤╨╗╤П ╨║╨╛╤В╨╛╤А╤Л╤Е ╨┐╨░╤А╨░╨╝╨╡╤В╤А "Private" ╨╕╨╝╨╡╨╡╤В ╨╖╨╜╨░╤З╨╡╨╜╨╕╨╡ "true".
         ╨Я╨╡╤А╨▓╨╕╤З╨╜╨░╤П ╤Б╤Б╤Л╨╗╨║╨░ "System.Net.WebSockets, Version=9.0.0.0, Culture=neutral, PublicKeyToken=b03f5f7f11d50a3a".
             ╨а╨░╨╖╤А╨╡╤И╨╡╨╜╨╜╤Л╨╣ ╨┐╤Г╤В╤М ╨║ ╤Д╨░╨╣╨╗╤Г - "C:\Program Files\dotnet\packs\Microsoft.NETCore.App.Ref\9.0.2\ref\net9.0\System.Net.WebSockets.dll".
             ╨Ю╨▒╨╜╨░╤А╤Г╨╢╨╡╨╜╨░ ╤Б╤Б╤Л╨╗╨║╨░ ╨▓ ╤А╨░╤Б╨┐╨╛╨╗╨╛╨╢╨╡╨╜╨╕╨╕ ╨┐╤Г╤В╨╕ ╨┐╨╛╨╕╤Б╨║╨░ "{RawFileName}".
             ╨Ф╨░╨╜╨╜╨░╤П ╤Б╤Б╤Л╨╗╨║╨░ ╨╜╨╡ ╤П╨▓╨╗╤П╨╡╤В╤Б╤П "CopyLocal" ╤В╨░╨║ ╨║╨░╨║ ╤Е╨╛╤В╤П ╨▒╤Л ╨┤╨╗╤П ╨╛╨┤╨╜╨╛╨│╨╛ ╨╕╤Б╤В╨╛╤З╨╜╨╕╨║╨░ ╨┤╨░╨╜╨╜╤Л╤Е ╨┐╨░╤А╨░╨╝╨╡╤В╤А "Private" ╨╕╨╝╨╡╨╡╤В ╨╖╨╜╨░╤З╨╡╨╜╨╕╨╡ "false", ╨╕ ╨╜╨╡╤В ╨╕╤Б╤В╨╛╤З╨╜╨╕╨║╨╛╨▓ ╨┤╨░╨╜╨╜╤Л╤Е, ╨┤╨╗╤П ╨║╨╛╤В╨╛╤А╤Л╤Е ╨┐╨░╤А╨░╨╝╨╡╤В╤А "Private" ╨╕╨╝╨╡╨╡╤В ╨╖╨╜╨░╤З╨╡╨╜╨╕╨╡ "true".
         ╨Я╨╡╤А╨▓╨╕╤З╨╜╨░╤П ╤Б╤Б╤Л╨╗╨║╨░ "System.Net, Version=4.0.0.0, Culture=neutral, PublicKeyToken=b03f5f7f11d50a3a".
             ╨а╨░╨╖╤А╨╡╤И╨╡╨╜╨╜╤Л╨╣ ╨┐╤Г╤В╤М ╨║ ╤Д╨░╨╣╨╗╤Г - "C:\Program Files\dotnet\packs\Microsoft.NETCore.App.Ref\9.0.2\ref\net9.0\System.Net.dll".
             ╨Ю╨▒╨╜╨░╤А╤Г╨╢╨╡╨╜╨░ ╤Б╤Б╤Л╨╗╨║╨░ ╨▓ ╤А╨░╤Б╨┐╨╛╨╗╨╛╨╢╨╡╨╜╨╕╨╕ ╨┐╤Г╤В╨╕ ╨┐╨╛╨╕╤Б╨║╨░ "{RawFileName}".
             ╨Ф╨░╨╜╨╜╨░╤П ╤Б╤Б╤Л╨╗╨║╨░ ╨╜╨╡ ╤П╨▓╨╗╤П╨╡╤В╤Б╤П "CopyLocal" ╤В╨░╨║ ╨║╨░╨║ ╤Е╨╛╤В╤П ╨▒╤Л ╨┤╨╗╤П ╨╛╨┤╨╜╨╛╨│╨╛ ╨╕╤Б╤В╨╛╤З╨╜╨╕╨║╨░ ╨┤╨░╨╜╨╜╤Л╤Е ╨┐╨░╤А╨░╨╝╨╡╤В╤А "Private" ╨╕╨╝╨╡╨╡╤В ╨╖╨╜╨░╤З╨╡╨╜╨╕╨╡ "false", ╨╕ ╨╜╨╡╤В ╨╕╤Б╤В╨╛╤З╨╜╨╕╨║╨╛╨▓ ╨┤╨░╨╜╨╜╤Л╤Е, ╨┤╨╗╤П ╨║╨╛╤В╨╛╤А╤Л╤Е ╨┐╨░╤А╨░╨╝╨╡╤В╤А "Private" ╨╕╨╝╨╡╨╡╤В ╨╖╨╜╨░╤З╨╡╨╜╨╕╨╡ "true".
         ╨Я╨╡╤А╨▓╨╕╤З╨╜╨░╤П ╤Б╤Б╤Л╨╗╨║╨░ "System.Numerics.Vectors, Version=9.0.0.0, Culture=neutral, PublicKeyToken=b03f5f7f11d50a3a".
             ╨а╨░╨╖╤А╨╡╤И╨╡╨╜╨╜╤Л╨╣ ╨┐╤Г╤В╤М ╨║ ╤Д╨░╨╣╨╗╤Г - "C:\Program Files\dotnet\packs\Microsoft.NETCore.App.Ref\9.0.2\ref\net9.0\System.Numerics.Vectors.dll".
             ╨Ю╨▒╨╜╨░╤А╤Г╨╢╨╡╨╜╨░ ╤Б╤Б╤Л╨╗╨║╨░ ╨▓ ╤А╨░╤Б╨┐╨╛╨╗╨╛╨╢╨╡╨╜╨╕╨╕ ╨┐╤Г╤В╨╕ ╨┐╨╛╨╕╤Б╨║╨░ "{RawFileName}".
             ╨Ф╨░╨╜╨╜╨░╤П ╤Б╤Б╤Л╨╗╨║╨░ ╨╜╨╡ ╤П╨▓╨╗╤П╨╡╤В╤Б╤П "CopyLocal" ╤В╨░╨║ ╨║╨░╨║ ╤Е╨╛╤В╤П ╨▒╤Л ╨┤╨╗╤П ╨╛╨┤╨╜╨╛╨│╨╛ ╨╕╤Б╤В╨╛╤З╨╜╨╕╨║╨░ ╨┤╨░╨╜╨╜╤Л╤Е ╨┐╨░╤А╨░╨╝╨╡╤В╤А "Private" ╨╕╨╝╨╡╨╡╤В ╨╖╨╜╨░╤З╨╡╨╜╨╕╨╡ "false", ╨╕ ╨╜╨╡╤В ╨╕╤Б╤В╨╛╤З╨╜╨╕╨║╨╛╨▓ ╨┤╨░╨╜╨╜╤Л╤Е, ╨┤╨╗╤П ╨║╨╛╤В╨╛╤А╤Л╤Е ╨┐╨░╤А╨░╨╝╨╡╤В╤А "Private" ╨╕╨╝╨╡╨╡╤В ╨╖╨╜╨░╤З╨╡╨╜╨╕╨╡ "true".
         ╨Я╨╡╤А╨▓╨╕╤З╨╜╨░╤П ╤Б╤Б╤Л╨╗╨║╨░ "System.Numerics, Version=4.0.0.0, Culture=neutral, PublicKeyToken=b77a5c561934e089".
             ╨а╨░╨╖╤А╨╡╤И╨╡╨╜╨╜╤Л╨╣ ╨┐╤Г╤В╤М ╨║ ╤Д╨░╨╣╨╗╤Г - "C:\Program Files\dotnet\packs\Microsoft.NETCore.App.Ref\9.0.2\ref\net9.0\System.Numerics.dll".
             ╨Ю╨▒╨╜╨░╤А╤Г╨╢╨╡╨╜╨░ ╤Б╤Б╤Л╨╗╨║╨░ ╨▓ ╤А╨░╤Б╨┐╨╛╨╗╨╛╨╢╨╡╨╜╨╕╨╕ ╨┐╤Г╤В╨╕ ╨┐╨╛╨╕╤Б╨║╨░ "{RawFileName}".
             ╨Ф╨░╨╜╨╜╨░╤П ╤Б╤Б╤Л╨╗╨║╨░ ╨╜╨╡ ╤П╨▓╨╗╤П╨╡╤В╤Б╤П "CopyLocal" ╤В╨░╨║ ╨║╨░╨║ ╤Е╨╛╤В╤П ╨▒╤Л ╨┤╨╗╤П ╨╛╨┤╨╜╨╛╨│╨╛ ╨╕╤Б╤В╨╛╤З╨╜╨╕╨║╨░ ╨┤╨░╨╜╨╜╤Л╤Е ╨┐╨░╤А╨░╨╝╨╡╤В╤А "Private" ╨╕╨╝╨╡╨╡╤В ╨╖╨╜╨░╤З╨╡╨╜╨╕╨╡ "false", ╨╕ ╨╜╨╡╤В ╨╕╤Б╤В╨╛╤З╨╜╨╕╨║╨╛╨▓ ╨┤╨░╨╜╨╜╤Л╤Е, ╨┤╨╗╤П ╨║╨╛╤В╨╛╤А╤Л╤Е ╨┐╨░╤А╨░╨╝╨╡╤В╤А "Private" ╨╕╨╝╨╡╨╡╤В ╨╖╨╜╨░╤З╨╡╨╜╨╕╨╡ "true".
         ╨Я╨╡╤А╨▓╨╕╤З╨╜╨░╤П ╤Б╤Б╤Л╨╗╨║╨░ "System.ObjectModel, Version=9.0.0.0, Culture=neutral, PublicKeyToken=b03f5f7f11d50a3a".
             ╨а╨░╨╖╤А╨╡╤И╨╡╨╜╨╜╤Л╨╣ ╨┐╤Г╤В╤М ╨║ ╤Д╨░╨╣╨╗╤Г - "C:\Program Files\dotnet\packs\Microsoft.NETCore.App.Ref\9.0.2\ref\net9.0\System.ObjectModel.dll".
             ╨Ю╨▒╨╜╨░╤А╤Г╨╢╨╡╨╜╨░ ╤Б╤Б╤Л╨╗╨║╨░ ╨▓ ╤А╨░╤Б╨┐╨╛╨╗╨╛╨╢╨╡╨╜╨╕╨╕ ╨┐╤Г╤В╨╕ ╨┐╨╛╨╕╤Б╨║╨░ "{RawFileName}".
             ╨Ф╨░╨╜╨╜╨░╤П ╤Б╤Б╤Л╨╗╨║╨░ ╨╜╨╡ ╤П╨▓╨╗╤П╨╡╤В╤Б╤П "CopyLocal" ╤В╨░╨║ ╨║╨░╨║ ╤Е╨╛╤В╤П ╨▒╤Л ╨┤╨╗╤П ╨╛╨┤╨╜╨╛╨│╨╛ ╨╕╤Б╤В╨╛╤З╨╜╨╕╨║╨░ ╨┤╨░╨╜╨╜╤Л╤Е ╨┐╨░╤А╨░╨╝╨╡╤В╤А "Private" ╨╕╨╝╨╡╨╡╤В ╨╖╨╜╨░╤З╨╡╨╜╨╕╨╡ "false", ╨╕ ╨╜╨╡╤В ╨╕╤Б╤В╨╛╤З╨╜╨╕╨║╨╛╨▓ ╨┤╨░╨╜╨╜╤Л╤Е, ╨┤╨╗╤П ╨║╨╛╤В╨╛╤А╤Л╤Е ╨┐╨░╤А╨░╨╝╨╡╤В╤А "Private" ╨╕╨╝╨╡╨╡╤В ╨╖╨╜╨░╤З╨╡╨╜╨╕╨╡ "true".
         ╨Я╨╡╤А╨▓╨╕╤З╨╜╨░╤П ╤Б╤Б╤Л╨╗╨║╨░ "System.Reflection.DispatchProxy, Version=9.0.0.0, Culture=neutral, PublicKeyToken=b03f5f7f11d50a3a".
             ╨а╨░╨╖╤А╨╡╤И╨╡╨╜╨╜╤Л╨╣ ╨┐╤Г╤В╤М ╨║ ╤Д╨░╨╣╨╗╤Г - "C:\Program Files\dotnet\packs\Microsoft.NETCore.App.Ref\9.0.2\ref\net9.0\System.Reflection.DispatchProxy.dll".
             ╨Ю╨▒╨╜╨░╤А╤Г╨╢╨╡╨╜╨░ ╤Б╤Б╤Л╨╗╨║╨░ ╨▓ ╤А╨░╤Б╨┐╨╛╨╗╨╛╨╢╨╡╨╜╨╕╨╕ ╨┐╤Г╤В╨╕ ╨┐╨╛╨╕╤Б╨║╨░ "{RawFileName}".
             ╨Ф╨░╨╜╨╜╨░╤П ╤Б╤Б╤Л╨╗╨║╨░ ╨╜╨╡ ╤П╨▓╨╗╤П╨╡╤В╤Б╤П "CopyLocal" ╤В╨░╨║ ╨║╨░╨║ ╤Е╨╛╤В╤П ╨▒╤Л ╨┤╨╗╤П ╨╛╨┤╨╜╨╛╨│╨╛ ╨╕╤Б╤В╨╛╤З╨╜╨╕╨║╨░ ╨┤╨░╨╜╨╜╤Л╤Е ╨┐╨░╤А╨░╨╝╨╡╤В╤А "Private" ╨╕╨╝╨╡╨╡╤В ╨╖╨╜╨░╤З╨╡╨╜╨╕╨╡ "false", ╨╕ ╨╜╨╡╤В ╨╕╤Б╤В╨╛╤З╨╜╨╕╨║╨╛╨▓ ╨┤╨░╨╜╨╜╤Л╤Е, ╨┤╨╗╤П ╨║╨╛╤В╨╛╤А╤Л╤Е ╨┐╨░╤А╨░╨╝╨╡╤В╤А "Private" ╨╕╨╝╨╡╨╡╤В ╨╖╨╜╨░╤З╨╡╨╜╨╕╨╡ "true".
         ╨Я╨╡╤А╨▓╨╕╤З╨╜╨░╤П ╤Б╤Б╤Л╨╗╨║╨░ "System.Reflection.Emit.ILGeneration, Version=9.0.0.0, Culture=neutral, PublicKeyToken=b03f5f7f11d50a3a".
             ╨а╨░╨╖╤А╨╡╤И╨╡╨╜╨╜╤Л╨╣ ╨┐╤Г╤В╤М ╨║ ╤Д╨░╨╣╨╗╤Г - "C:\Program Files\dotnet\packs\Microsoft.NETCore.App.Ref\9.0.2\ref\net9.0\System.Reflection.Emit.ILGeneration.dll".
             ╨Ю╨▒╨╜╨░╤А╤Г╨╢╨╡╨╜╨░ ╤Б╤Б╤Л╨╗╨║╨░ ╨▓ ╤А╨░╤Б╨┐╨╛╨╗╨╛╨╢╨╡╨╜╨╕╨╕ ╨┐╤Г╤В╨╕ ╨┐╨╛╨╕╤Б╨║╨░ "{RawFileName}".
             ╨Ф╨░╨╜╨╜╨░╤П ╤Б╤Б╤Л╨╗╨║╨░ ╨╜╨╡ ╤П╨▓╨╗╤П╨╡╤В╤Б╤П "CopyLocal" ╤В╨░╨║ ╨║╨░╨║ ╤Е╨╛╤В╤П ╨▒╤Л ╨┤╨╗╤П ╨╛╨┤╨╜╨╛╨│╨╛ ╨╕╤Б╤В╨╛╤З╨╜╨╕╨║╨░ ╨┤╨░╨╜╨╜╤Л╤Е ╨┐╨░╤А╨░╨╝╨╡╤В╤А "Private" ╨╕╨╝╨╡╨╡╤В ╨╖╨╜╨░╤З╨╡╨╜╨╕╨╡ "false", ╨╕ ╨╜╨╡╤В ╨╕╤Б╤В╨╛╤З╨╜╨╕╨║╨╛╨▓ ╨┤╨░╨╜╨╜╤Л╤Е, ╨┤╨╗╤П ╨║╨╛╤В╨╛╤А╤Л╤Е ╨┐╨░╤А╨░╨╝╨╡╤В╤А "Private" ╨╕╨╝╨╡╨╡╤В ╨╖╨╜╨░╤З╨╡╨╜╨╕╨╡ "true".
         ╨Я╨╡╤А╨▓╨╕╤З╨╜╨░╤П ╤Б╤Б╤Л╨╗╨║╨░ "System.Reflection.Emit.Lightweight, Version=9.0.0.0, Culture=neutral, PublicKeyToken=b03f5f7f11d50a3a".
             ╨а╨░╨╖╤А╨╡╤И╨╡╨╜╨╜╤Л╨╣ ╨┐╤Г╤В╤М ╨║ ╤Д╨░╨╣╨╗╤Г - "C:\Program Files\dotnet\packs\Microsoft.NETCore.App.Ref\9.0.2\ref\net9.0\System.Reflection.Emit.Lightweight.dll".
             ╨Ю╨▒╨╜╨░╤А╤Г╨╢╨╡╨╜╨░ ╤Б╤Б╤Л╨╗╨║╨░ ╨▓ ╤А╨░╤Б╨┐╨╛╨╗╨╛╨╢╨╡╨╜╨╕╨╕ ╨┐╤Г╤В╨╕ ╨┐╨╛╨╕╤Б╨║╨░ "{RawFileName}".
             ╨Ф╨░╨╜╨╜╨░╤П ╤Б╤Б╤Л╨╗╨║╨░ ╨╜╨╡ ╤П╨▓╨╗╤П╨╡╤В╤Б╤П "CopyLocal" ╤В╨░╨║ ╨║╨░╨║ ╤Е╨╛╤В╤П ╨▒╤Л ╨┤╨╗╤П ╨╛╨┤╨╜╨╛╨│╨╛ ╨╕╤Б╤В╨╛╤З╨╜╨╕╨║╨░ ╨┤╨░╨╜╨╜╤Л╤Е ╨┐╨░╤А╨░╨╝╨╡╤В╤А "Private" ╨╕╨╝╨╡╨╡╤В ╨╖╨╜╨░╤З╨╡╨╜╨╕╨╡ "false", ╨╕ ╨╜╨╡╤В ╨╕╤Б╤В╨╛╤З╨╜╨╕╨║╨╛╨▓ ╨┤╨░╨╜╨╜╤Л╤Е, ╨┤╨╗╤П ╨║╨╛╤В╨╛╤А╤Л╤Е ╨┐╨░╤А╨░╨╝╨╡╤В╤А "Private" ╨╕╨╝╨╡╨╡╤В ╨╖╨╜╨░╤З╨╡╨╜╨╕╨╡ "true".
         ╨Я╨╡╤А╨▓╨╕╤З╨╜╨░╤П ╤Б╤Б╤Л╨╗╨║╨░ "System.Reflection.Emit, Version=9.0.0.0, Culture=neutral, PublicKeyToken=b03f5f7f11d50a3a".
             ╨а╨░╨╖╤А╨╡╤И╨╡╨╜╨╜╤Л╨╣ ╨┐╤Г╤В╤М ╨║ ╤Д╨░╨╣╨╗╤Г - "C:\Program Files\dotnet\packs\Microsoft.NETCore.App.Ref\9.0.2\ref\net9.0\System.Reflection.Emit.dll".
             ╨Ю╨▒╨╜╨░╤А╤Г╨╢╨╡╨╜╨░ ╤Б╤Б╤Л╨╗╨║╨░ ╨▓ ╤А╨░╤Б╨┐╨╛╨╗╨╛╨╢╨╡╨╜╨╕╨╕ ╨┐╤Г╤В╨╕ ╨┐╨╛╨╕╤Б╨║╨░ "{RawFileName}".
             ╨Ф╨░╨╜╨╜╨░╤П ╤Б╤Б╤Л╨╗╨║╨░ ╨╜╨╡ ╤П╨▓╨╗╤П╨╡╤В╤Б╤П "CopyLocal" ╤В╨░╨║ ╨║╨░╨║ ╤Е╨╛╤В╤П ╨▒╤Л ╨┤╨╗╤П ╨╛╨┤╨╜╨╛╨│╨╛ ╨╕╤Б╤В╨╛╤З╨╜╨╕╨║╨░ ╨┤╨░╨╜╨╜╤Л╤Е ╨┐╨░╤А╨░╨╝╨╡╤В╤А "Private" ╨╕╨╝╨╡╨╡╤В ╨╖╨╜╨░╤З╨╡╨╜╨╕╨╡ "false", ╨╕ ╨╜╨╡╤В ╨╕╤Б╤В╨╛╤З╨╜╨╕╨║╨╛╨▓ ╨┤╨░╨╜╨╜╤Л╤Е, ╨┤╨╗╤П ╨║╨╛╤В╨╛╤А╤Л╤Е ╨┐╨░╤А╨░╨╝╨╡╤В╤А "Private" ╨╕╨╝╨╡╨╡╤В ╨╖╨╜╨░╤З╨╡╨╜╨╕╨╡ "true".
         ╨Я╨╡╤А╨▓╨╕╤З╨╜╨░╤П ╤Б╤Б╤Л╨╗╨║╨░ "System.Reflection.Extensions, Version=9.0.0.0, Culture=neutral, PublicKeyToken=b03f5f7f11d50a3a".
             ╨а╨░╨╖╤А╨╡╤И╨╡╨╜╨╜╤Л╨╣ ╨┐╤Г╤В╤М ╨║ ╤Д╨░╨╣╨╗╤Г - "C:\Program Files\dotnet\packs\Microsoft.NETCore.App.Ref\9.0.2\ref\net9.0\System.Reflection.Extensions.dll".
             ╨Ю╨▒╨╜╨░╤А╤Г╨╢╨╡╨╜╨░ ╤Б╤Б╤Л╨╗╨║╨░ ╨▓ ╤А╨░╤Б╨┐╨╛╨╗╨╛╨╢╨╡╨╜╨╕╨╕ ╨┐╤Г╤В╨╕ ╨┐╨╛╨╕╤Б╨║╨░ "{RawFileName}".
             ╨Ф╨░╨╜╨╜╨░╤П ╤Б╤Б╤Л╨╗╨║╨░ ╨╜╨╡ ╤П╨▓╨╗╤П╨╡╤В╤Б╤П "CopyLocal" ╤В╨░╨║ ╨║╨░╨║ ╤Е╨╛╤В╤П ╨▒╤Л ╨┤╨╗╤П ╨╛╨┤╨╜╨╛╨│╨╛ ╨╕╤Б╤В╨╛╤З╨╜╨╕╨║╨░ ╨┤╨░╨╜╨╜╤Л╤Е ╨┐╨░╤А╨░╨╝╨╡╤В╤А "Private" ╨╕╨╝╨╡╨╡╤В ╨╖╨╜╨░╤З╨╡╨╜╨╕╨╡ "false", ╨╕ ╨╜╨╡╤В ╨╕╤Б╤В╨╛╤З╨╜╨╕╨║╨╛╨▓ ╨┤╨░╨╜╨╜╤Л╤Е, ╨┤╨╗╤П ╨║╨╛╤В╨╛╤А╤Л╤Е ╨┐╨░╤А╨░╨╝╨╡╤В╤А "Private" ╨╕╨╝╨╡╨╡╤В ╨╖╨╜╨░╤З╨╡╨╜╨╕╨╡ "true".
         ╨Я╨╡╤А╨▓╨╕╤З╨╜╨░╤П ╤Б╤Б╤Л╨╗╨║╨░ "System.Reflection.Metadata, Version=9.0.0.0, Culture=neutral, PublicKeyToken=b03f5f7f11d50a3a".
             ╨а╨░╨╖╤А╨╡╤И╨╡╨╜╨╜╤Л╨╣ ╨┐╤Г╤В╤М ╨║ ╤Д╨░╨╣╨╗╤Г - "C:\Program Files\dotnet\packs\Microsoft.NETCore.App.Ref\9.0.2\ref\net9.0\System.Reflection.Metadata.dll".
             ╨Ю╨▒╨╜╨░╤А╤Г╨╢╨╡╨╜╨░ ╤Б╤Б╤Л╨╗╨║╨░ ╨▓ ╤А╨░╤Б╨┐╨╛╨╗╨╛╨╢╨╡╨╜╨╕╨╕ ╨┐╤Г╤В╨╕ ╨┐╨╛╨╕╤Б╨║╨░ "{RawFileName}".
             ╨Ф╨░╨╜╨╜╨░╤П ╤Б╤Б╤Л╨╗╨║╨░ ╨╜╨╡ ╤П╨▓╨╗╤П╨╡╤В╤Б╤П "CopyLocal" ╤В╨░╨║ ╨║╨░╨║ ╤Е╨╛╤В╤П ╨▒╤Л ╨┤╨╗╤П ╨╛╨┤╨╜╨╛╨│╨╛ ╨╕╤Б╤В╨╛╤З╨╜╨╕╨║╨░ ╨┤╨░╨╜╨╜╤Л╤Е ╨┐╨░╤А╨░╨╝╨╡╤В╤А "Private" ╨╕╨╝╨╡╨╡╤В ╨╖╨╜╨░╤З╨╡╨╜╨╕╨╡ "false", ╨╕ ╨╜╨╡╤В ╨╕╤Б╤В╨╛╤З╨╜╨╕╨║╨╛╨▓ ╨┤╨░╨╜╨╜╤Л╤Е, ╨┤╨╗╤П ╨║╨╛╤В╨╛╤А╤Л╤Е ╨┐╨░╤А╨░╨╝╨╡╤В╤А "Private" ╨╕╨╝╨╡╨╡╤В ╨╖╨╜╨░╤З╨╡╨╜╨╕╨╡ "true".
         ╨Я╨╡╤А╨▓╨╕╤З╨╜╨░╤П ╤Б╤Б╤Л╨╗╨║╨░ "System.Reflection.Primitives, Version=9.0.0.0, Culture=neutral, PublicKeyToken=b03f5f7f11d50a3a".
             ╨а╨░╨╖╤А╨╡╤И╨╡╨╜╨╜╤Л╨╣ ╨┐╤Г╤В╤М ╨║ ╤Д╨░╨╣╨╗╤Г - "C:\Program Files\dotnet\packs\Microsoft.NETCore.App.Ref\9.0.2\ref\net9.0\System.Reflection.Primitives.dll".
             ╨Ю╨▒╨╜╨░╤А╤Г╨╢╨╡╨╜╨░ ╤Б╤Б╤Л╨╗╨║╨░ ╨▓ ╤А╨░╤Б╨┐╨╛╨╗╨╛╨╢╨╡╨╜╨╕╨╕ ╨┐╤Г╤В╨╕ ╨┐╨╛╨╕╤Б╨║╨░ "{RawFileName}".
             ╨Ф╨░╨╜╨╜╨░╤П ╤Б╤Б╤Л╨╗╨║╨░ ╨╜╨╡ ╤П╨▓╨╗╤П╨╡╤В╤Б╤П "CopyLocal" ╤В╨░╨║ ╨║╨░╨║ ╤Е╨╛╤В╤П ╨▒╤Л ╨┤╨╗╤П ╨╛╨┤╨╜╨╛╨│╨╛ ╨╕╤Б╤В╨╛╤З╨╜╨╕╨║╨░ ╨┤╨░╨╜╨╜╤Л╤Е ╨┐╨░╤А╨░╨╝╨╡╤В╤А "Private" ╨╕╨╝╨╡╨╡╤В ╨╖╨╜╨░╤З╨╡╨╜╨╕╨╡ "false", ╨╕ ╨╜╨╡╤В ╨╕╤Б╤В╨╛╤З╨╜╨╕╨║╨╛╨▓ ╨┤╨░╨╜╨╜╤Л╤Е, ╨┤╨╗╤П ╨║╨╛╤В╨╛╤А╤Л╤Е ╨┐╨░╤А╨░╨╝╨╡╤В╤А "Private" ╨╕╨╝╨╡╨╡╤В ╨╖╨╜╨░╤З╨╡╨╜╨╕╨╡ "true".
         ╨Я╨╡╤А╨▓╨╕╤З╨╜╨░╤П ╤Б╤Б╤Л╨╗╨║╨░ "System.Reflection.TypeExtensions, Version=9.0.0.0, Culture=neutral, PublicKeyToken=b03f5f7f11d50a3a".
             ╨а╨░╨╖╤А╨╡╤И╨╡╨╜╨╜╤Л╨╣ ╨┐╤Г╤В╤М ╨║ ╤Д╨░╨╣╨╗╤Г - "C:\Program Files\dotnet\packs\Microsoft.NETCore.App.Ref\9.0.2\ref\net9.0\System.Reflection.TypeExtensions.dll".
             ╨Ю╨▒╨╜╨░╤А╤Г╨╢╨╡╨╜╨░ ╤Б╤Б╤Л╨╗╨║╨░ ╨▓ ╤А╨░╤Б╨┐╨╛╨╗╨╛╨╢╨╡╨╜╨╕╨╕ ╨┐╤Г╤В╨╕ ╨┐╨╛╨╕╤Б╨║╨░ "{RawFileName}".
             ╨Ф╨░╨╜╨╜╨░╤П ╤Б╤Б╤Л╨╗╨║╨░ ╨╜╨╡ ╤П╨▓╨╗╤П╨╡╤В╤Б╤П "CopyLocal" ╤В╨░╨║ ╨║╨░╨║ ╤Е╨╛╤В╤П ╨▒╤Л ╨┤╨╗╤П ╨╛╨┤╨╜╨╛╨│╨╛ ╨╕╤Б╤В╨╛╤З╨╜╨╕╨║╨░ ╨┤╨░╨╜╨╜╤Л╤Е ╨┐╨░╤А╨░╨╝╨╡╤В╤А "Private" ╨╕╨╝╨╡╨╡╤В ╨╖╨╜╨░╤З╨╡╨╜╨╕╨╡ "false", ╨╕ ╨╜╨╡╤В ╨╕╤Б╤В╨╛╤З╨╜╨╕╨║╨╛╨▓ ╨┤╨░╨╜╨╜╤Л╤Е, ╨┤╨╗╤П ╨║╨╛╤В╨╛╤А╤Л╤Е ╨┐╨░╤А╨░╨╝╨╡╤В╤А "Private" ╨╕╨╝╨╡╨╡╤В ╨╖╨╜╨░╤З╨╡╨╜╨╕╨╡ "true".
         ╨Я╨╡╤А╨▓╨╕╤З╨╜╨░╤П ╤Б╤Б╤Л╨╗╨║╨░ "System.Reflection, Version=9.0.0.0, Culture=neutral, PublicKeyToken=b03f5f7f11d50a3a".
             ╨а╨░╨╖╤А╨╡╤И╨╡╨╜╨╜╤Л╨╣ ╨┐╤Г╤В╤М ╨║ ╤Д╨░╨╣╨╗╤Г - "C:\Program Files\dotnet\packs\Microsoft.NETCore.App.Ref\9.0.2\ref\net9.0\System.Reflection.dll".
             ╨Ю╨▒╨╜╨░╤А╤Г╨╢╨╡╨╜╨░ ╤Б╤Б╤Л╨╗╨║╨░ ╨▓ ╤А╨░╤Б╨┐╨╛╨╗╨╛╨╢╨╡╨╜╨╕╨╕ ╨┐╤Г╤В╨╕ ╨┐╨╛╨╕╤Б╨║╨░ "{RawFileName}".
             ╨Ф╨░╨╜╨╜╨░╤П ╤Б╤Б╤Л╨╗╨║╨░ ╨╜╨╡ ╤П╨▓╨╗╤П╨╡╤В╤Б╤П "CopyLocal" ╤В╨░╨║ ╨║╨░╨║ ╤Е╨╛╤В╤П ╨▒╤Л ╨┤╨╗╤П ╨╛╨┤╨╜╨╛╨│╨╛ ╨╕╤Б╤В╨╛╤З╨╜╨╕╨║╨░ ╨┤╨░╨╜╨╜╤Л╤Е ╨┐╨░╤А╨░╨╝╨╡╤В╤А "Private" ╨╕╨╝╨╡╨╡╤В ╨╖╨╜╨░╤З╨╡╨╜╨╕╨╡ "false", ╨╕ ╨╜╨╡╤В ╨╕╤Б╤В╨╛╤З╨╜╨╕╨║╨╛╨▓ ╨┤╨░╨╜╨╜╤Л╤Е, ╨┤╨╗╤П ╨║╨╛╤В╨╛╤А╤Л╤Е ╨┐╨░╤А╨░╨╝╨╡╤В╤А "Private" ╨╕╨╝╨╡╨╡╤В ╨╖╨╜╨░╤З╨╡╨╜╨╕╨╡ "true".
         ╨Я╨╡╤А╨▓╨╕╤З╨╜╨░╤П ╤Б╤Б╤Л╨╗╨║╨░ "System.Resources.Reader, Version=9.0.0.0, Culture=neutral, PublicKeyToken=b03f5f7f11d50a3a".
             ╨а╨░╨╖╤А╨╡╤И╨╡╨╜╨╜╤Л╨╣ ╨┐╤Г╤В╤М ╨║ ╤Д╨░╨╣╨╗╤Г - "C:\Program Files\dotnet\packs\Microsoft.NETCore.App.Ref\9.0.2\ref\net9.0\System.Resources.Reader.dll".
             ╨Ю╨▒╨╜╨░╤А╤Г╨╢╨╡╨╜╨░ ╤Б╤Б╤Л╨╗╨║╨░ ╨▓ ╤А╨░╤Б╨┐╨╛╨╗╨╛╨╢╨╡╨╜╨╕╨╕ ╨┐╤Г╤В╨╕ ╨┐╨╛╨╕╤Б╨║╨░ "{RawFileName}".
             ╨Ф╨░╨╜╨╜╨░╤П ╤Б╤Б╤Л╨╗╨║╨░ ╨╜╨╡ ╤П╨▓╨╗╤П╨╡╤В╤Б╤П "CopyLocal" ╤В╨░╨║ ╨║╨░╨║ ╤Е╨╛╤В╤П ╨▒╤Л ╨┤╨╗╤П ╨╛╨┤╨╜╨╛╨│╨╛ ╨╕╤Б╤В╨╛╤З╨╜╨╕╨║╨░ ╨┤╨░╨╜╨╜╤Л╤Е ╨┐╨░╤А╨░╨╝╨╡╤В╤А "Private" ╨╕╨╝╨╡╨╡╤В ╨╖╨╜╨░╤З╨╡╨╜╨╕╨╡ "false", ╨╕ ╨╜╨╡╤В ╨╕╤Б╤В╨╛╤З╨╜╨╕╨║╨╛╨▓ ╨┤╨░╨╜╨╜╤Л╤Е, ╨┤╨╗╤П ╨║╨╛╤В╨╛╤А╤Л╤Е ╨┐╨░╤А╨░╨╝╨╡╤В╤А "Private" ╨╕╨╝╨╡╨╡╤В ╨╖╨╜╨░╤З╨╡╨╜╨╕╨╡ "true".
         ╨Я╨╡╤А╨▓╨╕╤З╨╜╨░╤П ╤Б╤Б╤Л╨╗╨║╨░ "System.Resources.ResourceManager, Version=9.0.0.0, Culture=neutral, PublicKeyToken=b03f5f7f11d50a3a".
             ╨а╨░╨╖╤А╨╡╤И╨╡╨╜╨╜╤Л╨╣ ╨┐╤Г╤В╤М ╨║ ╤Д╨░╨╣╨╗╤Г - "C:\Program Files\dotnet\packs\Microsoft.NETCore.App.Ref\9.0.2\ref\net9.0\System.Resources.ResourceManager.dll".
             ╨Ю╨▒╨╜╨░╤А╤Г╨╢╨╡╨╜╨░ ╤Б╤Б╤Л╨╗╨║╨░ ╨▓ ╤А╨░╤Б╨┐╨╛╨╗╨╛╨╢╨╡╨╜╨╕╨╕ ╨┐╤Г╤В╨╕ ╨┐╨╛╨╕╤Б╨║╨░ "{RawFileName}".
             ╨Ф╨░╨╜╨╜╨░╤П ╤Б╤Б╤Л╨╗╨║╨░ ╨╜╨╡ ╤П╨▓╨╗╤П╨╡╤В╤Б╤П "CopyLocal" ╤В╨░╨║ ╨║╨░╨║ ╤Е╨╛╤В╤П ╨▒╤Л ╨┤╨╗╤П ╨╛╨┤╨╜╨╛╨│╨╛ ╨╕╤Б╤В╨╛╤З╨╜╨╕╨║╨░ ╨┤╨░╨╜╨╜╤Л╤Е ╨┐╨░╤А╨░╨╝╨╡╤В╤А "Private" ╨╕╨╝╨╡╨╡╤В ╨╖╨╜╨░╤З╨╡╨╜╨╕╨╡ "false", ╨╕ ╨╜╨╡╤В ╨╕╤Б╤В╨╛╤З╨╜╨╕╨║╨╛╨▓ ╨┤╨░╨╜╨╜╤Л╤Е, ╨┤╨╗╤П ╨║╨╛╤В╨╛╤А╤Л╤Е ╨┐╨░╤А╨░╨╝╨╡╤В╤А "Private" ╨╕╨╝╨╡╨╡╤В ╨╖╨╜╨░╤З╨╡╨╜╨╕╨╡ "true".
         ╨Я╨╡╤А╨▓╨╕╤З╨╜╨░╤П ╤Б╤Б╤Л╨╗╨║╨░ "System.Resources.Writer, Version=9.0.0.0, Culture=neutral, PublicKeyToken=b03f5f7f11d50a3a".
             ╨а╨░╨╖╤А╨╡╤И╨╡╨╜╨╜╤Л╨╣ ╨┐╤Г╤В╤М ╨║ ╤Д╨░╨╣╨╗╤Г - "C:\Program Files\dotnet\packs\Microsoft.NETCore.App.Ref\9.0.2\ref\net9.0\System.Resources.Writer.dll".
             ╨Ю╨▒╨╜╨░╤А╤Г╨╢╨╡╨╜╨░ ╤Б╤Б╤Л╨╗╨║╨░ ╨▓ ╤А╨░╤Б╨┐╨╛╨╗╨╛╨╢╨╡╨╜╨╕╨╕ ╨┐╤Г╤В╨╕ ╨┐╨╛╨╕╤Б╨║╨░ "{RawFileName}".
             ╨Ф╨░╨╜╨╜╨░╤П ╤Б╤Б╤Л╨╗╨║╨░ ╨╜╨╡ ╤П╨▓╨╗╤П╨╡╤В╤Б╤П "CopyLocal" ╤В╨░╨║ ╨║╨░╨║ ╤Е╨╛╤В╤П ╨▒╤Л ╨┤╨╗╤П ╨╛╨┤╨╜╨╛╨│╨╛ ╨╕╤Б╤В╨╛╤З╨╜╨╕╨║╨░ ╨┤╨░╨╜╨╜╤Л╤Е ╨┐╨░╤А╨░╨╝╨╡╤В╤А "Private" ╨╕╨╝╨╡╨╡╤В ╨╖╨╜╨░╤З╨╡╨╜╨╕╨╡ "false", ╨╕ ╨╜╨╡╤В ╨╕╤Б╤В╨╛╤З╨╜╨╕╨║╨╛╨▓ ╨┤╨░╨╜╨╜╤Л╤Е, ╨┤╨╗╤П ╨║╨╛╤В╨╛╤А╤Л╤Е ╨┐╨░╤А╨░╨╝╨╡╤В╤А "Private" ╨╕╨╝╨╡╨╡╤В ╨╖╨╜╨░╤З╨╡╨╜╨╕╨╡ "true".
         ╨Я╨╡╤А╨▓╨╕╤З╨╜╨░╤П ╤Б╤Б╤Л╨╗╨║╨░ "System.Runtime.CompilerServices.Unsafe, Version=9.0.0.0, Culture=neutral, PublicKeyToken=b03f5f7f11d50a3a".
             ╨а╨░╨╖╤А╨╡╤И╨╡╨╜╨╜╤Л╨╣ ╨┐╤Г╤В╤М ╨║ ╤Д╨░╨╣╨╗╤Г - "C:\Program Files\dotnet\packs\Microsoft.NETCore.App.Ref\9.0.2\ref\net9.0\System.Runtime.CompilerServices.Unsafe.dll".
             ╨Ю╨▒╨╜╨░╤А╤Г╨╢╨╡╨╜╨░ ╤Б╤Б╤Л╨╗╨║╨░ ╨▓ ╤А╨░╤Б╨┐╨╛╨╗╨╛╨╢╨╡╨╜╨╕╨╕ ╨┐╤Г╤В╨╕ ╨┐╨╛╨╕╤Б╨║╨░ "{RawFileName}".
             ╨Ф╨░╨╜╨╜╨░╤П ╤Б╤Б╤Л╨╗╨║╨░ ╨╜╨╡ ╤П╨▓╨╗╤П╨╡╤В╤Б╤П "CopyLocal" ╤В╨░╨║ ╨║╨░╨║ ╤Е╨╛╤В╤П ╨▒╤Л ╨┤╨╗╤П ╨╛╨┤╨╜╨╛╨│╨╛ ╨╕╤Б╤В╨╛╤З╨╜╨╕╨║╨░ ╨┤╨░╨╜╨╜╤Л╤Е ╨┐╨░╤А╨░╨╝╨╡╤В╤А "Private" ╨╕╨╝╨╡╨╡╤В ╨╖╨╜╨░╤З╨╡╨╜╨╕╨╡ "false", ╨╕ ╨╜╨╡╤В ╨╕╤Б╤В╨╛╤З╨╜╨╕╨║╨╛╨▓ ╨┤╨░╨╜╨╜╤Л╤Е, ╨┤╨╗╤П ╨║╨╛╤В╨╛╤А╤Л╤Е ╨┐╨░╤А╨░╨╝╨╡╤В╤А "Private" ╨╕╨╝╨╡╨╡╤В ╨╖╨╜╨░╤З╨╡╨╜╨╕╨╡ "true".
         ╨Я╨╡╤А╨▓╨╕╤З╨╜╨░╤П ╤Б╤Б╤Л╨╗╨║╨░ "System.Runtime.CompilerServices.VisualC, Version=9.0.0.0, Culture=neutral, PublicKeyToken=b03f5f7f11d50a3a".
             ╨а╨░╨╖╤А╨╡╤И╨╡╨╜╨╜╤Л╨╣ ╨┐╤Г╤В╤М ╨║ ╤Д╨░╨╣╨╗╤Г - "C:\Program Files\dotnet\packs\Microsoft.NETCore.App.Ref\9.0.2\ref\net9.0\System.Runtime.CompilerServices.VisualC.dll".
             ╨Ю╨▒╨╜╨░╤А╤Г╨╢╨╡╨╜╨░ ╤Б╤Б╤Л╨╗╨║╨░ ╨▓ ╤А╨░╤Б╨┐╨╛╨╗╨╛╨╢╨╡╨╜╨╕╨╕ ╨┐╤Г╤В╨╕ ╨┐╨╛╨╕╤Б╨║╨░ "{RawFileName}".
             ╨Ф╨░╨╜╨╜╨░╤П ╤Б╤Б╤Л╨╗╨║╨░ ╨╜╨╡ ╤П╨▓╨╗╤П╨╡╤В╤Б╤П "CopyLocal" ╤В╨░╨║ ╨║╨░╨║ ╤Е╨╛╤В╤П ╨▒╤Л ╨┤╨╗╤П ╨╛╨┤╨╜╨╛╨│╨╛ ╨╕╤Б╤В╨╛╤З╨╜╨╕╨║╨░ ╨┤╨░╨╜╨╜╤Л╤Е ╨┐╨░╤А╨░╨╝╨╡╤В╤А "Private" ╨╕╨╝╨╡╨╡╤В ╨╖╨╜╨░╤З╨╡╨╜╨╕╨╡ "false", ╨╕ ╨╜╨╡╤В ╨╕╤Б╤В╨╛╤З╨╜╨╕╨║╨╛╨▓ ╨┤╨░╨╜╨╜╤Л╤Е, ╨┤╨╗╤П ╨║╨╛╤В╨╛╤А╤Л╤Е ╨┐╨░╤А╨░╨╝╨╡╤В╤А "Private" ╨╕╨╝╨╡╨╡╤В ╨╖╨╜╨░╤З╨╡╨╜╨╕╨╡ "true".
         ╨Я╨╡╤А╨▓╨╕╤З╨╜╨░╤П ╤Б╤Б╤Л╨╗╨║╨░ "System.Runtime.Extensions, Version=9.0.0.0, Culture=neutral, PublicKeyToken=b03f5f7f11d50a3a".
             ╨а╨░╨╖╤А╨╡╤И╨╡╨╜╨╜╤Л╨╣ ╨┐╤Г╤В╤М ╨║ ╤Д╨░╨╣╨╗╤Г - "C:\Program Files\dotnet\packs\Microsoft.NETCore.App.Ref\9.0.2\ref\net9.0\System.Runtime.Extensions.dll".
             ╨Ю╨▒╨╜╨░╤А╤Г╨╢╨╡╨╜╨░ ╤Б╤Б╤Л╨╗╨║╨░ ╨▓ ╤А╨░╤Б╨┐╨╛╨╗╨╛╨╢╨╡╨╜╨╕╨╕ ╨┐╤Г╤В╨╕ ╨┐╨╛╨╕╤Б╨║╨░ "{RawFileName}".
             ╨Ф╨░╨╜╨╜╨░╤П ╤Б╤Б╤Л╨╗╨║╨░ ╨╜╨╡ ╤П╨▓╨╗╤П╨╡╤В╤Б╤П "CopyLocal" ╤В╨░╨║ ╨║╨░╨║ ╤Е╨╛╤В╤П ╨▒╤Л ╨┤╨╗╤П ╨╛╨┤╨╜╨╛╨│╨╛ ╨╕╤Б╤В╨╛╤З╨╜╨╕╨║╨░ ╨┤╨░╨╜╨╜╤Л╤Е ╨┐╨░╤А╨░╨╝╨╡╤В╤А "Private" ╨╕╨╝╨╡╨╡╤В ╨╖╨╜╨░╤З╨╡╨╜╨╕╨╡ "false", ╨╕ ╨╜╨╡╤В ╨╕╤Б╤В╨╛╤З╨╜╨╕╨║╨╛╨▓ ╨┤╨░╨╜╨╜╤Л╤Е, ╨┤╨╗╤П ╨║╨╛╤В╨╛╤А╤Л╤Е ╨┐╨░╤А╨░╨╝╨╡╤В╤А "Private" ╨╕╨╝╨╡╨╡╤В ╨╖╨╜╨░╤З╨╡╨╜╨╕╨╡ "true".
         ╨Я╨╡╤А╨▓╨╕╤З╨╜╨░╤П ╤Б╤Б╤Л╨╗╨║╨░ "System.Runtime.Handles, Version=9.0.0.0, Culture=neutral, PublicKeyToken=b03f5f7f11d50a3a".
             ╨а╨░╨╖╤А╨╡╤И╨╡╨╜╨╜╤Л╨╣ ╨┐╤Г╤В╤М ╨║ ╤Д╨░╨╣╨╗╤Г - "C:\Program Files\dotnet\packs\Microsoft.NETCore.App.Ref\9.0.2\ref\net9.0\System.Runtime.Handles.dll".
             ╨Ю╨▒╨╜╨░╤А╤Г╨╢╨╡╨╜╨░ ╤Б╤Б╤Л╨╗╨║╨░ ╨▓ ╤А╨░╤Б╨┐╨╛╨╗╨╛╨╢╨╡╨╜╨╕╨╕ ╨┐╤Г╤В╨╕ ╨┐╨╛╨╕╤Б╨║╨░ "{RawFileName}".
             ╨Ф╨░╨╜╨╜╨░╤П ╤Б╤Б╤Л╨╗╨║╨░ ╨╜╨╡ ╤П╨▓╨╗╤П╨╡╤В╤Б╤П "CopyLocal" ╤В╨░╨║ ╨║╨░╨║ ╤Е╨╛╤В╤П ╨▒╤Л ╨┤╨╗╤П ╨╛╨┤╨╜╨╛╨│╨╛ ╨╕╤Б╤В╨╛╤З╨╜╨╕╨║╨░ ╨┤╨░╨╜╨╜╤Л╤Е ╨┐╨░╤А╨░╨╝╨╡╤В╤А "Private" ╨╕╨╝╨╡╨╡╤В ╨╖╨╜╨░╤З╨╡╨╜╨╕╨╡ "false", ╨╕ ╨╜╨╡╤В ╨╕╤Б╤В╨╛╤З╨╜╨╕╨║╨╛╨▓ ╨┤╨░╨╜╨╜╤Л╤Е, ╨┤╨╗╤П ╨║╨╛╤В╨╛╤А╤Л╤Е ╨┐╨░╤А╨░╨╝╨╡╤В╤А "Private" ╨╕╨╝╨╡╨╡╤В ╨╖╨╜╨░╤З╨╡╨╜╨╕╨╡ "true".
         ╨Я╨╡╤А╨▓╨╕╤З╨╜╨░╤П ╤Б╤Б╤Л╨╗╨║╨░ "System.Runtime.InteropServices.JavaScript, Version=9.0.0.0, Culture=neutral, PublicKeyToken=b03f5f7f11d50a3a".
             ╨а╨░╨╖╤А╨╡╤И╨╡╨╜╨╜╤Л╨╣ ╨┐╤Г╤В╤М ╨║ ╤Д╨░╨╣╨╗╤Г - "C:\Program Files\dotnet\packs\Microsoft.NETCore.App.Ref\9.0.2\ref\net9.0\System.Runtime.InteropServices.JavaScript.dll".
             ╨Ю╨▒╨╜╨░╤А╤Г╨╢╨╡╨╜╨░ ╤Б╤Б╤Л╨╗╨║╨░ ╨▓ ╤А╨░╤Б╨┐╨╛╨╗╨╛╨╢╨╡╨╜╨╕╨╕ ╨┐╤Г╤В╨╕ ╨┐╨╛╨╕╤Б╨║╨░ "{RawFileName}".
             ╨Ф╨░╨╜╨╜╨░╤П ╤Б╤Б╤Л╨╗╨║╨░ ╨╜╨╡ ╤П╨▓╨╗╤П╨╡╤В╤Б╤П "CopyLocal" ╤В╨░╨║ ╨║╨░╨║ ╤Е╨╛╤В╤П ╨▒╤Л ╨┤╨╗╤П ╨╛╨┤╨╜╨╛╨│╨╛ ╨╕╤Б╤В╨╛╤З╨╜╨╕╨║╨░ ╨┤╨░╨╜╨╜╤Л╤Е ╨┐╨░╤А╨░╨╝╨╡╤В╤А "Private" ╨╕╨╝╨╡╨╡╤В ╨╖╨╜╨░╤З╨╡╨╜╨╕╨╡ "false", ╨╕ ╨╜╨╡╤В ╨╕╤Б╤В╨╛╤З╨╜╨╕╨║╨╛╨▓ ╨┤╨░╨╜╨╜╤Л╤Е, ╨┤╨╗╤П ╨║╨╛╤В╨╛╤А╤Л╤Е ╨┐╨░╤А╨░╨╝╨╡╤В╤А "Private" ╨╕╨╝╨╡╨╡╤В ╨╖╨╜╨░╤З╨╡╨╜╨╕╨╡ "true".
         ╨Я╨╡╤А╨▓╨╕╤З╨╜╨░╤П ╤Б╤Б╤Л╨╗╨║╨░ "System.Runtime.InteropServices.RuntimeInformation, Version=9.0.0.0, Culture=neutral, PublicKeyToken=b03f5f7f11d50a3a".
             ╨а╨░╨╖╤А╨╡╤И╨╡╨╜╨╜╤Л╨╣ ╨┐╤Г╤В╤М ╨║ ╤Д╨░╨╣╨╗╤Г - "C:\Program Files\dotnet\packs\Microsoft.NETCore.App.Ref\9.0.2\ref\net9.0\System.Runtime.InteropServices.RuntimeInformation.dll".
             ╨Ю╨▒╨╜╨░╤А╤Г╨╢╨╡╨╜╨░ ╤Б╤Б╤Л╨╗╨║╨░ ╨▓ ╤А╨░╤Б╨┐╨╛╨╗╨╛╨╢╨╡╨╜╨╕╨╕ ╨┐╤Г╤В╨╕ ╨┐╨╛╨╕╤Б╨║╨░ "{RawFileName}".
             ╨Ф╨░╨╜╨╜╨░╤П ╤Б╤Б╤Л╨╗╨║╨░ ╨╜╨╡ ╤П╨▓╨╗╤П╨╡╤В╤Б╤П "CopyLocal" ╤В╨░╨║ ╨║╨░╨║ ╤Е╨╛╤В╤П ╨▒╤Л ╨┤╨╗╤П ╨╛╨┤╨╜╨╛╨│╨╛ ╨╕╤Б╤В╨╛╤З╨╜╨╕╨║╨░ ╨┤╨░╨╜╨╜╤Л╤Е ╨┐╨░╤А╨░╨╝╨╡╤В╤А "Private" ╨╕╨╝╨╡╨╡╤В ╨╖╨╜╨░╤З╨╡╨╜╨╕╨╡ "false", ╨╕ ╨╜╨╡╤В ╨╕╤Б╤В╨╛╤З╨╜╨╕╨║╨╛╨▓ ╨┤╨░╨╜╨╜╤Л╤Е, ╨┤╨╗╤П ╨║╨╛╤В╨╛╤А╤Л╤Е ╨┐╨░╤А╨░╨╝╨╡╤В╤А "Private" ╨╕╨╝╨╡╨╡╤В ╨╖╨╜╨░╤З╨╡╨╜╨╕╨╡ "true".
         ╨Я╨╡╤А╨▓╨╕╤З╨╜╨░╤П ╤Б╤Б╤Л╨╗╨║╨░ "System.Runtime.InteropServices, Version=9.0.0.0, Culture=neutral, PublicKeyToken=b03f5f7f11d50a3a".
             ╨а╨░╨╖╤А╨╡╤И╨╡╨╜╨╜╤Л╨╣ ╨┐╤Г╤В╤М ╨║ ╤Д╨░╨╣╨╗╤Г - "C:\Program Files\dotnet\packs\Microsoft.NETCore.App.Ref\9.0.2\ref\net9.0\System.Runtime.InteropServices.dll".
             ╨Ю╨▒╨╜╨░╤А╤Г╨╢╨╡╨╜╨░ ╤Б╤Б╤Л╨╗╨║╨░ ╨▓ ╤А╨░╤Б╨┐╨╛╨╗╨╛╨╢╨╡╨╜╨╕╨╕ ╨┐╤Г╤В╨╕ ╨┐╨╛╨╕╤Б╨║╨░ "{RawFileName}".
             ╨Ф╨░╨╜╨╜╨░╤П ╤Б╤Б╤Л╨╗╨║╨░ ╨╜╨╡ ╤П╨▓╨╗╤П╨╡╤В╤Б╤П "CopyLocal" ╤В╨░╨║ ╨║╨░╨║ ╤Е╨╛╤В╤П ╨▒╤Л ╨┤╨╗╤П ╨╛╨┤╨╜╨╛╨│╨╛ ╨╕╤Б╤В╨╛╤З╨╜╨╕╨║╨░ ╨┤╨░╨╜╨╜╤Л╤Е ╨┐╨░╤А╨░╨╝╨╡╤В╤А "Private" ╨╕╨╝╨╡╨╡╤В ╨╖╨╜╨░╤З╨╡╨╜╨╕╨╡ "false", ╨╕ ╨╜╨╡╤В ╨╕╤Б╤В╨╛╤З╨╜╨╕╨║╨╛╨▓ ╨┤╨░╨╜╨╜╤Л╤Е, ╨┤╨╗╤П ╨║╨╛╤В╨╛╤А╤Л╤Е ╨┐╨░╤А╨░╨╝╨╡╤В╤А "Private" ╨╕╨╝╨╡╨╡╤В ╨╖╨╜╨░╤З╨╡╨╜╨╕╨╡ "true".
         ╨Я╨╡╤А╨▓╨╕╤З╨╜╨░╤П ╤Б╤Б╤Л╨╗╨║╨░ "System.Runtime.Intrinsics, Version=9.0.0.0, Culture=neutral, PublicKeyToken=cc7b13ffcd2ddd51".
             ╨а╨░╨╖╤А╨╡╤И╨╡╨╜╨╜╤Л╨╣ ╨┐╤Г╤В╤М ╨║ ╤Д╨░╨╣╨╗╤Г - "C:\Program Files\dotnet\packs\Microsoft.NETCore.App.Ref\9.0.2\ref\net9.0\System.Runtime.Intrinsics.dll".
             ╨Ю╨▒╨╜╨░╤А╤Г╨╢╨╡╨╜╨░ ╤Б╤Б╤Л╨╗╨║╨░ ╨▓ ╤А╨░╤Б╨┐╨╛╨╗╨╛╨╢╨╡╨╜╨╕╨╕ ╨┐╤Г╤В╨╕ ╨┐╨╛╨╕╤Б╨║╨░ "{RawFileName}".
             ╨Ф╨░╨╜╨╜╨░╤П ╤Б╤Б╤Л╨╗╨║╨░ ╨╜╨╡ ╤П╨▓╨╗╤П╨╡╤В╤Б╤П "CopyLocal" ╤В╨░╨║ ╨║╨░╨║ ╤Е╨╛╤В╤П ╨▒╤Л ╨┤╨╗╤П ╨╛╨┤╨╜╨╛╨│╨╛ ╨╕╤Б╤В╨╛╤З╨╜╨╕╨║╨░ ╨┤╨░╨╜╨╜╤Л╤Е ╨┐╨░╤А╨░╨╝╨╡╤В╤А "Private" ╨╕╨╝╨╡╨╡╤В ╨╖╨╜╨░╤З╨╡╨╜╨╕╨╡ "false", ╨╕ ╨╜╨╡╤В ╨╕╤Б╤В╨╛╤З╨╜╨╕╨║╨╛╨▓ ╨┤╨░╨╜╨╜╤Л╤Е, ╨┤╨╗╤П ╨║╨╛╤В╨╛╤А╤Л╤Е ╨┐╨░╤А╨░╨╝╨╡╤В╤А "Private" ╨╕╨╝╨╡╨╡╤В ╨╖╨╜╨░╤З╨╡╨╜╨╕╨╡ "true".
         ╨Я╨╡╤А╨▓╨╕╤З╨╜╨░╤П ╤Б╤Б╤Л╨╗╨║╨░ "System.Runtime.Loader, Version=9.0.0.0, Culture=neutral, PublicKeyToken=b03f5f7f11d50a3a".
             ╨а╨░╨╖╤А╨╡╤И╨╡╨╜╨╜╤Л╨╣ ╨┐╤Г╤В╤М ╨║ ╤Д╨░╨╣╨╗╤Г - "C:\Program Files\dotnet\packs\Microsoft.NETCore.App.Ref\9.0.2\ref\net9.0\System.Runtime.Loader.dll".
             ╨Ю╨▒╨╜╨░╤А╤Г╨╢╨╡╨╜╨░ ╤Б╤Б╤Л╨╗╨║╨░ ╨▓ ╤А╨░╤Б╨┐╨╛╨╗╨╛╨╢╨╡╨╜╨╕╨╕ ╨┐╤Г╤В╨╕ ╨┐╨╛╨╕╤Б╨║╨░ "{RawFileName}".
             ╨Ф╨░╨╜╨╜╨░╤П ╤Б╤Б╤Л╨╗╨║╨░ ╨╜╨╡ ╤П╨▓╨╗╤П╨╡╤В╤Б╤П "CopyLocal" ╤В╨░╨║ ╨║╨░╨║ ╤Е╨╛╤В╤П ╨▒╤Л ╨┤╨╗╤П ╨╛╨┤╨╜╨╛╨│╨╛ ╨╕╤Б╤В╨╛╤З╨╜╨╕╨║╨░ ╨┤╨░╨╜╨╜╤Л╤Е ╨┐╨░╤А╨░╨╝╨╡╤В╤А "Private" ╨╕╨╝╨╡╨╡╤В ╨╖╨╜╨░╤З╨╡╨╜╨╕╨╡ "false", ╨╕ ╨╜╨╡╤В ╨╕╤Б╤В╨╛╤З╨╜╨╕╨║╨╛╨▓ ╨┤╨░╨╜╨╜╤Л╤Е, ╨┤╨╗╤П ╨║╨╛╤В╨╛╤А╤Л╤Е ╨┐╨░╤А╨░╨╝╨╡╤В╤А "Private" ╨╕╨╝╨╡╨╡╤В ╨╖╨╜╨░╤З╨╡╨╜╨╕╨╡ "true".
         ╨Я╨╡╤А╨▓╨╕╤З╨╜╨░╤П ╤Б╤Б╤Л╨╗╨║╨░ "System.Runtime.Numerics, Version=9.0.0.0, Culture=neutral, PublicKeyToken=b03f5f7f11d50a3a".
             ╨а╨░╨╖╤А╨╡╤И╨╡╨╜╨╜╤Л╨╣ ╨┐╤Г╤В╤М ╨║ ╤Д╨░╨╣╨╗╤Г - "C:\Program Files\dotnet\packs\Microsoft.NETCore.App.Ref\9.0.2\ref\net9.0\System.Runtime.Numerics.dll".
             ╨Ю╨▒╨╜╨░╤А╤Г╨╢╨╡╨╜╨░ ╤Б╤Б╤Л╨╗╨║╨░ ╨▓ ╤А╨░╤Б╨┐╨╛╨╗╨╛╨╢╨╡╨╜╨╕╨╕ ╨┐╤Г╤В╨╕ ╨┐╨╛╨╕╤Б╨║╨░ "{RawFileName}".
             ╨Ф╨░╨╜╨╜╨░╤П ╤Б╤Б╤Л╨╗╨║╨░ ╨╜╨╡ ╤П╨▓╨╗╤П╨╡╤В╤Б╤П "CopyLocal" ╤В╨░╨║ ╨║╨░╨║ ╤Е╨╛╤В╤П ╨▒╤Л ╨┤╨╗╤П ╨╛╨┤╨╜╨╛╨│╨╛ ╨╕╤Б╤В╨╛╤З╨╜╨╕╨║╨░ ╨┤╨░╨╜╨╜╤Л╤Е ╨┐╨░╤А╨░╨╝╨╡╤В╤А "Private" ╨╕╨╝╨╡╨╡╤В ╨╖╨╜╨░╤З╨╡╨╜╨╕╨╡ "false", ╨╕ ╨╜╨╡╤В ╨╕╤Б╤В╨╛╤З╨╜╨╕╨║╨╛╨▓ ╨┤╨░╨╜╨╜╤Л╤Е, ╨┤╨╗╤П ╨║╨╛╤В╨╛╤А╤Л╤Е ╨┐╨░╤А╨░╨╝╨╡╤В╤А "Private" ╨╕╨╝╨╡╨╡╤В ╨╖╨╜╨░╤З╨╡╨╜╨╕╨╡ "true".
         ╨Я╨╡╤А╨▓╨╕╤З╨╜╨░╤П ╤Б╤Б╤Л╨╗╨║╨░ "System.Runtime.Serialization.Formatters, Version=8.1.0.0, Culture=neutral, PublicKeyToken=b03f5f7f11d50a3a".
             ╨а╨░╨╖╤А╨╡╤И╨╡╨╜╨╜╤Л╨╣ ╨┐╤Г╤В╤М ╨║ ╤Д╨░╨╣╨╗╤Г - "C:\Program Files\dotnet\packs\Microsoft.NETCore.App.Ref\9.0.2\ref\net9.0\System.Runtime.Serialization.Formatters.dll".
             ╨Ю╨▒╨╜╨░╤А╤Г╨╢╨╡╨╜╨░ ╤Б╤Б╤Л╨╗╨║╨░ ╨▓ ╤А╨░╤Б╨┐╨╛╨╗╨╛╨╢╨╡╨╜╨╕╨╕ ╨┐╤Г╤В╨╕ ╨┐╨╛╨╕╤Б╨║╨░ "{RawFileName}".
             ╨Ф╨░╨╜╨╜╨░╤П ╤Б╤Б╤Л╨╗╨║╨░ ╨╜╨╡ ╤П╨▓╨╗╤П╨╡╤В╤Б╤П "CopyLocal" ╤В╨░╨║ ╨║╨░╨║ ╤Е╨╛╤В╤П ╨▒╤Л ╨┤╨╗╤П ╨╛╨┤╨╜╨╛╨│╨╛ ╨╕╤Б╤В╨╛╤З╨╜╨╕╨║╨░ ╨┤╨░╨╜╨╜╤Л╤Е ╨┐╨░╤А╨░╨╝╨╡╤В╤А "Private" ╨╕╨╝╨╡╨╡╤В ╨╖╨╜╨░╤З╨╡╨╜╨╕╨╡ "false", ╨╕ ╨╜╨╡╤В ╨╕╤Б╤В╨╛╤З╨╜╨╕╨║╨╛╨▓ ╨┤╨░╨╜╨╜╤Л╤Е, ╨┤╨╗╤П ╨║╨╛╤В╨╛╤А╤Л╤Е ╨┐╨░╤А╨░╨╝╨╡╤В╤А "Private" ╨╕╨╝╨╡╨╡╤В ╨╖╨╜╨░╤З╨╡╨╜╨╕╨╡ "true".
         ╨Я╨╡╤А╨▓╨╕╤З╨╜╨░╤П ╤Б╤Б╤Л╨╗╨║╨░ "System.Runtime.Serialization.Json, Version=9.0.0.0, Culture=neutral, PublicKeyToken=b03f5f7f11d50a3a".
             ╨а╨░╨╖╤А╨╡╤И╨╡╨╜╨╜╤Л╨╣ ╨┐╤Г╤В╤М ╨║ ╤Д╨░╨╣╨╗╤Г - "C:\Program Files\dotnet\packs\Microsoft.NETCore.App.Ref\9.0.2\ref\net9.0\System.Runtime.Serialization.Json.dll".
             ╨Ю╨▒╨╜╨░╤А╤Г╨╢╨╡╨╜╨░ ╤Б╤Б╤Л╨╗╨║╨░ ╨▓ ╤А╨░╤Б╨┐╨╛╨╗╨╛╨╢╨╡╨╜╨╕╨╕ ╨┐╤Г╤В╨╕ ╨┐╨╛╨╕╤Б╨║╨░ "{RawFileName}".
             ╨Ф╨░╨╜╨╜╨░╤П ╤Б╤Б╤Л╨╗╨║╨░ ╨╜╨╡ ╤П╨▓╨╗╤П╨╡╤В╤Б╤П "CopyLocal" ╤В╨░╨║ ╨║╨░╨║ ╤Е╨╛╤В╤П ╨▒╤Л ╨┤╨╗╤П ╨╛╨┤╨╜╨╛╨│╨╛ ╨╕╤Б╤В╨╛╤З╨╜╨╕╨║╨░ ╨┤╨░╨╜╨╜╤Л╤Е ╨┐╨░╤А╨░╨╝╨╡╤В╤А "Private" ╨╕╨╝╨╡╨╡╤В ╨╖╨╜╨░╤З╨╡╨╜╨╕╨╡ "false", ╨╕ ╨╜╨╡╤В ╨╕╤Б╤В╨╛╤З╨╜╨╕╨║╨╛╨▓ ╨┤╨░╨╜╨╜╤Л╤Е, ╨┤╨╗╤П ╨║╨╛╤В╨╛╤А╤Л╤Е ╨┐╨░╤А╨░╨╝╨╡╤В╤А "Private" ╨╕╨╝╨╡╨╡╤В ╨╖╨╜╨░╤З╨╡╨╜╨╕╨╡ "true".
         ╨Я╨╡╤А╨▓╨╕╤З╨╜╨░╤П ╤Б╤Б╤Л╨╗╨║╨░ "System.Runtime.Serialization.Primitives, Version=9.0.0.0, Culture=neutral, PublicKeyToken=b03f5f7f11d50a3a".
             ╨а╨░╨╖╤А╨╡╤И╨╡╨╜╨╜╤Л╨╣ ╨┐╤Г╤В╤М ╨║ ╤Д╨░╨╣╨╗╤Г - "C:\Program Files\dotnet\packs\Microsoft.NETCore.App.Ref\9.0.2\ref\net9.0\System.Runtime.Serialization.Primitives.dll".
             ╨Ю╨▒╨╜╨░╤А╤Г╨╢╨╡╨╜╨░ ╤Б╤Б╤Л╨╗╨║╨░ ╨▓ ╤А╨░╤Б╨┐╨╛╨╗╨╛╨╢╨╡╨╜╨╕╨╕ ╨┐╤Г╤В╨╕ ╨┐╨╛╨╕╤Б╨║╨░ "{RawFileName}".
             ╨Ф╨░╨╜╨╜╨░╤П ╤Б╤Б╤Л╨╗╨║╨░ ╨╜╨╡ ╤П╨▓╨╗╤П╨╡╤В╤Б╤П "CopyLocal" ╤В╨░╨║ ╨║╨░╨║ ╤Е╨╛╤В╤П ╨▒╤Л ╨┤╨╗╤П ╨╛╨┤╨╜╨╛╨│╨╛ ╨╕╤Б╤В╨╛╤З╨╜╨╕╨║╨░ ╨┤╨░╨╜╨╜╤Л╤Е ╨┐╨░╤А╨░╨╝╨╡╤В╤А "Private" ╨╕╨╝╨╡╨╡╤В ╨╖╨╜╨░╤З╨╡╨╜╨╕╨╡ "false", ╨╕ ╨╜╨╡╤В ╨╕╤Б╤В╨╛╤З╨╜╨╕╨║╨╛╨▓ ╨┤╨░╨╜╨╜╤Л╤Е, ╨┤╨╗╤П ╨║╨╛╤В╨╛╤А╤Л╤Е ╨┐╨░╤А╨░╨╝╨╡╤В╤А "Private" ╨╕╨╝╨╡╨╡╤В ╨╖╨╜╨░╤З╨╡╨╜╨╕╨╡ "true".
         ╨Я╨╡╤А╨▓╨╕╤З╨╜╨░╤П ╤Б╤Б╤Л╨╗╨║╨░ "System.Runtime.Serialization.Xml, Version=9.0.0.0, Culture=neutral, PublicKeyToken=b03f5f7f11d50a3a".
             ╨а╨░╨╖╤А╨╡╤И╨╡╨╜╨╜╤Л╨╣ ╨┐╤Г╤В╤М ╨║ ╤Д╨░╨╣╨╗╤Г - "C:\Program Files\dotnet\packs\Microsoft.NETCore.App.Ref\9.0.2\ref\net9.0\System.Runtime.Serialization.Xml.dll".
             ╨Ю╨▒╨╜╨░╤А╤Г╨╢╨╡╨╜╨░ ╤Б╤Б╤Л╨╗╨║╨░ ╨▓ ╤А╨░╤Б╨┐╨╛╨╗╨╛╨╢╨╡╨╜╨╕╨╕ ╨┐╤Г╤В╨╕ ╨┐╨╛╨╕╤Б╨║╨░ "{RawFileName}".
             ╨Ф╨░╨╜╨╜╨░╤П ╤Б╤Б╤Л╨╗╨║╨░ ╨╜╨╡ ╤П╨▓╨╗╤П╨╡╤В╤Б╤П "CopyLocal" ╤В╨░╨║ ╨║╨░╨║ ╤Е╨╛╤В╤П ╨▒╤Л ╨┤╨╗╤П ╨╛╨┤╨╜╨╛╨│╨╛ ╨╕╤Б╤В╨╛╤З╨╜╨╕╨║╨░ ╨┤╨░╨╜╨╜╤Л╤Е ╨┐╨░╤А╨░╨╝╨╡╤В╤А "Private" ╨╕╨╝╨╡╨╡╤В ╨╖╨╜╨░╤З╨╡╨╜╨╕╨╡ "false", ╨╕ ╨╜╨╡╤В ╨╕╤Б╤В╨╛╤З╨╜╨╕╨║╨╛╨▓ ╨┤╨░╨╜╨╜╤Л╤Е, ╨┤╨╗╤П ╨║╨╛╤В╨╛╤А╤Л╤Е ╨┐╨░╤А╨░╨╝╨╡╤В╤А "Private" ╨╕╨╝╨╡╨╡╤В ╨╖╨╜╨░╤З╨╡╨╜╨╕╨╡ "true".
         ╨Я╨╡╤А╨▓╨╕╤З╨╜╨░╤П ╤Б╤Б╤Л╨╗╨║╨░ "System.Runtime.Serialization, Version=4.0.0.0, Culture=neutral, PublicKeyToken=b77a5c561934e089".
             ╨а╨░╨╖╤А╨╡╤И╨╡╨╜╨╜╤Л╨╣ ╨┐╤Г╤В╤М ╨║ ╤Д╨░╨╣╨╗╤Г - "C:\Program Files\dotnet\packs\Microsoft.NETCore.App.Ref\9.0.2\ref\net9.0\System.Runtime.Serialization.dll".
             ╨Ю╨▒╨╜╨░╤А╤Г╨╢╨╡╨╜╨░ ╤Б╤Б╤Л╨╗╨║╨░ ╨▓ ╤А╨░╤Б╨┐╨╛╨╗╨╛╨╢╨╡╨╜╨╕╨╕ ╨┐╤Г╤В╨╕ ╨┐╨╛╨╕╤Б╨║╨░ "{RawFileName}".
             ╨Ф╨░╨╜╨╜╨░╤П ╤Б╤Б╤Л╨╗╨║╨░ ╨╜╨╡ ╤П╨▓╨╗╤П╨╡╤В╤Б╤П "CopyLocal" ╤В╨░╨║ ╨║╨░╨║ ╤Е╨╛╤В╤П ╨▒╤Л ╨┤╨╗╤П ╨╛╨┤╨╜╨╛╨│╨╛ ╨╕╤Б╤В╨╛╤З╨╜╨╕╨║╨░ ╨┤╨░╨╜╨╜╤Л╤Е ╨┐╨░╤А╨░╨╝╨╡╤В╤А "Private" ╨╕╨╝╨╡╨╡╤В ╨╖╨╜╨░╤З╨╡╨╜╨╕╨╡ "false", ╨╕ ╨╜╨╡╤В ╨╕╤Б╤В╨╛╤З╨╜╨╕╨║╨╛╨▓ ╨┤╨░╨╜╨╜╤Л╤Е, ╨┤╨╗╤П ╨║╨╛╤В╨╛╤А╤Л╤Е ╨┐╨░╤А╨░╨╝╨╡╤В╤А "Private" ╨╕╨╝╨╡╨╡╤В ╨╖╨╜╨░╤З╨╡╨╜╨╕╨╡ "true".
         ╨Я╨╡╤А╨▓╨╕╤З╨╜╨░╤П ╤Б╤Б╤Л╨╗╨║╨░ "System.Runtime, Version=9.0.0.0, Culture=neutral, PublicKeyToken=b03f5f7f11d50a3a".
             ╨а╨░╨╖╤А╨╡╤И╨╡╨╜╨╜╤Л╨╣ ╨┐╤Г╤В╤М ╨║ ╤Д╨░╨╣╨╗╤Г - "C:\Program Files\dotnet\packs\Microsoft.NETCore.App.Ref\9.0.2\ref\net9.0\System.Runtime.dll".
             ╨Ю╨▒╨╜╨░╤А╤Г╨╢╨╡╨╜╨░ ╤Б╤Б╤Л╨╗╨║╨░ ╨▓ ╤А╨░╤Б╨┐╨╛╨╗╨╛╨╢╨╡╨╜╨╕╨╕ ╨┐╤Г╤В╨╕ ╨┐╨╛╨╕╤Б╨║╨░ "{RawFileName}".
             ╨Ф╨░╨╜╨╜╨░╤П ╤Б╤Б╤Л╨╗╨║╨░ ╨╜╨╡ ╤П╨▓╨╗╤П╨╡╤В╤Б╤П "CopyLocal" ╤В╨░╨║ ╨║╨░╨║ ╤Е╨╛╤В╤П ╨▒╤Л ╨┤╨╗╤П ╨╛╨┤╨╜╨╛╨│╨╛ ╨╕╤Б╤В╨╛╤З╨╜╨╕╨║╨░ ╨┤╨░╨╜╨╜╤Л╤Е ╨┐╨░╤А╨░╨╝╨╡╤В╤А "Private" ╨╕╨╝╨╡╨╡╤В ╨╖╨╜╨░╤З╨╡╨╜╨╕╨╡ "false", ╨╕ ╨╜╨╡╤В ╨╕╤Б╤В╨╛╤З╨╜╨╕╨║╨╛╨▓ ╨┤╨░╨╜╨╜╤Л╤Е, ╨┤╨╗╤П ╨║╨╛╤В╨╛╤А╤Л╤Е ╨┐╨░╤А╨░╨╝╨╡╤В╤А "Private" ╨╕╨╝╨╡╨╡╤В ╨╖╨╜╨░╤З╨╡╨╜╨╕╨╡ "true".
         ╨Я╨╡╤А╨▓╨╕╤З╨╜╨░╤П ╤Б╤Б╤Л╨╗╨║╨░ "System.Security.AccessControl, Version=9.0.0.0, Culture=neutral, PublicKeyToken=b03f5f7f11d50a3a".
             ╨а╨░╨╖╤А╨╡╤И╨╡╨╜╨╜╤Л╨╣ ╨┐╤Г╤В╤М ╨║ ╤Д╨░╨╣╨╗╤Г - "C:\Program Files\dotnet\packs\Microsoft.NETCore.App.Ref\9.0.2\ref\net9.0\System.Security.AccessControl.dll".
             ╨Ю╨▒╨╜╨░╤А╤Г╨╢╨╡╨╜╨░ ╤Б╤Б╤Л╨╗╨║╨░ ╨▓ ╤А╨░╤Б╨┐╨╛╨╗╨╛╨╢╨╡╨╜╨╕╨╕ ╨┐╤Г╤В╨╕ ╨┐╨╛╨╕╤Б╨║╨░ "{RawFileName}".
             ╨Ф╨░╨╜╨╜╨░╤П ╤Б╤Б╤Л╨╗╨║╨░ ╨╜╨╡ ╤П╨▓╨╗╤П╨╡╤В╤Б╤П "CopyLocal" ╤В╨░╨║ ╨║╨░╨║ ╤Е╨╛╤В╤П ╨▒╤Л ╨┤╨╗╤П ╨╛╨┤╨╜╨╛╨│╨╛ ╨╕╤Б╤В╨╛╤З╨╜╨╕╨║╨░ ╨┤╨░╨╜╨╜╤Л╤Е ╨┐╨░╤А╨░╨╝╨╡╤В╤А "Private" ╨╕╨╝╨╡╨╡╤В ╨╖╨╜╨░╤З╨╡╨╜╨╕╨╡ "false", ╨╕ ╨╜╨╡╤В ╨╕╤Б╤В╨╛╤З╨╜╨╕╨║╨╛╨▓ ╨┤╨░╨╜╨╜╤Л╤Е, ╨┤╨╗╤П ╨║╨╛╤В╨╛╤А╤Л╤Е ╨┐╨░╤А╨░╨╝╨╡╤В╤А "Private" ╨╕╨╝╨╡╨╡╤В ╨╖╨╜╨░╤З╨╡╨╜╨╕╨╡ "true".
         ╨Я╨╡╤А╨▓╨╕╤З╨╜╨░╤П ╤Б╤Б╤Л╨╗╨║╨░ "System.Security.Claims, Version=9.0.0.0, Culture=neutral, PublicKeyToken=b03f5f7f11d50a3a".
             ╨а╨░╨╖╤А╨╡╤И╨╡╨╜╨╜╤Л╨╣ ╨┐╤Г╤В╤М ╨║ ╤Д╨░╨╣╨╗╤Г - "C:\Program Files\dotnet\packs\Microsoft.NETCore.App.Ref\9.0.2\ref\net9.0\System.Security.Claims.dll".
             ╨Ю╨▒╨╜╨░╤А╤Г╨╢╨╡╨╜╨░ ╤Б╤Б╤Л╨╗╨║╨░ ╨▓ ╤А╨░╤Б╨┐╨╛╨╗╨╛╨╢╨╡╨╜╨╕╨╕ ╨┐╤Г╤В╨╕ ╨┐╨╛╨╕╤Б╨║╨░ "{RawFileName}".
             ╨Ф╨░╨╜╨╜╨░╤П ╤Б╤Б╤Л╨╗╨║╨░ ╨╜╨╡ ╤П╨▓╨╗╤П╨╡╤В╤Б╤П "CopyLocal" ╤В╨░╨║ ╨║╨░╨║ ╤Е╨╛╤В╤П ╨▒╤Л ╨┤╨╗╤П ╨╛╨┤╨╜╨╛╨│╨╛ ╨╕╤Б╤В╨╛╤З╨╜╨╕╨║╨░ ╨┤╨░╨╜╨╜╤Л╤Е ╨┐╨░╤А╨░╨╝╨╡╤В╤А "Private" ╨╕╨╝╨╡╨╡╤В ╨╖╨╜╨░╤З╨╡╨╜╨╕╨╡ "false", ╨╕ ╨╜╨╡╤В ╨╕╤Б╤В╨╛╤З╨╜╨╕╨║╨╛╨▓ ╨┤╨░╨╜╨╜╤Л╤Е, ╨┤╨╗╤П ╨║╨╛╤В╨╛╤А╤Л╤Е ╨┐╨░╤А╨░╨╝╨╡╤В╤А "Private" ╨╕╨╝╨╡╨╡╤В ╨╖╨╜╨░╤З╨╡╨╜╨╕╨╡ "true".
         ╨Я╨╡╤А╨▓╨╕╤З╨╜╨░╤П ╤Б╤Б╤Л╨╗╨║╨░ "System.Security.Cryptography.Algorithms, Version=9.0.0.0, Culture=neutral, PublicKeyToken=b03f5f7f11d50a3a".
             ╨а╨░╨╖╤А╨╡╤И╨╡╨╜╨╜╤Л╨╣ ╨┐╤Г╤В╤М ╨║ ╤Д╨░╨╣╨╗╤Г - "C:\Program Files\dotnet\packs\Microsoft.NETCore.App.Ref\9.0.2\ref\net9.0\System.Security.Cryptography.Algorithms.dll".
             ╨Ю╨▒╨╜╨░╤А╤Г╨╢╨╡╨╜╨░ ╤Б╤Б╤Л╨╗╨║╨░ ╨▓ ╤А╨░╤Б╨┐╨╛╨╗╨╛╨╢╨╡╨╜╨╕╨╕ ╨┐╤Г╤В╨╕ ╨┐╨╛╨╕╤Б╨║╨░ "{RawFileName}".
             ╨Ф╨░╨╜╨╜╨░╤П ╤Б╤Б╤Л╨╗╨║╨░ ╨╜╨╡ ╤П╨▓╨╗╤П╨╡╤В╤Б╤П "CopyLocal" ╤В╨░╨║ ╨║╨░╨║ ╤Е╨╛╤В╤П ╨▒╤Л ╨┤╨╗╤П ╨╛╨┤╨╜╨╛╨│╨╛ ╨╕╤Б╤В╨╛╤З╨╜╨╕╨║╨░ ╨┤╨░╨╜╨╜╤Л╤Е ╨┐╨░╤А╨░╨╝╨╡╤В╤А "Private" ╨╕╨╝╨╡╨╡╤В ╨╖╨╜╨░╤З╨╡╨╜╨╕╨╡ "false", ╨╕ ╨╜╨╡╤В ╨╕╤Б╤В╨╛╤З╨╜╨╕╨║╨╛╨▓ ╨┤╨░╨╜╨╜╤Л╤Е, ╨┤╨╗╤П ╨║╨╛╤В╨╛╤А╤Л╤Е ╨┐╨░╤А╨░╨╝╨╡╤В╤А "Private" ╨╕╨╝╨╡╨╡╤В ╨╖╨╜╨░╤З╨╡╨╜╨╕╨╡ "true".
         ╨Я╨╡╤А╨▓╨╕╤З╨╜╨░╤П ╤Б╤Б╤Л╨╗╨║╨░ "System.Security.Cryptography.Cng, Version=9.0.0.0, Culture=neutral, PublicKeyToken=b03f5f7f11d50a3a".
             ╨а╨░╨╖╤А╨╡╤И╨╡╨╜╨╜╤Л╨╣ ╨┐╤Г╤В╤М ╨║ ╤Д╨░╨╣╨╗╤Г - "C:\Program Files\dotnet\packs\Microsoft.NETCore.App.Ref\9.0.2\ref\net9.0\System.Security.Cryptography.Cng.dll".
             ╨Ю╨▒╨╜╨░╤А╤Г╨╢╨╡╨╜╨░ ╤Б╤Б╤Л╨╗╨║╨░ ╨▓ ╤А╨░╤Б╨┐╨╛╨╗╨╛╨╢╨╡╨╜╨╕╨╕ ╨┐╤Г╤В╨╕ ╨┐╨╛╨╕╤Б╨║╨░ "{RawFileName}".
             ╨Ф╨░╨╜╨╜╨░╤П ╤Б╤Б╤Л╨╗╨║╨░ ╨╜╨╡ ╤П╨▓╨╗╤П╨╡╤В╤Б╤П "CopyLocal" ╤В╨░╨║ ╨║╨░╨║ ╤Е╨╛╤В╤П ╨▒╤Л ╨┤╨╗╤П ╨╛╨┤╨╜╨╛╨│╨╛ ╨╕╤Б╤В╨╛╤З╨╜╨╕╨║╨░ ╨┤╨░╨╜╨╜╤Л╤Е ╨┐╨░╤А╨░╨╝╨╡╤В╤А "Private" ╨╕╨╝╨╡╨╡╤В ╨╖╨╜╨░╤З╨╡╨╜╨╕╨╡ "false", ╨╕ ╨╜╨╡╤В ╨╕╤Б╤В╨╛╤З╨╜╨╕╨║╨╛╨▓ ╨┤╨░╨╜╨╜╤Л╤Е, ╨┤╨╗╤П ╨║╨╛╤В╨╛╤А╤Л╤Е ╨┐╨░╤А╨░╨╝╨╡╤В╤А "Private" ╨╕╨╝╨╡╨╡╤В ╨╖╨╜╨░╤З╨╡╨╜╨╕╨╡ "true".
         ╨Я╨╡╤А╨▓╨╕╤З╨╜╨░╤П ╤Б╤Б╤Л╨╗╨║╨░ "System.Security.Cryptography.Csp, Version=9.0.0.0, Culture=neutral, PublicKeyToken=b03f5f7f11d50a3a".
             ╨а╨░╨╖╤А╨╡╤И╨╡╨╜╨╜╤Л╨╣ ╨┐╤Г╤В╤М ╨║ ╤Д╨░╨╣╨╗╤Г - "C:\Program Files\dotnet\packs\Microsoft.NETCore.App.Ref\9.0.2\ref\net9.0\System.Security.Cryptography.Csp.dll".
             ╨Ю╨▒╨╜╨░╤А╤Г╨╢╨╡╨╜╨░ ╤Б╤Б╤Л╨╗╨║╨░ ╨▓ ╤А╨░╤Б╨┐╨╛╨╗╨╛╨╢╨╡╨╜╨╕╨╕ ╨┐╤Г╤В╨╕ ╨┐╨╛╨╕╤Б╨║╨░ "{RawFileName}".
             ╨Ф╨░╨╜╨╜╨░╤П ╤Б╤Б╤Л╨╗╨║╨░ ╨╜╨╡ ╤П╨▓╨╗╤П╨╡╤В╤Б╤П "CopyLocal" ╤В╨░╨║ ╨║╨░╨║ ╤Е╨╛╤В╤П ╨▒╤Л ╨┤╨╗╤П ╨╛╨┤╨╜╨╛╨│╨╛ ╨╕╤Б╤В╨╛╤З╨╜╨╕╨║╨░ ╨┤╨░╨╜╨╜╤Л╤Е ╨┐╨░╤А╨░╨╝╨╡╤В╤А "Private" ╨╕╨╝╨╡╨╡╤В ╨╖╨╜╨░╤З╨╡╨╜╨╕╨╡ "false", ╨╕ ╨╜╨╡╤В ╨╕╤Б╤В╨╛╤З╨╜╨╕╨║╨╛╨▓ ╨┤╨░╨╜╨╜╤Л╤Е, ╨┤╨╗╤П ╨║╨╛╤В╨╛╤А╤Л╤Е ╨┐╨░╤А╨░╨╝╨╡╤В╤А "Private" ╨╕╨╝╨╡╨╡╤В ╨╖╨╜╨░╤З╨╡╨╜╨╕╨╡ "true".
         ╨Я╨╡╤А╨▓╨╕╤З╨╜╨░╤П ╤Б╤Б╤Л╨╗╨║╨░ "System.Security.Cryptography.Encoding, Version=9.0.0.0, Culture=neutral, PublicKeyToken=b03f5f7f11d50a3a".
             ╨а╨░╨╖╤А╨╡╤И╨╡╨╜╨╜╤Л╨╣ ╨┐╤Г╤В╤М ╨║ ╤Д╨░╨╣╨╗╤Г - "C:\Program Files\dotnet\packs\Microsoft.NETCore.App.Ref\9.0.2\ref\net9.0\System.Security.Cryptography.Encoding.dll".
             ╨Ю╨▒╨╜╨░╤А╤Г╨╢╨╡╨╜╨░ ╤Б╤Б╤Л╨╗╨║╨░ ╨▓ ╤А╨░╤Б╨┐╨╛╨╗╨╛╨╢╨╡╨╜╨╕╨╕ ╨┐╤Г╤В╨╕ ╨┐╨╛╨╕╤Б╨║╨░ "{RawFileName}".
             ╨Ф╨░╨╜╨╜╨░╤П ╤Б╤Б╤Л╨╗╨║╨░ ╨╜╨╡ ╤П╨▓╨╗╤П╨╡╤В╤Б╤П "CopyLocal" ╤В╨░╨║ ╨║╨░╨║ ╤Е╨╛╤В╤П ╨▒╤Л ╨┤╨╗╤П ╨╛╨┤╨╜╨╛╨│╨╛ ╨╕╤Б╤В╨╛╤З╨╜╨╕╨║╨░ ╨┤╨░╨╜╨╜╤Л╤Е ╨┐╨░╤А╨░╨╝╨╡╤В╤А "Private" ╨╕╨╝╨╡╨╡╤В ╨╖╨╜╨░╤З╨╡╨╜╨╕╨╡ "false", ╨╕ ╨╜╨╡╤В ╨╕╤Б╤В╨╛╤З╨╜╨╕╨║╨╛╨▓ ╨┤╨░╨╜╨╜╤Л╤Е, ╨┤╨╗╤П ╨║╨╛╤В╨╛╤А╤Л╤Е ╨┐╨░╤А╨░╨╝╨╡╤В╤А "Private" ╨╕╨╝╨╡╨╡╤В ╨╖╨╜╨░╤З╨╡╨╜╨╕╨╡ "true".
         ╨Я╨╡╤А╨▓╨╕╤З╨╜╨░╤П ╤Б╤Б╤Л╨╗╨║╨░ "System.Security.Cryptography.OpenSsl, Version=9.0.0.0, Culture=neutral, PublicKeyToken=b03f5f7f11d50a3a".
             ╨а╨░╨╖╤А╨╡╤И╨╡╨╜╨╜╤Л╨╣ ╨┐╤Г╤В╤М ╨║ ╤Д╨░╨╣╨╗╤Г - "C:\Program Files\dotnet\packs\Microsoft.NETCore.App.Ref\9.0.2\ref\net9.0\System.Security.Cryptography.OpenSsl.dll".
             ╨Ю╨▒╨╜╨░╤А╤Г╨╢╨╡╨╜╨░ ╤Б╤Б╤Л╨╗╨║╨░ ╨▓ ╤А╨░╤Б╨┐╨╛╨╗╨╛╨╢╨╡╨╜╨╕╨╕ ╨┐╤Г╤В╨╕ ╨┐╨╛╨╕╤Б╨║╨░ "{RawFileName}".
             ╨Ф╨░╨╜╨╜╨░╤П ╤Б╤Б╤Л╨╗╨║╨░ ╨╜╨╡ ╤П╨▓╨╗╤П╨╡╤В╤Б╤П "CopyLocal" ╤В╨░╨║ ╨║╨░╨║ ╤Е╨╛╤В╤П ╨▒╤Л ╨┤╨╗╤П ╨╛╨┤╨╜╨╛╨│╨╛ ╨╕╤Б╤В╨╛╤З╨╜╨╕╨║╨░ ╨┤╨░╨╜╨╜╤Л╤Е ╨┐╨░╤А╨░╨╝╨╡╤В╤А "Private" ╨╕╨╝╨╡╨╡╤В ╨╖╨╜╨░╤З╨╡╨╜╨╕╨╡ "false", ╨╕ ╨╜╨╡╤В ╨╕╤Б╤В╨╛╤З╨╜╨╕╨║╨╛╨▓ ╨┤╨░╨╜╨╜╤Л╤Е, ╨┤╨╗╤П ╨║╨╛╤В╨╛╤А╤Л╤Е ╨┐╨░╤А╨░╨╝╨╡╤В╤А "Private" ╨╕╨╝╨╡╨╡╤В ╨╖╨╜╨░╤З╨╡╨╜╨╕╨╡ "true".
         ╨Я╨╡╤А╨▓╨╕╤З╨╜╨░╤П ╤Б╤Б╤Л╨╗╨║╨░ "System.Security.Cryptography.Primitives, Version=9.0.0.0, Culture=neutral, PublicKeyToken=b03f5f7f11d50a3a".
             ╨а╨░╨╖╤А╨╡╤И╨╡╨╜╨╜╤Л╨╣ ╨┐╤Г╤В╤М ╨║ ╤Д╨░╨╣╨╗╤Г - "C:\Program Files\dotnet\packs\Microsoft.NETCore.App.Ref\9.0.2\ref\net9.0\System.Security.Cryptography.Primitives.dll".
             ╨Ю╨▒╨╜╨░╤А╤Г╨╢╨╡╨╜╨░ ╤Б╤Б╤Л╨╗╨║╨░ ╨▓ ╤А╨░╤Б╨┐╨╛╨╗╨╛╨╢╨╡╨╜╨╕╨╕ ╨┐╤Г╤В╨╕ ╨┐╨╛╨╕╤Б╨║╨░ "{RawFileName}".
             ╨Ф╨░╨╜╨╜╨░╤П ╤Б╤Б╤Л╨╗╨║╨░ ╨╜╨╡ ╤П╨▓╨╗╤П╨╡╤В╤Б╤П "CopyLocal" ╤В╨░╨║ ╨║╨░╨║ ╤Е╨╛╤В╤П ╨▒╤Л ╨┤╨╗╤П ╨╛╨┤╨╜╨╛╨│╨╛ ╨╕╤Б╤В╨╛╤З╨╜╨╕╨║╨░ ╨┤╨░╨╜╨╜╤Л╤Е ╨┐╨░╤А╨░╨╝╨╡╤В╤А "Private" ╨╕╨╝╨╡╨╡╤В ╨╖╨╜╨░╤З╨╡╨╜╨╕╨╡ "false", ╨╕ ╨╜╨╡╤В ╨╕╤Б╤В╨╛╤З╨╜╨╕╨║╨╛╨▓ ╨┤╨░╨╜╨╜╤Л╤Е, ╨┤╨╗╤П ╨║╨╛╤В╨╛╤А╤Л╤Е ╨┐╨░╤А╨░╨╝╨╡╤В╤А "Private" ╨╕╨╝╨╡╨╡╤В ╨╖╨╜╨░╤З╨╡╨╜╨╕╨╡ "true".
         ╨Я╨╡╤А╨▓╨╕╤З╨╜╨░╤П ╤Б╤Б╤Л╨╗╨║╨░ "System.Security.Cryptography.X509Certificates, Version=9.0.0.0, Culture=neutral, PublicKeyToken=b03f5f7f11d50a3a".
             ╨а╨░╨╖╤А╨╡╤И╨╡╨╜╨╜╤Л╨╣ ╨┐╤Г╤В╤М ╨║ ╤Д╨░╨╣╨╗╤Г - "C:\Program Files\dotnet\packs\Microsoft.NETCore.App.Ref\9.0.2\ref\net9.0\System.Security.Cryptography.X509Certificates.dll".
             ╨Ю╨▒╨╜╨░╤А╤Г╨╢╨╡╨╜╨░ ╤Б╤Б╤Л╨╗╨║╨░ ╨▓ ╤А╨░╤Б╨┐╨╛╨╗╨╛╨╢╨╡╨╜╨╕╨╕ ╨┐╤Г╤В╨╕ ╨┐╨╛╨╕╤Б╨║╨░ "{RawFileName}".
             ╨Ф╨░╨╜╨╜╨░╤П ╤Б╤Б╤Л╨╗╨║╨░ ╨╜╨╡ ╤П╨▓╨╗╤П╨╡╤В╤Б╤П "CopyLocal" ╤В╨░╨║ ╨║╨░╨║ ╤Е╨╛╤В╤П ╨▒╤Л ╨┤╨╗╤П ╨╛╨┤╨╜╨╛╨│╨╛ ╨╕╤Б╤В╨╛╤З╨╜╨╕╨║╨░ ╨┤╨░╨╜╨╜╤Л╤Е ╨┐╨░╤А╨░╨╝╨╡╤В╤А "Private" ╨╕╨╝╨╡╨╡╤В ╨╖╨╜╨░╤З╨╡╨╜╨╕╨╡ "false", ╨╕ ╨╜╨╡╤В ╨╕╤Б╤В╨╛╤З╨╜╨╕╨║╨╛╨▓ ╨┤╨░╨╜╨╜╤Л╤Е, ╨┤╨╗╤П ╨║╨╛╤В╨╛╤А╤Л╤Е ╨┐╨░╤А╨░╨╝╨╡╤В╤А "Private" ╨╕╨╝╨╡╨╡╤В ╨╖╨╜╨░╤З╨╡╨╜╨╕╨╡ "true".
         ╨Я╨╡╤А╨▓╨╕╤З╨╜╨░╤П ╤Б╤Б╤Л╨╗╨║╨░ "System.Security.Cryptography, Version=9.0.0.0, Culture=neutral, PublicKeyToken=b03f5f7f11d50a3a".
             ╨а╨░╨╖╤А╨╡╤И╨╡╨╜╨╜╤Л╨╣ ╨┐╤Г╤В╤М ╨║ ╤Д╨░╨╣╨╗╤Г - "C:\Program Files\dotnet\packs\Microsoft.NETCore.App.Ref\9.0.2\ref\net9.0\System.Security.Cryptography.dll".
             ╨Ю╨▒╨╜╨░╤А╤Г╨╢╨╡╨╜╨░ ╤Б╤Б╤Л╨╗╨║╨░ ╨▓ ╤А╨░╤Б╨┐╨╛╨╗╨╛╨╢╨╡╨╜╨╕╨╕ ╨┐╤Г╤В╨╕ ╨┐╨╛╨╕╤Б╨║╨░ "{RawFileName}".
             ╨Ф╨░╨╜╨╜╨░╤П ╤Б╤Б╤Л╨╗╨║╨░ ╨╜╨╡ ╤П╨▓╨╗╤П╨╡╤В╤Б╤П "CopyLocal" ╤В╨░╨║ ╨║╨░╨║ ╤Е╨╛╤В╤П ╨▒╤Л ╨┤╨╗╤П ╨╛╨┤╨╜╨╛╨│╨╛ ╨╕╤Б╤В╨╛╤З╨╜╨╕╨║╨░ ╨┤╨░╨╜╨╜╤Л╤Е ╨┐╨░╤А╨░╨╝╨╡╤В╤А "Private" ╨╕╨╝╨╡╨╡╤В ╨╖╨╜╨░╤З╨╡╨╜╨╕╨╡ "false", ╨╕ ╨╜╨╡╤В ╨╕╤Б╤В╨╛╤З╨╜╨╕╨║╨╛╨▓ ╨┤╨░╨╜╨╜╤Л╤Е, ╨┤╨╗╤П ╨║╨╛╤В╨╛╤А╤Л╤Е ╨┐╨░╤А╨░╨╝╨╡╤В╤А "Private" ╨╕╨╝╨╡╨╡╤В ╨╖╨╜╨░╤З╨╡╨╜╨╕╨╡ "true".
         ╨Я╨╡╤А╨▓╨╕╤З╨╜╨░╤П ╤Б╤Б╤Л╨╗╨║╨░ "System.Security.Principal.Windows, Version=9.0.0.0, Culture=neutral, PublicKeyToken=b03f5f7f11d50a3a".
             ╨а╨░╨╖╤А╨╡╤И╨╡╨╜╨╜╤Л╨╣ ╨┐╤Г╤В╤М ╨║ ╤Д╨░╨╣╨╗╤Г - "C:\Program Files\dotnet\packs\Microsoft.NETCore.App.Ref\9.0.2\ref\net9.0\System.Security.Principal.Windows.dll".
             ╨Ю╨▒╨╜╨░╤А╤Г╨╢╨╡╨╜╨░ ╤Б╤Б╤Л╨╗╨║╨░ ╨▓ ╤А╨░╤Б╨┐╨╛╨╗╨╛╨╢╨╡╨╜╨╕╨╕ ╨┐╤Г╤В╨╕ ╨┐╨╛╨╕╤Б╨║╨░ "{RawFileName}".
             ╨Ф╨░╨╜╨╜╨░╤П ╤Б╤Б╤Л╨╗╨║╨░ ╨╜╨╡ ╤П╨▓╨╗╤П╨╡╤В╤Б╤П "CopyLocal" ╤В╨░╨║ ╨║╨░╨║ ╤Е╨╛╤В╤П ╨▒╤Л ╨┤╨╗╤П ╨╛╨┤╨╜╨╛╨│╨╛ ╨╕╤Б╤В╨╛╤З╨╜╨╕╨║╨░ ╨┤╨░╨╜╨╜╤Л╤Е ╨┐╨░╤А╨░╨╝╨╡╤В╤А "Private" ╨╕╨╝╨╡╨╡╤В ╨╖╨╜╨░╤З╨╡╨╜╨╕╨╡ "false", ╨╕ ╨╜╨╡╤В ╨╕╤Б╤В╨╛╤З╨╜╨╕╨║╨╛╨▓ ╨┤╨░╨╜╨╜╤Л╤Е, ╨┤╨╗╤П ╨║╨╛╤В╨╛╤А╤Л╤Е ╨┐╨░╤А╨░╨╝╨╡╤В╤А "Private" ╨╕╨╝╨╡╨╡╤В ╨╖╨╜╨░╤З╨╡╨╜╨╕╨╡ "true".
         ╨Я╨╡╤А╨▓╨╕╤З╨╜╨░╤П ╤Б╤Б╤Л╨╗╨║╨░ "System.Security.Principal, Version=9.0.0.0, Culture=neutral, PublicKeyToken=b03f5f7f11d50a3a".
             ╨а╨░╨╖╤А╨╡╤И╨╡╨╜╨╜╤Л╨╣ ╨┐╤Г╤В╤М ╨║ ╤Д╨░╨╣╨╗╤Г - "C:\Program Files\dotnet\packs\Microsoft.NETCore.App.Ref\9.0.2\ref\net9.0\System.Security.Principal.dll".
             ╨Ю╨▒╨╜╨░╤А╤Г╨╢╨╡╨╜╨░ ╤Б╤Б╤Л╨╗╨║╨░ ╨▓ ╤А╨░╤Б╨┐╨╛╨╗╨╛╨╢╨╡╨╜╨╕╨╕ ╨┐╤Г╤В╨╕ ╨┐╨╛╨╕╤Б╨║╨░ "{RawFileName}".
             ╨Ф╨░╨╜╨╜╨░╤П ╤Б╤Б╤Л╨╗╨║╨░ ╨╜╨╡ ╤П╨▓╨╗╤П╨╡╤В╤Б╤П "CopyLocal" ╤В╨░╨║ ╨║╨░╨║ ╤Е╨╛╤В╤П ╨▒╤Л ╨┤╨╗╤П ╨╛╨┤╨╜╨╛╨│╨╛ ╨╕╤Б╤В╨╛╤З╨╜╨╕╨║╨░ ╨┤╨░╨╜╨╜╤Л╤Е ╨┐╨░╤А╨░╨╝╨╡╤В╤А "Private" ╨╕╨╝╨╡╨╡╤В ╨╖╨╜╨░╤З╨╡╨╜╨╕╨╡ "false", ╨╕ ╨╜╨╡╤В ╨╕╤Б╤В╨╛╤З╨╜╨╕╨║╨╛╨▓ ╨┤╨░╨╜╨╜╤Л╤Е, ╨┤╨╗╤П ╨║╨╛╤В╨╛╤А╤Л╤Е ╨┐╨░╤А╨░╨╝╨╡╤В╤А "Private" ╨╕╨╝╨╡╨╡╤В ╨╖╨╜╨░╤З╨╡╨╜╨╕╨╡ "true".
         ╨Я╨╡╤А╨▓╨╕╤З╨╜╨░╤П ╤Б╤Б╤Л╨╗╨║╨░ "System.Security.SecureString, Version=9.0.0.0, Culture=neutral, PublicKeyToken=b03f5f7f11d50a3a".
             ╨а╨░╨╖╤А╨╡╤И╨╡╨╜╨╜╤Л╨╣ ╨┐╤Г╤В╤М ╨║ ╤Д╨░╨╣╨╗╤Г - "C:\Program Files\dotnet\packs\Microsoft.NETCore.App.Ref\9.0.2\ref\net9.0\System.Security.SecureString.dll".
             ╨Ю╨▒╨╜╨░╤А╤Г╨╢╨╡╨╜╨░ ╤Б╤Б╤Л╨╗╨║╨░ ╨▓ ╤А╨░╤Б╨┐╨╛╨╗╨╛╨╢╨╡╨╜╨╕╨╕ ╨┐╤Г╤В╨╕ ╨┐╨╛╨╕╤Б╨║╨░ "{RawFileName}".
             ╨Ф╨░╨╜╨╜╨░╤П ╤Б╤Б╤Л╨╗╨║╨░ ╨╜╨╡ ╤П╨▓╨╗╤П╨╡╤В╤Б╤П "CopyLocal" ╤В╨░╨║ ╨║╨░╨║ ╤Е╨╛╤В╤П ╨▒╤Л ╨┤╨╗╤П ╨╛╨┤╨╜╨╛╨│╨╛ ╨╕╤Б╤В╨╛╤З╨╜╨╕╨║╨░ ╨┤╨░╨╜╨╜╤Л╤Е ╨┐╨░╤А╨░╨╝╨╡╤В╤А "Private" ╨╕╨╝╨╡╨╡╤В ╨╖╨╜╨░╤З╨╡╨╜╨╕╨╡ "false", ╨╕ ╨╜╨╡╤В ╨╕╤Б╤В╨╛╤З╨╜╨╕╨║╨╛╨▓ ╨┤╨░╨╜╨╜╤Л╤Е, ╨┤╨╗╤П ╨║╨╛╤В╨╛╤А╤Л╤Е ╨┐╨░╤А╨░╨╝╨╡╤В╤А "Private" ╨╕╨╝╨╡╨╡╤В ╨╖╨╜╨░╤З╨╡╨╜╨╕╨╡ "true".
         ╨Я╨╡╤А╨▓╨╕╤З╨╜╨░╤П ╤Б╤Б╤Л╨╗╨║╨░ "System.Security, Version=4.0.0.0, Culture=neutral, PublicKeyToken=b03f5f7f11d50a3a".
             ╨а╨░╨╖╤А╨╡╤И╨╡╨╜╨╜╤Л╨╣ ╨┐╤Г╤В╤М ╨║ ╤Д╨░╨╣╨╗╤Г - "C:\Program Files\dotnet\packs\Microsoft.NETCore.App.Ref\9.0.2\ref\net9.0\System.Security.dll".
             ╨Ю╨▒╨╜╨░╤А╤Г╨╢╨╡╨╜╨░ ╤Б╤Б╤Л╨╗╨║╨░ ╨▓ ╤А╨░╤Б╨┐╨╛╨╗╨╛╨╢╨╡╨╜╨╕╨╕ ╨┐╤Г╤В╨╕ ╨┐╨╛╨╕╤Б╨║╨░ "{RawFileName}".
             ╨Ф╨░╨╜╨╜╨░╤П ╤Б╤Б╤Л╨╗╨║╨░ ╨╜╨╡ ╤П╨▓╨╗╤П╨╡╤В╤Б╤П "CopyLocal" ╤В╨░╨║ ╨║╨░╨║ ╤Е╨╛╤В╤П ╨▒╤Л ╨┤╨╗╤П ╨╛╨┤╨╜╨╛╨│╨╛ ╨╕╤Б╤В╨╛╤З╨╜╨╕╨║╨░ ╨┤╨░╨╜╨╜╤Л╤Е ╨┐╨░╤А╨░╨╝╨╡╤В╤А "Private" ╨╕╨╝╨╡╨╡╤В ╨╖╨╜╨░╤З╨╡╨╜╨╕╨╡ "false", ╨╕ ╨╜╨╡╤В ╨╕╤Б╤В╨╛╤З╨╜╨╕╨║╨╛╨▓ ╨┤╨░╨╜╨╜╤Л╤Е, ╨┤╨╗╤П ╨║╨╛╤В╨╛╤А╤Л╤Е ╨┐╨░╤А╨░╨╝╨╡╤В╤А "Private" ╨╕╨╝╨╡╨╡╤В ╨╖╨╜╨░╤З╨╡╨╜╨╕╨╡ "true".
         ╨Я╨╡╤А╨▓╨╕╤З╨╜╨░╤П ╤Б╤Б╤Л╨╗╨║╨░ "System.ServiceModel.Web, Version=4.0.0.0, Culture=neutral, PublicKeyToken=31bf3856ad364e35".
             ╨а╨░╨╖╤А╨╡╤И╨╡╨╜╨╜╤Л╨╣ ╨┐╤Г╤В╤М ╨║ ╤Д╨░╨╣╨╗╤Г - "C:\Program Files\dotnet\packs\Microsoft.NETCore.App.Ref\9.0.2\ref\net9.0\System.ServiceModel.Web.dll".
             ╨Ю╨▒╨╜╨░╤А╤Г╨╢╨╡╨╜╨░ ╤Б╤Б╤Л╨╗╨║╨░ ╨▓ ╤А╨░╤Б╨┐╨╛╨╗╨╛╨╢╨╡╨╜╨╕╨╕ ╨┐╤Г╤В╨╕ ╨┐╨╛╨╕╤Б╨║╨░ "{RawFileName}".
             ╨Ф╨░╨╜╨╜╨░╤П ╤Б╤Б╤Л╨╗╨║╨░ ╨╜╨╡ ╤П╨▓╨╗╤П╨╡╤В╤Б╤П "CopyLocal" ╤В╨░╨║ ╨║╨░╨║ ╤Е╨╛╤В╤П ╨▒╤Л ╨┤╨╗╤П ╨╛╨┤╨╜╨╛╨│╨╛ ╨╕╤Б╤В╨╛╤З╨╜╨╕╨║╨░ ╨┤╨░╨╜╨╜╤Л╤Е ╨┐╨░╤А╨░╨╝╨╡╤В╤А "Private" ╨╕╨╝╨╡╨╡╤В ╨╖╨╜╨░╤З╨╡╨╜╨╕╨╡ "false", ╨╕ ╨╜╨╡╤В ╨╕╤Б╤В╨╛╤З╨╜╨╕╨║╨╛╨▓ ╨┤╨░╨╜╨╜╤Л╤Е, ╨┤╨╗╤П ╨║╨╛╤В╨╛╤А╤Л╤Е ╨┐╨░╤А╨░╨╝╨╡╤В╤А "Private" ╨╕╨╝╨╡╨╡╤В ╨╖╨╜╨░╤З╨╡╨╜╨╕╨╡ "true".
         ╨Я╨╡╤А╨▓╨╕╤З╨╜╨░╤П ╤Б╤Б╤Л╨╗╨║╨░ "System.ServiceProcess, Version=4.0.0.0, Culture=neutral, PublicKeyToken=b03f5f7f11d50a3a".
             ╨а╨░╨╖╤А╨╡╤И╨╡╨╜╨╜╤Л╨╣ ╨┐╤Г╤В╤М ╨║ ╤Д╨░╨╣╨╗╤Г - "C:\Program Files\dotnet\packs\Microsoft.NETCore.App.Ref\9.0.2\ref\net9.0\System.ServiceProcess.dll".
             ╨Ю╨▒╨╜╨░╤А╤Г╨╢╨╡╨╜╨░ ╤Б╤Б╤Л╨╗╨║╨░ ╨▓ ╤А╨░╤Б╨┐╨╛╨╗╨╛╨╢╨╡╨╜╨╕╨╕ ╨┐╤Г╤В╨╕ ╨┐╨╛╨╕╤Б╨║╨░ "{RawFileName}".
             ╨Ф╨░╨╜╨╜╨░╤П ╤Б╤Б╤Л╨╗╨║╨░ ╨╜╨╡ ╤П╨▓╨╗╤П╨╡╤В╤Б╤П "CopyLocal" ╤В╨░╨║ ╨║╨░╨║ ╤Е╨╛╤В╤П ╨▒╤Л ╨┤╨╗╤П ╨╛╨┤╨╜╨╛╨│╨╛ ╨╕╤Б╤В╨╛╤З╨╜╨╕╨║╨░ ╨┤╨░╨╜╨╜╤Л╤Е ╨┐╨░╤А╨░╨╝╨╡╤В╤А "Private" ╨╕╨╝╨╡╨╡╤В ╨╖╨╜╨░╤З╨╡╨╜╨╕╨╡ "false", ╨╕ ╨╜╨╡╤В ╨╕╤Б╤В╨╛╤З╨╜╨╕╨║╨╛╨▓ ╨┤╨░╨╜╨╜╤Л╤Е, ╨┤╨╗╤П ╨║╨╛╤В╨╛╤А╤Л╤Е ╨┐╨░╤А╨░╨╝╨╡╤В╤А "Private" ╨╕╨╝╨╡╨╡╤В ╨╖╨╜╨░╤З╨╡╨╜╨╕╨╡ "true".
         ╨Я╨╡╤А╨▓╨╕╤З╨╜╨░╤П ╤Б╤Б╤Л╨╗╨║╨░ "System.Text.Encoding.CodePages, Version=9.0.0.0, Culture=neutral, PublicKeyToken=b03f5f7f11d50a3a".
             ╨а╨░╨╖╤А╨╡╤И╨╡╨╜╨╜╤Л╨╣ ╨┐╤Г╤В╤М ╨║ ╤Д╨░╨╣╨╗╤Г - "C:\Program Files\dotnet\packs\Microsoft.NETCore.App.Ref\9.0.2\ref\net9.0\System.Text.Encoding.CodePages.dll".
             ╨Ю╨▒╨╜╨░╤А╤Г╨╢╨╡╨╜╨░ ╤Б╤Б╤Л╨╗╨║╨░ ╨▓ ╤А╨░╤Б╨┐╨╛╨╗╨╛╨╢╨╡╨╜╨╕╨╕ ╨┐╤Г╤В╨╕ ╨┐╨╛╨╕╤Б╨║╨░ "{RawFileName}".
             ╨Ф╨░╨╜╨╜╨░╤П ╤Б╤Б╤Л╨╗╨║╨░ ╨╜╨╡ ╤П╨▓╨╗╤П╨╡╤В╤Б╤П "CopyLocal" ╤В╨░╨║ ╨║╨░╨║ ╤Е╨╛╤В╤П ╨▒╤Л ╨┤╨╗╤П ╨╛╨┤╨╜╨╛╨│╨╛ ╨╕╤Б╤В╨╛╤З╨╜╨╕╨║╨░ ╨┤╨░╨╜╨╜╤Л╤Е ╨┐╨░╤А╨░╨╝╨╡╤В╤А "Private" ╨╕╨╝╨╡╨╡╤В ╨╖╨╜╨░╤З╨╡╨╜╨╕╨╡ "false", ╨╕ ╨╜╨╡╤В ╨╕╤Б╤В╨╛╤З╨╜╨╕╨║╨╛╨▓ ╨┤╨░╨╜╨╜╤Л╤Е, ╨┤╨╗╤П ╨║╨╛╤В╨╛╤А╤Л╤Е ╨┐╨░╤А╨░╨╝╨╡╤В╤А "Private" ╨╕╨╝╨╡╨╡╤В ╨╖╨╜╨░╤З╨╡╨╜╨╕╨╡ "true".
         ╨Я╨╡╤А╨▓╨╕╤З╨╜╨░╤П ╤Б╤Б╤Л╨╗╨║╨░ "System.Text.Encoding.Extensions, Version=9.0.0.0, Culture=neutral, PublicKeyToken=b03f5f7f11d50a3a".
             ╨а╨░╨╖╤А╨╡╤И╨╡╨╜╨╜╤Л╨╣ ╨┐╤Г╤В╤М ╨║ ╤Д╨░╨╣╨╗╤Г - "C:\Program Files\dotnet\packs\Microsoft.NETCore.App.Ref\9.0.2\ref\net9.0\System.Text.Encoding.Extensions.dll".
             ╨Ю╨▒╨╜╨░╤А╤Г╨╢╨╡╨╜╨░ ╤Б╤Б╤Л╨╗╨║╨░ ╨▓ ╤А╨░╤Б╨┐╨╛╨╗╨╛╨╢╨╡╨╜╨╕╨╕ ╨┐╤Г╤В╨╕ ╨┐╨╛╨╕╤Б╨║╨░ "{RawFileName}".
             ╨Ф╨░╨╜╨╜╨░╤П ╤Б╤Б╤Л╨╗╨║╨░ ╨╜╨╡ ╤П╨▓╨╗╤П╨╡╤В╤Б╤П "CopyLocal" ╤В╨░╨║ ╨║╨░╨║ ╤Е╨╛╤В╤П ╨▒╤Л ╨┤╨╗╤П ╨╛╨┤╨╜╨╛╨│╨╛ ╨╕╤Б╤В╨╛╤З╨╜╨╕╨║╨░ ╨┤╨░╨╜╨╜╤Л╤Е ╨┐╨░╤А╨░╨╝╨╡╤В╤А "Private" ╨╕╨╝╨╡╨╡╤В ╨╖╨╜╨░╤З╨╡╨╜╨╕╨╡ "false", ╨╕ ╨╜╨╡╤В ╨╕╤Б╤В╨╛╤З╨╜╨╕╨║╨╛╨▓ ╨┤╨░╨╜╨╜╤Л╤Е, ╨┤╨╗╤П ╨║╨╛╤В╨╛╤А╤Л╤Е ╨┐╨░╤А╨░╨╝╨╡╤В╤А "Private" ╨╕╨╝╨╡╨╡╤В ╨╖╨╜╨░╤З╨╡╨╜╨╕╨╡ "true".
         ╨Я╨╡╤А╨▓╨╕╤З╨╜╨░╤П ╤Б╤Б╤Л╨╗╨║╨░ "System.Text.Encoding, Version=9.0.0.0, Culture=neutral, PublicKeyToken=b03f5f7f11d50a3a".
             ╨а╨░╨╖╤А╨╡╤И╨╡╨╜╨╜╤Л╨╣ ╨┐╤Г╤В╤М ╨║ ╤Д╨░╨╣╨╗╤Г - "C:\Program Files\dotnet\packs\Microsoft.NETCore.App.Ref\9.0.2\ref\net9.0\System.Text.Encoding.dll".
             ╨Ю╨▒╨╜╨░╤А╤Г╨╢╨╡╨╜╨░ ╤Б╤Б╤Л╨╗╨║╨░ ╨▓ ╤А╨░╤Б╨┐╨╛╨╗╨╛╨╢╨╡╨╜╨╕╨╕ ╨┐╤Г╤В╨╕ ╨┐╨╛╨╕╤Б╨║╨░ "{RawFileName}".
             ╨Ф╨░╨╜╨╜╨░╤П ╤Б╤Б╤Л╨╗╨║╨░ ╨╜╨╡ ╤П╨▓╨╗╤П╨╡╤В╤Б╤П "CopyLocal" ╤В╨░╨║ ╨║╨░╨║ ╤Е╨╛╤В╤П ╨▒╤Л ╨┤╨╗╤П ╨╛╨┤╨╜╨╛╨│╨╛ ╨╕╤Б╤В╨╛╤З╨╜╨╕╨║╨░ ╨┤╨░╨╜╨╜╤Л╤Е ╨┐╨░╤А╨░╨╝╨╡╤В╤А "Private" ╨╕╨╝╨╡╨╡╤В ╨╖╨╜╨░╤З╨╡╨╜╨╕╨╡ "false", ╨╕ ╨╜╨╡╤В ╨╕╤Б╤В╨╛╤З╨╜╨╕╨║╨╛╨▓ ╨┤╨░╨╜╨╜╤Л╤Е, ╨┤╨╗╤П ╨║╨╛╤В╨╛╤А╤Л╤Е ╨┐╨░╤А╨░╨╝╨╡╤В╤А "Private" ╨╕╨╝╨╡╨╡╤В ╨╖╨╜╨░╤З╨╡╨╜╨╕╨╡ "true".
         ╨Я╨╡╤А╨▓╨╕╤З╨╜╨░╤П ╤Б╤Б╤Л╨╗╨║╨░ "System.Text.Encodings.Web, Version=9.0.0.0, Culture=neutral, PublicKeyToken=cc7b13ffcd2ddd51".
             ╨а╨░╨╖╤А╨╡╤И╨╡╨╜╨╜╤Л╨╣ ╨┐╤Г╤В╤М ╨║ ╤Д╨░╨╣╨╗╤Г - "C:\Program Files\dotnet\packs\Microsoft.NETCore.App.Ref\9.0.2\ref\net9.0\System.Text.Encodings.Web.dll".
             ╨Ю╨▒╨╜╨░╤А╤Г╨╢╨╡╨╜╨░ ╤Б╤Б╤Л╨╗╨║╨░ ╨▓ ╤А╨░╤Б╨┐╨╛╨╗╨╛╨╢╨╡╨╜╨╕╨╕ ╨┐╤Г╤В╨╕ ╨┐╨╛╨╕╤Б╨║╨░ "{RawFileName}".
             ╨Ф╨░╨╜╨╜╨░╤П ╤Б╤Б╤Л╨╗╨║╨░ ╨╜╨╡ ╤П╨▓╨╗╤П╨╡╤В╤Б╤П "CopyLocal" ╤В╨░╨║ ╨║╨░╨║ ╤Е╨╛╤В╤П ╨▒╤Л ╨┤╨╗╤П ╨╛╨┤╨╜╨╛╨│╨╛ ╨╕╤Б╤В╨╛╤З╨╜╨╕╨║╨░ ╨┤╨░╨╜╨╜╤Л╤Е ╨┐╨░╤А╨░╨╝╨╡╤В╤А "Private" ╨╕╨╝╨╡╨╡╤В ╨╖╨╜╨░╤З╨╡╨╜╨╕╨╡ "false", ╨╕ ╨╜╨╡╤В ╨╕╤Б╤В╨╛╤З╨╜╨╕╨║╨╛╨▓ ╨┤╨░╨╜╨╜╤Л╤Е, ╨┤╨╗╤П ╨║╨╛╤В╨╛╤А╤Л╤Е ╨┐╨░╤А╨░╨╝╨╡╤В╤А "Private" ╨╕╨╝╨╡╨╡╤В ╨╖╨╜╨░╤З╨╡╨╜╨╕╨╡ "true".
         ╨Я╨╡╤А╨▓╨╕╤З╨╜╨░╤П ╤Б╤Б╤Л╨╗╨║╨░ "System.Text.RegularExpressions, Version=9.0.0.0, Culture=neutral, PublicKeyToken=b03f5f7f11d50a3a".
             ╨а╨░╨╖╤А╨╡╤И╨╡╨╜╨╜╤Л╨╣ ╨┐╤Г╤В╤М ╨║ ╤Д╨░╨╣╨╗╤Г - "C:\Program Files\dotnet\packs\Microsoft.NETCore.App.Ref\9.0.2\ref\net9.0\System.Text.RegularExpressions.dll".
             ╨Ю╨▒╨╜╨░╤А╤Г╨╢╨╡╨╜╨░ ╤Б╤Б╤Л╨╗╨║╨░ ╨▓ ╤А╨░╤Б╨┐╨╛╨╗╨╛╨╢╨╡╨╜╨╕╨╕ ╨┐╤Г╤В╨╕ ╨┐╨╛╨╕╤Б╨║╨░ "{RawFileName}".
             ╨Ф╨░╨╜╨╜╨░╤П ╤Б╤Б╤Л╨╗╨║╨░ ╨╜╨╡ ╤П╨▓╨╗╤П╨╡╤В╤Б╤П "CopyLocal" ╤В╨░╨║ ╨║╨░╨║ ╤Е╨╛╤В╤П ╨▒╤Л ╨┤╨╗╤П ╨╛╨┤╨╜╨╛╨│╨╛ ╨╕╤Б╤В╨╛╤З╨╜╨╕╨║╨░ ╨┤╨░╨╜╨╜╤Л╤Е ╨┐╨░╤А╨░╨╝╨╡╤В╤А "Private" ╨╕╨╝╨╡╨╡╤В ╨╖╨╜╨░╤З╨╡╨╜╨╕╨╡ "false", ╨╕ ╨╜╨╡╤В ╨╕╤Б╤В╨╛╤З╨╜╨╕╨║╨╛╨▓ ╨┤╨░╨╜╨╜╤Л╤Е, ╨┤╨╗╤П ╨║╨╛╤В╨╛╤А╤Л╤Е ╨┐╨░╤А╨░╨╝╨╡╤В╤А "Private" ╨╕╨╝╨╡╨╡╤В ╨╖╨╜╨░╤З╨╡╨╜╨╕╨╡ "true".
         ╨Я╨╡╤А╨▓╨╕╤З╨╜╨░╤П ╤Б╤Б╤Л╨╗╨║╨░ "System.Threading.Channels, Version=9.0.0.0, Culture=neutral, PublicKeyToken=cc7b13ffcd2ddd51".
             ╨а╨░╨╖╤А╨╡╤И╨╡╨╜╨╜╤Л╨╣ ╨┐╤Г╤В╤М ╨║ ╤Д╨░╨╣╨╗╤Г - "C:\Program Files\dotnet\packs\Microsoft.NETCore.App.Ref\9.0.2\ref\net9.0\System.Threading.Channels.dll".
             ╨Ю╨▒╨╜╨░╤А╤Г╨╢╨╡╨╜╨░ ╤Б╤Б╤Л╨╗╨║╨░ ╨▓ ╤А╨░╤Б╨┐╨╛╨╗╨╛╨╢╨╡╨╜╨╕╨╕ ╨┐╤Г╤В╨╕ ╨┐╨╛╨╕╤Б╨║╨░ "{RawFileName}".
             ╨Ф╨░╨╜╨╜╨░╤П ╤Б╤Б╤Л╨╗╨║╨░ ╨╜╨╡ ╤П╨▓╨╗╤П╨╡╤В╤Б╤П "CopyLocal" ╤В╨░╨║ ╨║╨░╨║ ╤Е╨╛╤В╤П ╨▒╤Л ╨┤╨╗╤П ╨╛╨┤╨╜╨╛╨│╨╛ ╨╕╤Б╤В╨╛╤З╨╜╨╕╨║╨░ ╨┤╨░╨╜╨╜╤Л╤Е ╨┐╨░╤А╨░╨╝╨╡╤В╤А "Private" ╨╕╨╝╨╡╨╡╤В ╨╖╨╜╨░╤З╨╡╨╜╨╕╨╡ "false", ╨╕ ╨╜╨╡╤В ╨╕╤Б╤В╨╛╤З╨╜╨╕╨║╨╛╨▓ ╨┤╨░╨╜╨╜╤Л╤Е, ╨┤╨╗╤П ╨║╨╛╤В╨╛╤А╤Л╤Е ╨┐╨░╤А╨░╨╝╨╡╤В╤А "Private" ╨╕╨╝╨╡╨╡╤В ╨╖╨╜╨░╤З╨╡╨╜╨╕╨╡ "true".
         ╨Я╨╡╤А╨▓╨╕╤З╨╜╨░╤П ╤Б╤Б╤Л╨╗╨║╨░ "System.Threading.Overlapped, Version=9.0.0.0, Culture=neutral, PublicKeyToken=b03f5f7f11d50a3a".
             ╨а╨░╨╖╤А╨╡╤И╨╡╨╜╨╜╤Л╨╣ ╨┐╤Г╤В╤М ╨║ ╤Д╨░╨╣╨╗╤Г - "C:\Program Files\dotnet\packs\Microsoft.NETCore.App.Ref\9.0.2\ref\net9.0\System.Threading.Overlapped.dll".
             ╨Ю╨▒╨╜╨░╤А╤Г╨╢╨╡╨╜╨░ ╤Б╤Б╤Л╨╗╨║╨░ ╨▓ ╤А╨░╤Б╨┐╨╛╨╗╨╛╨╢╨╡╨╜╨╕╨╕ ╨┐╤Г╤В╨╕ ╨┐╨╛╨╕╤Б╨║╨░ "{RawFileName}".
             ╨Ф╨░╨╜╨╜╨░╤П ╤Б╤Б╤Л╨╗╨║╨░ ╨╜╨╡ ╤П╨▓╨╗╤П╨╡╤В╤Б╤П "CopyLocal" ╤В╨░╨║ ╨║╨░╨║ ╤Е╨╛╤В╤П ╨▒╤Л ╨┤╨╗╤П ╨╛╨┤╨╜╨╛╨│╨╛ ╨╕╤Б╤В╨╛╤З╨╜╨╕╨║╨░ ╨┤╨░╨╜╨╜╤Л╤Е ╨┐╨░╤А╨░╨╝╨╡╤В╤А "Private" ╨╕╨╝╨╡╨╡╤В ╨╖╨╜╨░╤З╨╡╨╜╨╕╨╡ "false", ╨╕ ╨╜╨╡╤В ╨╕╤Б╤В╨╛╤З╨╜╨╕╨║╨╛╨▓ ╨┤╨░╨╜╨╜╤Л╤Е, ╨┤╨╗╤П ╨║╨╛╤В╨╛╤А╤Л╤Е ╨┐╨░╤А╨░╨╝╨╡╤В╤А "Private" ╨╕╨╝╨╡╨╡╤В ╨╖╨╜╨░╤З╨╡╨╜╨╕╨╡ "true".
         ╨Я╨╡╤А╨▓╨╕╤З╨╜╨░╤П ╤Б╤Б╤Л╨╗╨║╨░ "System.Threading.Tasks.Dataflow, Version=9.0.0.0, Culture=neutral, PublicKeyToken=b03f5f7f11d50a3a".
             ╨а╨░╨╖╤А╨╡╤И╨╡╨╜╨╜╤Л╨╣ ╨┐╤Г╤В╤М ╨║ ╤Д╨░╨╣╨╗╤Г - "C:\Program Files\dotnet\packs\Microsoft.NETCore.App.Ref\9.0.2\ref\net9.0\System.Threading.Tasks.Dataflow.dll".
             ╨Ю╨▒╨╜╨░╤А╤Г╨╢╨╡╨╜╨░ ╤Б╤Б╤Л╨╗╨║╨░ ╨▓ ╤А╨░╤Б╨┐╨╛╨╗╨╛╨╢╨╡╨╜╨╕╨╕ ╨┐╤Г╤В╨╕ ╨┐╨╛╨╕╤Б╨║╨░ "{RawFileName}".
             ╨Ф╨░╨╜╨╜╨░╤П ╤Б╤Б╤Л╨╗╨║╨░ ╨╜╨╡ ╤П╨▓╨╗╤П╨╡╤В╤Б╤П "CopyLocal" ╤В╨░╨║ ╨║╨░╨║ ╤Е╨╛╤В╤П ╨▒╤Л ╨┤╨╗╤П ╨╛╨┤╨╜╨╛╨│╨╛ ╨╕╤Б╤В╨╛╤З╨╜╨╕╨║╨░ ╨┤╨░╨╜╨╜╤Л╤Е ╨┐╨░╤А╨░╨╝╨╡╤В╤А "Private" ╨╕╨╝╨╡╨╡╤В ╨╖╨╜╨░╤З╨╡╨╜╨╕╨╡ "false", ╨╕ ╨╜╨╡╤В ╨╕╤Б╤В╨╛╤З╨╜╨╕╨║╨╛╨▓ ╨┤╨░╨╜╨╜╤Л╤Е, ╨┤╨╗╤П ╨║╨╛╤В╨╛╤А╤Л╤Е ╨┐╨░╤А╨░╨╝╨╡╤В╤А "Private" ╨╕╨╝╨╡╨╡╤В ╨╖╨╜╨░╤З╨╡╨╜╨╕╨╡ "true".
         ╨Я╨╡╤А╨▓╨╕╤З╨╜╨░╤П ╤Б╤Б╤Л╨╗╨║╨░ "System.Threading.Tasks.Extensions, Version=9.0.0.0, Culture=neutral, PublicKeyToken=cc7b13ffcd2ddd51".
             ╨а╨░╨╖╤А╨╡╤И╨╡╨╜╨╜╤Л╨╣ ╨┐╤Г╤В╤М ╨║ ╤Д╨░╨╣╨╗╤Г - "C:\Program Files\dotnet\packs\Microsoft.NETCore.App.Ref\9.0.2\ref\net9.0\System.Threading.Tasks.Extensions.dll".
             ╨Ю╨▒╨╜╨░╤А╤Г╨╢╨╡╨╜╨░ ╤Б╤Б╤Л╨╗╨║╨░ ╨▓ ╤А╨░╤Б╨┐╨╛╨╗╨╛╨╢╨╡╨╜╨╕╨╕ ╨┐╤Г╤В╨╕ ╨┐╨╛╨╕╤Б╨║╨░ "{RawFileName}".
             ╨Ф╨░╨╜╨╜╨░╤П ╤Б╤Б╤Л╨╗╨║╨░ ╨╜╨╡ ╤П╨▓╨╗╤П╨╡╤В╤Б╤П "CopyLocal" ╤В╨░╨║ ╨║╨░╨║ ╤Е╨╛╤В╤П ╨▒╤Л ╨┤╨╗╤П ╨╛╨┤╨╜╨╛╨│╨╛ ╨╕╤Б╤В╨╛╤З╨╜╨╕╨║╨░ ╨┤╨░╨╜╨╜╤Л╤Е ╨┐╨░╤А╨░╨╝╨╡╤В╤А "Private" ╨╕╨╝╨╡╨╡╤В ╨╖╨╜╨░╤З╨╡╨╜╨╕╨╡ "false", ╨╕ ╨╜╨╡╤В ╨╕╤Б╤В╨╛╤З╨╜╨╕╨║╨╛╨▓ ╨┤╨░╨╜╨╜╤Л╤Е, ╨┤╨╗╤П ╨║╨╛╤В╨╛╤А╤Л╤Е ╨┐╨░╤А╨░╨╝╨╡╤В╤А "Private" ╨╕╨╝╨╡╨╡╤В ╨╖╨╜╨░╤З╨╡╨╜╨╕╨╡ "true".
         ╨Я╨╡╤А╨▓╨╕╤З╨╜╨░╤П ╤Б╤Б╤Л╨╗╨║╨░ "System.Threading.Tasks.Parallel, Version=9.0.0.0, Culture=neutral, PublicKeyToken=b03f5f7f11d50a3a".
             ╨а╨░╨╖╤А╨╡╤И╨╡╨╜╨╜╤Л╨╣ ╨┐╤Г╤В╤М ╨║ ╤Д╨░╨╣╨╗╤Г - "C:\Program Files\dotnet\packs\Microsoft.NETCore.App.Ref\9.0.2\ref\net9.0\System.Threading.Tasks.Parallel.dll".
             ╨Ю╨▒╨╜╨░╤А╤Г╨╢╨╡╨╜╨░ ╤Б╤Б╤Л╨╗╨║╨░ ╨▓ ╤А╨░╤Б╨┐╨╛╨╗╨╛╨╢╨╡╨╜╨╕╨╕ ╨┐╤Г╤В╨╕ ╨┐╨╛╨╕╤Б╨║╨░ "{RawFileName}".
             ╨Ф╨░╨╜╨╜╨░╤П ╤Б╤Б╤Л╨╗╨║╨░ ╨╜╨╡ ╤П╨▓╨╗╤П╨╡╤В╤Б╤П "CopyLocal" ╤В╨░╨║ ╨║╨░╨║ ╤Е╨╛╤В╤П ╨▒╤Л ╨┤╨╗╤П ╨╛╨┤╨╜╨╛╨│╨╛ ╨╕╤Б╤В╨╛╤З╨╜╨╕╨║╨░ ╨┤╨░╨╜╨╜╤Л╤Е ╨┐╨░╤А╨░╨╝╨╡╤В╤А "Private" ╨╕╨╝╨╡╨╡╤В ╨╖╨╜╨░╤З╨╡╨╜╨╕╨╡ "false", ╨╕ ╨╜╨╡╤В ╨╕╤Б╤В╨╛╤З╨╜╨╕╨║╨╛╨▓ ╨┤╨░╨╜╨╜╤Л╤Е, ╨┤╨╗╤П ╨║╨╛╤В╨╛╤А╤Л╤Е ╨┐╨░╤А╨░╨╝╨╡╤В╤А "Private" ╨╕╨╝╨╡╨╡╤В ╨╖╨╜╨░╤З╨╡╨╜╨╕╨╡ "true".
         ╨Я╨╡╤А╨▓╨╕╤З╨╜╨░╤П ╤Б╤Б╤Л╨╗╨║╨░ "System.Threading.Tasks, Version=9.0.0.0, Culture=neutral, PublicKeyToken=b03f5f7f11d50a3a".
             ╨а╨░╨╖╤А╨╡╤И╨╡╨╜╨╜╤Л╨╣ ╨┐╤Г╤В╤М ╨║ ╤Д╨░╨╣╨╗╤Г - "C:\Program Files\dotnet\packs\Microsoft.NETCore.App.Ref\9.0.2\ref\net9.0\System.Threading.Tasks.dll".
             ╨Ю╨▒╨╜╨░╤А╤Г╨╢╨╡╨╜╨░ ╤Б╤Б╤Л╨╗╨║╨░ ╨▓ ╤А╨░╤Б╨┐╨╛╨╗╨╛╨╢╨╡╨╜╨╕╨╕ ╨┐╤Г╤В╨╕ ╨┐╨╛╨╕╤Б╨║╨░ "{RawFileName}".
             ╨Ф╨░╨╜╨╜╨░╤П ╤Б╤Б╤Л╨╗╨║╨░ ╨╜╨╡ ╤П╨▓╨╗╤П╨╡╤В╤Б╤П "CopyLocal" ╤В╨░╨║ ╨║╨░╨║ ╤Е╨╛╤В╤П ╨▒╤Л ╨┤╨╗╤П ╨╛╨┤╨╜╨╛╨│╨╛ ╨╕╤Б╤В╨╛╤З╨╜╨╕╨║╨░ ╨┤╨░╨╜╨╜╤Л╤Е ╨┐╨░╤А╨░╨╝╨╡╤В╤А "Private" ╨╕╨╝╨╡╨╡╤В ╨╖╨╜╨░╤З╨╡╨╜╨╕╨╡ "false", ╨╕ ╨╜╨╡╤В ╨╕╤Б╤В╨╛╤З╨╜╨╕╨║╨╛╨▓ ╨┤╨░╨╜╨╜╤Л╤Е, ╨┤╨╗╤П ╨║╨╛╤В╨╛╤А╤Л╤Е ╨┐╨░╤А╨░╨╝╨╡╤В╤А "Private" ╨╕╨╝╨╡╨╡╤В ╨╖╨╜╨░╤З╨╡╨╜╨╕╨╡ "true".
         ╨Я╨╡╤А╨▓╨╕╤З╨╜╨░╤П ╤Б╤Б╤Л╨╗╨║╨░ "System.Threading.Thread, Version=9.0.0.0, Culture=neutral, PublicKeyToken=b03f5f7f11d50a3a".
             ╨а╨░╨╖╤А╨╡╤И╨╡╨╜╨╜╤Л╨╣ ╨┐╤Г╤В╤М ╨║ ╤Д╨░╨╣╨╗╤Г - "C:\Program Files\dotnet\packs\Microsoft.NETCore.App.Ref\9.0.2\ref\net9.0\System.Threading.Thread.dll".
             ╨Ю╨▒╨╜╨░╤А╤Г╨╢╨╡╨╜╨░ ╤Б╤Б╤Л╨╗╨║╨░ ╨▓ ╤А╨░╤Б╨┐╨╛╨╗╨╛╨╢╨╡╨╜╨╕╨╕ ╨┐╤Г╤В╨╕ ╨┐╨╛╨╕╤Б╨║╨░ "{RawFileName}".
             ╨Ф╨░╨╜╨╜╨░╤П ╤Б╤Б╤Л╨╗╨║╨░ ╨╜╨╡ ╤П╨▓╨╗╤П╨╡╤В╤Б╤П "CopyLocal" ╤В╨░╨║ ╨║╨░╨║ ╤Е╨╛╤В╤П ╨▒╤Л ╨┤╨╗╤П ╨╛╨┤╨╜╨╛╨│╨╛ ╨╕╤Б╤В╨╛╤З╨╜╨╕╨║╨░ ╨┤╨░╨╜╨╜╤Л╤Е ╨┐╨░╤А╨░╨╝╨╡╤В╤А "Private" ╨╕╨╝╨╡╨╡╤В ╨╖╨╜╨░╤З╨╡╨╜╨╕╨╡ "false", ╨╕ ╨╜╨╡╤В ╨╕╤Б╤В╨╛╤З╨╜╨╕╨║╨╛╨▓ ╨┤╨░╨╜╨╜╤Л╤Е, ╨┤╨╗╤П ╨║╨╛╤В╨╛╤А╤Л╤Е ╨┐╨░╤А╨░╨╝╨╡╤В╤А "Private" ╨╕╨╝╨╡╨╡╤В ╨╖╨╜╨░╤З╨╡╨╜╨╕╨╡ "true".
         ╨Я╨╡╤А╨▓╨╕╤З╨╜╨░╤П ╤Б╤Б╤Л╨╗╨║╨░ "System.Threading.ThreadPool, Version=9.0.0.0, Culture=neutral, PublicKeyToken=b03f5f7f11d50a3a".
             ╨а╨░╨╖╤А╨╡╤И╨╡╨╜╨╜╤Л╨╣ ╨┐╤Г╤В╤М ╨║ ╤Д╨░╨╣╨╗╤Г - "C:\Program Files\dotnet\packs\Microsoft.NETCore.App.Ref\9.0.2\ref\net9.0\System.Threading.ThreadPool.dll".
             ╨Ю╨▒╨╜╨░╤А╤Г╨╢╨╡╨╜╨░ ╤Б╤Б╤Л╨╗╨║╨░ ╨▓ ╤А╨░╤Б╨┐╨╛╨╗╨╛╨╢╨╡╨╜╨╕╨╕ ╨┐╤Г╤В╨╕ ╨┐╨╛╨╕╤Б╨║╨░ "{RawFileName}".
             ╨Ф╨░╨╜╨╜╨░╤П ╤Б╤Б╤Л╨╗╨║╨░ ╨╜╨╡ ╤П╨▓╨╗╤П╨╡╤В╤Б╤П "CopyLocal" ╤В╨░╨║ ╨║╨░╨║ ╤Е╨╛╤В╤П ╨▒╤Л ╨┤╨╗╤П ╨╛╨┤╨╜╨╛╨│╨╛ ╨╕╤Б╤В╨╛╤З╨╜╨╕╨║╨░ ╨┤╨░╨╜╨╜╤Л╤Е ╨┐╨░╤А╨░╨╝╨╡╤В╤А "Private" ╨╕╨╝╨╡╨╡╤В ╨╖╨╜╨░╤З╨╡╨╜╨╕╨╡ "false", ╨╕ ╨╜╨╡╤В ╨╕╤Б╤В╨╛╤З╨╜╨╕╨║╨╛╨▓ ╨┤╨░╨╜╨╜╤Л╤Е, ╨┤╨╗╤П ╨║╨╛╤В╨╛╤А╤Л╤Е ╨┐╨░╤А╨░╨╝╨╡╤В╤А "Private" ╨╕╨╝╨╡╨╡╤В ╨╖╨╜╨░╤З╨╡╨╜╨╕╨╡ "true".
         ╨Я╨╡╤А╨▓╨╕╤З╨╜╨░╤П ╤Б╤Б╤Л╨╗╨║╨░ "System.Threading.Timer, Version=9.0.0.0, Culture=neutral, PublicKeyToken=b03f5f7f11d50a3a".
             ╨а╨░╨╖╤А╨╡╤И╨╡╨╜╨╜╤Л╨╣ ╨┐╤Г╤В╤М ╨║ ╤Д╨░╨╣╨╗╤Г - "C:\Program Files\dotnet\packs\Microsoft.NETCore.App.Ref\9.0.2\ref\net9.0\System.Threading.Timer.dll".
             ╨Ю╨▒╨╜╨░╤А╤Г╨╢╨╡╨╜╨░ ╤Б╤Б╤Л╨╗╨║╨░ ╨▓ ╤А╨░╤Б╨┐╨╛╨╗╨╛╨╢╨╡╨╜╨╕╨╕ ╨┐╤Г╤В╨╕ ╨┐╨╛╨╕╤Б╨║╨░ "{RawFileName}".
             ╨Ф╨░╨╜╨╜╨░╤П ╤Б╤Б╤Л╨╗╨║╨░ ╨╜╨╡ ╤П╨▓╨╗╤П╨╡╤В╤Б╤П "CopyLocal" ╤В╨░╨║ ╨║╨░╨║ ╤Е╨╛╤В╤П ╨▒╤Л ╨┤╨╗╤П ╨╛╨┤╨╜╨╛╨│╨╛ ╨╕╤Б╤В╨╛╤З╨╜╨╕╨║╨░ ╨┤╨░╨╜╨╜╤Л╤Е ╨┐╨░╤А╨░╨╝╨╡╤В╤А "Private" ╨╕╨╝╨╡╨╡╤В ╨╖╨╜╨░╤З╨╡╨╜╨╕╨╡ "false", ╨╕ ╨╜╨╡╤В ╨╕╤Б╤В╨╛╤З╨╜╨╕╨║╨╛╨▓ ╨┤╨░╨╜╨╜╤Л╤Е, ╨┤╨╗╤П ╨║╨╛╤В╨╛╤А╤Л╤Е ╨┐╨░╤А╨░╨╝╨╡╤В╤А "Private" ╨╕╨╝╨╡╨╡╤В ╨╖╨╜╨░╤З╨╡╨╜╨╕╨╡ "true".
         ╨Я╨╡╤А╨▓╨╕╤З╨╜╨░╤П ╤Б╤Б╤Л╨╗╨║╨░ "System.Threading, Version=9.0.0.0, Culture=neutral, PublicKeyToken=b03f5f7f11d50a3a".
             ╨а╨░╨╖╤А╨╡╤И╨╡╨╜╨╜╤Л╨╣ ╨┐╤Г╤В╤М ╨║ ╤Д╨░╨╣╨╗╤Г - "C:\Program Files\dotnet\packs\Microsoft.NETCore.App.Ref\9.0.2\ref\net9.0\System.Threading.dll".
             ╨Ю╨▒╨╜╨░╤А╤Г╨╢╨╡╨╜╨░ ╤Б╤Б╤Л╨╗╨║╨░ ╨▓ ╤А╨░╤Б╨┐╨╛╨╗╨╛╨╢╨╡╨╜╨╕╨╕ ╨┐╤Г╤В╨╕ ╨┐╨╛╨╕╤Б╨║╨░ "{RawFileName}".
             ╨Ф╨░╨╜╨╜╨░╤П ╤Б╤Б╤Л╨╗╨║╨░ ╨╜╨╡ ╤П╨▓╨╗╤П╨╡╤В╤Б╤П "CopyLocal" ╤В╨░╨║ ╨║╨░╨║ ╤Е╨╛╤В╤П ╨▒╤Л ╨┤╨╗╤П ╨╛╨┤╨╜╨╛╨│╨╛ ╨╕╤Б╤В╨╛╤З╨╜╨╕╨║╨░ ╨┤╨░╨╜╨╜╤Л╤Е ╨┐╨░╤А╨░╨╝╨╡╤В╤А "Private" ╨╕╨╝╨╡╨╡╤В ╨╖╨╜╨░╤З╨╡╨╜╨╕╨╡ "false", ╨╕ ╨╜╨╡╤В ╨╕╤Б╤В╨╛╤З╨╜╨╕╨║╨╛╨▓ ╨┤╨░╨╜╨╜╤Л╤Е, ╨┤╨╗╤П ╨║╨╛╤В╨╛╤А╤Л╤Е ╨┐╨░╤А╨░╨╝╨╡╤В╤А "Private" ╨╕╨╝╨╡╨╡╤В ╨╖╨╜╨░╤З╨╡╨╜╨╕╨╡ "true".
         ╨Я╨╡╤А╨▓╨╕╤З╨╜╨░╤П ╤Б╤Б╤Л╨╗╨║╨░ "System.Transactions.Local, Version=9.0.0.0, Culture=neutral, PublicKeyToken=cc7b13ffcd2ddd51".
             ╨а╨░╨╖╤А╨╡╤И╨╡╨╜╨╜╤Л╨╣ ╨┐╤Г╤В╤М ╨║ ╤Д╨░╨╣╨╗╤Г - "C:\Program Files\dotnet\packs\Microsoft.NETCore.App.Ref\9.0.2\ref\net9.0\System.Transactions.Local.dll".
             ╨Ю╨▒╨╜╨░╤А╤Г╨╢╨╡╨╜╨░ ╤Б╤Б╤Л╨╗╨║╨░ ╨▓ ╤А╨░╤Б╨┐╨╛╨╗╨╛╨╢╨╡╨╜╨╕╨╕ ╨┐╤Г╤В╨╕ ╨┐╨╛╨╕╤Б╨║╨░ "{RawFileName}".
             ╨Ф╨░╨╜╨╜╨░╤П ╤Б╤Б╤Л╨╗╨║╨░ ╨╜╨╡ ╤П╨▓╨╗╤П╨╡╤В╤Б╤П "CopyLocal" ╤В╨░╨║ ╨║╨░╨║ ╤Е╨╛╤В╤П ╨▒╤Л ╨┤╨╗╤П ╨╛╨┤╨╜╨╛╨│╨╛ ╨╕╤Б╤В╨╛╤З╨╜╨╕╨║╨░ ╨┤╨░╨╜╨╜╤Л╤Е ╨┐╨░╤А╨░╨╝╨╡╤В╤А "Private" ╨╕╨╝╨╡╨╡╤В ╨╖╨╜╨░╤З╨╡╨╜╨╕╨╡ "false", ╨╕ ╨╜╨╡╤В ╨╕╤Б╤В╨╛╤З╨╜╨╕╨║╨╛╨▓ ╨┤╨░╨╜╨╜╤Л╤Е, ╨┤╨╗╤П ╨║╨╛╤В╨╛╤А╤Л╤Е ╨┐╨░╤А╨░╨╝╨╡╤В╤А "Private" ╨╕╨╝╨╡╨╡╤В ╨╖╨╜╨░╤З╨╡╨╜╨╕╨╡ "true".
         ╨Я╨╡╤А╨▓╨╕╤З╨╜╨░╤П ╤Б╤Б╤Л╨╗╨║╨░ "System.Transactions, Version=4.0.0.0, Culture=neutral, PublicKeyToken=b77a5c561934e089".
             ╨а╨░╨╖╤А╨╡╤И╨╡╨╜╨╜╤Л╨╣ ╨┐╤Г╤В╤М ╨║ ╤Д╨░╨╣╨╗╤Г - "C:\Program Files\dotnet\packs\Microsoft.NETCore.App.Ref\9.0.2\ref\net9.0\System.Transactions.dll".
             ╨Ю╨▒╨╜╨░╤А╤Г╨╢╨╡╨╜╨░ ╤Б╤Б╤Л╨╗╨║╨░ ╨▓ ╤А╨░╤Б╨┐╨╛╨╗╨╛╨╢╨╡╨╜╨╕╨╕ ╨┐╤Г╤В╨╕ ╨┐╨╛╨╕╤Б╨║╨░ "{RawFileName}".
             ╨Ф╨░╨╜╨╜╨░╤П ╤Б╤Б╤Л╨╗╨║╨░ ╨╜╨╡ ╤П╨▓╨╗╤П╨╡╤В╤Б╤П "CopyLocal" ╤В╨░╨║ ╨║╨░╨║ ╤Е╨╛╤В╤П ╨▒╤Л ╨┤╨╗╤П ╨╛╨┤╨╜╨╛╨│╨╛ ╨╕╤Б╤В╨╛╤З╨╜╨╕╨║╨░ ╨┤╨░╨╜╨╜╤Л╤Е ╨┐╨░╤А╨░╨╝╨╡╤В╤А "Private" ╨╕╨╝╨╡╨╡╤В ╨╖╨╜╨░╤З╨╡╨╜╨╕╨╡ "false", ╨╕ ╨╜╨╡╤В ╨╕╤Б╤В╨╛╤З╨╜╨╕╨║╨╛╨▓ ╨┤╨░╨╜╨╜╤Л╤Е, ╨┤╨╗╤П ╨║╨╛╤В╨╛╤А╤Л╤Е ╨┐╨░╤А╨░╨╝╨╡╤В╤А "Private" ╨╕╨╝╨╡╨╡╤В ╨╖╨╜╨░╤З╨╡╨╜╨╕╨╡ "true".
         ╨Я╨╡╤А╨▓╨╕╤З╨╜╨░╤П ╤Б╤Б╤Л╨╗╨║╨░ "System.ValueTuple, Version=9.0.0.0, Culture=neutral, PublicKeyToken=cc7b13ffcd2ddd51".
             ╨а╨░╨╖╤А╨╡╤И╨╡╨╜╨╜╤Л╨╣ ╨┐╤Г╤В╤М ╨║ ╤Д╨░╨╣╨╗╤Г - "C:\Program Files\dotnet\packs\Microsoft.NETCore.App.Ref\9.0.2\ref\net9.0\System.ValueTuple.dll".
             ╨Ю╨▒╨╜╨░╤А╤Г╨╢╨╡╨╜╨░ ╤Б╤Б╤Л╨╗╨║╨░ ╨▓ ╤А╨░╤Б╨┐╨╛╨╗╨╛╨╢╨╡╨╜╨╕╨╕ ╨┐╤Г╤В╨╕ ╨┐╨╛╨╕╤Б╨║╨░ "{RawFileName}".
             ╨Ф╨░╨╜╨╜╨░╤П ╤Б╤Б╤Л╨╗╨║╨░ ╨╜╨╡ ╤П╨▓╨╗╤П╨╡╤В╤Б╤П "CopyLocal" ╤В╨░╨║ ╨║╨░╨║ ╤Е╨╛╤В╤П ╨▒╤Л ╨┤╨╗╤П ╨╛╨┤╨╜╨╛╨│╨╛ ╨╕╤Б╤В╨╛╤З╨╜╨╕╨║╨░ ╨┤╨░╨╜╨╜╤Л╤Е ╨┐╨░╤А╨░╨╝╨╡╤В╤А "Private" ╨╕╨╝╨╡╨╡╤В ╨╖╨╜╨░╤З╨╡╨╜╨╕╨╡ "false", ╨╕ ╨╜╨╡╤В ╨╕╤Б╤В╨╛╤З╨╜╨╕╨║╨╛╨▓ ╨┤╨░╨╜╨╜╤Л╤Е, ╨┤╨╗╤П ╨║╨╛╤В╨╛╤А╤Л╤Е ╨┐╨░╤А╨░╨╝╨╡╤В╤А "Private" ╨╕╨╝╨╡╨╡╤В ╨╖╨╜╨░╤З╨╡╨╜╨╕╨╡ "true".
         ╨Я╨╡╤А╨▓╨╕╤З╨╜╨░╤П ╤Б╤Б╤Л╨╗╨║╨░ "System.Web.HttpUtility, Version=9.0.0.0, Culture=neutral, PublicKeyToken=cc7b13ffcd2ddd51".
             ╨а╨░╨╖╤А╨╡╤И╨╡╨╜╨╜╤Л╨╣ ╨┐╤Г╤В╤М ╨║ ╤Д╨░╨╣╨╗╤Г - "C:\Program Files\dotnet\packs\Microsoft.NETCore.App.Ref\9.0.2\ref\net9.0\System.Web.HttpUtility.dll".
             ╨Ю╨▒╨╜╨░╤А╤Г╨╢╨╡╨╜╨░ ╤Б╤Б╤Л╨╗╨║╨░ ╨▓ ╤А╨░╤Б╨┐╨╛╨╗╨╛╨╢╨╡╨╜╨╕╨╕ ╨┐╤Г╤В╨╕ ╨┐╨╛╨╕╤Б╨║╨░ "{RawFileName}".
             ╨Ф╨░╨╜╨╜╨░╤П ╤Б╤Б╤Л╨╗╨║╨░ ╨╜╨╡ ╤П╨▓╨╗╤П╨╡╤В╤Б╤П "CopyLocal" ╤В╨░╨║ ╨║╨░╨║ ╤Е╨╛╤В╤П ╨▒╤Л ╨┤╨╗╤П ╨╛╨┤╨╜╨╛╨│╨╛ ╨╕╤Б╤В╨╛╤З╨╜╨╕╨║╨░ ╨┤╨░╨╜╨╜╤Л╤Е ╨┐╨░╤А╨░╨╝╨╡╤В╤А "Private" ╨╕╨╝╨╡╨╡╤В ╨╖╨╜╨░╤З╨╡╨╜╨╕╨╡ "false", ╨╕ ╨╜╨╡╤В ╨╕╤Б╤В╨╛╤З╨╜╨╕╨║╨╛╨▓ ╨┤╨░╨╜╨╜╤Л╤Е, ╨┤╨╗╤П ╨║╨╛╤В╨╛╤А╤Л╤Е ╨┐╨░╤А╨░╨╝╨╡╤В╤А "Private" ╨╕╨╝╨╡╨╡╤В ╨╖╨╜╨░╤З╨╡╨╜╨╕╨╡ "true".
         ╨Я╨╡╤А╨▓╨╕╤З╨╜╨░╤П ╤Б╤Б╤Л╨╗╨║╨░ "System.Web, Version=4.0.0.0, Culture=neutral, PublicKeyToken=b03f5f7f11d50a3a".
             ╨а╨░╨╖╤А╨╡╤И╨╡╨╜╨╜╤Л╨╣ ╨┐╤Г╤В╤М ╨║ ╤Д╨░╨╣╨╗╤Г - "C:\Program Files\dotnet\packs\Microsoft.NETCore.App.Ref\9.0.2\ref\net9.0\System.Web.dll".
             ╨Ю╨▒╨╜╨░╤А╤Г╨╢╨╡╨╜╨░ ╤Б╤Б╤Л╨╗╨║╨░ ╨▓ ╤А╨░╤Б╨┐╨╛╨╗╨╛╨╢╨╡╨╜╨╕╨╕ ╨┐╤Г╤В╨╕ ╨┐╨╛╨╕╤Б╨║╨░ "{RawFileName}".
             ╨Ф╨░╨╜╨╜╨░╤П ╤Б╤Б╤Л╨╗╨║╨░ ╨╜╨╡ ╤П╨▓╨╗╤П╨╡╤В╤Б╤П "CopyLocal" ╤В╨░╨║ ╨║╨░╨║ ╤Е╨╛╤В╤П ╨▒╤Л ╨┤╨╗╤П ╨╛╨┤╨╜╨╛╨│╨╛ ╨╕╤Б╤В╨╛╤З╨╜╨╕╨║╨░ ╨┤╨░╨╜╨╜╤Л╤Е ╨┐╨░╤А╨░╨╝╨╡╤В╤А "Private" ╨╕╨╝╨╡╨╡╤В ╨╖╨╜╨░╤З╨╡╨╜╨╕╨╡ "false", ╨╕ ╨╜╨╡╤В ╨╕╤Б╤В╨╛╤З╨╜╨╕╨║╨╛╨▓ ╨┤╨░╨╜╨╜╤Л╤Е, ╨┤╨╗╤П ╨║╨╛╤В╨╛╤А╤Л╤Е ╨┐╨░╤А╨░╨╝╨╡╤В╤А "Private" ╨╕╨╝╨╡╨╡╤В ╨╖╨╜╨░╤З╨╡╨╜╨╕╨╡ "true".
         ╨Я╨╡╤А╨▓╨╕╤З╨╜╨░╤П ╤Б╤Б╤Л╨╗╨║╨░ "System.Windows, Version=4.0.0.0, Culture=neutral, PublicKeyToken=b03f5f7f11d50a3a".
             ╨а╨░╨╖╤А╨╡╤И╨╡╨╜╨╜╤Л╨╣ ╨┐╤Г╤В╤М ╨║ ╤Д╨░╨╣╨╗╤Г - "C:\Program Files\dotnet\packs\Microsoft.NETCore.App.Ref\9.0.2\ref\net9.0\System.Windows.dll".
             ╨Ю╨▒╨╜╨░╤А╤Г╨╢╨╡╨╜╨░ ╤Б╤Б╤Л╨╗╨║╨░ ╨▓ ╤А╨░╤Б╨┐╨╛╨╗╨╛╨╢╨╡╨╜╨╕╨╕ ╨┐╤Г╤В╨╕ ╨┐╨╛╨╕╤Б╨║╨░ "{RawFileName}".
             ╨Ф╨░╨╜╨╜╨░╤П ╤Б╤Б╤Л╨╗╨║╨░ ╨╜╨╡ ╤П╨▓╨╗╤П╨╡╤В╤Б╤П "CopyLocal" ╤В╨░╨║ ╨║╨░╨║ ╤Е╨╛╤В╤П ╨▒╤Л ╨┤╨╗╤П ╨╛╨┤╨╜╨╛╨│╨╛ ╨╕╤Б╤В╨╛╤З╨╜╨╕╨║╨░ ╨┤╨░╨╜╨╜╤Л╤Е ╨┐╨░╤А╨░╨╝╨╡╤В╤А "Private" ╨╕╨╝╨╡╨╡╤В ╨╖╨╜╨░╤З╨╡╨╜╨╕╨╡ "false", ╨╕ ╨╜╨╡╤В ╨╕╤Б╤В╨╛╤З╨╜╨╕╨║╨╛╨▓ ╨┤╨░╨╜╨╜╤Л╤Е, ╨┤╨╗╤П ╨║╨╛╤В╨╛╤А╤Л╤Е ╨┐╨░╤А╨░╨╝╨╡╤В╤А "Private" ╨╕╨╝╨╡╨╡╤В ╨╖╨╜╨░╤З╨╡╨╜╨╕╨╡ "true".
         ╨Я╨╡╤А╨▓╨╕╤З╨╜╨░╤П ╤Б╤Б╤Л╨╗╨║╨░ "System.Xml.Linq, Version=4.0.0.0, Culture=neutral, PublicKeyToken=b77a5c561934e089".
             ╨а╨░╨╖╤А╨╡╤И╨╡╨╜╨╜╤Л╨╣ ╨┐╤Г╤В╤М ╨║ ╤Д╨░╨╣╨╗╤Г - "C:\Program Files\dotnet\packs\Microsoft.NETCore.App.Ref\9.0.2\ref\net9.0\System.Xml.Linq.dll".
             ╨Ю╨▒╨╜╨░╤А╤Г╨╢╨╡╨╜╨░ ╤Б╤Б╤Л╨╗╨║╨░ ╨▓ ╤А╨░╤Б╨┐╨╛╨╗╨╛╨╢╨╡╨╜╨╕╨╕ ╨┐╤Г╤В╨╕ ╨┐╨╛╨╕╤Б╨║╨░ "{RawFileName}".
             ╨Ф╨░╨╜╨╜╨░╤П ╤Б╤Б╤Л╨╗╨║╨░ ╨╜╨╡ ╤П╨▓╨╗╤П╨╡╤В╤Б╤П "CopyLocal" ╤В╨░╨║ ╨║╨░╨║ ╤Е╨╛╤В╤П ╨▒╤Л ╨┤╨╗╤П ╨╛╨┤╨╜╨╛╨│╨╛ ╨╕╤Б╤В╨╛╤З╨╜╨╕╨║╨░ ╨┤╨░╨╜╨╜╤Л╤Е ╨┐╨░╤А╨░╨╝╨╡╤В╤А "Private" ╨╕╨╝╨╡╨╡╤В ╨╖╨╜╨░╤З╨╡╨╜╨╕╨╡ "false", ╨╕ ╨╜╨╡╤В ╨╕╤Б╤В╨╛╤З╨╜╨╕╨║╨╛╨▓ ╨┤╨░╨╜╨╜╤Л╤Е, ╨┤╨╗╤П ╨║╨╛╤В╨╛╤А╤Л╤Е ╨┐╨░╤А╨░╨╝╨╡╤В╤А "Private" ╨╕╨╝╨╡╨╡╤В ╨╖╨╜╨░╤З╨╡╨╜╨╕╨╡ "true".
         ╨Я╨╡╤А╨▓╨╕╤З╨╜╨░╤П ╤Б╤Б╤Л╨╗╨║╨░ "System.Xml.ReaderWriter, Version=9.0.0.0, Culture=neutral, PublicKeyToken=b03f5f7f11d50a3a".
             ╨а╨░╨╖╤А╨╡╤И╨╡╨╜╨╜╤Л╨╣ ╨┐╤Г╤В╤М ╨║ ╤Д╨░╨╣╨╗╤Г - "C:\Program Files\dotnet\packs\Microsoft.NETCore.App.Ref\9.0.2\ref\net9.0\System.Xml.ReaderWriter.dll".
             ╨Ю╨▒╨╜╨░╤А╤Г╨╢╨╡╨╜╨░ ╤Б╤Б╤Л╨╗╨║╨░ ╨▓ ╤А╨░╤Б╨┐╨╛╨╗╨╛╨╢╨╡╨╜╨╕╨╕ ╨┐╤Г╤В╨╕ ╨┐╨╛╨╕╤Б╨║╨░ "{RawFileName}".
             ╨Ф╨░╨╜╨╜╨░╤П ╤Б╤Б╤Л╨╗╨║╨░ ╨╜╨╡ ╤П╨▓╨╗╤П╨╡╤В╤Б╤П "CopyLocal" ╤В╨░╨║ ╨║╨░╨║ ╤Е╨╛╤В╤П ╨▒╤Л ╨┤╨╗╤П ╨╛╨┤╨╜╨╛╨│╨╛ ╨╕╤Б╤В╨╛╤З╨╜╨╕╨║╨░ ╨┤╨░╨╜╨╜╤Л╤Е ╨┐╨░╤А╨░╨╝╨╡╤В╤А "Private" ╨╕╨╝╨╡╨╡╤В ╨╖╨╜╨░╤З╨╡╨╜╨╕╨╡ "false", ╨╕ ╨╜╨╡╤В ╨╕╤Б╤В╨╛╤З╨╜╨╕╨║╨╛╨▓ ╨┤╨░╨╜╨╜╤Л╤Е, ╨┤╨╗╤П ╨║╨╛╤В╨╛╤А╤Л╤Е ╨┐╨░╤А╨░╨╝╨╡╤В╤А "Private" ╨╕╨╝╨╡╨╡╤В ╨╖╨╜╨░╤З╨╡╨╜╨╕╨╡ "true".
         ╨Я╨╡╤А╨▓╨╕╤З╨╜╨░╤П ╤Б╤Б╤Л╨╗╨║╨░ "System.Xml.Serialization, Version=4.0.0.0, Culture=neutral, PublicKeyToken=b77a5c561934e089".
             ╨а╨░╨╖╤А╨╡╤И╨╡╨╜╨╜╤Л╨╣ ╨┐╤Г╤В╤М ╨║ ╤Д╨░╨╣╨╗╤Г - "C:\Program Files\dotnet\packs\Microsoft.NETCore.App.Ref\9.0.2\ref\net9.0\System.Xml.Serialization.dll".
             ╨Ю╨▒╨╜╨░╤А╤Г╨╢╨╡╨╜╨░ ╤Б╤Б╤Л╨╗╨║╨░ ╨▓ ╤А╨░╤Б╨┐╨╛╨╗╨╛╨╢╨╡╨╜╨╕╨╕ ╨┐╤Г╤В╨╕ ╨┐╨╛╨╕╤Б╨║╨░ "{RawFileName}".
             ╨Ф╨░╨╜╨╜╨░╤П ╤Б╤Б╤Л╨╗╨║╨░ ╨╜╨╡ ╤П╨▓╨╗╤П╨╡╤В╤Б╤П "CopyLocal" ╤В╨░╨║ ╨║╨░╨║ ╤Е╨╛╤В╤П ╨▒╤Л ╨┤╨╗╤П ╨╛╨┤╨╜╨╛╨│╨╛ ╨╕╤Б╤В╨╛╤З╨╜╨╕╨║╨░ ╨┤╨░╨╜╨╜╤Л╤Е ╨┐╨░╤А╨░╨╝╨╡╤В╤А "Private" ╨╕╨╝╨╡╨╡╤В ╨╖╨╜╨░╤З╨╡╨╜╨╕╨╡ "false", ╨╕ ╨╜╨╡╤В ╨╕╤Б╤В╨╛╤З╨╜╨╕╨║╨╛╨▓ ╨┤╨░╨╜╨╜╤Л╤Е, ╨┤╨╗╤П ╨║╨╛╤В╨╛╤А╤Л╤Е ╨┐╨░╤А╨░╨╝╨╡╤В╤А "Private" ╨╕╨╝╨╡╨╡╤В ╨╖╨╜╨░╤З╨╡╨╜╨╕╨╡ "true".
         ╨Я╨╡╤А╨▓╨╕╤З╨╜╨░╤П ╤Б╤Б╤Л╨╗╨║╨░ "System.Xml.XDocument, Version=9.0.0.0, Culture=neutral, PublicKeyToken=b03f5f7f11d50a3a".
             ╨а╨░╨╖╤А╨╡╤И╨╡╨╜╨╜╤Л╨╣ ╨┐╤Г╤В╤М ╨║ ╤Д╨░╨╣╨╗╤Г - "C:\Program Files\dotnet\packs\Microsoft.NETCore.App.Ref\9.0.2\ref\net9.0\System.Xml.XDocument.dll".
             ╨Ю╨▒╨╜╨░╤А╤Г╨╢╨╡╨╜╨░ ╤Б╤Б╤Л╨╗╨║╨░ ╨▓ ╤А╨░╤Б╨┐╨╛╨╗╨╛╨╢╨╡╨╜╨╕╨╕ ╨┐╤Г╤В╨╕ ╨┐╨╛╨╕╤Б╨║╨░ "{RawFileName}".
             ╨Ф╨░╨╜╨╜╨░╤П ╤Б╤Б╤Л╨╗╨║╨░ ╨╜╨╡ ╤П╨▓╨╗╤П╨╡╤В╤Б╤П "CopyLocal" ╤В╨░╨║ ╨║╨░╨║ ╤Е╨╛╤В╤П ╨▒╤Л ╨┤╨╗╤П ╨╛╨┤╨╜╨╛╨│╨╛ ╨╕╤Б╤В╨╛╤З╨╜╨╕╨║╨░ ╨┤╨░╨╜╨╜╤Л╤Е ╨┐╨░╤А╨░╨╝╨╡╤В╤А "Private" ╨╕╨╝╨╡╨╡╤В ╨╖╨╜╨░╤З╨╡╨╜╨╕╨╡ "false", ╨╕ ╨╜╨╡╤В ╨╕╤Б╤В╨╛╤З╨╜╨╕╨║╨╛╨▓ ╨┤╨░╨╜╨╜╤Л╤Е, ╨┤╨╗╤П ╨║╨╛╤В╨╛╤А╤Л╤Е ╨┐╨░╤А╨░╨╝╨╡╤В╤А "Private" ╨╕╨╝╨╡╨╡╤В ╨╖╨╜╨░╤З╨╡╨╜╨╕╨╡ "true".
         ╨Я╨╡╤А╨▓╨╕╤З╨╜╨░╤П ╤Б╤Б╤Л╨╗╨║╨░ "System.Xml.XPath.XDocument, Version=9.0.0.0, Culture=neutral, PublicKeyToken=b03f5f7f11d50a3a".
             ╨а╨░╨╖╤А╨╡╤И╨╡╨╜╨╜╤Л╨╣ ╨┐╤Г╤В╤М ╨║ ╤Д╨░╨╣╨╗╤Г - "C:\Program Files\dotnet\packs\Microsoft.NETCore.App.Ref\9.0.2\ref\net9.0\System.Xml.XPath.XDocument.dll".
             ╨Ю╨▒╨╜╨░╤А╤Г╨╢╨╡╨╜╨░ ╤Б╤Б╤Л╨╗╨║╨░ ╨▓ ╤А╨░╤Б╨┐╨╛╨╗╨╛╨╢╨╡╨╜╨╕╨╕ ╨┐╤Г╤В╨╕ ╨┐╨╛╨╕╤Б╨║╨░ "{RawFileName}".
             ╨Ф╨░╨╜╨╜╨░╤П ╤Б╤Б╤Л╨╗╨║╨░ ╨╜╨╡ ╤П╨▓╨╗╤П╨╡╤В╤Б╤П "CopyLocal" ╤В╨░╨║ ╨║╨░╨║ ╤Е╨╛╤В╤П ╨▒╤Л ╨┤╨╗╤П ╨╛╨┤╨╜╨╛╨│╨╛ ╨╕╤Б╤В╨╛╤З╨╜╨╕╨║╨░ ╨┤╨░╨╜╨╜╤Л╤Е ╨┐╨░╤А╨░╨╝╨╡╤В╤А "Private" ╨╕╨╝╨╡╨╡╤В ╨╖╨╜╨░╤З╨╡╨╜╨╕╨╡ "false", ╨╕ ╨╜╨╡╤В ╨╕╤Б╤В╨╛╤З╨╜╨╕╨║╨╛╨▓ ╨┤╨░╨╜╨╜╤Л╤Е, ╨┤╨╗╤П ╨║╨╛╤В╨╛╤А╤Л╤Е ╨┐╨░╤А╨░╨╝╨╡╤В╤А "Private" ╨╕╨╝╨╡╨╡╤В ╨╖╨╜╨░╤З╨╡╨╜╨╕╨╡ "true".
         ╨Я╨╡╤А╨▓╨╕╤З╨╜╨░╤П ╤Б╤Б╤Л╨╗╨║╨░ "System.Xml.XPath, Version=9.0.0.0, Culture=neutral, PublicKeyToken=b03f5f7f11d50a3a".
             ╨а╨░╨╖╤А╨╡╤И╨╡╨╜╨╜╤Л╨╣ ╨┐╤Г╤В╤М ╨║ ╤Д╨░╨╣╨╗╤Г - "C:\Program Files\dotnet\packs\Microsoft.NETCore.App.Ref\9.0.2\ref\net9.0\System.Xml.XPath.dll".
             ╨Ю╨▒╨╜╨░╤А╤Г╨╢╨╡╨╜╨░ ╤Б╤Б╤Л╨╗╨║╨░ ╨▓ ╤А╨░╤Б╨┐╨╛╨╗╨╛╨╢╨╡╨╜╨╕╨╕ ╨┐╤Г╤В╨╕ ╨┐╨╛╨╕╤Б╨║╨░ "{RawFileName}".
             ╨Ф╨░╨╜╨╜╨░╤П ╤Б╤Б╤Л╨╗╨║╨░ ╨╜╨╡ ╤П╨▓╨╗╤П╨╡╤В╤Б╤П "CopyLocal" ╤В╨░╨║ ╨║╨░╨║ ╤Е╨╛╤В╤П ╨▒╤Л ╨┤╨╗╤П ╨╛╨┤╨╜╨╛╨│╨╛ ╨╕╤Б╤В╨╛╤З╨╜╨╕╨║╨░ ╨┤╨░╨╜╨╜╤Л╤Е ╨┐╨░╤А╨░╨╝╨╡╤В╤А "Private" ╨╕╨╝╨╡╨╡╤В ╨╖╨╜╨░╤З╨╡╨╜╨╕╨╡ "false", ╨╕ ╨╜╨╡╤В ╨╕╤Б╤В╨╛╤З╨╜╨╕╨║╨╛╨▓ ╨┤╨░╨╜╨╜╤Л╤Е, ╨┤╨╗╤П ╨║╨╛╤В╨╛╤А╤Л╤Е ╨┐╨░╤А╨░╨╝╨╡╤В╤А "Private" ╨╕╨╝╨╡╨╡╤В ╨╖╨╜╨░╤З╨╡╨╜╨╕╨╡ "true".
         ╨Я╨╡╤А╨▓╨╕╤З╨╜╨░╤П ╤Б╤Б╤Л╨╗╨║╨░ "System.Xml.XmlDocument, Version=9.0.0.0, Culture=neutral, PublicKeyToken=b03f5f7f11d50a3a".
             ╨а╨░╨╖╤А╨╡╤И╨╡╨╜╨╜╤Л╨╣ ╨┐╤Г╤В╤М ╨║ ╤Д╨░╨╣╨╗╤Г - "C:\Program Files\dotnet\packs\Microsoft.NETCore.App.Ref\9.0.2\ref\net9.0\System.Xml.XmlDocument.dll".
             ╨Ю╨▒╨╜╨░╤А╤Г╨╢╨╡╨╜╨░ ╤Б╤Б╤Л╨╗╨║╨░ ╨▓ ╤А╨░╤Б╨┐╨╛╨╗╨╛╨╢╨╡╨╜╨╕╨╕ ╨┐╤Г╤В╨╕ ╨┐╨╛╨╕╤Б╨║╨░ "{RawFileName}".
             ╨Ф╨░╨╜╨╜╨░╤П ╤Б╤Б╤Л╨╗╨║╨░ ╨╜╨╡ ╤П╨▓╨╗╤П╨╡╤В╤Б╤П "CopyLocal" ╤В╨░╨║ ╨║╨░╨║ ╤Е╨╛╤В╤П ╨▒╤Л ╨┤╨╗╤П ╨╛╨┤╨╜╨╛╨│╨╛ ╨╕╤Б╤В╨╛╤З╨╜╨╕╨║╨░ ╨┤╨░╨╜╨╜╤Л╤Е ╨┐╨░╤А╨░╨╝╨╡╤В╤А "Private" ╨╕╨╝╨╡╨╡╤В ╨╖╨╜╨░╤З╨╡╨╜╨╕╨╡ "false", ╨╕ ╨╜╨╡╤В ╨╕╤Б╤В╨╛╤З╨╜╨╕╨║╨╛╨▓ ╨┤╨░╨╜╨╜╤Л╤Е, ╨┤╨╗╤П ╨║╨╛╤В╨╛╤А╤Л╤Е ╨┐╨░╤А╨░╨╝╨╡╤В╤А "Private" ╨╕╨╝╨╡╨╡╤В ╨╖╨╜╨░╤З╨╡╨╜╨╕╨╡ "true".
         ╨Я╨╡╤А╨▓╨╕╤З╨╜╨░╤П ╤Б╤Б╤Л╨╗╨║╨░ "System.Xml.XmlSerializer, Version=9.0.0.0, Culture=neutral, PublicKeyToken=b03f5f7f11d50a3a".
             ╨а╨░╨╖╤А╨╡╤И╨╡╨╜╨╜╤Л╨╣ ╨┐╤Г╤В╤М ╨║ ╤Д╨░╨╣╨╗╤Г - "C:\Program Files\dotnet\packs\Microsoft.NETCore.App.Ref\9.0.2\ref\net9.0\System.Xml.XmlSerializer.dll".
             ╨Ю╨▒╨╜╨░╤А╤Г╨╢╨╡╨╜╨░ ╤Б╤Б╤Л╨╗╨║╨░ ╨▓ ╤А╨░╤Б╨┐╨╛╨╗╨╛╨╢╨╡╨╜╨╕╨╕ ╨┐╤Г╤В╨╕ ╨┐╨╛╨╕╤Б╨║╨░ "{RawFileName}".
             ╨Ф╨░╨╜╨╜╨░╤П ╤Б╤Б╤Л╨╗╨║╨░ ╨╜╨╡ ╤П╨▓╨╗╤П╨╡╤В╤Б╤П "CopyLocal" ╤В╨░╨║ ╨║╨░╨║ ╤Е╨╛╤В╤П ╨▒╤Л ╨┤╨╗╤П ╨╛╨┤╨╜╨╛╨│╨╛ ╨╕╤Б╤В╨╛╤З╨╜╨╕╨║╨░ ╨┤╨░╨╜╨╜╤Л╤Е ╨┐╨░╤А╨░╨╝╨╡╤В╤А "Private" ╨╕╨╝╨╡╨╡╤В ╨╖╨╜╨░╤З╨╡╨╜╨╕╨╡ "false", ╨╕ ╨╜╨╡╤В ╨╕╤Б╤В╨╛╤З╨╜╨╕╨║╨╛╨▓ ╨┤╨░╨╜╨╜╤Л╤Е, ╨┤╨╗╤П ╨║╨╛╤В╨╛╤А╤Л╤Е ╨┐╨░╤А╨░╨╝╨╡╤В╤А "Private" ╨╕╨╝╨╡╨╡╤В ╨╖╨╜╨░╤З╨╡╨╜╨╕╨╡ "true".
         ╨Я╨╡╤А╨▓╨╕╤З╨╜╨░╤П ╤Б╤Б╤Л╨╗╨║╨░ "System.Xml, Version=4.0.0.0, Culture=neutral, PublicKeyToken=b77a5c561934e089".
             ╨а╨░╨╖╤А╨╡╤И╨╡╨╜╨╜╤Л╨╣ ╨┐╤Г╤В╤М ╨║ ╤Д╨░╨╣╨╗╤Г - "C:\Program Files\dotnet\packs\Microsoft.NETCore.App.Ref\9.0.2\ref\net9.0\System.Xml.dll".
             ╨Ю╨▒╨╜╨░╤А╤Г╨╢╨╡╨╜╨░ ╤Б╤Б╤Л╨╗╨║╨░ ╨▓ ╤А╨░╤Б╨┐╨╛╨╗╨╛╨╢╨╡╨╜╨╕╨╕ ╨┐╤Г╤В╨╕ ╨┐╨╛╨╕╤Б╨║╨░ "{RawFileName}".
             ╨Ф╨░╨╜╨╜╨░╤П ╤Б╤Б╤Л╨╗╨║╨░ ╨╜╨╡ ╤П╨▓╨╗╤П╨╡╤В╤Б╤П "CopyLocal" ╤В╨░╨║ ╨║╨░╨║ ╤Е╨╛╤В╤П ╨▒╤Л ╨┤╨╗╤П ╨╛╨┤╨╜╨╛╨│╨╛ ╨╕╤Б╤В╨╛╤З╨╜╨╕╨║╨░ ╨┤╨░╨╜╨╜╤Л╤Е ╨┐╨░╤А╨░╨╝╨╡╤В╤А "Private" ╨╕╨╝╨╡╨╡╤В ╨╖╨╜╨░╤З╨╡╨╜╨╕╨╡ "false", ╨╕ ╨╜╨╡╤В ╨╕╤Б╤В╨╛╤З╨╜╨╕╨║╨╛╨▓ ╨┤╨░╨╜╨╜╤Л╤Е, ╨┤╨╗╤П ╨║╨╛╤В╨╛╤А╤Л╤Е ╨┐╨░╤А╨░╨╝╨╡╤В╤А "Private" ╨╕╨╝╨╡╨╡╤В ╨╖╨╜╨░╤З╨╡╨╜╨╕╨╡ "true".
         ╨Я╨╡╤А╨▓╨╕╤З╨╜╨░╤П ╤Б╤Б╤Л╨╗╨║╨░ "System, Version=4.0.0.0, Culture=neutral, PublicKeyToken=b77a5c561934e089".
             ╨а╨░╨╖╤А╨╡╤И╨╡╨╜╨╜╤Л╨╣ ╨┐╤Г╤В╤М ╨║ ╤Д╨░╨╣╨╗╤Г - "C:\Program Files\dotnet\packs\Microsoft.NETCore.App.Ref\9.0.2\ref\net9.0\System.dll".
             ╨Ю╨▒╨╜╨░╤А╤Г╨╢╨╡╨╜╨░ ╤Б╤Б╤Л╨╗╨║╨░ ╨▓ ╤А╨░╤Б╨┐╨╛╨╗╨╛╨╢╨╡╨╜╨╕╨╕ ╨┐╤Г╤В╨╕ ╨┐╨╛╨╕╤Б╨║╨░ "{RawFileName}".
             ╨Ф╨░╨╜╨╜╨░╤П ╤Б╤Б╤Л╨╗╨║╨░ ╨╜╨╡ ╤П╨▓╨╗╤П╨╡╤В╤Б╤П "CopyLocal" ╤В╨░╨║ ╨║╨░╨║ ╤Е╨╛╤В╤П ╨▒╤Л ╨┤╨╗╤П ╨╛╨┤╨╜╨╛╨│╨╛ ╨╕╤Б╤В╨╛╤З╨╜╨╕╨║╨░ ╨┤╨░╨╜╨╜╤Л╤Е ╨┐╨░╤А╨░╨╝╨╡╤В╤А "Private" ╨╕╨╝╨╡╨╡╤В ╨╖╨╜╨░╤З╨╡╨╜╨╕╨╡ "false", ╨╕ ╨╜╨╡╤В ╨╕╤Б╤В╨╛╤З╨╜╨╕╨║╨╛╨▓ ╨┤╨░╨╜╨╜╤Л╤Е, ╨┤╨╗╤П ╨║╨╛╤В╨╛╤А╤Л╤Е ╨┐╨░╤А╨░╨╝╨╡╤В╤А "Private" ╨╕╨╝╨╡╨╡╤В ╨╖╨╜╨░╤З╨╡╨╜╨╕╨╡ "true".
         ╨Я╨╡╤А╨▓╨╕╤З╨╜╨░╤П ╤Б╤Б╤Л╨╗╨║╨░ "WindowsBase, Version=4.0.0.0, Culture=neutral, PublicKeyToken=31bf3856ad364e35".
             ╨а╨░╨╖╤А╨╡╤И╨╡╨╜╨╜╤Л╨╣ ╨┐╤Г╤В╤М ╨║ ╤Д╨░╨╣╨╗╤Г - "C:\Program Files\dotnet\packs\Microsoft.NETCore.App.Ref\9.0.2\ref\net9.0\WindowsBase.dll".
             ╨Ю╨▒╨╜╨░╤А╤Г╨╢╨╡╨╜╨░ ╤Б╤Б╤Л╨╗╨║╨░ ╨▓ ╤А╨░╤Б╨┐╨╛╨╗╨╛╨╢╨╡╨╜╨╕╨╕ ╨┐╤Г╤В╨╕ ╨┐╨╛╨╕╤Б╨║╨░ "{RawFileName}".
             ╨Ф╨░╨╜╨╜╨░╤П ╤Б╤Б╤Л╨╗╨║╨░ ╨╜╨╡ ╤П╨▓╨╗╤П╨╡╤В╤Б╤П "CopyLocal" ╤В╨░╨║ ╨║╨░╨║ ╤Е╨╛╤В╤П ╨▒╤Л ╨┤╨╗╤П ╨╛╨┤╨╜╨╛╨│╨╛ ╨╕╤Б╤В╨╛╤З╨╜╨╕╨║╨░ ╨┤╨░╨╜╨╜╤Л╤Е ╨┐╨░╤А╨░╨╝╨╡╤В╤А "Private" ╨╕╨╝╨╡╨╡╤В ╨╖╨╜╨░╤З╨╡╨╜╨╕╨╡ "false", ╨╕ ╨╜╨╡╤В ╨╕╤Б╤В╨╛╤З╨╜╨╕╨║╨╛╨▓ ╨┤╨░╨╜╨╜╤Л╤Е, ╨┤╨╗╤П ╨║╨╛╤В╨╛╤А╤Л╤Е ╨┐╨░╤А╨░╨╝╨╡╤В╤А "Private" ╨╕╨╝╨╡╨╡╤В ╨╖╨╜╨░╤З╨╡╨╜╨╕╨╡ "true".
         ╨Я╨╡╤А╨▓╨╕╤З╨╜╨░╤П ╤Б╤Б╤Л╨╗╨║╨░ "mscorlib, Version=4.0.0.0, Culture=neutral, PublicKeyToken=b77a5c561934e089".
             ╨а╨░╨╖╤А╨╡╤И╨╡╨╜╨╜╤Л╨╣ ╨┐╤Г╤В╤М ╨║ ╤Д╨░╨╣╨╗╤Г - "C:\Program Files\dotnet\packs\Microsoft.NETCore.App.Ref\9.0.2\ref\net9.0\mscorlib.dll".
             ╨Ю╨▒╨╜╨░╤А╤Г╨╢╨╡╨╜╨░ ╤Б╤Б╤Л╨╗╨║╨░ ╨▓ ╤А╨░╤Б╨┐╨╛╨╗╨╛╨╢╨╡╨╜╨╕╨╕ ╨┐╤Г╤В╨╕ ╨┐╨╛╨╕╤Б╨║╨░ "{RawFileName}".
             ╨Ф╨░╨╜╨╜╨░╤П ╤Б╤Б╤Л╨╗╨║╨░ ╨╜╨╡ ╤П╨▓╨╗╤П╨╡╤В╤Б╤П "CopyLocal" ╤В╨░╨║ ╨║╨░╨║ ╤Е╨╛╤В╤П ╨▒╤Л ╨┤╨╗╤П ╨╛╨┤╨╜╨╛╨│╨╛ ╨╕╤Б╤В╨╛╤З╨╜╨╕╨║╨░ ╨┤╨░╨╜╨╜╤Л╤Е ╨┐╨░╤А╨░╨╝╨╡╤В╤А "Private" ╨╕╨╝╨╡╨╡╤В ╨╖╨╜╨░╤З╨╡╨╜╨╕╨╡ "false", ╨╕ ╨╜╨╡╤В ╨╕╤Б╤В╨╛╤З╨╜╨╕╨║╨╛╨▓ ╨┤╨░╨╜╨╜╤Л╤Е, ╨┤╨╗╤П ╨║╨╛╤В╨╛╤А╤Л╤Е ╨┐╨░╤А╨░╨╝╨╡╤В╤А "Private" ╨╕╨╝╨╡╨╡╤В ╨╖╨╜╨░╤З╨╡╨╜╨╕╨╡ "true".
         ╨Я╨╡╤А╨▓╨╕╤З╨╜╨░╤П ╤Б╤Б╤Л╨╗╨║╨░ "netstandard, Version=2.1.0.0, Culture=neutral, PublicKeyToken=cc7b13ffcd2ddd51".
             ╨а╨░╨╖╤А╨╡╤И╨╡╨╜╨╜╤Л╨╣ ╨┐╤Г╤В╤М ╨║ ╤Д╨░╨╣╨╗╤Г - "C:\Program Files\dotnet\packs\Microsoft.NETCore.App.Ref\9.0.2\ref\net9.0\netstandard.dll".
             ╨Ю╨▒╨╜╨░╤А╤Г╨╢╨╡╨╜╨░ ╤Б╤Б╤Л╨╗╨║╨░ ╨▓ ╤А╨░╤Б╨┐╨╛╨╗╨╛╨╢╨╡╨╜╨╕╨╕ ╨┐╤Г╤В╨╕ ╨┐╨╛╨╕╤Б╨║╨░ "{RawFileName}".
             ╨Ф╨░╨╜╨╜╨░╤П ╤Б╤Б╤Л╨╗╨║╨░ ╨╜╨╡ ╤П╨▓╨╗╤П╨╡╤В╤Б╤П "CopyLocal" ╤В╨░╨║ ╨║╨░╨║ ╤Е╨╛╤В╤П ╨▒╤Л ╨┤╨╗╤П ╨╛╨┤╨╜╨╛╨│╨╛ ╨╕╤Б╤В╨╛╤З╨╜╨╕╨║╨░ ╨┤╨░╨╜╨╜╤Л╤Е ╨┐╨░╤А╨░╨╝╨╡╤В╤А "Private" ╨╕╨╝╨╡╨╡╤В ╨╖╨╜╨░╤З╨╡╨╜╨╕╨╡ "false", ╨╕ ╨╜╨╡╤В ╨╕╤Б╤В╨╛╤З╨╜╨╕╨║╨╛╨▓ ╨┤╨░╨╜╨╜╤Л╤Е, ╨┤╨╗╤П ╨║╨╛╤В╨╛╤А╤Л╤Е ╨┐╨░╤А╨░╨╝╨╡╤В╤А "Private" ╨╕╨╝╨╡╨╡╤В ╨╖╨╜╨░╤З╨╡╨╜╨╕╨╡ "true".
         ╨Я╨╡╤А╨▓╨╕╤З╨╜╨░╤П ╤Б╤Б╤Л╨╗╨║╨░ "Microsoft.AspNetCore.Antiforgery, Version=9.0.0.0, Culture=neutral, PublicKeyToken=adb9793829ddae60".
             ╨а╨░╨╖╤А╨╡╤И╨╡╨╜╨╜╤Л╨╣ ╨┐╤Г╤В╤М ╨║ ╤Д╨░╨╣╨╗╤Г - "C:\Program Files\dotnet\packs\Microsoft.AspNetCore.App.Ref\9.0.2\ref\net9.0\Microsoft.AspNetCore.Antiforgery.dll".
             ╨Ю╨▒╨╜╨░╤А╤Г╨╢╨╡╨╜╨░ ╤Б╤Б╤Л╨╗╨║╨░ ╨▓ ╤А╨░╤Б╨┐╨╛╨╗╨╛╨╢╨╡╨╜╨╕╨╕ ╨┐╤Г╤В╨╕ ╨┐╨╛╨╕╤Б╨║╨░ "{RawFileName}".
             ╨Ф╨░╨╜╨╜╨░╤П ╤Б╤Б╤Л╨╗╨║╨░ ╨╜╨╡ ╤П╨▓╨╗╤П╨╡╤В╤Б╤П "CopyLocal" ╤В╨░╨║ ╨║╨░╨║ ╤Е╨╛╤В╤П ╨▒╤Л ╨┤╨╗╤П ╨╛╨┤╨╜╨╛╨│╨╛ ╨╕╤Б╤В╨╛╤З╨╜╨╕╨║╨░ ╨┤╨░╨╜╨╜╤Л╤Е ╨┐╨░╤А╨░╨╝╨╡╤В╤А "Private" ╨╕╨╝╨╡╨╡╤В ╨╖╨╜╨░╤З╨╡╨╜╨╕╨╡ "false", ╨╕ ╨╜╨╡╤В ╨╕╤Б╤В╨╛╤З╨╜╨╕╨║╨╛╨▓ ╨┤╨░╨╜╨╜╤Л╤Е, ╨┤╨╗╤П ╨║╨╛╤В╨╛╤А╤Л╤Е ╨┐╨░╤А╨░╨╝╨╡╤В╤А "Private" ╨╕╨╝╨╡╨╡╤В ╨╖╨╜╨░╤З╨╡╨╜╨╕╨╡ "true".
         ╨Я╨╡╤А╨▓╨╕╤З╨╜╨░╤П ╤Б╤Б╤Л╨╗╨║╨░ "Microsoft.AspNetCore.Authentication.Abstractions, Version=9.0.0.0, Culture=neutral, PublicKeyToken=adb9793829ddae60".
             ╨а╨░╨╖╤А╨╡╤И╨╡╨╜╨╜╤Л╨╣ ╨┐╤Г╤В╤М ╨║ ╤Д╨░╨╣╨╗╤Г - "C:\Program Files\dotnet\packs\Microsoft.AspNetCore.App.Ref\9.0.2\ref\net9.0\Microsoft.AspNetCore.Authentication.Abstractions.dll".
             ╨Ю╨▒╨╜╨░╤А╤Г╨╢╨╡╨╜╨░ ╤Б╤Б╤Л╨╗╨║╨░ ╨▓ ╤А╨░╤Б╨┐╨╛╨╗╨╛╨╢╨╡╨╜╨╕╨╕ ╨┐╤Г╤В╨╕ ╨┐╨╛╨╕╤Б╨║╨░ "{RawFileName}".
             ╨Ф╨░╨╜╨╜╨░╤П ╤Б╤Б╤Л╨╗╨║╨░ ╨╜╨╡ ╤П╨▓╨╗╤П╨╡╤В╤Б╤П "CopyLocal" ╤В╨░╨║ ╨║╨░╨║ ╤Е╨╛╤В╤П ╨▒╤Л ╨┤╨╗╤П ╨╛╨┤╨╜╨╛╨│╨╛ ╨╕╤Б╤В╨╛╤З╨╜╨╕╨║╨░ ╨┤╨░╨╜╨╜╤Л╤Е ╨┐╨░╤А╨░╨╝╨╡╤В╤А "Private" ╨╕╨╝╨╡╨╡╤В ╨╖╨╜╨░╤З╨╡╨╜╨╕╨╡ "false", ╨╕ ╨╜╨╡╤В ╨╕╤Б╤В╨╛╤З╨╜╨╕╨║╨╛╨▓ ╨┤╨░╨╜╨╜╤Л╤Е, ╨┤╨╗╤П ╨║╨╛╤В╨╛╤А╤Л╤Е ╨┐╨░╤А╨░╨╝╨╡╤В╤А "Private" ╨╕╨╝╨╡╨╡╤В ╨╖╨╜╨░╤З╨╡╨╜╨╕╨╡ "true".
         ╨Я╨╡╤А╨▓╨╕╤З╨╜╨░╤П ╤Б╤Б╤Л╨╗╨║╨░ "Microsoft.AspNetCore.Authentication.BearerToken, Version=9.0.0.0, Culture=neutral, PublicKeyToken=adb9793829ddae60".
             ╨а╨░╨╖╤А╨╡╤И╨╡╨╜╨╜╤Л╨╣ ╨┐╤Г╤В╤М ╨║ ╤Д╨░╨╣╨╗╤Г - "C:\Program Files\dotnet\packs\Microsoft.AspNetCore.App.Ref\9.0.2\ref\net9.0\Microsoft.AspNetCore.Authentication.BearerToken.dll".
             ╨Ю╨▒╨╜╨░╤А╤Г╨╢╨╡╨╜╨░ ╤Б╤Б╤Л╨╗╨║╨░ ╨▓ ╤А╨░╤Б╨┐╨╛╨╗╨╛╨╢╨╡╨╜╨╕╨╕ ╨┐╤Г╤В╨╕ ╨┐╨╛╨╕╤Б╨║╨░ "{RawFileName}".
             ╨Ф╨░╨╜╨╜╨░╤П ╤Б╤Б╤Л╨╗╨║╨░ ╨╜╨╡ ╤П╨▓╨╗╤П╨╡╤В╤Б╤П "CopyLocal" ╤В╨░╨║ ╨║╨░╨║ ╤Е╨╛╤В╤П ╨▒╤Л ╨┤╨╗╤П ╨╛╨┤╨╜╨╛╨│╨╛ ╨╕╤Б╤В╨╛╤З╨╜╨╕╨║╨░ ╨┤╨░╨╜╨╜╤Л╤Е ╨┐╨░╤А╨░╨╝╨╡╤В╤А "Private" ╨╕╨╝╨╡╨╡╤В ╨╖╨╜╨░╤З╨╡╨╜╨╕╨╡ "false", ╨╕ ╨╜╨╡╤В ╨╕╤Б╤В╨╛╤З╨╜╨╕╨║╨╛╨▓ ╨┤╨░╨╜╨╜╤Л╤Е, ╨┤╨╗╤П ╨║╨╛╤В╨╛╤А╤Л╤Е ╨┐╨░╤А╨░╨╝╨╡╤В╤А "Private" ╨╕╨╝╨╡╨╡╤В ╨╖╨╜╨░╤З╨╡╨╜╨╕╨╡ "true".
         ╨Я╨╡╤А╨▓╨╕╤З╨╜╨░╤П ╤Б╤Б╤Л╨╗╨║╨░ "Microsoft.AspNetCore.Authentication.Cookies, Version=9.0.0.0, Culture=neutral, PublicKeyToken=adb9793829ddae60".
             ╨а╨░╨╖╤А╨╡╤И╨╡╨╜╨╜╤Л╨╣ ╨┐╤Г╤В╤М ╨║ ╤Д╨░╨╣╨╗╤Г - "C:\Program Files\dotnet\packs\Microsoft.AspNetCore.App.Ref\9.0.2\ref\net9.0\Microsoft.AspNetCore.Authentication.Cookies.dll".
             ╨Ю╨▒╨╜╨░╤А╤Г╨╢╨╡╨╜╨░ ╤Б╤Б╤Л╨╗╨║╨░ ╨▓ ╤А╨░╤Б╨┐╨╛╨╗╨╛╨╢╨╡╨╜╨╕╨╕ ╨┐╤Г╤В╨╕ ╨┐╨╛╨╕╤Б╨║╨░ "{RawFileName}".
             ╨Ф╨░╨╜╨╜╨░╤П ╤Б╤Б╤Л╨╗╨║╨░ ╨╜╨╡ ╤П╨▓╨╗╤П╨╡╤В╤Б╤П "CopyLocal" ╤В╨░╨║ ╨║╨░╨║ ╤Е╨╛╤В╤П ╨▒╤Л ╨┤╨╗╤П ╨╛╨┤╨╜╨╛╨│╨╛ ╨╕╤Б╤В╨╛╤З╨╜╨╕╨║╨░ ╨┤╨░╨╜╨╜╤Л╤Е ╨┐╨░╤А╨░╨╝╨╡╤В╤А "Private" ╨╕╨╝╨╡╨╡╤В ╨╖╨╜╨░╤З╨╡╨╜╨╕╨╡ "false", ╨╕ ╨╜╨╡╤В ╨╕╤Б╤В╨╛╤З╨╜╨╕╨║╨╛╨▓ ╨┤╨░╨╜╨╜╤Л╤Е, ╨┤╨╗╤П ╨║╨╛╤В╨╛╤А╤Л╤Е ╨┐╨░╤А╨░╨╝╨╡╤В╤А "Private" ╨╕╨╝╨╡╨╡╤В ╨╖╨╜╨░╤З╨╡╨╜╨╕╨╡ "true".
         ╨Я╨╡╤А╨▓╨╕╤З╨╜╨░╤П ╤Б╤Б╤Л╨╗╨║╨░ "Microsoft.AspNetCore.Authentication.Core, Version=9.0.0.0, Culture=neutral, PublicKeyToken=adb9793829ddae60".
             ╨а╨░╨╖╤А╨╡╤И╨╡╨╜╨╜╤Л╨╣ ╨┐╤Г╤В╤М ╨║ ╤Д╨░╨╣╨╗╤Г - "C:\Program Files\dotnet\packs\Microsoft.AspNetCore.App.Ref\9.0.2\ref\net9.0\Microsoft.AspNetCore.Authentication.Core.dll".
             ╨Ю╨▒╨╜╨░╤А╤Г╨╢╨╡╨╜╨░ ╤Б╤Б╤Л╨╗╨║╨░ ╨▓ ╤А╨░╤Б╨┐╨╛╨╗╨╛╨╢╨╡╨╜╨╕╨╕ ╨┐╤Г╤В╨╕ ╨┐╨╛╨╕╤Б╨║╨░ "{RawFileName}".
             ╨Ф╨░╨╜╨╜╨░╤П ╤Б╤Б╤Л╨╗╨║╨░ ╨╜╨╡ ╤П╨▓╨╗╤П╨╡╤В╤Б╤П "CopyLocal" ╤В╨░╨║ ╨║╨░╨║ ╤Е╨╛╤В╤П ╨▒╤Л ╨┤╨╗╤П ╨╛╨┤╨╜╨╛╨│╨╛ ╨╕╤Б╤В╨╛╤З╨╜╨╕╨║╨░ ╨┤╨░╨╜╨╜╤Л╤Е ╨┐╨░╤А╨░╨╝╨╡╤В╤А "Private" ╨╕╨╝╨╡╨╡╤В ╨╖╨╜╨░╤З╨╡╨╜╨╕╨╡ "false", ╨╕ ╨╜╨╡╤В ╨╕╤Б╤В╨╛╤З╨╜╨╕╨║╨╛╨▓ ╨┤╨░╨╜╨╜╤Л╤Е, ╨┤╨╗╤П ╨║╨╛╤В╨╛╤А╤Л╤Е ╨┐╨░╤А╨░╨╝╨╡╤В╤А "Private" ╨╕╨╝╨╡╨╡╤В ╨╖╨╜╨░╤З╨╡╨╜╨╕╨╡ "true".
         ╨Я╨╡╤А╨▓╨╕╤З╨╜╨░╤П ╤Б╤Б╤Л╨╗╨║╨░ "Microsoft.AspNetCore.Authentication.OAuth, Version=9.0.0.0, Culture=neutral, PublicKeyToken=adb9793829ddae60".
             ╨а╨░╨╖╤А╨╡╤И╨╡╨╜╨╜╤Л╨╣ ╨┐╤Г╤В╤М ╨║ ╤Д╨░╨╣╨╗╤Г - "C:\Program Files\dotnet\packs\Microsoft.AspNetCore.App.Ref\9.0.2\ref\net9.0\Microsoft.AspNetCore.Authentication.OAuth.dll".
             ╨Ю╨▒╨╜╨░╤А╤Г╨╢╨╡╨╜╨░ ╤Б╤Б╤Л╨╗╨║╨░ ╨▓ ╤А╨░╤Б╨┐╨╛╨╗╨╛╨╢╨╡╨╜╨╕╨╕ ╨┐╤Г╤В╨╕ ╨┐╨╛╨╕╤Б╨║╨░ "{RawFileName}".
             ╨Ф╨░╨╜╨╜╨░╤П ╤Б╤Б╤Л╨╗╨║╨░ ╨╜╨╡ ╤П╨▓╨╗╤П╨╡╤В╤Б╤П "CopyLocal" ╤В╨░╨║ ╨║╨░╨║ ╤Е╨╛╤В╤П ╨▒╤Л ╨┤╨╗╤П ╨╛╨┤╨╜╨╛╨│╨╛ ╨╕╤Б╤В╨╛╤З╨╜╨╕╨║╨░ ╨┤╨░╨╜╨╜╤Л╤Е ╨┐╨░╤А╨░╨╝╨╡╤В╤А "Private" ╨╕╨╝╨╡╨╡╤В ╨╖╨╜╨░╤З╨╡╨╜╨╕╨╡ "false", ╨╕ ╨╜╨╡╤В ╨╕╤Б╤В╨╛╤З╨╜╨╕╨║╨╛╨▓ ╨┤╨░╨╜╨╜╤Л╤Е, ╨┤╨╗╤П ╨║╨╛╤В╨╛╤А╤Л╤Е ╨┐╨░╤А╨░╨╝╨╡╤В╤А "Private" ╨╕╨╝╨╡╨╡╤В ╨╖╨╜╨░╤З╨╡╨╜╨╕╨╡ "true".
         ╨Я╨╡╤А╨▓╨╕╤З╨╜╨░╤П ╤Б╤Б╤Л╨╗╨║╨░ "Microsoft.AspNetCore.Authentication, Version=9.0.0.0, Culture=neutral, PublicKeyToken=adb9793829ddae60".
             ╨а╨░╨╖╤А╨╡╤И╨╡╨╜╨╜╤Л╨╣ ╨┐╤Г╤В╤М ╨║ ╤Д╨░╨╣╨╗╤Г - "C:\Program Files\dotnet\packs\Microsoft.AspNetCore.App.Ref\9.0.2\ref\net9.0\Microsoft.AspNetCore.Authentication.dll".
             ╨Ю╨▒╨╜╨░╤А╤Г╨╢╨╡╨╜╨░ ╤Б╤Б╤Л╨╗╨║╨░ ╨▓ ╤А╨░╤Б╨┐╨╛╨╗╨╛╨╢╨╡╨╜╨╕╨╕ ╨┐╤Г╤В╨╕ ╨┐╨╛╨╕╤Б╨║╨░ "{RawFileName}".
             ╨Ф╨░╨╜╨╜╨░╤П ╤Б╤Б╤Л╨╗╨║╨░ ╨╜╨╡ ╤П╨▓╨╗╤П╨╡╤В╤Б╤П "CopyLocal" ╤В╨░╨║ ╨║╨░╨║ ╤Е╨╛╤В╤П ╨▒╤Л ╨┤╨╗╤П ╨╛╨┤╨╜╨╛╨│╨╛ ╨╕╤Б╤В╨╛╤З╨╜╨╕╨║╨░ ╨┤╨░╨╜╨╜╤Л╤Е ╨┐╨░╤А╨░╨╝╨╡╤В╤А "Private" ╨╕╨╝╨╡╨╡╤В ╨╖╨╜╨░╤З╨╡╨╜╨╕╨╡ "false", ╨╕ ╨╜╨╡╤В ╨╕╤Б╤В╨╛╤З╨╜╨╕╨║╨╛╨▓ ╨┤╨░╨╜╨╜╤Л╤Е, ╨┤╨╗╤П ╨║╨╛╤В╨╛╤А╤Л╤Е ╨┐╨░╤А╨░╨╝╨╡╤В╤А "Private" ╨╕╨╝╨╡╨╡╤В ╨╖╨╜╨░╤З╨╡╨╜╨╕╨╡ "true".
         ╨Я╨╡╤А╨▓╨╕╤З╨╜╨░╤П ╤Б╤Б╤Л╨╗╨║╨░ "Microsoft.AspNetCore.Authorization.Policy, Version=9.0.0.0, Culture=neutral, PublicKeyToken=adb9793829ddae60".
             ╨а╨░╨╖╤А╨╡╤И╨╡╨╜╨╜╤Л╨╣ ╨┐╤Г╤В╤М ╨║ ╤Д╨░╨╣╨╗╤Г - "C:\Program Files\dotnet\packs\Microsoft.AspNetCore.App.Ref\9.0.2\ref\net9.0\Microsoft.AspNetCore.Authorization.Policy.dll".
             ╨Ю╨▒╨╜╨░╤А╤Г╨╢╨╡╨╜╨░ ╤Б╤Б╤Л╨╗╨║╨░ ╨▓ ╤А╨░╤Б╨┐╨╛╨╗╨╛╨╢╨╡╨╜╨╕╨╕ ╨┐╤Г╤В╨╕ ╨┐╨╛╨╕╤Б╨║╨░ "{RawFileName}".
             ╨Ф╨░╨╜╨╜╨░╤П ╤Б╤Б╤Л╨╗╨║╨░ ╨╜╨╡ ╤П╨▓╨╗╤П╨╡╤В╤Б╤П "CopyLocal" ╤В╨░╨║ ╨║╨░╨║ ╤Е╨╛╤В╤П ╨▒╤Л ╨┤╨╗╤П ╨╛╨┤╨╜╨╛╨│╨╛ ╨╕╤Б╤В╨╛╤З╨╜╨╕╨║╨░ ╨┤╨░╨╜╨╜╤Л╤Е ╨┐╨░╤А╨░╨╝╨╡╤В╤А "Private" ╨╕╨╝╨╡╨╡╤В ╨╖╨╜╨░╤З╨╡╨╜╨╕╨╡ "false", ╨╕ ╨╜╨╡╤В ╨╕╤Б╤В╨╛╤З╨╜╨╕╨║╨╛╨▓ ╨┤╨░╨╜╨╜╤Л╤Е, ╨┤╨╗╤П ╨║╨╛╤В╨╛╤А╤Л╤Е ╨┐╨░╤А╨░╨╝╨╡╤В╤А "Private" ╨╕╨╝╨╡╨╡╤В ╨╖╨╜╨░╤З╨╡╨╜╨╕╨╡ "true".
         ╨Я╨╡╤А╨▓╨╕╤З╨╜╨░╤П ╤Б╤Б╤Л╨╗╨║╨░ "Microsoft.AspNetCore.Authorization, Version=9.0.0.0, Culture=neutral, PublicKeyToken=adb9793829ddae60".
             ╨а╨░╨╖╤А╨╡╤И╨╡╨╜╨╜╤Л╨╣ ╨┐╤Г╤В╤М ╨║ ╤Д╨░╨╣╨╗╤Г - "C:\Program Files\dotnet\packs\Microsoft.AspNetCore.App.Ref\9.0.2\ref\net9.0\Microsoft.AspNetCore.Authorization.dll".
             ╨Ю╨▒╨╜╨░╤А╤Г╨╢╨╡╨╜╨░ ╤Б╤Б╤Л╨╗╨║╨░ ╨▓ ╤А╨░╤Б╨┐╨╛╨╗╨╛╨╢╨╡╨╜╨╕╨╕ ╨┐╤Г╤В╨╕ ╨┐╨╛╨╕╤Б╨║╨░ "{RawFileName}".
             ╨Ф╨░╨╜╨╜╨░╤П ╤Б╤Б╤Л╨╗╨║╨░ ╨╜╨╡ ╤П╨▓╨╗╤П╨╡╤В╤Б╤П "CopyLocal" ╤В╨░╨║ ╨║╨░╨║ ╤Е╨╛╤В╤П ╨▒╤Л ╨┤╨╗╤П ╨╛╨┤╨╜╨╛╨│╨╛ ╨╕╤Б╤В╨╛╤З╨╜╨╕╨║╨░ ╨┤╨░╨╜╨╜╤Л╤Е ╨┐╨░╤А╨░╨╝╨╡╤В╤А "Private" ╨╕╨╝╨╡╨╡╤В ╨╖╨╜╨░╤З╨╡╨╜╨╕╨╡ "false", ╨╕ ╨╜╨╡╤В ╨╕╤Б╤В╨╛╤З╨╜╨╕╨║╨╛╨▓ ╨┤╨░╨╜╨╜╤Л╤Е, ╨┤╨╗╤П ╨║╨╛╤В╨╛╤А╤Л╤Е ╨┐╨░╤А╨░╨╝╨╡╤В╤А "Private" ╨╕╨╝╨╡╨╡╤В ╨╖╨╜╨░╤З╨╡╨╜╨╕╨╡ "true".
         ╨Я╨╡╤А╨▓╨╕╤З╨╜╨░╤П ╤Б╤Б╤Л╨╗╨║╨░ "Microsoft.AspNetCore.Components.Authorization, Version=9.0.0.0, Culture=neutral, PublicKeyToken=adb9793829ddae60".
             ╨а╨░╨╖╤А╨╡╤И╨╡╨╜╨╜╤Л╨╣ ╨┐╤Г╤В╤М ╨║ ╤Д╨░╨╣╨╗╤Г - "C:\Program Files\dotnet\packs\Microsoft.AspNetCore.App.Ref\9.0.2\ref\net9.0\Microsoft.AspNetCore.Components.Authorization.dll".
             ╨Ю╨▒╨╜╨░╤А╤Г╨╢╨╡╨╜╨░ ╤Б╤Б╤Л╨╗╨║╨░ ╨▓ ╤А╨░╤Б╨┐╨╛╨╗╨╛╨╢╨╡╨╜╨╕╨╕ ╨┐╤Г╤В╨╕ ╨┐╨╛╨╕╤Б╨║╨░ "{RawFileName}".
             ╨Ф╨░╨╜╨╜╨░╤П ╤Б╤Б╤Л╨╗╨║╨░ ╨╜╨╡ ╤П╨▓╨╗╤П╨╡╤В╤Б╤П "CopyLocal" ╤В╨░╨║ ╨║╨░╨║ ╤Е╨╛╤В╤П ╨▒╤Л ╨┤╨╗╤П ╨╛╨┤╨╜╨╛╨│╨╛ ╨╕╤Б╤В╨╛╤З╨╜╨╕╨║╨░ ╨┤╨░╨╜╨╜╤Л╤Е ╨┐╨░╤А╨░╨╝╨╡╤В╤А "Private" ╨╕╨╝╨╡╨╡╤В ╨╖╨╜╨░╤З╨╡╨╜╨╕╨╡ "false", ╨╕ ╨╜╨╡╤В ╨╕╤Б╤В╨╛╤З╨╜╨╕╨║╨╛╨▓ ╨┤╨░╨╜╨╜╤Л╤Е, ╨┤╨╗╤П ╨║╨╛╤В╨╛╤А╤Л╤Е ╨┐╨░╤А╨░╨╝╨╡╤В╤А "Private" ╨╕╨╝╨╡╨╡╤В ╨╖╨╜╨░╤З╨╡╨╜╨╕╨╡ "true".
         ╨Я╨╡╤А╨▓╨╕╤З╨╜╨░╤П ╤Б╤Б╤Л╨╗╨║╨░ "Microsoft.AspNetCore.Components.Endpoints, Version=9.0.0.0, Culture=neutral, PublicKeyToken=adb9793829ddae60".
             ╨а╨░╨╖╤А╨╡╤И╨╡╨╜╨╜╤Л╨╣ ╨┐╤Г╤В╤М ╨║ ╤Д╨░╨╣╨╗╤Г - "C:\Program Files\dotnet\packs\Microsoft.AspNetCore.App.Ref\9.0.2\ref\net9.0\Microsoft.AspNetCore.Components.Endpoints.dll".
             ╨Ю╨▒╨╜╨░╤А╤Г╨╢╨╡╨╜╨░ ╤Б╤Б╤Л╨╗╨║╨░ ╨▓ ╤А╨░╤Б╨┐╨╛╨╗╨╛╨╢╨╡╨╜╨╕╨╕ ╨┐╤Г╤В╨╕ ╨┐╨╛╨╕╤Б╨║╨░ "{RawFileName}".
             ╨Ф╨░╨╜╨╜╨░╤П ╤Б╤Б╤Л╨╗╨║╨░ ╨╜╨╡ ╤П╨▓╨╗╤П╨╡╤В╤Б╤П "CopyLocal" ╤В╨░╨║ ╨║╨░╨║ ╤Е╨╛╤В╤П ╨▒╤Л ╨┤╨╗╤П ╨╛╨┤╨╜╨╛╨│╨╛ ╨╕╤Б╤В╨╛╤З╨╜╨╕╨║╨░ ╨┤╨░╨╜╨╜╤Л╤Е ╨┐╨░╤А╨░╨╝╨╡╤В╤А "Private" ╨╕╨╝╨╡╨╡╤В ╨╖╨╜╨░╤З╨╡╨╜╨╕╨╡ "false", ╨╕ ╨╜╨╡╤В ╨╕╤Б╤В╨╛╤З╨╜╨╕╨║╨╛╨▓ ╨┤╨░╨╜╨╜╤Л╤Е, ╨┤╨╗╤П ╨║╨╛╤В╨╛╤А╤Л╤Е ╨┐╨░╤А╨░╨╝╨╡╤В╤А "Private" ╨╕╨╝╨╡╨╡╤В ╨╖╨╜╨░╤З╨╡╨╜╨╕╨╡ "true".
         ╨Я╨╡╤А╨▓╨╕╤З╨╜╨░╤П ╤Б╤Б╤Л╨╗╨║╨░ "Microsoft.AspNetCore.Components.Forms, Version=9.0.0.0, Culture=neutral, PublicKeyToken=adb9793829ddae60".
             ╨а╨░╨╖╤А╨╡╤И╨╡╨╜╨╜╤Л╨╣ ╨┐╤Г╤В╤М ╨║ ╤Д╨░╨╣╨╗╤Г - "C:\Program Files\dotnet\packs\Microsoft.AspNetCore.App.Ref\9.0.2\ref\net9.0\Microsoft.AspNetCore.Components.Forms.dll".
             ╨Ю╨▒╨╜╨░╤А╤Г╨╢╨╡╨╜╨░ ╤Б╤Б╤Л╨╗╨║╨░ ╨▓ ╤А╨░╤Б╨┐╨╛╨╗╨╛╨╢╨╡╨╜╨╕╨╕ ╨┐╤Г╤В╨╕ ╨┐╨╛╨╕╤Б╨║╨░ "{RawFileName}".
             ╨Ф╨░╨╜╨╜╨░╤П ╤Б╤Б╤Л╨╗╨║╨░ ╨╜╨╡ ╤П╨▓╨╗╤П╨╡╤В╤Б╤П "CopyLocal" ╤В╨░╨║ ╨║╨░╨║ ╤Е╨╛╤В╤П ╨▒╤Л ╨┤╨╗╤П ╨╛╨┤╨╜╨╛╨│╨╛ ╨╕╤Б╤В╨╛╤З╨╜╨╕╨║╨░ ╨┤╨░╨╜╨╜╤Л╤Е ╨┐╨░╤А╨░╨╝╨╡╤В╤А "Private" ╨╕╨╝╨╡╨╡╤В ╨╖╨╜╨░╤З╨╡╨╜╨╕╨╡ "false", ╨╕ ╨╜╨╡╤В ╨╕╤Б╤В╨╛╤З╨╜╨╕╨║╨╛╨▓ ╨┤╨░╨╜╨╜╤Л╤Е, ╨┤╨╗╤П ╨║╨╛╤В╨╛╤А╤Л╤Е ╨┐╨░╤А╨░╨╝╨╡╤В╤А "Private" ╨╕╨╝╨╡╨╡╤В ╨╖╨╜╨░╤З╨╡╨╜╨╕╨╡ "true".
         ╨Я╨╡╤А╨▓╨╕╤З╨╜╨░╤П ╤Б╤Б╤Л╨╗╨║╨░ "Microsoft.AspNetCore.Components.Server, Version=9.0.0.0, Culture=neutral, PublicKeyToken=adb9793829ddae60".
             ╨а╨░╨╖╤А╨╡╤И╨╡╨╜╨╜╤Л╨╣ ╨┐╤Г╤В╤М ╨║ ╤Д╨░╨╣╨╗╤Г - "C:\Program Files\dotnet\packs\Microsoft.AspNetCore.App.Ref\9.0.2\ref\net9.0\Microsoft.AspNetCore.Components.Server.dll".
             ╨Ю╨▒╨╜╨░╤А╤Г╨╢╨╡╨╜╨░ ╤Б╤Б╤Л╨╗╨║╨░ ╨▓ ╤А╨░╤Б╨┐╨╛╨╗╨╛╨╢╨╡╨╜╨╕╨╕ ╨┐╤Г╤В╨╕ ╨┐╨╛╨╕╤Б╨║╨░ "{RawFileName}".
             ╨Ф╨░╨╜╨╜╨░╤П ╤Б╤Б╤Л╨╗╨║╨░ ╨╜╨╡ ╤П╨▓╨╗╤П╨╡╤В╤Б╤П "CopyLocal" ╤В╨░╨║ ╨║╨░╨║ ╤Е╨╛╤В╤П ╨▒╤Л ╨┤╨╗╤П ╨╛╨┤╨╜╨╛╨│╨╛ ╨╕╤Б╤В╨╛╤З╨╜╨╕╨║╨░ ╨┤╨░╨╜╨╜╤Л╤Е ╨┐╨░╤А╨░╨╝╨╡╤В╤А "Private" ╨╕╨╝╨╡╨╡╤В ╨╖╨╜╨░╤З╨╡╨╜╨╕╨╡ "false", ╨╕ ╨╜╨╡╤В ╨╕╤Б╤В╨╛╤З╨╜╨╕╨║╨╛╨▓ ╨┤╨░╨╜╨╜╤Л╤Е, ╨┤╨╗╤П ╨║╨╛╤В╨╛╤А╤Л╤Е ╨┐╨░╤А╨░╨╝╨╡╤В╤А "Private" ╨╕╨╝╨╡╨╡╤В ╨╖╨╜╨░╤З╨╡╨╜╨╕╨╡ "true".
         ╨Я╨╡╤А╨▓╨╕╤З╨╜╨░╤П ╤Б╤Б╤Л╨╗╨║╨░ "Microsoft.AspNetCore.Components.Web, Version=9.0.0.0, Culture=neutral, PublicKeyToken=adb9793829ddae60".
             ╨а╨░╨╖╤А╨╡╤И╨╡╨╜╨╜╤Л╨╣ ╨┐╤Г╤В╤М ╨║ ╤Д╨░╨╣╨╗╤Г - "C:\Program Files\dotnet\packs\Microsoft.AspNetCore.App.Ref\9.0.2\ref\net9.0\Microsoft.AspNetCore.Components.Web.dll".
             ╨Ю╨▒╨╜╨░╤А╤Г╨╢╨╡╨╜╨░ ╤Б╤Б╤Л╨╗╨║╨░ ╨▓ ╤А╨░╤Б╨┐╨╛╨╗╨╛╨╢╨╡╨╜╨╕╨╕ ╨┐╤Г╤В╨╕ ╨┐╨╛╨╕╤Б╨║╨░ "{RawFileName}".
             ╨Ф╨░╨╜╨╜╨░╤П ╤Б╤Б╤Л╨╗╨║╨░ ╨╜╨╡ ╤П╨▓╨╗╤П╨╡╤В╤Б╤П "CopyLocal" ╤В╨░╨║ ╨║╨░╨║ ╤Е╨╛╤В╤П ╨▒╤Л ╨┤╨╗╤П ╨╛╨┤╨╜╨╛╨│╨╛ ╨╕╤Б╤В╨╛╤З╨╜╨╕╨║╨░ ╨┤╨░╨╜╨╜╤Л╤Е ╨┐╨░╤А╨░╨╝╨╡╤В╤А "Private" ╨╕╨╝╨╡╨╡╤В ╨╖╨╜╨░╤З╨╡╨╜╨╕╨╡ "false", ╨╕ ╨╜╨╡╤В ╨╕╤Б╤В╨╛╤З╨╜╨╕╨║╨╛╨▓ ╨┤╨░╨╜╨╜╤Л╤Е, ╨┤╨╗╤П ╨║╨╛╤В╨╛╤А╤Л╤Е ╨┐╨░╤А╨░╨╝╨╡╤В╤А "Private" ╨╕╨╝╨╡╨╡╤В ╨╖╨╜╨░╤З╨╡╨╜╨╕╨╡ "true".
         ╨Я╨╡╤А╨▓╨╕╤З╨╜╨░╤П ╤Б╤Б╤Л╨╗╨║╨░ "Microsoft.AspNetCore.Components, Version=9.0.0.0, Culture=neutral, PublicKeyToken=adb9793829ddae60".
             ╨а╨░╨╖╤А╨╡╤И╨╡╨╜╨╜╤Л╨╣ ╨┐╤Г╤В╤М ╨║ ╤Д╨░╨╣╨╗╤Г - "C:\Program Files\dotnet\packs\Microsoft.AspNetCore.App.Ref\9.0.2\ref\net9.0\Microsoft.AspNetCore.Components.dll".
             ╨Ю╨▒╨╜╨░╤А╤Г╨╢╨╡╨╜╨░ ╤Б╤Б╤Л╨╗╨║╨░ ╨▓ ╤А╨░╤Б╨┐╨╛╨╗╨╛╨╢╨╡╨╜╨╕╨╕ ╨┐╤Г╤В╨╕ ╨┐╨╛╨╕╤Б╨║╨░ "{RawFileName}".
             ╨Ф╨░╨╜╨╜╨░╤П ╤Б╤Б╤Л╨╗╨║╨░ ╨╜╨╡ ╤П╨▓╨╗╤П╨╡╤В╤Б╤П "CopyLocal" ╤В╨░╨║ ╨║╨░╨║ ╤Е╨╛╤В╤П ╨▒╤Л ╨┤╨╗╤П ╨╛╨┤╨╜╨╛╨│╨╛ ╨╕╤Б╤В╨╛╤З╨╜╨╕╨║╨░ ╨┤╨░╨╜╨╜╤Л╤Е ╨┐╨░╤А╨░╨╝╨╡╤В╤А "Private" ╨╕╨╝╨╡╨╡╤В ╨╖╨╜╨░╤З╨╡╨╜╨╕╨╡ "false", ╨╕ ╨╜╨╡╤В ╨╕╤Б╤В╨╛╤З╨╜╨╕╨║╨╛╨▓ ╨┤╨░╨╜╨╜╤Л╤Е, ╨┤╨╗╤П ╨║╨╛╤В╨╛╤А╤Л╤Е ╨┐╨░╤А╨░╨╝╨╡╤В╤А "Private" ╨╕╨╝╨╡╨╡╤В ╨╖╨╜╨░╤З╨╡╨╜╨╕╨╡ "true".
         ╨Я╨╡╤А╨▓╨╕╤З╨╜╨░╤П ╤Б╤Б╤Л╨╗╨║╨░ "Microsoft.AspNetCore.Connections.Abstractions, Version=9.0.0.0, Culture=neutral, PublicKeyToken=adb9793829ddae60".
             ╨а╨░╨╖╤А╨╡╤И╨╡╨╜╨╜╤Л╨╣ ╨┐╤Г╤В╤М ╨║ ╤Д╨░╨╣╨╗╤Г - "C:\Program Files\dotnet\packs\Microsoft.AspNetCore.App.Ref\9.0.2\ref\net9.0\Microsoft.AspNetCore.Connections.Abstractions.dll".
             ╨Ю╨▒╨╜╨░╤А╤Г╨╢╨╡╨╜╨░ ╤Б╤Б╤Л╨╗╨║╨░ ╨▓ ╤А╨░╤Б╨┐╨╛╨╗╨╛╨╢╨╡╨╜╨╕╨╕ ╨┐╤Г╤В╨╕ ╨┐╨╛╨╕╤Б╨║╨░ "{RawFileName}".
             ╨Ф╨░╨╜╨╜╨░╤П ╤Б╤Б╤Л╨╗╨║╨░ ╨╜╨╡ ╤П╨▓╨╗╤П╨╡╤В╤Б╤П "CopyLocal" ╤В╨░╨║ ╨║╨░╨║ ╤Е╨╛╤В╤П ╨▒╤Л ╨┤╨╗╤П ╨╛╨┤╨╜╨╛╨│╨╛ ╨╕╤Б╤В╨╛╤З╨╜╨╕╨║╨░ ╨┤╨░╨╜╨╜╤Л╤Е ╨┐╨░╤А╨░╨╝╨╡╤В╤А "Private" ╨╕╨╝╨╡╨╡╤В ╨╖╨╜╨░╤З╨╡╨╜╨╕╨╡ "false", ╨╕ ╨╜╨╡╤В ╨╕╤Б╤В╨╛╤З╨╜╨╕╨║╨╛╨▓ ╨┤╨░╨╜╨╜╤Л╤Е, ╨┤╨╗╤П ╨║╨╛╤В╨╛╤А╤Л╤Е ╨┐╨░╤А╨░╨╝╨╡╤В╤А "Private" ╨╕╨╝╨╡╨╡╤В ╨╖╨╜╨░╤З╨╡╨╜╨╕╨╡ "true".
         ╨Я╨╡╤А╨▓╨╕╤З╨╜╨░╤П ╤Б╤Б╤Л╨╗╨║╨░ "Microsoft.AspNetCore.CookiePolicy, Version=9.0.0.0, Culture=neutral, PublicKeyToken=adb9793829ddae60".
             ╨а╨░╨╖╤А╨╡╤И╨╡╨╜╨╜╤Л╨╣ ╨┐╤Г╤В╤М ╨║ ╤Д╨░╨╣╨╗╤Г - "C:\Program Files\dotnet\packs\Microsoft.AspNetCore.App.Ref\9.0.2\ref\net9.0\Microsoft.AspNetCore.CookiePolicy.dll".
             ╨Ю╨▒╨╜╨░╤А╤Г╨╢╨╡╨╜╨░ ╤Б╤Б╤Л╨╗╨║╨░ ╨▓ ╤А╨░╤Б╨┐╨╛╨╗╨╛╨╢╨╡╨╜╨╕╨╕ ╨┐╤Г╤В╨╕ ╨┐╨╛╨╕╤Б╨║╨░ "{RawFileName}".
             ╨Ф╨░╨╜╨╜╨░╤П ╤Б╤Б╤Л╨╗╨║╨░ ╨╜╨╡ ╤П╨▓╨╗╤П╨╡╤В╤Б╤П "CopyLocal" ╤В╨░╨║ ╨║╨░╨║ ╤Е╨╛╤В╤П ╨▒╤Л ╨┤╨╗╤П ╨╛╨┤╨╜╨╛╨│╨╛ ╨╕╤Б╤В╨╛╤З╨╜╨╕╨║╨░ ╨┤╨░╨╜╨╜╤Л╤Е ╨┐╨░╤А╨░╨╝╨╡╤В╤А "Private" ╨╕╨╝╨╡╨╡╤В ╨╖╨╜╨░╤З╨╡╨╜╨╕╨╡ "false", ╨╕ ╨╜╨╡╤В ╨╕╤Б╤В╨╛╤З╨╜╨╕╨║╨╛╨▓ ╨┤╨░╨╜╨╜╤Л╤Е, ╨┤╨╗╤П ╨║╨╛╤В╨╛╤А╤Л╤Е ╨┐╨░╤А╨░╨╝╨╡╤В╤А "Private" ╨╕╨╝╨╡╨╡╤В ╨╖╨╜╨░╤З╨╡╨╜╨╕╨╡ "true".
         ╨Я╨╡╤А╨▓╨╕╤З╨╜╨░╤П ╤Б╤Б╤Л╨╗╨║╨░ "Microsoft.AspNetCore.Cors, Version=9.0.0.0, Culture=neutral, PublicKeyToken=adb9793829ddae60".
             ╨а╨░╨╖╤А╨╡╤И╨╡╨╜╨╜╤Л╨╣ ╨┐╤Г╤В╤М ╨║ ╤Д╨░╨╣╨╗╤Г - "C:\Program Files\dotnet\packs\Microsoft.AspNetCore.App.Ref\9.0.2\ref\net9.0\Microsoft.AspNetCore.Cors.dll".
             ╨Ю╨▒╨╜╨░╤А╤Г╨╢╨╡╨╜╨░ ╤Б╤Б╤Л╨╗╨║╨░ ╨▓ ╤А╨░╤Б╨┐╨╛╨╗╨╛╨╢╨╡╨╜╨╕╨╕ ╨┐╤Г╤В╨╕ ╨┐╨╛╨╕╤Б╨║╨░ "{RawFileName}".
             ╨Ф╨░╨╜╨╜╨░╤П ╤Б╤Б╤Л╨╗╨║╨░ ╨╜╨╡ ╤П╨▓╨╗╤П╨╡╤В╤Б╤П "CopyLocal" ╤В╨░╨║ ╨║╨░╨║ ╤Е╨╛╤В╤П ╨▒╤Л ╨┤╨╗╤П ╨╛╨┤╨╜╨╛╨│╨╛ ╨╕╤Б╤В╨╛╤З╨╜╨╕╨║╨░ ╨┤╨░╨╜╨╜╤Л╤Е ╨┐╨░╤А╨░╨╝╨╡╤В╤А "Private" ╨╕╨╝╨╡╨╡╤В ╨╖╨╜╨░╤З╨╡╨╜╨╕╨╡ "false", ╨╕ ╨╜╨╡╤В ╨╕╤Б╤В╨╛╤З╨╜╨╕╨║╨╛╨▓ ╨┤╨░╨╜╨╜╤Л╤Е, ╨┤╨╗╤П ╨║╨╛╤В╨╛╤А╤Л╤Е ╨┐╨░╤А╨░╨╝╨╡╤В╤А "Private" ╨╕╨╝╨╡╨╡╤В ╨╖╨╜╨░╤З╨╡╨╜╨╕╨╡ "true".
         ╨Я╨╡╤А╨▓╨╕╤З╨╜╨░╤П ╤Б╤Б╤Л╨╗╨║╨░ "Microsoft.AspNetCore.DataProtection.Abstractions, Version=9.0.0.0, Culture=neutral, PublicKeyToken=adb9793829ddae60".
             ╨а╨░╨╖╤А╨╡╤И╨╡╨╜╨╜╤Л╨╣ ╨┐╤Г╤В╤М ╨║ ╤Д╨░╨╣╨╗╤Г - "C:\Program Files\dotnet\packs\Microsoft.AspNetCore.App.Ref\9.0.2\ref\net9.0\Microsoft.AspNetCore.DataProtection.Abstractions.dll".
             ╨Ю╨▒╨╜╨░╤А╤Г╨╢╨╡╨╜╨░ ╤Б╤Б╤Л╨╗╨║╨░ ╨▓ ╤А╨░╤Б╨┐╨╛╨╗╨╛╨╢╨╡╨╜╨╕╨╕ ╨┐╤Г╤В╨╕ ╨┐╨╛╨╕╤Б╨║╨░ "{RawFileName}".
             ╨Ф╨░╨╜╨╜╨░╤П ╤Б╤Б╤Л╨╗╨║╨░ ╨╜╨╡ ╤П╨▓╨╗╤П╨╡╤В╤Б╤П "CopyLocal" ╤В╨░╨║ ╨║╨░╨║ ╤Е╨╛╤В╤П ╨▒╤Л ╨┤╨╗╤П ╨╛╨┤╨╜╨╛╨│╨╛ ╨╕╤Б╤В╨╛╤З╨╜╨╕╨║╨░ ╨┤╨░╨╜╨╜╤Л╤Е ╨┐╨░╤А╨░╨╝╨╡╤В╤А "Private" ╨╕╨╝╨╡╨╡╤В ╨╖╨╜╨░╤З╨╡╨╜╨╕╨╡ "false", ╨╕ ╨╜╨╡╤В ╨╕╤Б╤В╨╛╤З╨╜╨╕╨║╨╛╨▓ ╨┤╨░╨╜╨╜╤Л╤Е, ╨┤╨╗╤П ╨║╨╛╤В╨╛╤А╤Л╤Е ╨┐╨░╤А╨░╨╝╨╡╤В╤А "Private" ╨╕╨╝╨╡╨╡╤В ╨╖╨╜╨░╤З╨╡╨╜╨╕╨╡ "true".
         ╨Я╨╡╤А╨▓╨╕╤З╨╜╨░╤П ╤Б╤Б╤Л╨╗╨║╨░ "Microsoft.AspNetCore.DataProtection.Extensions, Version=9.0.0.0, Culture=neutral, PublicKeyToken=adb9793829ddae60".
             ╨а╨░╨╖╤А╨╡╤И╨╡╨╜╨╜╤Л╨╣ ╨┐╤Г╤В╤М ╨║ ╤Д╨░╨╣╨╗╤Г - "C:\Program Files\dotnet\packs\Microsoft.AspNetCore.App.Ref\9.0.2\ref\net9.0\Microsoft.AspNetCore.DataProtection.Extensions.dll".
             ╨Ю╨▒╨╜╨░╤А╤Г╨╢╨╡╨╜╨░ ╤Б╤Б╤Л╨╗╨║╨░ ╨▓ ╤А╨░╤Б╨┐╨╛╨╗╨╛╨╢╨╡╨╜╨╕╨╕ ╨┐╤Г╤В╨╕ ╨┐╨╛╨╕╤Б╨║╨░ "{RawFileName}".
             ╨Ф╨░╨╜╨╜╨░╤П ╤Б╤Б╤Л╨╗╨║╨░ ╨╜╨╡ ╤П╨▓╨╗╤П╨╡╤В╤Б╤П "CopyLocal" ╤В╨░╨║ ╨║╨░╨║ ╤Е╨╛╤В╤П ╨▒╤Л ╨┤╨╗╤П ╨╛╨┤╨╜╨╛╨│╨╛ ╨╕╤Б╤В╨╛╤З╨╜╨╕╨║╨░ ╨┤╨░╨╜╨╜╤Л╤Е ╨┐╨░╤А╨░╨╝╨╡╤В╤А "Private" ╨╕╨╝╨╡╨╡╤В ╨╖╨╜╨░╤З╨╡╨╜╨╕╨╡ "false", ╨╕ ╨╜╨╡╤В ╨╕╤Б╤В╨╛╤З╨╜╨╕╨║╨╛╨▓ ╨┤╨░╨╜╨╜╤Л╤Е, ╨┤╨╗╤П ╨║╨╛╤В╨╛╤А╤Л╤Е ╨┐╨░╤А╨░╨╝╨╡╤В╤А "Private" ╨╕╨╝╨╡╨╡╤В ╨╖╨╜╨░╤З╨╡╨╜╨╕╨╡ "true".
         ╨Я╨╡╤А╨▓╨╕╤З╨╜╨░╤П ╤Б╤Б╤Л╨╗╨║╨░ "Microsoft.AspNetCore.DataProtection, Version=9.0.0.0, Culture=neutral, PublicKeyToken=adb9793829ddae60".
             ╨а╨░╨╖╤А╨╡╤И╨╡╨╜╨╜╤Л╨╣ ╨┐╤Г╤В╤М ╨║ ╤Д╨░╨╣╨╗╤Г - "C:\Program Files\dotnet\packs\Microsoft.AspNetCore.App.Ref\9.0.2\ref\net9.0\Microsoft.AspNetCore.DataProtection.dll".
             ╨Ю╨▒╨╜╨░╤А╤Г╨╢╨╡╨╜╨░ ╤Б╤Б╤Л╨╗╨║╨░ ╨▓ ╤А╨░╤Б╨┐╨╛╨╗╨╛╨╢╨╡╨╜╨╕╨╕ ╨┐╤Г╤В╨╕ ╨┐╨╛╨╕╤Б╨║╨░ "{RawFileName}".
             ╨Ф╨░╨╜╨╜╨░╤П ╤Б╤Б╤Л╨╗╨║╨░ ╨╜╨╡ ╤П╨▓╨╗╤П╨╡╤В╤Б╤П "CopyLocal" ╤В╨░╨║ ╨║╨░╨║ ╤Е╨╛╤В╤П ╨▒╤Л ╨┤╨╗╤П ╨╛╨┤╨╜╨╛╨│╨╛ ╨╕╤Б╤В╨╛╤З╨╜╨╕╨║╨░ ╨┤╨░╨╜╨╜╤Л╤Е ╨┐╨░╤А╨░╨╝╨╡╤В╤А "Private" ╨╕╨╝╨╡╨╡╤В ╨╖╨╜╨░╤З╨╡╨╜╨╕╨╡ "false", ╨╕ ╨╜╨╡╤В ╨╕╤Б╤В╨╛╤З╨╜╨╕╨║╨╛╨▓ ╨┤╨░╨╜╨╜╤Л╤Е, ╨┤╨╗╤П ╨║╨╛╤В╨╛╤А╤Л╤Е ╨┐╨░╤А╨░╨╝╨╡╤В╤А "Private" ╨╕╨╝╨╡╨╡╤В ╨╖╨╜╨░╤З╨╡╨╜╨╕╨╡ "true".
         ╨Я╨╡╤А╨▓╨╕╤З╨╜╨░╤П ╤Б╤Б╤Л╨╗╨║╨░ "Microsoft.AspNetCore.Diagnostics.Abstractions, Version=9.0.0.0, Culture=neutral, PublicKeyToken=adb9793829ddae60".
             ╨а╨░╨╖╤А╨╡╤И╨╡╨╜╨╜╤Л╨╣ ╨┐╤Г╤В╤М ╨║ ╤Д╨░╨╣╨╗╤Г - "C:\Program Files\dotnet\packs\Microsoft.AspNetCore.App.Ref\9.0.2\ref\net9.0\Microsoft.AspNetCore.Diagnostics.Abstractions.dll".
             ╨Ю╨▒╨╜╨░╤А╤Г╨╢╨╡╨╜╨░ ╤Б╤Б╤Л╨╗╨║╨░ ╨▓ ╤А╨░╤Б╨┐╨╛╨╗╨╛╨╢╨╡╨╜╨╕╨╕ ╨┐╤Г╤В╨╕ ╨┐╨╛╨╕╤Б╨║╨░ "{RawFileName}".
             ╨Ф╨░╨╜╨╜╨░╤П ╤Б╤Б╤Л╨╗╨║╨░ ╨╜╨╡ ╤П╨▓╨╗╤П╨╡╤В╤Б╤П "CopyLocal" ╤В╨░╨║ ╨║╨░╨║ ╤Е╨╛╤В╤П ╨▒╤Л ╨┤╨╗╤П ╨╛╨┤╨╜╨╛╨│╨╛ ╨╕╤Б╤В╨╛╤З╨╜╨╕╨║╨░ ╨┤╨░╨╜╨╜╤Л╤Е ╨┐╨░╤А╨░╨╝╨╡╤В╤А "Private" ╨╕╨╝╨╡╨╡╤В ╨╖╨╜╨░╤З╨╡╨╜╨╕╨╡ "false", ╨╕ ╨╜╨╡╤В ╨╕╤Б╤В╨╛╤З╨╜╨╕╨║╨╛╨▓ ╨┤╨░╨╜╨╜╤Л╤Е, ╨┤╨╗╤П ╨║╨╛╤В╨╛╤А╤Л╤Е ╨┐╨░╤А╨░╨╝╨╡╤В╤А "Private" ╨╕╨╝╨╡╨╡╤В ╨╖╨╜╨░╤З╨╡╨╜╨╕╨╡ "true".
         ╨Я╨╡╤А╨▓╨╕╤З╨╜╨░╤П ╤Б╤Б╤Л╨╗╨║╨░ "Microsoft.AspNetCore.Diagnostics.HealthChecks, Version=9.0.0.0, Culture=neutral, PublicKeyToken=adb9793829ddae60".
             ╨а╨░╨╖╤А╨╡╤И╨╡╨╜╨╜╤Л╨╣ ╨┐╤Г╤В╤М ╨║ ╤Д╨░╨╣╨╗╤Г - "C:\Program Files\dotnet\packs\Microsoft.AspNetCore.App.Ref\9.0.2\ref\net9.0\Microsoft.AspNetCore.Diagnostics.HealthChecks.dll".
             ╨Ю╨▒╨╜╨░╤А╤Г╨╢╨╡╨╜╨░ ╤Б╤Б╤Л╨╗╨║╨░ ╨▓ ╤А╨░╤Б╨┐╨╛╨╗╨╛╨╢╨╡╨╜╨╕╨╕ ╨┐╤Г╤В╨╕ ╨┐╨╛╨╕╤Б╨║╨░ "{RawFileName}".
             ╨Ф╨░╨╜╨╜╨░╤П ╤Б╤Б╤Л╨╗╨║╨░ ╨╜╨╡ ╤П╨▓╨╗╤П╨╡╤В╤Б╤П "CopyLocal" ╤В╨░╨║ ╨║╨░╨║ ╤Е╨╛╤В╤П ╨▒╤Л ╨┤╨╗╤П ╨╛╨┤╨╜╨╛╨│╨╛ ╨╕╤Б╤В╨╛╤З╨╜╨╕╨║╨░ ╨┤╨░╨╜╨╜╤Л╤Е ╨┐╨░╤А╨░╨╝╨╡╤В╤А "Private" ╨╕╨╝╨╡╨╡╤В ╨╖╨╜╨░╤З╨╡╨╜╨╕╨╡ "false", ╨╕ ╨╜╨╡╤В ╨╕╤Б╤В╨╛╤З╨╜╨╕╨║╨╛╨▓ ╨┤╨░╨╜╨╜╤Л╤Е, ╨┤╨╗╤П ╨║╨╛╤В╨╛╤А╤Л╤Е ╨┐╨░╤А╨░╨╝╨╡╤В╤А "Private" ╨╕╨╝╨╡╨╡╤В ╨╖╨╜╨░╤З╨╡╨╜╨╕╨╡ "true".
         ╨Я╨╡╤А╨▓╨╕╤З╨╜╨░╤П ╤Б╤Б╤Л╨╗╨║╨░ "Microsoft.AspNetCore.Diagnostics, Version=9.0.0.0, Culture=neutral, PublicKeyToken=adb9793829ddae60".
             ╨а╨░╨╖╤А╨╡╤И╨╡╨╜╨╜╤Л╨╣ ╨┐╤Г╤В╤М ╨║ ╤Д╨░╨╣╨╗╤Г - "C:\Program Files\dotnet\packs\Microsoft.AspNetCore.App.Ref\9.0.2\ref\net9.0\Microsoft.AspNetCore.Diagnostics.dll".
             ╨Ю╨▒╨╜╨░╤А╤Г╨╢╨╡╨╜╨░ ╤Б╤Б╤Л╨╗╨║╨░ ╨▓ ╤А╨░╤Б╨┐╨╛╨╗╨╛╨╢╨╡╨╜╨╕╨╕ ╨┐╤Г╤В╨╕ ╨┐╨╛╨╕╤Б╨║╨░ "{RawFileName}".
             ╨Ф╨░╨╜╨╜╨░╤П ╤Б╤Б╤Л╨╗╨║╨░ ╨╜╨╡ ╤П╨▓╨╗╤П╨╡╤В╤Б╤П "CopyLocal" ╤В╨░╨║ ╨║╨░╨║ ╤Е╨╛╤В╤П ╨▒╤Л ╨┤╨╗╤П ╨╛╨┤╨╜╨╛╨│╨╛ ╨╕╤Б╤В╨╛╤З╨╜╨╕╨║╨░ ╨┤╨░╨╜╨╜╤Л╤Е ╨┐╨░╤А╨░╨╝╨╡╤В╤А "Private" ╨╕╨╝╨╡╨╡╤В ╨╖╨╜╨░╤З╨╡╨╜╨╕╨╡ "false", ╨╕ ╨╜╨╡╤В ╨╕╤Б╤В╨╛╤З╨╜╨╕╨║╨╛╨▓ ╨┤╨░╨╜╨╜╤Л╤Е, ╨┤╨╗╤П ╨║╨╛╤В╨╛╤А╤Л╤Е ╨┐╨░╤А╨░╨╝╨╡╤В╤А "Private" ╨╕╨╝╨╡╨╡╤В ╨╖╨╜╨░╤З╨╡╨╜╨╕╨╡ "true".
         ╨Я╨╡╤А╨▓╨╕╤З╨╜╨░╤П ╤Б╤Б╤Л╨╗╨║╨░ "Microsoft.AspNetCore.HostFiltering, Version=9.0.0.0, Culture=neutral, PublicKeyToken=adb9793829ddae60".
             ╨а╨░╨╖╤А╨╡╤И╨╡╨╜╨╜╤Л╨╣ ╨┐╤Г╤В╤М ╨║ ╤Д╨░╨╣╨╗╤Г - "C:\Program Files\dotnet\packs\Microsoft.AspNetCore.App.Ref\9.0.2\ref\net9.0\Microsoft.AspNetCore.HostFiltering.dll".
             ╨Ю╨▒╨╜╨░╤А╤Г╨╢╨╡╨╜╨░ ╤Б╤Б╤Л╨╗╨║╨░ ╨▓ ╤А╨░╤Б╨┐╨╛╨╗╨╛╨╢╨╡╨╜╨╕╨╕ ╨┐╤Г╤В╨╕ ╨┐╨╛╨╕╤Б╨║╨░ "{RawFileName}".
             ╨Ф╨░╨╜╨╜╨░╤П ╤Б╤Б╤Л╨╗╨║╨░ ╨╜╨╡ ╤П╨▓╨╗╤П╨╡╤В╤Б╤П "CopyLocal" ╤В╨░╨║ ╨║╨░╨║ ╤Е╨╛╤В╤П ╨▒╤Л ╨┤╨╗╤П ╨╛╨┤╨╜╨╛╨│╨╛ ╨╕╤Б╤В╨╛╤З╨╜╨╕╨║╨░ ╨┤╨░╨╜╨╜╤Л╤Е ╨┐╨░╤А╨░╨╝╨╡╤В╤А "Private" ╨╕╨╝╨╡╨╡╤В ╨╖╨╜╨░╤З╨╡╨╜╨╕╨╡ "false", ╨╕ ╨╜╨╡╤В ╨╕╤Б╤В╨╛╤З╨╜╨╕╨║╨╛╨▓ ╨┤╨░╨╜╨╜╤Л╤Е, ╨┤╨╗╤П ╨║╨╛╤В╨╛╤А╤Л╤Е ╨┐╨░╤А╨░╨╝╨╡╤В╤А "Private" ╨╕╨╝╨╡╨╡╤В ╨╖╨╜╨░╤З╨╡╨╜╨╕╨╡ "true".
         ╨Я╨╡╤А╨▓╨╕╤З╨╜╨░╤П ╤Б╤Б╤Л╨╗╨║╨░ "Microsoft.AspNetCore.Hosting.Abstractions, Version=9.0.0.0, Culture=neutral, PublicKeyToken=adb9793829ddae60".
             ╨а╨░╨╖╤А╨╡╤И╨╡╨╜╨╜╤Л╨╣ ╨┐╤Г╤В╤М ╨║ ╤Д╨░╨╣╨╗╤Г - "C:\Program Files\dotnet\packs\Microsoft.AspNetCore.App.Ref\9.0.2\ref\net9.0\Microsoft.AspNetCore.Hosting.Abstractions.dll".
             ╨Ю╨▒╨╜╨░╤А╤Г╨╢╨╡╨╜╨░ ╤Б╤Б╤Л╨╗╨║╨░ ╨▓ ╤А╨░╤Б╨┐╨╛╨╗╨╛╨╢╨╡╨╜╨╕╨╕ ╨┐╤Г╤В╨╕ ╨┐╨╛╨╕╤Б╨║╨░ "{RawFileName}".
             ╨Ф╨░╨╜╨╜╨░╤П ╤Б╤Б╤Л╨╗╨║╨░ ╨╜╨╡ ╤П╨▓╨╗╤П╨╡╤В╤Б╤П "CopyLocal" ╤В╨░╨║ ╨║╨░╨║ ╤Е╨╛╤В╤П ╨▒╤Л ╨┤╨╗╤П ╨╛╨┤╨╜╨╛╨│╨╛ ╨╕╤Б╤В╨╛╤З╨╜╨╕╨║╨░ ╨┤╨░╨╜╨╜╤Л╤Е ╨┐╨░╤А╨░╨╝╨╡╤В╤А "Private" ╨╕╨╝╨╡╨╡╤В ╨╖╨╜╨░╤З╨╡╨╜╨╕╨╡ "false", ╨╕ ╨╜╨╡╤В ╨╕╤Б╤В╨╛╤З╨╜╨╕╨║╨╛╨▓ ╨┤╨░╨╜╨╜╤Л╤Е, ╨┤╨╗╤П ╨║╨╛╤В╨╛╤А╤Л╤Е ╨┐╨░╤А╨░╨╝╨╡╤В╤А "Private" ╨╕╨╝╨╡╨╡╤В ╨╖╨╜╨░╤З╨╡╨╜╨╕╨╡ "true".
         ╨Я╨╡╤А╨▓╨╕╤З╨╜╨░╤П ╤Б╤Б╤Л╨╗╨║╨░ "Microsoft.AspNetCore.Hosting.Server.Abstractions, Version=9.0.0.0, Culture=neutral, PublicKeyToken=adb9793829ddae60".
             ╨а╨░╨╖╤А╨╡╤И╨╡╨╜╨╜╤Л╨╣ ╨┐╤Г╤В╤М ╨║ ╤Д╨░╨╣╨╗╤Г - "C:\Program Files\dotnet\packs\Microsoft.AspNetCore.App.Ref\9.0.2\ref\net9.0\Microsoft.AspNetCore.Hosting.Server.Abstractions.dll".
             ╨Ю╨▒╨╜╨░╤А╤Г╨╢╨╡╨╜╨░ ╤Б╤Б╤Л╨╗╨║╨░ ╨▓ ╤А╨░╤Б╨┐╨╛╨╗╨╛╨╢╨╡╨╜╨╕╨╕ ╨┐╤Г╤В╨╕ ╨┐╨╛╨╕╤Б╨║╨░ "{RawFileName}".
             ╨Ф╨░╨╜╨╜╨░╤П ╤Б╤Б╤Л╨╗╨║╨░ ╨╜╨╡ ╤П╨▓╨╗╤П╨╡╤В╤Б╤П "CopyLocal" ╤В╨░╨║ ╨║╨░╨║ ╤Е╨╛╤В╤П ╨▒╤Л ╨┤╨╗╤П ╨╛╨┤╨╜╨╛╨│╨╛ ╨╕╤Б╤В╨╛╤З╨╜╨╕╨║╨░ ╨┤╨░╨╜╨╜╤Л╤Е ╨┐╨░╤А╨░╨╝╨╡╤В╤А "Private" ╨╕╨╝╨╡╨╡╤В ╨╖╨╜╨░╤З╨╡╨╜╨╕╨╡ "false", ╨╕ ╨╜╨╡╤В ╨╕╤Б╤В╨╛╤З╨╜╨╕╨║╨╛╨▓ ╨┤╨░╨╜╨╜╤Л╤Е, ╨┤╨╗╤П ╨║╨╛╤В╨╛╤А╤Л╤Е ╨┐╨░╤А╨░╨╝╨╡╤В╤А "Private" ╨╕╨╝╨╡╨╡╤В ╨╖╨╜╨░╤З╨╡╨╜╨╕╨╡ "true".
         ╨Я╨╡╤А╨▓╨╕╤З╨╜╨░╤П ╤Б╤Б╤Л╨╗╨║╨░ "Microsoft.AspNetCore.Hosting, Version=9.0.0.0, Culture=neutral, PublicKeyToken=adb9793829ddae60".
             ╨а╨░╨╖╤А╨╡╤И╨╡╨╜╨╜╤Л╨╣ ╨┐╤Г╤В╤М ╨║ ╤Д╨░╨╣╨╗╤Г - "C:\Program Files\dotnet\packs\Microsoft.AspNetCore.App.Ref\9.0.2\ref\net9.0\Microsoft.AspNetCore.Hosting.dll".
             ╨Ю╨▒╨╜╨░╤А╤Г╨╢╨╡╨╜╨░ ╤Б╤Б╤Л╨╗╨║╨░ ╨▓ ╤А╨░╤Б╨┐╨╛╨╗╨╛╨╢╨╡╨╜╨╕╨╕ ╨┐╤Г╤В╨╕ ╨┐╨╛╨╕╤Б╨║╨░ "{RawFileName}".
             ╨Ф╨░╨╜╨╜╨░╤П ╤Б╤Б╤Л╨╗╨║╨░ ╨╜╨╡ ╤П╨▓╨╗╤П╨╡╤В╤Б╤П "CopyLocal" ╤В╨░╨║ ╨║╨░╨║ ╤Е╨╛╤В╤П ╨▒╤Л ╨┤╨╗╤П ╨╛╨┤╨╜╨╛╨│╨╛ ╨╕╤Б╤В╨╛╤З╨╜╨╕╨║╨░ ╨┤╨░╨╜╨╜╤Л╤Е ╨┐╨░╤А╨░╨╝╨╡╤В╤А "Private" ╨╕╨╝╨╡╨╡╤В ╨╖╨╜╨░╤З╨╡╨╜╨╕╨╡ "false", ╨╕ ╨╜╨╡╤В ╨╕╤Б╤В╨╛╤З╨╜╨╕╨║╨╛╨▓ ╨┤╨░╨╜╨╜╤Л╤Е, ╨┤╨╗╤П ╨║╨╛╤В╨╛╤А╤Л╤Е ╨┐╨░╤А╨░╨╝╨╡╤В╤А "Private" ╨╕╨╝╨╡╨╡╤В ╨╖╨╜╨░╤З╨╡╨╜╨╕╨╡ "true".
         ╨Я╨╡╤А╨▓╨╕╤З╨╜╨░╤П ╤Б╤Б╤Л╨╗╨║╨░ "Microsoft.AspNetCore.Html.Abstractions, Version=9.0.0.0, Culture=neutral, PublicKeyToken=adb9793829ddae60".
             ╨а╨░╨╖╤А╨╡╤И╨╡╨╜╨╜╤Л╨╣ ╨┐╤Г╤В╤М ╨║ ╤Д╨░╨╣╨╗╤Г - "C:\Program Files\dotnet\packs\Microsoft.AspNetCore.App.Ref\9.0.2\ref\net9.0\Microsoft.AspNetCore.Html.Abstractions.dll".
             ╨Ю╨▒╨╜╨░╤А╤Г╨╢╨╡╨╜╨░ ╤Б╤Б╤Л╨╗╨║╨░ ╨▓ ╤А╨░╤Б╨┐╨╛╨╗╨╛╨╢╨╡╨╜╨╕╨╕ ╨┐╤Г╤В╨╕ ╨┐╨╛╨╕╤Б╨║╨░ "{RawFileName}".
             ╨Ф╨░╨╜╨╜╨░╤П ╤Б╤Б╤Л╨╗╨║╨░ ╨╜╨╡ ╤П╨▓╨╗╤П╨╡╤В╤Б╤П "CopyLocal" ╤В╨░╨║ ╨║╨░╨║ ╤Е╨╛╤В╤П ╨▒╤Л ╨┤╨╗╤П ╨╛╨┤╨╜╨╛╨│╨╛ ╨╕╤Б╤В╨╛╤З╨╜╨╕╨║╨░ ╨┤╨░╨╜╨╜╤Л╤Е ╨┐╨░╤А╨░╨╝╨╡╤В╤А "Private" ╨╕╨╝╨╡╨╡╤В ╨╖╨╜╨░╤З╨╡╨╜╨╕╨╡ "false", ╨╕ ╨╜╨╡╤В ╨╕╤Б╤В╨╛╤З╨╜╨╕╨║╨╛╨▓ ╨┤╨░╨╜╨╜╤Л╤Е, ╨┤╨╗╤П ╨║╨╛╤В╨╛╤А╤Л╤Е ╨┐╨░╤А╨░╨╝╨╡╤В╤А "Private" ╨╕╨╝╨╡╨╡╤В ╨╖╨╜╨░╤З╨╡╨╜╨╕╨╡ "true".
         ╨Я╨╡╤А╨▓╨╕╤З╨╜╨░╤П ╤Б╤Б╤Л╨╗╨║╨░ "Microsoft.AspNetCore.Http.Abstractions, Version=9.0.0.0, Culture=neutral, PublicKeyToken=adb9793829ddae60".
             ╨а╨░╨╖╤А╨╡╤И╨╡╨╜╨╜╤Л╨╣ ╨┐╤Г╤В╤М ╨║ ╤Д╨░╨╣╨╗╤Г - "C:\Program Files\dotnet\packs\Microsoft.AspNetCore.App.Ref\9.0.2\ref\net9.0\Microsoft.AspNetCore.Http.Abstractions.dll".
             ╨Ю╨▒╨╜╨░╤А╤Г╨╢╨╡╨╜╨░ ╤Б╤Б╤Л╨╗╨║╨░ ╨▓ ╤А╨░╤Б╨┐╨╛╨╗╨╛╨╢╨╡╨╜╨╕╨╕ ╨┐╤Г╤В╨╕ ╨┐╨╛╨╕╤Б╨║╨░ "{RawFileName}".
             ╨Ф╨░╨╜╨╜╨░╤П ╤Б╤Б╤Л╨╗╨║╨░ ╨╜╨╡ ╤П╨▓╨╗╤П╨╡╤В╤Б╤П "CopyLocal" ╤В╨░╨║ ╨║╨░╨║ ╤Е╨╛╤В╤П ╨▒╤Л ╨┤╨╗╤П ╨╛╨┤╨╜╨╛╨│╨╛ ╨╕╤Б╤В╨╛╤З╨╜╨╕╨║╨░ ╨┤╨░╨╜╨╜╤Л╤Е ╨┐╨░╤А╨░╨╝╨╡╤В╤А "Private" ╨╕╨╝╨╡╨╡╤В ╨╖╨╜╨░╤З╨╡╨╜╨╕╨╡ "false", ╨╕ ╨╜╨╡╤В ╨╕╤Б╤В╨╛╤З╨╜╨╕╨║╨╛╨▓ ╨┤╨░╨╜╨╜╤Л╤Е, ╨┤╨╗╤П ╨║╨╛╤В╨╛╤А╤Л╤Е ╨┐╨░╤А╨░╨╝╨╡╤В╤А "Private" ╨╕╨╝╨╡╨╡╤В ╨╖╨╜╨░╤З╨╡╨╜╨╕╨╡ "true".
         ╨Я╨╡╤А╨▓╨╕╤З╨╜╨░╤П ╤Б╤Б╤Л╨╗╨║╨░ "Microsoft.AspNetCore.Http.Connections.Common, Version=9.0.0.0, Culture=neutral, PublicKeyToken=adb9793829ddae60".
             ╨а╨░╨╖╤А╨╡╤И╨╡╨╜╨╜╤Л╨╣ ╨┐╤Г╤В╤М ╨║ ╤Д╨░╨╣╨╗╤Г - "C:\Program Files\dotnet\packs\Microsoft.AspNetCore.App.Ref\9.0.2\ref\net9.0\Microsoft.AspNetCore.Http.Connections.Common.dll".
             ╨Ю╨▒╨╜╨░╤А╤Г╨╢╨╡╨╜╨░ ╤Б╤Б╤Л╨╗╨║╨░ ╨▓ ╤А╨░╤Б╨┐╨╛╨╗╨╛╨╢╨╡╨╜╨╕╨╕ ╨┐╤Г╤В╨╕ ╨┐╨╛╨╕╤Б╨║╨░ "{RawFileName}".
             ╨Ф╨░╨╜╨╜╨░╤П ╤Б╤Б╤Л╨╗╨║╨░ ╨╜╨╡ ╤П╨▓╨╗╤П╨╡╤В╤Б╤П "CopyLocal" ╤В╨░╨║ ╨║╨░╨║ ╤Е╨╛╤В╤П ╨▒╤Л ╨┤╨╗╤П ╨╛╨┤╨╜╨╛╨│╨╛ ╨╕╤Б╤В╨╛╤З╨╜╨╕╨║╨░ ╨┤╨░╨╜╨╜╤Л╤Е ╨┐╨░╤А╨░╨╝╨╡╤В╤А "Private" ╨╕╨╝╨╡╨╡╤В ╨╖╨╜╨░╤З╨╡╨╜╨╕╨╡ "false", ╨╕ ╨╜╨╡╤В ╨╕╤Б╤В╨╛╤З╨╜╨╕╨║╨╛╨▓ ╨┤╨░╨╜╨╜╤Л╤Е, ╨┤╨╗╤П ╨║╨╛╤В╨╛╤А╤Л╤Е ╨┐╨░╤А╨░╨╝╨╡╤В╤А "Private" ╨╕╨╝╨╡╨╡╤В ╨╖╨╜╨░╤З╨╡╨╜╨╕╨╡ "true".
         ╨Я╨╡╤А╨▓╨╕╤З╨╜╨░╤П ╤Б╤Б╤Л╨╗╨║╨░ "Microsoft.AspNetCore.Http.Connections, Version=9.0.0.0, Culture=neutral, PublicKeyToken=adb9793829ddae60".
             ╨а╨░╨╖╤А╨╡╤И╨╡╨╜╨╜╤Л╨╣ ╨┐╤Г╤В╤М ╨║ ╤Д╨░╨╣╨╗╤Г - "C:\Program Files\dotnet\packs\Microsoft.AspNetCore.App.Ref\9.0.2\ref\net9.0\Microsoft.AspNetCore.Http.Connections.dll".
             ╨Ю╨▒╨╜╨░╤А╤Г╨╢╨╡╨╜╨░ ╤Б╤Б╤Л╨╗╨║╨░ ╨▓ ╤А╨░╤Б╨┐╨╛╨╗╨╛╨╢╨╡╨╜╨╕╨╕ ╨┐╤Г╤В╨╕ ╨┐╨╛╨╕╤Б╨║╨░ "{RawFileName}".
             ╨Ф╨░╨╜╨╜╨░╤П ╤Б╤Б╤Л╨╗╨║╨░ ╨╜╨╡ ╤П╨▓╨╗╤П╨╡╤В╤Б╤П "CopyLocal" ╤В╨░╨║ ╨║╨░╨║ ╤Е╨╛╤В╤П ╨▒╤Л ╨┤╨╗╤П ╨╛╨┤╨╜╨╛╨│╨╛ ╨╕╤Б╤В╨╛╤З╨╜╨╕╨║╨░ ╨┤╨░╨╜╨╜╤Л╤Е ╨┐╨░╤А╨░╨╝╨╡╤В╤А "Private" ╨╕╨╝╨╡╨╡╤В ╨╖╨╜╨░╤З╨╡╨╜╨╕╨╡ "false", ╨╕ ╨╜╨╡╤В ╨╕╤Б╤В╨╛╤З╨╜╨╕╨║╨╛╨▓ ╨┤╨░╨╜╨╜╤Л╤Е, ╨┤╨╗╤П ╨║╨╛╤В╨╛╤А╤Л╤Е ╨┐╨░╤А╨░╨╝╨╡╤В╤А "Private" ╨╕╨╝╨╡╨╡╤В ╨╖╨╜╨░╤З╨╡╨╜╨╕╨╡ "true".
         ╨Я╨╡╤А╨▓╨╕╤З╨╜╨░╤П ╤Б╤Б╤Л╨╗╨║╨░ "Microsoft.AspNetCore.Http.Extensions, Version=9.0.0.0, Culture=neutral, PublicKeyToken=adb9793829ddae60".
             ╨а╨░╨╖╤А╨╡╤И╨╡╨╜╨╜╤Л╨╣ ╨┐╤Г╤В╤М ╨║ ╤Д╨░╨╣╨╗╤Г - "C:\Program Files\dotnet\packs\Microsoft.AspNetCore.App.Ref\9.0.2\ref\net9.0\Microsoft.AspNetCore.Http.Extensions.dll".
             ╨Ю╨▒╨╜╨░╤А╤Г╨╢╨╡╨╜╨░ ╤Б╤Б╤Л╨╗╨║╨░ ╨▓ ╤А╨░╤Б╨┐╨╛╨╗╨╛╨╢╨╡╨╜╨╕╨╕ ╨┐╤Г╤В╨╕ ╨┐╨╛╨╕╤Б╨║╨░ "{RawFileName}".
             ╨Ф╨░╨╜╨╜╨░╤П ╤Б╤Б╤Л╨╗╨║╨░ ╨╜╨╡ ╤П╨▓╨╗╤П╨╡╤В╤Б╤П "CopyLocal" ╤В╨░╨║ ╨║╨░╨║ ╤Е╨╛╤В╤П ╨▒╤Л ╨┤╨╗╤П ╨╛╨┤╨╜╨╛╨│╨╛ ╨╕╤Б╤В╨╛╤З╨╜╨╕╨║╨░ ╨┤╨░╨╜╨╜╤Л╤Е ╨┐╨░╤А╨░╨╝╨╡╤В╤А "Private" ╨╕╨╝╨╡╨╡╤В ╨╖╨╜╨░╤З╨╡╨╜╨╕╨╡ "false", ╨╕ ╨╜╨╡╤В ╨╕╤Б╤В╨╛╤З╨╜╨╕╨║╨╛╨▓ ╨┤╨░╨╜╨╜╤Л╤Е, ╨┤╨╗╤П ╨║╨╛╤В╨╛╤А╤Л╤Е ╨┐╨░╤А╨░╨╝╨╡╤В╤А "Private" ╨╕╨╝╨╡╨╡╤В ╨╖╨╜╨░╤З╨╡╨╜╨╕╨╡ "true".
         ╨Я╨╡╤А╨▓╨╕╤З╨╜╨░╤П ╤Б╤Б╤Л╨╗╨║╨░ "Microsoft.AspNetCore.Http.Features, Version=9.0.0.0, Culture=neutral, PublicKeyToken=adb9793829ddae60".
             ╨а╨░╨╖╤А╨╡╤И╨╡╨╜╨╜╤Л╨╣ ╨┐╤Г╤В╤М ╨║ ╤Д╨░╨╣╨╗╤Г - "C:\Program Files\dotnet\packs\Microsoft.AspNetCore.App.Ref\9.0.2\ref\net9.0\Microsoft.AspNetCore.Http.Features.dll".
             ╨Ю╨▒╨╜╨░╤А╤Г╨╢╨╡╨╜╨░ ╤Б╤Б╤Л╨╗╨║╨░ ╨▓ ╤А╨░╤Б╨┐╨╛╨╗╨╛╨╢╨╡╨╜╨╕╨╕ ╨┐╤Г╤В╨╕ ╨┐╨╛╨╕╤Б╨║╨░ "{RawFileName}".
             ╨Ф╨░╨╜╨╜╨░╤П ╤Б╤Б╤Л╨╗╨║╨░ ╨╜╨╡ ╤П╨▓╨╗╤П╨╡╤В╤Б╤П "CopyLocal" ╤В╨░╨║ ╨║╨░╨║ ╤Е╨╛╤В╤П ╨▒╤Л ╨┤╨╗╤П ╨╛╨┤╨╜╨╛╨│╨╛ ╨╕╤Б╤В╨╛╤З╨╜╨╕╨║╨░ ╨┤╨░╨╜╨╜╤Л╤Е ╨┐╨░╤А╨░╨╝╨╡╤В╤А "Private" ╨╕╨╝╨╡╨╡╤В ╨╖╨╜╨░╤З╨╡╨╜╨╕╨╡ "false", ╨╕ ╨╜╨╡╤В ╨╕╤Б╤В╨╛╤З╨╜╨╕╨║╨╛╨▓ ╨┤╨░╨╜╨╜╤Л╤Е, ╨┤╨╗╤П ╨║╨╛╤В╨╛╤А╤Л╤Е ╨┐╨░╤А╨░╨╝╨╡╤В╤А "Private" ╨╕╨╝╨╡╨╡╤В ╨╖╨╜╨░╤З╨╡╨╜╨╕╨╡ "true".
         ╨Я╨╡╤А╨▓╨╕╤З╨╜╨░╤П ╤Б╤Б╤Л╨╗╨║╨░ "Microsoft.AspNetCore.Http.Results, Version=9.0.0.0, Culture=neutral, PublicKeyToken=adb9793829ddae60".
             ╨а╨░╨╖╤А╨╡╤И╨╡╨╜╨╜╤Л╨╣ ╨┐╤Г╤В╤М ╨║ ╤Д╨░╨╣╨╗╤Г - "C:\Program Files\dotnet\packs\Microsoft.AspNetCore.App.Ref\9.0.2\ref\net9.0\Microsoft.AspNetCore.Http.Results.dll".
             ╨Ю╨▒╨╜╨░╤А╤Г╨╢╨╡╨╜╨░ ╤Б╤Б╤Л╨╗╨║╨░ ╨▓ ╤А╨░╤Б╨┐╨╛╨╗╨╛╨╢╨╡╨╜╨╕╨╕ ╨┐╤Г╤В╨╕ ╨┐╨╛╨╕╤Б╨║╨░ "{RawFileName}".
             ╨Ф╨░╨╜╨╜╨░╤П ╤Б╤Б╤Л╨╗╨║╨░ ╨╜╨╡ ╤П╨▓╨╗╤П╨╡╤В╤Б╤П "CopyLocal" ╤В╨░╨║ ╨║╨░╨║ ╤Е╨╛╤В╤П ╨▒╤Л ╨┤╨╗╤П ╨╛╨┤╨╜╨╛╨│╨╛ ╨╕╤Б╤В╨╛╤З╨╜╨╕╨║╨░ ╨┤╨░╨╜╨╜╤Л╤Е ╨┐╨░╤А╨░╨╝╨╡╤В╤А "Private" ╨╕╨╝╨╡╨╡╤В ╨╖╨╜╨░╤З╨╡╨╜╨╕╨╡ "false", ╨╕ ╨╜╨╡╤В ╨╕╤Б╤В╨╛╤З╨╜╨╕╨║╨╛╨▓ ╨┤╨░╨╜╨╜╤Л╤Е, ╨┤╨╗╤П ╨║╨╛╤В╨╛╤А╤Л╤Е ╨┐╨░╤А╨░╨╝╨╡╤В╤А "Private" ╨╕╨╝╨╡╨╡╤В ╨╖╨╜╨░╤З╨╡╨╜╨╕╨╡ "true".
         ╨Я╨╡╤А╨▓╨╕╤З╨╜╨░╤П ╤Б╤Б╤Л╨╗╨║╨░ "Microsoft.AspNetCore.Http, Version=9.0.0.0, Culture=neutral, PublicKeyToken=adb9793829ddae60".
             ╨а╨░╨╖╤А╨╡╤И╨╡╨╜╨╜╤Л╨╣ ╨┐╤Г╤В╤М ╨║ ╤Д╨░╨╣╨╗╤Г - "C:\Program Files\dotnet\packs\Microsoft.AspNetCore.App.Ref\9.0.2\ref\net9.0\Microsoft.AspNetCore.Http.dll".
             ╨Ю╨▒╨╜╨░╤А╤Г╨╢╨╡╨╜╨░ ╤Б╤Б╤Л╨╗╨║╨░ ╨▓ ╤А╨░╤Б╨┐╨╛╨╗╨╛╨╢╨╡╨╜╨╕╨╕ ╨┐╤Г╤В╨╕ ╨┐╨╛╨╕╤Б╨║╨░ "{RawFileName}".
             ╨Ф╨░╨╜╨╜╨░╤П ╤Б╤Б╤Л╨╗╨║╨░ ╨╜╨╡ ╤П╨▓╨╗╤П╨╡╤В╤Б╤П "CopyLocal" ╤В╨░╨║ ╨║╨░╨║ ╤Е╨╛╤В╤П ╨▒╤Л ╨┤╨╗╤П ╨╛╨┤╨╜╨╛╨│╨╛ ╨╕╤Б╤В╨╛╤З╨╜╨╕╨║╨░ ╨┤╨░╨╜╨╜╤Л╤Е ╨┐╨░╤А╨░╨╝╨╡╤В╤А "Private" ╨╕╨╝╨╡╨╡╤В ╨╖╨╜╨░╤З╨╡╨╜╨╕╨╡ "false", ╨╕ ╨╜╨╡╤В ╨╕╤Б╤В╨╛╤З╨╜╨╕╨║╨╛╨▓ ╨┤╨░╨╜╨╜╤Л╤Е, ╨┤╨╗╤П ╨║╨╛╤В╨╛╤А╤Л╤Е ╨┐╨░╤А╨░╨╝╨╡╤В╤А "Private" ╨╕╨╝╨╡╨╡╤В ╨╖╨╜╨░╤З╨╡╨╜╨╕╨╡ "true".
         ╨Я╨╡╤А╨▓╨╕╤З╨╜╨░╤П ╤Б╤Б╤Л╨╗╨║╨░ "Microsoft.AspNetCore.HttpLogging, Version=9.0.0.0, Culture=neutral, PublicKeyToken=adb9793829ddae60".
             ╨а╨░╨╖╤А╨╡╤И╨╡╨╜╨╜╤Л╨╣ ╨┐╤Г╤В╤М ╨║ ╤Д╨░╨╣╨╗╤Г - "C:\Program Files\dotnet\packs\Microsoft.AspNetCore.App.Ref\9.0.2\ref\net9.0\Microsoft.AspNetCore.HttpLogging.dll".
             ╨Ю╨▒╨╜╨░╤А╤Г╨╢╨╡╨╜╨░ ╤Б╤Б╤Л╨╗╨║╨░ ╨▓ ╤А╨░╤Б╨┐╨╛╨╗╨╛╨╢╨╡╨╜╨╕╨╕ ╨┐╤Г╤В╨╕ ╨┐╨╛╨╕╤Б╨║╨░ "{RawFileName}".
             ╨Ф╨░╨╜╨╜╨░╤П ╤Б╤Б╤Л╨╗╨║╨░ ╨╜╨╡ ╤П╨▓╨╗╤П╨╡╤В╤Б╤П "CopyLocal" ╤В╨░╨║ ╨║╨░╨║ ╤Е╨╛╤В╤П ╨▒╤Л ╨┤╨╗╤П ╨╛╨┤╨╜╨╛╨│╨╛ ╨╕╤Б╤В╨╛╤З╨╜╨╕╨║╨░ ╨┤╨░╨╜╨╜╤Л╤Е ╨┐╨░╤А╨░╨╝╨╡╤В╤А "Private" ╨╕╨╝╨╡╨╡╤В ╨╖╨╜╨░╤З╨╡╨╜╨╕╨╡ "false", ╨╕ ╨╜╨╡╤В ╨╕╤Б╤В╨╛╤З╨╜╨╕╨║╨╛╨▓ ╨┤╨░╨╜╨╜╤Л╤Е, ╨┤╨╗╤П ╨║╨╛╤В╨╛╤А╤Л╤Е ╨┐╨░╤А╨░╨╝╨╡╤В╤А "Private" ╨╕╨╝╨╡╨╡╤В ╨╖╨╜╨░╤З╨╡╨╜╨╕╨╡ "true".
         ╨Я╨╡╤А╨▓╨╕╤З╨╜╨░╤П ╤Б╤Б╤Л╨╗╨║╨░ "Microsoft.AspNetCore.HttpOverrides, Version=9.0.0.0, Culture=neutral, PublicKeyToken=adb9793829ddae60".
             ╨а╨░╨╖╤А╨╡╤И╨╡╨╜╨╜╤Л╨╣ ╨┐╤Г╤В╤М ╨║ ╤Д╨░╨╣╨╗╤Г - "C:\Program Files\dotnet\packs\Microsoft.AspNetCore.App.Ref\9.0.2\ref\net9.0\Microsoft.AspNetCore.HttpOverrides.dll".
             ╨Ю╨▒╨╜╨░╤А╤Г╨╢╨╡╨╜╨░ ╤Б╤Б╤Л╨╗╨║╨░ ╨▓ ╤А╨░╤Б╨┐╨╛╨╗╨╛╨╢╨╡╨╜╨╕╨╕ ╨┐╤Г╤В╨╕ ╨┐╨╛╨╕╤Б╨║╨░ "{RawFileName}".
             ╨Ф╨░╨╜╨╜╨░╤П ╤Б╤Б╤Л╨╗╨║╨░ ╨╜╨╡ ╤П╨▓╨╗╤П╨╡╤В╤Б╤П "CopyLocal" ╤В╨░╨║ ╨║╨░╨║ ╤Е╨╛╤В╤П ╨▒╤Л ╨┤╨╗╤П ╨╛╨┤╨╜╨╛╨│╨╛ ╨╕╤Б╤В╨╛╤З╨╜╨╕╨║╨░ ╨┤╨░╨╜╨╜╤Л╤Е ╨┐╨░╤А╨░╨╝╨╡╤В╤А "Private" ╨╕╨╝╨╡╨╡╤В ╨╖╨╜╨░╤З╨╡╨╜╨╕╨╡ "false", ╨╕ ╨╜╨╡╤В ╨╕╤Б╤В╨╛╤З╨╜╨╕╨║╨╛╨▓ ╨┤╨░╨╜╨╜╤Л╤Е, ╨┤╨╗╤П ╨║╨╛╤В╨╛╤А╤Л╤Е ╨┐╨░╤А╨░╨╝╨╡╤В╤А "Private" ╨╕╨╝╨╡╨╡╤В ╨╖╨╜╨░╤З╨╡╨╜╨╕╨╡ "true".
         ╨Я╨╡╤А╨▓╨╕╤З╨╜╨░╤П ╤Б╤Б╤Л╨╗╨║╨░ "Microsoft.AspNetCore.HttpsPolicy, Version=9.0.0.0, Culture=neutral, PublicKeyToken=adb9793829ddae60".
             ╨а╨░╨╖╤А╨╡╤И╨╡╨╜╨╜╤Л╨╣ ╨┐╤Г╤В╤М ╨║ ╤Д╨░╨╣╨╗╤Г - "C:\Program Files\dotnet\packs\Microsoft.AspNetCore.App.Ref\9.0.2\ref\net9.0\Microsoft.AspNetCore.HttpsPolicy.dll".
             ╨Ю╨▒╨╜╨░╤А╤Г╨╢╨╡╨╜╨░ ╤Б╤Б╤Л╨╗╨║╨░ ╨▓ ╤А╨░╤Б╨┐╨╛╨╗╨╛╨╢╨╡╨╜╨╕╨╕ ╨┐╤Г╤В╨╕ ╨┐╨╛╨╕╤Б╨║╨░ "{RawFileName}".
             ╨Ф╨░╨╜╨╜╨░╤П ╤Б╤Б╤Л╨╗╨║╨░ ╨╜╨╡ ╤П╨▓╨╗╤П╨╡╤В╤Б╤П "CopyLocal" ╤В╨░╨║ ╨║╨░╨║ ╤Е╨╛╤В╤П ╨▒╤Л ╨┤╨╗╤П ╨╛╨┤╨╜╨╛╨│╨╛ ╨╕╤Б╤В╨╛╤З╨╜╨╕╨║╨░ ╨┤╨░╨╜╨╜╤Л╤Е ╨┐╨░╤А╨░╨╝╨╡╤В╤А "Private" ╨╕╨╝╨╡╨╡╤В ╨╖╨╜╨░╤З╨╡╨╜╨╕╨╡ "false", ╨╕ ╨╜╨╡╤В ╨╕╤Б╤В╨╛╤З╨╜╨╕╨║╨╛╨▓ ╨┤╨░╨╜╨╜╤Л╤Е, ╨┤╨╗╤П ╨║╨╛╤В╨╛╤А╤Л╤Е ╨┐╨░╤А╨░╨╝╨╡╤В╤А "Private" ╨╕╨╝╨╡╨╡╤В ╨╖╨╜╨░╤З╨╡╨╜╨╕╨╡ "true".
         ╨Я╨╡╤А╨▓╨╕╤З╨╜╨░╤П ╤Б╤Б╤Л╨╗╨║╨░ "Microsoft.AspNetCore.Identity, Version=9.0.0.0, Culture=neutral, PublicKeyToken=adb9793829ddae60".
             ╨а╨░╨╖╤А╨╡╤И╨╡╨╜╨╜╤Л╨╣ ╨┐╤Г╤В╤М ╨║ ╤Д╨░╨╣╨╗╤Г - "C:\Program Files\dotnet\packs\Microsoft.AspNetCore.App.Ref\9.0.2\ref\net9.0\Microsoft.AspNetCore.Identity.dll".
             ╨Ю╨▒╨╜╨░╤А╤Г╨╢╨╡╨╜╨░ ╤Б╤Б╤Л╨╗╨║╨░ ╨▓ ╤А╨░╤Б╨┐╨╛╨╗╨╛╨╢╨╡╨╜╨╕╨╕ ╨┐╤Г╤В╨╕ ╨┐╨╛╨╕╤Б╨║╨░ "{RawFileName}".
             ╨Ф╨░╨╜╨╜╨░╤П ╤Б╤Б╤Л╨╗╨║╨░ ╨╜╨╡ ╤П╨▓╨╗╤П╨╡╤В╤Б╤П "CopyLocal" ╤В╨░╨║ ╨║╨░╨║ ╤Е╨╛╤В╤П ╨▒╤Л ╨┤╨╗╤П ╨╛╨┤╨╜╨╛╨│╨╛ ╨╕╤Б╤В╨╛╤З╨╜╨╕╨║╨░ ╨┤╨░╨╜╨╜╤Л╤Е ╨┐╨░╤А╨░╨╝╨╡╤В╤А "Private" ╨╕╨╝╨╡╨╡╤В ╨╖╨╜╨░╤З╨╡╨╜╨╕╨╡ "false", ╨╕ ╨╜╨╡╤В ╨╕╤Б╤В╨╛╤З╨╜╨╕╨║╨╛╨▓ ╨┤╨░╨╜╨╜╤Л╤Е, ╨┤╨╗╤П ╨║╨╛╤В╨╛╤А╤Л╤Е ╨┐╨░╤А╨░╨╝╨╡╤В╤А "Private" ╨╕╨╝╨╡╨╡╤В ╨╖╨╜╨░╤З╨╡╨╜╨╕╨╡ "true".
         ╨Я╨╡╤А╨▓╨╕╤З╨╜╨░╤П ╤Б╤Б╤Л╨╗╨║╨░ "Microsoft.AspNetCore.Localization.Routing, Version=9.0.0.0, Culture=neutral, PublicKeyToken=adb9793829ddae60".
             ╨а╨░╨╖╤А╨╡╤И╨╡╨╜╨╜╤Л╨╣ ╨┐╤Г╤В╤М ╨║ ╤Д╨░╨╣╨╗╤Г - "C:\Program Files\dotnet\packs\Microsoft.AspNetCore.App.Ref\9.0.2\ref\net9.0\Microsoft.AspNetCore.Localization.Routing.dll".
             ╨Ю╨▒╨╜╨░╤А╤Г╨╢╨╡╨╜╨░ ╤Б╤Б╤Л╨╗╨║╨░ ╨▓ ╤А╨░╤Б╨┐╨╛╨╗╨╛╨╢╨╡╨╜╨╕╨╕ ╨┐╤Г╤В╨╕ ╨┐╨╛╨╕╤Б╨║╨░ "{RawFileName}".
             ╨Ф╨░╨╜╨╜╨░╤П ╤Б╤Б╤Л╨╗╨║╨░ ╨╜╨╡ ╤П╨▓╨╗╤П╨╡╤В╤Б╤П "CopyLocal" ╤В╨░╨║ ╨║╨░╨║ ╤Е╨╛╤В╤П ╨▒╤Л ╨┤╨╗╤П ╨╛╨┤╨╜╨╛╨│╨╛ ╨╕╤Б╤В╨╛╤З╨╜╨╕╨║╨░ ╨┤╨░╨╜╨╜╤Л╤Е ╨┐╨░╤А╨░╨╝╨╡╤В╤А "Private" ╨╕╨╝╨╡╨╡╤В ╨╖╨╜╨░╤З╨╡╨╜╨╕╨╡ "false", ╨╕ ╨╜╨╡╤В ╨╕╤Б╤В╨╛╤З╨╜╨╕╨║╨╛╨▓ ╨┤╨░╨╜╨╜╤Л╤Е, ╨┤╨╗╤П ╨║╨╛╤В╨╛╤А╤Л╤Е ╨┐╨░╤А╨░╨╝╨╡╤В╤А "Private" ╨╕╨╝╨╡╨╡╤В ╨╖╨╜╨░╤З╨╡╨╜╨╕╨╡ "true".
         ╨Я╨╡╤А╨▓╨╕╤З╨╜╨░╤П ╤Б╤Б╤Л╨╗╨║╨░ "Microsoft.AspNetCore.Localization, Version=9.0.0.0, Culture=neutral, PublicKeyToken=adb9793829ddae60".
             ╨а╨░╨╖╤А╨╡╤И╨╡╨╜╨╜╤Л╨╣ ╨┐╤Г╤В╤М ╨║ ╤Д╨░╨╣╨╗╤Г - "C:\Program Files\dotnet\packs\Microsoft.AspNetCore.App.Ref\9.0.2\ref\net9.0\Microsoft.AspNetCore.Localization.dll".
             ╨Ю╨▒╨╜╨░╤А╤Г╨╢╨╡╨╜╨░ ╤Б╤Б╤Л╨╗╨║╨░ ╨▓ ╤А╨░╤Б╨┐╨╛╨╗╨╛╨╢╨╡╨╜╨╕╨╕ ╨┐╤Г╤В╨╕ ╨┐╨╛╨╕╤Б╨║╨░ "{RawFileName}".
             ╨Ф╨░╨╜╨╜╨░╤П ╤Б╤Б╤Л╨╗╨║╨░ ╨╜╨╡ ╤П╨▓╨╗╤П╨╡╤В╤Б╤П "CopyLocal" ╤В╨░╨║ ╨║╨░╨║ ╤Е╨╛╤В╤П ╨▒╤Л ╨┤╨╗╤П ╨╛╨┤╨╜╨╛╨│╨╛ ╨╕╤Б╤В╨╛╤З╨╜╨╕╨║╨░ ╨┤╨░╨╜╨╜╤Л╤Е ╨┐╨░╤А╨░╨╝╨╡╤В╤А "Private" ╨╕╨╝╨╡╨╡╤В ╨╖╨╜╨░╤З╨╡╨╜╨╕╨╡ "false", ╨╕ ╨╜╨╡╤В ╨╕╤Б╤В╨╛╤З╨╜╨╕╨║╨╛╨▓ ╨┤╨░╨╜╨╜╤Л╤Е, ╨┤╨╗╤П ╨║╨╛╤В╨╛╤А╤Л╤Е ╨┐╨░╤А╨░╨╝╨╡╤В╤А "Private" ╨╕╨╝╨╡╨╡╤В ╨╖╨╜╨░╤З╨╡╨╜╨╕╨╡ "true".
         ╨Я╨╡╤А╨▓╨╕╤З╨╜╨░╤П ╤Б╤Б╤Л╨╗╨║╨░ "Microsoft.AspNetCore.Metadata, Version=9.0.0.0, Culture=neutral, PublicKeyToken=adb9793829ddae60".
             ╨а╨░╨╖╤А╨╡╤И╨╡╨╜╨╜╤Л╨╣ ╨┐╤Г╤В╤М ╨║ ╤Д╨░╨╣╨╗╤Г - "C:\Program Files\dotnet\packs\Microsoft.AspNetCore.App.Ref\9.0.2\ref\net9.0\Microsoft.AspNetCore.Metadata.dll".
             ╨Ю╨▒╨╜╨░╤А╤Г╨╢╨╡╨╜╨░ ╤Б╤Б╤Л╨╗╨║╨░ ╨▓ ╤А╨░╤Б╨┐╨╛╨╗╨╛╨╢╨╡╨╜╨╕╨╕ ╨┐╤Г╤В╨╕ ╨┐╨╛╨╕╤Б╨║╨░ "{RawFileName}".
             ╨Ф╨░╨╜╨╜╨░╤П ╤Б╤Б╤Л╨╗╨║╨░ ╨╜╨╡ ╤П╨▓╨╗╤П╨╡╤В╤Б╤П "CopyLocal" ╤В╨░╨║ ╨║╨░╨║ ╤Е╨╛╤В╤П ╨▒╤Л ╨┤╨╗╤П ╨╛╨┤╨╜╨╛╨│╨╛ ╨╕╤Б╤В╨╛╤З╨╜╨╕╨║╨░ ╨┤╨░╨╜╨╜╤Л╤Е ╨┐╨░╤А╨░╨╝╨╡╤В╤А "Private" ╨╕╨╝╨╡╨╡╤В ╨╖╨╜╨░╤З╨╡╨╜╨╕╨╡ "false", ╨╕ ╨╜╨╡╤В ╨╕╤Б╤В╨╛╤З╨╜╨╕╨║╨╛╨▓ ╨┤╨░╨╜╨╜╤Л╤Е, ╨┤╨╗╤П ╨║╨╛╤В╨╛╤А╤Л╤Е ╨┐╨░╤А╨░╨╝╨╡╤В╤А "Private" ╨╕╨╝╨╡╨╡╤В ╨╖╨╜╨░╤З╨╡╨╜╨╕╨╡ "true".
         ╨Я╨╡╤А╨▓╨╕╤З╨╜╨░╤П ╤Б╤Б╤Л╨╗╨║╨░ "Microsoft.AspNetCore.Mvc.Abstractions, Version=9.0.0.0, Culture=neutral, PublicKeyToken=adb9793829ddae60".
             ╨а╨░╨╖╤А╨╡╤И╨╡╨╜╨╜╤Л╨╣ ╨┐╤Г╤В╤М ╨║ ╤Д╨░╨╣╨╗╤Г - "C:\Program Files\dotnet\packs\Microsoft.AspNetCore.App.Ref\9.0.2\ref\net9.0\Microsoft.AspNetCore.Mvc.Abstractions.dll".
             ╨Ю╨▒╨╜╨░╤А╤Г╨╢╨╡╨╜╨░ ╤Б╤Б╤Л╨╗╨║╨░ ╨▓ ╤А╨░╤Б╨┐╨╛╨╗╨╛╨╢╨╡╨╜╨╕╨╕ ╨┐╤Г╤В╨╕ ╨┐╨╛╨╕╤Б╨║╨░ "{RawFileName}".
             ╨Ф╨░╨╜╨╜╨░╤П ╤Б╤Б╤Л╨╗╨║╨░ ╨╜╨╡ ╤П╨▓╨╗╤П╨╡╤В╤Б╤П "CopyLocal" ╤В╨░╨║ ╨║╨░╨║ ╤Е╨╛╤В╤П ╨▒╤Л ╨┤╨╗╤П ╨╛╨┤╨╜╨╛╨│╨╛ ╨╕╤Б╤В╨╛╤З╨╜╨╕╨║╨░ ╨┤╨░╨╜╨╜╤Л╤Е ╨┐╨░╤А╨░╨╝╨╡╤В╤А "Private" ╨╕╨╝╨╡╨╡╤В ╨╖╨╜╨░╤З╨╡╨╜╨╕╨╡ "false", ╨╕ ╨╜╨╡╤В ╨╕╤Б╤В╨╛╤З╨╜╨╕╨║╨╛╨▓ ╨┤╨░╨╜╨╜╤Л╤Е, ╨┤╨╗╤П ╨║╨╛╤В╨╛╤А╤Л╤Е ╨┐╨░╤А╨░╨╝╨╡╤В╤А "Private" ╨╕╨╝╨╡╨╡╤В ╨╖╨╜╨░╤З╨╡╨╜╨╕╨╡ "true".
         ╨Я╨╡╤А╨▓╨╕╤З╨╜╨░╤П ╤Б╤Б╤Л╨╗╨║╨░ "Microsoft.AspNetCore.Mvc.ApiExplorer, Version=9.0.0.0, Culture=neutral, PublicKeyToken=adb9793829ddae60".
             ╨а╨░╨╖╤А╨╡╤И╨╡╨╜╨╜╤Л╨╣ ╨┐╤Г╤В╤М ╨║ ╤Д╨░╨╣╨╗╤Г - "C:\Program Files\dotnet\packs\Microsoft.AspNetCore.App.Ref\9.0.2\ref\net9.0\Microsoft.AspNetCore.Mvc.ApiExplorer.dll".
             ╨Ю╨▒╨╜╨░╤А╤Г╨╢╨╡╨╜╨░ ╤Б╤Б╤Л╨╗╨║╨░ ╨▓ ╤А╨░╤Б╨┐╨╛╨╗╨╛╨╢╨╡╨╜╨╕╨╕ ╨┐╤Г╤В╨╕ ╨┐╨╛╨╕╤Б╨║╨░ "{RawFileName}".
             ╨Ф╨░╨╜╨╜╨░╤П ╤Б╤Б╤Л╨╗╨║╨░ ╨╜╨╡ ╤П╨▓╨╗╤П╨╡╤В╤Б╤П "CopyLocal" ╤В╨░╨║ ╨║╨░╨║ ╤Е╨╛╤В╤П ╨▒╤Л ╨┤╨╗╤П ╨╛╨┤╨╜╨╛╨│╨╛ ╨╕╤Б╤В╨╛╤З╨╜╨╕╨║╨░ ╨┤╨░╨╜╨╜╤Л╤Е ╨┐╨░╤А╨░╨╝╨╡╤В╤А "Private" ╨╕╨╝╨╡╨╡╤В ╨╖╨╜╨░╤З╨╡╨╜╨╕╨╡ "false", ╨╕ ╨╜╨╡╤В ╨╕╤Б╤В╨╛╤З╨╜╨╕╨║╨╛╨▓ ╨┤╨░╨╜╨╜╤Л╤Е, ╨┤╨╗╤П ╨║╨╛╤В╨╛╤А╤Л╤Е ╨┐╨░╤А╨░╨╝╨╡╤В╤А "Private" ╨╕╨╝╨╡╨╡╤В ╨╖╨╜╨░╤З╨╡╨╜╨╕╨╡ "true".
         ╨Я╨╡╤А╨▓╨╕╤З╨╜╨░╤П ╤Б╤Б╤Л╨╗╨║╨░ "Microsoft.AspNetCore.Mvc.Core, Version=9.0.0.0, Culture=neutral, PublicKeyToken=adb9793829ddae60".
             ╨а╨░╨╖╤А╨╡╤И╨╡╨╜╨╜╤Л╨╣ ╨┐╤Г╤В╤М ╨║ ╤Д╨░╨╣╨╗╤Г - "C:\Program Files\dotnet\packs\Microsoft.AspNetCore.App.Ref\9.0.2\ref\net9.0\Microsoft.AspNetCore.Mvc.Core.dll".
             ╨Ю╨▒╨╜╨░╤А╤Г╨╢╨╡╨╜╨░ ╤Б╤Б╤Л╨╗╨║╨░ ╨▓ ╤А╨░╤Б╨┐╨╛╨╗╨╛╨╢╨╡╨╜╨╕╨╕ ╨┐╤Г╤В╨╕ ╨┐╨╛╨╕╤Б╨║╨░ "{RawFileName}".
             ╨Ф╨░╨╜╨╜╨░╤П ╤Б╤Б╤Л╨╗╨║╨░ ╨╜╨╡ ╤П╨▓╨╗╤П╨╡╤В╤Б╤П "CopyLocal" ╤В╨░╨║ ╨║╨░╨║ ╤Е╨╛╤В╤П ╨▒╤Л ╨┤╨╗╤П ╨╛╨┤╨╜╨╛╨│╨╛ ╨╕╤Б╤В╨╛╤З╨╜╨╕╨║╨░ ╨┤╨░╨╜╨╜╤Л╤Е ╨┐╨░╤А╨░╨╝╨╡╤В╤А "Private" ╨╕╨╝╨╡╨╡╤В ╨╖╨╜╨░╤З╨╡╨╜╨╕╨╡ "false", ╨╕ ╨╜╨╡╤В ╨╕╤Б╤В╨╛╤З╨╜╨╕╨║╨╛╨▓ ╨┤╨░╨╜╨╜╤Л╤Е, ╨┤╨╗╤П ╨║╨╛╤В╨╛╤А╤Л╤Е ╨┐╨░╤А╨░╨╝╨╡╤В╤А "Private" ╨╕╨╝╨╡╨╡╤В ╨╖╨╜╨░╤З╨╡╨╜╨╕╨╡ "true".
         ╨Я╨╡╤А╨▓╨╕╤З╨╜╨░╤П ╤Б╤Б╤Л╨╗╨║╨░ "Microsoft.AspNetCore.Mvc.Cors, Version=9.0.0.0, Culture=neutral, PublicKeyToken=adb9793829ddae60".
             ╨а╨░╨╖╤А╨╡╤И╨╡╨╜╨╜╤Л╨╣ ╨┐╤Г╤В╤М ╨║ ╤Д╨░╨╣╨╗╤Г - "C:\Program Files\dotnet\packs\Microsoft.AspNetCore.App.Ref\9.0.2\ref\net9.0\Microsoft.AspNetCore.Mvc.Cors.dll".
             ╨Ю╨▒╨╜╨░╤А╤Г╨╢╨╡╨╜╨░ ╤Б╤Б╤Л╨╗╨║╨░ ╨▓ ╤А╨░╤Б╨┐╨╛╨╗╨╛╨╢╨╡╨╜╨╕╨╕ ╨┐╤Г╤В╨╕ ╨┐╨╛╨╕╤Б╨║╨░ "{RawFileName}".
             ╨Ф╨░╨╜╨╜╨░╤П ╤Б╤Б╤Л╨╗╨║╨░ ╨╜╨╡ ╤П╨▓╨╗╤П╨╡╤В╤Б╤П "CopyLocal" ╤В╨░╨║ ╨║╨░╨║ ╤Е╨╛╤В╤П ╨▒╤Л ╨┤╨╗╤П ╨╛╨┤╨╜╨╛╨│╨╛ ╨╕╤Б╤В╨╛╤З╨╜╨╕╨║╨░ ╨┤╨░╨╜╨╜╤Л╤Е ╨┐╨░╤А╨░╨╝╨╡╤В╤А "Private" ╨╕╨╝╨╡╨╡╤В ╨╖╨╜╨░╤З╨╡╨╜╨╕╨╡ "false", ╨╕ ╨╜╨╡╤В ╨╕╤Б╤В╨╛╤З╨╜╨╕╨║╨╛╨▓ ╨┤╨░╨╜╨╜╤Л╤Е, ╨┤╨╗╤П ╨║╨╛╤В╨╛╤А╤Л╤Е ╨┐╨░╤А╨░╨╝╨╡╤В╤А "Private" ╨╕╨╝╨╡╨╡╤В ╨╖╨╜╨░╤З╨╡╨╜╨╕╨╡ "true".
         ╨Я╨╡╤А╨▓╨╕╤З╨╜╨░╤П ╤Б╤Б╤Л╨╗╨║╨░ "Microsoft.AspNetCore.Mvc.DataAnnotations, Version=9.0.0.0, Culture=neutral, PublicKeyToken=adb9793829ddae60".
             ╨а╨░╨╖╤А╨╡╤И╨╡╨╜╨╜╤Л╨╣ ╨┐╤Г╤В╤М ╨║ ╤Д╨░╨╣╨╗╤Г - "C:\Program Files\dotnet\packs\Microsoft.AspNetCore.App.Ref\9.0.2\ref\net9.0\Microsoft.AspNetCore.Mvc.DataAnnotations.dll".
             ╨Ю╨▒╨╜╨░╤А╤Г╨╢╨╡╨╜╨░ ╤Б╤Б╤Л╨╗╨║╨░ ╨▓ ╤А╨░╤Б╨┐╨╛╨╗╨╛╨╢╨╡╨╜╨╕╨╕ ╨┐╤Г╤В╨╕ ╨┐╨╛╨╕╤Б╨║╨░ "{RawFileName}".
             ╨Ф╨░╨╜╨╜╨░╤П ╤Б╤Б╤Л╨╗╨║╨░ ╨╜╨╡ ╤П╨▓╨╗╤П╨╡╤В╤Б╤П "CopyLocal" ╤В╨░╨║ ╨║╨░╨║ ╤Е╨╛╤В╤П ╨▒╤Л ╨┤╨╗╤П ╨╛╨┤╨╜╨╛╨│╨╛ ╨╕╤Б╤В╨╛╤З╨╜╨╕╨║╨░ ╨┤╨░╨╜╨╜╤Л╤Е ╨┐╨░╤А╨░╨╝╨╡╤В╤А "Private" ╨╕╨╝╨╡╨╡╤В ╨╖╨╜╨░╤З╨╡╨╜╨╕╨╡ "false", ╨╕ ╨╜╨╡╤В ╨╕╤Б╤В╨╛╤З╨╜╨╕╨║╨╛╨▓ ╨┤╨░╨╜╨╜╤Л╤Е, ╨┤╨╗╤П ╨║╨╛╤В╨╛╤А╤Л╤Е ╨┐╨░╤А╨░╨╝╨╡╤В╤А "Private" ╨╕╨╝╨╡╨╡╤В ╨╖╨╜╨░╤З╨╡╨╜╨╕╨╡ "true".
         ╨Я╨╡╤А╨▓╨╕╤З╨╜╨░╤П ╤Б╤Б╤Л╨╗╨║╨░ "Microsoft.AspNetCore.Mvc.Formatters.Json, Version=9.0.0.0, Culture=neutral, PublicKeyToken=adb9793829ddae60".
             ╨а╨░╨╖╤А╨╡╤И╨╡╨╜╨╜╤Л╨╣ ╨┐╤Г╤В╤М ╨║ ╤Д╨░╨╣╨╗╤Г - "C:\Program Files\dotnet\packs\Microsoft.AspNetCore.App.Ref\9.0.2\ref\net9.0\Microsoft.AspNetCore.Mvc.Formatters.Json.dll".
             ╨Ю╨▒╨╜╨░╤А╤Г╨╢╨╡╨╜╨░ ╤Б╤Б╤Л╨╗╨║╨░ ╨▓ ╤А╨░╤Б╨┐╨╛╨╗╨╛╨╢╨╡╨╜╨╕╨╕ ╨┐╤Г╤В╨╕ ╨┐╨╛╨╕╤Б╨║╨░ "{RawFileName}".
             ╨Ф╨░╨╜╨╜╨░╤П ╤Б╤Б╤Л╨╗╨║╨░ ╨╜╨╡ ╤П╨▓╨╗╤П╨╡╤В╤Б╤П "CopyLocal" ╤В╨░╨║ ╨║╨░╨║ ╤Е╨╛╤В╤П ╨▒╤Л ╨┤╨╗╤П ╨╛╨┤╨╜╨╛╨│╨╛ ╨╕╤Б╤В╨╛╤З╨╜╨╕╨║╨░ ╨┤╨░╨╜╨╜╤Л╤Е ╨┐╨░╤А╨░╨╝╨╡╤В╤А "Private" ╨╕╨╝╨╡╨╡╤В ╨╖╨╜╨░╤З╨╡╨╜╨╕╨╡ "false", ╨╕ ╨╜╨╡╤В ╨╕╤Б╤В╨╛╤З╨╜╨╕╨║╨╛╨▓ ╨┤╨░╨╜╨╜╤Л╤Е, ╨┤╨╗╤П ╨║╨╛╤В╨╛╤А╤Л╤Е ╨┐╨░╤А╨░╨╝╨╡╤В╤А "Private" ╨╕╨╝╨╡╨╡╤В ╨╖╨╜╨░╤З╨╡╨╜╨╕╨╡ "true".
         ╨Я╨╡╤А╨▓╨╕╤З╨╜╨░╤П ╤Б╤Б╤Л╨╗╨║╨░ "Microsoft.AspNetCore.Mvc.Formatters.Xml, Version=9.0.0.0, Culture=neutral, PublicKeyToken=adb9793829ddae60".
             ╨а╨░╨╖╤А╨╡╤И╨╡╨╜╨╜╤Л╨╣ ╨┐╤Г╤В╤М ╨║ ╤Д╨░╨╣╨╗╤Г - "C:\Program Files\dotnet\packs\Microsoft.AspNetCore.App.Ref\9.0.2\ref\net9.0\Microsoft.AspNetCore.Mvc.Formatters.Xml.dll".
             ╨Ю╨▒╨╜╨░╤А╤Г╨╢╨╡╨╜╨░ ╤Б╤Б╤Л╨╗╨║╨░ ╨▓ ╤А╨░╤Б╨┐╨╛╨╗╨╛╨╢╨╡╨╜╨╕╨╕ ╨┐╤Г╤В╨╕ ╨┐╨╛╨╕╤Б╨║╨░ "{RawFileName}".
             ╨Ф╨░╨╜╨╜╨░╤П ╤Б╤Б╤Л╨╗╨║╨░ ╨╜╨╡ ╤П╨▓╨╗╤П╨╡╤В╤Б╤П "CopyLocal" ╤В╨░╨║ ╨║╨░╨║ ╤Е╨╛╤В╤П ╨▒╤Л ╨┤╨╗╤П ╨╛╨┤╨╜╨╛╨│╨╛ ╨╕╤Б╤В╨╛╤З╨╜╨╕╨║╨░ ╨┤╨░╨╜╨╜╤Л╤Е ╨┐╨░╤А╨░╨╝╨╡╤В╤А "Private" ╨╕╨╝╨╡╨╡╤В ╨╖╨╜╨░╤З╨╡╨╜╨╕╨╡ "false", ╨╕ ╨╜╨╡╤В ╨╕╤Б╤В╨╛╤З╨╜╨╕╨║╨╛╨▓ ╨┤╨░╨╜╨╜╤Л╤Е, ╨┤╨╗╤П ╨║╨╛╤В╨╛╤А╤Л╤Е ╨┐╨░╤А╨░╨╝╨╡╤В╤А "Private" ╨╕╨╝╨╡╨╡╤В ╨╖╨╜╨░╤З╨╡╨╜╨╕╨╡ "true".
         ╨Я╨╡╤А╨▓╨╕╤З╨╜╨░╤П ╤Б╤Б╤Л╨╗╨║╨░ "Microsoft.AspNetCore.Mvc.Localization, Version=9.0.0.0, Culture=neutral, PublicKeyToken=adb9793829ddae60".
             ╨а╨░╨╖╤А╨╡╤И╨╡╨╜╨╜╤Л╨╣ ╨┐╤Г╤В╤М ╨║ ╤Д╨░╨╣╨╗╤Г - "C:\Program Files\dotnet\packs\Microsoft.AspNetCore.App.Ref\9.0.2\ref\net9.0\Microsoft.AspNetCore.Mvc.Localization.dll".
             ╨Ю╨▒╨╜╨░╤А╤Г╨╢╨╡╨╜╨░ ╤Б╤Б╤Л╨╗╨║╨░ ╨▓ ╤А╨░╤Б╨┐╨╛╨╗╨╛╨╢╨╡╨╜╨╕╨╕ ╨┐╤Г╤В╨╕ ╨┐╨╛╨╕╤Б╨║╨░ "{RawFileName}".
             ╨Ф╨░╨╜╨╜╨░╤П ╤Б╤Б╤Л╨╗╨║╨░ ╨╜╨╡ ╤П╨▓╨╗╤П╨╡╤В╤Б╤П "CopyLocal" ╤В╨░╨║ ╨║╨░╨║ ╤Е╨╛╤В╤П ╨▒╤Л ╨┤╨╗╤П ╨╛╨┤╨╜╨╛╨│╨╛ ╨╕╤Б╤В╨╛╤З╨╜╨╕╨║╨░ ╨┤╨░╨╜╨╜╤Л╤Е ╨┐╨░╤А╨░╨╝╨╡╤В╤А "Private" ╨╕╨╝╨╡╨╡╤В ╨╖╨╜╨░╤З╨╡╨╜╨╕╨╡ "false", ╨╕ ╨╜╨╡╤В ╨╕╤Б╤В╨╛╤З╨╜╨╕╨║╨╛╨▓ ╨┤╨░╨╜╨╜╤Л╤Е, ╨┤╨╗╤П ╨║╨╛╤В╨╛╤А╤Л╤Е ╨┐╨░╤А╨░╨╝╨╡╤В╤А "Private" ╨╕╨╝╨╡╨╡╤В ╨╖╨╜╨░╤З╨╡╨╜╨╕╨╡ "true".
         ╨Я╨╡╤А╨▓╨╕╤З╨╜╨░╤П ╤Б╤Б╤Л╨╗╨║╨░ "Microsoft.AspNetCore.Mvc.Razor, Version=9.0.0.0, Culture=neutral, PublicKeyToken=adb9793829ddae60".
             ╨а╨░╨╖╤А╨╡╤И╨╡╨╜╨╜╤Л╨╣ ╨┐╤Г╤В╤М ╨║ ╤Д╨░╨╣╨╗╤Г - "C:\Program Files\dotnet\packs\Microsoft.AspNetCore.App.Ref\9.0.2\ref\net9.0\Microsoft.AspNetCore.Mvc.Razor.dll".
             ╨Ю╨▒╨╜╨░╤А╤Г╨╢╨╡╨╜╨░ ╤Б╤Б╤Л╨╗╨║╨░ ╨▓ ╤А╨░╤Б╨┐╨╛╨╗╨╛╨╢╨╡╨╜╨╕╨╕ ╨┐╤Г╤В╨╕ ╨┐╨╛╨╕╤Б╨║╨░ "{RawFileName}".
             ╨Ф╨░╨╜╨╜╨░╤П ╤Б╤Б╤Л╨╗╨║╨░ ╨╜╨╡ ╤П╨▓╨╗╤П╨╡╤В╤Б╤П "CopyLocal" ╤В╨░╨║ ╨║╨░╨║ ╤Е╨╛╤В╤П ╨▒╤Л ╨┤╨╗╤П ╨╛╨┤╨╜╨╛╨│╨╛ ╨╕╤Б╤В╨╛╤З╨╜╨╕╨║╨░ ╨┤╨░╨╜╨╜╤Л╤Е ╨┐╨░╤А╨░╨╝╨╡╤В╤А "Private" ╨╕╨╝╨╡╨╡╤В ╨╖╨╜╨░╤З╨╡╨╜╨╕╨╡ "false", ╨╕ ╨╜╨╡╤В ╨╕╤Б╤В╨╛╤З╨╜╨╕╨║╨╛╨▓ ╨┤╨░╨╜╨╜╤Л╤Е, ╨┤╨╗╤П ╨║╨╛╤В╨╛╤А╤Л╤Е ╨┐╨░╤А╨░╨╝╨╡╤В╤А "Private" ╨╕╨╝╨╡╨╡╤В ╨╖╨╜╨░╤З╨╡╨╜╨╕╨╡ "true".
         ╨Я╨╡╤А╨▓╨╕╤З╨╜╨░╤П ╤Б╤Б╤Л╨╗╨║╨░ "Microsoft.AspNetCore.Mvc.RazorPages, Version=9.0.0.0, Culture=neutral, PublicKeyToken=adb9793829ddae60".
             ╨а╨░╨╖╤А╨╡╤И╨╡╨╜╨╜╤Л╨╣ ╨┐╤Г╤В╤М ╨║ ╤Д╨░╨╣╨╗╤Г - "C:\Program Files\dotnet\packs\Microsoft.AspNetCore.App.Ref\9.0.2\ref\net9.0\Microsoft.AspNetCore.Mvc.RazorPages.dll".
             ╨Ю╨▒╨╜╨░╤А╤Г╨╢╨╡╨╜╨░ ╤Б╤Б╤Л╨╗╨║╨░ ╨▓ ╤А╨░╤Б╨┐╨╛╨╗╨╛╨╢╨╡╨╜╨╕╨╕ ╨┐╤Г╤В╨╕ ╨┐╨╛╨╕╤Б╨║╨░ "{RawFileName}".
             ╨Ф╨░╨╜╨╜╨░╤П ╤Б╤Б╤Л╨╗╨║╨░ ╨╜╨╡ ╤П╨▓╨╗╤П╨╡╤В╤Б╤П "CopyLocal" ╤В╨░╨║ ╨║╨░╨║ ╤Е╨╛╤В╤П ╨▒╤Л ╨┤╨╗╤П ╨╛╨┤╨╜╨╛╨│╨╛ ╨╕╤Б╤В╨╛╤З╨╜╨╕╨║╨░ ╨┤╨░╨╜╨╜╤Л╤Е ╨┐╨░╤А╨░╨╝╨╡╤В╤А "Private" ╨╕╨╝╨╡╨╡╤В ╨╖╨╜╨░╤З╨╡╨╜╨╕╨╡ "false", ╨╕ ╨╜╨╡╤В ╨╕╤Б╤В╨╛╤З╨╜╨╕╨║╨╛╨▓ ╨┤╨░╨╜╨╜╤Л╤Е, ╨┤╨╗╤П ╨║╨╛╤В╨╛╤А╤Л╤Е ╨┐╨░╤А╨░╨╝╨╡╤В╤А "Private" ╨╕╨╝╨╡╨╡╤В ╨╖╨╜╨░╤З╨╡╨╜╨╕╨╡ "true".
         ╨Я╨╡╤А╨▓╨╕╤З╨╜╨░╤П ╤Б╤Б╤Л╨╗╨║╨░ "Microsoft.AspNetCore.Mvc.TagHelpers, Version=9.0.0.0, Culture=neutral, PublicKeyToken=adb9793829ddae60".
             ╨а╨░╨╖╤А╨╡╤И╨╡╨╜╨╜╤Л╨╣ ╨┐╤Г╤В╤М ╨║ ╤Д╨░╨╣╨╗╤Г - "C:\Program Files\dotnet\packs\Microsoft.AspNetCore.App.Ref\9.0.2\ref\net9.0\Microsoft.AspNetCore.Mvc.TagHelpers.dll".
             ╨Ю╨▒╨╜╨░╤А╤Г╨╢╨╡╨╜╨░ ╤Б╤Б╤Л╨╗╨║╨░ ╨▓ ╤А╨░╤Б╨┐╨╛╨╗╨╛╨╢╨╡╨╜╨╕╨╕ ╨┐╤Г╤В╨╕ ╨┐╨╛╨╕╤Б╨║╨░ "{RawFileName}".
             ╨Ф╨░╨╜╨╜╨░╤П ╤Б╤Б╤Л╨╗╨║╨░ ╨╜╨╡ ╤П╨▓╨╗╤П╨╡╤В╤Б╤П "CopyLocal" ╤В╨░╨║ ╨║╨░╨║ ╤Е╨╛╤В╤П ╨▒╤Л ╨┤╨╗╤П ╨╛╨┤╨╜╨╛╨│╨╛ ╨╕╤Б╤В╨╛╤З╨╜╨╕╨║╨░ ╨┤╨░╨╜╨╜╤Л╤Е ╨┐╨░╤А╨░╨╝╨╡╤В╤А "Private" ╨╕╨╝╨╡╨╡╤В ╨╖╨╜╨░╤З╨╡╨╜╨╕╨╡ "false", ╨╕ ╨╜╨╡╤В ╨╕╤Б╤В╨╛╤З╨╜╨╕╨║╨╛╨▓ ╨┤╨░╨╜╨╜╤Л╤Е, ╨┤╨╗╤П ╨║╨╛╤В╨╛╤А╤Л╤Е ╨┐╨░╤А╨░╨╝╨╡╤В╤А "Private" ╨╕╨╝╨╡╨╡╤В ╨╖╨╜╨░╤З╨╡╨╜╨╕╨╡ "true".
         ╨Я╨╡╤А╨▓╨╕╤З╨╜╨░╤П ╤Б╤Б╤Л╨╗╨║╨░ "Microsoft.AspNetCore.Mvc.ViewFeatures, Version=9.0.0.0, Culture=neutral, PublicKeyToken=adb9793829ddae60".
             ╨а╨░╨╖╤А╨╡╤И╨╡╨╜╨╜╤Л╨╣ ╨┐╤Г╤В╤М ╨║ ╤Д╨░╨╣╨╗╤Г - "C:\Program Files\dotnet\packs\Microsoft.AspNetCore.App.Ref\9.0.2\ref\net9.0\Microsoft.AspNetCore.Mvc.ViewFeatures.dll".
             ╨Ю╨▒╨╜╨░╤А╤Г╨╢╨╡╨╜╨░ ╤Б╤Б╤Л╨╗╨║╨░ ╨▓ ╤А╨░╤Б╨┐╨╛╨╗╨╛╨╢╨╡╨╜╨╕╨╕ ╨┐╤Г╤В╨╕ ╨┐╨╛╨╕╤Б╨║╨░ "{RawFileName}".
             ╨Ф╨░╨╜╨╜╨░╤П ╤Б╤Б╤Л╨╗╨║╨░ ╨╜╨╡ ╤П╨▓╨╗╤П╨╡╤В╤Б╤П "CopyLocal" ╤В╨░╨║ ╨║╨░╨║ ╤Е╨╛╤В╤П ╨▒╤Л ╨┤╨╗╤П ╨╛╨┤╨╜╨╛╨│╨╛ ╨╕╤Б╤В╨╛╤З╨╜╨╕╨║╨░ ╨┤╨░╨╜╨╜╤Л╤Е ╨┐╨░╤А╨░╨╝╨╡╤В╤А "Private" ╨╕╨╝╨╡╨╡╤В ╨╖╨╜╨░╤З╨╡╨╜╨╕╨╡ "false", ╨╕ ╨╜╨╡╤В ╨╕╤Б╤В╨╛╤З╨╜╨╕╨║╨╛╨▓ ╨┤╨░╨╜╨╜╤Л╤Е, ╨┤╨╗╤П ╨║╨╛╤В╨╛╤А╤Л╤Е ╨┐╨░╤А╨░╨╝╨╡╤В╤А "Private" ╨╕╨╝╨╡╨╡╤В ╨╖╨╜╨░╤З╨╡╨╜╨╕╨╡ "true".
         ╨Я╨╡╤А╨▓╨╕╤З╨╜╨░╤П ╤Б╤Б╤Л╨╗╨║╨░ "Microsoft.AspNetCore.Mvc, Version=9.0.0.0, Culture=neutral, PublicKeyToken=adb9793829ddae60".
             ╨а╨░╨╖╤А╨╡╤И╨╡╨╜╨╜╤Л╨╣ ╨┐╤Г╤В╤М ╨║ ╤Д╨░╨╣╨╗╤Г - "C:\Program Files\dotnet\packs\Microsoft.AspNetCore.App.Ref\9.0.2\ref\net9.0\Microsoft.AspNetCore.Mvc.dll".
             ╨Ю╨▒╨╜╨░╤А╤Г╨╢╨╡╨╜╨░ ╤Б╤Б╤Л╨╗╨║╨░ ╨▓ ╤А╨░╤Б╨┐╨╛╨╗╨╛╨╢╨╡╨╜╨╕╨╕ ╨┐╤Г╤В╨╕ ╨┐╨╛╨╕╤Б╨║╨░ "{RawFileName}".
             ╨Ф╨░╨╜╨╜╨░╤П ╤Б╤Б╤Л╨╗╨║╨░ ╨╜╨╡ ╤П╨▓╨╗╤П╨╡╤В╤Б╤П "CopyLocal" ╤В╨░╨║ ╨║╨░╨║ ╤Е╨╛╤В╤П ╨▒╤Л ╨┤╨╗╤П ╨╛╨┤╨╜╨╛╨│╨╛ ╨╕╤Б╤В╨╛╤З╨╜╨╕╨║╨░ ╨┤╨░╨╜╨╜╤Л╤Е ╨┐╨░╤А╨░╨╝╨╡╤В╤А "Private" ╨╕╨╝╨╡╨╡╤В ╨╖╨╜╨░╤З╨╡╨╜╨╕╨╡ "false", ╨╕ ╨╜╨╡╤В ╨╕╤Б╤В╨╛╤З╨╜╨╕╨║╨╛╨▓ ╨┤╨░╨╜╨╜╤Л╤Е, ╨┤╨╗╤П ╨║╨╛╤В╨╛╤А╤Л╤Е ╨┐╨░╤А╨░╨╝╨╡╤В╤А "Private" ╨╕╨╝╨╡╨╡╤В ╨╖╨╜╨░╤З╨╡╨╜╨╕╨╡ "true".
         ╨Я╨╡╤А╨▓╨╕╤З╨╜╨░╤П ╤Б╤Б╤Л╨╗╨║╨░ "Microsoft.AspNetCore.OutputCaching, Version=9.0.0.0, Culture=neutral, PublicKeyToken=adb9793829ddae60".
             ╨а╨░╨╖╤А╨╡╤И╨╡╨╜╨╜╤Л╨╣ ╨┐╤Г╤В╤М ╨║ ╤Д╨░╨╣╨╗╤Г - "C:\Program Files\dotnet\packs\Microsoft.AspNetCore.App.Ref\9.0.2\ref\net9.0\Microsoft.AspNetCore.OutputCaching.dll".
             ╨Ю╨▒╨╜╨░╤А╤Г╨╢╨╡╨╜╨░ ╤Б╤Б╤Л╨╗╨║╨░ ╨▓ ╤А╨░╤Б╨┐╨╛╨╗╨╛╨╢╨╡╨╜╨╕╨╕ ╨┐╤Г╤В╨╕ ╨┐╨╛╨╕╤Б╨║╨░ "{RawFileName}".
             ╨Ф╨░╨╜╨╜╨░╤П ╤Б╤Б╤Л╨╗╨║╨░ ╨╜╨╡ ╤П╨▓╨╗╤П╨╡╤В╤Б╤П "CopyLocal" ╤В╨░╨║ ╨║╨░╨║ ╤Е╨╛╤В╤П ╨▒╤Л ╨┤╨╗╤П ╨╛╨┤╨╜╨╛╨│╨╛ ╨╕╤Б╤В╨╛╤З╨╜╨╕╨║╨░ ╨┤╨░╨╜╨╜╤Л╤Е ╨┐╨░╤А╨░╨╝╨╡╤В╤А "Private" ╨╕╨╝╨╡╨╡╤В ╨╖╨╜╨░╤З╨╡╨╜╨╕╨╡ "false", ╨╕ ╨╜╨╡╤В ╨╕╤Б╤В╨╛╤З╨╜╨╕╨║╨╛╨▓ ╨┤╨░╨╜╨╜╤Л╤Е, ╨┤╨╗╤П ╨║╨╛╤В╨╛╤А╤Л╤Е ╨┐╨░╤А╨░╨╝╨╡╤В╤А "Private" ╨╕╨╝╨╡╨╡╤В ╨╖╨╜╨░╤З╨╡╨╜╨╕╨╡ "true".
         ╨Я╨╡╤А╨▓╨╕╤З╨╜╨░╤П ╤Б╤Б╤Л╨╗╨║╨░ "Microsoft.AspNetCore.RateLimiting, Version=9.0.0.0, Culture=neutral, PublicKeyToken=adb9793829ddae60".
             ╨а╨░╨╖╤А╨╡╤И╨╡╨╜╨╜╤Л╨╣ ╨┐╤Г╤В╤М ╨║ ╤Д╨░╨╣╨╗╤Г - "C:\Program Files\dotnet\packs\Microsoft.AspNetCore.App.Ref\9.0.2\ref\net9.0\Microsoft.AspNetCore.RateLimiting.dll".
             ╨Ю╨▒╨╜╨░╤А╤Г╨╢╨╡╨╜╨░ ╤Б╤Б╤Л╨╗╨║╨░ ╨▓ ╤А╨░╤Б╨┐╨╛╨╗╨╛╨╢╨╡╨╜╨╕╨╕ ╨┐╤Г╤В╨╕ ╨┐╨╛╨╕╤Б╨║╨░ "{RawFileName}".
             ╨Ф╨░╨╜╨╜╨░╤П ╤Б╤Б╤Л╨╗╨║╨░ ╨╜╨╡ ╤П╨▓╨╗╤П╨╡╤В╤Б╤П "CopyLocal" ╤В╨░╨║ ╨║╨░╨║ ╤Е╨╛╤В╤П ╨▒╤Л ╨┤╨╗╤П ╨╛╨┤╨╜╨╛╨│╨╛ ╨╕╤Б╤В╨╛╤З╨╜╨╕╨║╨░ ╨┤╨░╨╜╨╜╤Л╤Е ╨┐╨░╤А╨░╨╝╨╡╤В╤А "Private" ╨╕╨╝╨╡╨╡╤В ╨╖╨╜╨░╤З╨╡╨╜╨╕╨╡ "false", ╨╕ ╨╜╨╡╤В ╨╕╤Б╤В╨╛╤З╨╜╨╕╨║╨╛╨▓ ╨┤╨░╨╜╨╜╤Л╤Е, ╨┤╨╗╤П ╨║╨╛╤В╨╛╤А╤Л╤Е ╨┐╨░╤А╨░╨╝╨╡╤В╤А "Private" ╨╕╨╝╨╡╨╡╤В ╨╖╨╜╨░╤З╨╡╨╜╨╕╨╡ "true".
         ╨Я╨╡╤А╨▓╨╕╤З╨╜╨░╤П ╤Б╤Б╤Л╨╗╨║╨░ "Microsoft.AspNetCore.Razor.Runtime, Version=9.0.0.0, Culture=neutral, PublicKeyToken=adb9793829ddae60".
             ╨а╨░╨╖╤А╨╡╤И╨╡╨╜╨╜╤Л╨╣ ╨┐╤Г╤В╤М ╨║ ╤Д╨░╨╣╨╗╤Г - "C:\Program Files\dotnet\packs\Microsoft.AspNetCore.App.Ref\9.0.2\ref\net9.0\Microsoft.AspNetCore.Razor.Runtime.dll".
             ╨Ю╨▒╨╜╨░╤А╤Г╨╢╨╡╨╜╨░ ╤Б╤Б╤Л╨╗╨║╨░ ╨▓ ╤А╨░╤Б╨┐╨╛╨╗╨╛╨╢╨╡╨╜╨╕╨╕ ╨┐╤Г╤В╨╕ ╨┐╨╛╨╕╤Б╨║╨░ "{RawFileName}".
             ╨Ф╨░╨╜╨╜╨░╤П ╤Б╤Б╤Л╨╗╨║╨░ ╨╜╨╡ ╤П╨▓╨╗╤П╨╡╤В╤Б╤П "CopyLocal" ╤В╨░╨║ ╨║╨░╨║ ╤Е╨╛╤В╤П ╨▒╤Л ╨┤╨╗╤П ╨╛╨┤╨╜╨╛╨│╨╛ ╨╕╤Б╤В╨╛╤З╨╜╨╕╨║╨░ ╨┤╨░╨╜╨╜╤Л╤Е ╨┐╨░╤А╨░╨╝╨╡╤В╤А "Private" ╨╕╨╝╨╡╨╡╤В ╨╖╨╜╨░╤З╨╡╨╜╨╕╨╡ "false", ╨╕ ╨╜╨╡╤В ╨╕╤Б╤В╨╛╤З╨╜╨╕╨║╨╛╨▓ ╨┤╨░╨╜╨╜╤Л╤Е, ╨┤╨╗╤П ╨║╨╛╤В╨╛╤А╤Л╤Е ╨┐╨░╤А╨░╨╝╨╡╤В╤А "Private" ╨╕╨╝╨╡╨╡╤В ╨╖╨╜╨░╤З╨╡╨╜╨╕╨╡ "true".
         ╨Я╨╡╤А╨▓╨╕╤З╨╜╨░╤П ╤Б╤Б╤Л╨╗╨║╨░ "Microsoft.AspNetCore.Razor, Version=9.0.0.0, Culture=neutral, PublicKeyToken=adb9793829ddae60".
             ╨а╨░╨╖╤А╨╡╤И╨╡╨╜╨╜╤Л╨╣ ╨┐╤Г╤В╤М ╨║ ╤Д╨░╨╣╨╗╤Г - "C:\Program Files\dotnet\packs\Microsoft.AspNetCore.App.Ref\9.0.2\ref\net9.0\Microsoft.AspNetCore.Razor.dll".
             ╨Ю╨▒╨╜╨░╤А╤Г╨╢╨╡╨╜╨░ ╤Б╤Б╤Л╨╗╨║╨░ ╨▓ ╤А╨░╤Б╨┐╨╛╨╗╨╛╨╢╨╡╨╜╨╕╨╕ ╨┐╤Г╤В╨╕ ╨┐╨╛╨╕╤Б╨║╨░ "{RawFileName}".
             ╨Ф╨░╨╜╨╜╨░╤П ╤Б╤Б╤Л╨╗╨║╨░ ╨╜╨╡ ╤П╨▓╨╗╤П╨╡╤В╤Б╤П "CopyLocal" ╤В╨░╨║ ╨║╨░╨║ ╤Е╨╛╤В╤П ╨▒╤Л ╨┤╨╗╤П ╨╛╨┤╨╜╨╛╨│╨╛ ╨╕╤Б╤В╨╛╤З╨╜╨╕╨║╨░ ╨┤╨░╨╜╨╜╤Л╤Е ╨┐╨░╤А╨░╨╝╨╡╤В╤А "Private" ╨╕╨╝╨╡╨╡╤В ╨╖╨╜╨░╤З╨╡╨╜╨╕╨╡ "false", ╨╕ ╨╜╨╡╤В ╨╕╤Б╤В╨╛╤З╨╜╨╕╨║╨╛╨▓ ╨┤╨░╨╜╨╜╤Л╤Е, ╨┤╨╗╤П ╨║╨╛╤В╨╛╤А╤Л╤Е ╨┐╨░╤А╨░╨╝╨╡╤В╤А "Private" ╨╕╨╝╨╡╨╡╤В ╨╖╨╜╨░╤З╨╡╨╜╨╕╨╡ "true".
         ╨Я╨╡╤А╨▓╨╕╤З╨╜╨░╤П ╤Б╤Б╤Л╨╗╨║╨░ "Microsoft.AspNetCore.RequestDecompression, Version=9.0.0.0, Culture=neutral, PublicKeyToken=adb9793829ddae60".
             ╨а╨░╨╖╤А╨╡╤И╨╡╨╜╨╜╤Л╨╣ ╨┐╤Г╤В╤М ╨║ ╤Д╨░╨╣╨╗╤Г - "C:\Program Files\dotnet\packs\Microsoft.AspNetCore.App.Ref\9.0.2\ref\net9.0\Microsoft.AspNetCore.RequestDecompression.dll".
             ╨Ю╨▒╨╜╨░╤А╤Г╨╢╨╡╨╜╨░ ╤Б╤Б╤Л╨╗╨║╨░ ╨▓ ╤А╨░╤Б╨┐╨╛╨╗╨╛╨╢╨╡╨╜╨╕╨╕ ╨┐╤Г╤В╨╕ ╨┐╨╛╨╕╤Б╨║╨░ "{RawFileName}".
             ╨Ф╨░╨╜╨╜╨░╤П ╤Б╤Б╤Л╨╗╨║╨░ ╨╜╨╡ ╤П╨▓╨╗╤П╨╡╤В╤Б╤П "CopyLocal" ╤В╨░╨║ ╨║╨░╨║ ╤Е╨╛╤В╤П ╨▒╤Л ╨┤╨╗╤П ╨╛╨┤╨╜╨╛╨│╨╛ ╨╕╤Б╤В╨╛╤З╨╜╨╕╨║╨░ ╨┤╨░╨╜╨╜╤Л╤Е ╨┐╨░╤А╨░╨╝╨╡╤В╤А "Private" ╨╕╨╝╨╡╨╡╤В ╨╖╨╜╨░╤З╨╡╨╜╨╕╨╡ "false", ╨╕ ╨╜╨╡╤В ╨╕╤Б╤В╨╛╤З╨╜╨╕╨║╨╛╨▓ ╨┤╨░╨╜╨╜╤Л╤Е, ╨┤╨╗╤П ╨║╨╛╤В╨╛╤А╤Л╤Е ╨┐╨░╤А╨░╨╝╨╡╤В╤А "Private" ╨╕╨╝╨╡╨╡╤В ╨╖╨╜╨░╤З╨╡╨╜╨╕╨╡ "true".
         ╨Я╨╡╤А╨▓╨╕╤З╨╜╨░╤П ╤Б╤Б╤Л╨╗╨║╨░ "Microsoft.AspNetCore.ResponseCaching.Abstractions, Version=9.0.0.0, Culture=neutral, PublicKeyToken=adb9793829ddae60".
             ╨а╨░╨╖╤А╨╡╤И╨╡╨╜╨╜╤Л╨╣ ╨┐╤Г╤В╤М ╨║ ╤Д╨░╨╣╨╗╤Г - "C:\Program Files\dotnet\packs\Microsoft.AspNetCore.App.Ref\9.0.2\ref\net9.0\Microsoft.AspNetCore.ResponseCaching.Abstractions.dll".
             ╨Ю╨▒╨╜╨░╤А╤Г╨╢╨╡╨╜╨░ ╤Б╤Б╤Л╨╗╨║╨░ ╨▓ ╤А╨░╤Б╨┐╨╛╨╗╨╛╨╢╨╡╨╜╨╕╨╕ ╨┐╤Г╤В╨╕ ╨┐╨╛╨╕╤Б╨║╨░ "{RawFileName}".
             ╨Ф╨░╨╜╨╜╨░╤П ╤Б╤Б╤Л╨╗╨║╨░ ╨╜╨╡ ╤П╨▓╨╗╤П╨╡╤В╤Б╤П "CopyLocal" ╤В╨░╨║ ╨║╨░╨║ ╤Е╨╛╤В╤П ╨▒╤Л ╨┤╨╗╤П ╨╛╨┤╨╜╨╛╨│╨╛ ╨╕╤Б╤В╨╛╤З╨╜╨╕╨║╨░ ╨┤╨░╨╜╨╜╤Л╤Е ╨┐╨░╤А╨░╨╝╨╡╤В╤А "Private" ╨╕╨╝╨╡╨╡╤В ╨╖╨╜╨░╤З╨╡╨╜╨╕╨╡ "false", ╨╕ ╨╜╨╡╤В ╨╕╤Б╤В╨╛╤З╨╜╨╕╨║╨╛╨▓ ╨┤╨░╨╜╨╜╤Л╤Е, ╨┤╨╗╤П ╨║╨╛╤В╨╛╤А╤Л╤Е ╨┐╨░╤А╨░╨╝╨╡╤В╤А "Private" ╨╕╨╝╨╡╨╡╤В ╨╖╨╜╨░╤З╨╡╨╜╨╕╨╡ "true".
         ╨Я╨╡╤А╨▓╨╕╤З╨╜╨░╤П ╤Б╤Б╤Л╨╗╨║╨░ "Microsoft.AspNetCore.ResponseCaching, Version=9.0.0.0, Culture=neutral, PublicKeyToken=adb9793829ddae60".
             ╨а╨░╨╖╤А╨╡╤И╨╡╨╜╨╜╤Л╨╣ ╨┐╤Г╤В╤М ╨║ ╤Д╨░╨╣╨╗╤Г - "C:\Program Files\dotnet\packs\Microsoft.AspNetCore.App.Ref\9.0.2\ref\net9.0\Microsoft.AspNetCore.ResponseCaching.dll".
             ╨Ю╨▒╨╜╨░╤А╤Г╨╢╨╡╨╜╨░ ╤Б╤Б╤Л╨╗╨║╨░ ╨▓ ╤А╨░╤Б╨┐╨╛╨╗╨╛╨╢╨╡╨╜╨╕╨╕ ╨┐╤Г╤В╨╕ ╨┐╨╛╨╕╤Б╨║╨░ "{RawFileName}".
             ╨Ф╨░╨╜╨╜╨░╤П ╤Б╤Б╤Л╨╗╨║╨░ ╨╜╨╡ ╤П╨▓╨╗╤П╨╡╤В╤Б╤П "CopyLocal" ╤В╨░╨║ ╨║╨░╨║ ╤Е╨╛╤В╤П ╨▒╤Л ╨┤╨╗╤П ╨╛╨┤╨╜╨╛╨│╨╛ ╨╕╤Б╤В╨╛╤З╨╜╨╕╨║╨░ ╨┤╨░╨╜╨╜╤Л╤Е ╨┐╨░╤А╨░╨╝╨╡╤В╤А "Private" ╨╕╨╝╨╡╨╡╤В ╨╖╨╜╨░╤З╨╡╨╜╨╕╨╡ "false", ╨╕ ╨╜╨╡╤В ╨╕╤Б╤В╨╛╤З╨╜╨╕╨║╨╛╨▓ ╨┤╨░╨╜╨╜╤Л╤Е, ╨┤╨╗╤П ╨║╨╛╤В╨╛╤А╤Л╤Е ╨┐╨░╤А╨░╨╝╨╡╤В╤А "Private" ╨╕╨╝╨╡╨╡╤В ╨╖╨╜╨░╤З╨╡╨╜╨╕╨╡ "true".
         ╨Я╨╡╤А╨▓╨╕╤З╨╜╨░╤П ╤Б╤Б╤Л╨╗╨║╨░ "Microsoft.AspNetCore.ResponseCompression, Version=9.0.0.0, Culture=neutral, PublicKeyToken=adb9793829ddae60".
             ╨а╨░╨╖╤А╨╡╤И╨╡╨╜╨╜╤Л╨╣ ╨┐╤Г╤В╤М ╨║ ╤Д╨░╨╣╨╗╤Г - "C:\Program Files\dotnet\packs\Microsoft.AspNetCore.App.Ref\9.0.2\ref\net9.0\Microsoft.AspNetCore.ResponseCompression.dll".
             ╨Ю╨▒╨╜╨░╤А╤Г╨╢╨╡╨╜╨░ ╤Б╤Б╤Л╨╗╨║╨░ ╨▓ ╤А╨░╤Б╨┐╨╛╨╗╨╛╨╢╨╡╨╜╨╕╨╕ ╨┐╤Г╤В╨╕ ╨┐╨╛╨╕╤Б╨║╨░ "{RawFileName}".
             ╨Ф╨░╨╜╨╜╨░╤П ╤Б╤Б╤Л╨╗╨║╨░ ╨╜╨╡ ╤П╨▓╨╗╤П╨╡╤В╤Б╤П "CopyLocal" ╤В╨░╨║ ╨║╨░╨║ ╤Е╨╛╤В╤П ╨▒╤Л ╨┤╨╗╤П ╨╛╨┤╨╜╨╛╨│╨╛ ╨╕╤Б╤В╨╛╤З╨╜╨╕╨║╨░ ╨┤╨░╨╜╨╜╤Л╤Е ╨┐╨░╤А╨░╨╝╨╡╤В╤А "Private" ╨╕╨╝╨╡╨╡╤В ╨╖╨╜╨░╤З╨╡╨╜╨╕╨╡ "false", ╨╕ ╨╜╨╡╤В ╨╕╤Б╤В╨╛╤З╨╜╨╕╨║╨╛╨▓ ╨┤╨░╨╜╨╜╤Л╤Е, ╨┤╨╗╤П ╨║╨╛╤В╨╛╤А╤Л╤Е ╨┐╨░╤А╨░╨╝╨╡╤В╤А "Private" ╨╕╨╝╨╡╨╡╤В ╨╖╨╜╨░╤З╨╡╨╜╨╕╨╡ "true".
         ╨Я╨╡╤А╨▓╨╕╤З╨╜╨░╤П ╤Б╤Б╤Л╨╗╨║╨░ "Microsoft.AspNetCore.Rewrite, Version=9.0.0.0, Culture=neutral, PublicKeyToken=adb9793829ddae60".
             ╨а╨░╨╖╤А╨╡╤И╨╡╨╜╨╜╤Л╨╣ ╨┐╤Г╤В╤М ╨║ ╤Д╨░╨╣╨╗╤Г - "C:\Program Files\dotnet\packs\Microsoft.AspNetCore.App.Ref\9.0.2\ref\net9.0\Microsoft.AspNetCore.Rewrite.dll".
             ╨Ю╨▒╨╜╨░╤А╤Г╨╢╨╡╨╜╨░ ╤Б╤Б╤Л╨╗╨║╨░ ╨▓ ╤А╨░╤Б╨┐╨╛╨╗╨╛╨╢╨╡╨╜╨╕╨╕ ╨┐╤Г╤В╨╕ ╨┐╨╛╨╕╤Б╨║╨░ "{RawFileName}".
             ╨Ф╨░╨╜╨╜╨░╤П ╤Б╤Б╤Л╨╗╨║╨░ ╨╜╨╡ ╤П╨▓╨╗╤П╨╡╤В╤Б╤П "CopyLocal" ╤В╨░╨║ ╨║╨░╨║ ╤Е╨╛╤В╤П ╨▒╤Л ╨┤╨╗╤П ╨╛╨┤╨╜╨╛╨│╨╛ ╨╕╤Б╤В╨╛╤З╨╜╨╕╨║╨░ ╨┤╨░╨╜╨╜╤Л╤Е ╨┐╨░╤А╨░╨╝╨╡╤В╤А "Private" ╨╕╨╝╨╡╨╡╤В ╨╖╨╜╨░╤З╨╡╨╜╨╕╨╡ "false", ╨╕ ╨╜╨╡╤В ╨╕╤Б╤В╨╛╤З╨╜╨╕╨║╨╛╨▓ ╨┤╨░╨╜╨╜╤Л╤Е, ╨┤╨╗╤П ╨║╨╛╤В╨╛╤А╤Л╤Е ╨┐╨░╤А╨░╨╝╨╡╤В╤А "Private" ╨╕╨╝╨╡╨╡╤В ╨╖╨╜╨░╤З╨╡╨╜╨╕╨╡ "true".
         ╨Я╨╡╤А╨▓╨╕╤З╨╜╨░╤П ╤Б╤Б╤Л╨╗╨║╨░ "Microsoft.AspNetCore.Routing.Abstractions, Version=9.0.0.0, Culture=neutral, PublicKeyToken=adb9793829ddae60".
             ╨а╨░╨╖╤А╨╡╤И╨╡╨╜╨╜╤Л╨╣ ╨┐╤Г╤В╤М ╨║ ╤Д╨░╨╣╨╗╤Г - "C:\Program Files\dotnet\packs\Microsoft.AspNetCore.App.Ref\9.0.2\ref\net9.0\Microsoft.AspNetCore.Routing.Abstractions.dll".
             ╨Ю╨▒╨╜╨░╤А╤Г╨╢╨╡╨╜╨░ ╤Б╤Б╤Л╨╗╨║╨░ ╨▓ ╤А╨░╤Б╨┐╨╛╨╗╨╛╨╢╨╡╨╜╨╕╨╕ ╨┐╤Г╤В╨╕ ╨┐╨╛╨╕╤Б╨║╨░ "{RawFileName}".
             ╨Ф╨░╨╜╨╜╨░╤П ╤Б╤Б╤Л╨╗╨║╨░ ╨╜╨╡ ╤П╨▓╨╗╤П╨╡╤В╤Б╤П "CopyLocal" ╤В╨░╨║ ╨║╨░╨║ ╤Е╨╛╤В╤П ╨▒╤Л ╨┤╨╗╤П ╨╛╨┤╨╜╨╛╨│╨╛ ╨╕╤Б╤В╨╛╤З╨╜╨╕╨║╨░ ╨┤╨░╨╜╨╜╤Л╤Е ╨┐╨░╤А╨░╨╝╨╡╤В╤А "Private" ╨╕╨╝╨╡╨╡╤В ╨╖╨╜╨░╤З╨╡╨╜╨╕╨╡ "false", ╨╕ ╨╜╨╡╤В ╨╕╤Б╤В╨╛╤З╨╜╨╕╨║╨╛╨▓ ╨┤╨░╨╜╨╜╤Л╤Е, ╨┤╨╗╤П ╨║╨╛╤В╨╛╤А╤Л╤Е ╨┐╨░╤А╨░╨╝╨╡╤В╤А "Private" ╨╕╨╝╨╡╨╡╤В ╨╖╨╜╨░╤З╨╡╨╜╨╕╨╡ "true".
         ╨Я╨╡╤А╨▓╨╕╤З╨╜╨░╤П ╤Б╤Б╤Л╨╗╨║╨░ "Microsoft.AspNetCore.Routing, Version=9.0.0.0, Culture=neutral, PublicKeyToken=adb9793829ddae60".
             ╨а╨░╨╖╤А╨╡╤И╨╡╨╜╨╜╤Л╨╣ ╨┐╤Г╤В╤М ╨║ ╤Д╨░╨╣╨╗╤Г - "C:\Program Files\dotnet\packs\Microsoft.AspNetCore.App.Ref\9.0.2\ref\net9.0\Microsoft.AspNetCore.Routing.dll".
             ╨Ю╨▒╨╜╨░╤А╤Г╨╢╨╡╨╜╨░ ╤Б╤Б╤Л╨╗╨║╨░ ╨▓ ╤А╨░╤Б╨┐╨╛╨╗╨╛╨╢╨╡╨╜╨╕╨╕ ╨┐╤Г╤В╨╕ ╨┐╨╛╨╕╤Б╨║╨░ "{RawFileName}".
             ╨Ф╨░╨╜╨╜╨░╤П ╤Б╤Б╤Л╨╗╨║╨░ ╨╜╨╡ ╤П╨▓╨╗╤П╨╡╤В╤Б╤П "CopyLocal" ╤В╨░╨║ ╨║╨░╨║ ╤Е╨╛╤В╤П ╨▒╤Л ╨┤╨╗╤П ╨╛╨┤╨╜╨╛╨│╨╛ ╨╕╤Б╤В╨╛╤З╨╜╨╕╨║╨░ ╨┤╨░╨╜╨╜╤Л╤Е ╨┐╨░╤А╨░╨╝╨╡╤В╤А "Private" ╨╕╨╝╨╡╨╡╤В ╨╖╨╜╨░╤З╨╡╨╜╨╕╨╡ "false", ╨╕ ╨╜╨╡╤В ╨╕╤Б╤В╨╛╤З╨╜╨╕╨║╨╛╨▓ ╨┤╨░╨╜╨╜╤Л╤Е, ╨┤╨╗╤П ╨║╨╛╤В╨╛╤А╤Л╤Е ╨┐╨░╤А╨░╨╝╨╡╤В╤А "Private" ╨╕╨╝╨╡╨╡╤В ╨╖╨╜╨░╤З╨╡╨╜╨╕╨╡ "true".
         ╨Я╨╡╤А╨▓╨╕╤З╨╜╨░╤П ╤Б╤Б╤Л╨╗╨║╨░ "Microsoft.AspNetCore.Server.HttpSys, Version=9.0.0.0, Culture=neutral, PublicKeyToken=adb9793829ddae60".
             ╨а╨░╨╖╤А╨╡╤И╨╡╨╜╨╜╤Л╨╣ ╨┐╤Г╤В╤М ╨║ ╤Д╨░╨╣╨╗╤Г - "C:\Program Files\dotnet\packs\Microsoft.AspNetCore.App.Ref\9.0.2\ref\net9.0\Microsoft.AspNetCore.Server.HttpSys.dll".
             ╨Ю╨▒╨╜╨░╤А╤Г╨╢╨╡╨╜╨░ ╤Б╤Б╤Л╨╗╨║╨░ ╨▓ ╤А╨░╤Б╨┐╨╛╨╗╨╛╨╢╨╡╨╜╨╕╨╕ ╨┐╤Г╤В╨╕ ╨┐╨╛╨╕╤Б╨║╨░ "{RawFileName}".
             ╨Ф╨░╨╜╨╜╨░╤П ╤Б╤Б╤Л╨╗╨║╨░ ╨╜╨╡ ╤П╨▓╨╗╤П╨╡╤В╤Б╤П "CopyLocal" ╤В╨░╨║ ╨║╨░╨║ ╤Е╨╛╤В╤П ╨▒╤Л ╨┤╨╗╤П ╨╛╨┤╨╜╨╛╨│╨╛ ╨╕╤Б╤В╨╛╤З╨╜╨╕╨║╨░ ╨┤╨░╨╜╨╜╤Л╤Е ╨┐╨░╤А╨░╨╝╨╡╤В╤А "Private" ╨╕╨╝╨╡╨╡╤В ╨╖╨╜╨░╤З╨╡╨╜╨╕╨╡ "false", ╨╕ ╨╜╨╡╤В ╨╕╤Б╤В╨╛╤З╨╜╨╕╨║╨╛╨▓ ╨┤╨░╨╜╨╜╤Л╤Е, ╨┤╨╗╤П ╨║╨╛╤В╨╛╤А╤Л╤Е ╨┐╨░╤А╨░╨╝╨╡╤В╤А "Private" ╨╕╨╝╨╡╨╡╤В ╨╖╨╜╨░╤З╨╡╨╜╨╕╨╡ "true".
         ╨Я╨╡╤А╨▓╨╕╤З╨╜╨░╤П ╤Б╤Б╤Л╨╗╨║╨░ "Microsoft.AspNetCore.Server.IIS, Version=9.0.0.0, Culture=neutral, PublicKeyToken=adb9793829ddae60".
             ╨а╨░╨╖╤А╨╡╤И╨╡╨╜╨╜╤Л╨╣ ╨┐╤Г╤В╤М ╨║ ╤Д╨░╨╣╨╗╤Г - "C:\Program Files\dotnet\packs\Microsoft.AspNetCore.App.Ref\9.0.2\ref\net9.0\Microsoft.AspNetCore.Server.IIS.dll".
             ╨Ю╨▒╨╜╨░╤А╤Г╨╢╨╡╨╜╨░ ╤Б╤Б╤Л╨╗╨║╨░ ╨▓ ╤А╨░╤Б╨┐╨╛╨╗╨╛╨╢╨╡╨╜╨╕╨╕ ╨┐╤Г╤В╨╕ ╨┐╨╛╨╕╤Б╨║╨░ "{RawFileName}".
             ╨Ф╨░╨╜╨╜╨░╤П ╤Б╤Б╤Л╨╗╨║╨░ ╨╜╨╡ ╤П╨▓╨╗╤П╨╡╤В╤Б╤П "CopyLocal" ╤В╨░╨║ ╨║╨░╨║ ╤Е╨╛╤В╤П ╨▒╤Л ╨┤╨╗╤П ╨╛╨┤╨╜╨╛╨│╨╛ ╨╕╤Б╤В╨╛╤З╨╜╨╕╨║╨░ ╨┤╨░╨╜╨╜╤Л╤Е ╨┐╨░╤А╨░╨╝╨╡╤В╤А "Private" ╨╕╨╝╨╡╨╡╤В ╨╖╨╜╨░╤З╨╡╨╜╨╕╨╡ "false", ╨╕ ╨╜╨╡╤В ╨╕╤Б╤В╨╛╤З╨╜╨╕╨║╨╛╨▓ ╨┤╨░╨╜╨╜╤Л╤Е, ╨┤╨╗╤П ╨║╨╛╤В╨╛╤А╤Л╤Е ╨┐╨░╤А╨░╨╝╨╡╤В╤А "Private" ╨╕╨╝╨╡╨╡╤В ╨╖╨╜╨░╤З╨╡╨╜╨╕╨╡ "true".
         ╨Я╨╡╤А╨▓╨╕╤З╨╜╨░╤П ╤Б╤Б╤Л╨╗╨║╨░ "Microsoft.AspNetCore.Server.IISIntegration, Version=9.0.0.0, Culture=neutral, PublicKeyToken=adb9793829ddae60".
             ╨а╨░╨╖╤А╨╡╤И╨╡╨╜╨╜╤Л╨╣ ╨┐╤Г╤В╤М ╨║ ╤Д╨░╨╣╨╗╤Г - "C:\Program Files\dotnet\packs\Microsoft.AspNetCore.App.Ref\9.0.2\ref\net9.0\Microsoft.AspNetCore.Server.IISIntegration.dll".
             ╨Ю╨▒╨╜╨░╤А╤Г╨╢╨╡╨╜╨░ ╤Б╤Б╤Л╨╗╨║╨░ ╨▓ ╤А╨░╤Б╨┐╨╛╨╗╨╛╨╢╨╡╨╜╨╕╨╕ ╨┐╤Г╤В╨╕ ╨┐╨╛╨╕╤Б╨║╨░ "{RawFileName}".
             ╨Ф╨░╨╜╨╜╨░╤П ╤Б╤Б╤Л╨╗╨║╨░ ╨╜╨╡ ╤П╨▓╨╗╤П╨╡╤В╤Б╤П "CopyLocal" ╤В╨░╨║ ╨║╨░╨║ ╤Е╨╛╤В╤П ╨▒╤Л ╨┤╨╗╤П ╨╛╨┤╨╜╨╛╨│╨╛ ╨╕╤Б╤В╨╛╤З╨╜╨╕╨║╨░ ╨┤╨░╨╜╨╜╤Л╤Е ╨┐╨░╤А╨░╨╝╨╡╤В╤А "Private" ╨╕╨╝╨╡╨╡╤В ╨╖╨╜╨░╤З╨╡╨╜╨╕╨╡ "false", ╨╕ ╨╜╨╡╤В ╨╕╤Б╤В╨╛╤З╨╜╨╕╨║╨╛╨▓ ╨┤╨░╨╜╨╜╤Л╤Е, ╨┤╨╗╤П ╨║╨╛╤В╨╛╤А╤Л╤Е ╨┐╨░╤А╨░╨╝╨╡╤В╤А "Private" ╨╕╨╝╨╡╨╡╤В ╨╖╨╜╨░╤З╨╡╨╜╨╕╨╡ "true".
         ╨Я╨╡╤А╨▓╨╕╤З╨╜╨░╤П ╤Б╤Б╤Л╨╗╨║╨░ "Microsoft.AspNetCore.Server.Kestrel.Core, Version=9.0.0.0, Culture=neutral, PublicKeyToken=adb9793829ddae60".
             ╨а╨░╨╖╤А╨╡╤И╨╡╨╜╨╜╤Л╨╣ ╨┐╤Г╤В╤М ╨║ ╤Д╨░╨╣╨╗╤Г - "C:\Program Files\dotnet\packs\Microsoft.AspNetCore.App.Ref\9.0.2\ref\net9.0\Microsoft.AspNetCore.Server.Kestrel.Core.dll".
             ╨Ю╨▒╨╜╨░╤А╤Г╨╢╨╡╨╜╨░ ╤Б╤Б╤Л╨╗╨║╨░ ╨▓ ╤А╨░╤Б╨┐╨╛╨╗╨╛╨╢╨╡╨╜╨╕╨╕ ╨┐╤Г╤В╨╕ ╨┐╨╛╨╕╤Б╨║╨░ "{RawFileName}".
             ╨Ф╨░╨╜╨╜╨░╤П ╤Б╤Б╤Л╨╗╨║╨░ ╨╜╨╡ ╤П╨▓╨╗╤П╨╡╤В╤Б╤П "CopyLocal" ╤В╨░╨║ ╨║╨░╨║ ╤Е╨╛╤В╤П ╨▒╤Л ╨┤╨╗╤П ╨╛╨┤╨╜╨╛╨│╨╛ ╨╕╤Б╤В╨╛╤З╨╜╨╕╨║╨░ ╨┤╨░╨╜╨╜╤Л╤Е ╨┐╨░╤А╨░╨╝╨╡╤В╤А "Private" ╨╕╨╝╨╡╨╡╤В ╨╖╨╜╨░╤З╨╡╨╜╨╕╨╡ "false", ╨╕ ╨╜╨╡╤В ╨╕╤Б╤В╨╛╤З╨╜╨╕╨║╨╛╨▓ ╨┤╨░╨╜╨╜╤Л╤Е, ╨┤╨╗╤П ╨║╨╛╤В╨╛╤А╤Л╤Е ╨┐╨░╤А╨░╨╝╨╡╤В╤А "Private" ╨╕╨╝╨╡╨╡╤В ╨╖╨╜╨░╤З╨╡╨╜╨╕╨╡ "true".
         ╨Я╨╡╤А╨▓╨╕╤З╨╜╨░╤П ╤Б╤Б╤Л╨╗╨║╨░ "Microsoft.AspNetCore.Server.Kestrel.Transport.NamedPipes, Version=9.0.0.0, Culture=neutral, PublicKeyToken=adb9793829ddae60".
             ╨а╨░╨╖╤А╨╡╤И╨╡╨╜╨╜╤Л╨╣ ╨┐╤Г╤В╤М ╨║ ╤Д╨░╨╣╨╗╤Г - "C:\Program Files\dotnet\packs\Microsoft.AspNetCore.App.Ref\9.0.2\ref\net9.0\Microsoft.AspNetCore.Server.Kestrel.Transport.NamedPipes.dll".
             ╨Ю╨▒╨╜╨░╤А╤Г╨╢╨╡╨╜╨░ ╤Б╤Б╤Л╨╗╨║╨░ ╨▓ ╤А╨░╤Б╨┐╨╛╨╗╨╛╨╢╨╡╨╜╨╕╨╕ ╨┐╤Г╤В╨╕ ╨┐╨╛╨╕╤Б╨║╨░ "{RawFileName}".
             ╨Ф╨░╨╜╨╜╨░╤П ╤Б╤Б╤Л╨╗╨║╨░ ╨╜╨╡ ╤П╨▓╨╗╤П╨╡╤В╤Б╤П "CopyLocal" ╤В╨░╨║ ╨║╨░╨║ ╤Е╨╛╤В╤П ╨▒╤Л ╨┤╨╗╤П ╨╛╨┤╨╜╨╛╨│╨╛ ╨╕╤Б╤В╨╛╤З╨╜╨╕╨║╨░ ╨┤╨░╨╜╨╜╤Л╤Е ╨┐╨░╤А╨░╨╝╨╡╤В╤А "Private" ╨╕╨╝╨╡╨╡╤В ╨╖╨╜╨░╤З╨╡╨╜╨╕╨╡ "false", ╨╕ ╨╜╨╡╤В ╨╕╤Б╤В╨╛╤З╨╜╨╕╨║╨╛╨▓ ╨┤╨░╨╜╨╜╤Л╤Е, ╨┤╨╗╤П ╨║╨╛╤В╨╛╤А╤Л╤Е ╨┐╨░╤А╨░╨╝╨╡╤В╤А "Private" ╨╕╨╝╨╡╨╡╤В ╨╖╨╜╨░╤З╨╡╨╜╨╕╨╡ "true".
         ╨Я╨╡╤А╨▓╨╕╤З╨╜╨░╤П ╤Б╤Б╤Л╨╗╨║╨░ "Microsoft.AspNetCore.Server.Kestrel.Transport.Quic, Version=9.0.0.0, Culture=neutral, PublicKeyToken=adb9793829ddae60".
             ╨а╨░╨╖╤А╨╡╤И╨╡╨╜╨╜╤Л╨╣ ╨┐╤Г╤В╤М ╨║ ╤Д╨░╨╣╨╗╤Г - "C:\Program Files\dotnet\packs\Microsoft.AspNetCore.App.Ref\9.0.2\ref\net9.0\Microsoft.AspNetCore.Server.Kestrel.Transport.Quic.dll".
             ╨Ю╨▒╨╜╨░╤А╤Г╨╢╨╡╨╜╨░ ╤Б╤Б╤Л╨╗╨║╨░ ╨▓ ╤А╨░╤Б╨┐╨╛╨╗╨╛╨╢╨╡╨╜╨╕╨╕ ╨┐╤Г╤В╨╕ ╨┐╨╛╨╕╤Б╨║╨░ "{RawFileName}".
             ╨Ф╨░╨╜╨╜╨░╤П ╤Б╤Б╤Л╨╗╨║╨░ ╨╜╨╡ ╤П╨▓╨╗╤П╨╡╤В╤Б╤П "CopyLocal" ╤В╨░╨║ ╨║╨░╨║ ╤Е╨╛╤В╤П ╨▒╤Л ╨┤╨╗╤П ╨╛╨┤╨╜╨╛╨│╨╛ ╨╕╤Б╤В╨╛╤З╨╜╨╕╨║╨░ ╨┤╨░╨╜╨╜╤Л╤Е ╨┐╨░╤А╨░╨╝╨╡╤В╤А "Private" ╨╕╨╝╨╡╨╡╤В ╨╖╨╜╨░╤З╨╡╨╜╨╕╨╡ "false", ╨╕ ╨╜╨╡╤В ╨╕╤Б╤В╨╛╤З╨╜╨╕╨║╨╛╨▓ ╨┤╨░╨╜╨╜╤Л╤Е, ╨┤╨╗╤П ╨║╨╛╤В╨╛╤А╤Л╤Е ╨┐╨░╤А╨░╨╝╨╡╤В╤А "Private" ╨╕╨╝╨╡╨╡╤В ╨╖╨╜╨░╤З╨╡╨╜╨╕╨╡ "true".
         ╨Я╨╡╤А╨▓╨╕╤З╨╜╨░╤П ╤Б╤Б╤Л╨╗╨║╨░ "Microsoft.AspNetCore.Server.Kestrel.Transport.Sockets, Version=9.0.0.0, Culture=neutral, PublicKeyToken=adb9793829ddae60".
             ╨а╨░╨╖╤А╨╡╤И╨╡╨╜╨╜╤Л╨╣ ╨┐╤Г╤В╤М ╨║ ╤Д╨░╨╣╨╗╤Г - "C:\Program Files\dotnet\packs\Microsoft.AspNetCore.App.Ref\9.0.2\ref\net9.0\Microsoft.AspNetCore.Server.Kestrel.Transport.Sockets.dll".
             ╨Ю╨▒╨╜╨░╤А╤Г╨╢╨╡╨╜╨░ ╤Б╤Б╤Л╨╗╨║╨░ ╨▓ ╤А╨░╤Б╨┐╨╛╨╗╨╛╨╢╨╡╨╜╨╕╨╕ ╨┐╤Г╤В╨╕ ╨┐╨╛╨╕╤Б╨║╨░ "{RawFileName}".
             ╨Ф╨░╨╜╨╜╨░╤П ╤Б╤Б╤Л╨╗╨║╨░ ╨╜╨╡ ╤П╨▓╨╗╤П╨╡╤В╤Б╤П "CopyLocal" ╤В╨░╨║ ╨║╨░╨║ ╤Е╨╛╤В╤П ╨▒╤Л ╨┤╨╗╤П ╨╛╨┤╨╜╨╛╨│╨╛ ╨╕╤Б╤В╨╛╤З╨╜╨╕╨║╨░ ╨┤╨░╨╜╨╜╤Л╤Е ╨┐╨░╤А╨░╨╝╨╡╤В╤А "Private" ╨╕╨╝╨╡╨╡╤В ╨╖╨╜╨░╤З╨╡╨╜╨╕╨╡ "false", ╨╕ ╨╜╨╡╤В ╨╕╤Б╤В╨╛╤З╨╜╨╕╨║╨╛╨▓ ╨┤╨░╨╜╨╜╤Л╤Е, ╨┤╨╗╤П ╨║╨╛╤В╨╛╤А╤Л╤Е ╨┐╨░╤А╨░╨╝╨╡╤В╤А "Private" ╨╕╨╝╨╡╨╡╤В ╨╖╨╜╨░╤З╨╡╨╜╨╕╨╡ "true".
         ╨Я╨╡╤А╨▓╨╕╤З╨╜╨░╤П ╤Б╤Б╤Л╨╗╨║╨░ "Microsoft.AspNetCore.Server.Kestrel, Version=9.0.0.0, Culture=neutral, PublicKeyToken=adb9793829ddae60".
             ╨а╨░╨╖╤А╨╡╤И╨╡╨╜╨╜╤Л╨╣ ╨┐╤Г╤В╤М ╨║ ╤Д╨░╨╣╨╗╤Г - "C:\Program Files\dotnet\packs\Microsoft.AspNetCore.App.Ref\9.0.2\ref\net9.0\Microsoft.AspNetCore.Server.Kestrel.dll".
             ╨Ю╨▒╨╜╨░╤А╤Г╨╢╨╡╨╜╨░ ╤Б╤Б╤Л╨╗╨║╨░ ╨▓ ╤А╨░╤Б╨┐╨╛╨╗╨╛╨╢╨╡╨╜╨╕╨╕ ╨┐╤Г╤В╨╕ ╨┐╨╛╨╕╤Б╨║╨░ "{RawFileName}".
             ╨Ф╨░╨╜╨╜╨░╤П ╤Б╤Б╤Л╨╗╨║╨░ ╨╜╨╡ ╤П╨▓╨╗╤П╨╡╤В╤Б╤П "CopyLocal" ╤В╨░╨║ ╨║╨░╨║ ╤Е╨╛╤В╤П ╨▒╤Л ╨┤╨╗╤П ╨╛╨┤╨╜╨╛╨│╨╛ ╨╕╤Б╤В╨╛╤З╨╜╨╕╨║╨░ ╨┤╨░╨╜╨╜╤Л╤Е ╨┐╨░╤А╨░╨╝╨╡╤В╤А "Private" ╨╕╨╝╨╡╨╡╤В ╨╖╨╜╨░╤З╨╡╨╜╨╕╨╡ "false", ╨╕ ╨╜╨╡╤В ╨╕╤Б╤В╨╛╤З╨╜╨╕╨║╨╛╨▓ ╨┤╨░╨╜╨╜╤Л╤Е, ╨┤╨╗╤П ╨║╨╛╤В╨╛╤А╤Л╤Е ╨┐╨░╤А╨░╨╝╨╡╤В╤А "Private" ╨╕╨╝╨╡╨╡╤В ╨╖╨╜╨░╤З╨╡╨╜╨╕╨╡ "true".
         ╨Я╨╡╤А╨▓╨╕╤З╨╜╨░╤П ╤Б╤Б╤Л╨╗╨║╨░ "Microsoft.AspNetCore.Session, Version=9.0.0.0, Culture=neutral, PublicKeyToken=adb9793829ddae60".
             ╨а╨░╨╖╤А╨╡╤И╨╡╨╜╨╜╤Л╨╣ ╨┐╤Г╤В╤М ╨║ ╤Д╨░╨╣╨╗╤Г - "C:\Program Files\dotnet\packs\Microsoft.AspNetCore.App.Ref\9.0.2\ref\net9.0\Microsoft.AspNetCore.Session.dll".
             ╨Ю╨▒╨╜╨░╤А╤Г╨╢╨╡╨╜╨░ ╤Б╤Б╤Л╨╗╨║╨░ ╨▓ ╤А╨░╤Б╨┐╨╛╨╗╨╛╨╢╨╡╨╜╨╕╨╕ ╨┐╤Г╤В╨╕ ╨┐╨╛╨╕╤Б╨║╨░ "{RawFileName}".
             ╨Ф╨░╨╜╨╜╨░╤П ╤Б╤Б╤Л╨╗╨║╨░ ╨╜╨╡ ╤П╨▓╨╗╤П╨╡╤В╤Б╤П "CopyLocal" ╤В╨░╨║ ╨║╨░╨║ ╤Е╨╛╤В╤П ╨▒╤Л ╨┤╨╗╤П ╨╛╨┤╨╜╨╛╨│╨╛ ╨╕╤Б╤В╨╛╤З╨╜╨╕╨║╨░ ╨┤╨░╨╜╨╜╤Л╤Е ╨┐╨░╤А╨░╨╝╨╡╤В╤А "Private" ╨╕╨╝╨╡╨╡╤В ╨╖╨╜╨░╤З╨╡╨╜╨╕╨╡ "false", ╨╕ ╨╜╨╡╤В ╨╕╤Б╤В╨╛╤З╨╜╨╕╨║╨╛╨▓ ╨┤╨░╨╜╨╜╤Л╤Е, ╨┤╨╗╤П ╨║╨╛╤В╨╛╤А╤Л╤Е ╨┐╨░╤А╨░╨╝╨╡╤В╤А "Private" ╨╕╨╝╨╡╨╡╤В ╨╖╨╜╨░╤З╨╡╨╜╨╕╨╡ "true".
         ╨Я╨╡╤А╨▓╨╕╤З╨╜╨░╤П ╤Б╤Б╤Л╨╗╨║╨░ "Microsoft.AspNetCore.SignalR.Common, Version=9.0.0.0, Culture=neutral, PublicKeyToken=adb9793829ddae60".
             ╨а╨░╨╖╤А╨╡╤И╨╡╨╜╨╜╤Л╨╣ ╨┐╤Г╤В╤М ╨║ ╤Д╨░╨╣╨╗╤Г - "C:\Program Files\dotnet\packs\Microsoft.AspNetCore.App.Ref\9.0.2\ref\net9.0\Microsoft.AspNetCore.SignalR.Common.dll".
             ╨Ю╨▒╨╜╨░╤А╤Г╨╢╨╡╨╜╨░ ╤Б╤Б╤Л╨╗╨║╨░ ╨▓ ╤А╨░╤Б╨┐╨╛╨╗╨╛╨╢╨╡╨╜╨╕╨╕ ╨┐╤Г╤В╨╕ ╨┐╨╛╨╕╤Б╨║╨░ "{RawFileName}".
             ╨Ф╨░╨╜╨╜╨░╤П ╤Б╤Б╤Л╨╗╨║╨░ ╨╜╨╡ ╤П╨▓╨╗╤П╨╡╤В╤Б╤П "CopyLocal" ╤В╨░╨║ ╨║╨░╨║ ╤Е╨╛╤В╤П ╨▒╤Л ╨┤╨╗╤П ╨╛╨┤╨╜╨╛╨│╨╛ ╨╕╤Б╤В╨╛╤З╨╜╨╕╨║╨░ ╨┤╨░╨╜╨╜╤Л╤Е ╨┐╨░╤А╨░╨╝╨╡╤В╤А "Private" ╨╕╨╝╨╡╨╡╤В ╨╖╨╜╨░╤З╨╡╨╜╨╕╨╡ "false", ╨╕ ╨╜╨╡╤В ╨╕╤Б╤В╨╛╤З╨╜╨╕╨║╨╛╨▓ ╨┤╨░╨╜╨╜╤Л╤Е, ╨┤╨╗╤П ╨║╨╛╤В╨╛╤А╤Л╤Е ╨┐╨░╤А╨░╨╝╨╡╤В╤А "Private" ╨╕╨╝╨╡╨╡╤В ╨╖╨╜╨░╤З╨╡╨╜╨╕╨╡ "true".
         ╨Я╨╡╤А╨▓╨╕╤З╨╜╨░╤П ╤Б╤Б╤Л╨╗╨║╨░ "Microsoft.AspNetCore.SignalR.Core, Version=9.0.0.0, Culture=neutral, PublicKeyToken=adb9793829ddae60".
             ╨а╨░╨╖╤А╨╡╤И╨╡╨╜╨╜╤Л╨╣ ╨┐╤Г╤В╤М ╨║ ╤Д╨░╨╣╨╗╤Г - "C:\Program Files\dotnet\packs\Microsoft.AspNetCore.App.Ref\9.0.2\ref\net9.0\Microsoft.AspNetCore.SignalR.Core.dll".
             ╨Ю╨▒╨╜╨░╤А╤Г╨╢╨╡╨╜╨░ ╤Б╤Б╤Л╨╗╨║╨░ ╨▓ ╤А╨░╤Б╨┐╨╛╨╗╨╛╨╢╨╡╨╜╨╕╨╕ ╨┐╤Г╤В╨╕ ╨┐╨╛╨╕╤Б╨║╨░ "{RawFileName}".
             ╨Ф╨░╨╜╨╜╨░╤П ╤Б╤Б╤Л╨╗╨║╨░ ╨╜╨╡ ╤П╨▓╨╗╤П╨╡╤В╤Б╤П "CopyLocal" ╤В╨░╨║ ╨║╨░╨║ ╤Е╨╛╤В╤П ╨▒╤Л ╨┤╨╗╤П ╨╛╨┤╨╜╨╛╨│╨╛ ╨╕╤Б╤В╨╛╤З╨╜╨╕╨║╨░ ╨┤╨░╨╜╨╜╤Л╤Е ╨┐╨░╤А╨░╨╝╨╡╤В╤А "Private" ╨╕╨╝╨╡╨╡╤В ╨╖╨╜╨░╤З╨╡╨╜╨╕╨╡ "false", ╨╕ ╨╜╨╡╤В ╨╕╤Б╤В╨╛╤З╨╜╨╕╨║╨╛╨▓ ╨┤╨░╨╜╨╜╤Л╤Е, ╨┤╨╗╤П ╨║╨╛╤В╨╛╤А╤Л╤Е ╨┐╨░╤А╨░╨╝╨╡╤В╤А "Private" ╨╕╨╝╨╡╨╡╤В ╨╖╨╜╨░╤З╨╡╨╜╨╕╨╡ "true".
         ╨Я╨╡╤А╨▓╨╕╤З╨╜╨░╤П ╤Б╤Б╤Л╨╗╨║╨░ "Microsoft.AspNetCore.SignalR.Protocols.Json, Version=9.0.0.0, Culture=neutral, PublicKeyToken=adb9793829ddae60".
             ╨а╨░╨╖╤А╨╡╤И╨╡╨╜╨╜╤Л╨╣ ╨┐╤Г╤В╤М ╨║ ╤Д╨░╨╣╨╗╤Г - "C:\Program Files\dotnet\packs\Microsoft.AspNetCore.App.Ref\9.0.2\ref\net9.0\Microsoft.AspNetCore.SignalR.Protocols.Json.dll".
             ╨Ю╨▒╨╜╨░╤А╤Г╨╢╨╡╨╜╨░ ╤Б╤Б╤Л╨╗╨║╨░ ╨▓ ╤А╨░╤Б╨┐╨╛╨╗╨╛╨╢╨╡╨╜╨╕╨╕ ╨┐╤Г╤В╨╕ ╨┐╨╛╨╕╤Б╨║╨░ "{RawFileName}".
             ╨Ф╨░╨╜╨╜╨░╤П ╤Б╤Б╤Л╨╗╨║╨░ ╨╜╨╡ ╤П╨▓╨╗╤П╨╡╤В╤Б╤П "CopyLocal" ╤В╨░╨║ ╨║╨░╨║ ╤Е╨╛╤В╤П ╨▒╤Л ╨┤╨╗╤П ╨╛╨┤╨╜╨╛╨│╨╛ ╨╕╤Б╤В╨╛╤З╨╜╨╕╨║╨░ ╨┤╨░╨╜╨╜╤Л╤Е ╨┐╨░╤А╨░╨╝╨╡╤В╤А "Private" ╨╕╨╝╨╡╨╡╤В ╨╖╨╜╨░╤З╨╡╨╜╨╕╨╡ "false", ╨╕ ╨╜╨╡╤В ╨╕╤Б╤В╨╛╤З╨╜╨╕╨║╨╛╨▓ ╨┤╨░╨╜╨╜╤Л╤Е, ╨┤╨╗╤П ╨║╨╛╤В╨╛╤А╤Л╤Е ╨┐╨░╤А╨░╨╝╨╡╤В╤А "Private" ╨╕╨╝╨╡╨╡╤В ╨╖╨╜╨░╤З╨╡╨╜╨╕╨╡ "true".
         ╨Я╨╡╤А╨▓╨╕╤З╨╜╨░╤П ╤Б╤Б╤Л╨╗╨║╨░ "Microsoft.AspNetCore.SignalR, Version=9.0.0.0, Culture=neutral, PublicKeyToken=adb9793829ddae60".
             ╨а╨░╨╖╤А╨╡╤И╨╡╨╜╨╜╤Л╨╣ ╨┐╤Г╤В╤М ╨║ ╤Д╨░╨╣╨╗╤Г - "C:\Program Files\dotnet\packs\Microsoft.AspNetCore.App.Ref\9.0.2\ref\net9.0\Microsoft.AspNetCore.SignalR.dll".
             ╨Ю╨▒╨╜╨░╤А╤Г╨╢╨╡╨╜╨░ ╤Б╤Б╤Л╨╗╨║╨░ ╨▓ ╤А╨░╤Б╨┐╨╛╨╗╨╛╨╢╨╡╨╜╨╕╨╕ ╨┐╤Г╤В╨╕ ╨┐╨╛╨╕╤Б╨║╨░ "{RawFileName}".
             ╨Ф╨░╨╜╨╜╨░╤П ╤Б╤Б╤Л╨╗╨║╨░ ╨╜╨╡ ╤П╨▓╨╗╤П╨╡╤В╤Б╤П "CopyLocal" ╤В╨░╨║ ╨║╨░╨║ ╤Е╨╛╤В╤П ╨▒╤Л ╨┤╨╗╤П ╨╛╨┤╨╜╨╛╨│╨╛ ╨╕╤Б╤В╨╛╤З╨╜╨╕╨║╨░ ╨┤╨░╨╜╨╜╤Л╤Е ╨┐╨░╤А╨░╨╝╨╡╤В╤А "Private" ╨╕╨╝╨╡╨╡╤В ╨╖╨╜╨░╤З╨╡╨╜╨╕╨╡ "false", ╨╕ ╨╜╨╡╤В ╨╕╤Б╤В╨╛╤З╨╜╨╕╨║╨╛╨▓ ╨┤╨░╨╜╨╜╤Л╤Е, ╨┤╨╗╤П ╨║╨╛╤В╨╛╤А╤Л╤Е ╨┐╨░╤А╨░╨╝╨╡╤В╤А "Private" ╨╕╨╝╨╡╨╡╤В ╨╖╨╜╨░╤З╨╡╨╜╨╕╨╡ "true".
         ╨Я╨╡╤А╨▓╨╕╤З╨╜╨░╤П ╤Б╤Б╤Л╨╗╨║╨░ "Microsoft.AspNetCore.StaticAssets, Version=9.0.0.0, Culture=neutral, PublicKeyToken=adb9793829ddae60".
             ╨а╨░╨╖╤А╨╡╤И╨╡╨╜╨╜╤Л╨╣ ╨┐╤Г╤В╤М ╨║ ╤Д╨░╨╣╨╗╤Г - "C:\Program Files\dotnet\packs\Microsoft.AspNetCore.App.Ref\9.0.2\ref\net9.0\Microsoft.AspNetCore.StaticAssets.dll".
             ╨Ю╨▒╨╜╨░╤А╤Г╨╢╨╡╨╜╨░ ╤Б╤Б╤Л╨╗╨║╨░ ╨▓ ╤А╨░╤Б╨┐╨╛╨╗╨╛╨╢╨╡╨╜╨╕╨╕ ╨┐╤Г╤В╨╕ ╨┐╨╛╨╕╤Б╨║╨░ "{RawFileName}".
             ╨Ф╨░╨╜╨╜╨░╤П ╤Б╤Б╤Л╨╗╨║╨░ ╨╜╨╡ ╤П╨▓╨╗╤П╨╡╤В╤Б╤П "CopyLocal" ╤В╨░╨║ ╨║╨░╨║ ╤Е╨╛╤В╤П ╨▒╤Л ╨┤╨╗╤П ╨╛╨┤╨╜╨╛╨│╨╛ ╨╕╤Б╤В╨╛╤З╨╜╨╕╨║╨░ ╨┤╨░╨╜╨╜╤Л╤Е ╨┐╨░╤А╨░╨╝╨╡╤В╤А "Private" ╨╕╨╝╨╡╨╡╤В ╨╖╨╜╨░╤З╨╡╨╜╨╕╨╡ "false", ╨╕ ╨╜╨╡╤В ╨╕╤Б╤В╨╛╤З╨╜╨╕╨║╨╛╨▓ ╨┤╨░╨╜╨╜╤Л╤Е, ╨┤╨╗╤П ╨║╨╛╤В╨╛╤А╤Л╤Е ╨┐╨░╤А╨░╨╝╨╡╤В╤А "Private" ╨╕╨╝╨╡╨╡╤В ╨╖╨╜╨░╤З╨╡╨╜╨╕╨╡ "true".
         ╨Я╨╡╤А╨▓╨╕╤З╨╜╨░╤П ╤Б╤Б╤Л╨╗╨║╨░ "Microsoft.AspNetCore.StaticFiles, Version=9.0.0.0, Culture=neutral, PublicKeyToken=adb9793829ddae60".
             ╨а╨░╨╖╤А╨╡╤И╨╡╨╜╨╜╤Л╨╣ ╨┐╤Г╤В╤М ╨║ ╤Д╨░╨╣╨╗╤Г - "C:\Program Files\dotnet\packs\Microsoft.AspNetCore.App.Ref\9.0.2\ref\net9.0\Microsoft.AspNetCore.StaticFiles.dll".
             ╨Ю╨▒╨╜╨░╤А╤Г╨╢╨╡╨╜╨░ ╤Б╤Б╤Л╨╗╨║╨░ ╨▓ ╤А╨░╤Б╨┐╨╛╨╗╨╛╨╢╨╡╨╜╨╕╨╕ ╨┐╤Г╤В╨╕ ╨┐╨╛╨╕╤Б╨║╨░ "{RawFileName}".
             ╨Ф╨░╨╜╨╜╨░╤П ╤Б╤Б╤Л╨╗╨║╨░ ╨╜╨╡ ╤П╨▓╨╗╤П╨╡╤В╤Б╤П "CopyLocal" ╤В╨░╨║ ╨║╨░╨║ ╤Е╨╛╤В╤П ╨▒╤Л ╨┤╨╗╤П ╨╛╨┤╨╜╨╛╨│╨╛ ╨╕╤Б╤В╨╛╤З╨╜╨╕╨║╨░ ╨┤╨░╨╜╨╜╤Л╤Е ╨┐╨░╤А╨░╨╝╨╡╤В╤А "Private" ╨╕╨╝╨╡╨╡╤В ╨╖╨╜╨░╤З╨╡╨╜╨╕╨╡ "false", ╨╕ ╨╜╨╡╤В ╨╕╤Б╤В╨╛╤З╨╜╨╕╨║╨╛╨▓ ╨┤╨░╨╜╨╜╤Л╤Е, ╨┤╨╗╤П ╨║╨╛╤В╨╛╤А╤Л╤Е ╨┐╨░╤А╨░╨╝╨╡╤В╤А "Private" ╨╕╨╝╨╡╨╡╤В ╨╖╨╜╨░╤З╨╡╨╜╨╕╨╡ "true".
         ╨Я╨╡╤А╨▓╨╕╤З╨╜╨░╤П ╤Б╤Б╤Л╨╗╨║╨░ "Microsoft.AspNetCore.WebSockets, Version=9.0.0.0, Culture=neutral, PublicKeyToken=adb9793829ddae60".
             ╨а╨░╨╖╤А╨╡╤И╨╡╨╜╨╜╤Л╨╣ ╨┐╤Г╤В╤М ╨║ ╤Д╨░╨╣╨╗╤Г - "C:\Program Files\dotnet\packs\Microsoft.AspNetCore.App.Ref\9.0.2\ref\net9.0\Microsoft.AspNetCore.WebSockets.dll".
             ╨Ю╨▒╨╜╨░╤А╤Г╨╢╨╡╨╜╨░ ╤Б╤Б╤Л╨╗╨║╨░ ╨▓ ╤А╨░╤Б╨┐╨╛╨╗╨╛╨╢╨╡╨╜╨╕╨╕ ╨┐╤Г╤В╨╕ ╨┐╨╛╨╕╤Б╨║╨░ "{RawFileName}".
             ╨Ф╨░╨╜╨╜╨░╤П ╤Б╤Б╤Л╨╗╨║╨░ ╨╜╨╡ ╤П╨▓╨╗╤П╨╡╤В╤Б╤П "CopyLocal" ╤В╨░╨║ ╨║╨░╨║ ╤Е╨╛╤В╤П ╨▒╤Л ╨┤╨╗╤П ╨╛╨┤╨╜╨╛╨│╨╛ ╨╕╤Б╤В╨╛╤З╨╜╨╕╨║╨░ ╨┤╨░╨╜╨╜╤Л╤Е ╨┐╨░╤А╨░╨╝╨╡╤В╤А "Private" ╨╕╨╝╨╡╨╡╤В ╨╖╨╜╨░╤З╨╡╨╜╨╕╨╡ "false", ╨╕ ╨╜╨╡╤В ╨╕╤Б╤В╨╛╤З╨╜╨╕╨║╨╛╨▓ ╨┤╨░╨╜╨╜╤Л╤Е, ╨┤╨╗╤П ╨║╨╛╤В╨╛╤А╤Л╤Е ╨┐╨░╤А╨░╨╝╨╡╤В╤А "Private" ╨╕╨╝╨╡╨╡╤В ╨╖╨╜╨░╤З╨╡╨╜╨╕╨╡ "true".
         ╨Я╨╡╤А╨▓╨╕╤З╨╜╨░╤П ╤Б╤Б╤Л╨╗╨║╨░ "Microsoft.AspNetCore.WebUtilities, Version=9.0.0.0, Culture=neutral, PublicKeyToken=adb9793829ddae60".
             ╨а╨░╨╖╤А╨╡╤И╨╡╨╜╨╜╤Л╨╣ ╨┐╤Г╤В╤М ╨║ ╤Д╨░╨╣╨╗╤Г - "C:\Program Files\dotnet\packs\Microsoft.AspNetCore.App.Ref\9.0.2\ref\net9.0\Microsoft.AspNetCore.WebUtilities.dll".
             ╨Ю╨▒╨╜╨░╤А╤Г╨╢╨╡╨╜╨░ ╤Б╤Б╤Л╨╗╨║╨░ ╨▓ ╤А╨░╤Б╨┐╨╛╨╗╨╛╨╢╨╡╨╜╨╕╨╕ ╨┐╤Г╤В╨╕ ╨┐╨╛╨╕╤Б╨║╨░ "{RawFileName}".
             ╨Ф╨░╨╜╨╜╨░╤П ╤Б╤Б╤Л╨╗╨║╨░ ╨╜╨╡ ╤П╨▓╨╗╤П╨╡╤В╤Б╤П "CopyLocal" ╤В╨░╨║ ╨║╨░╨║ ╤Е╨╛╤В╤П ╨▒╤Л ╨┤╨╗╤П ╨╛╨┤╨╜╨╛╨│╨╛ ╨╕╤Б╤В╨╛╤З╨╜╨╕╨║╨░ ╨┤╨░╨╜╨╜╤Л╤Е ╨┐╨░╤А╨░╨╝╨╡╤В╤А "Private" ╨╕╨╝╨╡╨╡╤В ╨╖╨╜╨░╤З╨╡╨╜╨╕╨╡ "false", ╨╕ ╨╜╨╡╤В ╨╕╤Б╤В╨╛╤З╨╜╨╕╨║╨╛╨▓ ╨┤╨░╨╜╨╜╤Л╤Е, ╨┤╨╗╤П ╨║╨╛╤В╨╛╤А╤Л╤Е ╨┐╨░╤А╨░╨╝╨╡╤В╤А "Private" ╨╕╨╝╨╡╨╡╤В ╨╖╨╜╨░╤З╨╡╨╜╨╕╨╡ "true".
         ╨Я╨╡╤А╨▓╨╕╤З╨╜╨░╤П ╤Б╤Б╤Л╨╗╨║╨░ "Microsoft.AspNetCore, Version=9.0.0.0, Culture=neutral, PublicKeyToken=adb9793829ddae60".
             ╨а╨░╨╖╤А╨╡╤И╨╡╨╜╨╜╤Л╨╣ ╨┐╤Г╤В╤М ╨║ ╤Д╨░╨╣╨╗╤Г - "C:\Program Files\dotnet\packs\Microsoft.AspNetCore.App.Ref\9.0.2\ref\net9.0\Microsoft.AspNetCore.dll".
             ╨Ю╨▒╨╜╨░╤А╤Г╨╢╨╡╨╜╨░ ╤Б╤Б╤Л╨╗╨║╨░ ╨▓ ╤А╨░╤Б╨┐╨╛╨╗╨╛╨╢╨╡╨╜╨╕╨╕ ╨┐╤Г╤В╨╕ ╨┐╨╛╨╕╤Б╨║╨░ "{RawFileName}".
             ╨Ф╨░╨╜╨╜╨░╤П ╤Б╤Б╤Л╨╗╨║╨░ ╨╜╨╡ ╤П╨▓╨╗╤П╨╡╤В╤Б╤П "CopyLocal" ╤В╨░╨║ ╨║╨░╨║ ╤Е╨╛╤В╤П ╨▒╤Л ╨┤╨╗╤П ╨╛╨┤╨╜╨╛╨│╨╛ ╨╕╤Б╤В╨╛╤З╨╜╨╕╨║╨░ ╨┤╨░╨╜╨╜╤Л╤Е ╨┐╨░╤А╨░╨╝╨╡╤В╤А "Private" ╨╕╨╝╨╡╨╡╤В ╨╖╨╜╨░╤З╨╡╨╜╨╕╨╡ "false", ╨╕ ╨╜╨╡╤В ╨╕╤Б╤В╨╛╤З╨╜╨╕╨║╨╛╨▓ ╨┤╨░╨╜╨╜╤Л╤Е, ╨┤╨╗╤П ╨║╨╛╤В╨╛╤А╤Л╤Е ╨┐╨░╤А╨░╨╝╨╡╤В╤А "Private" ╨╕╨╝╨╡╨╡╤В ╨╖╨╜╨░╤З╨╡╨╜╨╕╨╡ "true".
         ╨Я╨╡╤А╨▓╨╕╤З╨╜╨░╤П ╤Б╤Б╤Л╨╗╨║╨░ "Microsoft.Extensions.Configuration.Binder, Version=9.0.0.0, Culture=neutral, PublicKeyToken=adb9793829ddae60".
             ╨а╨░╨╖╤А╨╡╤И╨╡╨╜╨╜╤Л╨╣ ╨┐╤Г╤В╤М ╨║ ╤Д╨░╨╣╨╗╤Г - "C:\Program Files\dotnet\packs\Microsoft.AspNetCore.App.Ref\9.0.2\ref\net9.0\Microsoft.Extensions.Configuration.Binder.dll".
             ╨Ю╨▒╨╜╨░╤А╤Г╨╢╨╡╨╜╨░ ╤Б╤Б╤Л╨╗╨║╨░ ╨▓ ╤А╨░╤Б╨┐╨╛╨╗╨╛╨╢╨╡╨╜╨╕╨╕ ╨┐╤Г╤В╨╕ ╨┐╨╛╨╕╤Б╨║╨░ "{RawFileName}".
             ╨Ф╨░╨╜╨╜╨░╤П ╤Б╤Б╤Л╨╗╨║╨░ ╨╜╨╡ ╤П╨▓╨╗╤П╨╡╤В╤Б╤П "CopyLocal" ╤В╨░╨║ ╨║╨░╨║ ╤Е╨╛╤В╤П ╨▒╤Л ╨┤╨╗╤П ╨╛╨┤╨╜╨╛╨│╨╛ ╨╕╤Б╤В╨╛╤З╨╜╨╕╨║╨░ ╨┤╨░╨╜╨╜╤Л╤Е ╨┐╨░╤А╨░╨╝╨╡╤В╤А "Private" ╨╕╨╝╨╡╨╡╤В ╨╖╨╜╨░╤З╨╡╨╜╨╕╨╡ "false", ╨╕ ╨╜╨╡╤В ╨╕╤Б╤В╨╛╤З╨╜╨╕╨║╨╛╨▓ ╨┤╨░╨╜╨╜╤Л╤Е, ╨┤╨╗╤П ╨║╨╛╤В╨╛╤А╤Л╤Е ╨┐╨░╤А╨░╨╝╨╡╤В╤А "Private" ╨╕╨╝╨╡╨╡╤В ╨╖╨╜╨░╤З╨╡╨╜╨╕╨╡ "true".
         ╨Я╨╡╤А╨▓╨╕╤З╨╜╨░╤П ╤Б╤Б╤Л╨╗╨║╨░ "Microsoft.Extensions.Configuration.CommandLine, Version=9.0.0.0, Culture=neutral, PublicKeyToken=adb9793829ddae60".
             ╨а╨░╨╖╤А╨╡╤И╨╡╨╜╨╜╤Л╨╣ ╨┐╤Г╤В╤М ╨║ ╤Д╨░╨╣╨╗╤Г - "C:\Program Files\dotnet\packs\Microsoft.AspNetCore.App.Ref\9.0.2\ref\net9.0\Microsoft.Extensions.Configuration.CommandLine.dll".
             ╨Ю╨▒╨╜╨░╤А╤Г╨╢╨╡╨╜╨░ ╤Б╤Б╤Л╨╗╨║╨░ ╨▓ ╤А╨░╤Б╨┐╨╛╨╗╨╛╨╢╨╡╨╜╨╕╨╕ ╨┐╤Г╤В╨╕ ╨┐╨╛╨╕╤Б╨║╨░ "{RawFileName}".
             ╨Ф╨░╨╜╨╜╨░╤П ╤Б╤Б╤Л╨╗╨║╨░ ╨╜╨╡ ╤П╨▓╨╗╤П╨╡╤В╤Б╤П "CopyLocal" ╤В╨░╨║ ╨║╨░╨║ ╤Е╨╛╤В╤П ╨▒╤Л ╨┤╨╗╤П ╨╛╨┤╨╜╨╛╨│╨╛ ╨╕╤Б╤В╨╛╤З╨╜╨╕╨║╨░ ╨┤╨░╨╜╨╜╤Л╤Е ╨┐╨░╤А╨░╨╝╨╡╤В╤А "Private" ╨╕╨╝╨╡╨╡╤В ╨╖╨╜╨░╤З╨╡╨╜╨╕╨╡ "false", ╨╕ ╨╜╨╡╤В ╨╕╤Б╤В╨╛╤З╨╜╨╕╨║╨╛╨▓ ╨┤╨░╨╜╨╜╤Л╤Е, ╨┤╨╗╤П ╨║╨╛╤В╨╛╤А╤Л╤Е ╨┐╨░╤А╨░╨╝╨╡╤В╤А "Private" ╨╕╨╝╨╡╨╡╤В ╨╖╨╜╨░╤З╨╡╨╜╨╕╨╡ "true".
         ╨Я╨╡╤А╨▓╨╕╤З╨╜╨░╤П ╤Б╤Б╤Л╨╗╨║╨░ "Microsoft.Extensions.Configuration.EnvironmentVariables, Version=9.0.0.0, Culture=neutral, PublicKeyToken=adb9793829ddae60".
             ╨а╨░╨╖╤А╨╡╤И╨╡╨╜╨╜╤Л╨╣ ╨┐╤Г╤В╤М ╨║ ╤Д╨░╨╣╨╗╤Г - "C:\Program Files\dotnet\packs\Microsoft.AspNetCore.App.Ref\9.0.2\ref\net9.0\Microsoft.Extensions.Configuration.EnvironmentVariables.dll".
             ╨Ю╨▒╨╜╨░╤А╤Г╨╢╨╡╨╜╨░ ╤Б╤Б╤Л╨╗╨║╨░ ╨▓ ╤А╨░╤Б╨┐╨╛╨╗╨╛╨╢╨╡╨╜╨╕╨╕ ╨┐╤Г╤В╨╕ ╨┐╨╛╨╕╤Б╨║╨░ "{RawFileName}".
             ╨Ф╨░╨╜╨╜╨░╤П ╤Б╤Б╤Л╨╗╨║╨░ ╨╜╨╡ ╤П╨▓╨╗╤П╨╡╤В╤Б╤П "CopyLocal" ╤В╨░╨║ ╨║╨░╨║ ╤Е╨╛╤В╤П ╨▒╤Л ╨┤╨╗╤П ╨╛╨┤╨╜╨╛╨│╨╛ ╨╕╤Б╤В╨╛╤З╨╜╨╕╨║╨░ ╨┤╨░╨╜╨╜╤Л╤Е ╨┐╨░╤А╨░╨╝╨╡╤В╤А "Private" ╨╕╨╝╨╡╨╡╤В ╨╖╨╜╨░╤З╨╡╨╜╨╕╨╡ "false", ╨╕ ╨╜╨╡╤В ╨╕╤Б╤В╨╛╤З╨╜╨╕╨║╨╛╨▓ ╨┤╨░╨╜╨╜╤Л╤Е, ╨┤╨╗╤П ╨║╨╛╤В╨╛╤А╤Л╤Е ╨┐╨░╤А╨░╨╝╨╡╤В╤А "Private" ╨╕╨╝╨╡╨╡╤В ╨╖╨╜╨░╤З╨╡╨╜╨╕╨╡ "true".
         ╨Я╨╡╤А╨▓╨╕╤З╨╜╨░╤П ╤Б╤Б╤Л╨╗╨║╨░ "Microsoft.Extensions.Configuration.FileExtensions, Version=9.0.0.0, Culture=neutral, PublicKeyToken=adb9793829ddae60".
             ╨а╨░╨╖╤А╨╡╤И╨╡╨╜╨╜╤Л╨╣ ╨┐╤Г╤В╤М ╨║ ╤Д╨░╨╣╨╗╤Г - "C:\Program Files\dotnet\packs\Microsoft.AspNetCore.App.Ref\9.0.2\ref\net9.0\Microsoft.Extensions.Configuration.FileExtensions.dll".
             ╨Ю╨▒╨╜╨░╤А╤Г╨╢╨╡╨╜╨░ ╤Б╤Б╤Л╨╗╨║╨░ ╨▓ ╤А╨░╤Б╨┐╨╛╨╗╨╛╨╢╨╡╨╜╨╕╨╕ ╨┐╤Г╤В╨╕ ╨┐╨╛╨╕╤Б╨║╨░ "{RawFileName}".
             ╨Ф╨░╨╜╨╜╨░╤П ╤Б╤Б╤Л╨╗╨║╨░ ╨╜╨╡ ╤П╨▓╨╗╤П╨╡╤В╤Б╤П "CopyLocal" ╤В╨░╨║ ╨║╨░╨║ ╤Е╨╛╤В╤П ╨▒╤Л ╨┤╨╗╤П ╨╛╨┤╨╜╨╛╨│╨╛ ╨╕╤Б╤В╨╛╤З╨╜╨╕╨║╨░ ╨┤╨░╨╜╨╜╤Л╤Е ╨┐╨░╤А╨░╨╝╨╡╤В╤А "Private" ╨╕╨╝╨╡╨╡╤В ╨╖╨╜╨░╤З╨╡╨╜╨╕╨╡ "false", ╨╕ ╨╜╨╡╤В ╨╕╤Б╤В╨╛╤З╨╜╨╕╨║╨╛╨▓ ╨┤╨░╨╜╨╜╤Л╤Е, ╨┤╨╗╤П ╨║╨╛╤В╨╛╤А╤Л╤Е ╨┐╨░╤А╨░╨╝╨╡╤В╤А "Private" ╨╕╨╝╨╡╨╡╤В ╨╖╨╜╨░╤З╨╡╨╜╨╕╨╡ "true".
         ╨Я╨╡╤А╨▓╨╕╤З╨╜╨░╤П ╤Б╤Б╤Л╨╗╨║╨░ "Microsoft.Extensions.Configuration.Ini, Version=9.0.0.0, Culture=neutral, PublicKeyToken=adb9793829ddae60".
             ╨а╨░╨╖╤А╨╡╤И╨╡╨╜╨╜╤Л╨╣ ╨┐╤Г╤В╤М ╨║ ╤Д╨░╨╣╨╗╤Г - "C:\Program Files\dotnet\packs\Microsoft.AspNetCore.App.Ref\9.0.2\ref\net9.0\Microsoft.Extensions.Configuration.Ini.dll".
             ╨Ю╨▒╨╜╨░╤А╤Г╨╢╨╡╨╜╨░ ╤Б╤Б╤Л╨╗╨║╨░ ╨▓ ╤А╨░╤Б╨┐╨╛╨╗╨╛╨╢╨╡╨╜╨╕╨╕ ╨┐╤Г╤В╨╕ ╨┐╨╛╨╕╤Б╨║╨░ "{RawFileName}".
             ╨Ф╨░╨╜╨╜╨░╤П ╤Б╤Б╤Л╨╗╨║╨░ ╨╜╨╡ ╤П╨▓╨╗╤П╨╡╤В╤Б╤П "CopyLocal" ╤В╨░╨║ ╨║╨░╨║ ╤Е╨╛╤В╤П ╨▒╤Л ╨┤╨╗╤П ╨╛╨┤╨╜╨╛╨│╨╛ ╨╕╤Б╤В╨╛╤З╨╜╨╕╨║╨░ ╨┤╨░╨╜╨╜╤Л╤Е ╨┐╨░╤А╨░╨╝╨╡╤В╤А "Private" ╨╕╨╝╨╡╨╡╤В ╨╖╨╜╨░╤З╨╡╨╜╨╕╨╡ "false", ╨╕ ╨╜╨╡╤В ╨╕╤Б╤В╨╛╤З╨╜╨╕╨║╨╛╨▓ ╨┤╨░╨╜╨╜╤Л╤Е, ╨┤╨╗╤П ╨║╨╛╤В╨╛╤А╤Л╤Е ╨┐╨░╤А╨░╨╝╨╡╤В╤А "Private" ╨╕╨╝╨╡╨╡╤В ╨╖╨╜╨░╤З╨╡╨╜╨╕╨╡ "true".
         ╨Я╨╡╤А╨▓╨╕╤З╨╜╨░╤П ╤Б╤Б╤Л╨╗╨║╨░ "Microsoft.Extensions.Configuration.Json, Version=9.0.0.0, Culture=neutral, PublicKeyToken=adb9793829ddae60".
             ╨а╨░╨╖╤А╨╡╤И╨╡╨╜╨╜╤Л╨╣ ╨┐╤Г╤В╤М ╨║ ╤Д╨░╨╣╨╗╤Г - "C:\Program Files\dotnet\packs\Microsoft.AspNetCore.App.Ref\9.0.2\ref\net9.0\Microsoft.Extensions.Configuration.Json.dll".
             ╨Ю╨▒╨╜╨░╤А╤Г╨╢╨╡╨╜╨░ ╤Б╤Б╤Л╨╗╨║╨░ ╨▓ ╤А╨░╤Б╨┐╨╛╨╗╨╛╨╢╨╡╨╜╨╕╨╕ ╨┐╤Г╤В╨╕ ╨┐╨╛╨╕╤Б╨║╨░ "{RawFileName}".
             ╨Ф╨░╨╜╨╜╨░╤П ╤Б╤Б╤Л╨╗╨║╨░ ╨╜╨╡ ╤П╨▓╨╗╤П╨╡╤В╤Б╤П "CopyLocal" ╤В╨░╨║ ╨║╨░╨║ ╤Е╨╛╤В╤П ╨▒╤Л ╨┤╨╗╤П ╨╛╨┤╨╜╨╛╨│╨╛ ╨╕╤Б╤В╨╛╤З╨╜╨╕╨║╨░ ╨┤╨░╨╜╨╜╤Л╤Е ╨┐╨░╤А╨░╨╝╨╡╤В╤А "Private" ╨╕╨╝╨╡╨╡╤В ╨╖╨╜╨░╤З╨╡╨╜╨╕╨╡ "false", ╨╕ ╨╜╨╡╤В ╨╕╤Б╤В╨╛╤З╨╜╨╕╨║╨╛╨▓ ╨┤╨░╨╜╨╜╤Л╤Е, ╨┤╨╗╤П ╨║╨╛╤В╨╛╤А╤Л╤Е ╨┐╨░╤А╨░╨╝╨╡╤В╤А "Private" ╨╕╨╝╨╡╨╡╤В ╨╖╨╜╨░╤З╨╡╨╜╨╕╨╡ "true".
         ╨Я╨╡╤А╨▓╨╕╤З╨╜╨░╤П ╤Б╤Б╤Л╨╗╨║╨░ "Microsoft.Extensions.Configuration.KeyPerFile, Version=9.0.0.0, Culture=neutral, PublicKeyToken=adb9793829ddae60".
             ╨а╨░╨╖╤А╨╡╤И╨╡╨╜╨╜╤Л╨╣ ╨┐╤Г╤В╤М ╨║ ╤Д╨░╨╣╨╗╤Г - "C:\Program Files\dotnet\packs\Microsoft.AspNetCore.App.Ref\9.0.2\ref\net9.0\Microsoft.Extensions.Configuration.KeyPerFile.dll".
             ╨Ю╨▒╨╜╨░╤А╤Г╨╢╨╡╨╜╨░ ╤Б╤Б╤Л╨╗╨║╨░ ╨▓ ╤А╨░╤Б╨┐╨╛╨╗╨╛╨╢╨╡╨╜╨╕╨╕ ╨┐╤Г╤В╨╕ ╨┐╨╛╨╕╤Б╨║╨░ "{RawFileName}".
             ╨Ф╨░╨╜╨╜╨░╤П ╤Б╤Б╤Л╨╗╨║╨░ ╨╜╨╡ ╤П╨▓╨╗╤П╨╡╤В╤Б╤П "CopyLocal" ╤В╨░╨║ ╨║╨░╨║ ╤Е╨╛╤В╤П ╨▒╤Л ╨┤╨╗╤П ╨╛╨┤╨╜╨╛╨│╨╛ ╨╕╤Б╤В╨╛╤З╨╜╨╕╨║╨░ ╨┤╨░╨╜╨╜╤Л╤Е ╨┐╨░╤А╨░╨╝╨╡╤В╤А "Private" ╨╕╨╝╨╡╨╡╤В ╨╖╨╜╨░╤З╨╡╨╜╨╕╨╡ "false", ╨╕ ╨╜╨╡╤В ╨╕╤Б╤В╨╛╤З╨╜╨╕╨║╨╛╨▓ ╨┤╨░╨╜╨╜╤Л╤Е, ╨┤╨╗╤П ╨║╨╛╤В╨╛╤А╤Л╤Е ╨┐╨░╤А╨░╨╝╨╡╤В╤А "Private" ╨╕╨╝╨╡╨╡╤В ╨╖╨╜╨░╤З╨╡╨╜╨╕╨╡ "true".
         ╨Я╨╡╤А╨▓╨╕╤З╨╜╨░╤П ╤Б╤Б╤Л╨╗╨║╨░ "Microsoft.Extensions.Configuration.UserSecrets, Version=9.0.0.0, Culture=neutral, PublicKeyToken=adb9793829ddae60".
             ╨а╨░╨╖╤А╨╡╤И╨╡╨╜╨╜╤Л╨╣ ╨┐╤Г╤В╤М ╨║ ╤Д╨░╨╣╨╗╤Г - "C:\Program Files\dotnet\packs\Microsoft.AspNetCore.App.Ref\9.0.2\ref\net9.0\Microsoft.Extensions.Configuration.UserSecrets.dll".
             ╨Ю╨▒╨╜╨░╤А╤Г╨╢╨╡╨╜╨░ ╤Б╤Б╤Л╨╗╨║╨░ ╨▓ ╤А╨░╤Б╨┐╨╛╨╗╨╛╨╢╨╡╨╜╨╕╨╕ ╨┐╤Г╤В╨╕ ╨┐╨╛╨╕╤Б╨║╨░ "{RawFileName}".
             ╨Ф╨░╨╜╨╜╨░╤П ╤Б╤Б╤Л╨╗╨║╨░ ╨╜╨╡ ╤П╨▓╨╗╤П╨╡╤В╤Б╤П "CopyLocal" ╤В╨░╨║ ╨║╨░╨║ ╤Е╨╛╤В╤П ╨▒╤Л ╨┤╨╗╤П ╨╛╨┤╨╜╨╛╨│╨╛ ╨╕╤Б╤В╨╛╤З╨╜╨╕╨║╨░ ╨┤╨░╨╜╨╜╤Л╤Е ╨┐╨░╤А╨░╨╝╨╡╤В╤А "Private" ╨╕╨╝╨╡╨╡╤В ╨╖╨╜╨░╤З╨╡╨╜╨╕╨╡ "false", ╨╕ ╨╜╨╡╤В ╨╕╤Б╤В╨╛╤З╨╜╨╕╨║╨╛╨▓ ╨┤╨░╨╜╨╜╤Л╤Е, ╨┤╨╗╤П ╨║╨╛╤В╨╛╤А╤Л╤Е ╨┐╨░╤А╨░╨╝╨╡╤В╤А "Private" ╨╕╨╝╨╡╨╡╤В ╨╖╨╜╨░╤З╨╡╨╜╨╕╨╡ "true".
         ╨Я╨╡╤А╨▓╨╕╤З╨╜╨░╤П ╤Б╤Б╤Л╨╗╨║╨░ "Microsoft.Extensions.Configuration.Xml, Version=9.0.0.0, Culture=neutral, PublicKeyToken=adb9793829ddae60".
             ╨а╨░╨╖╤А╨╡╤И╨╡╨╜╨╜╤Л╨╣ ╨┐╤Г╤В╤М ╨║ ╤Д╨░╨╣╨╗╤Г - "C:\Program Files\dotnet\packs\Microsoft.AspNetCore.App.Ref\9.0.2\ref\net9.0\Microsoft.Extensions.Configuration.Xml.dll".
             ╨Ю╨▒╨╜╨░╤А╤Г╨╢╨╡╨╜╨░ ╤Б╤Б╤Л╨╗╨║╨░ ╨▓ ╤А╨░╤Б╨┐╨╛╨╗╨╛╨╢╨╡╨╜╨╕╨╕ ╨┐╤Г╤В╨╕ ╨┐╨╛╨╕╤Б╨║╨░ "{RawFileName}".
             ╨Ф╨░╨╜╨╜╨░╤П ╤Б╤Б╤Л╨╗╨║╨░ ╨╜╨╡ ╤П╨▓╨╗╤П╨╡╤В╤Б╤П "CopyLocal" ╤В╨░╨║ ╨║╨░╨║ ╤Е╨╛╤В╤П ╨▒╤Л ╨┤╨╗╤П ╨╛╨┤╨╜╨╛╨│╨╛ ╨╕╤Б╤В╨╛╤З╨╜╨╕╨║╨░ ╨┤╨░╨╜╨╜╤Л╤Е ╨┐╨░╤А╨░╨╝╨╡╤В╤А "Private" ╨╕╨╝╨╡╨╡╤В ╨╖╨╜╨░╤З╨╡╨╜╨╕╨╡ "false", ╨╕ ╨╜╨╡╤В ╨╕╤Б╤В╨╛╤З╨╜╨╕╨║╨╛╨▓ ╨┤╨░╨╜╨╜╤Л╤Е, ╨┤╨╗╤П ╨║╨╛╤В╨╛╤А╤Л╤Е ╨┐╨░╤А╨░╨╝╨╡╤В╤А "Private" ╨╕╨╝╨╡╨╡╤В ╨╖╨╜╨░╤З╨╡╨╜╨╕╨╡ "true".
         ╨Я╨╡╤А╨▓╨╕╤З╨╜╨░╤П ╤Б╤Б╤Л╨╗╨║╨░ "Microsoft.Extensions.Configuration, Version=9.0.0.0, Culture=neutral, PublicKeyToken=adb9793829ddae60".
             ╨а╨░╨╖╤А╨╡╤И╨╡╨╜╨╜╤Л╨╣ ╨┐╤Г╤В╤М ╨║ ╤Д╨░╨╣╨╗╤Г - "C:\Program Files\dotnet\packs\Microsoft.AspNetCore.App.Ref\9.0.2\ref\net9.0\Microsoft.Extensions.Configuration.dll".
             ╨Ю╨▒╨╜╨░╤А╤Г╨╢╨╡╨╜╨░ ╤Б╤Б╤Л╨╗╨║╨░ ╨▓ ╤А╨░╤Б╨┐╨╛╨╗╨╛╨╢╨╡╨╜╨╕╨╕ ╨┐╤Г╤В╨╕ ╨┐╨╛╨╕╤Б╨║╨░ "{RawFileName}".
             ╨Ф╨░╨╜╨╜╨░╤П ╤Б╤Б╤Л╨╗╨║╨░ ╨╜╨╡ ╤П╨▓╨╗╤П╨╡╤В╤Б╤П "CopyLocal" ╤В╨░╨║ ╨║╨░╨║ ╤Е╨╛╤В╤П ╨▒╤Л ╨┤╨╗╤П ╨╛╨┤╨╜╨╛╨│╨╛ ╨╕╤Б╤В╨╛╤З╨╜╨╕╨║╨░ ╨┤╨░╨╜╨╜╤Л╤Е ╨┐╨░╤А╨░╨╝╨╡╤В╤А "Private" ╨╕╨╝╨╡╨╡╤В ╨╖╨╜╨░╤З╨╡╨╜╨╕╨╡ "false", ╨╕ ╨╜╨╡╤В ╨╕╤Б╤В╨╛╤З╨╜╨╕╨║╨╛╨▓ ╨┤╨░╨╜╨╜╤Л╤Е, ╨┤╨╗╤П ╨║╨╛╤В╨╛╤А╤Л╤Е ╨┐╨░╤А╨░╨╝╨╡╤В╤А "Private" ╨╕╨╝╨╡╨╡╤В ╨╖╨╜╨░╤З╨╡╨╜╨╕╨╡ "true".
         ╨Я╨╡╤А╨▓╨╕╤З╨╜╨░╤П ╤Б╤Б╤Л╨╗╨║╨░ "Microsoft.Extensions.Diagnostics.Abstractions, Version=9.0.0.0, Culture=neutral, PublicKeyToken=adb9793829ddae60".
             ╨а╨░╨╖╤А╨╡╤И╨╡╨╜╨╜╤Л╨╣ ╨┐╤Г╤В╤М ╨║ ╤Д╨░╨╣╨╗╤Г - "C:\Program Files\dotnet\packs\Microsoft.AspNetCore.App.Ref\9.0.2\ref\net9.0\Microsoft.Extensions.Diagnostics.Abstractions.dll".
             ╨Ю╨▒╨╜╨░╤А╤Г╨╢╨╡╨╜╨░ ╤Б╤Б╤Л╨╗╨║╨░ ╨▓ ╤А╨░╤Б╨┐╨╛╨╗╨╛╨╢╨╡╨╜╨╕╨╕ ╨┐╤Г╤В╨╕ ╨┐╨╛╨╕╤Б╨║╨░ "{RawFileName}".
             ╨Ф╨░╨╜╨╜╨░╤П ╤Б╤Б╤Л╨╗╨║╨░ ╨╜╨╡ ╤П╨▓╨╗╤П╨╡╤В╤Б╤П "CopyLocal" ╤В╨░╨║ ╨║╨░╨║ ╤Е╨╛╤В╤П ╨▒╤Л ╨┤╨╗╤П ╨╛╨┤╨╜╨╛╨│╨╛ ╨╕╤Б╤В╨╛╤З╨╜╨╕╨║╨░ ╨┤╨░╨╜╨╜╤Л╤Е ╨┐╨░╤А╨░╨╝╨╡╤В╤А "Private" ╨╕╨╝╨╡╨╡╤В ╨╖╨╜╨░╤З╨╡╨╜╨╕╨╡ "false", ╨╕ ╨╜╨╡╤В ╨╕╤Б╤В╨╛╤З╨╜╨╕╨║╨╛╨▓ ╨┤╨░╨╜╨╜╤Л╤Е, ╨┤╨╗╤П ╨║╨╛╤В╨╛╤А╤Л╤Е ╨┐╨░╤А╨░╨╝╨╡╤В╤А "Private" ╨╕╨╝╨╡╨╡╤В ╨╖╨╜╨░╤З╨╡╨╜╨╕╨╡ "true".
         ╨Я╨╡╤А╨▓╨╕╤З╨╜╨░╤П ╤Б╤Б╤Л╨╗╨║╨░ "Microsoft.Extensions.Diagnostics.HealthChecks.Abstractions, Version=9.0.0.0, Culture=neutral, PublicKeyToken=adb9793829ddae60".
             ╨а╨░╨╖╤А╨╡╤И╨╡╨╜╨╜╤Л╨╣ ╨┐╤Г╤В╤М ╨║ ╤Д╨░╨╣╨╗╤Г - "C:\Program Files\dotnet\packs\Microsoft.AspNetCore.App.Ref\9.0.2\ref\net9.0\Microsoft.Extensions.Diagnostics.HealthChecks.Abstractions.dll".
             ╨Ю╨▒╨╜╨░╤А╤Г╨╢╨╡╨╜╨░ ╤Б╤Б╤Л╨╗╨║╨░ ╨▓ ╤А╨░╤Б╨┐╨╛╨╗╨╛╨╢╨╡╨╜╨╕╨╕ ╨┐╤Г╤В╨╕ ╨┐╨╛╨╕╤Б╨║╨░ "{RawFileName}".
             ╨Ф╨░╨╜╨╜╨░╤П ╤Б╤Б╤Л╨╗╨║╨░ ╨╜╨╡ ╤П╨▓╨╗╤П╨╡╤В╤Б╤П "CopyLocal" ╤В╨░╨║ ╨║╨░╨║ ╤Е╨╛╤В╤П ╨▒╤Л ╨┤╨╗╤П ╨╛╨┤╨╜╨╛╨│╨╛ ╨╕╤Б╤В╨╛╤З╨╜╨╕╨║╨░ ╨┤╨░╨╜╨╜╤Л╤Е ╨┐╨░╤А╨░╨╝╨╡╤В╤А "Private" ╨╕╨╝╨╡╨╡╤В ╨╖╨╜╨░╤З╨╡╨╜╨╕╨╡ "false", ╨╕ ╨╜╨╡╤В ╨╕╤Б╤В╨╛╤З╨╜╨╕╨║╨╛╨▓ ╨┤╨░╨╜╨╜╤Л╤Е, ╨┤╨╗╤П ╨║╨╛╤В╨╛╤А╤Л╤Е ╨┐╨░╤А╨░╨╝╨╡╤В╤А "Private" ╨╕╨╝╨╡╨╡╤В ╨╖╨╜╨░╤З╨╡╨╜╨╕╨╡ "true".
         ╨Я╨╡╤А╨▓╨╕╤З╨╜╨░╤П ╤Б╤Б╤Л╨╗╨║╨░ "Microsoft.Extensions.Diagnostics.HealthChecks, Version=9.0.0.0, Culture=neutral, PublicKeyToken=adb9793829ddae60".
             ╨а╨░╨╖╤А╨╡╤И╨╡╨╜╨╜╤Л╨╣ ╨┐╤Г╤В╤М ╨║ ╤Д╨░╨╣╨╗╤Г - "C:\Program Files\dotnet\packs\Microsoft.AspNetCore.App.Ref\9.0.2\ref\net9.0\Microsoft.Extensions.Diagnostics.HealthChecks.dll".
             ╨Ю╨▒╨╜╨░╤А╤Г╨╢╨╡╨╜╨░ ╤Б╤Б╤Л╨╗╨║╨░ ╨▓ ╤А╨░╤Б╨┐╨╛╨╗╨╛╨╢╨╡╨╜╨╕╨╕ ╨┐╤Г╤В╨╕ ╨┐╨╛╨╕╤Б╨║╨░ "{RawFileName}".
             ╨Ф╨░╨╜╨╜╨░╤П ╤Б╤Б╤Л╨╗╨║╨░ ╨╜╨╡ ╤П╨▓╨╗╤П╨╡╤В╤Б╤П "CopyLocal" ╤В╨░╨║ ╨║╨░╨║ ╤Е╨╛╤В╤П ╨▒╤Л ╨┤╨╗╤П ╨╛╨┤╨╜╨╛╨│╨╛ ╨╕╤Б╤В╨╛╤З╨╜╨╕╨║╨░ ╨┤╨░╨╜╨╜╤Л╤Е ╨┐╨░╤А╨░╨╝╨╡╤В╤А "Private" ╨╕╨╝╨╡╨╡╤В ╨╖╨╜╨░╤З╨╡╨╜╨╕╨╡ "false", ╨╕ ╨╜╨╡╤В ╨╕╤Б╤В╨╛╤З╨╜╨╕╨║╨╛╨▓ ╨┤╨░╨╜╨╜╤Л╤Е, ╨┤╨╗╤П ╨║╨╛╤В╨╛╤А╤Л╤Е ╨┐╨░╤А╨░╨╝╨╡╤В╤А "Private" ╨╕╨╝╨╡╨╡╤В ╨╖╨╜╨░╤З╨╡╨╜╨╕╨╡ "true".
         ╨Я╨╡╤А╨▓╨╕╤З╨╜╨░╤П ╤Б╤Б╤Л╨╗╨║╨░ "Microsoft.Extensions.Diagnostics, Version=9.0.0.0, Culture=neutral, PublicKeyToken=adb9793829ddae60".
             ╨а╨░╨╖╤А╨╡╤И╨╡╨╜╨╜╤Л╨╣ ╨┐╤Г╤В╤М ╨║ ╤Д╨░╨╣╨╗╤Г - "C:\Program Files\dotnet\packs\Microsoft.AspNetCore.App.Ref\9.0.2\ref\net9.0\Microsoft.Extensions.Diagnostics.dll".
             ╨Ю╨▒╨╜╨░╤А╤Г╨╢╨╡╨╜╨░ ╤Б╤Б╤Л╨╗╨║╨░ ╨▓ ╤А╨░╤Б╨┐╨╛╨╗╨╛╨╢╨╡╨╜╨╕╨╕ ╨┐╤Г╤В╨╕ ╨┐╨╛╨╕╤Б╨║╨░ "{RawFileName}".
             ╨Ф╨░╨╜╨╜╨░╤П ╤Б╤Б╤Л╨╗╨║╨░ ╨╜╨╡ ╤П╨▓╨╗╤П╨╡╤В╤Б╤П "CopyLocal" ╤В╨░╨║ ╨║╨░╨║ ╤Е╨╛╤В╤П ╨▒╤Л ╨┤╨╗╤П ╨╛╨┤╨╜╨╛╨│╨╛ ╨╕╤Б╤В╨╛╤З╨╜╨╕╨║╨░ ╨┤╨░╨╜╨╜╤Л╤Е ╨┐╨░╤А╨░╨╝╨╡╤В╤А "Private" ╨╕╨╝╨╡╨╡╤В ╨╖╨╜╨░╤З╨╡╨╜╨╕╨╡ "false", ╨╕ ╨╜╨╡╤В ╨╕╤Б╤В╨╛╤З╨╜╨╕╨║╨╛╨▓ ╨┤╨░╨╜╨╜╤Л╤Е, ╨┤╨╗╤П ╨║╨╛╤В╨╛╤А╤Л╤Е ╨┐╨░╤А╨░╨╝╨╡╤В╤А "Private" ╨╕╨╝╨╡╨╡╤В ╨╖╨╜╨░╤З╨╡╨╜╨╕╨╡ "true".
         ╨Я╨╡╤А╨▓╨╕╤З╨╜╨░╤П ╤Б╤Б╤Л╨╗╨║╨░ "Microsoft.Extensions.Features, Version=9.0.0.0, Culture=neutral, PublicKeyToken=adb9793829ddae60".
             ╨а╨░╨╖╤А╨╡╤И╨╡╨╜╨╜╤Л╨╣ ╨┐╤Г╤В╤М ╨║ ╤Д╨░╨╣╨╗╤Г - "C:\Program Files\dotnet\packs\Microsoft.AspNetCore.App.Ref\9.0.2\ref\net9.0\Microsoft.Extensions.Features.dll".
             ╨Ю╨▒╨╜╨░╤А╤Г╨╢╨╡╨╜╨░ ╤Б╤Б╤Л╨╗╨║╨░ ╨▓ ╤А╨░╤Б╨┐╨╛╨╗╨╛╨╢╨╡╨╜╨╕╨╕ ╨┐╤Г╤В╨╕ ╨┐╨╛╨╕╤Б╨║╨░ "{RawFileName}".
             ╨Ф╨░╨╜╨╜╨░╤П ╤Б╤Б╤Л╨╗╨║╨░ ╨╜╨╡ ╤П╨▓╨╗╤П╨╡╤В╤Б╤П "CopyLocal" ╤В╨░╨║ ╨║╨░╨║ ╤Е╨╛╤В╤П ╨▒╤Л ╨┤╨╗╤П ╨╛╨┤╨╜╨╛╨│╨╛ ╨╕╤Б╤В╨╛╤З╨╜╨╕╨║╨░ ╨┤╨░╨╜╨╜╤Л╤Е ╨┐╨░╤А╨░╨╝╨╡╤В╤А "Private" ╨╕╨╝╨╡╨╡╤В ╨╖╨╜╨░╤З╨╡╨╜╨╕╨╡ "false", ╨╕ ╨╜╨╡╤В ╨╕╤Б╤В╨╛╤З╨╜╨╕╨║╨╛╨▓ ╨┤╨░╨╜╨╜╤Л╤Е, ╨┤╨╗╤П ╨║╨╛╤В╨╛╤А╤Л╤Е ╨┐╨░╤А╨░╨╝╨╡╤В╤А "Private" ╨╕╨╝╨╡╨╡╤В ╨╖╨╜╨░╤З╨╡╨╜╨╕╨╡ "true".
         ╨Я╨╡╤А╨▓╨╕╤З╨╜╨░╤П ╤Б╤Б╤Л╨╗╨║╨░ "Microsoft.Extensions.FileProviders.Abstractions, Version=9.0.0.0, Culture=neutral, PublicKeyToken=adb9793829ddae60".
             ╨а╨░╨╖╤А╨╡╤И╨╡╨╜╨╜╤Л╨╣ ╨┐╤Г╤В╤М ╨║ ╤Д╨░╨╣╨╗╤Г - "C:\Program Files\dotnet\packs\Microsoft.AspNetCore.App.Ref\9.0.2\ref\net9.0\Microsoft.Extensions.FileProviders.Abstractions.dll".
             ╨Ю╨▒╨╜╨░╤А╤Г╨╢╨╡╨╜╨░ ╤Б╤Б╤Л╨╗╨║╨░ ╨▓ ╤А╨░╤Б╨┐╨╛╨╗╨╛╨╢╨╡╨╜╨╕╨╕ ╨┐╤Г╤В╨╕ ╨┐╨╛╨╕╤Б╨║╨░ "{RawFileName}".
             ╨Ф╨░╨╜╨╜╨░╤П ╤Б╤Б╤Л╨╗╨║╨░ ╨╜╨╡ ╤П╨▓╨╗╤П╨╡╤В╤Б╤П "CopyLocal" ╤В╨░╨║ ╨║╨░╨║ ╤Е╨╛╤В╤П ╨▒╤Л ╨┤╨╗╤П ╨╛╨┤╨╜╨╛╨│╨╛ ╨╕╤Б╤В╨╛╤З╨╜╨╕╨║╨░ ╨┤╨░╨╜╨╜╤Л╤Е ╨┐╨░╤А╨░╨╝╨╡╤В╤А "Private" ╨╕╨╝╨╡╨╡╤В ╨╖╨╜╨░╤З╨╡╨╜╨╕╨╡ "false", ╨╕ ╨╜╨╡╤В ╨╕╤Б╤В╨╛╤З╨╜╨╕╨║╨╛╨▓ ╨┤╨░╨╜╨╜╤Л╤Е, ╨┤╨╗╤П ╨║╨╛╤В╨╛╤А╤Л╤Е ╨┐╨░╤А╨░╨╝╨╡╤В╤А "Private" ╨╕╨╝╨╡╨╡╤В ╨╖╨╜╨░╤З╨╡╨╜╨╕╨╡ "true".
         ╨Я╨╡╤А╨▓╨╕╤З╨╜╨░╤П ╤Б╤Б╤Л╨╗╨║╨░ "Microsoft.Extensions.FileProviders.Composite, Version=9.0.0.0, Culture=neutral, PublicKeyToken=adb9793829ddae60".
             ╨а╨░╨╖╤А╨╡╤И╨╡╨╜╨╜╤Л╨╣ ╨┐╤Г╤В╤М ╨║ ╤Д╨░╨╣╨╗╤Г - "C:\Program Files\dotnet\packs\Microsoft.AspNetCore.App.Ref\9.0.2\ref\net9.0\Microsoft.Extensions.FileProviders.Composite.dll".
             ╨Ю╨▒╨╜╨░╤А╤Г╨╢╨╡╨╜╨░ ╤Б╤Б╤Л╨╗╨║╨░ ╨▓ ╤А╨░╤Б╨┐╨╛╨╗╨╛╨╢╨╡╨╜╨╕╨╕ ╨┐╤Г╤В╨╕ ╨┐╨╛╨╕╤Б╨║╨░ "{RawFileName}".
             ╨Ф╨░╨╜╨╜╨░╤П ╤Б╤Б╤Л╨╗╨║╨░ ╨╜╨╡ ╤П╨▓╨╗╤П╨╡╤В╤Б╤П "CopyLocal" ╤В╨░╨║ ╨║╨░╨║ ╤Е╨╛╤В╤П ╨▒╤Л ╨┤╨╗╤П ╨╛╨┤╨╜╨╛╨│╨╛ ╨╕╤Б╤В╨╛╤З╨╜╨╕╨║╨░ ╨┤╨░╨╜╨╜╤Л╤Е ╨┐╨░╤А╨░╨╝╨╡╤В╤А "Private" ╨╕╨╝╨╡╨╡╤В ╨╖╨╜╨░╤З╨╡╨╜╨╕╨╡ "false", ╨╕ ╨╜╨╡╤В ╨╕╤Б╤В╨╛╤З╨╜╨╕╨║╨╛╨▓ ╨┤╨░╨╜╨╜╤Л╤Е, ╨┤╨╗╤П ╨║╨╛╤В╨╛╤А╤Л╤Е ╨┐╨░╤А╨░╨╝╨╡╤В╤А "Private" ╨╕╨╝╨╡╨╡╤В ╨╖╨╜╨░╤З╨╡╨╜╨╕╨╡ "true".
         ╨Я╨╡╤А╨▓╨╕╤З╨╜╨░╤П ╤Б╤Б╤Л╨╗╨║╨░ "Microsoft.Extensions.FileProviders.Embedded, Version=9.0.0.0, Culture=neutral, PublicKeyToken=adb9793829ddae60".
             ╨а╨░╨╖╤А╨╡╤И╨╡╨╜╨╜╤Л╨╣ ╨┐╤Г╤В╤М ╨║ ╤Д╨░╨╣╨╗╤Г - "C:\Program Files\dotnet\packs\Microsoft.AspNetCore.App.Ref\9.0.2\ref\net9.0\Microsoft.Extensions.FileProviders.Embedded.dll".
             ╨Ю╨▒╨╜╨░╤А╤Г╨╢╨╡╨╜╨░ ╤Б╤Б╤Л╨╗╨║╨░ ╨▓ ╤А╨░╤Б╨┐╨╛╨╗╨╛╨╢╨╡╨╜╨╕╨╕ ╨┐╤Г╤В╨╕ ╨┐╨╛╨╕╤Б╨║╨░ "{RawFileName}".
             ╨Ф╨░╨╜╨╜╨░╤П ╤Б╤Б╤Л╨╗╨║╨░ ╨╜╨╡ ╤П╨▓╨╗╤П╨╡╤В╤Б╤П "CopyLocal" ╤В╨░╨║ ╨║╨░╨║ ╤Е╨╛╤В╤П ╨▒╤Л ╨┤╨╗╤П ╨╛╨┤╨╜╨╛╨│╨╛ ╨╕╤Б╤В╨╛╤З╨╜╨╕╨║╨░ ╨┤╨░╨╜╨╜╤Л╤Е ╨┐╨░╤А╨░╨╝╨╡╤В╤А "Private" ╨╕╨╝╨╡╨╡╤В ╨╖╨╜╨░╤З╨╡╨╜╨╕╨╡ "false", ╨╕ ╨╜╨╡╤В ╨╕╤Б╤В╨╛╤З╨╜╨╕╨║╨╛╨▓ ╨┤╨░╨╜╨╜╤Л╤Е, ╨┤╨╗╤П ╨║╨╛╤В╨╛╤А╤Л╤Е ╨┐╨░╤А╨░╨╝╨╡╤В╤А "Private" ╨╕╨╝╨╡╨╡╤В ╨╖╨╜╨░╤З╨╡╨╜╨╕╨╡ "true".
         ╨Я╨╡╤А╨▓╨╕╤З╨╜╨░╤П ╤Б╤Б╤Л╨╗╨║╨░ "Microsoft.Extensions.FileProviders.Physical, Version=9.0.0.0, Culture=neutral, PublicKeyToken=adb9793829ddae60".
             ╨а╨░╨╖╤А╨╡╤И╨╡╨╜╨╜╤Л╨╣ ╨┐╤Г╤В╤М ╨║ ╤Д╨░╨╣╨╗╤Г - "C:\Program Files\dotnet\packs\Microsoft.AspNetCore.App.Ref\9.0.2\ref\net9.0\Microsoft.Extensions.FileProviders.Physical.dll".
             ╨Ю╨▒╨╜╨░╤А╤Г╨╢╨╡╨╜╨░ ╤Б╤Б╤Л╨╗╨║╨░ ╨▓ ╤А╨░╤Б╨┐╨╛╨╗╨╛╨╢╨╡╨╜╨╕╨╕ ╨┐╤Г╤В╨╕ ╨┐╨╛╨╕╤Б╨║╨░ "{RawFileName}".
             ╨Ф╨░╨╜╨╜╨░╤П ╤Б╤Б╤Л╨╗╨║╨░ ╨╜╨╡ ╤П╨▓╨╗╤П╨╡╤В╤Б╤П "CopyLocal" ╤В╨░╨║ ╨║╨░╨║ ╤Е╨╛╤В╤П ╨▒╤Л ╨┤╨╗╤П ╨╛╨┤╨╜╨╛╨│╨╛ ╨╕╤Б╤В╨╛╤З╨╜╨╕╨║╨░ ╨┤╨░╨╜╨╜╤Л╤Е ╨┐╨░╤А╨░╨╝╨╡╤В╤А "Private" ╨╕╨╝╨╡╨╡╤В ╨╖╨╜╨░╤З╨╡╨╜╨╕╨╡ "false", ╨╕ ╨╜╨╡╤В ╨╕╤Б╤В╨╛╤З╨╜╨╕╨║╨╛╨▓ ╨┤╨░╨╜╨╜╤Л╤Е, ╨┤╨╗╤П ╨║╨╛╤В╨╛╤А╤Л╤Е ╨┐╨░╤А╨░╨╝╨╡╤В╤А "Private" ╨╕╨╝╨╡╨╡╤В ╨╖╨╜╨░╤З╨╡╨╜╨╕╨╡ "true".
         ╨Я╨╡╤А╨▓╨╕╤З╨╜╨░╤П ╤Б╤Б╤Л╨╗╨║╨░ "Microsoft.Extensions.FileSystemGlobbing, Version=9.0.0.0, Culture=neutral, PublicKeyToken=adb9793829ddae60".
             ╨а╨░╨╖╤А╨╡╤И╨╡╨╜╨╜╤Л╨╣ ╨┐╤Г╤В╤М ╨║ ╤Д╨░╨╣╨╗╤Г - "C:\Program Files\dotnet\packs\Microsoft.AspNetCore.App.Ref\9.0.2\ref\net9.0\Microsoft.Extensions.FileSystemGlobbing.dll".
             ╨Ю╨▒╨╜╨░╤А╤Г╨╢╨╡╨╜╨░ ╤Б╤Б╤Л╨╗╨║╨░ ╨▓ ╤А╨░╤Б╨┐╨╛╨╗╨╛╨╢╨╡╨╜╨╕╨╕ ╨┐╤Г╤В╨╕ ╨┐╨╛╨╕╤Б╨║╨░ "{RawFileName}".
             ╨Ф╨░╨╜╨╜╨░╤П ╤Б╤Б╤Л╨╗╨║╨░ ╨╜╨╡ ╤П╨▓╨╗╤П╨╡╤В╤Б╤П "CopyLocal" ╤В╨░╨║ ╨║╨░╨║ ╤Е╨╛╤В╤П ╨▒╤Л ╨┤╨╗╤П ╨╛╨┤╨╜╨╛╨│╨╛ ╨╕╤Б╤В╨╛╤З╨╜╨╕╨║╨░ ╨┤╨░╨╜╨╜╤Л╤Е ╨┐╨░╤А╨░╨╝╨╡╤В╤А "Private" ╨╕╨╝╨╡╨╡╤В ╨╖╨╜╨░╤З╨╡╨╜╨╕╨╡ "false", ╨╕ ╨╜╨╡╤В ╨╕╤Б╤В╨╛╤З╨╜╨╕╨║╨╛╨▓ ╨┤╨░╨╜╨╜╤Л╤Е, ╨┤╨╗╤П ╨║╨╛╤В╨╛╤А╤Л╤Е ╨┐╨░╤А╨░╨╝╨╡╤В╤А "Private" ╨╕╨╝╨╡╨╡╤В ╨╖╨╜╨░╤З╨╡╨╜╨╕╨╡ "true".
         ╨Я╨╡╤А╨▓╨╕╤З╨╜╨░╤П ╤Б╤Б╤Л╨╗╨║╨░ "Microsoft.Extensions.Hosting.Abstractions, Version=9.0.0.0, Culture=neutral, PublicKeyToken=adb9793829ddae60".
             ╨а╨░╨╖╤А╨╡╤И╨╡╨╜╨╜╤Л╨╣ ╨┐╤Г╤В╤М ╨║ ╤Д╨░╨╣╨╗╤Г - "C:\Program Files\dotnet\packs\Microsoft.AspNetCore.App.Ref\9.0.2\ref\net9.0\Microsoft.Extensions.Hosting.Abstractions.dll".
             ╨Ю╨▒╨╜╨░╤А╤Г╨╢╨╡╨╜╨░ ╤Б╤Б╤Л╨╗╨║╨░ ╨▓ ╤А╨░╤Б╨┐╨╛╨╗╨╛╨╢╨╡╨╜╨╕╨╕ ╨┐╤Г╤В╨╕ ╨┐╨╛╨╕╤Б╨║╨░ "{RawFileName}".
             ╨Ф╨░╨╜╨╜╨░╤П ╤Б╤Б╤Л╨╗╨║╨░ ╨╜╨╡ ╤П╨▓╨╗╤П╨╡╤В╤Б╤П "CopyLocal" ╤В╨░╨║ ╨║╨░╨║ ╤Е╨╛╤В╤П ╨▒╤Л ╨┤╨╗╤П ╨╛╨┤╨╜╨╛╨│╨╛ ╨╕╤Б╤В╨╛╤З╨╜╨╕╨║╨░ ╨┤╨░╨╜╨╜╤Л╤Е ╨┐╨░╤А╨░╨╝╨╡╤В╤А "Private" ╨╕╨╝╨╡╨╡╤В ╨╖╨╜╨░╤З╨╡╨╜╨╕╨╡ "false", ╨╕ ╨╜╨╡╤В ╨╕╤Б╤В╨╛╤З╨╜╨╕╨║╨╛╨▓ ╨┤╨░╨╜╨╜╤Л╤Е, ╨┤╨╗╤П ╨║╨╛╤В╨╛╤А╤Л╤Е ╨┐╨░╤А╨░╨╝╨╡╤В╤А "Private" ╨╕╨╝╨╡╨╡╤В ╨╖╨╜╨░╤З╨╡╨╜╨╕╨╡ "true".
         ╨Я╨╡╤А╨▓╨╕╤З╨╜╨░╤П ╤Б╤Б╤Л╨╗╨║╨░ "Microsoft.Extensions.Hosting, Version=9.0.0.0, Culture=neutral, PublicKeyToken=adb9793829ddae60".
             ╨а╨░╨╖╤А╨╡╤И╨╡╨╜╨╜╤Л╨╣ ╨┐╤Г╤В╤М ╨║ ╤Д╨░╨╣╨╗╤Г - "C:\Program Files\dotnet\packs\Microsoft.AspNetCore.App.Ref\9.0.2\ref\net9.0\Microsoft.Extensions.Hosting.dll".
             ╨Ю╨▒╨╜╨░╤А╤Г╨╢╨╡╨╜╨░ ╤Б╤Б╤Л╨╗╨║╨░ ╨▓ ╤А╨░╤Б╨┐╨╛╨╗╨╛╨╢╨╡╨╜╨╕╨╕ ╨┐╤Г╤В╨╕ ╨┐╨╛╨╕╤Б╨║╨░ "{RawFileName}".
             ╨Ф╨░╨╜╨╜╨░╤П ╤Б╤Б╤Л╨╗╨║╨░ ╨╜╨╡ ╤П╨▓╨╗╤П╨╡╤В╤Б╤П "CopyLocal" ╤В╨░╨║ ╨║╨░╨║ ╤Е╨╛╤В╤П ╨▒╤Л ╨┤╨╗╤П ╨╛╨┤╨╜╨╛╨│╨╛ ╨╕╤Б╤В╨╛╤З╨╜╨╕╨║╨░ ╨┤╨░╨╜╨╜╤Л╤Е ╨┐╨░╤А╨░╨╝╨╡╤В╤А "Private" ╨╕╨╝╨╡╨╡╤В ╨╖╨╜╨░╤З╨╡╨╜╨╕╨╡ "false", ╨╕ ╨╜╨╡╤В ╨╕╤Б╤В╨╛╤З╨╜╨╕╨║╨╛╨▓ ╨┤╨░╨╜╨╜╤Л╤Е, ╨┤╨╗╤П ╨║╨╛╤В╨╛╤А╤Л╤Е ╨┐╨░╤А╨░╨╝╨╡╤В╤А "Private" ╨╕╨╝╨╡╨╡╤В ╨╖╨╜╨░╤З╨╡╨╜╨╕╨╡ "true".
         ╨Я╨╡╤А╨▓╨╕╤З╨╜╨░╤П ╤Б╤Б╤Л╨╗╨║╨░ "Microsoft.Extensions.Http, Version=9.0.0.0, Culture=neutral, PublicKeyToken=adb9793829ddae60".
             ╨а╨░╨╖╤А╨╡╤И╨╡╨╜╨╜╤Л╨╣ ╨┐╤Г╤В╤М ╨║ ╤Д╨░╨╣╨╗╤Г - "C:\Program Files\dotnet\packs\Microsoft.AspNetCore.App.Ref\9.0.2\ref\net9.0\Microsoft.Extensions.Http.dll".
             ╨Ю╨▒╨╜╨░╤А╤Г╨╢╨╡╨╜╨░ ╤Б╤Б╤Л╨╗╨║╨░ ╨▓ ╤А╨░╤Б╨┐╨╛╨╗╨╛╨╢╨╡╨╜╨╕╨╕ ╨┐╤Г╤В╨╕ ╨┐╨╛╨╕╤Б╨║╨░ "{RawFileName}".
             ╨Ф╨░╨╜╨╜╨░╤П ╤Б╤Б╤Л╨╗╨║╨░ ╨╜╨╡ ╤П╨▓╨╗╤П╨╡╤В╤Б╤П "CopyLocal" ╤В╨░╨║ ╨║╨░╨║ ╤Е╨╛╤В╤П ╨▒╤Л ╨┤╨╗╤П ╨╛╨┤╨╜╨╛╨│╨╛ ╨╕╤Б╤В╨╛╤З╨╜╨╕╨║╨░ ╨┤╨░╨╜╨╜╤Л╤Е ╨┐╨░╤А╨░╨╝╨╡╤В╤А "Private" ╨╕╨╝╨╡╨╡╤В ╨╖╨╜╨░╤З╨╡╨╜╨╕╨╡ "false", ╨╕ ╨╜╨╡╤В ╨╕╤Б╤В╨╛╤З╨╜╨╕╨║╨╛╨▓ ╨┤╨░╨╜╨╜╤Л╤Е, ╨┤╨╗╤П ╨║╨╛╤В╨╛╤А╤Л╤Е ╨┐╨░╤А╨░╨╝╨╡╤В╤А "Private" ╨╕╨╝╨╡╨╡╤В ╨╖╨╜╨░╤З╨╡╨╜╨╕╨╡ "true".
         ╨Я╨╡╤А╨▓╨╕╤З╨╜╨░╤П ╤Б╤Б╤Л╨╗╨║╨░ "Microsoft.Extensions.Localization.Abstractions, Version=9.0.0.0, Culture=neutral, PublicKeyToken=adb9793829ddae60".
             ╨а╨░╨╖╤А╨╡╤И╨╡╨╜╨╜╤Л╨╣ ╨┐╤Г╤В╤М ╨║ ╤Д╨░╨╣╨╗╤Г - "C:\Program Files\dotnet\packs\Microsoft.AspNetCore.App.Ref\9.0.2\ref\net9.0\Microsoft.Extensions.Localization.Abstractions.dll".
             ╨Ю╨▒╨╜╨░╤А╤Г╨╢╨╡╨╜╨░ ╤Б╤Б╤Л╨╗╨║╨░ ╨▓ ╤А╨░╤Б╨┐╨╛╨╗╨╛╨╢╨╡╨╜╨╕╨╕ ╨┐╤Г╤В╨╕ ╨┐╨╛╨╕╤Б╨║╨░ "{RawFileName}".
             ╨Ф╨░╨╜╨╜╨░╤П ╤Б╤Б╤Л╨╗╨║╨░ ╨╜╨╡ ╤П╨▓╨╗╤П╨╡╤В╤Б╤П "CopyLocal" ╤В╨░╨║ ╨║╨░╨║ ╤Е╨╛╤В╤П ╨▒╤Л ╨┤╨╗╤П ╨╛╨┤╨╜╨╛╨│╨╛ ╨╕╤Б╤В╨╛╤З╨╜╨╕╨║╨░ ╨┤╨░╨╜╨╜╤Л╤Е ╨┐╨░╤А╨░╨╝╨╡╤В╤А "Private" ╨╕╨╝╨╡╨╡╤В ╨╖╨╜╨░╤З╨╡╨╜╨╕╨╡ "false", ╨╕ ╨╜╨╡╤В ╨╕╤Б╤В╨╛╤З╨╜╨╕╨║╨╛╨▓ ╨┤╨░╨╜╨╜╤Л╤Е, ╨┤╨╗╤П ╨║╨╛╤В╨╛╤А╤Л╤Е ╨┐╨░╤А╨░╨╝╨╡╤В╤А "Private" ╨╕╨╝╨╡╨╡╤В ╨╖╨╜╨░╤З╨╡╨╜╨╕╨╡ "true".
         ╨Я╨╡╤А╨▓╨╕╤З╨╜╨░╤П ╤Б╤Б╤Л╨╗╨║╨░ "Microsoft.Extensions.Localization, Version=9.0.0.0, Culture=neutral, PublicKeyToken=adb9793829ddae60".
             ╨а╨░╨╖╤А╨╡╤И╨╡╨╜╨╜╤Л╨╣ ╨┐╤Г╤В╤М ╨║ ╤Д╨░╨╣╨╗╤Г - "C:\Program Files\dotnet\packs\Microsoft.AspNetCore.App.Ref\9.0.2\ref\net9.0\Microsoft.Extensions.Localization.dll".
             ╨Ю╨▒╨╜╨░╤А╤Г╨╢╨╡╨╜╨░ ╤Б╤Б╤Л╨╗╨║╨░ ╨▓ ╤А╨░╤Б╨┐╨╛╨╗╨╛╨╢╨╡╨╜╨╕╨╕ ╨┐╤Г╤В╨╕ ╨┐╨╛╨╕╤Б╨║╨░ "{RawFileName}".
             ╨Ф╨░╨╜╨╜╨░╤П ╤Б╤Б╤Л╨╗╨║╨░ ╨╜╨╡ ╤П╨▓╨╗╤П╨╡╤В╤Б╤П "CopyLocal" ╤В╨░╨║ ╨║╨░╨║ ╤Е╨╛╤В╤П ╨▒╤Л ╨┤╨╗╤П ╨╛╨┤╨╜╨╛╨│╨╛ ╨╕╤Б╤В╨╛╤З╨╜╨╕╨║╨░ ╨┤╨░╨╜╨╜╤Л╤Е ╨┐╨░╤А╨░╨╝╨╡╤В╤А "Private" ╨╕╨╝╨╡╨╡╤В ╨╖╨╜╨░╤З╨╡╨╜╨╕╨╡ "false", ╨╕ ╨╜╨╡╤В ╨╕╤Б╤В╨╛╤З╨╜╨╕╨║╨╛╨▓ ╨┤╨░╨╜╨╜╤Л╤Е, ╨┤╨╗╤П ╨║╨╛╤В╨╛╤А╤Л╤Е ╨┐╨░╤А╨░╨╝╨╡╤В╤А "Private" ╨╕╨╝╨╡╨╡╤В ╨╖╨╜╨░╤З╨╡╨╜╨╕╨╡ "true".
         ╨Я╨╡╤А╨▓╨╕╤З╨╜╨░╤П ╤Б╤Б╤Л╨╗╨║╨░ "Microsoft.Extensions.Logging.Configuration, Version=9.0.0.0, Culture=neutral, PublicKeyToken=adb9793829ddae60".
             ╨а╨░╨╖╤А╨╡╤И╨╡╨╜╨╜╤Л╨╣ ╨┐╤Г╤В╤М ╨║ ╤Д╨░╨╣╨╗╤Г - "C:\Program Files\dotnet\packs\Microsoft.AspNetCore.App.Ref\9.0.2\ref\net9.0\Microsoft.Extensions.Logging.Configuration.dll".
             ╨Ю╨▒╨╜╨░╤А╤Г╨╢╨╡╨╜╨░ ╤Б╤Б╤Л╨╗╨║╨░ ╨▓ ╤А╨░╤Б╨┐╨╛╨╗╨╛╨╢╨╡╨╜╨╕╨╕ ╨┐╤Г╤В╨╕ ╨┐╨╛╨╕╤Б╨║╨░ "{RawFileName}".
             ╨Ф╨░╨╜╨╜╨░╤П ╤Б╤Б╤Л╨╗╨║╨░ ╨╜╨╡ ╤П╨▓╨╗╤П╨╡╤В╤Б╤П "CopyLocal" ╤В╨░╨║ ╨║╨░╨║ ╤Е╨╛╤В╤П ╨▒╤Л ╨┤╨╗╤П ╨╛╨┤╨╜╨╛╨│╨╛ ╨╕╤Б╤В╨╛╤З╨╜╨╕╨║╨░ ╨┤╨░╨╜╨╜╤Л╤Е ╨┐╨░╤А╨░╨╝╨╡╤В╤А "Private" ╨╕╨╝╨╡╨╡╤В ╨╖╨╜╨░╤З╨╡╨╜╨╕╨╡ "false", ╨╕ ╨╜╨╡╤В ╨╕╤Б╤В╨╛╤З╨╜╨╕╨║╨╛╨▓ ╨┤╨░╨╜╨╜╤Л╤Е, ╨┤╨╗╤П ╨║╨╛╤В╨╛╤А╤Л╤Е ╨┐╨░╤А╨░╨╝╨╡╤В╤А "Private" ╨╕╨╝╨╡╨╡╤В ╨╖╨╜╨░╤З╨╡╨╜╨╕╨╡ "true".
         ╨Я╨╡╤А╨▓╨╕╤З╨╜╨░╤П ╤Б╤Б╤Л╨╗╨║╨░ "Microsoft.Extensions.Logging.Console, Version=9.0.0.0, Culture=neutral, PublicKeyToken=adb9793829ddae60".
             ╨а╨░╨╖╤А╨╡╤И╨╡╨╜╨╜╤Л╨╣ ╨┐╤Г╤В╤М ╨║ ╤Д╨░╨╣╨╗╤Г - "C:\Program Files\dotnet\packs\Microsoft.AspNetCore.App.Ref\9.0.2\ref\net9.0\Microsoft.Extensions.Logging.Console.dll".
             ╨Ю╨▒╨╜╨░╤А╤Г╨╢╨╡╨╜╨░ ╤Б╤Б╤Л╨╗╨║╨░ ╨▓ ╤А╨░╤Б╨┐╨╛╨╗╨╛╨╢╨╡╨╜╨╕╨╕ ╨┐╤Г╤В╨╕ ╨┐╨╛╨╕╤Б╨║╨░ "{RawFileName}".
             ╨Ф╨░╨╜╨╜╨░╤П ╤Б╤Б╤Л╨╗╨║╨░ ╨╜╨╡ ╤П╨▓╨╗╤П╨╡╤В╤Б╤П "CopyLocal" ╤В╨░╨║ ╨║╨░╨║ ╤Е╨╛╤В╤П ╨▒╤Л ╨┤╨╗╤П ╨╛╨┤╨╜╨╛╨│╨╛ ╨╕╤Б╤В╨╛╤З╨╜╨╕╨║╨░ ╨┤╨░╨╜╨╜╤Л╤Е ╨┐╨░╤А╨░╨╝╨╡╤В╤А "Private" ╨╕╨╝╨╡╨╡╤В ╨╖╨╜╨░╤З╨╡╨╜╨╕╨╡ "false", ╨╕ ╨╜╨╡╤В ╨╕╤Б╤В╨╛╤З╨╜╨╕╨║╨╛╨▓ ╨┤╨░╨╜╨╜╤Л╤Е, ╨┤╨╗╤П ╨║╨╛╤В╨╛╤А╤Л╤Е ╨┐╨░╤А╨░╨╝╨╡╤В╤А "Private" ╨╕╨╝╨╡╨╡╤В ╨╖╨╜╨░╤З╨╡╨╜╨╕╨╡ "true".
         ╨Я╨╡╤А╨▓╨╕╤З╨╜╨░╤П ╤Б╤Б╤Л╨╗╨║╨░ "Microsoft.Extensions.Logging.Debug, Version=9.0.0.0, Culture=neutral, PublicKeyToken=adb9793829ddae60".
             ╨а╨░╨╖╤А╨╡╤И╨╡╨╜╨╜╤Л╨╣ ╨┐╤Г╤В╤М ╨║ ╤Д╨░╨╣╨╗╤Г - "C:\Program Files\dotnet\packs\Microsoft.AspNetCore.App.Ref\9.0.2\ref\net9.0\Microsoft.Extensions.Logging.Debug.dll".
             ╨Ю╨▒╨╜╨░╤А╤Г╨╢╨╡╨╜╨░ ╤Б╤Б╤Л╨╗╨║╨░ ╨▓ ╤А╨░╤Б╨┐╨╛╨╗╨╛╨╢╨╡╨╜╨╕╨╕ ╨┐╤Г╤В╨╕ ╨┐╨╛╨╕╤Б╨║╨░ "{RawFileName}".
             ╨Ф╨░╨╜╨╜╨░╤П ╤Б╤Б╤Л╨╗╨║╨░ ╨╜╨╡ ╤П╨▓╨╗╤П╨╡╤В╤Б╤П "CopyLocal" ╤В╨░╨║ ╨║╨░╨║ ╤Е╨╛╤В╤П ╨▒╤Л ╨┤╨╗╤П ╨╛╨┤╨╜╨╛╨│╨╛ ╨╕╤Б╤В╨╛╤З╨╜╨╕╨║╨░ ╨┤╨░╨╜╨╜╤Л╤Е ╨┐╨░╤А╨░╨╝╨╡╤В╤А "Private" ╨╕╨╝╨╡╨╡╤В ╨╖╨╜╨░╤З╨╡╨╜╨╕╨╡ "false", ╨╕ ╨╜╨╡╤В ╨╕╤Б╤В╨╛╤З╨╜╨╕╨║╨╛╨▓ ╨┤╨░╨╜╨╜╤Л╤Е, ╨┤╨╗╤П ╨║╨╛╤В╨╛╤А╤Л╤Е ╨┐╨░╤А╨░╨╝╨╡╤В╤А "Private" ╨╕╨╝╨╡╨╡╤В ╨╖╨╜╨░╤З╨╡╨╜╨╕╨╡ "true".
         ╨Я╨╡╤А╨▓╨╕╤З╨╜╨░╤П ╤Б╤Б╤Л╨╗╨║╨░ "Microsoft.Extensions.Logging.EventLog, Version=9.0.0.0, Culture=neutral, PublicKeyToken=adb9793829ddae60".
             ╨а╨░╨╖╤А╨╡╤И╨╡╨╜╨╜╤Л╨╣ ╨┐╤Г╤В╤М ╨║ ╤Д╨░╨╣╨╗╤Г - "C:\Program Files\dotnet\packs\Microsoft.AspNetCore.App.Ref\9.0.2\ref\net9.0\Microsoft.Extensions.Logging.EventLog.dll".
             ╨Ю╨▒╨╜╨░╤А╤Г╨╢╨╡╨╜╨░ ╤Б╤Б╤Л╨╗╨║╨░ ╨▓ ╤А╨░╤Б╨┐╨╛╨╗╨╛╨╢╨╡╨╜╨╕╨╕ ╨┐╤Г╤В╨╕ ╨┐╨╛╨╕╤Б╨║╨░ "{RawFileName}".
             ╨Ф╨░╨╜╨╜╨░╤П ╤Б╤Б╤Л╨╗╨║╨░ ╨╜╨╡ ╤П╨▓╨╗╤П╨╡╤В╤Б╤П "CopyLocal" ╤В╨░╨║ ╨║╨░╨║ ╤Е╨╛╤В╤П ╨▒╤Л ╨┤╨╗╤П ╨╛╨┤╨╜╨╛╨│╨╛ ╨╕╤Б╤В╨╛╤З╨╜╨╕╨║╨░ ╨┤╨░╨╜╨╜╤Л╤Е ╨┐╨░╤А╨░╨╝╨╡╤В╤А "Private" ╨╕╨╝╨╡╨╡╤В ╨╖╨╜╨░╤З╨╡╨╜╨╕╨╡ "false", ╨╕ ╨╜╨╡╤В ╨╕╤Б╤В╨╛╤З╨╜╨╕╨║╨╛╨▓ ╨┤╨░╨╜╨╜╤Л╤Е, ╨┤╨╗╤П ╨║╨╛╤В╨╛╤А╤Л╤Е ╨┐╨░╤А╨░╨╝╨╡╤В╤А "Private" ╨╕╨╝╨╡╨╡╤В ╨╖╨╜╨░╤З╨╡╨╜╨╕╨╡ "true".
         ╨Я╨╡╤А╨▓╨╕╤З╨╜╨░╤П ╤Б╤Б╤Л╨╗╨║╨░ "Microsoft.Extensions.Logging.EventSource, Version=9.0.0.0, Culture=neutral, PublicKeyToken=adb9793829ddae60".
             ╨а╨░╨╖╤А╨╡╤И╨╡╨╜╨╜╤Л╨╣ ╨┐╤Г╤В╤М ╨║ ╤Д╨░╨╣╨╗╤Г - "C:\Program Files\dotnet\packs\Microsoft.AspNetCore.App.Ref\9.0.2\ref\net9.0\Microsoft.Extensions.Logging.EventSource.dll".
             ╨Ю╨▒╨╜╨░╤А╤Г╨╢╨╡╨╜╨░ ╤Б╤Б╤Л╨╗╨║╨░ ╨▓ ╤А╨░╤Б╨┐╨╛╨╗╨╛╨╢╨╡╨╜╨╕╨╕ ╨┐╤Г╤В╨╕ ╨┐╨╛╨╕╤Б╨║╨░ "{RawFileName}".
             ╨Ф╨░╨╜╨╜╨░╤П ╤Б╤Б╤Л╨╗╨║╨░ ╨╜╨╡ ╤П╨▓╨╗╤П╨╡╤В╤Б╤П "CopyLocal" ╤В╨░╨║ ╨║╨░╨║ ╤Е╨╛╤В╤П ╨▒╤Л ╨┤╨╗╤П ╨╛╨┤╨╜╨╛╨│╨╛ ╨╕╤Б╤В╨╛╤З╨╜╨╕╨║╨░ ╨┤╨░╨╜╨╜╤Л╤Е ╨┐╨░╤А╨░╨╝╨╡╤В╤А "Private" ╨╕╨╝╨╡╨╡╤В ╨╖╨╜╨░╤З╨╡╨╜╨╕╨╡ "false", ╨╕ ╨╜╨╡╤В ╨╕╤Б╤В╨╛╤З╨╜╨╕╨║╨╛╨▓ ╨┤╨░╨╜╨╜╤Л╤Е, ╨┤╨╗╤П ╨║╨╛╤В╨╛╤А╤Л╤Е ╨┐╨░╤А╨░╨╝╨╡╤В╤А "Private" ╨╕╨╝╨╡╨╡╤В ╨╖╨╜╨░╤З╨╡╨╜╨╕╨╡ "true".
         ╨Я╨╡╤А╨▓╨╕╤З╨╜╨░╤П ╤Б╤Б╤Л╨╗╨║╨░ "Microsoft.Extensions.Logging.TraceSource, Version=9.0.0.0, Culture=neutral, PublicKeyToken=adb9793829ddae60".
             ╨а╨░╨╖╤А╨╡╤И╨╡╨╜╨╜╤Л╨╣ ╨┐╤Г╤В╤М ╨║ ╤Д╨░╨╣╨╗╤Г - "C:\Program Files\dotnet\packs\Microsoft.AspNetCore.App.Ref\9.0.2\ref\net9.0\Microsoft.Extensions.Logging.TraceSource.dll".
             ╨Ю╨▒╨╜╨░╤А╤Г╨╢╨╡╨╜╨░ ╤Б╤Б╤Л╨╗╨║╨░ ╨▓ ╤А╨░╤Б╨┐╨╛╨╗╨╛╨╢╨╡╨╜╨╕╨╕ ╨┐╤Г╤В╨╕ ╨┐╨╛╨╕╤Б╨║╨░ "{RawFileName}".
             ╨Ф╨░╨╜╨╜╨░╤П ╤Б╤Б╤Л╨╗╨║╨░ ╨╜╨╡ ╤П╨▓╨╗╤П╨╡╤В╤Б╤П "CopyLocal" ╤В╨░╨║ ╨║╨░╨║ ╤Е╨╛╤В╤П ╨▒╤Л ╨┤╨╗╤П ╨╛╨┤╨╜╨╛╨│╨╛ ╨╕╤Б╤В╨╛╤З╨╜╨╕╨║╨░ ╨┤╨░╨╜╨╜╤Л╤Е ╨┐╨░╤А╨░╨╝╨╡╤В╤А "Private" ╨╕╨╝╨╡╨╡╤В ╨╖╨╜╨░╤З╨╡╨╜╨╕╨╡ "false", ╨╕ ╨╜╨╡╤В ╨╕╤Б╤В╨╛╤З╨╜╨╕╨║╨╛╨▓ ╨┤╨░╨╜╨╜╤Л╤Е, ╨┤╨╗╤П ╨║╨╛╤В╨╛╤А╤Л╤Е ╨┐╨░╤А╨░╨╝╨╡╤В╤А "Private" ╨╕╨╝╨╡╨╡╤В ╨╖╨╜╨░╤З╨╡╨╜╨╕╨╡ "true".
         ╨Я╨╡╤А╨▓╨╕╤З╨╜╨░╤П ╤Б╤Б╤Л╨╗╨║╨░ "Microsoft.Extensions.ObjectPool, Version=9.0.0.0, Culture=neutral, PublicKeyToken=adb9793829ddae60".
             ╨а╨░╨╖╤А╨╡╤И╨╡╨╜╨╜╤Л╨╣ ╨┐╤Г╤В╤М ╨║ ╤Д╨░╨╣╨╗╤Г - "C:\Program Files\dotnet\packs\Microsoft.AspNetCore.App.Ref\9.0.2\ref\net9.0\Microsoft.Extensions.ObjectPool.dll".
             ╨Ю╨▒╨╜╨░╤А╤Г╨╢╨╡╨╜╨░ ╤Б╤Б╤Л╨╗╨║╨░ ╨▓ ╤А╨░╤Б╨┐╨╛╨╗╨╛╨╢╨╡╨╜╨╕╨╕ ╨┐╤Г╤В╨╕ ╨┐╨╛╨╕╤Б╨║╨░ "{RawFileName}".
             ╨Ф╨░╨╜╨╜╨░╤П ╤Б╤Б╤Л╨╗╨║╨░ ╨╜╨╡ ╤П╨▓╨╗╤П╨╡╤В╤Б╤П "CopyLocal" ╤В╨░╨║ ╨║╨░╨║ ╤Е╨╛╤В╤П ╨▒╤Л ╨┤╨╗╤П ╨╛╨┤╨╜╨╛╨│╨╛ ╨╕╤Б╤В╨╛╤З╨╜╨╕╨║╨░ ╨┤╨░╨╜╨╜╤Л╤Е ╨┐╨░╤А╨░╨╝╨╡╤В╤А "Private" ╨╕╨╝╨╡╨╡╤В ╨╖╨╜╨░╤З╨╡╨╜╨╕╨╡ "false", ╨╕ ╨╜╨╡╤В ╨╕╤Б╤В╨╛╤З╨╜╨╕╨║╨╛╨▓ ╨┤╨░╨╜╨╜╤Л╤Е, ╨┤╨╗╤П ╨║╨╛╤В╨╛╤А╤Л╤Е ╨┐╨░╤А╨░╨╝╨╡╤В╤А "Private" ╨╕╨╝╨╡╨╡╤В ╨╖╨╜╨░╤З╨╡╨╜╨╕╨╡ "true".
         ╨Я╨╡╤А╨▓╨╕╤З╨╜╨░╤П ╤Б╤Б╤Л╨╗╨║╨░ "Microsoft.Extensions.Options.ConfigurationExtensions, Version=9.0.0.0, Culture=neutral, PublicKeyToken=adb9793829ddae60".
             ╨а╨░╨╖╤А╨╡╤И╨╡╨╜╨╜╤Л╨╣ ╨┐╤Г╤В╤М ╨║ ╤Д╨░╨╣╨╗╤Г - "C:\Program Files\dotnet\packs\Microsoft.AspNetCore.App.Ref\9.0.2\ref\net9.0\Microsoft.Extensions.Options.ConfigurationExtensions.dll".
             ╨Ю╨▒╨╜╨░╤А╤Г╨╢╨╡╨╜╨░ ╤Б╤Б╤Л╨╗╨║╨░ ╨▓ ╤А╨░╤Б╨┐╨╛╨╗╨╛╨╢╨╡╨╜╨╕╨╕ ╨┐╤Г╤В╨╕ ╨┐╨╛╨╕╤Б╨║╨░ "{RawFileName}".
             ╨Ф╨░╨╜╨╜╨░╤П ╤Б╤Б╤Л╨╗╨║╨░ ╨╜╨╡ ╤П╨▓╨╗╤П╨╡╤В╤Б╤П "CopyLocal" ╤В╨░╨║ ╨║╨░╨║ ╤Е╨╛╤В╤П ╨▒╤Л ╨┤╨╗╤П ╨╛╨┤╨╜╨╛╨│╨╛ ╨╕╤Б╤В╨╛╤З╨╜╨╕╨║╨░ ╨┤╨░╨╜╨╜╤Л╤Е ╨┐╨░╤А╨░╨╝╨╡╤В╤А "Private" ╨╕╨╝╨╡╨╡╤В ╨╖╨╜╨░╤З╨╡╨╜╨╕╨╡ "false", ╨╕ ╨╜╨╡╤В ╨╕╤Б╤В╨╛╤З╨╜╨╕╨║╨╛╨▓ ╨┤╨░╨╜╨╜╤Л╤Е, ╨┤╨╗╤П ╨║╨╛╤В╨╛╤А╤Л╤Е ╨┐╨░╤А╨░╨╝╨╡╤В╤А "Private" ╨╕╨╝╨╡╨╡╤В ╨╖╨╜╨░╤З╨╡╨╜╨╕╨╡ "true".
         ╨Я╨╡╤А╨▓╨╕╤З╨╜╨░╤П ╤Б╤Б╤Л╨╗╨║╨░ "Microsoft.Extensions.Options.DataAnnotations, Version=9.0.0.0, Culture=neutral, PublicKeyToken=adb9793829ddae60".
             ╨а╨░╨╖╤А╨╡╤И╨╡╨╜╨╜╤Л╨╣ ╨┐╤Г╤В╤М ╨║ ╤Д╨░╨╣╨╗╤Г - "C:\Program Files\dotnet\packs\Microsoft.AspNetCore.App.Ref\9.0.2\ref\net9.0\Microsoft.Extensions.Options.DataAnnotations.dll".
             ╨Ю╨▒╨╜╨░╤А╤Г╨╢╨╡╨╜╨░ ╤Б╤Б╤Л╨╗╨║╨░ ╨▓ ╤А╨░╤Б╨┐╨╛╨╗╨╛╨╢╨╡╨╜╨╕╨╕ ╨┐╤Г╤В╨╕ ╨┐╨╛╨╕╤Б╨║╨░ "{RawFileName}".
             ╨Ф╨░╨╜╨╜╨░╤П ╤Б╤Б╤Л╨╗╨║╨░ ╨╜╨╡ ╤П╨▓╨╗╤П╨╡╤В╤Б╤П "CopyLocal" ╤В╨░╨║ ╨║╨░╨║ ╤Е╨╛╤В╤П ╨▒╤Л ╨┤╨╗╤П ╨╛╨┤╨╜╨╛╨│╨╛ ╨╕╤Б╤В╨╛╤З╨╜╨╕╨║╨░ ╨┤╨░╨╜╨╜╤Л╤Е ╨┐╨░╤А╨░╨╝╨╡╤В╤А "Private" ╨╕╨╝╨╡╨╡╤В ╨╖╨╜╨░╤З╨╡╨╜╨╕╨╡ "false", ╨╕ ╨╜╨╡╤В ╨╕╤Б╤В╨╛╤З╨╜╨╕╨║╨╛╨▓ ╨┤╨░╨╜╨╜╤Л╤Е, ╨┤╨╗╤П ╨║╨╛╤В╨╛╤А╤Л╤Е ╨┐╨░╤А╨░╨╝╨╡╤В╤А "Private" ╨╕╨╝╨╡╨╡╤В ╨╖╨╜╨░╤З╨╡╨╜╨╕╨╡ "true".
         ╨Я╨╡╤А╨▓╨╕╤З╨╜╨░╤П ╤Б╤Б╤Л╨╗╨║╨░ "Microsoft.Extensions.WebEncoders, Version=9.0.0.0, Culture=neutral, PublicKeyToken=adb9793829ddae60".
             ╨а╨░╨╖╤А╨╡╤И╨╡╨╜╨╜╤Л╨╣ ╨┐╤Г╤В╤М ╨║ ╤Д╨░╨╣╨╗╤Г - "C:\Program Files\dotnet\packs\Microsoft.AspNetCore.App.Ref\9.0.2\ref\net9.0\Microsoft.Extensions.WebEncoders.dll".
             ╨Ю╨▒╨╜╨░╤А╤Г╨╢╨╡╨╜╨░ ╤Б╤Б╤Л╨╗╨║╨░ ╨▓ ╤А╨░╤Б╨┐╨╛╨╗╨╛╨╢╨╡╨╜╨╕╨╕ ╨┐╤Г╤В╨╕ ╨┐╨╛╨╕╤Б╨║╨░ "{RawFileName}".
             ╨Ф╨░╨╜╨╜╨░╤П ╤Б╤Б╤Л╨╗╨║╨░ ╨╜╨╡ ╤П╨▓╨╗╤П╨╡╤В╤Б╤П "CopyLocal" ╤В╨░╨║ ╨║╨░╨║ ╤Е╨╛╤В╤П ╨▒╤Л ╨┤╨╗╤П ╨╛╨┤╨╜╨╛╨│╨╛ ╨╕╤Б╤В╨╛╤З╨╜╨╕╨║╨░ ╨┤╨░╨╜╨╜╤Л╤Е ╨┐╨░╤А╨░╨╝╨╡╤В╤А "Private" ╨╕╨╝╨╡╨╡╤В ╨╖╨╜╨░╤З╨╡╨╜╨╕╨╡ "false", ╨╕ ╨╜╨╡╤В ╨╕╤Б╤В╨╛╤З╨╜╨╕╨║╨╛╨▓ ╨┤╨░╨╜╨╜╤Л╤Е, ╨┤╨╗╤П ╨║╨╛╤В╨╛╤А╤Л╤Е ╨┐╨░╤А╨░╨╝╨╡╤В╤А "Private" ╨╕╨╝╨╡╨╡╤В ╨╖╨╜╨░╤З╨╡╨╜╨╕╨╡ "true".
         ╨Я╨╡╤А╨▓╨╕╤З╨╜╨░╤П ╤Б╤Б╤Л╨╗╨║╨░ "Microsoft.JSInterop, Version=9.0.0.0, Culture=neutral, PublicKeyToken=adb9793829ddae60".
             ╨а╨░╨╖╤А╨╡╤И╨╡╨╜╨╜╤Л╨╣ ╨┐╤Г╤В╤М ╨║ ╤Д╨░╨╣╨╗╤Г - "C:\Program Files\dotnet\packs\Microsoft.AspNetCore.App.Ref\9.0.2\ref\net9.0\Microsoft.JSInterop.dll".
             ╨Ю╨▒╨╜╨░╤А╤Г╨╢╨╡╨╜╨░ ╤Б╤Б╤Л╨╗╨║╨░ ╨▓ ╤А╨░╤Б╨┐╨╛╨╗╨╛╨╢╨╡╨╜╨╕╨╕ ╨┐╤Г╤В╨╕ ╨┐╨╛╨╕╤Б╨║╨░ "{RawFileName}".
             ╨Ф╨░╨╜╨╜╨░╤П ╤Б╤Б╤Л╨╗╨║╨░ ╨╜╨╡ ╤П╨▓╨╗╤П╨╡╤В╤Б╤П "CopyLocal" ╤В╨░╨║ ╨║╨░╨║ ╤Е╨╛╤В╤П ╨▒╤Л ╨┤╨╗╤П ╨╛╨┤╨╜╨╛╨│╨╛ ╨╕╤Б╤В╨╛╤З╨╜╨╕╨║╨░ ╨┤╨░╨╜╨╜╤Л╤Е ╨┐╨░╤А╨░╨╝╨╡╤В╤А "Private" ╨╕╨╝╨╡╨╡╤В ╨╖╨╜╨░╤З╨╡╨╜╨╕╨╡ "false", ╨╕ ╨╜╨╡╤В ╨╕╤Б╤В╨╛╤З╨╜╨╕╨║╨╛╨▓ ╨┤╨░╨╜╨╜╤Л╤Е, ╨┤╨╗╤П ╨║╨╛╤В╨╛╤А╤Л╤Е ╨┐╨░╤А╨░╨╝╨╡╤В╤А "Private" ╨╕╨╝╨╡╨╡╤В ╨╖╨╜╨░╤З╨╡╨╜╨╕╨╡ "true".
         ╨Я╨╡╤А╨▓╨╕╤З╨╜╨░╤П ╤Б╤Б╤Л╨╗╨║╨░ "Microsoft.Net.Http.Headers, Version=9.0.0.0, Culture=neutral, PublicKeyToken=adb9793829ddae60".
             ╨а╨░╨╖╤А╨╡╤И╨╡╨╜╨╜╤Л╨╣ ╨┐╤Г╤В╤М ╨║ ╤Д╨░╨╣╨╗╤Г - "C:\Program Files\dotnet\packs\Microsoft.AspNetCore.App.Ref\9.0.2\ref\net9.0\Microsoft.Net.Http.Headers.dll".
             ╨Ю╨▒╨╜╨░╤А╤Г╨╢╨╡╨╜╨░ ╤Б╤Б╤Л╨╗╨║╨░ ╨▓ ╤А╨░╤Б╨┐╨╛╨╗╨╛╨╢╨╡╨╜╨╕╨╕ ╨┐╤Г╤В╨╕ ╨┐╨╛╨╕╤Б╨║╨░ "{RawFileName}".
             ╨Ф╨░╨╜╨╜╨░╤П ╤Б╤Б╤Л╨╗╨║╨░ ╨╜╨╡ ╤П╨▓╨╗╤П╨╡╤В╤Б╤П "CopyLocal" ╤В╨░╨║ ╨║╨░╨║ ╤Е╨╛╤В╤П ╨▒╤Л ╨┤╨╗╤П ╨╛╨┤╨╜╨╛╨│╨╛ ╨╕╤Б╤В╨╛╤З╨╜╨╕╨║╨░ ╨┤╨░╨╜╨╜╤Л╤Е ╨┐╨░╤А╨░╨╝╨╡╤В╤А "Private" ╨╕╨╝╨╡╨╡╤В ╨╖╨╜╨░╤З╨╡╨╜╨╕╨╡ "false", ╨╕ ╨╜╨╡╤В ╨╕╤Б╤В╨╛╤З╨╜╨╕╨║╨╛╨▓ ╨┤╨░╨╜╨╜╤Л╤Е, ╨┤╨╗╤П ╨║╨╛╤В╨╛╤А╤Л╤Е ╨┐╨░╤А╨░╨╝╨╡╤В╤А "Private" ╨╕╨╝╨╡╨╡╤В ╨╖╨╜╨░╤З╨╡╨╜╨╕╨╡ "true".
         ╨Я╨╡╤А╨▓╨╕╤З╨╜╨░╤П ╤Б╤Б╤Л╨╗╨║╨░ "System.Diagnostics.EventLog, Version=9.0.0.0, Culture=neutral, PublicKeyToken=cc7b13ffcd2ddd51".
             ╨а╨░╨╖╤А╨╡╤И╨╡╨╜╨╜╤Л╨╣ ╨┐╤Г╤В╤М ╨║ ╤Д╨░╨╣╨╗╤Г - "C:\Program Files\dotnet\packs\Microsoft.AspNetCore.App.Ref\9.0.2\ref\net9.0\System.Diagnostics.EventLog.dll".
             ╨Ю╨▒╨╜╨░╤А╤Г╨╢╨╡╨╜╨░ ╤Б╤Б╤Л╨╗╨║╨░ ╨▓ ╤А╨░╤Б╨┐╨╛╨╗╨╛╨╢╨╡╨╜╨╕╨╕ ╨┐╤Г╤В╨╕ ╨┐╨╛╨╕╤Б╨║╨░ "{RawFileName}".
             ╨Ф╨░╨╜╨╜╨░╤П ╤Б╤Б╤Л╨╗╨║╨░ ╨╜╨╡ ╤П╨▓╨╗╤П╨╡╤В╤Б╤П "CopyLocal" ╤В╨░╨║ ╨║╨░╨║ ╤Е╨╛╤В╤П ╨▒╤Л ╨┤╨╗╤П ╨╛╨┤╨╜╨╛╨│╨╛ ╨╕╤Б╤В╨╛╤З╨╜╨╕╨║╨░ ╨┤╨░╨╜╨╜╤Л╤Е ╨┐╨░╤А╨░╨╝╨╡╤В╤А "Private" ╨╕╨╝╨╡╨╡╤В ╨╖╨╜╨░╤З╨╡╨╜╨╕╨╡ "false", ╨╕ ╨╜╨╡╤В ╨╕╤Б╤В╨╛╤З╨╜╨╕╨║╨╛╨▓ ╨┤╨░╨╜╨╜╤Л╤Е, ╨┤╨╗╤П ╨║╨╛╤В╨╛╤А╤Л╤Е ╨┐╨░╤А╨░╨╝╨╡╤В╤А "Private" ╨╕╨╝╨╡╨╡╤В ╨╖╨╜╨░╤З╨╡╨╜╨╕╨╡ "true".
         ╨Я╨╡╤А╨▓╨╕╤З╨╜╨░╤П ╤Б╤Б╤Л╨╗╨║╨░ "System.Security.Cryptography.Xml, Version=9.0.0.0, Culture=neutral, PublicKeyToken=cc7b13ffcd2ddd51".
             ╨а╨░╨╖╤А╨╡╤И╨╡╨╜╨╜╤Л╨╣ ╨┐╤Г╤В╤М ╨║ ╤Д╨░╨╣╨╗╤Г - "C:\Program Files\dotnet\packs\Microsoft.AspNetCore.App.Ref\9.0.2\ref\net9.0\System.Security.Cryptography.Xml.dll".
             ╨Ю╨▒╨╜╨░╤А╤Г╨╢╨╡╨╜╨░ ╤Б╤Б╤Л╨╗╨║╨░ ╨▓ ╤А╨░╤Б╨┐╨╛╨╗╨╛╨╢╨╡╨╜╨╕╨╕ ╨┐╤Г╤В╨╕ ╨┐╨╛╨╕╤Б╨║╨░ "{RawFileName}".
             ╨Ф╨░╨╜╨╜╨░╤П ╤Б╤Б╤Л╨╗╨║╨░ ╨╜╨╡ ╤П╨▓╨╗╤П╨╡╤В╤Б╤П "CopyLocal" ╤В╨░╨║ ╨║╨░╨║ ╤Е╨╛╤В╤П ╨▒╤Л ╨┤╨╗╤П ╨╛╨┤╨╜╨╛╨│╨╛ ╨╕╤Б╤В╨╛╤З╨╜╨╕╨║╨░ ╨┤╨░╨╜╨╜╤Л╤Е ╨┐╨░╤А╨░╨╝╨╡╤В╤А "Private" ╨╕╨╝╨╡╨╡╤В ╨╖╨╜╨░╤З╨╡╨╜╨╕╨╡ "false", ╨╕ ╨╜╨╡╤В ╨╕╤Б╤В╨╛╤З╨╜╨╕╨║╨╛╨▓ ╨┤╨░╨╜╨╜╤Л╤Е, ╨┤╨╗╤П ╨║╨╛╤В╨╛╤А╤Л╤Е ╨┐╨░╤А╨░╨╝╨╡╤В╤А "Private" ╨╕╨╝╨╡╨╡╤В ╨╖╨╜╨░╤З╨╡╨╜╨╕╨╡ "true".
         ╨Я╨╡╤А╨▓╨╕╤З╨╜╨░╤П ╤Б╤Б╤Л╨╗╨║╨░ "System.Threading.RateLimiting, Version=9.0.0.0, Culture=neutral, PublicKeyToken=cc7b13ffcd2ddd51".
             ╨а╨░╨╖╤А╨╡╤И╨╡╨╜╨╜╤Л╨╣ ╨┐╤Г╤В╤М ╨║ ╤Д╨░╨╣╨╗╤Г - "C:\Program Files\dotnet\packs\Microsoft.AspNetCore.App.Ref\9.0.2\ref\net9.0\System.Threading.RateLimiting.dll".
             ╨Ю╨▒╨╜╨░╤А╤Г╨╢╨╡╨╜╨░ ╤Б╤Б╤Л╨╗╨║╨░ ╨▓ ╤А╨░╤Б╨┐╨╛╨╗╨╛╨╢╨╡╨╜╨╕╨╕ ╨┐╤Г╤В╨╕ ╨┐╨╛╨╕╤Б╨║╨░ "{RawFileName}".
             ╨Ф╨░╨╜╨╜╨░╤П ╤Б╤Б╤Л╨╗╨║╨░ ╨╜╨╡ ╤П╨▓╨╗╤П╨╡╤В╤Б╤П "CopyLocal" ╤В╨░╨║ ╨║╨░╨║ ╤Е╨╛╤В╤П ╨▒╤Л ╨┤╨╗╤П ╨╛╨┤╨╜╨╛╨│╨╛ ╨╕╤Б╤В╨╛╤З╨╜╨╕╨║╨░ ╨┤╨░╨╜╨╜╤Л╤Е ╨┐╨░╤А╨░╨╝╨╡╤В╤А "Private" ╨╕╨╝╨╡╨╡╤В ╨╖╨╜╨░╤З╨╡╨╜╨╕╨╡ "false", ╨╕ ╨╜╨╡╤В ╨╕╤Б╤В╨╛╤З╨╜╨╕╨║╨╛╨▓ ╨┤╨░╨╜╨╜╤Л╤Е, ╨┤╨╗╤П ╨║╨╛╤В╨╛╤А╤Л╤Е ╨┐╨░╤А╨░╨╝╨╡╤В╤А "Private" ╨╕╨╝╨╡╨╡╤В ╨╖╨╜╨░╤З╨╡╨╜╨╕╨╡ "true".
       ╨Т╤Л╨┐╨╛╨╗╨╜╨╡╨╜╨╕╨╡ ╨╖╨░╨┤╨░╤З╨╕ "ResolveAssemblyReference" ╨╖╨░╨▓╨╡╤А╤И╨╡╨╜╨╛.
   1:7>╨б╨▒╨╛╤А╨║╨░ ╤Ж╨╡╨╗╨╡╨▓╨╛╨│╨╛ ╨╛╨▒╤К╨╡╨║╤В╨░ "ResolveAssemblyReferences" ╨▓ ╨┐╤А╨╛╨╡╨║╤В╨╡ "WebApplication15.csproj" ╨╖╨░╨▓╨╡╤А╤И╨╡╨╜╨░.
       ╨ж╨╡╨╗╨╡╨▓╨╛╨╣ ╨╛╨▒╤К╨╡╨║╤В "GenerateBindingRedirects" ╨┐╤А╨╛╨┐╤Г╤Й╨╡╨╜ ╨╕╨╖-╨╖╨░ ╨╜╨╡╨▓╤Л╨┐╨╛╨╗╨╜╨╡╨╜╨╜╨╛╨│╨╛ ╤Г╤Б╨╗╨╛╨▓╨╕╤П; ╨▓╤Л╤А╨░╨╢╨╡╨╜╨╕╨╡ ('$(AutoGenerateBindingRedirects)' == 'true' and '$(GenerateBindingRedirectsOutputType)' == 'true' and '@(SuggestedBindingRedirects)' != '' and '$(DesignTimeBuild)' != 'true' and '$(BuildingProject)' == 'true') ╤А╨░╨▓╨╜╨╛ ('' == 'true' and 'true' == 'true' and '' != '' and '' != 'true' and 'true' == 'true').
       ╨ж╨╡╨╗╨╡╨▓╨╛╨╣ ╨╛╨▒╤К╨╡╨║╤В "GenerateSupportedRuntime" ╨┐╤А╨╛╨┐╤Г╤Й╨╡╨╜ ╨╕╨╖-╨╖╨░ ╨╜╨╡╨▓╤Л╨┐╨╛╨╗╨╜╨╡╨╜╨╜╨╛╨│╨╛ ╤Г╤Б╨╗╨╛╨▓╨╕╤П; ╨▓╤Л╤А╨░╨╢╨╡╨╜╨╕╨╡ ('$(GenerateSupportedRuntime)' != 'false' and '$(TargetFrameworkIdentifier)' == '.NETFramework' and '$(HasRuntimeOutput)' == 'true') ╤А╨░╨▓╨╜╨╛ ('' != 'false' and '.NETCoreApp' == '.NETFramework' and 'true' == 'true').
       ╨ж╨╡╨╗╨╡╨▓╨╛╨╣ ╨╛╨▒╤К╨╡╨║╤В "GenerateBindingRedirectsUpdateAppConfig" ╨┐╤А╨╛╨┐╤Г╤Й╨╡╨╜ ╨╕╨╖-╨╖╨░ ╨╜╨╡╨▓╤Л╨┐╨╛╨╗╨╜╨╡╨╜╨╜╨╛╨│╨╛ ╤Г╤Б╨╗╨╛╨▓╨╕╤П; ╨▓╤Л╤А╨░╨╢╨╡╨╜╨╕╨╡ ('$(AutoGenerateBindingRedirects)' == 'true' and '$(GenerateBindingRedirectsOutputType)' == 'true') ╤А╨░╨▓╨╜╨╛ ('' == 'true' and 'true' == 'true').
       ╨ж╨╡╨╗╨╡╨▓╨╛╨╣ ╨╛╨▒╤К╨╡╨║╤В "ResolveComReferences" ╨┐╤А╨╛╨┐╤Г╤Й╨╡╨╜ ╨╕╨╖-╨╖╨░ ╨╜╨╡╨▓╤Л╨┐╨╛╨╗╨╜╨╡╨╜╨╜╨╛╨│╨╛ ╤Г╤Б╨╗╨╛╨▓╨╕╤П; ╨▓╤Л╤А╨░╨╢╨╡╨╜╨╕╨╡ ('@(COMReference)'!='' or '@(COMFileReference)'!='') ╤А╨░╨▓╨╜╨╛ (''!='' or ''!='').
   1:7>╨ж╨╡╨╗╨╡╨▓╨╛╨╣ ╨╛╨▒╤К╨╡╨║╤В "AfterResolveReferences" ╨▓ ╤Д╨░╨╣╨╗╨╡ "C:\Program Files\dotnet\sdk\9.0.200\Microsoft.Common.CurrentVersion.targets" ╨╕╨╖ ╨┐╤А╨╛╨╡╨║╤В╨░ "C:\Users\user\OneDrive\╨а╨░╨▒╨╛╤З╨╕╨╣ ╤Б╤В╨╛╨╗\regi\WebApplication15\WebApplication15.csproj" (╤Ж╨╡╨╗╨╡╨▓╨╛╨╣ ╨╛╨▒╤К╨╡╨║╤В "ResolveReferences" ╨╖╨░╨▓╨╕╤Б╨╕╤В ╨╛╤В ╨╜╨╡╨│╨╛):
   1:7>╨б╨▒╨╛╤А╨║╨░ ╤Ж╨╡╨╗╨╡╨▓╨╛╨│╨╛ ╨╛╨▒╤К╨╡╨║╤В╨░ "AfterResolveReferences" ╨▓ ╨┐╤А╨╛╨╡╨║╤В╨╡ "WebApplication15.csproj" ╨╖╨░╨▓╨╡╤А╤И╨╡╨╜╨░.
   1:7>╨ж╨╡╨╗╨╡╨▓╨╛╨╣ ╨╛╨▒╤К╨╡╨║╤В "ResolveReferences" ╨▓ ╤Д╨░╨╣╨╗╨╡ "C:\Program Files\dotnet\sdk\9.0.200\Microsoft.Common.CurrentVersion.targets" ╨╕╨╖ ╨┐╤А╨╛╨╡╨║╤В╨░ "C:\Users\user\OneDrive\╨а╨░╨▒╨╛╤З╨╕╨╣ ╤Б╤В╨╛╨╗\regi\WebApplication15\WebApplication15.csproj" (╤Ж╨╡╨╗╨╡╨▓╨╛╨╣ ╨╛╨▒╤К╨╡╨║╤В "_BlockWinMDsOnUnsupportedTFMs" ╨╖╨░╨▓╨╕╤Б╨╕╤В ╨╛╤В ╨╜╨╡╨│╨╛):
   1:7>╨б╨▒╨╛╤А╨║╨░ ╤Ж╨╡╨╗╨╡╨▓╨╛╨│╨╛ ╨╛╨▒╤К╨╡╨║╤В╨░ "ResolveReferences" ╨▓ ╨┐╤А╨╛╨╡╨║╤В╨╡ "WebApplication15.csproj" ╨╖╨░╨▓╨╡╤А╤И╨╡╨╜╨░.
   1:7>╨ж╨╡╨╗╨╡╨▓╨╛╨╣ ╨╛╨▒╤К╨╡╨║╤В "_BlockWinMDsOnUnsupportedTFMs" ╨▓ ╤Д╨░╨╣╨╗╨╡ "C:\Program Files\dotnet\sdk\9.0.200\Sdks\Microsoft.NET.Sdk\targets\Microsoft.NET.Sdk.targets" ╨╕╨╖ ╨┐╤А╨╛╨╡╨║╤В╨░ "C:\Users\user\OneDrive\╨а╨░╨▒╨╛╤З╨╕╨╣ ╤Б╤В╨╛╨╗\regi\WebApplication15\WebApplication15.csproj" (╤Ж╨╡╨╗╨╡╨▓╨╛╨╣ ╨╛╨▒╤К╨╡╨║╤В "CoreBuild" ╨╖╨░╨▓╨╕╤Б╨╕╤В ╨╛╤В ╨╜╨╡╨│╨╛):
       ╨Ш╤Б╨┐╨╛╨╗╤М╨╖╤Г╨╡╤В╤Б╤П ╨╖╨░╨┤╨░╤З╨░ "CheckForUnsupportedWinMDReferences" ╨╕╨╖ ╤Б╨▒╨╛╤А╨║╨╕ "C:\Program Files\dotnet\sdk\9.0.200\Sdks\Microsoft.NET.Sdk\targets\..\tools\net9.0\Microsoft.NET.Build.Tasks.dll".
       ╨Ч╨░╨┤╨░╤З╨░ "CheckForUnsupportedWinMDReferences"
       ╨Т╤Л╨┐╨╛╨╗╨╜╨╡╨╜╨╕╨╡ ╨╖╨░╨┤╨░╤З╨╕ "CheckForUnsupportedWinMDReferences" ╨╖╨░╨▓╨╡╤А╤И╨╡╨╜╨╛.
       ╨Ч╨░╨┤╨░╤З╨░ "NETSdkError" ╨┐╤А╨╛╨┐╤Г╤Й╨╡╨╜╨░ ╨╕╨╖-╨╖╨░ ╨╜╨╡╨▓╤Л╨┐╨╛╨╗╨╜╨╡╨╜╨╜╨╛╨│╨╛ ╤Г╤Б╨╗╨╛╨▓╨╕╤П; ╨▓╤Л╤А╨░╨╢╨╡╨╜╨╕╨╡ ('$(OutputType)' == 'winmdobj') ╤А╨░╨▓╨╜╨╛ ('Exe' == 'winmdobj').
   1:7>╨б╨▒╨╛╤А╨║╨░ ╤Ж╨╡╨╗╨╡╨▓╨╛╨│╨╛ ╨╛╨▒╤К╨╡╨║╤В╨░ "_BlockWinMDsOnUnsupportedTFMs" ╨▓ ╨┐╤А╨╛╨╡╨║╤В╨╡ "WebApplication15.csproj" ╨╖╨░╨▓╨╡╤А╤И╨╡╨╜╨░.
       ╨ж╨╡╨╗╨╡╨▓╨╛╨╣ ╨╛╨▒╤К╨╡╨║╤В "ResolveReferences" ╨┐╤А╨╛╨┐╤Г╤Й╨╡╨╜. ╨Я╤А╨╡╨┤╤Л╨┤╤Г╤Й╨░╤П ╤Б╨▒╨╛╤А╨║╨░ ╤Г╤Б╨┐╨╡╤И╨╜╨░.
       ╨ж╨╡╨╗╨╡╨▓╨╛╨╣ ╨╛╨▒╤К╨╡╨║╤В "ResolvePackageDependenciesForBuild" ╨┐╤А╨╛╨┐╤Г╤Й╨╡╨╜. ╨Я╤А╨╡╨┤╤Л╨┤╤Г╤Й╨░╤П ╤Б╨▒╨╛╤А╨║╨░ ╤Г╤Б╨┐╨╡╤И╨╜╨░.
       ╨ж╨╡╨╗╨╡╨▓╨╛╨╣ ╨╛╨▒╤К╨╡╨║╤В "_HandlePackageFileConflicts" ╨┐╤А╨╛╨┐╤Г╤Й╨╡╨╜. ╨Я╤А╨╡╨┤╤Л╨┤╤Г╤Й╨░╤П ╤Б╨▒╨╛╤А╨║╨░ ╤Г╤Б╨┐╨╡╤И╨╜╨░.
   1:7>╨ж╨╡╨╗╨╡╨▓╨╛╨╣ ╨╛╨▒╤К╨╡╨║╤В "CopyAdditionalFiles" ╨▓ ╤Д╨░╨╣╨╗╨╡ "C:\Program Files\dotnet\sdk\9.0.200\Roslyn\Microsoft.Managed.Core.targets" ╨╕╨╖ ╨┐╤А╨╛╨╡╨║╤В╨░ "C:\Users\user\OneDrive\╨а╨░╨▒╨╛╤З╨╕╨╣ ╤Б╤В╨╛╨╗\regi\WebApplication15\WebApplication15.csproj" (╤Ж╨╡╨╗╨╡╨▓╨╛╨╣ ╨╛╨▒╤К╨╡╨║╤В "AssignTargetPaths" ╨╖╨░╨▓╨╕╤Б╨╕╤В ╨╛╤В ╨╜╨╡╨│╨╛):
   1:7>╨б╨▒╨╛╤А╨║╨░ ╤Ж╨╡╨╗╨╡╨▓╨╛╨│╨╛ ╨╛╨▒╤К╨╡╨║╤В╨░ "CopyAdditionalFiles" ╨▓ ╨┐╤А╨╛╨╡╨║╤В╨╡ "WebApplication15.csproj" ╨╖╨░╨▓╨╡╤А╤И╨╡╨╜╨░.
       ╨ж╨╡╨╗╨╡╨▓╨╛╨╣ ╨╛╨▒╤К╨╡╨║╤В "ResolvePackageAssets" ╨┐╤А╨╛╨┐╤Г╤Й╨╡╨╜. ╨Я╤А╨╡╨┤╤Л╨┤╤Г╤Й╨░╤П ╤Б╨▒╨╛╤А╨║╨░ ╤Г╤Б╨┐╨╡╤И╨╜╨░.
       ╨ж╨╡╨╗╨╡╨▓╨╛╨╣ ╨╛╨▒╤К╨╡╨║╤В "ResolveFrameworkReferences" ╨┐╤А╨╛╨┐╤Г╤Й╨╡╨╜. ╨Я╤А╨╡╨┤╤Л╨┤╤Г╤Й╨░╤П ╤Б╨▒╨╛╤А╨║╨░ ╤Г╤Б╨┐╨╡╤И╨╜╨░.
   1:7>╨ж╨╡╨╗╨╡╨▓╨╛╨╣ ╨╛╨▒╤К╨╡╨║╤В "_GetAppHostPaths" ╨▓ ╤Д╨░╨╣╨╗╨╡ "C:\Program Files\dotnet\sdk\9.0.200\Sdks\Microsoft.NET.Sdk\targets\Microsoft.NET.Sdk.targets" ╨╕╨╖ ╨┐╤А╨╛╨╡╨║╤В╨░ "C:\Users\user\OneDrive\╨а╨░╨▒╨╛╤З╨╕╨╣ ╤Б╤В╨╛╨╗\regi\WebApplication15\WebApplication15.csproj" (╤Ж╨╡╨╗╨╡╨▓╨╛╨╣ ╨╛╨▒╤К╨╡╨║╤В "_ComputeNETCoreBuildOutputFiles" ╨╖╨░╨▓╨╕╤Б╨╕╤В ╨╛╤В ╨╜╨╡╨│╨╛):
       ╨Ч╨░╨┤╨░╤З╨░ "NETSdkError" ╨┐╤А╨╛╨┐╤Г╤Й╨╡╨╜╨░ ╨╕╨╖-╨╖╨░ ╨╜╨╡╨▓╤Л╨┐╨╛╨╗╨╜╨╡╨╜╨╜╨╛╨│╨╛ ╤Г╤Б╨╗╨╛╨▓╨╕╤П; ╨▓╤Л╤А╨░╨╢╨╡╨╜╨╕╨╡ ('@(_NativeRestoredAppHostNETCore->Count())' > 1) ╤А╨░╨▓╨╜╨╛ ('0' > 1).
   1:7>╨б╨▒╨╛╤А╨║╨░ ╤Ж╨╡╨╗╨╡╨▓╨╛╨│╨╛ ╨╛╨▒╤К╨╡╨║╤В╨░ "_GetAppHostPaths" ╨▓ ╨┐╤А╨╛╨╡╨║╤В╨╡ "WebApplication15.csproj" ╨╖╨░╨▓╨╡╤А╤И╨╡╨╜╨░.
   1:7>╨ж╨╡╨╗╨╡╨▓╨╛╨╣ ╨╛╨▒╤К╨╡╨║╤В "_GetAppHostCreationConfiguration" ╨▓ ╤Д╨░╨╣╨╗╨╡ "C:\Program Files\dotnet\sdk\9.0.200\Sdks\Microsoft.NET.Sdk\targets\Microsoft.NET.Sdk.targets" ╨╕╨╖ ╨┐╤А╨╛╨╡╨║╤В╨░ "C:\Users\user\OneDrive\╨а╨░╨▒╨╛╤З╨╕╨╣ ╤Б╤В╨╛╨╗\regi\WebApplication15\WebApplication15.csproj" (╤Ж╨╡╨╗╨╡╨▓╨╛╨╣ ╨╛╨▒╤К╨╡╨║╤В "_ComputeNETCoreBuildOutputFiles" ╨╖╨░╨▓╨╕╤Б╨╕╤В ╨╛╤В ╨╜╨╡╨│╨╛):
   1:7>╨б╨▒╨╛╤А╨║╨░ ╤Ж╨╡╨╗╨╡╨▓╨╛╨│╨╛ ╨╛╨▒╤К╨╡╨║╤В╨░ "_GetAppHostCreationConfiguration" ╨▓ ╨┐╤А╨╛╨╡╨║╤В╨╡ "WebApplication15.csproj" ╨╖╨░╨▓╨╡╤А╤И╨╡╨╜╨░.
       ╨ж╨╡╨╗╨╡╨▓╨╛╨╣ ╨╛╨▒╤К╨╡╨║╤В "_GetComHostPaths" ╨┐╤А╨╛╨┐╤Г╤Й╨╡╨╜ ╨╕╨╖-╨╖╨░ ╨╜╨╡╨▓╤Л╨┐╨╛╨╗╨╜╨╡╨╜╨╜╨╛╨│╨╛ ╤Г╤Б╨╗╨╛╨▓╨╕╤П; ╨▓╤Л╤А╨░╨╢╨╡╨╜╨╕╨╡ ('$(EnableComHosting)' == 'true' and '$(_IsExecutable)' != 'true') ╤А╨░╨▓╨╜╨╛ ('' == 'true' and 'true' != 'true').
       ╨ж╨╡╨╗╨╡╨▓╨╛╨╣ ╨╛╨▒╤К╨╡╨║╤В "_GetIjwHostPaths" ╨┐╤А╨╛╨┐╤Г╤Й╨╡╨╜ ╨╕╨╖-╨╖╨░ ╨╜╨╡╨▓╤Л╨┐╨╛╨╗╨╜╨╡╨╜╨╜╨╛╨│╨╛ ╤Г╤Б╨╗╨╛╨▓╨╕╤П; ╨▓╤Л╤А╨░╨╢╨╡╨╜╨╕╨╡ ('$(UseIJWHost)' == 'true') ╤А╨░╨▓╨╜╨╛ ('' == 'true').
   1:7>╨ж╨╡╨╗╨╡╨▓╨╛╨╣ ╨╛╨▒╤К╨╡╨║╤В "_ComputeNETCoreBuildOutputFiles" ╨▓ ╤Д╨░╨╣╨╗╨╡ "C:\Program Files\dotnet\sdk\9.0.200\Sdks\Microsoft.NET.Sdk\targets\Microsoft.NET.Sdk.targets" ╨╕╨╖ ╨┐╤А╨╛╨╡╨║╤В╨░ "C:\Users\user\OneDrive\╨а╨░╨▒╨╛╤З╨╕╨╣ ╤Б╤В╨╛╨╗\regi\WebApplication15\WebApplication15.csproj" (╤Ж╨╡╨╗╨╡╨▓╨╛╨╣ ╨╛╨▒╤К╨╡╨║╤В "AssignTargetPaths" ╨╖╨░╨▓╨╕╤Б╨╕╤В ╨╛╤В ╨╜╨╡╨│╨╛):
   1:7>╨б╨▒╨╛╤А╨║╨░ ╤Ж╨╡╨╗╨╡╨▓╨╛╨│╨╛ ╨╛╨▒╤К╨╡╨║╤В╨░ "_ComputeNETCoreBuildOutputFiles" ╨▓ ╨┐╤А╨╛╨╡╨║╤В╨╡ "WebApplication15.csproj" ╨╖╨░╨▓╨╡╤А╤И╨╡╨╜╨░.
   1:7>╨ж╨╡╨╗╨╡╨▓╨╛╨╣ ╨╛╨▒╤К╨╡╨║╤В "ResolveStaticWebAssetsConfiguration" ╨▓ ╤Д╨░╨╣╨╗╨╡ "C:\Program Files\dotnet\sdk\9.0.200\Sdks\Microsoft.NET.Sdk.StaticWebAssets\targets\Microsoft.NET.Sdk.StaticWebAssets.targets" ╨╕╨╖ ╨┐╤А╨╛╨╡╨║╤В╨░ "C:\Users\user\OneDrive\╨а╨░╨▒╨╛╤З╨╕╨╣ ╤Б╤В╨╛╨╗\regi\WebApplication15\WebApplication15.csproj" (╤Ж╨╡╨╗╨╡╨▓╨╛╨╣ ╨╛╨▒╤К╨╡╨║╤В "ResolveProjectStaticWebAssets" ╨╖╨░╨▓╨╕╤Б╨╕╤В ╨╛╤В ╨╜╨╡╨│╨╛):
       ╨Ч╨░╨┤╨░╤З╨░ "MakeDir" ╨┐╤А╨╛╨┐╤Г╤Й╨╡╨╜╨░ ╨╕╨╖-╨╖╨░ ╨╜╨╡╨▓╤Л╨┐╨╛╨╗╨╜╨╡╨╜╨╜╨╛╨│╨╛ ╤Г╤Б╨╗╨╛╨▓╨╕╤П; ╨▓╤Л╤А╨░╨╢╨╡╨╜╨╕╨╡ (!Exists('$(_StaticWebAssetsManifestBase)')) ╤А╨░╨▓╨╜╨╛ (!Exists('obj\Debug\net9.0\')).
       ╨Ч╨░╨┤╨░╤З╨░ "MakeDir" ╨┐╤А╨╛╨┐╤Г╤Й╨╡╨╜╨░ ╨╕╨╖-╨╖╨░ ╨╜╨╡╨▓╤Л╨┐╨╛╨╗╨╜╨╡╨╜╨╜╨╛╨│╨╛ ╤Г╤Б╨╗╨╛╨▓╨╕╤П; ╨▓╤Л╤А╨░╨╢╨╡╨╜╨╕╨╡ (!Exists('$(_StaticWebAssetsIntermediateOutputPath)')) ╤А╨░╨▓╨╜╨╛ (!Exists('obj\Debug\net9.0\staticwebassets\')).
   1:7>╨б╨▒╨╛╤А╨║╨░ ╤Ж╨╡╨╗╨╡╨▓╨╛╨│╨╛ ╨╛╨▒╤К╨╡╨║╤В╨░ "ResolveStaticWebAssetsConfiguration" ╨▓ ╨┐╤А╨╛╨╡╨║╤В╨╡ "WebApplication15.csproj" ╨╖╨░╨▓╨╡╤А╤И╨╡╨╜╨░.
   1:7>╨ж╨╡╨╗╨╡╨▓╨╛╨╣ ╨╛╨▒╤К╨╡╨║╤В "UpdateExistingPackageStaticWebAssets" ╨▓ ╤Д╨░╨╣╨╗╨╡ "C:\Program Files\dotnet\sdk\9.0.200\Sdks\Microsoft.NET.Sdk.StaticWebAssets\targets\Microsoft.NET.Sdk.StaticWebAssets.targets" ╨╕╨╖ ╨┐╤А╨╛╨╡╨║╤В╨░ "C:\Users\user\OneDrive\╨а╨░╨▒╨╛╤З╨╕╨╣ ╤Б╤В╨╛╨╗\regi\WebApplication15\WebApplication15.csproj" (╤Ж╨╡╨╗╨╡╨▓╨╛╨╣ ╨╛╨▒╤К╨╡╨║╤В "ResolveProjectStaticWebAssets" ╨╖╨░╨▓╨╕╤Б╨╕╤В ╨╛╤В ╨╜╨╡╨│╨╛):
       ╨Ш╤Б╨┐╨╛╨╗╤М╨╖╤Г╨╡╤В╤Б╤П ╨╖╨░╨┤╨░╤З╨░ "UpdatePackageStaticWebAssets" ╨╕╨╖ ╤Б╨▒╨╛╤А╨║╨╕ "C:\Program Files\dotnet\sdk\9.0.200\Sdks\Microsoft.NET.Sdk.StaticWebAssets\targets\..\tasks\net9.0\Microsoft.NET.Sdk.StaticWebAssets.Tasks.dll".
       ╨Ч╨░╨┤╨░╤З╨░ "UpdatePackageStaticWebAssets"
       ╨Т╤Л╨┐╨╛╨╗╨╜╨╡╨╜╨╕╨╡ ╨╖╨░╨┤╨░╤З╨╕ "UpdatePackageStaticWebAssets" ╨╖╨░╨▓╨╡╤А╤И╨╡╨╜╨╛.
   1:7>╨б╨▒╨╛╤А╨║╨░ ╤Ж╨╡╨╗╨╡╨▓╨╛╨│╨╛ ╨╛╨▒╤К╨╡╨║╤В╨░ "UpdateExistingPackageStaticWebAssets" ╨▓ ╨┐╤А╨╛╨╡╨║╤В╨╡ "WebApplication15.csproj" ╨╖╨░╨▓╨╡╤А╤И╨╡╨╜╨░.
   1:7>╨ж╨╡╨╗╨╡╨▓╨╛╨╣ ╨╛╨▒╤К╨╡╨║╤В "ResolveProjectStaticWebAssets" ╨▓ ╤Д╨░╨╣╨╗╨╡ "C:\Program Files\dotnet\sdk\9.0.200\Sdks\Microsoft.NET.Sdk.StaticWebAssets\targets\Microsoft.NET.Sdk.StaticWebAssets.targets" ╨╕╨╖ ╨┐╤А╨╛╨╡╨║╤В╨░ "C:\Users\user\OneDrive\╨а╨░╨▒╨╛╤З╨╕╨╣ ╤Б╤В╨╛╨╗\regi\WebApplication15\WebApplication15.csproj" (╤Ж╨╡╨╗╨╡╨▓╨╛╨╣ ╨╛╨▒╤К╨╡╨║╤В "AssignTargetPaths" ╨╖╨░╨▓╨╕╤Б╨╕╤В ╨╛╤В ╨╜╨╡╨│╨╛):
       ╨Ш╤Б╨┐╨╛╨╗╤М╨╖╤Г╨╡╤В╤Б╤П ╨╖╨░╨┤╨░╤З╨░ "DefineStaticWebAssets" ╨╕╨╖ ╤Б╨▒╨╛╤А╨║╨╕ "C:\Program Files\dotnet\sdk\9.0.200\Sdks\Microsoft.NET.Sdk.StaticWebAssets\targets\..\tasks\net9.0\Microsoft.NET.Sdk.StaticWebAssets.Tasks.dll".
       ╨Ч╨░╨┤╨░╤З╨░ "DefineStaticWebAssets"
         ╨б╨▒╨╛╤А╨║╨░ ╨╖╨░╨│╤А╤Г╨╢╨╡╨╜╨░ ╨▓╨╛ ╨▓╤А╨╡╨╝╤П TaskRun (Microsoft.AspNetCore.StaticWebAssets.Tasks.DefineStaticWebAssets): Microsoft.Extensions.FileSystemGlobbing, Version=9.0.0.0, Culture=neutral, PublicKeyToken=adb9793829ddae60 (╤А╨░╤Б╨┐╨╛╨╗╨╛╨╢╨╡╨╜╨╕╨╡: C:\Program Files\dotnet\sdk\9.0.200\Sdks\Microsoft.NET.Sdk.StaticWebAssets\tasks\net9.0\Microsoft.Extensions.FileSystemGlobbing.dll, MVID: 6c483ce2-a73c-4792-b22f-8f68a2bd8210, AssemblyLoadContext: MSBuild plugin C:\Program Files\dotnet\sdk\9.0.200\Sdks\Microsoft.NET.Sdk.StaticWebAssets\tasks\net9.0\Microsoft.NET.Sdk.StaticWebAssets.Tasks.dll)
         Accepted asset 'wwwroot\css\admin.css' for pattern 'wwwroot/**' with relative path 'css/admin.css'
         Computing fingerprint and integrity for asset 'wwwroot\css\admin.css'
         Fingerprinting asset 'admin.css' as 'css\admin#[.{fingerprint}]?.css' because it didn't match any pattern
         Accepted asset 'wwwroot\css\dark-theme.css' for pattern 'wwwroot/**' with relative path 'css/dark-theme.css'
         Computing fingerprint and integrity for asset 'wwwroot\css\dark-theme.css'
         Fingerprinting asset 'dark-theme.css' as 'css\dark-theme#[.{fingerprint}]?.css' because it didn't match any pattern
         Accepted asset 'wwwroot\css\home.css' for pattern 'wwwroot/**' with relative path 'css/home.css'
         Computing fingerprint and integrity for asset 'wwwroot\css\home.css'
         ╨б╨▒╨╛╤А╨║╨░ ╨╖╨░╨│╤А╤Г╨╢╨╡╨╜╨░ ╨▓╨╛ ╨▓╤А╨╡╨╝╤П TaskRun (Microsoft.AspNetCore.StaticWebAssets.Tasks.DefineStaticWebAssets): System.Runtime.Intrinsics, Version=9.0.0.0, Culture=neutral, PublicKeyToken=cc7b13ffcd2ddd51 (╤А╨░╤Б╨┐╨╛╨╗╨╛╨╢╨╡╨╜╨╕╨╡: C:\Program Files\dotnet\shared\Microsoft.NETCore.App\9.0.2\System.Runtime.Intrinsics.dll, MVID: 6fcb5b99-0120-45ba-98a1-4da640a3520d, AssemblyLoadContext: Default)
         Fingerprinting asset 'home.css' as 'css\home#[.{fingerprint}]?.css' because it didn't match any pattern
         Accepted asset 'wwwroot\css\language-info.css' for pattern 'wwwroot/**' with relative path 'css/language-info.css'
         Computing fingerprint and integrity for asset 'wwwroot\css\language-info.css'
         Fingerprinting asset 'language-info.css' as 'css\language-info#[.{fingerprint}]?.css' because it didn't match any pattern
         Accepted asset 'wwwroot\css\light-theme.css' for pattern 'wwwroot/**' with relative path 'css/light-theme.css'
         Computing fingerprint and integrity for asset 'wwwroot\css\light-theme.css'
         Fingerprinting asset 'light-theme.css' as 'css\light-theme#[.{fingerprint}]?.css' because it didn't match any pattern
         Accepted asset 'wwwroot\css\site.css' for pattern 'wwwroot/**' with relative path 'css/site.css'
         Computing fingerprint and integrity for asset 'wwwroot\css\site.css'
         Fingerprinting asset 'site.css' as 'css\site#[.{fingerprint}]?.css' because it didn't match any pattern
         Accepted asset 'wwwroot\css\test-index.css' for pattern 'wwwroot/**' with relative path 'css/test-index.css'
         Computing fingerprint and integrity for asset 'wwwroot\css\test-index.css'
         Fingerprinting asset 'test-index.css' as 'css\test-index#[.{fingerprint}]?.css' because it didn't match any pattern
         Accepted asset 'wwwroot\css\tests.css' for pattern 'wwwroot/**' with relative path 'css/tests.css'
         Computing fingerprint and integrity for asset 'wwwroot\css\tests.css'
         Fingerprinting asset 'tests.css' as 'css\tests#[.{fingerprint}]?.css' because it didn't match any pattern
         Accepted asset 'wwwroot\css\themes.css' for pattern 'wwwroot/**' with relative path 'css/themes.css'
         Computing fingerprint and integrity for asset 'wwwroot\css\themes.css'
         Fingerprinting asset 'themes.css' as 'css\themes#[.{fingerprint}]?.css' because it didn't match any pattern
         Accepted asset 'wwwroot\css\video-details.css' for pattern 'wwwroot/**' with relative path 'css/video-details.css'
         Computing fingerprint and integrity for asset 'wwwroot\css\video-details.css'
         Fingerprinting asset 'video-details.css' as 'css\video-details#[.{fingerprint}]?.css' because it didn't match any pattern
         Accepted asset 'wwwroot\css\videos.css' for pattern 'wwwroot/**' with relative path 'css/videos.css'
         Computing fingerprint and integrity for asset 'wwwroot\css\videos.css'
         Fingerprinting asset 'videos.css' as 'css\videos#[.{fingerprint}]?.css' because it didn't match any pattern
         Accepted asset 'wwwroot\favicon.ico' for pattern 'wwwroot/**' with relative path 'favicon.ico'
         Computing fingerprint and integrity for asset 'wwwroot\favicon.ico'
         Fingerprinting asset 'favicon.ico' as 'favicon#[.{fingerprint}]?.ico' because it didn't match any pattern
         Accepted asset 'wwwroot\images\ankara.jpg' for pattern 'wwwroot/**' with relative path 'images/ankara.jpg'
         Computing fingerprint and integrity for asset 'wwwroot\images\ankara.jpg'
         Fingerprinting asset 'ankara.jpg' as 'images\ankara#[.{fingerprint}]?.jpg' because it didn't match any pattern
         Accepted asset 'wwwroot\images\astana.jpg' for pattern 'wwwroot/**' with relative path 'images/astana.jpg'
         Computing fingerprint and integrity for asset 'wwwroot\images\astana.jpg'
         Fingerprinting asset 'astana.jpg' as 'images\astana#[.{fingerprint}]?.jpg' because it didn't match any pattern
         Accepted asset 'wwwroot\images\london.jpg' for pattern 'wwwroot/**' with relative path 'images/london.jpg'
         Computing fingerprint and integrity for asset 'wwwroot\images\london.jpg'
         Fingerprinting asset 'london.jpg' as 'images\london#[.{fingerprint}]?.jpg' because it didn't match any pattern
         Accepted asset 'wwwroot\images\team\avatar1.jpg' for pattern 'wwwroot/**' with relative path 'images/team/avatar1.jpg'
         Computing fingerprint and integrity for asset 'wwwroot\images\team\avatar1.jpg'
         Fingerprinting asset 'avatar1.jpg' as 'images\team\avatar1#[.{fingerprint}]?.jpg' because it didn't match any pattern
         Accepted asset 'wwwroot\images\team\avatar2.jpg' for pattern 'wwwroot/**' with relative path 'images/team/avatar2.jpg'
         Computing fingerprint and integrity for asset 'wwwroot\images\team\avatar2.jpg'
         Fingerprinting asset 'avatar2.jpg' as 'images\team\avatar2#[.{fingerprint}]?.jpg' because it didn't match any pattern
         Accepted asset 'wwwroot\images\team\avatar3.jpg' for pattern 'wwwroot/**' with relative path 'images/team/avatar3.jpg'
         Computing fingerprint and integrity for asset 'wwwroot\images\team\avatar3.jpg'
         Fingerprinting asset 'avatar3.jpg' as 'images\team\avatar3#[.{fingerprint}]?.jpg' because it didn't match any pattern
         Accepted asset 'wwwroot\images\team\avatar4.jpg' for pattern 'wwwroot/**' with relative path 'images/team/avatar4.jpg'
         Computing fingerprint and integrity for asset 'wwwroot\images\team\avatar4.jpg'
         Fingerprinting asset 'avatar4.jpg' as 'images\team\avatar4#[.{fingerprint}]?.jpg' because it didn't match any pattern
         Accepted asset 'wwwroot\js\site.js' for pattern 'wwwroot/**' with relative path 'js/site.js'
         Computing fingerprint and integrity for asset 'wwwroot\js\site.js'
         Fingerprinting asset 'site.js' as 'js\site#[.{fingerprint}]?.js' because it didn't match any pattern
         Accepted asset 'wwwroot\lib\bootstrap\dist\css\bootstrap-grid.css' for pattern 'wwwroot/**' with relative path 'lib/bootstrap/dist/css/bootstrap-grid.css'
         Computing fingerprint and integrity for asset 'wwwroot\lib\bootstrap\dist\css\bootstrap-grid.css'
         Fingerprinting asset 'bootstrap-grid.css' as 'lib\bootstrap\dist\css\bootstrap-grid#[.{fingerprint}]?.css' because it didn't match any pattern
         Accepted asset 'wwwroot\lib\bootstrap\dist\css\bootstrap-grid.css.map' for pattern 'wwwroot/**' with relative path 'lib/bootstrap/dist/css/bootstrap-grid.css.map'
         Computing fingerprint and integrity for asset 'wwwroot\lib\bootstrap\dist\css\bootstrap-grid.css.map'
         Fingerprinting asset 'bootstrap-grid.css.map' as 'lib\bootstrap\dist\css\bootstrap-grid.css#[.{fingerprint}]?.map' because it didn't match any pattern
         Accepted asset 'wwwroot\lib\bootstrap\dist\css\bootstrap-grid.min.css' for pattern 'wwwroot/**' with relative path 'lib/bootstrap/dist/css/bootstrap-grid.min.css'
         Computing fingerprint and integrity for asset 'wwwroot\lib\bootstrap\dist\css\bootstrap-grid.min.css'
         Fingerprinting asset 'bootstrap-grid.min.css' as 'lib\bootstrap\dist\css\bootstrap-grid.min#[.{fingerprint}]?.css' because it didn't match any pattern
         Accepted asset 'wwwroot\lib\bootstrap\dist\css\bootstrap-grid.min.css.map' for pattern 'wwwroot/**' with relative path 'lib/bootstrap/dist/css/bootstrap-grid.min.css.map'
         Computing fingerprint and integrity for asset 'wwwroot\lib\bootstrap\dist\css\bootstrap-grid.min.css.map'
         Fingerprinting asset 'bootstrap-grid.min.css.map' as 'lib\bootstrap\dist\css\bootstrap-grid.min.css#[.{fingerprint}]?.map' because it didn't match any pattern
         Accepted asset 'wwwroot\lib\bootstrap\dist\css\bootstrap-grid.rtl.css' for pattern 'wwwroot/**' with relative path 'lib/bootstrap/dist/css/bootstrap-grid.rtl.css'
         Computing fingerprint and integrity for asset 'wwwroot\lib\bootstrap\dist\css\bootstrap-grid.rtl.css'
         Fingerprinting asset 'bootstrap-grid.rtl.css' as 'lib\bootstrap\dist\css\bootstrap-grid.rtl#[.{fingerprint}]?.css' because it didn't match any pattern
         Accepted asset 'wwwroot\lib\bootstrap\dist\css\bootstrap-grid.rtl.css.map' for pattern 'wwwroot/**' with relative path 'lib/bootstrap/dist/css/bootstrap-grid.rtl.css.map'
         Computing fingerprint and integrity for asset 'wwwroot\lib\bootstrap\dist\css\bootstrap-grid.rtl.css.map'
         Fingerprinting asset 'bootstrap-grid.rtl.css.map' as 'lib\bootstrap\dist\css\bootstrap-grid.rtl.css#[.{fingerprint}]?.map' because it didn't match any pattern
         Accepted asset 'wwwroot\lib\bootstrap\dist\css\bootstrap-grid.rtl.min.css' for pattern 'wwwroot/**' with relative path 'lib/bootstrap/dist/css/bootstrap-grid.rtl.min.css'
         Computing fingerprint and integrity for asset 'wwwroot\lib\bootstrap\dist\css\bootstrap-grid.rtl.min.css'
         Fingerprinting asset 'bootstrap-grid.rtl.min.css' as 'lib\bootstrap\dist\css\bootstrap-grid.rtl.min#[.{fingerprint}]?.css' because it didn't match any pattern
         Accepted asset 'wwwroot\lib\bootstrap\dist\css\bootstrap-grid.rtl.min.css.map' for pattern 'wwwroot/**' with relative path 'lib/bootstrap/dist/css/bootstrap-grid.rtl.min.css.map'
         Computing fingerprint and integrity for asset 'wwwroot\lib\bootstrap\dist\css\bootstrap-grid.rtl.min.css.map'
         Fingerprinting asset 'bootstrap-grid.rtl.min.css.map' as 'lib\bootstrap\dist\css\bootstrap-grid.rtl.min.css#[.{fingerprint}]?.map' because it didn't match any pattern
         Accepted asset 'wwwroot\lib\bootstrap\dist\css\bootstrap-reboot.css' for pattern 'wwwroot/**' with relative path 'lib/bootstrap/dist/css/bootstrap-reboot.css'
         Computing fingerprint and integrity for asset 'wwwroot\lib\bootstrap\dist\css\bootstrap-reboot.css'
         Fingerprinting asset 'bootstrap-reboot.css' as 'lib\bootstrap\dist\css\bootstrap-reboot#[.{fingerprint}]?.css' because it didn't match any pattern
         Accepted asset 'wwwroot\lib\bootstrap\dist\css\bootstrap-reboot.css.map' for pattern 'wwwroot/**' with relative path 'lib/bootstrap/dist/css/bootstrap-reboot.css.map'
         Computing fingerprint and integrity for asset 'wwwroot\lib\bootstrap\dist\css\bootstrap-reboot.css.map'
         Fingerprinting asset 'bootstrap-reboot.css.map' as 'lib\bootstrap\dist\css\bootstrap-reboot.css#[.{fingerprint}]?.map' because it didn't match any pattern
         Accepted asset 'wwwroot\lib\bootstrap\dist\css\bootstrap-reboot.min.css' for pattern 'wwwroot/**' with relative path 'lib/bootstrap/dist/css/bootstrap-reboot.min.css'
         Computing fingerprint and integrity for asset 'wwwroot\lib\bootstrap\dist\css\bootstrap-reboot.min.css'
         Fingerprinting asset 'bootstrap-reboot.min.css' as 'lib\bootstrap\dist\css\bootstrap-reboot.min#[.{fingerprint}]?.css' because it didn't match any pattern
         Accepted asset 'wwwroot\lib\bootstrap\dist\css\bootstrap-reboot.min.css.map' for pattern 'wwwroot/**' with relative path 'lib/bootstrap/dist/css/bootstrap-reboot.min.css.map'
         Computing fingerprint and integrity for asset 'wwwroot\lib\bootstrap\dist\css\bootstrap-reboot.min.css.map'
         Fingerprinting asset 'bootstrap-reboot.min.css.map' as 'lib\bootstrap\dist\css\bootstrap-reboot.min.css#[.{fingerprint}]?.map' because it didn't match any pattern
         Accepted asset 'wwwroot\lib\bootstrap\dist\css\bootstrap-reboot.rtl.css' for pattern 'wwwroot/**' with relative path 'lib/bootstrap/dist/css/bootstrap-reboot.rtl.css'
         Computing fingerprint and integrity for asset 'wwwroot\lib\bootstrap\dist\css\bootstrap-reboot.rtl.css'
         Fingerprinting asset 'bootstrap-reboot.rtl.css' as 'lib\bootstrap\dist\css\bootstrap-reboot.rtl#[.{fingerprint}]?.css' because it didn't match any pattern
         Accepted asset 'wwwroot\lib\bootstrap\dist\css\bootstrap-reboot.rtl.css.map' for pattern 'wwwroot/**' with relative path 'lib/bootstrap/dist/css/bootstrap-reboot.rtl.css.map'
         Computing fingerprint and integrity for asset 'wwwroot\lib\bootstrap\dist\css\bootstrap-reboot.rtl.css.map'
         Fingerprinting asset 'bootstrap-reboot.rtl.css.map' as 'lib\bootstrap\dist\css\bootstrap-reboot.rtl.css#[.{fingerprint}]?.map' because it didn't match any pattern
         Accepted asset 'wwwroot\lib\bootstrap\dist\css\bootstrap-reboot.rtl.min.css' for pattern 'wwwroot/**' with relative path 'lib/bootstrap/dist/css/bootstrap-reboot.rtl.min.css'
         Computing fingerprint and integrity for asset 'wwwroot\lib\bootstrap\dist\css\bootstrap-reboot.rtl.min.css'
         Fingerprinting asset 'bootstrap-reboot.rtl.min.css' as 'lib\bootstrap\dist\css\bootstrap-reboot.rtl.min#[.{fingerprint}]?.css' because it didn't match any pattern
         Accepted asset 'wwwroot\lib\bootstrap\dist\css\bootstrap-reboot.rtl.min.css.map' for pattern 'wwwroot/**' with relative path 'lib/bootstrap/dist/css/bootstrap-reboot.rtl.min.css.map'
         Computing fingerprint and integrity for asset 'wwwroot\lib\bootstrap\dist\css\bootstrap-reboot.rtl.min.css.map'
         Fingerprinting asset 'bootstrap-reboot.rtl.min.css.map' as 'lib\bootstrap\dist\css\bootstrap-reboot.rtl.min.css#[.{fingerprint}]?.map' because it didn't match any pattern
         Accepted asset 'wwwroot\lib\bootstrap\dist\css\bootstrap-utilities.css' for pattern 'wwwroot/**' with relative path 'lib/bootstrap/dist/css/bootstrap-utilities.css'
         Computing fingerprint and integrity for asset 'wwwroot\lib\bootstrap\dist\css\bootstrap-utilities.css'
         Fingerprinting asset 'bootstrap-utilities.css' as 'lib\bootstrap\dist\css\bootstrap-utilities#[.{fingerprint}]?.css' because it didn't match any pattern
         Accepted asset 'wwwroot\lib\bootstrap\dist\css\bootstrap-utilities.css.map' for pattern 'wwwroot/**' with relative path 'lib/bootstrap/dist/css/bootstrap-utilities.css.map'
         Computing fingerprint and integrity for asset 'wwwroot\lib\bootstrap\dist\css\bootstrap-utilities.css.map'
         Fingerprinting asset 'bootstrap-utilities.css.map' as 'lib\bootstrap\dist\css\bootstrap-utilities.css#[.{fingerprint}]?.map' because it didn't match any pattern
         Accepted asset 'wwwroot\lib\bootstrap\dist\css\bootstrap-utilities.min.css' for pattern 'wwwroot/**' with relative path 'lib/bootstrap/dist/css/bootstrap-utilities.min.css'
         Computing fingerprint and integrity for asset 'wwwroot\lib\bootstrap\dist\css\bootstrap-utilities.min.css'
         Fingerprinting asset 'bootstrap-utilities.min.css' as 'lib\bootstrap\dist\css\bootstrap-utilities.min#[.{fingerprint}]?.css' because it didn't match any pattern
         Accepted asset 'wwwroot\lib\bootstrap\dist\css\bootstrap-utilities.min.css.map' for pattern 'wwwroot/**' with relative path 'lib/bootstrap/dist/css/bootstrap-utilities.min.css.map'
         Computing fingerprint and integrity for asset 'wwwroot\lib\bootstrap\dist\css\bootstrap-utilities.min.css.map'
         Fingerprinting asset 'bootstrap-utilities.min.css.map' as 'lib\bootstrap\dist\css\bootstrap-utilities.min.css#[.{fingerprint}]?.map' because it didn't match any pattern
         Accepted asset 'wwwroot\lib\bootstrap\dist\css\bootstrap-utilities.rtl.css' for pattern 'wwwroot/**' with relative path 'lib/bootstrap/dist/css/bootstrap-utilities.rtl.css'
         Computing fingerprint and integrity for asset 'wwwroot\lib\bootstrap\dist\css\bootstrap-utilities.rtl.css'
         Fingerprinting asset 'bootstrap-utilities.rtl.css' as 'lib\bootstrap\dist\css\bootstrap-utilities.rtl#[.{fingerprint}]?.css' because it didn't match any pattern
         Accepted asset 'wwwroot\lib\bootstrap\dist\css\bootstrap-utilities.rtl.css.map' for pattern 'wwwroot/**' with relative path 'lib/bootstrap/dist/css/bootstrap-utilities.rtl.css.map'
         Computing fingerprint and integrity for asset 'wwwroot\lib\bootstrap\dist\css\bootstrap-utilities.rtl.css.map'
         Fingerprinting asset 'bootstrap-utilities.rtl.css.map' as 'lib\bootstrap\dist\css\bootstrap-utilities.rtl.css#[.{fingerprint}]?.map' because it didn't match any pattern
         Accepted asset 'wwwroot\lib\bootstrap\dist\css\bootstrap-utilities.rtl.min.css' for pattern 'wwwroot/**' with relative path 'lib/bootstrap/dist/css/bootstrap-utilities.rtl.min.css'
         Computing fingerprint and integrity for asset 'wwwroot\lib\bootstrap\dist\css\bootstrap-utilities.rtl.min.css'
         Fingerprinting asset 'bootstrap-utilities.rtl.min.css' as 'lib\bootstrap\dist\css\bootstrap-utilities.rtl.min#[.{fingerprint}]?.css' because it didn't match any pattern
         Accepted asset 'wwwroot\lib\bootstrap\dist\css\bootstrap-utilities.rtl.min.css.map' for pattern 'wwwroot/**' with relative path 'lib/bootstrap/dist/css/bootstrap-utilities.rtl.min.css.map'
         Computing fingerprint and integrity for asset 'wwwroot\lib\bootstrap\dist\css\bootstrap-utilities.rtl.min.css.map'
         Fingerprinting asset 'bootstrap-utilities.rtl.min.css.map' as 'lib\bootstrap\dist\css\bootstrap-utilities.rtl.min.css#[.{fingerprint}]?.map' because it didn't match any pattern
         Accepted asset 'wwwroot\lib\bootstrap\dist\css\bootstrap.css' for pattern 'wwwroot/**' with relative path 'lib/bootstrap/dist/css/bootstrap.css'
         Computing fingerprint and integrity for asset 'wwwroot\lib\bootstrap\dist\css\bootstrap.css'
         Fingerprinting asset 'bootstrap.css' as 'lib\bootstrap\dist\css\bootstrap#[.{fingerprint}]?.css' because it didn't match any pattern
         Accepted asset 'wwwroot\lib\bootstrap\dist\css\bootstrap.css.map' for pattern 'wwwroot/**' with relative path 'lib/bootstrap/dist/css/bootstrap.css.map'
         Computing fingerprint and integrity for asset 'wwwroot\lib\bootstrap\dist\css\bootstrap.css.map'
         Fingerprinting asset 'bootstrap.css.map' as 'lib\bootstrap\dist\css\bootstrap.css#[.{fingerprint}]?.map' because it didn't match any pattern
         Accepted asset 'wwwroot\lib\bootstrap\dist\css\bootstrap.min.css' for pattern 'wwwroot/**' with relative path 'lib/bootstrap/dist/css/bootstrap.min.css'
         Computing fingerprint and integrity for asset 'wwwroot\lib\bootstrap\dist\css\bootstrap.min.css'
         Fingerprinting asset 'bootstrap.min.css' as 'lib\bootstrap\dist\css\bootstrap.min#[.{fingerprint}]?.css' because it didn't match any pattern
         Accepted asset 'wwwroot\lib\bootstrap\dist\css\bootstrap.min.css.map' for pattern 'wwwroot/**' with relative path 'lib/bootstrap/dist/css/bootstrap.min.css.map'
         Computing fingerprint and integrity for asset 'wwwroot\lib\bootstrap\dist\css\bootstrap.min.css.map'
         Fingerprinting asset 'bootstrap.min.css.map' as 'lib\bootstrap\dist\css\bootstrap.min.css#[.{fingerprint}]?.map' because it didn't match any pattern
         Accepted asset 'wwwroot\lib\bootstrap\dist\css\bootstrap.rtl.css' for pattern 'wwwroot/**' with relative path 'lib/bootstrap/dist/css/bootstrap.rtl.css'
         Computing fingerprint and integrity for asset 'wwwroot\lib\bootstrap\dist\css\bootstrap.rtl.css'
         Fingerprinting asset 'bootstrap.rtl.css' as 'lib\bootstrap\dist\css\bootstrap.rtl#[.{fingerprint}]?.css' because it didn't match any pattern
         Accepted asset 'wwwroot\lib\bootstrap\dist\css\bootstrap.rtl.css.map' for pattern 'wwwroot/**' with relative path 'lib/bootstrap/dist/css/bootstrap.rtl.css.map'
         Computing fingerprint and integrity for asset 'wwwroot\lib\bootstrap\dist\css\bootstrap.rtl.css.map'
         Fingerprinting asset 'bootstrap.rtl.css.map' as 'lib\bootstrap\dist\css\bootstrap.rtl.css#[.{fingerprint}]?.map' because it didn't match any pattern
         Accepted asset 'wwwroot\lib\bootstrap\dist\css\bootstrap.rtl.min.css' for pattern 'wwwroot/**' with relative path 'lib/bootstrap/dist/css/bootstrap.rtl.min.css'
         Computing fingerprint and integrity for asset 'wwwroot\lib\bootstrap\dist\css\bootstrap.rtl.min.css'
         Fingerprinting asset 'bootstrap.rtl.min.css' as 'lib\bootstrap\dist\css\bootstrap.rtl.min#[.{fingerprint}]?.css' because it didn't match any pattern
         Accepted asset 'wwwroot\lib\bootstrap\dist\css\bootstrap.rtl.min.css.map' for pattern 'wwwroot/**' with relative path 'lib/bootstrap/dist/css/bootstrap.rtl.min.css.map'
         Computing fingerprint and integrity for asset 'wwwroot\lib\bootstrap\dist\css\bootstrap.rtl.min.css.map'
         Fingerprinting asset 'bootstrap.rtl.min.css.map' as 'lib\bootstrap\dist\css\bootstrap.rtl.min.css#[.{fingerprint}]?.map' because it didn't match any pattern
         Accepted asset 'wwwroot\lib\bootstrap\dist\js\bootstrap.bundle.js' for pattern 'wwwroot/**' with relative path 'lib/bootstrap/dist/js/bootstrap.bundle.js'
         Computing fingerprint and integrity for asset 'wwwroot\lib\bootstrap\dist\js\bootstrap.bundle.js'
         Fingerprinting asset 'bootstrap.bundle.js' as 'lib\bootstrap\dist\js\bootstrap.bundle#[.{fingerprint}]?.js' because it didn't match any pattern
         Accepted asset 'wwwroot\lib\bootstrap\dist\js\bootstrap.bundle.js.map' for pattern 'wwwroot/**' with relative path 'lib/bootstrap/dist/js/bootstrap.bundle.js.map'
         Computing fingerprint and integrity for asset 'wwwroot\lib\bootstrap\dist\js\bootstrap.bundle.js.map'
         Fingerprinting asset 'bootstrap.bundle.js.map' as 'lib\bootstrap\dist\js\bootstrap.bundle.js#[.{fingerprint}]?.map' because it didn't match any pattern
         Accepted asset 'wwwroot\lib\bootstrap\dist\js\bootstrap.bundle.min.js' for pattern 'wwwroot/**' with relative path 'lib/bootstrap/dist/js/bootstrap.bundle.min.js'
         Computing fingerprint and integrity for asset 'wwwroot\lib\bootstrap\dist\js\bootstrap.bundle.min.js'
         Fingerprinting asset 'bootstrap.bundle.min.js' as 'lib\bootstrap\dist\js\bootstrap.bundle.min#[.{fingerprint}]?.js' because it didn't match any pattern
         Accepted asset 'wwwroot\lib\bootstrap\dist\js\bootstrap.bundle.min.js.map' for pattern 'wwwroot/**' with relative path 'lib/bootstrap/dist/js/bootstrap.bundle.min.js.map'
         Computing fingerprint and integrity for asset 'wwwroot\lib\bootstrap\dist\js\bootstrap.bundle.min.js.map'
         Fingerprinting asset 'bootstrap.bundle.min.js.map' as 'lib\bootstrap\dist\js\bootstrap.bundle.min.js#[.{fingerprint}]?.map' because it didn't match any pattern
         Accepted asset 'wwwroot\lib\bootstrap\dist\js\bootstrap.esm.js' for pattern 'wwwroot/**' with relative path 'lib/bootstrap/dist/js/bootstrap.esm.js'
         Computing fingerprint and integrity for asset 'wwwroot\lib\bootstrap\dist\js\bootstrap.esm.js'
         Fingerprinting asset 'bootstrap.esm.js' as 'lib\bootstrap\dist\js\bootstrap.esm#[.{fingerprint}]?.js' because it didn't match any pattern
         Accepted asset 'wwwroot\lib\bootstrap\dist\js\bootstrap.esm.js.map' for pattern 'wwwroot/**' with relative path 'lib/bootstrap/dist/js/bootstrap.esm.js.map'
         Computing fingerprint and integrity for asset 'wwwroot\lib\bootstrap\dist\js\bootstrap.esm.js.map'
         Fingerprinting asset 'bootstrap.esm.js.map' as 'lib\bootstrap\dist\js\bootstrap.esm.js#[.{fingerprint}]?.map' because it didn't match any pattern
         Accepted asset 'wwwroot\lib\bootstrap\dist\js\bootstrap.esm.min.js' for pattern 'wwwroot/**' with relative path 'lib/bootstrap/dist/js/bootstrap.esm.min.js'
         Computing fingerprint and integrity for asset 'wwwroot\lib\bootstrap\dist\js\bootstrap.esm.min.js'
         Fingerprinting asset 'bootstrap.esm.min.js' as 'lib\bootstrap\dist\js\bootstrap.esm.min#[.{fingerprint}]?.js' because it didn't match any pattern
         Accepted asset 'wwwroot\lib\bootstrap\dist\js\bootstrap.esm.min.js.map' for pattern 'wwwroot/**' with relative path 'lib/bootstrap/dist/js/bootstrap.esm.min.js.map'
         Computing fingerprint and integrity for asset 'wwwroot\lib\bootstrap\dist\js\bootstrap.esm.min.js.map'
         Fingerprinting asset 'bootstrap.esm.min.js.map' as 'lib\bootstrap\dist\js\bootstrap.esm.min.js#[.{fingerprint}]?.map' because it didn't match any pattern
         Accepted asset 'wwwroot\lib\bootstrap\dist\js\bootstrap.js' for pattern 'wwwroot/**' with relative path 'lib/bootstrap/dist/js/bootstrap.js'
         Computing fingerprint and integrity for asset 'wwwroot\lib\bootstrap\dist\js\bootstrap.js'
         Fingerprinting asset 'bootstrap.js' as 'lib\bootstrap\dist\js\bootstrap#[.{fingerprint}]?.js' because it didn't match any pattern
         Accepted asset 'wwwroot\lib\bootstrap\dist\js\bootstrap.js.map' for pattern 'wwwroot/**' with relative path 'lib/bootstrap/dist/js/bootstrap.js.map'
         Computing fingerprint and integrity for asset 'wwwroot\lib\bootstrap\dist\js\bootstrap.js.map'
         Fingerprinting asset 'bootstrap.js.map' as 'lib\bootstrap\dist\js\bootstrap.js#[.{fingerprint}]?.map' because it didn't match any pattern
         Accepted asset 'wwwroot\lib\bootstrap\dist\js\bootstrap.min.js' for pattern 'wwwroot/**' with relative path 'lib/bootstrap/dist/js/bootstrap.min.js'
         Computing fingerprint and integrity for asset 'wwwroot\lib\bootstrap\dist\js\bootstrap.min.js'
         Fingerprinting asset 'bootstrap.min.js' as 'lib\bootstrap\dist\js\bootstrap.min#[.{fingerprint}]?.js' because it didn't match any pattern
         Accepted asset 'wwwroot\lib\bootstrap\dist\js\bootstrap.min.js.map' for pattern 'wwwroot/**' with relative path 'lib/bootstrap/dist/js/bootstrap.min.js.map'
         Computing fingerprint and integrity for asset 'wwwroot\lib\bootstrap\dist\js\bootstrap.min.js.map'
         Fingerprinting asset 'bootstrap.min.js.map' as 'lib\bootstrap\dist\js\bootstrap.min.js#[.{fingerprint}]?.map' because it didn't match any pattern
         Accepted asset 'wwwroot\lib\bootstrap\LICENSE' for pattern 'wwwroot/**' with relative path 'lib/bootstrap/LICENSE'
         Computing fingerprint and integrity for asset 'wwwroot\lib\bootstrap\LICENSE'
         Fingerprinting asset 'LICENSE' as 'lib\bootstrap\LICENSE#[.{fingerprint}]?' because it didn't match any pattern
         Accepted asset 'wwwroot\lib\jquery-validation-unobtrusive\dist\jquery.validate.unobtrusive.js' for pattern 'wwwroot/**' with relative path 'lib/jquery-validation-unobtrusive/dist/jquery.validate.unobtrusive.js'
         Computing fingerprint and integrity for asset 'wwwroot\lib\jquery-validation-unobtrusive\dist\jquery.validate.unobtrusive.js'
         Fingerprinting asset 'jquery.validate.unobtrusive.js' as 'lib\jquery-validation-unobtrusive\dist\jquery.validate.unobtrusive#[.{fingerprint}]?.js' because it didn't match any pattern
         Accepted asset 'wwwroot\lib\jquery-validation-unobtrusive\dist\jquery.validate.unobtrusive.min.js' for pattern 'wwwroot/**' with relative path 'lib/jquery-validation-unobtrusive/dist/jquery.validate.unobtrusive.min.js'
         Computing fingerprint and integrity for asset 'wwwroot\lib\jquery-validation-unobtrusive\dist\jquery.validate.unobtrusive.min.js'
         Fingerprinting asset 'jquery.validate.unobtrusive.min.js' as 'lib\jquery-validation-unobtrusive\dist\jquery.validate.unobtrusive.min#[.{fingerprint}]?.js' because it didn't match any pattern
         Accepted asset 'wwwroot\lib\jquery-validation-unobtrusive\LICENSE.txt' for pattern 'wwwroot/**' with relative path 'lib/jquery-validation-unobtrusive/LICENSE.txt'
         Computing fingerprint and integrity for asset 'wwwroot\lib\jquery-validation-unobtrusive\LICENSE.txt'
         Fingerprinting asset 'LICENSE.txt' as 'lib\jquery-validation-unobtrusive\LICENSE#[.{fingerprint}]?.txt' because it didn't match any pattern
         Accepted asset 'wwwroot\lib\jquery-validation\dist\additional-methods.js' for pattern 'wwwroot/**' with relative path 'lib/jquery-validation/dist/additional-methods.js'
         Computing fingerprint and integrity for asset 'wwwroot\lib\jquery-validation\dist\additional-methods.js'
         Fingerprinting asset 'additional-methods.js' as 'lib\jquery-validation\dist\additional-methods#[.{fingerprint}]?.js' because it didn't match any pattern
         Accepted asset 'wwwroot\lib\jquery-validation\dist\additional-methods.min.js' for pattern 'wwwroot/**' with relative path 'lib/jquery-validation/dist/additional-methods.min.js'
         Computing fingerprint and integrity for asset 'wwwroot\lib\jquery-validation\dist\additional-methods.min.js'
         Fingerprinting asset 'additional-methods.min.js' as 'lib\jquery-validation\dist\additional-methods.min#[.{fingerprint}]?.js' because it didn't match any pattern
         Accepted asset 'wwwroot\lib\jquery-validation\dist\jquery.validate.js' for pattern 'wwwroot/**' with relative path 'lib/jquery-validation/dist/jquery.validate.js'
         Computing fingerprint and integrity for asset 'wwwroot\lib\jquery-validation\dist\jquery.validate.js'
         Fingerprinting asset 'jquery.validate.js' as 'lib\jquery-validation\dist\jquery.validate#[.{fingerprint}]?.js' because it didn't match any pattern
         Accepted asset 'wwwroot\lib\jquery-validation\dist\jquery.validate.min.js' for pattern 'wwwroot/**' with relative path 'lib/jquery-validation/dist/jquery.validate.min.js'
         Computing fingerprint and integrity for asset 'wwwroot\lib\jquery-validation\dist\jquery.validate.min.js'
         Fingerprinting asset 'jquery.validate.min.js' as 'lib\jquery-validation\dist\jquery.validate.min#[.{fingerprint}]?.js' because it didn't match any pattern
         Accepted asset 'wwwroot\lib\jquery-validation\LICENSE.md' for pattern 'wwwroot/**' with relative path 'lib/jquery-validation/LICENSE.md'
         Computing fingerprint and integrity for asset 'wwwroot\lib\jquery-validation\LICENSE.md'
         Fingerprinting asset 'LICENSE.md' as 'lib\jquery-validation\LICENSE#[.{fingerprint}]?.md' because it didn't match any pattern
         Accepted asset 'wwwroot\lib\jquery\dist\jquery.js' for pattern 'wwwroot/**' with relative path 'lib/jquery/dist/jquery.js'
         Computing fingerprint and integrity for asset 'wwwroot\lib\jquery\dist\jquery.js'
         Fingerprinting asset 'jquery.js' as 'lib\jquery\dist\jquery#[.{fingerprint}]?.js' because it didn't match any pattern
         Accepted asset 'wwwroot\lib\jquery\dist\jquery.min.js' for pattern 'wwwroot/**' with relative path 'lib/jquery/dist/jquery.min.js'
         Computing fingerprint and integrity for asset 'wwwroot\lib\jquery\dist\jquery.min.js'
         Fingerprinting asset 'jquery.min.js' as 'lib\jquery\dist\jquery.min#[.{fingerprint}]?.js' because it didn't match any pattern
         Accepted asset 'wwwroot\lib\jquery\dist\jquery.min.map' for pattern 'wwwroot/**' with relative path 'lib/jquery/dist/jquery.min.map'
         Computing fingerprint and integrity for asset 'wwwroot\lib\jquery\dist\jquery.min.map'
         Fingerprinting asset 'jquery.min.map' as 'lib\jquery\dist\jquery.min#[.{fingerprint}]?.map' because it didn't match any pattern
         Accepted asset 'wwwroot\lib\jquery\dist\jquery.slim.js' for pattern 'wwwroot/**' with relative path 'lib/jquery/dist/jquery.slim.js'
         Computing fingerprint and integrity for asset 'wwwroot\lib\jquery\dist\jquery.slim.js'
         Fingerprinting asset 'jquery.slim.js' as 'lib\jquery\dist\jquery.slim#[.{fingerprint}]?.js' because it didn't match any pattern
         Accepted asset 'wwwroot\lib\jquery\dist\jquery.slim.min.js' for pattern 'wwwroot/**' with relative path 'lib/jquery/dist/jquery.slim.min.js'
         Computing fingerprint and integrity for asset 'wwwroot\lib\jquery\dist\jquery.slim.min.js'
         Fingerprinting asset 'jquery.slim.min.js' as 'lib\jquery\dist\jquery.slim.min#[.{fingerprint}]?.js' because it didn't match any pattern
         Accepted asset 'wwwroot\lib\jquery\dist\jquery.slim.min.map' for pattern 'wwwroot/**' with relative path 'lib/jquery/dist/jquery.slim.min.map'
         Computing fingerprint and integrity for asset 'wwwroot\lib\jquery\dist\jquery.slim.min.map'
         Fingerprinting asset 'jquery.slim.min.map' as 'lib\jquery\dist\jquery.slim.min#[.{fingerprint}]?.map' because it didn't match any pattern
         Accepted asset 'wwwroot\lib\jquery\LICENSE.txt' for pattern 'wwwroot/**' with relative path 'lib/jquery/LICENSE.txt'
         Computing fingerprint and integrity for asset 'wwwroot\lib\jquery\LICENSE.txt'
         Fingerprinting asset 'LICENSE.txt' as 'lib\jquery\LICENSE#[.{fingerprint}]?.txt' because it didn't match any pattern
         Rejected asset 'appsettings.Development.json' for pattern 'wwwroot/**'
         Rejected asset 'appsettings.json' for pattern 'wwwroot/**'
         Rejected asset 'Views\Account\Login.cshtml' for pattern 'wwwroot/**'
         Rejected asset 'Views\Account\Profile.cshtml' for pattern 'wwwroot/**'
         Rejected asset 'Views\Account\Register.cshtml' for pattern 'wwwroot/**'
         Rejected asset 'Views\Admin\Dashboard.cshtml' for pattern 'wwwroot/**'
         Rejected asset 'Views\Admin\Login.cshtml' for pattern 'wwwroot/**'
         Rejected asset 'Views\Admin\Tests.cshtml' for pattern 'wwwroot/**'
         Rejected asset 'Views\Admin\Users.cshtml' for pattern 'wwwroot/**'
         Rejected asset 'Views\Admin\Videos.cshtml' for pattern 'wwwroot/**'
         Rejected asset 'Views\Home\AboutUs.cshtml' for pattern 'wwwroot/**'
         Rejected asset 'Views\Home\Index.cshtml' for pattern 'wwwroot/**'
         Rejected asset 'Views\Home\LearnMore.cshtml' for pattern 'wwwroot/**'
         Rejected asset 'Views\Home\Privacy.cshtml' for pattern 'wwwroot/**'
         Rejected asset 'Views\Language\English.cshtml' for pattern 'wwwroot/**'
         Rejected asset 'Views\Language\Kazakh.cshtml' for pattern 'wwwroot/**'
         Rejected asset 'Views\Language\LanguageInfo.cshtml' for pattern 'wwwroot/**'
         Rejected asset 'Views\Language\Levels.cshtml' for pattern 'wwwroot/**'
         Rejected asset 'Views\Language\Turkish.cshtml' for pattern 'wwwroot/**'
         Rejected asset 'Views\Shared\Error.cshtml' for pattern 'wwwroot/**'
         Rejected asset 'Views\Shared\_AdminLayout.cshtml' for pattern 'wwwroot/**'
         Rejected asset 'Views\Shared\_Layout.cshtml' for pattern 'wwwroot/**'
         Rejected asset 'Views\Shared\_ValidationScriptsPartial.cshtml' for pattern 'wwwroot/**'
         Rejected asset 'Views\Test\Details.cshtml' for pattern 'wwwroot/**'
         Rejected asset 'Views\Test\Index.cshtml' for pattern 'wwwroot/**'
         Rejected asset 'Views\Test\MyResults.cshtml' for pattern 'wwwroot/**'
         Rejected asset 'Views\Test\Result.cshtml' for pattern 'wwwroot/**'
         Rejected asset 'Views\Test\Results.cshtml' for pattern 'wwwroot/**'
         Rejected asset 'Views\Test\Submit.cshtml' for pattern 'wwwroot/**'
         Rejected asset 'Views\Test\Take.cshtml' for pattern 'wwwroot/**'
         Rejected asset 'Views\Video\ByLevel.cshtml' for pattern 'wwwroot/**'
         Rejected asset 'Views\Video\Details.cshtml' for pattern 'wwwroot/**'
         Rejected asset 'Views\Video\Index.cshtml' for pattern 'wwwroot/**'
         Rejected asset 'Views\_ViewImports.cshtml' for pattern 'wwwroot/**'
         Rejected asset 'Views\_ViewStart.cshtml' for pattern 'wwwroot/**'
       ╨Т╤Л╨┐╨╛╨╗╨╜╨╡╨╜╨╕╨╡ ╨╖╨░╨┤╨░╤З╨╕ "DefineStaticWebAssets" ╨╖╨░╨▓╨╡╤А╤И╨╡╨╜╨╛.
       ╨Ш╤Б╨┐╨╛╨╗╤М╨╖╤Г╨╡╤В╤Б╤П ╨╖╨░╨┤╨░╤З╨░ "DefineStaticWebAssetEndpoints" ╨╕╨╖ ╤Б╨▒╨╛╤А╨║╨╕ "C:\Program Files\dotnet\sdk\9.0.200\Sdks\Microsoft.NET.Sdk.StaticWebAssets\targets\..\tasks\net9.0\Microsoft.NET.Sdk.StaticWebAssets.Tasks.dll".
       ╨Ч╨░╨┤╨░╤З╨░ "DefineStaticWebAssetEndpoints"
         No match for css/admin.css using pattern *.bmp
         No match for css/admin.css using pattern *.jpeg
         No match for css/admin.css using pattern *.jpg
         No match for css/admin.css using pattern *.gif
         No match for css/admin.css using pattern *.svg
         No match for css/admin.css using pattern *.png
         No match for css/admin.css using pattern *.webp
         No match for css/admin.css using pattern *.otf
         No match for css/admin.css using pattern *.woff2
         No match for css/admin.css using pattern *.m4v
         No match for css/admin.css using pattern *.mov
         No match for css/admin.css using pattern *.movie
         No match for css/admin.css using pattern *.mp2
         No match for css/admin.css using pattern *.mp4
         No match for css/admin.css using pattern *.mp4v
         No match for css/admin.css using pattern *.mpa
         No match for css/admin.css using pattern *.mpe
         No match for css/admin.css using pattern *.mpeg
         No match for css/admin.css using pattern *.mpg
         No match for css/admin.css using pattern *.mpv2
         No match for css/admin.css using pattern *.nsc
         No match for css/admin.css using pattern *.ogg
         No match for css/admin.css using pattern *.ogv
         No match for css/admin.css using pattern *.webm
         No match for css/admin.css using pattern *.art
         No match for css/admin.css using pattern *.cmx
         No match for css/admin.css using pattern *.cod
         No match for css/admin.css using pattern *.dib
         No match for css/admin.css using pattern *.ico
         No match for css/admin.css using pattern *.ief
         No match for css/admin.css using pattern *.jfif
         No match for css/admin.css using pattern *.jpe
         No match for css/admin.css using pattern *.pbm
         No match for css/admin.css using pattern *.pgm
         No match for css/admin.css using pattern *.pnm
         No match for css/admin.css using pattern *.pnz
         No match for css/admin.css using pattern *.ppm
         No match for css/admin.css using pattern *.ras
         No match for css/admin.css using pattern *.rf
         No match for css/admin.css using pattern *.rgb
         No match for css/admin.css using pattern *.svgz
         No match for css/admin.css using pattern *.tif
         No match for css/admin.css using pattern *.tiff
         No match for css/admin.css using pattern *.wbmp
         No match for css/admin.css using pattern *.xbm
         No match for css/admin.css using pattern *.xpm
         No match for css/admin.css using pattern *.xwd
         No match for css/admin.css using pattern *.3g2
         No match for css/admin.css using pattern *.3gp2
         No match for css/admin.css using pattern *.3gp
         No match for css/admin.css using pattern *.3gpp
         No match for css/admin.css using pattern *.asf
         No match for css/admin.css using pattern *.asr
         No match for css/admin.css using pattern *.asx
         No match for css/admin.css using pattern *.avi
         No match for css/admin.css using pattern *.dvr
         No match for css/admin.css using pattern *.flv
         No match for css/admin.css using pattern *.IVF
         No match for css/admin.css using pattern *.lsf
         No match for css/admin.css using pattern *.lsx
         No match for css/admin.css using pattern *.m1v
         No match for css/admin.css using pattern *.m2ts
         No match for css/admin.css using pattern *.qt
         No match for css/admin.css using pattern *.ts
         No match for css/admin.css using pattern *.tts
         No match for css/admin.css using pattern *.wm
         No match for css/admin.css using pattern *.wmp
         No match for css/admin.css using pattern *.wmv
         No match for css/admin.css using pattern *.wmx
         No match for css/admin.css using pattern *.wtv
         No match for css/admin.css using pattern *.wvx
         File C:\Users\user\OneDrive\╨а╨░╨▒╨╛╤З╨╕╨╣ ╤Б╤В╨╛╨╗\regi\WebApplication15\wwwroot\css\admin.css exists.
         No match for css/admin.css using pattern *.bmp
         No match for css/admin.css using pattern *.jpeg
         No match for css/admin.css using pattern *.jpg
         No match for css/admin.css using pattern *.gif
         No match for css/admin.css using pattern *.svg
         No match for css/admin.css using pattern *.png
         No match for css/admin.css using pattern *.webp
         No match for css/admin.css using pattern *.otf
         No match for css/admin.css using pattern *.woff2
         No match for css/admin.css using pattern *.m4v
         No match for css/admin.css using pattern *.mov
         No match for css/admin.css using pattern *.movie
         No match for css/admin.css using pattern *.mp2
         No match for css/admin.css using pattern *.mp4
         No match for css/admin.css using pattern *.mp4v
         No match for css/admin.css using pattern *.mpa
         No match for css/admin.css using pattern *.mpe
         No match for css/admin.css using pattern *.mpeg
         No match for css/admin.css using pattern *.mpg
         No match for css/admin.css using pattern *.mpv2
         No match for css/admin.css using pattern *.nsc
         No match for css/admin.css using pattern *.ogg
         No match for css/admin.css using pattern *.ogv
         No match for css/admin.css using pattern *.webm
         No match for css/admin.css using pattern *.art
         No match for css/admin.css using pattern *.cmx
         No match for css/admin.css using pattern *.cod
         No match for css/admin.css using pattern *.dib
         No match for css/admin.css using pattern *.ico
         No match for css/admin.css using pattern *.ief
         No match for css/admin.css using pattern *.jfif
         No match for css/admin.css using pattern *.jpe
         No match for css/admin.css using pattern *.pbm
         No match for css/admin.css using pattern *.pgm
         No match for css/admin.css using pattern *.pnm
         No match for css/admin.css using pattern *.pnz
         No match for css/admin.css using pattern *.ppm
         No match for css/admin.css using pattern *.ras
         No match for css/admin.css using pattern *.rf
         No match for css/admin.css using pattern *.rgb
         No match for css/admin.css using pattern *.svgz
         No match for css/admin.css using pattern *.tif
         No match for css/admin.css using pattern *.tiff
         No match for css/admin.css using pattern *.wbmp
         No match for css/admin.css using pattern *.xbm
         No match for css/admin.css using pattern *.xpm
         No match for css/admin.css using pattern *.xwd
         No match for css/admin.css using pattern *.3g2
         No match for css/admin.css using pattern *.3gp2
         No match for css/admin.css using pattern *.3gp
         No match for css/admin.css using pattern *.3gpp
         No match for css/admin.css using pattern *.asf
         No match for css/admin.css using pattern *.asr
         No match for css/admin.css using pattern *.asx
         No match for css/admin.css using pattern *.avi
         No match for css/admin.css using pattern *.dvr
         No match for css/admin.css using pattern *.flv
         No match for css/admin.css using pattern *.IVF
         No match for css/admin.css using pattern *.lsf
         No match for css/admin.css using pattern *.lsx
         No match for css/admin.css using pattern *.m1v
         No match for css/admin.css using pattern *.m2ts
         No match for css/admin.css using pattern *.qt
         No match for css/admin.css using pattern *.ts
         No match for css/admin.css using pattern *.tts
         No match for css/admin.css using pattern *.wm
         No match for css/admin.css using pattern *.wmp
         No match for css/admin.css using pattern *.wmv
         No match for css/admin.css using pattern *.wmx
         No match for css/admin.css using pattern *.wtv
         No match for css/admin.css using pattern *.wvx
         File C:\Users\user\OneDrive\╨а╨░╨▒╨╛╤З╨╕╨╣ ╤Б╤В╨╛╨╗\regi\WebApplication15\wwwroot\css\admin.css exists.
         Adding endpoint css/admin.css for asset C:\Users\user\OneDrive\╨а╨░╨▒╨╛╤З╨╕╨╣ ╤Б╤В╨╛╨╗\regi\WebApplication15\wwwroot\css\admin.css.
         Adding endpoint css/admin.fzoen12a5d.css for asset C:\Users\user\OneDrive\╨а╨░╨▒╨╛╤З╨╕╨╣ ╤Б╤В╨╛╨╗\regi\WebApplication15\wwwroot\css\admin.css.
         No match for css/dark-theme.css using pattern *.bmp
         No match for css/dark-theme.css using pattern *.jpeg
         No match for css/dark-theme.css using pattern *.jpg
         No match for css/dark-theme.css using pattern *.gif
         No match for css/dark-theme.css using pattern *.svg
         No match for css/dark-theme.css using pattern *.png
         No match for css/dark-theme.css using pattern *.webp
         No match for css/dark-theme.css using pattern *.otf
         No match for css/dark-theme.css using pattern *.woff2
         No match for css/dark-theme.css using pattern *.m4v
         No match for css/dark-theme.css using pattern *.mov
         No match for css/dark-theme.css using pattern *.movie
         No match for css/dark-theme.css using pattern *.mp2
         No match for css/dark-theme.css using pattern *.mp4
         No match for css/dark-theme.css using pattern *.mp4v
         No match for css/dark-theme.css using pattern *.mpa
         No match for css/dark-theme.css using pattern *.mpe
         No match for css/dark-theme.css using pattern *.mpeg
         No match for css/dark-theme.css using pattern *.mpg
         No match for css/dark-theme.css using pattern *.mpv2
         No match for css/dark-theme.css using pattern *.nsc
         No match for css/dark-theme.css using pattern *.ogg
         No match for css/dark-theme.css using pattern *.ogv
         No match for css/dark-theme.css using pattern *.webm
         No match for css/dark-theme.css using pattern *.art
         No match for css/dark-theme.css using pattern *.cmx
         No match for css/dark-theme.css using pattern *.cod
         No match for css/dark-theme.css using pattern *.dib
         No match for css/dark-theme.css using pattern *.ico
         No match for css/dark-theme.css using pattern *.ief
         No match for css/dark-theme.css using pattern *.jfif
         No match for css/dark-theme.css using pattern *.jpe
         No match for css/dark-theme.css using pattern *.pbm
         No match for css/dark-theme.css using pattern *.pgm
         No match for css/dark-theme.css using pattern *.pnm
         No match for css/dark-theme.css using pattern *.pnz
         No match for css/dark-theme.css using pattern *.ppm
         No match for css/dark-theme.css using pattern *.ras
         No match for css/dark-theme.css using pattern *.rf
         No match for css/dark-theme.css using pattern *.rgb
         No match for css/dark-theme.css using pattern *.svgz
         No match for css/dark-theme.css using pattern *.tif
         No match for css/dark-theme.css using pattern *.tiff
         No match for css/dark-theme.css using pattern *.wbmp
         No match for css/dark-theme.css using pattern *.xbm
         No match for css/dark-theme.css using pattern *.xpm
         No match for css/dark-theme.css using pattern *.xwd
         No match for css/dark-theme.css using pattern *.3g2
         No match for css/dark-theme.css using pattern *.3gp2
         No match for css/dark-theme.css using pattern *.3gp
         No match for css/dark-theme.css using pattern *.3gpp
         No match for css/dark-theme.css using pattern *.asf
         No match for css/dark-theme.css using pattern *.asr
         No match for css/dark-theme.css using pattern *.asx
         No match for css/dark-theme.css using pattern *.avi
         No match for css/dark-theme.css using pattern *.dvr
         No match for css/dark-theme.css using pattern *.flv
         No match for css/dark-theme.css using pattern *.IVF
         No match for css/dark-theme.css using pattern *.lsf
         No match for css/dark-theme.css using pattern *.lsx
         No match for css/dark-theme.css using pattern *.m1v
         No match for css/dark-theme.css using pattern *.m2ts
         No match for css/dark-theme.css using pattern *.qt
         No match for css/dark-theme.css using pattern *.ts
         No match for css/dark-theme.css using pattern *.tts
         No match for css/dark-theme.css using pattern *.wm
         No match for css/dark-theme.css using pattern *.wmp
         No match for css/dark-theme.css using pattern *.wmv
         No match for css/dark-theme.css using pattern *.wmx
         No match for css/dark-theme.css using pattern *.wtv
         No match for css/dark-theme.css using pattern *.wvx
         File C:\Users\user\OneDrive\╨а╨░╨▒╨╛╤З╨╕╨╣ ╤Б╤В╨╛╨╗\regi\WebApplication15\wwwroot\css\dark-theme.css exists.
         No match for css/dark-theme.css using pattern *.bmp
         No match for css/dark-theme.css using pattern *.jpeg
         No match for css/dark-theme.css using pattern *.jpg
         No match for css/dark-theme.css using pattern *.gif
         No match for css/dark-theme.css using pattern *.svg
         No match for css/dark-theme.css using pattern *.png
         No match for css/dark-theme.css using pattern *.webp
         No match for css/dark-theme.css using pattern *.otf
         No match for css/dark-theme.css using pattern *.woff2
         No match for css/dark-theme.css using pattern *.m4v
         No match for css/dark-theme.css using pattern *.mov
         No match for css/dark-theme.css using pattern *.movie
         No match for css/dark-theme.css using pattern *.mp2
         No match for css/dark-theme.css using pattern *.mp4
         No match for css/dark-theme.css using pattern *.mp4v
         No match for css/dark-theme.css using pattern *.mpa
         No match for css/dark-theme.css using pattern *.mpe
         No match for css/dark-theme.css using pattern *.mpeg
         No match for css/dark-theme.css using pattern *.mpg
         No match for css/dark-theme.css using pattern *.mpv2
         No match for css/dark-theme.css using pattern *.nsc
         No match for css/dark-theme.css using pattern *.ogg
         No match for css/dark-theme.css using pattern *.ogv
         No match for css/dark-theme.css using pattern *.webm
         No match for css/dark-theme.css using pattern *.art
         No match for css/dark-theme.css using pattern *.cmx
         No match for css/dark-theme.css using pattern *.cod
         No match for css/dark-theme.css using pattern *.dib
         No match for css/dark-theme.css using pattern *.ico
         No match for css/dark-theme.css using pattern *.ief
         No match for css/dark-theme.css using pattern *.jfif
         No match for css/dark-theme.css using pattern *.jpe
         No match for css/dark-theme.css using pattern *.pbm
         No match for css/dark-theme.css using pattern *.pgm
         No match for css/dark-theme.css using pattern *.pnm
         No match for css/dark-theme.css using pattern *.pnz
         No match for css/dark-theme.css using pattern *.ppm
         No match for css/dark-theme.css using pattern *.ras
         No match for css/dark-theme.css using pattern *.rf
         No match for css/dark-theme.css using pattern *.rgb
         No match for css/dark-theme.css using pattern *.svgz
         No match for css/dark-theme.css using pattern *.tif
         No match for css/dark-theme.css using pattern *.tiff
         No match for css/dark-theme.css using pattern *.wbmp
         No match for css/dark-theme.css using pattern *.xbm
         No match for css/dark-theme.css using pattern *.xpm
         No match for css/dark-theme.css using pattern *.xwd
         No match for css/dark-theme.css using pattern *.3g2
         No match for css/dark-theme.css using pattern *.3gp2
         No match for css/dark-theme.css using pattern *.3gp
         No match for css/dark-theme.css using pattern *.3gpp
         No match for css/dark-theme.css using pattern *.asf
         No match for css/dark-theme.css using pattern *.asr
         No match for css/dark-theme.css using pattern *.asx
         No match for css/dark-theme.css using pattern *.avi
         No match for css/dark-theme.css using pattern *.dvr
         No match for css/dark-theme.css using pattern *.flv
         No match for css/dark-theme.css using pattern *.IVF
         No match for css/dark-theme.css using pattern *.lsf
         No match for css/dark-theme.css using pattern *.lsx
         No match for css/dark-theme.css using pattern *.m1v
         No match for css/dark-theme.css using pattern *.m2ts
         No match for css/dark-theme.css using pattern *.qt
         No match for css/dark-theme.css using pattern *.ts
         No match for css/dark-theme.css using pattern *.tts
         No match for css/dark-theme.css using pattern *.wm
         No match for css/dark-theme.css using pattern *.wmp
         No match for css/dark-theme.css using pattern *.wmv
         No match for css/dark-theme.css using pattern *.wmx
         No match for css/dark-theme.css using pattern *.wtv
         No match for css/dark-theme.css using pattern *.wvx
         File C:\Users\user\OneDrive\╨а╨░╨▒╨╛╤З╨╕╨╣ ╤Б╤В╨╛╨╗\regi\WebApplication15\wwwroot\css\dark-theme.css exists.
         Adding endpoint css/dark-theme.css for asset C:\Users\user\OneDrive\╨а╨░╨▒╨╛╤З╨╕╨╣ ╤Б╤В╨╛╨╗\regi\WebApplication15\wwwroot\css\dark-theme.css.
         Adding endpoint css/dark-theme.uu5k93b51u.css for asset C:\Users\user\OneDrive\╨а╨░╨▒╨╛╤З╨╕╨╣ ╤Б╤В╨╛╨╗\regi\WebApplication15\wwwroot\css\dark-theme.css.
         No match for css/home.css using pattern *.bmp
         No match for css/home.css using pattern *.jpeg
         No match for css/home.css using pattern *.jpg
         No match for css/home.css using pattern *.gif
         No match for css/home.css using pattern *.svg
         No match for css/home.css using pattern *.png
         No match for css/home.css using pattern *.webp
         No match for css/home.css using pattern *.otf
         No match for css/home.css using pattern *.woff2
         No match for css/home.css using pattern *.m4v
         No match for css/home.css using pattern *.mov
         No match for css/home.css using pattern *.movie
         No match for css/home.css using pattern *.mp2
         No match for css/home.css using pattern *.mp4
         No match for css/home.css using pattern *.mp4v
         No match for css/home.css using pattern *.mpa
         No match for css/home.css using pattern *.mpe
         No match for css/home.css using pattern *.mpeg
         No match for css/home.css using pattern *.mpg
         No match for css/home.css using pattern *.mpv2
         No match for css/home.css using pattern *.nsc
         No match for css/home.css using pattern *.ogg
         No match for css/home.css using pattern *.ogv
         No match for css/home.css using pattern *.webm
         No match for css/home.css using pattern *.art
         No match for css/home.css using pattern *.cmx
         No match for css/home.css using pattern *.cod
         No match for css/home.css using pattern *.dib
         No match for css/home.css using pattern *.ico
         No match for css/home.css using pattern *.ief
         No match for css/home.css using pattern *.jfif
         No match for css/home.css using pattern *.jpe
         No match for css/home.css using pattern *.pbm
         No match for css/home.css using pattern *.pgm
         No match for css/home.css using pattern *.pnm
         No match for css/home.css using pattern *.pnz
         No match for css/home.css using pattern *.ppm
         No match for css/home.css using pattern *.ras
         No match for css/home.css using pattern *.rf
         No match for css/home.css using pattern *.rgb
         No match for css/home.css using pattern *.svgz
         No match for css/home.css using pattern *.tif
         No match for css/home.css using pattern *.tiff
         No match for css/home.css using pattern *.wbmp
         No match for css/home.css using pattern *.xbm
         No match for css/home.css using pattern *.xpm
         No match for css/home.css using pattern *.xwd
         No match for css/home.css using pattern *.3g2
         No match for css/home.css using pattern *.3gp2
         No match for css/home.css using pattern *.3gp
         No match for css/home.css using pattern *.3gpp
         No match for css/home.css using pattern *.asf
         No match for css/home.css using pattern *.asr
         No match for css/home.css using pattern *.asx
         No match for css/home.css using pattern *.avi
         No match for css/home.css using pattern *.dvr
         No match for css/home.css using pattern *.flv
         No match for css/home.css using pattern *.IVF
         No match for css/home.css using pattern *.lsf
         No match for css/home.css using pattern *.lsx
         No match for css/home.css using pattern *.m1v
         No match for css/home.css using pattern *.m2ts
         No match for css/home.css using pattern *.qt
         No match for css/home.css using pattern *.ts
         No match for css/home.css using pattern *.tts
         No match for css/home.css using pattern *.wm
         No match for css/home.css using pattern *.wmp
         No match for css/home.css using pattern *.wmv
         No match for css/home.css using pattern *.wmx
         No match for css/home.css using pattern *.wtv
         No match for css/home.css using pattern *.wvx
         File C:\Users\user\OneDrive\╨а╨░╨▒╨╛╤З╨╕╨╣ ╤Б╤В╨╛╨╗\regi\WebApplication15\wwwroot\css\home.css exists.
         No match for css/home.css using pattern *.bmp
         No match for css/home.css using pattern *.jpeg
         No match for css/home.css using pattern *.jpg
         No match for css/home.css using pattern *.gif
         No match for css/home.css using pattern *.svg
         No match for css/home.css using pattern *.png
         No match for css/home.css using pattern *.webp
         No match for css/home.css using pattern *.otf
         No match for css/home.css using pattern *.woff2
         No match for css/home.css using pattern *.m4v
         No match for css/home.css using pattern *.mov
         No match for css/home.css using pattern *.movie
         No match for css/home.css using pattern *.mp2
         No match for css/home.css using pattern *.mp4
         No match for css/home.css using pattern *.mp4v
         No match for css/home.css using pattern *.mpa
         No match for css/home.css using pattern *.mpe
         No match for css/home.css using pattern *.mpeg
         No match for css/home.css using pattern *.mpg
         No match for css/home.css using pattern *.mpv2
         No match for css/home.css using pattern *.nsc
         No match for css/home.css using pattern *.ogg
         No match for css/home.css using pattern *.ogv
         No match for css/home.css using pattern *.webm
         No match for css/home.css using pattern *.art
         No match for css/home.css using pattern *.cmx
         No match for css/home.css using pattern *.cod
         No match for css/home.css using pattern *.dib
         No match for css/home.css using pattern *.ico
         No match for css/home.css using pattern *.ief
         No match for css/home.css using pattern *.jfif
         No match for css/home.css using pattern *.jpe
         No match for css/home.css using pattern *.pbm
         No match for css/home.css using pattern *.pgm
         No match for css/home.css using pattern *.pnm
         No match for css/home.css using pattern *.pnz
         No match for css/home.css using pattern *.ppm
         No match for css/home.css using pattern *.ras
         No match for css/home.css using pattern *.rf
         No match for css/home.css using pattern *.rgb
         No match for css/home.css using pattern *.svgz
         No match for css/home.css using pattern *.tif
         No match for css/home.css using pattern *.tiff
         No match for css/home.css using pattern *.wbmp
         No match for css/home.css using pattern *.xbm
         No match for css/home.css using pattern *.xpm
         No match for css/home.css using pattern *.xwd
         No match for css/home.css using pattern *.3g2
         No match for css/home.css using pattern *.3gp2
         No match for css/home.css using pattern *.3gp
         No match for css/home.css using pattern *.3gpp
         No match for css/home.css using pattern *.asf
         No match for css/home.css using pattern *.asr
         No match for css/home.css using pattern *.asx
         No match for css/home.css using pattern *.avi
         No match for css/home.css using pattern *.dvr
         No match for css/home.css using pattern *.flv
         No match for css/home.css using pattern *.IVF
         No match for css/home.css using pattern *.lsf
         No match for css/home.css using pattern *.lsx
         No match for css/home.css using pattern *.m1v
         No match for css/home.css using pattern *.m2ts
         No match for css/home.css using pattern *.qt
         No match for css/home.css using pattern *.ts
         No match for css/home.css using pattern *.tts
         No match for css/home.css using pattern *.wm
         No match for css/home.css using pattern *.wmp
         No match for css/home.css using pattern *.wmv
         No match for css/home.css using pattern *.wmx
         No match for css/home.css using pattern *.wtv
         No match for css/home.css using pattern *.wvx
         File C:\Users\user\OneDrive\╨а╨░╨▒╨╛╤З╨╕╨╣ ╤Б╤В╨╛╨╗\regi\WebApplication15\wwwroot\css\home.css exists.
         Adding endpoint css/home.css for asset C:\Users\user\OneDrive\╨а╨░╨▒╨╛╤З╨╕╨╣ ╤Б╤В╨╛╨╗\regi\WebApplication15\wwwroot\css\home.css.
         Adding endpoint css/home.elynsjxghb.css for asset C:\Users\user\OneDrive\╨а╨░╨▒╨╛╤З╨╕╨╣ ╤Б╤В╨╛╨╗\regi\WebApplication15\wwwroot\css\home.css.
         No match for css/language-info.css using pattern *.bmp
         No match for css/language-info.css using pattern *.jpeg
         No match for css/language-info.css using pattern *.jpg
         No match for css/language-info.css using pattern *.gif
         No match for css/language-info.css using pattern *.svg
         No match for css/language-info.css using pattern *.png
         No match for css/language-info.css using pattern *.webp
         No match for css/language-info.css using pattern *.otf
         No match for css/language-info.css using pattern *.woff2
         No match for css/language-info.css using pattern *.m4v
         No match for css/language-info.css using pattern *.mov
         No match for css/language-info.css using pattern *.movie
         No match for css/language-info.css using pattern *.mp2
         No match for css/language-info.css using pattern *.mp4
         No match for css/language-info.css using pattern *.mp4v
         No match for css/language-info.css using pattern *.mpa
         No match for css/language-info.css using pattern *.mpe
         No match for css/language-info.css using pattern *.mpeg
         No match for css/language-info.css using pattern *.mpg
         No match for css/language-info.css using pattern *.mpv2
         No match for css/language-info.css using pattern *.nsc
         No match for css/language-info.css using pattern *.ogg
         No match for css/language-info.css using pattern *.ogv
         No match for css/language-info.css using pattern *.webm
         No match for css/language-info.css using pattern *.art
         No match for css/language-info.css using pattern *.cmx
         No match for css/language-info.css using pattern *.cod
         No match for css/language-info.css using pattern *.dib
         No match for css/language-info.css using pattern *.ico
         No match for css/language-info.css using pattern *.ief
         No match for css/language-info.css using pattern *.jfif
         No match for css/language-info.css using pattern *.jpe
         No match for css/language-info.css using pattern *.pbm
         No match for css/language-info.css using pattern *.pgm
         No match for css/language-info.css using pattern *.pnm
         No match for css/language-info.css using pattern *.pnz
         No match for css/language-info.css using pattern *.ppm
         No match for css/language-info.css using pattern *.ras
         No match for css/language-info.css using pattern *.rf
         No match for css/language-info.css using pattern *.rgb
         No match for css/language-info.css using pattern *.svgz
         No match for css/language-info.css using pattern *.tif
         No match for css/language-info.css using pattern *.tiff
         No match for css/language-info.css using pattern *.wbmp
         No match for css/language-info.css using pattern *.xbm
         No match for css/language-info.css using pattern *.xpm
         No match for css/language-info.css using pattern *.xwd
         No match for css/language-info.css using pattern *.3g2
         No match for css/language-info.css using pattern *.3gp2
         No match for css/language-info.css using pattern *.3gp
         No match for css/language-info.css using pattern *.3gpp
         No match for css/language-info.css using pattern *.asf
         No match for css/language-info.css using pattern *.asr
         No match for css/language-info.css using pattern *.asx
         No match for css/language-info.css using pattern *.avi
         No match for css/language-info.css using pattern *.dvr
         No match for css/language-info.css using pattern *.flv
         No match for css/language-info.css using pattern *.IVF
         No match for css/language-info.css using pattern *.lsf
         No match for css/language-info.css using pattern *.lsx
         No match for css/language-info.css using pattern *.m1v
         No match for css/language-info.css using pattern *.m2ts
         No match for css/language-info.css using pattern *.qt
         No match for css/language-info.css using pattern *.ts
         No match for css/language-info.css using pattern *.tts
         No match for css/language-info.css using pattern *.wm
         No match for css/language-info.css using pattern *.wmp
         No match for css/language-info.css using pattern *.wmv
         No match for css/language-info.css using pattern *.wmx
         No match for css/language-info.css using pattern *.wtv
         No match for css/language-info.css using pattern *.wvx
         File C:\Users\user\OneDrive\╨а╨░╨▒╨╛╤З╨╕╨╣ ╤Б╤В╨╛╨╗\regi\WebApplication15\wwwroot\css\language-info.css exists.
         No match for css/language-info.css using pattern *.bmp
         No match for css/language-info.css using pattern *.jpeg
         No match for css/language-info.css using pattern *.jpg
         No match for css/language-info.css using pattern *.gif
         No match for css/language-info.css using pattern *.svg
         No match for css/language-info.css using pattern *.png
         No match for css/language-info.css using pattern *.webp
         No match for css/language-info.css using pattern *.otf
         No match for css/language-info.css using pattern *.woff2
         No match for css/language-info.css using pattern *.m4v
         No match for css/language-info.css using pattern *.mov
         No match for css/language-info.css using pattern *.movie
         No match for css/language-info.css using pattern *.mp2
         No match for css/language-info.css using pattern *.mp4
         No match for css/language-info.css using pattern *.mp4v
         No match for css/language-info.css using pattern *.mpa
         No match for css/language-info.css using pattern *.mpe
         No match for css/language-info.css using pattern *.mpeg
         No match for css/language-info.css using pattern *.mpg
         No match for css/language-info.css using pattern *.mpv2
         No match for css/language-info.css using pattern *.nsc
         No match for css/language-info.css using pattern *.ogg
         No match for css/language-info.css using pattern *.ogv
         No match for css/language-info.css using pattern *.webm
         No match for css/language-info.css using pattern *.art
         No match for css/language-info.css using pattern *.cmx
         No match for css/language-info.css using pattern *.cod
         No match for css/language-info.css using pattern *.dib
         No match for css/language-info.css using pattern *.ico
         No match for css/language-info.css using pattern *.ief
         No match for css/language-info.css using pattern *.jfif
         No match for css/language-info.css using pattern *.jpe
         No match for css/language-info.css using pattern *.pbm
         No match for css/language-info.css using pattern *.pgm
         No match for css/language-info.css using pattern *.pnm
         No match for css/language-info.css using pattern *.pnz
         No match for css/language-info.css using pattern *.ppm
         No match for css/language-info.css using pattern *.ras
         No match for css/language-info.css using pattern *.rf
         No match for css/language-info.css using pattern *.rgb
         No match for css/language-info.css using pattern *.svgz
         No match for css/language-info.css using pattern *.tif
         No match for css/language-info.css using pattern *.tiff
         No match for css/language-info.css using pattern *.wbmp
         No match for css/language-info.css using pattern *.xbm
         No match for css/language-info.css using pattern *.xpm
         No match for css/language-info.css using pattern *.xwd
         No match for css/language-info.css using pattern *.3g2
         No match for css/language-info.css using pattern *.3gp2
         No match for css/language-info.css using pattern *.3gp
         No match for css/language-info.css using pattern *.3gpp
         No match for css/language-info.css using pattern *.asf
         No match for css/language-info.css using pattern *.asr
         No match for css/language-info.css using pattern *.asx
         No match for css/language-info.css using pattern *.avi
         No match for css/language-info.css using pattern *.dvr
         No match for css/language-info.css using pattern *.flv
         No match for css/language-info.css using pattern *.IVF
         No match for css/language-info.css using pattern *.lsf
         No match for css/language-info.css using pattern *.lsx
         No match for css/language-info.css using pattern *.m1v
         No match for css/language-info.css using pattern *.m2ts
         No match for css/language-info.css using pattern *.qt
         No match for css/language-info.css using pattern *.ts
         No match for css/language-info.css using pattern *.tts
         No match for css/language-info.css using pattern *.wm
         No match for css/language-info.css using pattern *.wmp
         No match for css/language-info.css using pattern *.wmv
         No match for css/language-info.css using pattern *.wmx
         No match for css/language-info.css using pattern *.wtv
         No match for css/language-info.css using pattern *.wvx
         File C:\Users\user\OneDrive\╨а╨░╨▒╨╛╤З╨╕╨╣ ╤Б╤В╨╛╨╗\regi\WebApplication15\wwwroot\css\language-info.css exists.
         Adding endpoint css/language-info.css for asset C:\Users\user\OneDrive\╨а╨░╨▒╨╛╤З╨╕╨╣ ╤Б╤В╨╛╨╗\regi\WebApplication15\wwwroot\css\language-info.css.
         Adding endpoint css/language-info.9p32h9tov4.css for asset C:\Users\user\OneDrive\╨а╨░╨▒╨╛╤З╨╕╨╣ ╤Б╤В╨╛╨╗\regi\WebApplication15\wwwroot\css\language-info.css.
         No match for css/light-theme.css using pattern *.bmp
         No match for css/light-theme.css using pattern *.jpeg
         No match for css/light-theme.css using pattern *.jpg
         No match for css/light-theme.css using pattern *.gif
         No match for css/light-theme.css using pattern *.svg
         No match for css/light-theme.css using pattern *.png
         No match for css/light-theme.css using pattern *.webp
         No match for css/light-theme.css using pattern *.otf
         No match for css/light-theme.css using pattern *.woff2
         No match for css/light-theme.css using pattern *.m4v
         No match for css/light-theme.css using pattern *.mov
         No match for css/light-theme.css using pattern *.movie
         No match for css/light-theme.css using pattern *.mp2
         No match for css/light-theme.css using pattern *.mp4
         No match for css/light-theme.css using pattern *.mp4v
         No match for css/light-theme.css using pattern *.mpa
         No match for css/light-theme.css using pattern *.mpe
         No match for css/light-theme.css using pattern *.mpeg
         No match for css/light-theme.css using pattern *.mpg
         No match for css/light-theme.css using pattern *.mpv2
         No match for css/light-theme.css using pattern *.nsc
         No match for css/light-theme.css using pattern *.ogg
         No match for css/light-theme.css using pattern *.ogv
         No match for css/light-theme.css using pattern *.webm
         No match for css/light-theme.css using pattern *.art
         No match for css/light-theme.css using pattern *.cmx
         No match for css/light-theme.css using pattern *.cod
         No match for css/light-theme.css using pattern *.dib
         No match for css/light-theme.css using pattern *.ico
         No match for css/light-theme.css using pattern *.ief
         No match for css/light-theme.css using pattern *.jfif
         No match for css/light-theme.css using pattern *.jpe
         No match for css/light-theme.css using pattern *.pbm
         No match for css/light-theme.css using pattern *.pgm
         No match for css/light-theme.css using pattern *.pnm
         No match for css/light-theme.css using pattern *.pnz
         No match for css/light-theme.css using pattern *.ppm
         No match for css/light-theme.css using pattern *.ras
         No match for css/light-theme.css using pattern *.rf
         No match for css/light-theme.css using pattern *.rgb
         No match for css/light-theme.css using pattern *.svgz
         No match for css/light-theme.css using pattern *.tif
         No match for css/light-theme.css using pattern *.tiff
         No match for css/light-theme.css using pattern *.wbmp
         No match for css/light-theme.css using pattern *.xbm
         No match for css/light-theme.css using pattern *.xpm
         No match for css/light-theme.css using pattern *.xwd
         No match for css/light-theme.css using pattern *.3g2
         No match for css/light-theme.css using pattern *.3gp2
         No match for css/light-theme.css using pattern *.3gp
         No match for css/light-theme.css using pattern *.3gpp
         No match for css/light-theme.css using pattern *.asf
         No match for css/light-theme.css using pattern *.asr
         No match for css/light-theme.css using pattern *.asx
         No match for css/light-theme.css using pattern *.avi
         No match for css/light-theme.css using pattern *.dvr
         No match for css/light-theme.css using pattern *.flv
         No match for css/light-theme.css using pattern *.IVF
         No match for css/light-theme.css using pattern *.lsf
         No match for css/light-theme.css using pattern *.lsx
         No match for css/light-theme.css using pattern *.m1v
         No match for css/light-theme.css using pattern *.m2ts
         No match for css/light-theme.css using pattern *.qt
         No match for css/light-theme.css using pattern *.ts
         No match for css/light-theme.css using pattern *.tts
         No match for css/light-theme.css using pattern *.wm
         No match for css/light-theme.css using pattern *.wmp
         No match for css/light-theme.css using pattern *.wmv
         No match for css/light-theme.css using pattern *.wmx
         No match for css/light-theme.css using pattern *.wtv
         No match for css/light-theme.css using pattern *.wvx
         File C:\Users\user\OneDrive\╨а╨░╨▒╨╛╤З╨╕╨╣ ╤Б╤В╨╛╨╗\regi\WebApplication15\wwwroot\css\light-theme.css exists.
         No match for css/light-theme.css using pattern *.bmp
         No match for css/light-theme.css using pattern *.jpeg
         No match for css/light-theme.css using pattern *.jpg
         No match for css/light-theme.css using pattern *.gif
         No match for css/light-theme.css using pattern *.svg
         No match for css/light-theme.css using pattern *.png
         No match for css/light-theme.css using pattern *.webp
         No match for css/light-theme.css using pattern *.otf
         No match for css/light-theme.css using pattern *.woff2
         No match for css/light-theme.css using pattern *.m4v
         No match for css/light-theme.css using pattern *.mov
         No match for css/light-theme.css using pattern *.movie
         No match for css/light-theme.css using pattern *.mp2
         No match for css/light-theme.css using pattern *.mp4
         No match for css/light-theme.css using pattern *.mp4v
         No match for css/light-theme.css using pattern *.mpa
         No match for css/light-theme.css using pattern *.mpe
         No match for css/light-theme.css using pattern *.mpeg
         No match for css/light-theme.css using pattern *.mpg
         No match for css/light-theme.css using pattern *.mpv2
         No match for css/light-theme.css using pattern *.nsc
         No match for css/light-theme.css using pattern *.ogg
         No match for css/light-theme.css using pattern *.ogv
         No match for css/light-theme.css using pattern *.webm
         No match for css/light-theme.css using pattern *.art
         No match for css/light-theme.css using pattern *.cmx
         No match for css/light-theme.css using pattern *.cod
         No match for css/light-theme.css using pattern *.dib
         No match for css/light-theme.css using pattern *.ico
         No match for css/light-theme.css using pattern *.ief
         No match for css/light-theme.css using pattern *.jfif
         No match for css/light-theme.css using pattern *.jpe
         No match for css/light-theme.css using pattern *.pbm
         No match for css/light-theme.css using pattern *.pgm
         No match for css/light-theme.css using pattern *.pnm
         No match for css/light-theme.css using pattern *.pnz
         No match for css/light-theme.css using pattern *.ppm
         No match for css/light-theme.css using pattern *.ras
         No match for css/light-theme.css using pattern *.rf
         No match for css/light-theme.css using pattern *.rgb
         No match for css/light-theme.css using pattern *.svgz
         No match for css/light-theme.css using pattern *.tif
         No match for css/light-theme.css using pattern *.tiff
         No match for css/light-theme.css using pattern *.wbmp
         No match for css/light-theme.css using pattern *.xbm
         No match for css/light-theme.css using pattern *.xpm
         No match for css/light-theme.css using pattern *.xwd
         No match for css/light-theme.css using pattern *.3g2
         No match for css/light-theme.css using pattern *.3gp2
         No match for css/light-theme.css using pattern *.3gp
         No match for css/light-theme.css using pattern *.3gpp
         No match for css/light-theme.css using pattern *.asf
         No match for css/light-theme.css using pattern *.asr
         No match for css/light-theme.css using pattern *.asx
         No match for css/light-theme.css using pattern *.avi
         No match for css/light-theme.css using pattern *.dvr
         No match for css/light-theme.css using pattern *.flv
         No match for css/light-theme.css using pattern *.IVF
         No match for css/light-theme.css using pattern *.lsf
         No match for css/light-theme.css using pattern *.lsx
         No match for css/light-theme.css using pattern *.m1v
         No match for css/light-theme.css using pattern *.m2ts
         No match for css/light-theme.css using pattern *.qt
         No match for css/light-theme.css using pattern *.ts
         No match for css/light-theme.css using pattern *.tts
         No match for css/light-theme.css using pattern *.wm
         No match for css/light-theme.css using pattern *.wmp
         No match for css/light-theme.css using pattern *.wmv
         No match for css/light-theme.css using pattern *.wmx
         No match for css/light-theme.css using pattern *.wtv
         No match for css/light-theme.css using pattern *.wvx
         File C:\Users\user\OneDrive\╨а╨░╨▒╨╛╤З╨╕╨╣ ╤Б╤В╨╛╨╗\regi\WebApplication15\wwwroot\css\light-theme.css exists.
         Adding endpoint css/light-theme.css for asset C:\Users\user\OneDrive\╨а╨░╨▒╨╛╤З╨╕╨╣ ╤Б╤В╨╛╨╗\regi\WebApplication15\wwwroot\css\light-theme.css.
         Adding endpoint css/light-theme.0bccvrf7v1.css for asset C:\Users\user\OneDrive\╨а╨░╨▒╨╛╤З╨╕╨╣ ╤Б╤В╨╛╨╗\regi\WebApplication15\wwwroot\css\light-theme.css.
         No match for css/site.css using pattern *.bmp
         No match for css/site.css using pattern *.jpeg
         No match for css/site.css using pattern *.jpg
         No match for css/site.css using pattern *.gif
         No match for css/site.css using pattern *.svg
         No match for css/site.css using pattern *.png
         No match for css/site.css using pattern *.webp
         No match for css/site.css using pattern *.otf
         No match for css/site.css using pattern *.woff2
         No match for css/site.css using pattern *.m4v
         No match for css/site.css using pattern *.mov
         No match for css/site.css using pattern *.movie
         No match for css/site.css using pattern *.mp2
         No match for css/site.css using pattern *.mp4
         No match for css/site.css using pattern *.mp4v
         No match for css/site.css using pattern *.mpa
         No match for css/site.css using pattern *.mpe
         No match for css/site.css using pattern *.mpeg
         No match for css/site.css using pattern *.mpg
         No match for css/site.css using pattern *.mpv2
         No match for css/site.css using pattern *.nsc
         No match for css/site.css using pattern *.ogg
         No match for css/site.css using pattern *.ogv
         No match for css/site.css using pattern *.webm
         No match for css/site.css using pattern *.art
         No match for css/site.css using pattern *.cmx
         No match for css/site.css using pattern *.cod
         No match for css/site.css using pattern *.dib
         No match for css/site.css using pattern *.ico
         No match for css/site.css using pattern *.ief
         No match for css/site.css using pattern *.jfif
         No match for css/site.css using pattern *.jpe
         No match for css/site.css using pattern *.pbm
         No match for css/site.css using pattern *.pgm
         No match for css/site.css using pattern *.pnm
         No match for css/site.css using pattern *.pnz
         No match for css/site.css using pattern *.ppm
         No match for css/site.css using pattern *.ras
         No match for css/site.css using pattern *.rf
         No match for css/site.css using pattern *.rgb
         No match for css/site.css using pattern *.svgz
         No match for css/site.css using pattern *.tif
         No match for css/site.css using pattern *.tiff
         No match for css/site.css using pattern *.wbmp
         No match for css/site.css using pattern *.xbm
         No match for css/site.css using pattern *.xpm
         No match for css/site.css using pattern *.xwd
         No match for css/site.css using pattern *.3g2
         No match for css/site.css using pattern *.3gp2
         No match for css/site.css using pattern *.3gp
         No match for css/site.css using pattern *.3gpp
         No match for css/site.css using pattern *.asf
         No match for css/site.css using pattern *.asr
         No match for css/site.css using pattern *.asx
         No match for css/site.css using pattern *.avi
         No match for css/site.css using pattern *.dvr
         No match for css/site.css using pattern *.flv
         No match for css/site.css using pattern *.IVF
         No match for css/site.css using pattern *.lsf
         No match for css/site.css using pattern *.lsx
         No match for css/site.css using pattern *.m1v
         No match for css/site.css using pattern *.m2ts
         No match for css/site.css using pattern *.qt
         No match for css/site.css using pattern *.ts
         No match for css/site.css using pattern *.tts
         No match for css/site.css using pattern *.wm
         No match for css/site.css using pattern *.wmp
         No match for css/site.css using pattern *.wmv
         No match for css/site.css using pattern *.wmx
         No match for css/site.css using pattern *.wtv
         No match for css/site.css using pattern *.wvx
         File C:\Users\user\OneDrive\╨а╨░╨▒╨╛╤З╨╕╨╣ ╤Б╤В╨╛╨╗\regi\WebApplication15\wwwroot\css\site.css exists.
         No match for css/site.css using pattern *.bmp
         No match for css/site.css using pattern *.jpeg
         No match for css/site.css using pattern *.jpg
         No match for css/site.css using pattern *.gif
         No match for css/site.css using pattern *.svg
         No match for css/site.css using pattern *.png
         No match for css/site.css using pattern *.webp
         No match for css/site.css using pattern *.otf
         No match for css/site.css using pattern *.woff2
         No match for css/site.css using pattern *.m4v
         No match for css/site.css using pattern *.mov
         No match for css/site.css using pattern *.movie
         No match for css/site.css using pattern *.mp2
         No match for css/site.css using pattern *.mp4
         No match for css/site.css using pattern *.mp4v
         No match for css/site.css using pattern *.mpa
         No match for css/site.css using pattern *.mpe
         No match for css/site.css using pattern *.mpeg
         No match for css/site.css using pattern *.mpg
         No match for css/site.css using pattern *.mpv2
         No match for css/site.css using pattern *.nsc
         No match for css/site.css using pattern *.ogg
         No match for css/site.css using pattern *.ogv
         No match for css/site.css using pattern *.webm
         No match for css/site.css using pattern *.art
         No match for css/site.css using pattern *.cmx
         No match for css/site.css using pattern *.cod
         No match for css/site.css using pattern *.dib
         No match for css/site.css using pattern *.ico
         No match for css/site.css using pattern *.ief
         No match for css/site.css using pattern *.jfif
         No match for css/site.css using pattern *.jpe
         No match for css/site.css using pattern *.pbm
         No match for css/site.css using pattern *.pgm
         No match for css/site.css using pattern *.pnm
         No match for css/site.css using pattern *.pnz
         No match for css/site.css using pattern *.ppm
         No match for css/site.css using pattern *.ras
         No match for css/site.css using pattern *.rf
         No match for css/site.css using pattern *.rgb
         No match for css/site.css using pattern *.svgz
         No match for css/site.css using pattern *.tif
         No match for css/site.css using pattern *.tiff
         No match for css/site.css using pattern *.wbmp
         No match for css/site.css using pattern *.xbm
         No match for css/site.css using pattern *.xpm
         No match for css/site.css using pattern *.xwd
         No match for css/site.css using pattern *.3g2
         No match for css/site.css using pattern *.3gp2
         No match for css/site.css using pattern *.3gp
         No match for css/site.css using pattern *.3gpp
         No match for css/site.css using pattern *.asf
         No match for css/site.css using pattern *.asr
         No match for css/site.css using pattern *.asx
         No match for css/site.css using pattern *.avi
         No match for css/site.css using pattern *.dvr
         No match for css/site.css using pattern *.flv
         No match for css/site.css using pattern *.IVF
         No match for css/site.css using pattern *.lsf
         No match for css/site.css using pattern *.lsx
         No match for css/site.css using pattern *.m1v
         No match for css/site.css using pattern *.m2ts
         No match for css/site.css using pattern *.qt
         No match for css/site.css using pattern *.ts
         No match for css/site.css using pattern *.tts
         No match for css/site.css using pattern *.wm
         No match for css/site.css using pattern *.wmp
         No match for css/site.css using pattern *.wmv
         No match for css/site.css using pattern *.wmx
         No match for css/site.css using pattern *.wtv
         No match for css/site.css using pattern *.wvx
         File C:\Users\user\OneDrive\╨а╨░╨▒╨╛╤З╨╕╨╣ ╤Б╤В╨╛╨╗\regi\WebApplication15\wwwroot\css\site.css exists.
         Adding endpoint css/site.css for asset C:\Users\user\OneDrive\╨а╨░╨▒╨╛╤З╨╕╨╣ ╤Б╤В╨╛╨╗\regi\WebApplication15\wwwroot\css\site.css.
         Adding endpoint css/site.bza5ni36c1.css for asset C:\Users\user\OneDrive\╨а╨░╨▒╨╛╤З╨╕╨╣ ╤Б╤В╨╛╨╗\regi\WebApplication15\wwwroot\css\site.css.
         No match for css/test-index.css using pattern *.bmp
         No match for css/test-index.css using pattern *.jpeg
         No match for css/test-index.css using pattern *.jpg
         No match for css/test-index.css using pattern *.gif
         No match for css/test-index.css using pattern *.svg
         No match for css/test-index.css using pattern *.png
         No match for css/test-index.css using pattern *.webp
         No match for css/test-index.css using pattern *.otf
         No match for css/test-index.css using pattern *.woff2
         No match for css/test-index.css using pattern *.m4v
         No match for css/test-index.css using pattern *.mov
         No match for css/test-index.css using pattern *.movie
         No match for css/test-index.css using pattern *.mp2
         No match for css/test-index.css using pattern *.mp4
         No match for css/test-index.css using pattern *.mp4v
         No match for css/test-index.css using pattern *.mpa
         No match for css/test-index.css using pattern *.mpe
         No match for css/test-index.css using pattern *.mpeg
         No match for css/test-index.css using pattern *.mpg
         No match for css/test-index.css using pattern *.mpv2
         No match for css/test-index.css using pattern *.nsc
         No match for css/test-index.css using pattern *.ogg
         No match for css/test-index.css using pattern *.ogv
         No match for css/test-index.css using pattern *.webm
         No match for css/test-index.css using pattern *.art
         No match for css/test-index.css using pattern *.cmx
         No match for css/test-index.css using pattern *.cod
         No match for css/test-index.css using pattern *.dib
         No match for css/test-index.css using pattern *.ico
         No match for css/test-index.css using pattern *.ief
         No match for css/test-index.css using pattern *.jfif
         No match for css/test-index.css using pattern *.jpe
         No match for css/test-index.css using pattern *.pbm
         No match for css/test-index.css using pattern *.pgm
         No match for css/test-index.css using pattern *.pnm
         No match for css/test-index.css using pattern *.pnz
         No match for css/test-index.css using pattern *.ppm
         No match for css/test-index.css using pattern *.ras
         No match for css/test-index.css using pattern *.rf
         No match for css/test-index.css using pattern *.rgb
         No match for css/test-index.css using pattern *.svgz
         No match for css/test-index.css using pattern *.tif
         No match for css/test-index.css using pattern *.tiff
         No match for css/test-index.css using pattern *.wbmp
         No match for css/test-index.css using pattern *.xbm
         No match for css/test-index.css using pattern *.xpm
         No match for css/test-index.css using pattern *.xwd
         No match for css/test-index.css using pattern *.3g2
         No match for css/test-index.css using pattern *.3gp2
         No match for css/test-index.css using pattern *.3gp
         No match for css/test-index.css using pattern *.3gpp
         No match for css/test-index.css using pattern *.asf
         No match for css/test-index.css using pattern *.asr
         No match for css/test-index.css using pattern *.asx
         No match for css/test-index.css using pattern *.avi
         No match for css/test-index.css using pattern *.dvr
         No match for css/test-index.css using pattern *.flv
         No match for css/test-index.css using pattern *.IVF
         No match for css/test-index.css using pattern *.lsf
         No match for css/test-index.css using pattern *.lsx
         No match for css/test-index.css using pattern *.m1v
         No match for css/test-index.css using pattern *.m2ts
         No match for css/test-index.css using pattern *.qt
         No match for css/test-index.css using pattern *.ts
         No match for css/test-index.css using pattern *.tts
         No match for css/test-index.css using pattern *.wm
         No match for css/test-index.css using pattern *.wmp
         No match for css/test-index.css using pattern *.wmv
         No match for css/test-index.css using pattern *.wmx
         No match for css/test-index.css using pattern *.wtv
         No match for css/test-index.css using pattern *.wvx
         File C:\Users\user\OneDrive\╨а╨░╨▒╨╛╤З╨╕╨╣ ╤Б╤В╨╛╨╗\regi\WebApplication15\wwwroot\css\test-index.css exists.
         No match for css/test-index.css using pattern *.bmp
         No match for css/test-index.css using pattern *.jpeg
         No match for css/test-index.css using pattern *.jpg
         No match for css/test-index.css using pattern *.gif
         No match for css/test-index.css using pattern *.svg
         No match for css/test-index.css using pattern *.png
         No match for css/test-index.css using pattern *.webp
         No match for css/test-index.css using pattern *.otf
         No match for css/test-index.css using pattern *.woff2
         No match for css/test-index.css using pattern *.m4v
         No match for css/test-index.css using pattern *.mov
         No match for css/test-index.css using pattern *.movie
         No match for css/test-index.css using pattern *.mp2
         No match for css/test-index.css using pattern *.mp4
         No match for css/test-index.css using pattern *.mp4v
         No match for css/test-index.css using pattern *.mpa
         No match for css/test-index.css using pattern *.mpe
         No match for css/test-index.css using pattern *.mpeg
         No match for css/test-index.css using pattern *.mpg
         No match for css/test-index.css using pattern *.mpv2
         No match for css/test-index.css using pattern *.nsc
         No match for css/test-index.css using pattern *.ogg
         No match for css/test-index.css using pattern *.ogv
         No match for css/test-index.css using pattern *.webm
         No match for css/test-index.css using pattern *.art
         No match for css/test-index.css using pattern *.cmx
         No match for css/test-index.css using pattern *.cod
         No match for css/test-index.css using pattern *.dib
         No match for css/test-index.css using pattern *.ico
         No match for css/test-index.css using pattern *.ief
         No match for css/test-index.css using pattern *.jfif
         No match for css/test-index.css using pattern *.jpe
         No match for css/test-index.css using pattern *.pbm
         No match for css/test-index.css using pattern *.pgm
         No match for css/test-index.css using pattern *.pnm
         No match for css/test-index.css using pattern *.pnz
         No match for css/test-index.css using pattern *.ppm
         No match for css/test-index.css using pattern *.ras
         No match for css/test-index.css using pattern *.rf
         No match for css/test-index.css using pattern *.rgb
         No match for css/test-index.css using pattern *.svgz
         No match for css/test-index.css using pattern *.tif
         No match for css/test-index.css using pattern *.tiff
         No match for css/test-index.css using pattern *.wbmp
         No match for css/test-index.css using pattern *.xbm
         No match for css/test-index.css using pattern *.xpm
         No match for css/test-index.css using pattern *.xwd
         No match for css/test-index.css using pattern *.3g2
         No match for css/test-index.css using pattern *.3gp2
         No match for css/test-index.css using pattern *.3gp
         No match for css/test-index.css using pattern *.3gpp
         No match for css/test-index.css using pattern *.asf
         No match for css/test-index.css using pattern *.asr
         No match for css/test-index.css using pattern *.asx
         No match for css/test-index.css using pattern *.avi
         No match for css/test-index.css using pattern *.dvr
         No match for css/test-index.css using pattern *.flv
         No match for css/test-index.css using pattern *.IVF
         No match for css/test-index.css using pattern *.lsf
         No match for css/test-index.css using pattern *.lsx
         No match for css/test-index.css using pattern *.m1v
         No match for css/test-index.css using pattern *.m2ts
         No match for css/test-index.css using pattern *.qt
         No match for css/test-index.css using pattern *.ts
         No match for css/test-index.css using pattern *.tts
         No match for css/test-index.css using pattern *.wm
         No match for css/test-index.css using pattern *.wmp
         No match for css/test-index.css using pattern *.wmv
         No match for css/test-index.css using pattern *.wmx
         No match for css/test-index.css using pattern *.wtv
         No match for css/test-index.css using pattern *.wvx
         File C:\Users\user\OneDrive\╨а╨░╨▒╨╛╤З╨╕╨╣ ╤Б╤В╨╛╨╗\regi\WebApplication15\wwwroot\css\test-index.css exists.
         Adding endpoint css/test-index.css for asset C:\Users\user\OneDrive\╨а╨░╨▒╨╛╤З╨╕╨╣ ╤Б╤В╨╛╨╗\regi\WebApplication15\wwwroot\css\test-index.css.
         Adding endpoint css/test-index.k07zc6gm2k.css for asset C:\Users\user\OneDrive\╨а╨░╨▒╨╛╤З╨╕╨╣ ╤Б╤В╨╛╨╗\regi\WebApplication15\wwwroot\css\test-index.css.
         No match for css/tests.css using pattern *.bmp
         No match for css/tests.css using pattern *.jpeg
         No match for css/tests.css using pattern *.jpg
         No match for css/tests.css using pattern *.gif
         No match for css/tests.css using pattern *.svg
         No match for css/tests.css using pattern *.png
         No match for css/tests.css using pattern *.webp
         No match for css/tests.css using pattern *.otf
         No match for css/tests.css using pattern *.woff2
         No match for css/tests.css using pattern *.m4v
         No match for css/tests.css using pattern *.mov
         No match for css/tests.css using pattern *.movie
         No match for css/tests.css using pattern *.mp2
         No match for css/tests.css using pattern *.mp4
         No match for css/tests.css using pattern *.mp4v
         No match for css/tests.css using pattern *.mpa
         No match for css/tests.css using pattern *.mpe
         No match for css/tests.css using pattern *.mpeg
         No match for css/tests.css using pattern *.mpg
         No match for css/tests.css using pattern *.mpv2
         No match for css/tests.css using pattern *.nsc
         No match for css/tests.css using pattern *.ogg
         No match for css/tests.css using pattern *.ogv
         No match for css/tests.css using pattern *.webm
         No match for css/tests.css using pattern *.art
         No match for css/tests.css using pattern *.cmx
         No match for css/tests.css using pattern *.cod
         No match for css/tests.css using pattern *.dib
         No match for css/tests.css using pattern *.ico
         No match for css/tests.css using pattern *.ief
         No match for css/tests.css using pattern *.jfif
         No match for css/tests.css using pattern *.jpe
         No match for css/tests.css using pattern *.pbm
         No match for css/tests.css using pattern *.pgm
         No match for css/tests.css using pattern *.pnm
         No match for css/tests.css using pattern *.pnz
         No match for css/tests.css using pattern *.ppm
         No match for css/tests.css using pattern *.ras
         No match for css/tests.css using pattern *.rf
         No match for css/tests.css using pattern *.rgb
         No match for css/tests.css using pattern *.svgz
         No match for css/tests.css using pattern *.tif
         No match for css/tests.css using pattern *.tiff
         No match for css/tests.css using pattern *.wbmp
         No match for css/tests.css using pattern *.xbm
         No match for css/tests.css using pattern *.xpm
         No match for css/tests.css using pattern *.xwd
         No match for css/tests.css using pattern *.3g2
         No match for css/tests.css using pattern *.3gp2
         No match for css/tests.css using pattern *.3gp
         No match for css/tests.css using pattern *.3gpp
         No match for css/tests.css using pattern *.asf
         No match for css/tests.css using pattern *.asr
         No match for css/tests.css using pattern *.asx
         No match for css/tests.css using pattern *.avi
         No match for css/tests.css using pattern *.dvr
         No match for css/tests.css using pattern *.flv
         No match for css/tests.css using pattern *.IVF
         No match for css/tests.css using pattern *.lsf
         No match for css/tests.css using pattern *.lsx
         No match for css/tests.css using pattern *.m1v
         No match for css/tests.css using pattern *.m2ts
         No match for css/tests.css using pattern *.qt
         No match for css/tests.css using pattern *.ts
         No match for css/tests.css using pattern *.tts
         No match for css/tests.css using pattern *.wm
         No match for css/tests.css using pattern *.wmp
         No match for css/tests.css using pattern *.wmv
         No match for css/tests.css using pattern *.wmx
         No match for css/tests.css using pattern *.wtv
         No match for css/tests.css using pattern *.wvx
         File C:\Users\user\OneDrive\╨а╨░╨▒╨╛╤З╨╕╨╣ ╤Б╤В╨╛╨╗\regi\WebApplication15\wwwroot\css\tests.css exists.
         No match for css/tests.css using pattern *.bmp
         No match for css/tests.css using pattern *.jpeg
         No match for css/tests.css using pattern *.jpg
         No match for css/tests.css using pattern *.gif
         No match for css/tests.css using pattern *.svg
         No match for css/tests.css using pattern *.png
         No match for css/tests.css using pattern *.webp
         No match for css/tests.css using pattern *.otf
         No match for css/tests.css using pattern *.woff2
         No match for css/tests.css using pattern *.m4v
         No match for css/tests.css using pattern *.mov
         No match for css/tests.css using pattern *.movie
         No match for css/tests.css using pattern *.mp2
         No match for css/tests.css using pattern *.mp4
         No match for css/tests.css using pattern *.mp4v
         No match for css/tests.css using pattern *.mpa
         No match for css/tests.css using pattern *.mpe
         No match for css/tests.css using pattern *.mpeg
         No match for css/tests.css using pattern *.mpg
         No match for css/tests.css using pattern *.mpv2
         No match for css/tests.css using pattern *.nsc
         No match for css/tests.css using pattern *.ogg
         No match for css/tests.css using pattern *.ogv
         No match for css/tests.css using pattern *.webm
         No match for css/tests.css using pattern *.art
         No match for css/tests.css using pattern *.cmx
         No match for css/tests.css using pattern *.cod
         No match for css/tests.css using pattern *.dib
         No match for css/tests.css using pattern *.ico
         No match for css/tests.css using pattern *.ief
         No match for css/tests.css using pattern *.jfif
         No match for css/tests.css using pattern *.jpe
         No match for css/tests.css using pattern *.pbm
         No match for css/tests.css using pattern *.pgm
         No match for css/tests.css using pattern *.pnm
         No match for css/tests.css using pattern *.pnz
         No match for css/tests.css using pattern *.ppm
         No match for css/tests.css using pattern *.ras
         No match for css/tests.css using pattern *.rf
         No match for css/tests.css using pattern *.rgb
         No match for css/tests.css using pattern *.svgz
         No match for css/tests.css using pattern *.tif
         No match for css/tests.css using pattern *.tiff
         No match for css/tests.css using pattern *.wbmp
         No match for css/tests.css using pattern *.xbm
         No match for css/tests.css using pattern *.xpm
         No match for css/tests.css using pattern *.xwd
         No match for css/tests.css using pattern *.3g2
         No match for css/tests.css using pattern *.3gp2
         No match for css/tests.css using pattern *.3gp
         No match for css/tests.css using pattern *.3gpp
         No match for css/tests.css using pattern *.asf
         No match for css/tests.css using pattern *.asr
         No match for css/tests.css using pattern *.asx
         No match for css/tests.css using pattern *.avi
         No match for css/tests.css using pattern *.dvr
         No match for css/tests.css using pattern *.flv
         No match for css/tests.css using pattern *.IVF
         No match for css/tests.css using pattern *.lsf
         No match for css/tests.css using pattern *.lsx
         No match for css/tests.css using pattern *.m1v
         No match for css/tests.css using pattern *.m2ts
         No match for css/tests.css using pattern *.qt
         No match for css/tests.css using pattern *.ts
         No match for css/tests.css using pattern *.tts
         No match for css/tests.css using pattern *.wm
         No match for css/tests.css using pattern *.wmp
         No match for css/tests.css using pattern *.wmv
         No match for css/tests.css using pattern *.wmx
         No match for css/tests.css using pattern *.wtv
         No match for css/tests.css using pattern *.wvx
         File C:\Users\user\OneDrive\╨а╨░╨▒╨╛╤З╨╕╨╣ ╤Б╤В╨╛╨╗\regi\WebApplication15\wwwroot\css\tests.css exists.
         Adding endpoint css/tests.css for asset C:\Users\user\OneDrive\╨а╨░╨▒╨╛╤З╨╕╨╣ ╤Б╤В╨╛╨╗\regi\WebApplication15\wwwroot\css\tests.css.
         Adding endpoint css/tests.u5ujaykbyf.css for asset C:\Users\user\OneDrive\╨а╨░╨▒╨╛╤З╨╕╨╣ ╤Б╤В╨╛╨╗\regi\WebApplication15\wwwroot\css\tests.css.
         No match for css/themes.css using pattern *.bmp
         No match for css/themes.css using pattern *.jpeg
         No match for css/themes.css using pattern *.jpg
         No match for css/themes.css using pattern *.gif
         No match for css/themes.css using pattern *.svg
         No match for css/themes.css using pattern *.png
         No match for css/themes.css using pattern *.webp
         No match for css/themes.css using pattern *.otf
         No match for css/themes.css using pattern *.woff2
         No match for css/themes.css using pattern *.m4v
         No match for css/themes.css using pattern *.mov
         No match for css/themes.css using pattern *.movie
         No match for css/themes.css using pattern *.mp2
         No match for css/themes.css using pattern *.mp4
         No match for css/themes.css using pattern *.mp4v
         No match for css/themes.css using pattern *.mpa
         No match for css/themes.css using pattern *.mpe
         No match for css/themes.css using pattern *.mpeg
         No match for css/themes.css using pattern *.mpg
         No match for css/themes.css using pattern *.mpv2
         No match for css/themes.css using pattern *.nsc
         No match for css/themes.css using pattern *.ogg
         No match for css/themes.css using pattern *.ogv
         No match for css/themes.css using pattern *.webm
         No match for css/themes.css using pattern *.art
         No match for css/themes.css using pattern *.cmx
         No match for css/themes.css using pattern *.cod
         No match for css/themes.css using pattern *.dib
         No match for css/themes.css using pattern *.ico
         No match for css/themes.css using pattern *.ief
         No match for css/themes.css using pattern *.jfif
         No match for css/themes.css using pattern *.jpe
         No match for css/themes.css using pattern *.pbm
         No match for css/themes.css using pattern *.pgm
         No match for css/themes.css using pattern *.pnm
         No match for css/themes.css using pattern *.pnz
         No match for css/themes.css using pattern *.ppm
         No match for css/themes.css using pattern *.ras
         No match for css/themes.css using pattern *.rf
         No match for css/themes.css using pattern *.rgb
         No match for css/themes.css using pattern *.svgz
         No match for css/themes.css using pattern *.tif
         No match for css/themes.css using pattern *.tiff
         No match for css/themes.css using pattern *.wbmp
         No match for css/themes.css using pattern *.xbm
         No match for css/themes.css using pattern *.xpm
         No match for css/themes.css using pattern *.xwd
         No match for css/themes.css using pattern *.3g2
         No match for css/themes.css using pattern *.3gp2
         No match for css/themes.css using pattern *.3gp
         No match for css/themes.css using pattern *.3gpp
         No match for css/themes.css using pattern *.asf
         No match for css/themes.css using pattern *.asr
         No match for css/themes.css using pattern *.asx
         No match for css/themes.css using pattern *.avi
         No match for css/themes.css using pattern *.dvr
         No match for css/themes.css using pattern *.flv
         No match for css/themes.css using pattern *.IVF
         No match for css/themes.css using pattern *.lsf
         No match for css/themes.css using pattern *.lsx
         No match for css/themes.css using pattern *.m1v
         No match for css/themes.css using pattern *.m2ts
         No match for css/themes.css using pattern *.qt
         No match for css/themes.css using pattern *.ts
         No match for css/themes.css using pattern *.tts
         No match for css/themes.css using pattern *.wm
         No match for css/themes.css using pattern *.wmp
         No match for css/themes.css using pattern *.wmv
         No match for css/themes.css using pattern *.wmx
         No match for css/themes.css using pattern *.wtv
         No match for css/themes.css using pattern *.wvx
         File C:\Users\user\OneDrive\╨а╨░╨▒╨╛╤З╨╕╨╣ ╤Б╤В╨╛╨╗\regi\WebApplication15\wwwroot\css\themes.css exists.
         No match for css/themes.css using pattern *.bmp
         No match for css/themes.css using pattern *.jpeg
         No match for css/themes.css using pattern *.jpg
         No match for css/themes.css using pattern *.gif
         No match for css/themes.css using pattern *.svg
         No match for css/themes.css using pattern *.png
         No match for css/themes.css using pattern *.webp
         No match for css/themes.css using pattern *.otf
         No match for css/themes.css using pattern *.woff2
         No match for css/themes.css using pattern *.m4v
         No match for css/themes.css using pattern *.mov
         No match for css/themes.css using pattern *.movie
         No match for css/themes.css using pattern *.mp2
         No match for css/themes.css using pattern *.mp4
         No match for css/themes.css using pattern *.mp4v
         No match for css/themes.css using pattern *.mpa
         No match for css/themes.css using pattern *.mpe
         No match for css/themes.css using pattern *.mpeg
         No match for css/themes.css using pattern *.mpg
         No match for css/themes.css using pattern *.mpv2
         No match for css/themes.css using pattern *.nsc
         No match for css/themes.css using pattern *.ogg
         No match for css/themes.css using pattern *.ogv
         No match for css/themes.css using pattern *.webm
         No match for css/themes.css using pattern *.art
         No match for css/themes.css using pattern *.cmx
         No match for css/themes.css using pattern *.cod
         No match for css/themes.css using pattern *.dib
         No match for css/themes.css using pattern *.ico
         No match for css/themes.css using pattern *.ief
         No match for css/themes.css using pattern *.jfif
         No match for css/themes.css using pattern *.jpe
         No match for css/themes.css using pattern *.pbm
         No match for css/themes.css using pattern *.pgm
         No match for css/themes.css using pattern *.pnm
         No match for css/themes.css using pattern *.pnz
         No match for css/themes.css using pattern *.ppm
         No match for css/themes.css using pattern *.ras
         No match for css/themes.css using pattern *.rf
         No match for css/themes.css using pattern *.rgb
         No match for css/themes.css using pattern *.svgz
         No match for css/themes.css using pattern *.tif
         No match for css/themes.css using pattern *.tiff
         No match for css/themes.css using pattern *.wbmp
         No match for css/themes.css using pattern *.xbm
         No match for css/themes.css using pattern *.xpm
         No match for css/themes.css using pattern *.xwd
         No match for css/themes.css using pattern *.3g2
         No match for css/themes.css using pattern *.3gp2
         No match for css/themes.css using pattern *.3gp
         No match for css/themes.css using pattern *.3gpp
         No match for css/themes.css using pattern *.asf
         No match for css/themes.css using pattern *.asr
         No match for css/themes.css using pattern *.asx
         No match for css/themes.css using pattern *.avi
         No match for css/themes.css using pattern *.dvr
         No match for css/themes.css using pattern *.flv
         No match for css/themes.css using pattern *.IVF
         No match for css/themes.css using pattern *.lsf
         No match for css/themes.css using pattern *.lsx
         No match for css/themes.css using pattern *.m1v
         No match for css/themes.css using pattern *.m2ts
         No match for css/themes.css using pattern *.qt
         No match for css/themes.css using pattern *.ts
         No match for css/themes.css using pattern *.tts
         No match for css/themes.css using pattern *.wm
         No match for css/themes.css using pattern *.wmp
         No match for css/themes.css using pattern *.wmv
         No match for css/themes.css using pattern *.wmx
         No match for css/themes.css using pattern *.wtv
         No match for css/themes.css using pattern *.wvx
         File C:\Users\user\OneDrive\╨а╨░╨▒╨╛╤З╨╕╨╣ ╤Б╤В╨╛╨╗\regi\WebApplication15\wwwroot\css\themes.css exists.
         Adding endpoint css/themes.css for asset C:\Users\user\OneDrive\╨а╨░╨▒╨╛╤З╨╕╨╣ ╤Б╤В╨╛╨╗\regi\WebApplication15\wwwroot\css\themes.css.
         Adding endpoint css/themes.90qhm6qypf.css for asset C:\Users\user\OneDrive\╨а╨░╨▒╨╛╤З╨╕╨╣ ╤Б╤В╨╛╨╗\regi\WebApplication15\wwwroot\css\themes.css.
         No match for css/video-details.css using pattern *.bmp
         No match for css/video-details.css using pattern *.jpeg
         No match for css/video-details.css using pattern *.jpg
         No match for css/video-details.css using pattern *.gif
         No match for css/video-details.css using pattern *.svg
         No match for css/video-details.css using pattern *.png
         No match for css/video-details.css using pattern *.webp
         No match for css/video-details.css using pattern *.otf
         No match for css/video-details.css using pattern *.woff2
         No match for css/video-details.css using pattern *.m4v
         No match for css/video-details.css using pattern *.mov
         No match for css/video-details.css using pattern *.movie
         No match for css/video-details.css using pattern *.mp2
         No match for css/video-details.css using pattern *.mp4
         No match for css/video-details.css using pattern *.mp4v
         No match for css/video-details.css using pattern *.mpa
         No match for css/video-details.css using pattern *.mpe
         No match for css/video-details.css using pattern *.mpeg
         No match for css/video-details.css using pattern *.mpg
         No match for css/video-details.css using pattern *.mpv2
         No match for css/video-details.css using pattern *.nsc
         No match for css/video-details.css using pattern *.ogg
         No match for css/video-details.css using pattern *.ogv
         No match for css/video-details.css using pattern *.webm
         No match for css/video-details.css using pattern *.art
         No match for css/video-details.css using pattern *.cmx
         No match for css/video-details.css using pattern *.cod
         No match for css/video-details.css using pattern *.dib
         No match for css/video-details.css using pattern *.ico
         No match for css/video-details.css using pattern *.ief
         No match for css/video-details.css using pattern *.jfif
         No match for css/video-details.css using pattern *.jpe
         No match for css/video-details.css using pattern *.pbm
         No match for css/video-details.css using pattern *.pgm
         No match for css/video-details.css using pattern *.pnm
         No match for css/video-details.css using pattern *.pnz
         No match for css/video-details.css using pattern *.ppm
         No match for css/video-details.css using pattern *.ras
         No match for css/video-details.css using pattern *.rf
         No match for css/video-details.css using pattern *.rgb
         No match for css/video-details.css using pattern *.svgz
         No match for css/video-details.css using pattern *.tif
         No match for css/video-details.css using pattern *.tiff
         No match for css/video-details.css using pattern *.wbmp
         No match for css/video-details.css using pattern *.xbm
         No match for css/video-details.css using pattern *.xpm
         No match for css/video-details.css using pattern *.xwd
         No match for css/video-details.css using pattern *.3g2
         No match for css/video-details.css using pattern *.3gp2
         No match for css/video-details.css using pattern *.3gp
         No match for css/video-details.css using pattern *.3gpp
         No match for css/video-details.css using pattern *.asf
         No match for css/video-details.css using pattern *.asr
         No match for css/video-details.css using pattern *.asx
         No match for css/video-details.css using pattern *.avi
         No match for css/video-details.css using pattern *.dvr
         No match for css/video-details.css using pattern *.flv
         No match for css/video-details.css using pattern *.IVF
         No match for css/video-details.css using pattern *.lsf
         No match for css/video-details.css using pattern *.lsx
         No match for css/video-details.css using pattern *.m1v
         No match for css/video-details.css using pattern *.m2ts
         No match for css/video-details.css using pattern *.qt
         No match for css/video-details.css using pattern *.ts
         No match for css/video-details.css using pattern *.tts
         No match for css/video-details.css using pattern *.wm
         No match for css/video-details.css using pattern *.wmp
         No match for css/video-details.css using pattern *.wmv
         No match for css/video-details.css using pattern *.wmx
         No match for css/video-details.css using pattern *.wtv
         No match for css/video-details.css using pattern *.wvx
         File C:\Users\user\OneDrive\╨а╨░╨▒╨╛╤З╨╕╨╣ ╤Б╤В╨╛╨╗\regi\WebApplication15\wwwroot\css\video-details.css exists.
         No match for css/video-details.css using pattern *.bmp
         No match for css/video-details.css using pattern *.jpeg
         No match for css/video-details.css using pattern *.jpg
         No match for css/video-details.css using pattern *.gif
         No match for css/video-details.css using pattern *.svg
         No match for css/video-details.css using pattern *.png
         No match for css/video-details.css using pattern *.webp
         No match for css/video-details.css using pattern *.otf
         No match for css/video-details.css using pattern *.woff2
         No match for css/video-details.css using pattern *.m4v
         No match for css/video-details.css using pattern *.mov
         No match for css/video-details.css using pattern *.movie
         No match for css/video-details.css using pattern *.mp2
         No match for css/video-details.css using pattern *.mp4
         No match for css/video-details.css using pattern *.mp4v
         No match for css/video-details.css using pattern *.mpa
         No match for css/video-details.css using pattern *.mpe
         No match for css/video-details.css using pattern *.mpeg
         No match for css/video-details.css using pattern *.mpg
         No match for css/video-details.css using pattern *.mpv2
         No match for css/video-details.css using pattern *.nsc
         No match for css/video-details.css using pattern *.ogg
         No match for css/video-details.css using pattern *.ogv
         No match for css/video-details.css using pattern *.webm
         No match for css/video-details.css using pattern *.art
         No match for css/video-details.css using pattern *.cmx
         No match for css/video-details.css using pattern *.cod
         No match for css/video-details.css using pattern *.dib
         No match for css/video-details.css using pattern *.ico
         No match for css/video-details.css using pattern *.ief
         No match for css/video-details.css using pattern *.jfif
         No match for css/video-details.css using pattern *.jpe
         No match for css/video-details.css using pattern *.pbm
         No match for css/video-details.css using pattern *.pgm
         No match for css/video-details.css using pattern *.pnm
         No match for css/video-details.css using pattern *.pnz
         No match for css/video-details.css using pattern *.ppm
         No match for css/video-details.css using pattern *.ras
         No match for css/video-details.css using pattern *.rf
         No match for css/video-details.css using pattern *.rgb
         No match for css/video-details.css using pattern *.svgz
         No match for css/video-details.css using pattern *.tif
         No match for css/video-details.css using pattern *.tiff
         No match for css/video-details.css using pattern *.wbmp
         No match for css/video-details.css using pattern *.xbm
         No match for css/video-details.css using pattern *.xpm
         No match for css/video-details.css using pattern *.xwd
         No match for css/video-details.css using pattern *.3g2
         No match for css/video-details.css using pattern *.3gp2
         No match for css/video-details.css using pattern *.3gp
         No match for css/video-details.css using pattern *.3gpp
         No match for css/video-details.css using pattern *.asf
         No match for css/video-details.css using pattern *.asr
         No match for css/video-details.css using pattern *.asx
         No match for css/video-details.css using pattern *.avi
         No match for css/video-details.css using pattern *.dvr
         No match for css/video-details.css using pattern *.flv
         No match for css/video-details.css using pattern *.IVF
         No match for css/video-details.css using pattern *.lsf
         No match for css/video-details.css using pattern *.lsx
         No match for css/video-details.css using pattern *.m1v
         No match for css/video-details.css using pattern *.m2ts
         No match for css/video-details.css using pattern *.qt
         No match for css/video-details.css using pattern *.ts
         No match for css/video-details.css using pattern *.tts
         No match for css/video-details.css using pattern *.wm
         No match for css/video-details.css using pattern *.wmp
         No match for css/video-details.css using pattern *.wmv
         No match for css/video-details.css using pattern *.wmx
         No match for css/video-details.css using pattern *.wtv
         No match for css/video-details.css using pattern *.wvx
         File C:\Users\user\OneDrive\╨а╨░╨▒╨╛╤З╨╕╨╣ ╤Б╤В╨╛╨╗\regi\WebApplication15\wwwroot\css\video-details.css exists.
         Adding endpoint css/video-details.css for asset C:\Users\user\OneDrive\╨а╨░╨▒╨╛╤З╨╕╨╣ ╤Б╤В╨╛╨╗\regi\WebApplication15\wwwroot\css\video-details.css.
         Adding endpoint css/video-details.q3u861htqj.css for asset C:\Users\user\OneDrive\╨а╨░╨▒╨╛╤З╨╕╨╣ ╤Б╤В╨╛╨╗\regi\WebApplication15\wwwroot\css\video-details.css.
         No match for css/videos.css using pattern *.bmp
         No match for css/videos.css using pattern *.jpeg
         No match for css/videos.css using pattern *.jpg
         No match for css/videos.css using pattern *.gif
         No match for css/videos.css using pattern *.svg
         No match for css/videos.css using pattern *.png
         No match for css/videos.css using pattern *.webp
         No match for css/videos.css using pattern *.otf
         No match for css/videos.css using pattern *.woff2
         No match for css/videos.css using pattern *.m4v
         No match for css/videos.css using pattern *.mov
         No match for css/videos.css using pattern *.movie
         No match for css/videos.css using pattern *.mp2
         No match for css/videos.css using pattern *.mp4
         No match for css/videos.css using pattern *.mp4v
         No match for css/videos.css using pattern *.mpa
         No match for css/videos.css using pattern *.mpe
         No match for css/videos.css using pattern *.mpeg
         No match for css/videos.css using pattern *.mpg
         No match for css/videos.css using pattern *.mpv2
         No match for css/videos.css using pattern *.nsc
         No match for css/videos.css using pattern *.ogg
         No match for css/videos.css using pattern *.ogv
         No match for css/videos.css using pattern *.webm
         No match for css/videos.css using pattern *.art
         No match for css/videos.css using pattern *.cmx
         No match for css/videos.css using pattern *.cod
         No match for css/videos.css using pattern *.dib
         No match for css/videos.css using pattern *.ico
         No match for css/videos.css using pattern *.ief
         No match for css/videos.css using pattern *.jfif
         No match for css/videos.css using pattern *.jpe
         No match for css/videos.css using pattern *.pbm
         No match for css/videos.css using pattern *.pgm
         No match for css/videos.css using pattern *.pnm
         No match for css/videos.css using pattern *.pnz
         No match for css/videos.css using pattern *.ppm
         No match for css/videos.css using pattern *.ras
         No match for css/videos.css using pattern *.rf
         No match for css/videos.css using pattern *.rgb
         No match for css/videos.css using pattern *.svgz
         No match for css/videos.css using pattern *.tif
         No match for css/videos.css using pattern *.tiff
         No match for css/videos.css using pattern *.wbmp
         No match for css/videos.css using pattern *.xbm
         No match for css/videos.css using pattern *.xpm
         No match for css/videos.css using pattern *.xwd
         No match for css/videos.css using pattern *.3g2
         No match for css/videos.css using pattern *.3gp2
         No match for css/videos.css using pattern *.3gp
         No match for css/videos.css using pattern *.3gpp
         No match for css/videos.css using pattern *.asf
         No match for css/videos.css using pattern *.asr
         No match for css/videos.css using pattern *.asx
         No match for css/videos.css using pattern *.avi
         No match for css/videos.css using pattern *.dvr
         No match for css/videos.css using pattern *.flv
         No match for css/videos.css using pattern *.IVF
         No match for css/videos.css using pattern *.lsf
         No match for css/videos.css using pattern *.lsx
         No match for css/videos.css using pattern *.m1v
         No match for css/videos.css using pattern *.m2ts
         No match for css/videos.css using pattern *.qt
         No match for css/videos.css using pattern *.ts
         No match for css/videos.css using pattern *.tts
         No match for css/videos.css using pattern *.wm
         No match for css/videos.css using pattern *.wmp
         No match for css/videos.css using pattern *.wmv
         No match for css/videos.css using pattern *.wmx
         No match for css/videos.css using pattern *.wtv
         No match for css/videos.css using pattern *.wvx
         File C:\Users\user\OneDrive\╨а╨░╨▒╨╛╤З╨╕╨╣ ╤Б╤В╨╛╨╗\regi\WebApplication15\wwwroot\css\videos.css exists.
         No match for css/videos.css using pattern *.bmp
         No match for css/videos.css using pattern *.jpeg
         No match for css/videos.css using pattern *.jpg
         No match for css/videos.css using pattern *.gif
         No match for css/videos.css using pattern *.svg
         No match for css/videos.css using pattern *.png
         No match for css/videos.css using pattern *.webp
         No match for css/videos.css using pattern *.otf
         No match for css/videos.css using pattern *.woff2
         No match for css/videos.css using pattern *.m4v
         No match for css/videos.css using pattern *.mov
         No match for css/videos.css using pattern *.movie
         No match for css/videos.css using pattern *.mp2
         No match for css/videos.css using pattern *.mp4
         No match for css/videos.css using pattern *.mp4v
         No match for css/videos.css using pattern *.mpa
         No match for css/videos.css using pattern *.mpe
         No match for css/videos.css using pattern *.mpeg
         No match for css/videos.css using pattern *.mpg
         No match for css/videos.css using pattern *.mpv2
         No match for css/videos.css using pattern *.nsc
         No match for css/videos.css using pattern *.ogg
         No match for css/videos.css using pattern *.ogv
         No match for css/videos.css using pattern *.webm
         No match for css/videos.css using pattern *.art
         No match for css/videos.css using pattern *.cmx
         No match for css/videos.css using pattern *.cod
         No match for css/videos.css using pattern *.dib
         No match for css/videos.css using pattern *.ico
         No match for css/videos.css using pattern *.ief
         No match for css/videos.css using pattern *.jfif
         No match for css/videos.css using pattern *.jpe
         No match for css/videos.css using pattern *.pbm
         No match for css/videos.css using pattern *.pgm
         No match for css/videos.css using pattern *.pnm
         No match for css/videos.css using pattern *.pnz
         No match for css/videos.css using pattern *.ppm
         No match for css/videos.css using pattern *.ras
         No match for css/videos.css using pattern *.rf
         No match for css/videos.css using pattern *.rgb
         No match for css/videos.css using pattern *.svgz
         No match for css/videos.css using pattern *.tif
         No match for css/videos.css using pattern *.tiff
         No match for css/videos.css using pattern *.wbmp
         No match for css/videos.css using pattern *.xbm
         No match for css/videos.css using pattern *.xpm
         No match for css/videos.css using pattern *.xwd
         No match for css/videos.css using pattern *.3g2
         No match for css/videos.css using pattern *.3gp2
         No match for css/videos.css using pattern *.3gp
         No match for css/videos.css using pattern *.3gpp
         No match for css/videos.css using pattern *.asf
         No match for css/videos.css using pattern *.asr
         No match for css/videos.css using pattern *.asx
         No match for css/videos.css using pattern *.avi
         No match for css/videos.css using pattern *.dvr
         No match for css/videos.css using pattern *.flv
         No match for css/videos.css using pattern *.IVF
         No match for css/videos.css using pattern *.lsf
         No match for css/videos.css using pattern *.lsx
         No match for css/videos.css using pattern *.m1v
         No match for css/videos.css using pattern *.m2ts
         No match for css/videos.css using pattern *.qt
         No match for css/videos.css using pattern *.ts
         No match for css/videos.css using pattern *.tts
         No match for css/videos.css using pattern *.wm
         No match for css/videos.css using pattern *.wmp
         No match for css/videos.css using pattern *.wmv
         No match for css/videos.css using pattern *.wmx
         No match for css/videos.css using pattern *.wtv
         No match for css/videos.css using pattern *.wvx
         File C:\Users\user\OneDrive\╨а╨░╨▒╨╛╤З╨╕╨╣ ╤Б╤В╨╛╨╗\regi\WebApplication15\wwwroot\css\videos.css exists.
         Adding endpoint css/videos.css for asset C:\Users\user\OneDrive\╨а╨░╨▒╨╛╤З╨╕╨╣ ╤Б╤В╨╛╨╗\regi\WebApplication15\wwwroot\css\videos.css.
         Adding endpoint css/videos.sa5u3mk5id.css for asset C:\Users\user\OneDrive\╨а╨░╨▒╨╛╤З╨╕╨╣ ╤Б╤В╨╛╨╗\regi\WebApplication15\wwwroot\css\videos.css.
         No match for favicon.ico using pattern *.bmp
         No match for favicon.ico using pattern *.jpeg
         No match for favicon.ico using pattern *.jpg
         No match for favicon.ico using pattern *.gif
         No match for favicon.ico using pattern *.svg
         No match for favicon.ico using pattern *.png
         No match for favicon.ico using pattern *.webp
         No match for favicon.ico using pattern *.otf
         No match for favicon.ico using pattern *.woff2
         No match for favicon.ico using pattern *.m4v
         No match for favicon.ico using pattern *.mov
         No match for favicon.ico using pattern *.movie
         No match for favicon.ico using pattern *.mp2
         No match for favicon.ico using pattern *.mp4
         No match for favicon.ico using pattern *.mp4v
         No match for favicon.ico using pattern *.mpa
         No match for favicon.ico using pattern *.mpe
         No match for favicon.ico using pattern *.mpeg
         No match for favicon.ico using pattern *.mpg
         No match for favicon.ico using pattern *.mpv2
         No match for favicon.ico using pattern *.nsc
         No match for favicon.ico using pattern *.ogg
         No match for favicon.ico using pattern *.ogv
         No match for favicon.ico using pattern *.webm
         No match for favicon.ico using pattern *.art
         No match for favicon.ico using pattern *.cmx
         No match for favicon.ico using pattern *.cod
         No match for favicon.ico using pattern *.dib
         Matched favicon.ico to image/x-icon using pattern *.ico
         File C:\Users\user\OneDrive\╨а╨░╨▒╨╛╤З╨╕╨╣ ╤Б╤В╨╛╨╗\regi\WebApplication15\wwwroot\favicon.ico exists.
         No match for favicon.ico using pattern *.bmp
         No match for favicon.ico using pattern *.jpeg
         No match for favicon.ico using pattern *.jpg
         No match for favicon.ico using pattern *.gif
         No match for favicon.ico using pattern *.svg
         No match for favicon.ico using pattern *.png
         No match for favicon.ico using pattern *.webp
         No match for favicon.ico using pattern *.otf
         No match for favicon.ico using pattern *.woff2
         No match for favicon.ico using pattern *.m4v
         No match for favicon.ico using pattern *.mov
         No match for favicon.ico using pattern *.movie
         No match for favicon.ico using pattern *.mp2
         No match for favicon.ico using pattern *.mp4
         No match for favicon.ico using pattern *.mp4v
         No match for favicon.ico using pattern *.mpa
         No match for favicon.ico using pattern *.mpe
         No match for favicon.ico using pattern *.mpeg
         No match for favicon.ico using pattern *.mpg
         No match for favicon.ico using pattern *.mpv2
         No match for favicon.ico using pattern *.nsc
         No match for favicon.ico using pattern *.ogg
         No match for favicon.ico using pattern *.ogv
         No match for favicon.ico using pattern *.webm
         No match for favicon.ico using pattern *.art
         No match for favicon.ico using pattern *.cmx
         No match for favicon.ico using pattern *.cod
         No match for favicon.ico using pattern *.dib
         Matched favicon.ico to image/x-icon using pattern *.ico
         File C:\Users\user\OneDrive\╨а╨░╨▒╨╛╤З╨╕╨╣ ╤Б╤В╨╛╨╗\regi\WebApplication15\wwwroot\favicon.ico exists.
         Adding endpoint favicon.ico for asset C:\Users\user\OneDrive\╨а╨░╨▒╨╛╤З╨╕╨╣ ╤Б╤В╨╛╨╗\regi\WebApplication15\wwwroot\favicon.ico.
         Adding endpoint favicon.61n19gt1b8.ico for asset C:\Users\user\OneDrive\╨а╨░╨▒╨╛╤З╨╕╨╣ ╤Б╤В╨╛╨╗\regi\WebApplication15\wwwroot\favicon.ico.
         No match for images/ankara.jpg using pattern *.bmp
         No match for images/ankara.jpg using pattern *.jpeg
         Matched images/ankara.jpg to image/jpeg using pattern *.jpg
         File C:\Users\user\OneDrive\╨а╨░╨▒╨╛╤З╨╕╨╣ ╤Б╤В╨╛╨╗\regi\WebApplication15\wwwroot\images\ankara.jpg exists.
         No match for images/ankara.jpg using pattern *.bmp
         No match for images/ankara.jpg using pattern *.jpeg
         Matched images/ankara.jpg to image/jpeg using pattern *.jpg
         File C:\Users\user\OneDrive\╨а╨░╨▒╨╛╤З╨╕╨╣ ╤Б╤В╨╛╨╗\regi\WebApplication15\wwwroot\images\ankara.jpg exists.
         Adding endpoint images/ankara.jpg for asset C:\Users\user\OneDrive\╨а╨░╨▒╨╛╤З╨╕╨╣ ╤Б╤В╨╛╨╗\regi\WebApplication15\wwwroot\images\ankara.jpg.
         Adding endpoint images/ankara.jlw5oq3u32.jpg for asset C:\Users\user\OneDrive\╨а╨░╨▒╨╛╤З╨╕╨╣ ╤Б╤В╨╛╨╗\regi\WebApplication15\wwwroot\images\ankara.jpg.
         No match for images/astana.jpg using pattern *.bmp
         No match for images/astana.jpg using pattern *.jpeg
         Matched images/astana.jpg to image/jpeg using pattern *.jpg
         File C:\Users\user\OneDrive\╨а╨░╨▒╨╛╤З╨╕╨╣ ╤Б╤В╨╛╨╗\regi\WebApplication15\wwwroot\images\astana.jpg exists.
         No match for images/astana.jpg using pattern *.bmp
         No match for images/astana.jpg using pattern *.jpeg
         Matched images/astana.jpg to image/jpeg using pattern *.jpg
         File C:\Users\user\OneDrive\╨а╨░╨▒╨╛╤З╨╕╨╣ ╤Б╤В╨╛╨╗\regi\WebApplication15\wwwroot\images\astana.jpg exists.
         Adding endpoint images/astana.jpg for asset C:\Users\user\OneDrive\╨а╨░╨▒╨╛╤З╨╕╨╣ ╤Б╤В╨╛╨╗\regi\WebApplication15\wwwroot\images\astana.jpg.
         Adding endpoint images/astana.jlw5oq3u32.jpg for asset C:\Users\user\OneDrive\╨а╨░╨▒╨╛╤З╨╕╨╣ ╤Б╤В╨╛╨╗\regi\WebApplication15\wwwroot\images\astana.jpg.
         No match for images/london.jpg using pattern *.bmp
         No match for images/london.jpg using pattern *.jpeg
         Matched images/london.jpg to image/jpeg using pattern *.jpg
         File C:\Users\user\OneDrive\╨а╨░╨▒╨╛╤З╨╕╨╣ ╤Б╤В╨╛╨╗\regi\WebApplication15\wwwroot\images\london.jpg exists.
         No match for images/london.jpg using pattern *.bmp
         No match for images/london.jpg using pattern *.jpeg
         Matched images/london.jpg to image/jpeg using pattern *.jpg
         File C:\Users\user\OneDrive\╨а╨░╨▒╨╛╤З╨╕╨╣ ╤Б╤В╨╛╨╗\regi\WebApplication15\wwwroot\images\london.jpg exists.
         Adding endpoint images/london.jpg for asset C:\Users\user\OneDrive\╨а╨░╨▒╨╛╤З╨╕╨╣ ╤Б╤В╨╛╨╗\regi\WebApplication15\wwwroot\images\london.jpg.
         Adding endpoint images/london.jlw5oq3u32.jpg for asset C:\Users\user\OneDrive\╨а╨░╨▒╨╛╤З╨╕╨╣ ╤Б╤В╨╛╨╗\regi\WebApplication15\wwwroot\images\london.jpg.
         No match for images/team/avatar1.jpg using pattern *.bmp
         No match for images/team/avatar1.jpg using pattern *.jpeg
         Matched images/team/avatar1.jpg to image/jpeg using pattern *.jpg
         File C:\Users\user\OneDrive\╨а╨░╨▒╨╛╤З╨╕╨╣ ╤Б╤В╨╛╨╗\regi\WebApplication15\wwwroot\images\team\avatar1.jpg exists.
         No match for images/team/avatar1.jpg using pattern *.bmp
         No match for images/team/avatar1.jpg using pattern *.jpeg
         Matched images/team/avatar1.jpg to image/jpeg using pattern *.jpg
         File C:\Users\user\OneDrive\╨а╨░╨▒╨╛╤З╨╕╨╣ ╤Б╤В╨╛╨╗\regi\WebApplication15\wwwroot\images\team\avatar1.jpg exists.
         Adding endpoint images/team/avatar1.jpg for asset C:\Users\user\OneDrive\╨а╨░╨▒╨╛╤З╨╕╨╣ ╤Б╤В╨╛╨╗\regi\WebApplication15\wwwroot\images\team\avatar1.jpg.
         Adding endpoint images/team/avatar1.yu78tspv7y.jpg for asset C:\Users\user\OneDrive\╨а╨░╨▒╨╛╤З╨╕╨╣ ╤Б╤В╨╛╨╗\regi\WebApplication15\wwwroot\images\team\avatar1.jpg.
         No match for images/team/avatar2.jpg using pattern *.bmp
         No match for images/team/avatar2.jpg using pattern *.jpeg
         Matched images/team/avatar2.jpg to image/jpeg using pattern *.jpg
         File C:\Users\user\OneDrive\╨а╨░╨▒╨╛╤З╨╕╨╣ ╤Б╤В╨╛╨╗\regi\WebApplication15\wwwroot\images\team\avatar2.jpg exists.
         No match for images/team/avatar2.jpg using pattern *.bmp
         No match for images/team/avatar2.jpg using pattern *.jpeg
         Matched images/team/avatar2.jpg to image/jpeg using pattern *.jpg
         File C:\Users\user\OneDrive\╨а╨░╨▒╨╛╤З╨╕╨╣ ╤Б╤В╨╛╨╗\regi\WebApplication15\wwwroot\images\team\avatar2.jpg exists.
         Adding endpoint images/team/avatar2.jpg for asset C:\Users\user\OneDrive\╨а╨░╨▒╨╛╤З╨╕╨╣ ╤Б╤В╨╛╨╗\regi\WebApplication15\wwwroot\images\team\avatar2.jpg.
         Adding endpoint images/team/avatar2.yu78tspv7y.jpg for asset C:\Users\user\OneDrive\╨а╨░╨▒╨╛╤З╨╕╨╣ ╤Б╤В╨╛╨╗\regi\WebApplication15\wwwroot\images\team\avatar2.jpg.
         No match for images/team/avatar3.jpg using pattern *.bmp
         No match for images/team/avatar3.jpg using pattern *.jpeg
         Matched images/team/avatar3.jpg to image/jpeg using pattern *.jpg
         File C:\Users\user\OneDrive\╨а╨░╨▒╨╛╤З╨╕╨╣ ╤Б╤В╨╛╨╗\regi\WebApplication15\wwwroot\images\team\avatar3.jpg exists.
         No match for images/team/avatar3.jpg using pattern *.bmp
         No match for images/team/avatar3.jpg using pattern *.jpeg
         Matched images/team/avatar3.jpg to image/jpeg using pattern *.jpg
         File C:\Users\user\OneDrive\╨а╨░╨▒╨╛╤З╨╕╨╣ ╤Б╤В╨╛╨╗\regi\WebApplication15\wwwroot\images\team\avatar3.jpg exists.
         Adding endpoint images/team/avatar3.jpg for asset C:\Users\user\OneDrive\╨а╨░╨▒╨╛╤З╨╕╨╣ ╤Б╤В╨╛╨╗\regi\WebApplication15\wwwroot\images\team\avatar3.jpg.
         Adding endpoint images/team/avatar3.yu78tspv7y.jpg for asset C:\Users\user\OneDrive\╨а╨░╨▒╨╛╤З╨╕╨╣ ╤Б╤В╨╛╨╗\regi\WebApplication15\wwwroot\images\team\avatar3.jpg.
         No match for images/team/avatar4.jpg using pattern *.bmp
         No match for images/team/avatar4.jpg using pattern *.jpeg
         Matched images/team/avatar4.jpg to image/jpeg using pattern *.jpg
         File C:\Users\user\OneDrive\╨а╨░╨▒╨╛╤З╨╕╨╣ ╤Б╤В╨╛╨╗\regi\WebApplication15\wwwroot\images\team\avatar4.jpg exists.
         No match for images/team/avatar4.jpg using pattern *.bmp
         No match for images/team/avatar4.jpg using pattern *.jpeg
         Matched images/team/avatar4.jpg to image/jpeg using pattern *.jpg
         File C:\Users\user\OneDrive\╨а╨░╨▒╨╛╤З╨╕╨╣ ╤Б╤В╨╛╨╗\regi\WebApplication15\wwwroot\images\team\avatar4.jpg exists.
         Adding endpoint images/team/avatar4.jpg for asset C:\Users\user\OneDrive\╨а╨░╨▒╨╛╤З╨╕╨╣ ╤Б╤В╨╛╨╗\regi\WebApplication15\wwwroot\images\team\avatar4.jpg.
         Adding endpoint images/team/avatar4.yu78tspv7y.jpg for asset C:\Users\user\OneDrive\╨а╨░╨▒╨╛╤З╨╕╨╣ ╤Б╤В╨╛╨╗\regi\WebApplication15\wwwroot\images\team\avatar4.jpg.
         No match for js/site.js using pattern *.bmp
         No match for js/site.js using pattern *.jpeg
         No match for js/site.js using pattern *.jpg
         No match for js/site.js using pattern *.gif
         No match for js/site.js using pattern *.svg
         No match for js/site.js using pattern *.png
         No match for js/site.js using pattern *.webp
         No match for js/site.js using pattern *.otf
         No match for js/site.js using pattern *.woff2
         No match for js/site.js using pattern *.m4v
         No match for js/site.js using pattern *.mov
         No match for js/site.js using pattern *.movie
         No match for js/site.js using pattern *.mp2
         No match for js/site.js using pattern *.mp4
         No match for js/site.js using pattern *.mp4v
         No match for js/site.js using pattern *.mpa
         No match for js/site.js using pattern *.mpe
         No match for js/site.js using pattern *.mpeg
         No match for js/site.js using pattern *.mpg
         No match for js/site.js using pattern *.mpv2
         No match for js/site.js using pattern *.nsc
         No match for js/site.js using pattern *.ogg
         No match for js/site.js using pattern *.ogv
         No match for js/site.js using pattern *.webm
         No match for js/site.js using pattern *.art
         No match for js/site.js using pattern *.cmx
         No match for js/site.js using pattern *.cod
         No match for js/site.js using pattern *.dib
         No match for js/site.js using pattern *.ico
         No match for js/site.js using pattern *.ief
         No match for js/site.js using pattern *.jfif
         No match for js/site.js using pattern *.jpe
         No match for js/site.js using pattern *.pbm
         No match for js/site.js using pattern *.pgm
         No match for js/site.js using pattern *.pnm
         No match for js/site.js using pattern *.pnz
         No match for js/site.js using pattern *.ppm
         No match for js/site.js using pattern *.ras
         No match for js/site.js using pattern *.rf
         No match for js/site.js using pattern *.rgb
         No match for js/site.js using pattern *.svgz
         No match for js/site.js using pattern *.tif
         No match for js/site.js using pattern *.tiff
         No match for js/site.js using pattern *.wbmp
         No match for js/site.js using pattern *.xbm
         No match for js/site.js using pattern *.xpm
         No match for js/site.js using pattern *.xwd
         No match for js/site.js using pattern *.3g2
         No match for js/site.js using pattern *.3gp2
         No match for js/site.js using pattern *.3gp
         No match for js/site.js using pattern *.3gpp
         No match for js/site.js using pattern *.asf
         No match for js/site.js using pattern *.asr
         No match for js/site.js using pattern *.asx
         No match for js/site.js using pattern *.avi
         No match for js/site.js using pattern *.dvr
         No match for js/site.js using pattern *.flv
         No match for js/site.js using pattern *.IVF
         No match for js/site.js using pattern *.lsf
         No match for js/site.js using pattern *.lsx
         No match for js/site.js using pattern *.m1v
         No match for js/site.js using pattern *.m2ts
         No match for js/site.js using pattern *.qt
         No match for js/site.js using pattern *.ts
         No match for js/site.js using pattern *.tts
         No match for js/site.js using pattern *.wm
         No match for js/site.js using pattern *.wmp
         No match for js/site.js using pattern *.wmv
         No match for js/site.js using pattern *.wmx
         No match for js/site.js using pattern *.wtv
         No match for js/site.js using pattern *.wvx
         File C:\Users\user\OneDrive\╨а╨░╨▒╨╛╤З╨╕╨╣ ╤Б╤В╨╛╨╗\regi\WebApplication15\wwwroot\js\site.js exists.
         No match for js/site.js using pattern *.bmp
         No match for js/site.js using pattern *.jpeg
         No match for js/site.js using pattern *.jpg
         No match for js/site.js using pattern *.gif
         No match for js/site.js using pattern *.svg
         No match for js/site.js using pattern *.png
         No match for js/site.js using pattern *.webp
         No match for js/site.js using pattern *.otf
         No match for js/site.js using pattern *.woff2
         No match for js/site.js using pattern *.m4v
         No match for js/site.js using pattern *.mov
         No match for js/site.js using pattern *.movie
         No match for js/site.js using pattern *.mp2
         No match for js/site.js using pattern *.mp4
         No match for js/site.js using pattern *.mp4v
         No match for js/site.js using pattern *.mpa
         No match for js/site.js using pattern *.mpe
         No match for js/site.js using pattern *.mpeg
         No match for js/site.js using pattern *.mpg
         No match for js/site.js using pattern *.mpv2
         No match for js/site.js using pattern *.nsc
         No match for js/site.js using pattern *.ogg
         No match for js/site.js using pattern *.ogv
         No match for js/site.js using pattern *.webm
         No match for js/site.js using pattern *.art
         No match for js/site.js using pattern *.cmx
         No match for js/site.js using pattern *.cod
         No match for js/site.js using pattern *.dib
         No match for js/site.js using pattern *.ico
         No match for js/site.js using pattern *.ief
         No match for js/site.js using pattern *.jfif
         No match for js/site.js using pattern *.jpe
         No match for js/site.js using pattern *.pbm
         No match for js/site.js using pattern *.pgm
         No match for js/site.js using pattern *.pnm
         No match for js/site.js using pattern *.pnz
         No match for js/site.js using pattern *.ppm
         No match for js/site.js using pattern *.ras
         No match for js/site.js using pattern *.rf
         No match for js/site.js using pattern *.rgb
         No match for js/site.js using pattern *.svgz
         No match for js/site.js using pattern *.tif
         No match for js/site.js using pattern *.tiff
         No match for js/site.js using pattern *.wbmp
         No match for js/site.js using pattern *.xbm
         No match for js/site.js using pattern *.xpm
         No match for js/site.js using pattern *.xwd
         No match for js/site.js using pattern *.3g2
         No match for js/site.js using pattern *.3gp2
         No match for js/site.js using pattern *.3gp
         No match for js/site.js using pattern *.3gpp
         No match for js/site.js using pattern *.asf
         No match for js/site.js using pattern *.asr
         No match for js/site.js using pattern *.asx
         No match for js/site.js using pattern *.avi
         No match for js/site.js using pattern *.dvr
         No match for js/site.js using pattern *.flv
         No match for js/site.js using pattern *.IVF
         No match for js/site.js using pattern *.lsf
         No match for js/site.js using pattern *.lsx
         No match for js/site.js using pattern *.m1v
         No match for js/site.js using pattern *.m2ts
         No match for js/site.js using pattern *.qt
         No match for js/site.js using pattern *.ts
         No match for js/site.js using pattern *.tts
         No match for js/site.js using pattern *.wm
         No match for js/site.js using pattern *.wmp
         No match for js/site.js using pattern *.wmv
         No match for js/site.js using pattern *.wmx
         No match for js/site.js using pattern *.wtv
         No match for js/site.js using pattern *.wvx
         File C:\Users\user\OneDrive\╨а╨░╨▒╨╛╤З╨╕╨╣ ╤Б╤В╨╛╨╗\regi\WebApplication15\wwwroot\js\site.js exists.
         Adding endpoint js/site.js for asset C:\Users\user\OneDrive\╨а╨░╨▒╨╛╤З╨╕╨╣ ╤Б╤В╨╛╨╗\regi\WebApplication15\wwwroot\js\site.js.
         Adding endpoint js/site.v3sx77egtd.js for asset C:\Users\user\OneDrive\╨а╨░╨▒╨╛╤З╨╕╨╣ ╤Б╤В╨╛╨╗\regi\WebApplication15\wwwroot\js\site.js.
         No match for lib/bootstrap/dist/css/bootstrap-grid.css using pattern *.bmp
         No match for lib/bootstrap/dist/css/bootstrap-grid.css using pattern *.jpeg
         No match for lib/bootstrap/dist/css/bootstrap-grid.css using pattern *.jpg
         No match for lib/bootstrap/dist/css/bootstrap-grid.css using pattern *.gif
         No match for lib/bootstrap/dist/css/bootstrap-grid.css using pattern *.svg
         No match for lib/bootstrap/dist/css/bootstrap-grid.css using pattern *.png
         No match for lib/bootstrap/dist/css/bootstrap-grid.css using pattern *.webp
         No match for lib/bootstrap/dist/css/bootstrap-grid.css using pattern *.otf
         No match for lib/bootstrap/dist/css/bootstrap-grid.css using pattern *.woff2
         No match for lib/bootstrap/dist/css/bootstrap-grid.css using pattern *.m4v
         No match for lib/bootstrap/dist/css/bootstrap-grid.css using pattern *.mov
         No match for lib/bootstrap/dist/css/bootstrap-grid.css using pattern *.movie
         No match for lib/bootstrap/dist/css/bootstrap-grid.css using pattern *.mp2
         No match for lib/bootstrap/dist/css/bootstrap-grid.css using pattern *.mp4
         No match for lib/bootstrap/dist/css/bootstrap-grid.css using pattern *.mp4v
         No match for lib/bootstrap/dist/css/bootstrap-grid.css using pattern *.mpa
         No match for lib/bootstrap/dist/css/bootstrap-grid.css using pattern *.mpe
         No match for lib/bootstrap/dist/css/bootstrap-grid.css using pattern *.mpeg
         No match for lib/bootstrap/dist/css/bootstrap-grid.css using pattern *.mpg
         No match for lib/bootstrap/dist/css/bootstrap-grid.css using pattern *.mpv2
         No match for lib/bootstrap/dist/css/bootstrap-grid.css using pattern *.nsc
         No match for lib/bootstrap/dist/css/bootstrap-grid.css using pattern *.ogg
         No match for lib/bootstrap/dist/css/bootstrap-grid.css using pattern *.ogv
         No match for lib/bootstrap/dist/css/bootstrap-grid.css using pattern *.webm
         No match for lib/bootstrap/dist/css/bootstrap-grid.css using pattern *.art
         No match for lib/bootstrap/dist/css/bootstrap-grid.css using pattern *.cmx
         No match for lib/bootstrap/dist/css/bootstrap-grid.css using pattern *.cod
         No match for lib/bootstrap/dist/css/bootstrap-grid.css using pattern *.dib
         No match for lib/bootstrap/dist/css/bootstrap-grid.css using pattern *.ico
         No match for lib/bootstrap/dist/css/bootstrap-grid.css using pattern *.ief
         No match for lib/bootstrap/dist/css/bootstrap-grid.css using pattern *.jfif
         No match for lib/bootstrap/dist/css/bootstrap-grid.css using pattern *.jpe
         No match for lib/bootstrap/dist/css/bootstrap-grid.css using pattern *.pbm
         No match for lib/bootstrap/dist/css/bootstrap-grid.css using pattern *.pgm
         No match for lib/bootstrap/dist/css/bootstrap-grid.css using pattern *.pnm
         No match for lib/bootstrap/dist/css/bootstrap-grid.css using pattern *.pnz
         No match for lib/bootstrap/dist/css/bootstrap-grid.css using pattern *.ppm
         No match for lib/bootstrap/dist/css/bootstrap-grid.css using pattern *.ras
         No match for lib/bootstrap/dist/css/bootstrap-grid.css using pattern *.rf
         No match for lib/bootstrap/dist/css/bootstrap-grid.css using pattern *.rgb
         No match for lib/bootstrap/dist/css/bootstrap-grid.css using pattern *.svgz
         No match for lib/bootstrap/dist/css/bootstrap-grid.css using pattern *.tif
         No match for lib/bootstrap/dist/css/bootstrap-grid.css using pattern *.tiff
         No match for lib/bootstrap/dist/css/bootstrap-grid.css using pattern *.wbmp
         No match for lib/bootstrap/dist/css/bootstrap-grid.css using pattern *.xbm
         No match for lib/bootstrap/dist/css/bootstrap-grid.css using pattern *.xpm
         No match for lib/bootstrap/dist/css/bootstrap-grid.css using pattern *.xwd
         No match for lib/bootstrap/dist/css/bootstrap-grid.css using pattern *.3g2
         No match for lib/bootstrap/dist/css/bootstrap-grid.css using pattern *.3gp2
         No match for lib/bootstrap/dist/css/bootstrap-grid.css using pattern *.3gp
         No match for lib/bootstrap/dist/css/bootstrap-grid.css using pattern *.3gpp
         No match for lib/bootstrap/dist/css/bootstrap-grid.css using pattern *.asf
         No match for lib/bootstrap/dist/css/bootstrap-grid.css using pattern *.asr
         No match for lib/bootstrap/dist/css/bootstrap-grid.css using pattern *.asx
         No match for lib/bootstrap/dist/css/bootstrap-grid.css using pattern *.avi
         No match for lib/bootstrap/dist/css/bootstrap-grid.css using pattern *.dvr
         No match for lib/bootstrap/dist/css/bootstrap-grid.css using pattern *.flv
         No match for lib/bootstrap/dist/css/bootstrap-grid.css using pattern *.IVF
         No match for lib/bootstrap/dist/css/bootstrap-grid.css using pattern *.lsf
         No match for lib/bootstrap/dist/css/bootstrap-grid.css using pattern *.lsx
         No match for lib/bootstrap/dist/css/bootstrap-grid.css using pattern *.m1v
         No match for lib/bootstrap/dist/css/bootstrap-grid.css using pattern *.m2ts
         No match for lib/bootstrap/dist/css/bootstrap-grid.css using pattern *.qt
         No match for lib/bootstrap/dist/css/bootstrap-grid.css using pattern *.ts
         No match for lib/bootstrap/dist/css/bootstrap-grid.css using pattern *.tts
         No match for lib/bootstrap/dist/css/bootstrap-grid.css using pattern *.wm
         No match for lib/bootstrap/dist/css/bootstrap-grid.css using pattern *.wmp
         No match for lib/bootstrap/dist/css/bootstrap-grid.css using pattern *.wmv
         No match for lib/bootstrap/dist/css/bootstrap-grid.css using pattern *.wmx
         No match for lib/bootstrap/dist/css/bootstrap-grid.css using pattern *.wtv
         No match for lib/bootstrap/dist/css/bootstrap-grid.css using pattern *.wvx
         File C:\Users\user\OneDrive\╨а╨░╨▒╨╛╤З╨╕╨╣ ╤Б╤В╨╛╨╗\regi\WebApplication15\wwwroot\lib\bootstrap\dist\css\bootstrap-grid.css exists.
         No match for lib/bootstrap/dist/css/bootstrap-grid.css using pattern *.bmp
         No match for lib/bootstrap/dist/css/bootstrap-grid.css using pattern *.jpeg
         No match for lib/bootstrap/dist/css/bootstrap-grid.css using pattern *.jpg
         No match for lib/bootstrap/dist/css/bootstrap-grid.css using pattern *.gif
         No match for lib/bootstrap/dist/css/bootstrap-grid.css using pattern *.svg
         No match for lib/bootstrap/dist/css/bootstrap-grid.css using pattern *.png
         No match for lib/bootstrap/dist/css/bootstrap-grid.css using pattern *.webp
         No match for lib/bootstrap/dist/css/bootstrap-grid.css using pattern *.otf
         No match for lib/bootstrap/dist/css/bootstrap-grid.css using pattern *.woff2
         No match for lib/bootstrap/dist/css/bootstrap-grid.css using pattern *.m4v
         No match for lib/bootstrap/dist/css/bootstrap-grid.css using pattern *.mov
         No match for lib/bootstrap/dist/css/bootstrap-grid.css using pattern *.movie
         No match for lib/bootstrap/dist/css/bootstrap-grid.css using pattern *.mp2
         No match for lib/bootstrap/dist/css/bootstrap-grid.css using pattern *.mp4
         No match for lib/bootstrap/dist/css/bootstrap-grid.css using pattern *.mp4v
         No match for lib/bootstrap/dist/css/bootstrap-grid.css using pattern *.mpa
         No match for lib/bootstrap/dist/css/bootstrap-grid.css using pattern *.mpe
         No match for lib/bootstrap/dist/css/bootstrap-grid.css using pattern *.mpeg
         No match for lib/bootstrap/dist/css/bootstrap-grid.css using pattern *.mpg
         No match for lib/bootstrap/dist/css/bootstrap-grid.css using pattern *.mpv2
         No match for lib/bootstrap/dist/css/bootstrap-grid.css using pattern *.nsc
         No match for lib/bootstrap/dist/css/bootstrap-grid.css using pattern *.ogg
         No match for lib/bootstrap/dist/css/bootstrap-grid.css using pattern *.ogv
         No match for lib/bootstrap/dist/css/bootstrap-grid.css using pattern *.webm
         No match for lib/bootstrap/dist/css/bootstrap-grid.css using pattern *.art
         No match for lib/bootstrap/dist/css/bootstrap-grid.css using pattern *.cmx
         No match for lib/bootstrap/dist/css/bootstrap-grid.css using pattern *.cod
         No match for lib/bootstrap/dist/css/bootstrap-grid.css using pattern *.dib
         No match for lib/bootstrap/dist/css/bootstrap-grid.css using pattern *.ico
         No match for lib/bootstrap/dist/css/bootstrap-grid.css using pattern *.ief
         No match for lib/bootstrap/dist/css/bootstrap-grid.css using pattern *.jfif
         No match for lib/bootstrap/dist/css/bootstrap-grid.css using pattern *.jpe
         No match for lib/bootstrap/dist/css/bootstrap-grid.css using pattern *.pbm
         No match for lib/bootstrap/dist/css/bootstrap-grid.css using pattern *.pgm
         No match for lib/bootstrap/dist/css/bootstrap-grid.css using pattern *.pnm
         No match for lib/bootstrap/dist/css/bootstrap-grid.css using pattern *.pnz
         No match for lib/bootstrap/dist/css/bootstrap-grid.css using pattern *.ppm
         No match for lib/bootstrap/dist/css/bootstrap-grid.css using pattern *.ras
         No match for lib/bootstrap/dist/css/bootstrap-grid.css using pattern *.rf
         No match for lib/bootstrap/dist/css/bootstrap-grid.css using pattern *.rgb
         No match for lib/bootstrap/dist/css/bootstrap-grid.css using pattern *.svgz
         No match for lib/bootstrap/dist/css/bootstrap-grid.css using pattern *.tif
         No match for lib/bootstrap/dist/css/bootstrap-grid.css using pattern *.tiff
         No match for lib/bootstrap/dist/css/bootstrap-grid.css using pattern *.wbmp
         No match for lib/bootstrap/dist/css/bootstrap-grid.css using pattern *.xbm
         No match for lib/bootstrap/dist/css/bootstrap-grid.css using pattern *.xpm
         No match for lib/bootstrap/dist/css/bootstrap-grid.css using pattern *.xwd
         No match for lib/bootstrap/dist/css/bootstrap-grid.css using pattern *.3g2
         No match for lib/bootstrap/dist/css/bootstrap-grid.css using pattern *.3gp2
         No match for lib/bootstrap/dist/css/bootstrap-grid.css using pattern *.3gp
         No match for lib/bootstrap/dist/css/bootstrap-grid.css using pattern *.3gpp
         No match for lib/bootstrap/dist/css/bootstrap-grid.css using pattern *.asf
         No match for lib/bootstrap/dist/css/bootstrap-grid.css using pattern *.asr
         No match for lib/bootstrap/dist/css/bootstrap-grid.css using pattern *.asx
         No match for lib/bootstrap/dist/css/bootstrap-grid.css using pattern *.avi
         No match for lib/bootstrap/dist/css/bootstrap-grid.css using pattern *.dvr
         No match for lib/bootstrap/dist/css/bootstrap-grid.css using pattern *.flv
         No match for lib/bootstrap/dist/css/bootstrap-grid.css using pattern *.IVF
         No match for lib/bootstrap/dist/css/bootstrap-grid.css using pattern *.lsf
         No match for lib/bootstrap/dist/css/bootstrap-grid.css using pattern *.lsx
         No match for lib/bootstrap/dist/css/bootstrap-grid.css using pattern *.m1v
         No match for lib/bootstrap/dist/css/bootstrap-grid.css using pattern *.m2ts
         No match for lib/bootstrap/dist/css/bootstrap-grid.css using pattern *.qt
         No match for lib/bootstrap/dist/css/bootstrap-grid.css using pattern *.ts
         No match for lib/bootstrap/dist/css/bootstrap-grid.css using pattern *.tts
         No match for lib/bootstrap/dist/css/bootstrap-grid.css using pattern *.wm
         No match for lib/bootstrap/dist/css/bootstrap-grid.css using pattern *.wmp
         No match for lib/bootstrap/dist/css/bootstrap-grid.css using pattern *.wmv
         No match for lib/bootstrap/dist/css/bootstrap-grid.css using pattern *.wmx
         No match for lib/bootstrap/dist/css/bootstrap-grid.css using pattern *.wtv
         No match for lib/bootstrap/dist/css/bootstrap-grid.css using pattern *.wvx
         File C:\Users\user\OneDrive\╨а╨░╨▒╨╛╤З╨╕╨╣ ╤Б╤В╨╛╨╗\regi\WebApplication15\wwwroot\lib\bootstrap\dist\css\bootstrap-grid.css exists.
         Adding endpoint lib/bootstrap/dist/css/bootstrap-grid.css for asset C:\Users\user\OneDrive\╨а╨░╨▒╨╛╤З╨╕╨╣ ╤Б╤В╨╛╨╗\regi\WebApplication15\wwwroot\lib\bootstrap\dist\css\bootstrap-grid.css.
         Adding endpoint lib/bootstrap/dist/css/bootstrap-grid.bqjiyaj88i.css for asset C:\Users\user\OneDrive\╨а╨░╨▒╨╛╤З╨╕╨╣ ╤Б╤В╨╛╨╗\regi\WebApplication15\wwwroot\lib\bootstrap\dist\css\bootstrap-grid.css.
         No match for lib/bootstrap/dist/css/bootstrap-grid.css.map using pattern *.bmp
         No match for lib/bootstrap/dist/css/bootstrap-grid.css.map using pattern *.jpeg
         No match for lib/bootstrap/dist/css/bootstrap-grid.css.map using pattern *.jpg
         No match for lib/bootstrap/dist/css/bootstrap-grid.css.map using pattern *.gif
         No match for lib/bootstrap/dist/css/bootstrap-grid.css.map using pattern *.svg
         No match for lib/bootstrap/dist/css/bootstrap-grid.css.map using pattern *.png
         No match for lib/bootstrap/dist/css/bootstrap-grid.css.map using pattern *.webp
         No match for lib/bootstrap/dist/css/bootstrap-grid.css.map using pattern *.otf
         No match for lib/bootstrap/dist/css/bootstrap-grid.css.map using pattern *.woff2
         No match for lib/bootstrap/dist/css/bootstrap-grid.css.map using pattern *.m4v
         No match for lib/bootstrap/dist/css/bootstrap-grid.css.map using pattern *.mov
         No match for lib/bootstrap/dist/css/bootstrap-grid.css.map using pattern *.movie
         No match for lib/bootstrap/dist/css/bootstrap-grid.css.map using pattern *.mp2
         No match for lib/bootstrap/dist/css/bootstrap-grid.css.map using pattern *.mp4
         No match for lib/bootstrap/dist/css/bootstrap-grid.css.map using pattern *.mp4v
         No match for lib/bootstrap/dist/css/bootstrap-grid.css.map using pattern *.mpa
         No match for lib/bootstrap/dist/css/bootstrap-grid.css.map using pattern *.mpe
         No match for lib/bootstrap/dist/css/bootstrap-grid.css.map using pattern *.mpeg
         No match for lib/bootstrap/dist/css/bootstrap-grid.css.map using pattern *.mpg
         No match for lib/bootstrap/dist/css/bootstrap-grid.css.map using pattern *.mpv2
         No match for lib/bootstrap/dist/css/bootstrap-grid.css.map using pattern *.nsc
         No match for lib/bootstrap/dist/css/bootstrap-grid.css.map using pattern *.ogg
         No match for lib/bootstrap/dist/css/bootstrap-grid.css.map using pattern *.ogv
         No match for lib/bootstrap/dist/css/bootstrap-grid.css.map using pattern *.webm
         No match for lib/bootstrap/dist/css/bootstrap-grid.css.map using pattern *.art
         No match for lib/bootstrap/dist/css/bootstrap-grid.css.map using pattern *.cmx
         No match for lib/bootstrap/dist/css/bootstrap-grid.css.map using pattern *.cod
         No match for lib/bootstrap/dist/css/bootstrap-grid.css.map using pattern *.dib
         No match for lib/bootstrap/dist/css/bootstrap-grid.css.map using pattern *.ico
         No match for lib/bootstrap/dist/css/bootstrap-grid.css.map using pattern *.ief
         No match for lib/bootstrap/dist/css/bootstrap-grid.css.map using pattern *.jfif
         No match for lib/bootstrap/dist/css/bootstrap-grid.css.map using pattern *.jpe
         No match for lib/bootstrap/dist/css/bootstrap-grid.css.map using pattern *.pbm
         No match for lib/bootstrap/dist/css/bootstrap-grid.css.map using pattern *.pgm
         No match for lib/bootstrap/dist/css/bootstrap-grid.css.map using pattern *.pnm
         No match for lib/bootstrap/dist/css/bootstrap-grid.css.map using pattern *.pnz
         No match for lib/bootstrap/dist/css/bootstrap-grid.css.map using pattern *.ppm
         No match for lib/bootstrap/dist/css/bootstrap-grid.css.map using pattern *.ras
         No match for lib/bootstrap/dist/css/bootstrap-grid.css.map using pattern *.rf
         No match for lib/bootstrap/dist/css/bootstrap-grid.css.map using pattern *.rgb
         No match for lib/bootstrap/dist/css/bootstrap-grid.css.map using pattern *.svgz
         No match for lib/bootstrap/dist/css/bootstrap-grid.css.map using pattern *.tif
         No match for lib/bootstrap/dist/css/bootstrap-grid.css.map using pattern *.tiff
         No match for lib/bootstrap/dist/css/bootstrap-grid.css.map using pattern *.wbmp
         No match for lib/bootstrap/dist/css/bootstrap-grid.css.map using pattern *.xbm
         No match for lib/bootstrap/dist/css/bootstrap-grid.css.map using pattern *.xpm
         No match for lib/bootstrap/dist/css/bootstrap-grid.css.map using pattern *.xwd
         No match for lib/bootstrap/dist/css/bootstrap-grid.css.map using pattern *.3g2
         No match for lib/bootstrap/dist/css/bootstrap-grid.css.map using pattern *.3gp2
         No match for lib/bootstrap/dist/css/bootstrap-grid.css.map using pattern *.3gp
         No match for lib/bootstrap/dist/css/bootstrap-grid.css.map using pattern *.3gpp
         No match for lib/bootstrap/dist/css/bootstrap-grid.css.map using pattern *.asf
         No match for lib/bootstrap/dist/css/bootstrap-grid.css.map using pattern *.asr
         No match for lib/bootstrap/dist/css/bootstrap-grid.css.map using pattern *.asx
         No match for lib/bootstrap/dist/css/bootstrap-grid.css.map using pattern *.avi
         No match for lib/bootstrap/dist/css/bootstrap-grid.css.map using pattern *.dvr
         No match for lib/bootstrap/dist/css/bootstrap-grid.css.map using pattern *.flv
         No match for lib/bootstrap/dist/css/bootstrap-grid.css.map using pattern *.IVF
         No match for lib/bootstrap/dist/css/bootstrap-grid.css.map using pattern *.lsf
         No match for lib/bootstrap/dist/css/bootstrap-grid.css.map using pattern *.lsx
         No match for lib/bootstrap/dist/css/bootstrap-grid.css.map using pattern *.m1v
         No match for lib/bootstrap/dist/css/bootstrap-grid.css.map using pattern *.m2ts
         No match for lib/bootstrap/dist/css/bootstrap-grid.css.map using pattern *.qt
         No match for lib/bootstrap/dist/css/bootstrap-grid.css.map using pattern *.ts
         No match for lib/bootstrap/dist/css/bootstrap-grid.css.map using pattern *.tts
         No match for lib/bootstrap/dist/css/bootstrap-grid.css.map using pattern *.wm
         No match for lib/bootstrap/dist/css/bootstrap-grid.css.map using pattern *.wmp
         No match for lib/bootstrap/dist/css/bootstrap-grid.css.map using pattern *.wmv
         No match for lib/bootstrap/dist/css/bootstrap-grid.css.map using pattern *.wmx
         No match for lib/bootstrap/dist/css/bootstrap-grid.css.map using pattern *.wtv
         No match for lib/bootstrap/dist/css/bootstrap-grid.css.map using pattern *.wvx
         File C:\Users\user\OneDrive\╨а╨░╨▒╨╛╤З╨╕╨╣ ╤Б╤В╨╛╨╗\regi\WebApplication15\wwwroot\lib\bootstrap\dist\css\bootstrap-grid.css.map exists.
         No match for lib/bootstrap/dist/css/bootstrap-grid.css.map using pattern *.bmp
         No match for lib/bootstrap/dist/css/bootstrap-grid.css.map using pattern *.jpeg
         No match for lib/bootstrap/dist/css/bootstrap-grid.css.map using pattern *.jpg
         No match for lib/bootstrap/dist/css/bootstrap-grid.css.map using pattern *.gif
         No match for lib/bootstrap/dist/css/bootstrap-grid.css.map using pattern *.svg
         No match for lib/bootstrap/dist/css/bootstrap-grid.css.map using pattern *.png
         No match for lib/bootstrap/dist/css/bootstrap-grid.css.map using pattern *.webp
         No match for lib/bootstrap/dist/css/bootstrap-grid.css.map using pattern *.otf
         No match for lib/bootstrap/dist/css/bootstrap-grid.css.map using pattern *.woff2
         No match for lib/bootstrap/dist/css/bootstrap-grid.css.map using pattern *.m4v
         No match for lib/bootstrap/dist/css/bootstrap-grid.css.map using pattern *.mov
         No match for lib/bootstrap/dist/css/bootstrap-grid.css.map using pattern *.movie
         No match for lib/bootstrap/dist/css/bootstrap-grid.css.map using pattern *.mp2
         No match for lib/bootstrap/dist/css/bootstrap-grid.css.map using pattern *.mp4
         No match for lib/bootstrap/dist/css/bootstrap-grid.css.map using pattern *.mp4v
         No match for lib/bootstrap/dist/css/bootstrap-grid.css.map using pattern *.mpa
         No match for lib/bootstrap/dist/css/bootstrap-grid.css.map using pattern *.mpe
         No match for lib/bootstrap/dist/css/bootstrap-grid.css.map using pattern *.mpeg
         No match for lib/bootstrap/dist/css/bootstrap-grid.css.map using pattern *.mpg
         No match for lib/bootstrap/dist/css/bootstrap-grid.css.map using pattern *.mpv2
         No match for lib/bootstrap/dist/css/bootstrap-grid.css.map using pattern *.nsc
         No match for lib/bootstrap/dist/css/bootstrap-grid.css.map using pattern *.ogg
         No match for lib/bootstrap/dist/css/bootstrap-grid.css.map using pattern *.ogv
         No match for lib/bootstrap/dist/css/bootstrap-grid.css.map using pattern *.webm
         No match for lib/bootstrap/dist/css/bootstrap-grid.css.map using pattern *.art
         No match for lib/bootstrap/dist/css/bootstrap-grid.css.map using pattern *.cmx
         No match for lib/bootstrap/dist/css/bootstrap-grid.css.map using pattern *.cod
         No match for lib/bootstrap/dist/css/bootstrap-grid.css.map using pattern *.dib
         No match for lib/bootstrap/dist/css/bootstrap-grid.css.map using pattern *.ico
         No match for lib/bootstrap/dist/css/bootstrap-grid.css.map using pattern *.ief
         No match for lib/bootstrap/dist/css/bootstrap-grid.css.map using pattern *.jfif
         No match for lib/bootstrap/dist/css/bootstrap-grid.css.map using pattern *.jpe
         No match for lib/bootstrap/dist/css/bootstrap-grid.css.map using pattern *.pbm
         No match for lib/bootstrap/dist/css/bootstrap-grid.css.map using pattern *.pgm
         No match for lib/bootstrap/dist/css/bootstrap-grid.css.map using pattern *.pnm
         No match for lib/bootstrap/dist/css/bootstrap-grid.css.map using pattern *.pnz
         No match for lib/bootstrap/dist/css/bootstrap-grid.css.map using pattern *.ppm
         No match for lib/bootstrap/dist/css/bootstrap-grid.css.map using pattern *.ras
         No match for lib/bootstrap/dist/css/bootstrap-grid.css.map using pattern *.rf
         No match for lib/bootstrap/dist/css/bootstrap-grid.css.map using pattern *.rgb
         No match for lib/bootstrap/dist/css/bootstrap-grid.css.map using pattern *.svgz
         No match for lib/bootstrap/dist/css/bootstrap-grid.css.map using pattern *.tif
         No match for lib/bootstrap/dist/css/bootstrap-grid.css.map using pattern *.tiff
         No match for lib/bootstrap/dist/css/bootstrap-grid.css.map using pattern *.wbmp
         No match for lib/bootstrap/dist/css/bootstrap-grid.css.map using pattern *.xbm
         No match for lib/bootstrap/dist/css/bootstrap-grid.css.map using pattern *.xpm
         No match for lib/bootstrap/dist/css/bootstrap-grid.css.map using pattern *.xwd
         No match for lib/bootstrap/dist/css/bootstrap-grid.css.map using pattern *.3g2
         No match for lib/bootstrap/dist/css/bootstrap-grid.css.map using pattern *.3gp2
         No match for lib/bootstrap/dist/css/bootstrap-grid.css.map using pattern *.3gp
         No match for lib/bootstrap/dist/css/bootstrap-grid.css.map using pattern *.3gpp
         No match for lib/bootstrap/dist/css/bootstrap-grid.css.map using pattern *.asf
         No match for lib/bootstrap/dist/css/bootstrap-grid.css.map using pattern *.asr
         No match for lib/bootstrap/dist/css/bootstrap-grid.css.map using pattern *.asx
         No match for lib/bootstrap/dist/css/bootstrap-grid.css.map using pattern *.avi
         No match for lib/bootstrap/dist/css/bootstrap-grid.css.map using pattern *.dvr
         No match for lib/bootstrap/dist/css/bootstrap-grid.css.map using pattern *.flv
         No match for lib/bootstrap/dist/css/bootstrap-grid.css.map using pattern *.IVF
         No match for lib/bootstrap/dist/css/bootstrap-grid.css.map using pattern *.lsf
         No match for lib/bootstrap/dist/css/bootstrap-grid.css.map using pattern *.lsx
         No match for lib/bootstrap/dist/css/bootstrap-grid.css.map using pattern *.m1v
         No match for lib/bootstrap/dist/css/bootstrap-grid.css.map using pattern *.m2ts
         No match for lib/bootstrap/dist/css/bootstrap-grid.css.map using pattern *.qt
         No match for lib/bootstrap/dist/css/bootstrap-grid.css.map using pattern *.ts
         No match for lib/bootstrap/dist/css/bootstrap-grid.css.map using pattern *.tts
         No match for lib/bootstrap/dist/css/bootstrap-grid.css.map using pattern *.wm
         No match for lib/bootstrap/dist/css/bootstrap-grid.css.map using pattern *.wmp
         No match for lib/bootstrap/dist/css/bootstrap-grid.css.map using pattern *.wmv
         No match for lib/bootstrap/dist/css/bootstrap-grid.css.map using pattern *.wmx
         No match for lib/bootstrap/dist/css/bootstrap-grid.css.map using pattern *.wtv
         No match for lib/bootstrap/dist/css/bootstrap-grid.css.map using pattern *.wvx
         File C:\Users\user\OneDrive\╨а╨░╨▒╨╛╤З╨╕╨╣ ╤Б╤В╨╛╨╗\regi\WebApplication15\wwwroot\lib\bootstrap\dist\css\bootstrap-grid.css.map exists.
         Adding endpoint lib/bootstrap/dist/css/bootstrap-grid.css.map for asset C:\Users\user\OneDrive\╨а╨░╨▒╨╛╤З╨╕╨╣ ╤Б╤В╨╛╨╗\regi\WebApplication15\wwwroot\lib\bootstrap\dist\css\bootstrap-grid.css.map.
         Adding endpoint lib/bootstrap/dist/css/bootstrap-grid.css.c2jlpeoesf.map for asset C:\Users\user\OneDrive\╨а╨░╨▒╨╛╤З╨╕╨╣ ╤Б╤В╨╛╨╗\regi\WebApplication15\wwwroot\lib\bootstrap\dist\css\bootstrap-grid.css.map.
         No match for lib/bootstrap/dist/css/bootstrap-grid.min.css using pattern *.bmp
         No match for lib/bootstrap/dist/css/bootstrap-grid.min.css using pattern *.jpeg
         No match for lib/bootstrap/dist/css/bootstrap-grid.min.css using pattern *.jpg
         No match for lib/bootstrap/dist/css/bootstrap-grid.min.css using pattern *.gif
         No match for lib/bootstrap/dist/css/bootstrap-grid.min.css using pattern *.svg
         No match for lib/bootstrap/dist/css/bootstrap-grid.min.css using pattern *.png
         No match for lib/bootstrap/dist/css/bootstrap-grid.min.css using pattern *.webp
         No match for lib/bootstrap/dist/css/bootstrap-grid.min.css using pattern *.otf
         No match for lib/bootstrap/dist/css/bootstrap-grid.min.css using pattern *.woff2
         No match for lib/bootstrap/dist/css/bootstrap-grid.min.css using pattern *.m4v
         No match for lib/bootstrap/dist/css/bootstrap-grid.min.css using pattern *.mov
         No match for lib/bootstrap/dist/css/bootstrap-grid.min.css using pattern *.movie
         No match for lib/bootstrap/dist/css/bootstrap-grid.min.css using pattern *.mp2
         No match for lib/bootstrap/dist/css/bootstrap-grid.min.css using pattern *.mp4
         No match for lib/bootstrap/dist/css/bootstrap-grid.min.css using pattern *.mp4v
         No match for lib/bootstrap/dist/css/bootstrap-grid.min.css using pattern *.mpa
         No match for lib/bootstrap/dist/css/bootstrap-grid.min.css using pattern *.mpe
         No match for lib/bootstrap/dist/css/bootstrap-grid.min.css using pattern *.mpeg
         No match for lib/bootstrap/dist/css/bootstrap-grid.min.css using pattern *.mpg
         No match for lib/bootstrap/dist/css/bootstrap-grid.min.css using pattern *.mpv2
         No match for lib/bootstrap/dist/css/bootstrap-grid.min.css using pattern *.nsc
         No match for lib/bootstrap/dist/css/bootstrap-grid.min.css using pattern *.ogg
         No match for lib/bootstrap/dist/css/bootstrap-grid.min.css using pattern *.ogv
         No match for lib/bootstrap/dist/css/bootstrap-grid.min.css using pattern *.webm
         No match for lib/bootstrap/dist/css/bootstrap-grid.min.css using pattern *.art
         No match for lib/bootstrap/dist/css/bootstrap-grid.min.css using pattern *.cmx
         No match for lib/bootstrap/dist/css/bootstrap-grid.min.css using pattern *.cod
         No match for lib/bootstrap/dist/css/bootstrap-grid.min.css using pattern *.dib
         No match for lib/bootstrap/dist/css/bootstrap-grid.min.css using pattern *.ico
         No match for lib/bootstrap/dist/css/bootstrap-grid.min.css using pattern *.ief
         No match for lib/bootstrap/dist/css/bootstrap-grid.min.css using pattern *.jfif
         No match for lib/bootstrap/dist/css/bootstrap-grid.min.css using pattern *.jpe
         No match for lib/bootstrap/dist/css/bootstrap-grid.min.css using pattern *.pbm
         No match for lib/bootstrap/dist/css/bootstrap-grid.min.css using pattern *.pgm
         No match for lib/bootstrap/dist/css/bootstrap-grid.min.css using pattern *.pnm
         No match for lib/bootstrap/dist/css/bootstrap-grid.min.css using pattern *.pnz
         No match for lib/bootstrap/dist/css/bootstrap-grid.min.css using pattern *.ppm
         No match for lib/bootstrap/dist/css/bootstrap-grid.min.css using pattern *.ras
         No match for lib/bootstrap/dist/css/bootstrap-grid.min.css using pattern *.rf
         No match for lib/bootstrap/dist/css/bootstrap-grid.min.css using pattern *.rgb
         No match for lib/bootstrap/dist/css/bootstrap-grid.min.css using pattern *.svgz
         No match for lib/bootstrap/dist/css/bootstrap-grid.min.css using pattern *.tif
         No match for lib/bootstrap/dist/css/bootstrap-grid.min.css using pattern *.tiff
         No match for lib/bootstrap/dist/css/bootstrap-grid.min.css using pattern *.wbmp
         No match for lib/bootstrap/dist/css/bootstrap-grid.min.css using pattern *.xbm
         No match for lib/bootstrap/dist/css/bootstrap-grid.min.css using pattern *.xpm
         No match for lib/bootstrap/dist/css/bootstrap-grid.min.css using pattern *.xwd
         No match for lib/bootstrap/dist/css/bootstrap-grid.min.css using pattern *.3g2
         No match for lib/bootstrap/dist/css/bootstrap-grid.min.css using pattern *.3gp2
         No match for lib/bootstrap/dist/css/bootstrap-grid.min.css using pattern *.3gp
         No match for lib/bootstrap/dist/css/bootstrap-grid.min.css using pattern *.3gpp
         No match for lib/bootstrap/dist/css/bootstrap-grid.min.css using pattern *.asf
         No match for lib/bootstrap/dist/css/bootstrap-grid.min.css using pattern *.asr
         No match for lib/bootstrap/dist/css/bootstrap-grid.min.css using pattern *.asx
         No match for lib/bootstrap/dist/css/bootstrap-grid.min.css using pattern *.avi
         No match for lib/bootstrap/dist/css/bootstrap-grid.min.css using pattern *.dvr
         No match for lib/bootstrap/dist/css/bootstrap-grid.min.css using pattern *.flv
         No match for lib/bootstrap/dist/css/bootstrap-grid.min.css using pattern *.IVF
         No match for lib/bootstrap/dist/css/bootstrap-grid.min.css using pattern *.lsf
         No match for lib/bootstrap/dist/css/bootstrap-grid.min.css using pattern *.lsx
         No match for lib/bootstrap/dist/css/bootstrap-grid.min.css using pattern *.m1v
         No match for lib/bootstrap/dist/css/bootstrap-grid.min.css using pattern *.m2ts
         No match for lib/bootstrap/dist/css/bootstrap-grid.min.css using pattern *.qt
         No match for lib/bootstrap/dist/css/bootstrap-grid.min.css using pattern *.ts
         No match for lib/bootstrap/dist/css/bootstrap-grid.min.css using pattern *.tts
         No match for lib/bootstrap/dist/css/bootstrap-grid.min.css using pattern *.wm
         No match for lib/bootstrap/dist/css/bootstrap-grid.min.css using pattern *.wmp
         No match for lib/bootstrap/dist/css/bootstrap-grid.min.css using pattern *.wmv
         No match for lib/bootstrap/dist/css/bootstrap-grid.min.css using pattern *.wmx
         No match for lib/bootstrap/dist/css/bootstrap-grid.min.css using pattern *.wtv
         No match for lib/bootstrap/dist/css/bootstrap-grid.min.css using pattern *.wvx
         File C:\Users\user\OneDrive\╨а╨░╨▒╨╛╤З╨╕╨╣ ╤Б╤В╨╛╨╗\regi\WebApplication15\wwwroot\lib\bootstrap\dist\css\bootstrap-grid.min.css exists.
         No match for lib/bootstrap/dist/css/bootstrap-grid.min.css using pattern *.bmp
         No match for lib/bootstrap/dist/css/bootstrap-grid.min.css using pattern *.jpeg
         No match for lib/bootstrap/dist/css/bootstrap-grid.min.css using pattern *.jpg
         No match for lib/bootstrap/dist/css/bootstrap-grid.min.css using pattern *.gif
         No match for lib/bootstrap/dist/css/bootstrap-grid.min.css using pattern *.svg
         No match for lib/bootstrap/dist/css/bootstrap-grid.min.css using pattern *.png
         No match for lib/bootstrap/dist/css/bootstrap-grid.min.css using pattern *.webp
         No match for lib/bootstrap/dist/css/bootstrap-grid.min.css using pattern *.otf
         No match for lib/bootstrap/dist/css/bootstrap-grid.min.css using pattern *.woff2
         No match for lib/bootstrap/dist/css/bootstrap-grid.min.css using pattern *.m4v
         No match for lib/bootstrap/dist/css/bootstrap-grid.min.css using pattern *.mov
         No match for lib/bootstrap/dist/css/bootstrap-grid.min.css using pattern *.movie
         No match for lib/bootstrap/dist/css/bootstrap-grid.min.css using pattern *.mp2
         No match for lib/bootstrap/dist/css/bootstrap-grid.min.css using pattern *.mp4
         No match for lib/bootstrap/dist/css/bootstrap-grid.min.css using pattern *.mp4v
         No match for lib/bootstrap/dist/css/bootstrap-grid.min.css using pattern *.mpa
         No match for lib/bootstrap/dist/css/bootstrap-grid.min.css using pattern *.mpe
         No match for lib/bootstrap/dist/css/bootstrap-grid.min.css using pattern *.mpeg
         No match for lib/bootstrap/dist/css/bootstrap-grid.min.css using pattern *.mpg
         No match for lib/bootstrap/dist/css/bootstrap-grid.min.css using pattern *.mpv2
         No match for lib/bootstrap/dist/css/bootstrap-grid.min.css using pattern *.nsc
         No match for lib/bootstrap/dist/css/bootstrap-grid.min.css using pattern *.ogg
         No match for lib/bootstrap/dist/css/bootstrap-grid.min.css using pattern *.ogv
         No match for lib/bootstrap/dist/css/bootstrap-grid.min.css using pattern *.webm
         No match for lib/bootstrap/dist/css/bootstrap-grid.min.css using pattern *.art
         No match for lib/bootstrap/dist/css/bootstrap-grid.min.css using pattern *.cmx
         No match for lib/bootstrap/dist/css/bootstrap-grid.min.css using pattern *.cod
         No match for lib/bootstrap/dist/css/bootstrap-grid.min.css using pattern *.dib
         No match for lib/bootstrap/dist/css/bootstrap-grid.min.css using pattern *.ico
         No match for lib/bootstrap/dist/css/bootstrap-grid.min.css using pattern *.ief
         No match for lib/bootstrap/dist/css/bootstrap-grid.min.css using pattern *.jfif
         No match for lib/bootstrap/dist/css/bootstrap-grid.min.css using pattern *.jpe
         No match for lib/bootstrap/dist/css/bootstrap-grid.min.css using pattern *.pbm
         No match for lib/bootstrap/dist/css/bootstrap-grid.min.css using pattern *.pgm
         No match for lib/bootstrap/dist/css/bootstrap-grid.min.css using pattern *.pnm
         No match for lib/bootstrap/dist/css/bootstrap-grid.min.css using pattern *.pnz
         No match for lib/bootstrap/dist/css/bootstrap-grid.min.css using pattern *.ppm
         No match for lib/bootstrap/dist/css/bootstrap-grid.min.css using pattern *.ras
         No match for lib/bootstrap/dist/css/bootstrap-grid.min.css using pattern *.rf
         No match for lib/bootstrap/dist/css/bootstrap-grid.min.css using pattern *.rgb
         No match for lib/bootstrap/dist/css/bootstrap-grid.min.css using pattern *.svgz
         No match for lib/bootstrap/dist/css/bootstrap-grid.min.css using pattern *.tif
         No match for lib/bootstrap/dist/css/bootstrap-grid.min.css using pattern *.tiff
         No match for lib/bootstrap/dist/css/bootstrap-grid.min.css using pattern *.wbmp
         No match for lib/bootstrap/dist/css/bootstrap-grid.min.css using pattern *.xbm
         No match for lib/bootstrap/dist/css/bootstrap-grid.min.css using pattern *.xpm
         No match for lib/bootstrap/dist/css/bootstrap-grid.min.css using pattern *.xwd
         No match for lib/bootstrap/dist/css/bootstrap-grid.min.css using pattern *.3g2
         No match for lib/bootstrap/dist/css/bootstrap-grid.min.css using pattern *.3gp2
         No match for lib/bootstrap/dist/css/bootstrap-grid.min.css using pattern *.3gp
         No match for lib/bootstrap/dist/css/bootstrap-grid.min.css using pattern *.3gpp
         No match for lib/bootstrap/dist/css/bootstrap-grid.min.css using pattern *.asf
         No match for lib/bootstrap/dist/css/bootstrap-grid.min.css using pattern *.asr
         No match for lib/bootstrap/dist/css/bootstrap-grid.min.css using pattern *.asx
         No match for lib/bootstrap/dist/css/bootstrap-grid.min.css using pattern *.avi
         No match for lib/bootstrap/dist/css/bootstrap-grid.min.css using pattern *.dvr
         No match for lib/bootstrap/dist/css/bootstrap-grid.min.css using pattern *.flv
         No match for lib/bootstrap/dist/css/bootstrap-grid.min.css using pattern *.IVF
         No match for lib/bootstrap/dist/css/bootstrap-grid.min.css using pattern *.lsf
         No match for lib/bootstrap/dist/css/bootstrap-grid.min.css using pattern *.lsx
         No match for lib/bootstrap/dist/css/bootstrap-grid.min.css using pattern *.m1v
         No match for lib/bootstrap/dist/css/bootstrap-grid.min.css using pattern *.m2ts
         No match for lib/bootstrap/dist/css/bootstrap-grid.min.css using pattern *.qt
         No match for lib/bootstrap/dist/css/bootstrap-grid.min.css using pattern *.ts
         No match for lib/bootstrap/dist/css/bootstrap-grid.min.css using pattern *.tts
         No match for lib/bootstrap/dist/css/bootstrap-grid.min.css using pattern *.wm
         No match for lib/bootstrap/dist/css/bootstrap-grid.min.css using pattern *.wmp
         No match for lib/bootstrap/dist/css/bootstrap-grid.min.css using pattern *.wmv
         No match for lib/bootstrap/dist/css/bootstrap-grid.min.css using pattern *.wmx
         No match for lib/bootstrap/dist/css/bootstrap-grid.min.css using pattern *.wtv
         No match for lib/bootstrap/dist/css/bootstrap-grid.min.css using pattern *.wvx
         File C:\Users\user\OneDrive\╨а╨░╨▒╨╛╤З╨╕╨╣ ╤Б╤В╨╛╨╗\regi\WebApplication15\wwwroot\lib\bootstrap\dist\css\bootstrap-grid.min.css exists.
         Adding endpoint lib/bootstrap/dist/css/bootstrap-grid.min.css for asset C:\Users\user\OneDrive\╨а╨░╨▒╨╛╤З╨╕╨╣ ╤Б╤В╨╛╨╗\regi\WebApplication15\wwwroot\lib\bootstrap\dist\css\bootstrap-grid.min.css.
         Adding endpoint lib/bootstrap/dist/css/bootstrap-grid.min.erw9l3u2r3.css for asset C:\Users\user\OneDrive\╨а╨░╨▒╨╛╤З╨╕╨╣ ╤Б╤В╨╛╨╗\regi\WebApplication15\wwwroot\lib\bootstrap\dist\css\bootstrap-grid.min.css.
         No match for lib/bootstrap/dist/css/bootstrap-grid.min.css.map using pattern *.bmp
         No match for lib/bootstrap/dist/css/bootstrap-grid.min.css.map using pattern *.jpeg
         No match for lib/bootstrap/dist/css/bootstrap-grid.min.css.map using pattern *.jpg
         No match for lib/bootstrap/dist/css/bootstrap-grid.min.css.map using pattern *.gif
         No match for lib/bootstrap/dist/css/bootstrap-grid.min.css.map using pattern *.svg
         No match for lib/bootstrap/dist/css/bootstrap-grid.min.css.map using pattern *.png
         No match for lib/bootstrap/dist/css/bootstrap-grid.min.css.map using pattern *.webp
         No match for lib/bootstrap/dist/css/bootstrap-grid.min.css.map using pattern *.otf
         No match for lib/bootstrap/dist/css/bootstrap-grid.min.css.map using pattern *.woff2
         No match for lib/bootstrap/dist/css/bootstrap-grid.min.css.map using pattern *.m4v
         No match for lib/bootstrap/dist/css/bootstrap-grid.min.css.map using pattern *.mov
         No match for lib/bootstrap/dist/css/bootstrap-grid.min.css.map using pattern *.movie
         No match for lib/bootstrap/dist/css/bootstrap-grid.min.css.map using pattern *.mp2
         No match for lib/bootstrap/dist/css/bootstrap-grid.min.css.map using pattern *.mp4
         No match for lib/bootstrap/dist/css/bootstrap-grid.min.css.map using pattern *.mp4v
         No match for lib/bootstrap/dist/css/bootstrap-grid.min.css.map using pattern *.mpa
         No match for lib/bootstrap/dist/css/bootstrap-grid.min.css.map using pattern *.mpe
         No match for lib/bootstrap/dist/css/bootstrap-grid.min.css.map using pattern *.mpeg
         No match for lib/bootstrap/dist/css/bootstrap-grid.min.css.map using pattern *.mpg
         No match for lib/bootstrap/dist/css/bootstrap-grid.min.css.map using pattern *.mpv2
         No match for lib/bootstrap/dist/css/bootstrap-grid.min.css.map using pattern *.nsc
         No match for lib/bootstrap/dist/css/bootstrap-grid.min.css.map using pattern *.ogg
         No match for lib/bootstrap/dist/css/bootstrap-grid.min.css.map using pattern *.ogv
         No match for lib/bootstrap/dist/css/bootstrap-grid.min.css.map using pattern *.webm
         No match for lib/bootstrap/dist/css/bootstrap-grid.min.css.map using pattern *.art
         No match for lib/bootstrap/dist/css/bootstrap-grid.min.css.map using pattern *.cmx
         No match for lib/bootstrap/dist/css/bootstrap-grid.min.css.map using pattern *.cod
         No match for lib/bootstrap/dist/css/bootstrap-grid.min.css.map using pattern *.dib
         No match for lib/bootstrap/dist/css/bootstrap-grid.min.css.map using pattern *.ico
         No match for lib/bootstrap/dist/css/bootstrap-grid.min.css.map using pattern *.ief
         No match for lib/bootstrap/dist/css/bootstrap-grid.min.css.map using pattern *.jfif
         No match for lib/bootstrap/dist/css/bootstrap-grid.min.css.map using pattern *.jpe
         No match for lib/bootstrap/dist/css/bootstrap-grid.min.css.map using pattern *.pbm
         No match for lib/bootstrap/dist/css/bootstrap-grid.min.css.map using pattern *.pgm
         No match for lib/bootstrap/dist/css/bootstrap-grid.min.css.map using pattern *.pnm
         No match for lib/bootstrap/dist/css/bootstrap-grid.min.css.map using pattern *.pnz
         No match for lib/bootstrap/dist/css/bootstrap-grid.min.css.map using pattern *.ppm
         No match for lib/bootstrap/dist/css/bootstrap-grid.min.css.map using pattern *.ras
         No match for lib/bootstrap/dist/css/bootstrap-grid.min.css.map using pattern *.rf
         No match for lib/bootstrap/dist/css/bootstrap-grid.min.css.map using pattern *.rgb
         No match for lib/bootstrap/dist/css/bootstrap-grid.min.css.map using pattern *.svgz
         No match for lib/bootstrap/dist/css/bootstrap-grid.min.css.map using pattern *.tif
         No match for lib/bootstrap/dist/css/bootstrap-grid.min.css.map using pattern *.tiff
         No match for lib/bootstrap/dist/css/bootstrap-grid.min.css.map using pattern *.wbmp
         No match for lib/bootstrap/dist/css/bootstrap-grid.min.css.map using pattern *.xbm
         No match for lib/bootstrap/dist/css/bootstrap-grid.min.css.map using pattern *.xpm
         No match for lib/bootstrap/dist/css/bootstrap-grid.min.css.map using pattern *.xwd
         No match for lib/bootstrap/dist/css/bootstrap-grid.min.css.map using pattern *.3g2
         No match for lib/bootstrap/dist/css/bootstrap-grid.min.css.map using pattern *.3gp2
         No match for lib/bootstrap/dist/css/bootstrap-grid.min.css.map using pattern *.3gp
         No match for lib/bootstrap/dist/css/bootstrap-grid.min.css.map using pattern *.3gpp
         No match for lib/bootstrap/dist/css/bootstrap-grid.min.css.map using pattern *.asf
         No match for lib/bootstrap/dist/css/bootstrap-grid.min.css.map using pattern *.asr
         No match for lib/bootstrap/dist/css/bootstrap-grid.min.css.map using pattern *.asx
         No match for lib/bootstrap/dist/css/bootstrap-grid.min.css.map using pattern *.avi
         No match for lib/bootstrap/dist/css/bootstrap-grid.min.css.map using pattern *.dvr
         No match for lib/bootstrap/dist/css/bootstrap-grid.min.css.map using pattern *.flv
         No match for lib/bootstrap/dist/css/bootstrap-grid.min.css.map using pattern *.IVF
         No match for lib/bootstrap/dist/css/bootstrap-grid.min.css.map using pattern *.lsf
         No match for lib/bootstrap/dist/css/bootstrap-grid.min.css.map using pattern *.lsx
         No match for lib/bootstrap/dist/css/bootstrap-grid.min.css.map using pattern *.m1v
         No match for lib/bootstrap/dist/css/bootstrap-grid.min.css.map using pattern *.m2ts
         No match for lib/bootstrap/dist/css/bootstrap-grid.min.css.map using pattern *.qt
         No match for lib/bootstrap/dist/css/bootstrap-grid.min.css.map using pattern *.ts
         No match for lib/bootstrap/dist/css/bootstrap-grid.min.css.map using pattern *.tts
         No match for lib/bootstrap/dist/css/bootstrap-grid.min.css.map using pattern *.wm
         No match for lib/bootstrap/dist/css/bootstrap-grid.min.css.map using pattern *.wmp
         No match for lib/bootstrap/dist/css/bootstrap-grid.min.css.map using pattern *.wmv
         No match for lib/bootstrap/dist/css/bootstrap-grid.min.css.map using pattern *.wmx
         No match for lib/bootstrap/dist/css/bootstrap-grid.min.css.map using pattern *.wtv
         No match for lib/bootstrap/dist/css/bootstrap-grid.min.css.map using pattern *.wvx
         File C:\Users\user\OneDrive\╨а╨░╨▒╨╛╤З╨╕╨╣ ╤Б╤В╨╛╨╗\regi\WebApplication15\wwwroot\lib\bootstrap\dist\css\bootstrap-grid.min.css.map exists.
         No match for lib/bootstrap/dist/css/bootstrap-grid.min.css.map using pattern *.bmp
         No match for lib/bootstrap/dist/css/bootstrap-grid.min.css.map using pattern *.jpeg
         No match for lib/bootstrap/dist/css/bootstrap-grid.min.css.map using pattern *.jpg
         No match for lib/bootstrap/dist/css/bootstrap-grid.min.css.map using pattern *.gif
         No match for lib/bootstrap/dist/css/bootstrap-grid.min.css.map using pattern *.svg
         No match for lib/bootstrap/dist/css/bootstrap-grid.min.css.map using pattern *.png
         No match for lib/bootstrap/dist/css/bootstrap-grid.min.css.map using pattern *.webp
         No match for lib/bootstrap/dist/css/bootstrap-grid.min.css.map using pattern *.otf
         No match for lib/bootstrap/dist/css/bootstrap-grid.min.css.map using pattern *.woff2
         No match for lib/bootstrap/dist/css/bootstrap-grid.min.css.map using pattern *.m4v
         No match for lib/bootstrap/dist/css/bootstrap-grid.min.css.map using pattern *.mov
         No match for lib/bootstrap/dist/css/bootstrap-grid.min.css.map using pattern *.movie
         No match for lib/bootstrap/dist/css/bootstrap-grid.min.css.map using pattern *.mp2
         No match for lib/bootstrap/dist/css/bootstrap-grid.min.css.map using pattern *.mp4
         No match for lib/bootstrap/dist/css/bootstrap-grid.min.css.map using pattern *.mp4v
         No match for lib/bootstrap/dist/css/bootstrap-grid.min.css.map using pattern *.mpa
         No match for lib/bootstrap/dist/css/bootstrap-grid.min.css.map using pattern *.mpe
         No match for lib/bootstrap/dist/css/bootstrap-grid.min.css.map using pattern *.mpeg
         No match for lib/bootstrap/dist/css/bootstrap-grid.min.css.map using pattern *.mpg
         No match for lib/bootstrap/dist/css/bootstrap-grid.min.css.map using pattern *.mpv2
         No match for lib/bootstrap/dist/css/bootstrap-grid.min.css.map using pattern *.nsc
         No match for lib/bootstrap/dist/css/bootstrap-grid.min.css.map using pattern *.ogg
         No match for lib/bootstrap/dist/css/bootstrap-grid.min.css.map using pattern *.ogv
         No match for lib/bootstrap/dist/css/bootstrap-grid.min.css.map using pattern *.webm
         No match for lib/bootstrap/dist/css/bootstrap-grid.min.css.map using pattern *.art
         No match for lib/bootstrap/dist/css/bootstrap-grid.min.css.map using pattern *.cmx
         No match for lib/bootstrap/dist/css/bootstrap-grid.min.css.map using pattern *.cod
         No match for lib/bootstrap/dist/css/bootstrap-grid.min.css.map using pattern *.dib
         No match for lib/bootstrap/dist/css/bootstrap-grid.min.css.map using pattern *.ico
         No match for lib/bootstrap/dist/css/bootstrap-grid.min.css.map using pattern *.ief
         No match for lib/bootstrap/dist/css/bootstrap-grid.min.css.map using pattern *.jfif
         No match for lib/bootstrap/dist/css/bootstrap-grid.min.css.map using pattern *.jpe
         No match for lib/bootstrap/dist/css/bootstrap-grid.min.css.map using pattern *.pbm
         No match for lib/bootstrap/dist/css/bootstrap-grid.min.css.map using pattern *.pgm
         No match for lib/bootstrap/dist/css/bootstrap-grid.min.css.map using pattern *.pnm
         No match for lib/bootstrap/dist/css/bootstrap-grid.min.css.map using pattern *.pnz
         No match for lib/bootstrap/dist/css/bootstrap-grid.min.css.map using pattern *.ppm
         No match for lib/bootstrap/dist/css/bootstrap-grid.min.css.map using pattern *.ras
         No match for lib/bootstrap/dist/css/bootstrap-grid.min.css.map using pattern *.rf
         No match for lib/bootstrap/dist/css/bootstrap-grid.min.css.map using pattern *.rgb
         No match for lib/bootstrap/dist/css/bootstrap-grid.min.css.map using pattern *.svgz
         No match for lib/bootstrap/dist/css/bootstrap-grid.min.css.map using pattern *.tif
         No match for lib/bootstrap/dist/css/bootstrap-grid.min.css.map using pattern *.tiff
         No match for lib/bootstrap/dist/css/bootstrap-grid.min.css.map using pattern *.wbmp
         No match for lib/bootstrap/dist/css/bootstrap-grid.min.css.map using pattern *.xbm
         No match for lib/bootstrap/dist/css/bootstrap-grid.min.css.map using pattern *.xpm
         No match for lib/bootstrap/dist/css/bootstrap-grid.min.css.map using pattern *.xwd
         No match for lib/bootstrap/dist/css/bootstrap-grid.min.css.map using pattern *.3g2
         No match for lib/bootstrap/dist/css/bootstrap-grid.min.css.map using pattern *.3gp2
         No match for lib/bootstrap/dist/css/bootstrap-grid.min.css.map using pattern *.3gp
         No match for lib/bootstrap/dist/css/bootstrap-grid.min.css.map using pattern *.3gpp
         No match for lib/bootstrap/dist/css/bootstrap-grid.min.css.map using pattern *.asf
         No match for lib/bootstrap/dist/css/bootstrap-grid.min.css.map using pattern *.asr
         No match for lib/bootstrap/dist/css/bootstrap-grid.min.css.map using pattern *.asx
         No match for lib/bootstrap/dist/css/bootstrap-grid.min.css.map using pattern *.avi
         No match for lib/bootstrap/dist/css/bootstrap-grid.min.css.map using pattern *.dvr
         No match for lib/bootstrap/dist/css/bootstrap-grid.min.css.map using pattern *.flv
         No match for lib/bootstrap/dist/css/bootstrap-grid.min.css.map using pattern *.IVF
         No match for lib/bootstrap/dist/css/bootstrap-grid.min.css.map using pattern *.lsf
         No match for lib/bootstrap/dist/css/bootstrap-grid.min.css.map using pattern *.lsx
         No match for lib/bootstrap/dist/css/bootstrap-grid.min.css.map using pattern *.m1v
         No match for lib/bootstrap/dist/css/bootstrap-grid.min.css.map using pattern *.m2ts
         No match for lib/bootstrap/dist/css/bootstrap-grid.min.css.map using pattern *.qt
         No match for lib/bootstrap/dist/css/bootstrap-grid.min.css.map using pattern *.ts
         No match for lib/bootstrap/dist/css/bootstrap-grid.min.css.map using pattern *.tts
         No match for lib/bootstrap/dist/css/bootstrap-grid.min.css.map using pattern *.wm
         No match for lib/bootstrap/dist/css/bootstrap-grid.min.css.map using pattern *.wmp
         No match for lib/bootstrap/dist/css/bootstrap-grid.min.css.map using pattern *.wmv
         No match for lib/bootstrap/dist/css/bootstrap-grid.min.css.map using pattern *.wmx
         No match for lib/bootstrap/dist/css/bootstrap-grid.min.css.map using pattern *.wtv
         No match for lib/bootstrap/dist/css/bootstrap-grid.min.css.map using pattern *.wvx
         File C:\Users\user\OneDrive\╨а╨░╨▒╨╛╤З╨╕╨╣ ╤Б╤В╨╛╨╗\regi\WebApplication15\wwwroot\lib\bootstrap\dist\css\bootstrap-grid.min.css.map exists.
         Adding endpoint lib/bootstrap/dist/css/bootstrap-grid.min.css.map for asset C:\Users\user\OneDrive\╨а╨░╨▒╨╛╤З╨╕╨╣ ╤Б╤В╨╛╨╗\regi\WebApplication15\wwwroot\lib\bootstrap\dist\css\bootstrap-grid.min.css.map.
         Adding endpoint lib/bootstrap/dist/css/bootstrap-grid.min.css.aexeepp0ev.map for asset C:\Users\user\OneDrive\╨а╨░╨▒╨╛╤З╨╕╨╣ ╤Б╤В╨╛╨╗\regi\WebApplication15\wwwroot\lib\bootstrap\dist\css\bootstrap-grid.min.css.map.
         No match for lib/bootstrap/dist/css/bootstrap-grid.rtl.css using pattern *.bmp
         No match for lib/bootstrap/dist/css/bootstrap-grid.rtl.css using pattern *.jpeg
         No match for lib/bootstrap/dist/css/bootstrap-grid.rtl.css using pattern *.jpg
         No match for lib/bootstrap/dist/css/bootstrap-grid.rtl.css using pattern *.gif
         No match for lib/bootstrap/dist/css/bootstrap-grid.rtl.css using pattern *.svg
         No match for lib/bootstrap/dist/css/bootstrap-grid.rtl.css using pattern *.png
         No match for lib/bootstrap/dist/css/bootstrap-grid.rtl.css using pattern *.webp
         No match for lib/bootstrap/dist/css/bootstrap-grid.rtl.css using pattern *.otf
         No match for lib/bootstrap/dist/css/bootstrap-grid.rtl.css using pattern *.woff2
         No match for lib/bootstrap/dist/css/bootstrap-grid.rtl.css using pattern *.m4v
         No match for lib/bootstrap/dist/css/bootstrap-grid.rtl.css using pattern *.mov
         No match for lib/bootstrap/dist/css/bootstrap-grid.rtl.css using pattern *.movie
         No match for lib/bootstrap/dist/css/bootstrap-grid.rtl.css using pattern *.mp2
         No match for lib/bootstrap/dist/css/bootstrap-grid.rtl.css using pattern *.mp4
         No match for lib/bootstrap/dist/css/bootstrap-grid.rtl.css using pattern *.mp4v
         No match for lib/bootstrap/dist/css/bootstrap-grid.rtl.css using pattern *.mpa
         No match for lib/bootstrap/dist/css/bootstrap-grid.rtl.css using pattern *.mpe
         No match for lib/bootstrap/dist/css/bootstrap-grid.rtl.css using pattern *.mpeg
         No match for lib/bootstrap/dist/css/bootstrap-grid.rtl.css using pattern *.mpg
         No match for lib/bootstrap/dist/css/bootstrap-grid.rtl.css using pattern *.mpv2
         No match for lib/bootstrap/dist/css/bootstrap-grid.rtl.css using pattern *.nsc
         No match for lib/bootstrap/dist/css/bootstrap-grid.rtl.css using pattern *.ogg
         No match for lib/bootstrap/dist/css/bootstrap-grid.rtl.css using pattern *.ogv
         No match for lib/bootstrap/dist/css/bootstrap-grid.rtl.css using pattern *.webm
         No match for lib/bootstrap/dist/css/bootstrap-grid.rtl.css using pattern *.art
         No match for lib/bootstrap/dist/css/bootstrap-grid.rtl.css using pattern *.cmx
         No match for lib/bootstrap/dist/css/bootstrap-grid.rtl.css using pattern *.cod
         No match for lib/bootstrap/dist/css/bootstrap-grid.rtl.css using pattern *.dib
         No match for lib/bootstrap/dist/css/bootstrap-grid.rtl.css using pattern *.ico
         No match for lib/bootstrap/dist/css/bootstrap-grid.rtl.css using pattern *.ief
         No match for lib/bootstrap/dist/css/bootstrap-grid.rtl.css using pattern *.jfif
         No match for lib/bootstrap/dist/css/bootstrap-grid.rtl.css using pattern *.jpe
         No match for lib/bootstrap/dist/css/bootstrap-grid.rtl.css using pattern *.pbm
         No match for lib/bootstrap/dist/css/bootstrap-grid.rtl.css using pattern *.pgm
         No match for lib/bootstrap/dist/css/bootstrap-grid.rtl.css using pattern *.pnm
         No match for lib/bootstrap/dist/css/bootstrap-grid.rtl.css using pattern *.pnz
         No match for lib/bootstrap/dist/css/bootstrap-grid.rtl.css using pattern *.ppm
         No match for lib/bootstrap/dist/css/bootstrap-grid.rtl.css using pattern *.ras
         No match for lib/bootstrap/dist/css/bootstrap-grid.rtl.css using pattern *.rf
         No match for lib/bootstrap/dist/css/bootstrap-grid.rtl.css using pattern *.rgb
         No match for lib/bootstrap/dist/css/bootstrap-grid.rtl.css using pattern *.svgz
         No match for lib/bootstrap/dist/css/bootstrap-grid.rtl.css using pattern *.tif
         No match for lib/bootstrap/dist/css/bootstrap-grid.rtl.css using pattern *.tiff
         No match for lib/bootstrap/dist/css/bootstrap-grid.rtl.css using pattern *.wbmp
         No match for lib/bootstrap/dist/css/bootstrap-grid.rtl.css using pattern *.xbm
         No match for lib/bootstrap/dist/css/bootstrap-grid.rtl.css using pattern *.xpm
         No match for lib/bootstrap/dist/css/bootstrap-grid.rtl.css using pattern *.xwd
         No match for lib/bootstrap/dist/css/bootstrap-grid.rtl.css using pattern *.3g2
         No match for lib/bootstrap/dist/css/bootstrap-grid.rtl.css using pattern *.3gp2
         No match for lib/bootstrap/dist/css/bootstrap-grid.rtl.css using pattern *.3gp
         No match for lib/bootstrap/dist/css/bootstrap-grid.rtl.css using pattern *.3gpp
         No match for lib/bootstrap/dist/css/bootstrap-grid.rtl.css using pattern *.asf
         No match for lib/bootstrap/dist/css/bootstrap-grid.rtl.css using pattern *.asr
         No match for lib/bootstrap/dist/css/bootstrap-grid.rtl.css using pattern *.asx
         No match for lib/bootstrap/dist/css/bootstrap-grid.rtl.css using pattern *.avi
         No match for lib/bootstrap/dist/css/bootstrap-grid.rtl.css using pattern *.dvr
         No match for lib/bootstrap/dist/css/bootstrap-grid.rtl.css using pattern *.flv
         No match for lib/bootstrap/dist/css/bootstrap-grid.rtl.css using pattern *.IVF
         No match for lib/bootstrap/dist/css/bootstrap-grid.rtl.css using pattern *.lsf
         No match for lib/bootstrap/dist/css/bootstrap-grid.rtl.css using pattern *.lsx
         No match for lib/bootstrap/dist/css/bootstrap-grid.rtl.css using pattern *.m1v
         No match for lib/bootstrap/dist/css/bootstrap-grid.rtl.css using pattern *.m2ts
         No match for lib/bootstrap/dist/css/bootstrap-grid.rtl.css using pattern *.qt
         No match for lib/bootstrap/dist/css/bootstrap-grid.rtl.css using pattern *.ts
         No match for lib/bootstrap/dist/css/bootstrap-grid.rtl.css using pattern *.tts
         No match for lib/bootstrap/dist/css/bootstrap-grid.rtl.css using pattern *.wm
         No match for lib/bootstrap/dist/css/bootstrap-grid.rtl.css using pattern *.wmp
         No match for lib/bootstrap/dist/css/bootstrap-grid.rtl.css using pattern *.wmv
         No match for lib/bootstrap/dist/css/bootstrap-grid.rtl.css using pattern *.wmx
         No match for lib/bootstrap/dist/css/bootstrap-grid.rtl.css using pattern *.wtv
         No match for lib/bootstrap/dist/css/bootstrap-grid.rtl.css using pattern *.wvx
         File C:\Users\user\OneDrive\╨а╨░╨▒╨╛╤З╨╕╨╣ ╤Б╤В╨╛╨╗\regi\WebApplication15\wwwroot\lib\bootstrap\dist\css\bootstrap-grid.rtl.css exists.
         No match for lib/bootstrap/dist/css/bootstrap-grid.rtl.css using pattern *.bmp
         No match for lib/bootstrap/dist/css/bootstrap-grid.rtl.css using pattern *.jpeg
         No match for lib/bootstrap/dist/css/bootstrap-grid.rtl.css using pattern *.jpg
         No match for lib/bootstrap/dist/css/bootstrap-grid.rtl.css using pattern *.gif
         No match for lib/bootstrap/dist/css/bootstrap-grid.rtl.css using pattern *.svg
         No match for lib/bootstrap/dist/css/bootstrap-grid.rtl.css using pattern *.png
         No match for lib/bootstrap/dist/css/bootstrap-grid.rtl.css using pattern *.webp
         No match for lib/bootstrap/dist/css/bootstrap-grid.rtl.css using pattern *.otf
         No match for lib/bootstrap/dist/css/bootstrap-grid.rtl.css using pattern *.woff2
         No match for lib/bootstrap/dist/css/bootstrap-grid.rtl.css using pattern *.m4v
         No match for lib/bootstrap/dist/css/bootstrap-grid.rtl.css using pattern *.mov
         No match for lib/bootstrap/dist/css/bootstrap-grid.rtl.css using pattern *.movie
         No match for lib/bootstrap/dist/css/bootstrap-grid.rtl.css using pattern *.mp2
         No match for lib/bootstrap/dist/css/bootstrap-grid.rtl.css using pattern *.mp4
         No match for lib/bootstrap/dist/css/bootstrap-grid.rtl.css using pattern *.mp4v
         No match for lib/bootstrap/dist/css/bootstrap-grid.rtl.css using pattern *.mpa
         No match for lib/bootstrap/dist/css/bootstrap-grid.rtl.css using pattern *.mpe
         No match for lib/bootstrap/dist/css/bootstrap-grid.rtl.css using pattern *.mpeg
         No match for lib/bootstrap/dist/css/bootstrap-grid.rtl.css using pattern *.mpg
         No match for lib/bootstrap/dist/css/bootstrap-grid.rtl.css using pattern *.mpv2
         No match for lib/bootstrap/dist/css/bootstrap-grid.rtl.css using pattern *.nsc
         No match for lib/bootstrap/dist/css/bootstrap-grid.rtl.css using pattern *.ogg
         No match for lib/bootstrap/dist/css/bootstrap-grid.rtl.css using pattern *.ogv
         No match for lib/bootstrap/dist/css/bootstrap-grid.rtl.css using pattern *.webm
         No match for lib/bootstrap/dist/css/bootstrap-grid.rtl.css using pattern *.art
         No match for lib/bootstrap/dist/css/bootstrap-grid.rtl.css using pattern *.cmx
         No match for lib/bootstrap/dist/css/bootstrap-grid.rtl.css using pattern *.cod
         No match for lib/bootstrap/dist/css/bootstrap-grid.rtl.css using pattern *.dib
         No match for lib/bootstrap/dist/css/bootstrap-grid.rtl.css using pattern *.ico
         No match for lib/bootstrap/dist/css/bootstrap-grid.rtl.css using pattern *.ief
         No match for lib/bootstrap/dist/css/bootstrap-grid.rtl.css using pattern *.jfif
         No match for lib/bootstrap/dist/css/bootstrap-grid.rtl.css using pattern *.jpe
         No match for lib/bootstrap/dist/css/bootstrap-grid.rtl.css using pattern *.pbm
         No match for lib/bootstrap/dist/css/bootstrap-grid.rtl.css using pattern *.pgm
         No match for lib/bootstrap/dist/css/bootstrap-grid.rtl.css using pattern *.pnm
         No match for lib/bootstrap/dist/css/bootstrap-grid.rtl.css using pattern *.pnz
         No match for lib/bootstrap/dist/css/bootstrap-grid.rtl.css using pattern *.ppm
         No match for lib/bootstrap/dist/css/bootstrap-grid.rtl.css using pattern *.ras
         No match for lib/bootstrap/dist/css/bootstrap-grid.rtl.css using pattern *.rf
         No match for lib/bootstrap/dist/css/bootstrap-grid.rtl.css using pattern *.rgb
         No match for lib/bootstrap/dist/css/bootstrap-grid.rtl.css using pattern *.svgz
         No match for lib/bootstrap/dist/css/bootstrap-grid.rtl.css using pattern *.tif
         No match for lib/bootstrap/dist/css/bootstrap-grid.rtl.css using pattern *.tiff
         No match for lib/bootstrap/dist/css/bootstrap-grid.rtl.css using pattern *.wbmp
         No match for lib/bootstrap/dist/css/bootstrap-grid.rtl.css using pattern *.xbm
         No match for lib/bootstrap/dist/css/bootstrap-grid.rtl.css using pattern *.xpm
         No match for lib/bootstrap/dist/css/bootstrap-grid.rtl.css using pattern *.xwd
         No match for lib/bootstrap/dist/css/bootstrap-grid.rtl.css using pattern *.3g2
         No match for lib/bootstrap/dist/css/bootstrap-grid.rtl.css using pattern *.3gp2
         No match for lib/bootstrap/dist/css/bootstrap-grid.rtl.css using pattern *.3gp
         No match for lib/bootstrap/dist/css/bootstrap-grid.rtl.css using pattern *.3gpp
         No match for lib/bootstrap/dist/css/bootstrap-grid.rtl.css using pattern *.asf
         No match for lib/bootstrap/dist/css/bootstrap-grid.rtl.css using pattern *.asr
         No match for lib/bootstrap/dist/css/bootstrap-grid.rtl.css using pattern *.asx
         No match for lib/bootstrap/dist/css/bootstrap-grid.rtl.css using pattern *.avi
         No match for lib/bootstrap/dist/css/bootstrap-grid.rtl.css using pattern *.dvr
         No match for lib/bootstrap/dist/css/bootstrap-grid.rtl.css using pattern *.flv
         No match for lib/bootstrap/dist/css/bootstrap-grid.rtl.css using pattern *.IVF
         No match for lib/bootstrap/dist/css/bootstrap-grid.rtl.css using pattern *.lsf
         No match for lib/bootstrap/dist/css/bootstrap-grid.rtl.css using pattern *.lsx
         No match for lib/bootstrap/dist/css/bootstrap-grid.rtl.css using pattern *.m1v
         No match for lib/bootstrap/dist/css/bootstrap-grid.rtl.css using pattern *.m2ts
         No match for lib/bootstrap/dist/css/bootstrap-grid.rtl.css using pattern *.qt
         No match for lib/bootstrap/dist/css/bootstrap-grid.rtl.css using pattern *.ts
         No match for lib/bootstrap/dist/css/bootstrap-grid.rtl.css using pattern *.tts
         No match for lib/bootstrap/dist/css/bootstrap-grid.rtl.css using pattern *.wm
         No match for lib/bootstrap/dist/css/bootstrap-grid.rtl.css using pattern *.wmp
         No match for lib/bootstrap/dist/css/bootstrap-grid.rtl.css using pattern *.wmv
         No match for lib/bootstrap/dist/css/bootstrap-grid.rtl.css using pattern *.wmx
         No match for lib/bootstrap/dist/css/bootstrap-grid.rtl.css using pattern *.wtv
         No match for lib/bootstrap/dist/css/bootstrap-grid.rtl.css using pattern *.wvx
         File C:\Users\user\OneDrive\╨а╨░╨▒╨╛╤З╨╕╨╣ ╤Б╤В╨╛╨╗\regi\WebApplication15\wwwroot\lib\bootstrap\dist\css\bootstrap-grid.rtl.css exists.
         Adding endpoint lib/bootstrap/dist/css/bootstrap-grid.rtl.css for asset C:\Users\user\OneDrive\╨а╨░╨▒╨╛╤З╨╕╨╣ ╤Б╤В╨╛╨╗\regi\WebApplication15\wwwroot\lib\bootstrap\dist\css\bootstrap-grid.rtl.css.
         Adding endpoint lib/bootstrap/dist/css/bootstrap-grid.rtl.d7shbmvgxk.css for asset C:\Users\user\OneDrive\╨а╨░╨▒╨╛╤З╨╕╨╣ ╤Б╤В╨╛╨╗\regi\WebApplication15\wwwroot\lib\bootstrap\dist\css\bootstrap-grid.rtl.css.
         No match for lib/bootstrap/dist/css/bootstrap-grid.rtl.css.map using pattern *.bmp
         No match for lib/bootstrap/dist/css/bootstrap-grid.rtl.css.map using pattern *.jpeg
         No match for lib/bootstrap/dist/css/bootstrap-grid.rtl.css.map using pattern *.jpg
         No match for lib/bootstrap/dist/css/bootstrap-grid.rtl.css.map using pattern *.gif
         No match for lib/bootstrap/dist/css/bootstrap-grid.rtl.css.map using pattern *.svg
         No match for lib/bootstrap/dist/css/bootstrap-grid.rtl.css.map using pattern *.png
         No match for lib/bootstrap/dist/css/bootstrap-grid.rtl.css.map using pattern *.webp
         No match for lib/bootstrap/dist/css/bootstrap-grid.rtl.css.map using pattern *.otf
         No match for lib/bootstrap/dist/css/bootstrap-grid.rtl.css.map using pattern *.woff2
         No match for lib/bootstrap/dist/css/bootstrap-grid.rtl.css.map using pattern *.m4v
         No match for lib/bootstrap/dist/css/bootstrap-grid.rtl.css.map using pattern *.mov
         No match for lib/bootstrap/dist/css/bootstrap-grid.rtl.css.map using pattern *.movie
         No match for lib/bootstrap/dist/css/bootstrap-grid.rtl.css.map using pattern *.mp2
         No match for lib/bootstrap/dist/css/bootstrap-grid.rtl.css.map using pattern *.mp4
         No match for lib/bootstrap/dist/css/bootstrap-grid.rtl.css.map using pattern *.mp4v
         No match for lib/bootstrap/dist/css/bootstrap-grid.rtl.css.map using pattern *.mpa
         No match for lib/bootstrap/dist/css/bootstrap-grid.rtl.css.map using pattern *.mpe
         No match for lib/bootstrap/dist/css/bootstrap-grid.rtl.css.map using pattern *.mpeg
         No match for lib/bootstrap/dist/css/bootstrap-grid.rtl.css.map using pattern *.mpg
         No match for lib/bootstrap/dist/css/bootstrap-grid.rtl.css.map using pattern *.mpv2
         No match for lib/bootstrap/dist/css/bootstrap-grid.rtl.css.map using pattern *.nsc
         No match for lib/bootstrap/dist/css/bootstrap-grid.rtl.css.map using pattern *.ogg
         No match for lib/bootstrap/dist/css/bootstrap-grid.rtl.css.map using pattern *.ogv
         No match for lib/bootstrap/dist/css/bootstrap-grid.rtl.css.map using pattern *.webm
         No match for lib/bootstrap/dist/css/bootstrap-grid.rtl.css.map using pattern *.art
         No match for lib/bootstrap/dist/css/bootstrap-grid.rtl.css.map using pattern *.cmx
         No match for lib/bootstrap/dist/css/bootstrap-grid.rtl.css.map using pattern *.cod
         No match for lib/bootstrap/dist/css/bootstrap-grid.rtl.css.map using pattern *.dib
         No match for lib/bootstrap/dist/css/bootstrap-grid.rtl.css.map using pattern *.ico
         No match for lib/bootstrap/dist/css/bootstrap-grid.rtl.css.map using pattern *.ief
         No match for lib/bootstrap/dist/css/bootstrap-grid.rtl.css.map using pattern *.jfif
         No match for lib/bootstrap/dist/css/bootstrap-grid.rtl.css.map using pattern *.jpe
         No match for lib/bootstrap/dist/css/bootstrap-grid.rtl.css.map using pattern *.pbm
         No match for lib/bootstrap/dist/css/bootstrap-grid.rtl.css.map using pattern *.pgm
         No match for lib/bootstrap/dist/css/bootstrap-grid.rtl.css.map using pattern *.pnm
         No match for lib/bootstrap/dist/css/bootstrap-grid.rtl.css.map using pattern *.pnz
         No match for lib/bootstrap/dist/css/bootstrap-grid.rtl.css.map using pattern *.ppm
         No match for lib/bootstrap/dist/css/bootstrap-grid.rtl.css.map using pattern *.ras
         No match for lib/bootstrap/dist/css/bootstrap-grid.rtl.css.map using pattern *.rf
         No match for lib/bootstrap/dist/css/bootstrap-grid.rtl.css.map using pattern *.rgb
         No match for lib/bootstrap/dist/css/bootstrap-grid.rtl.css.map using pattern *.svgz
         No match for lib/bootstrap/dist/css/bootstrap-grid.rtl.css.map using pattern *.tif
         No match for lib/bootstrap/dist/css/bootstrap-grid.rtl.css.map using pattern *.tiff
         No match for lib/bootstrap/dist/css/bootstrap-grid.rtl.css.map using pattern *.wbmp
         No match for lib/bootstrap/dist/css/bootstrap-grid.rtl.css.map using pattern *.xbm
         No match for lib/bootstrap/dist/css/bootstrap-grid.rtl.css.map using pattern *.xpm
         No match for lib/bootstrap/dist/css/bootstrap-grid.rtl.css.map using pattern *.xwd
         No match for lib/bootstrap/dist/css/bootstrap-grid.rtl.css.map using pattern *.3g2
         No match for lib/bootstrap/dist/css/bootstrap-grid.rtl.css.map using pattern *.3gp2
         No match for lib/bootstrap/dist/css/bootstrap-grid.rtl.css.map using pattern *.3gp
         No match for lib/bootstrap/dist/css/bootstrap-grid.rtl.css.map using pattern *.3gpp
         No match for lib/bootstrap/dist/css/bootstrap-grid.rtl.css.map using pattern *.asf
         No match for lib/bootstrap/dist/css/bootstrap-grid.rtl.css.map using pattern *.asr
         No match for lib/bootstrap/dist/css/bootstrap-grid.rtl.css.map using pattern *.asx
         No match for lib/bootstrap/dist/css/bootstrap-grid.rtl.css.map using pattern *.avi
         No match for lib/bootstrap/dist/css/bootstrap-grid.rtl.css.map using pattern *.dvr
         No match for lib/bootstrap/dist/css/bootstrap-grid.rtl.css.map using pattern *.flv
         No match for lib/bootstrap/dist/css/bootstrap-grid.rtl.css.map using pattern *.IVF
         No match for lib/bootstrap/dist/css/bootstrap-grid.rtl.css.map using pattern *.lsf
         No match for lib/bootstrap/dist/css/bootstrap-grid.rtl.css.map using pattern *.lsx
         No match for lib/bootstrap/dist/css/bootstrap-grid.rtl.css.map using pattern *.m1v
         No match for lib/bootstrap/dist/css/bootstrap-grid.rtl.css.map using pattern *.m2ts
         No match for lib/bootstrap/dist/css/bootstrap-grid.rtl.css.map using pattern *.qt
         No match for lib/bootstrap/dist/css/bootstrap-grid.rtl.css.map using pattern *.ts
         No match for lib/bootstrap/dist/css/bootstrap-grid.rtl.css.map using pattern *.tts
         No match for lib/bootstrap/dist/css/bootstrap-grid.rtl.css.map using pattern *.wm
         No match for lib/bootstrap/dist/css/bootstrap-grid.rtl.css.map using pattern *.wmp
         No match for lib/bootstrap/dist/css/bootstrap-grid.rtl.css.map using pattern *.wmv
         No match for lib/bootstrap/dist/css/bootstrap-grid.rtl.css.map using pattern *.wmx
         No match for lib/bootstrap/dist/css/bootstrap-grid.rtl.css.map using pattern *.wtv
         No match for lib/bootstrap/dist/css/bootstrap-grid.rtl.css.map using pattern *.wvx
         File C:\Users\user\OneDrive\╨а╨░╨▒╨╛╤З╨╕╨╣ ╤Б╤В╨╛╨╗\regi\WebApplication15\wwwroot\lib\bootstrap\dist\css\bootstrap-grid.rtl.css.map exists.
         No match for lib/bootstrap/dist/css/bootstrap-grid.rtl.css.map using pattern *.bmp
         No match for lib/bootstrap/dist/css/bootstrap-grid.rtl.css.map using pattern *.jpeg
         No match for lib/bootstrap/dist/css/bootstrap-grid.rtl.css.map using pattern *.jpg
         No match for lib/bootstrap/dist/css/bootstrap-grid.rtl.css.map using pattern *.gif
         No match for lib/bootstrap/dist/css/bootstrap-grid.rtl.css.map using pattern *.svg
         No match for lib/bootstrap/dist/css/bootstrap-grid.rtl.css.map using pattern *.png
         No match for lib/bootstrap/dist/css/bootstrap-grid.rtl.css.map using pattern *.webp
         No match for lib/bootstrap/dist/css/bootstrap-grid.rtl.css.map using pattern *.otf
         No match for lib/bootstrap/dist/css/bootstrap-grid.rtl.css.map using pattern *.woff2
         No match for lib/bootstrap/dist/css/bootstrap-grid.rtl.css.map using pattern *.m4v
         No match for lib/bootstrap/dist/css/bootstrap-grid.rtl.css.map using pattern *.mov
         No match for lib/bootstrap/dist/css/bootstrap-grid.rtl.css.map using pattern *.movie
         No match for lib/bootstrap/dist/css/bootstrap-grid.rtl.css.map using pattern *.mp2
         No match for lib/bootstrap/dist/css/bootstrap-grid.rtl.css.map using pattern *.mp4
         No match for lib/bootstrap/dist/css/bootstrap-grid.rtl.css.map using pattern *.mp4v
         No match for lib/bootstrap/dist/css/bootstrap-grid.rtl.css.map using pattern *.mpa
         No match for lib/bootstrap/dist/css/bootstrap-grid.rtl.css.map using pattern *.mpe
         No match for lib/bootstrap/dist/css/bootstrap-grid.rtl.css.map using pattern *.mpeg
         No match for lib/bootstrap/dist/css/bootstrap-grid.rtl.css.map using pattern *.mpg
         No match for lib/bootstrap/dist/css/bootstrap-grid.rtl.css.map using pattern *.mpv2
         No match for lib/bootstrap/dist/css/bootstrap-grid.rtl.css.map using pattern *.nsc
         No match for lib/bootstrap/dist/css/bootstrap-grid.rtl.css.map using pattern *.ogg
         No match for lib/bootstrap/dist/css/bootstrap-grid.rtl.css.map using pattern *.ogv
         No match for lib/bootstrap/dist/css/bootstrap-grid.rtl.css.map using pattern *.webm
         No match for lib/bootstrap/dist/css/bootstrap-grid.rtl.css.map using pattern *.art
         No match for lib/bootstrap/dist/css/bootstrap-grid.rtl.css.map using pattern *.cmx
         No match for lib/bootstrap/dist/css/bootstrap-grid.rtl.css.map using pattern *.cod
         No match for lib/bootstrap/dist/css/bootstrap-grid.rtl.css.map using pattern *.dib
         No match for lib/bootstrap/dist/css/bootstrap-grid.rtl.css.map using pattern *.ico
         No match for lib/bootstrap/dist/css/bootstrap-grid.rtl.css.map using pattern *.ief
         No match for lib/bootstrap/dist/css/bootstrap-grid.rtl.css.map using pattern *.jfif
         No match for lib/bootstrap/dist/css/bootstrap-grid.rtl.css.map using pattern *.jpe
         No match for lib/bootstrap/dist/css/bootstrap-grid.rtl.css.map using pattern *.pbm
         No match for lib/bootstrap/dist/css/bootstrap-grid.rtl.css.map using pattern *.pgm
         No match for lib/bootstrap/dist/css/bootstrap-grid.rtl.css.map using pattern *.pnm
         No match for lib/bootstrap/dist/css/bootstrap-grid.rtl.css.map using pattern *.pnz
         No match for lib/bootstrap/dist/css/bootstrap-grid.rtl.css.map using pattern *.ppm
         No match for lib/bootstrap/dist/css/bootstrap-grid.rtl.css.map using pattern *.ras
         No match for lib/bootstrap/dist/css/bootstrap-grid.rtl.css.map using pattern *.rf
         No match for lib/bootstrap/dist/css/bootstrap-grid.rtl.css.map using pattern *.rgb
         No match for lib/bootstrap/dist/css/bootstrap-grid.rtl.css.map using pattern *.svgz
         No match for lib/bootstrap/dist/css/bootstrap-grid.rtl.css.map using pattern *.tif
         No match for lib/bootstrap/dist/css/bootstrap-grid.rtl.css.map using pattern *.tiff
         No match for lib/bootstrap/dist/css/bootstrap-grid.rtl.css.map using pattern *.wbmp
         No match for lib/bootstrap/dist/css/bootstrap-grid.rtl.css.map using pattern *.xbm
         No match for lib/bootstrap/dist/css/bootstrap-grid.rtl.css.map using pattern *.xpm
         No match for lib/bootstrap/dist/css/bootstrap-grid.rtl.css.map using pattern *.xwd
         No match for lib/bootstrap/dist/css/bootstrap-grid.rtl.css.map using pattern *.3g2
         No match for lib/bootstrap/dist/css/bootstrap-grid.rtl.css.map using pattern *.3gp2
         No match for lib/bootstrap/dist/css/bootstrap-grid.rtl.css.map using pattern *.3gp
         No match for lib/bootstrap/dist/css/bootstrap-grid.rtl.css.map using pattern *.3gpp
         No match for lib/bootstrap/dist/css/bootstrap-grid.rtl.css.map using pattern *.asf
         No match for lib/bootstrap/dist/css/bootstrap-grid.rtl.css.map using pattern *.asr
         No match for lib/bootstrap/dist/css/bootstrap-grid.rtl.css.map using pattern *.asx
         No match for lib/bootstrap/dist/css/bootstrap-grid.rtl.css.map using pattern *.avi
         No match for lib/bootstrap/dist/css/bootstrap-grid.rtl.css.map using pattern *.dvr
         No match for lib/bootstrap/dist/css/bootstrap-grid.rtl.css.map using pattern *.flv
         No match for lib/bootstrap/dist/css/bootstrap-grid.rtl.css.map using pattern *.IVF
         No match for lib/bootstrap/dist/css/bootstrap-grid.rtl.css.map using pattern *.lsf
         No match for lib/bootstrap/dist/css/bootstrap-grid.rtl.css.map using pattern *.lsx
         No match for lib/bootstrap/dist/css/bootstrap-grid.rtl.css.map using pattern *.m1v
         No match for lib/bootstrap/dist/css/bootstrap-grid.rtl.css.map using pattern *.m2ts
         No match for lib/bootstrap/dist/css/bootstrap-grid.rtl.css.map using pattern *.qt
         No match for lib/bootstrap/dist/css/bootstrap-grid.rtl.css.map using pattern *.ts
         No match for lib/bootstrap/dist/css/bootstrap-grid.rtl.css.map using pattern *.tts
         No match for lib/bootstrap/dist/css/bootstrap-grid.rtl.css.map using pattern *.wm
         No match for lib/bootstrap/dist/css/bootstrap-grid.rtl.css.map using pattern *.wmp
         No match for lib/bootstrap/dist/css/bootstrap-grid.rtl.css.map using pattern *.wmv
         No match for lib/bootstrap/dist/css/bootstrap-grid.rtl.css.map using pattern *.wmx
         No match for lib/bootstrap/dist/css/bootstrap-grid.rtl.css.map using pattern *.wtv
         No match for lib/bootstrap/dist/css/bootstrap-grid.rtl.css.map using pattern *.wvx
         File C:\Users\user\OneDrive\╨а╨░╨▒╨╛╤З╨╕╨╣ ╤Б╤В╨╛╨╗\regi\WebApplication15\wwwroot\lib\bootstrap\dist\css\bootstrap-grid.rtl.css.map exists.
         Adding endpoint lib/bootstrap/dist/css/bootstrap-grid.rtl.css.map for asset C:\Users\user\OneDrive\╨а╨░╨▒╨╛╤З╨╕╨╣ ╤Б╤В╨╛╨╗\regi\WebApplication15\wwwroot\lib\bootstrap\dist\css\bootstrap-grid.rtl.css.map.
         Adding endpoint lib/bootstrap/dist/css/bootstrap-grid.rtl.css.ausgxo2sd3.map for asset C:\Users\user\OneDrive\╨а╨░╨▒╨╛╤З╨╕╨╣ ╤Б╤В╨╛╨╗\regi\WebApplication15\wwwroot\lib\bootstrap\dist\css\bootstrap-grid.rtl.css.map.
         No match for lib/bootstrap/dist/css/bootstrap-grid.rtl.min.css using pattern *.bmp
         No match for lib/bootstrap/dist/css/bootstrap-grid.rtl.min.css using pattern *.jpeg
         No match for lib/bootstrap/dist/css/bootstrap-grid.rtl.min.css using pattern *.jpg
         No match for lib/bootstrap/dist/css/bootstrap-grid.rtl.min.css using pattern *.gif
         No match for lib/bootstrap/dist/css/bootstrap-grid.rtl.min.css using pattern *.svg
         No match for lib/bootstrap/dist/css/bootstrap-grid.rtl.min.css using pattern *.png
         No match for lib/bootstrap/dist/css/bootstrap-grid.rtl.min.css using pattern *.webp
         No match for lib/bootstrap/dist/css/bootstrap-grid.rtl.min.css using pattern *.otf
         No match for lib/bootstrap/dist/css/bootstrap-grid.rtl.min.css using pattern *.woff2
         No match for lib/bootstrap/dist/css/bootstrap-grid.rtl.min.css using pattern *.m4v
         No match for lib/bootstrap/dist/css/bootstrap-grid.rtl.min.css using pattern *.mov
         No match for lib/bootstrap/dist/css/bootstrap-grid.rtl.min.css using pattern *.movie
         No match for lib/bootstrap/dist/css/bootstrap-grid.rtl.min.css using pattern *.mp2
         No match for lib/bootstrap/dist/css/bootstrap-grid.rtl.min.css using pattern *.mp4
         No match for lib/bootstrap/dist/css/bootstrap-grid.rtl.min.css using pattern *.mp4v
         No match for lib/bootstrap/dist/css/bootstrap-grid.rtl.min.css using pattern *.mpa
         No match for lib/bootstrap/dist/css/bootstrap-grid.rtl.min.css using pattern *.mpe
         No match for lib/bootstrap/dist/css/bootstrap-grid.rtl.min.css using pattern *.mpeg
         No match for lib/bootstrap/dist/css/bootstrap-grid.rtl.min.css using pattern *.mpg
         No match for lib/bootstrap/dist/css/bootstrap-grid.rtl.min.css using pattern *.mpv2
         No match for lib/bootstrap/dist/css/bootstrap-grid.rtl.min.css using pattern *.nsc
         No match for lib/bootstrap/dist/css/bootstrap-grid.rtl.min.css using pattern *.ogg
         No match for lib/bootstrap/dist/css/bootstrap-grid.rtl.min.css using pattern *.ogv
         No match for lib/bootstrap/dist/css/bootstrap-grid.rtl.min.css using pattern *.webm
         No match for lib/bootstrap/dist/css/bootstrap-grid.rtl.min.css using pattern *.art
         No match for lib/bootstrap/dist/css/bootstrap-grid.rtl.min.css using pattern *.cmx
         No match for lib/bootstrap/dist/css/bootstrap-grid.rtl.min.css using pattern *.cod
         No match for lib/bootstrap/dist/css/bootstrap-grid.rtl.min.css using pattern *.dib
         No match for lib/bootstrap/dist/css/bootstrap-grid.rtl.min.css using pattern *.ico
         No match for lib/bootstrap/dist/css/bootstrap-grid.rtl.min.css using pattern *.ief
         No match for lib/bootstrap/dist/css/bootstrap-grid.rtl.min.css using pattern *.jfif
         No match for lib/bootstrap/dist/css/bootstrap-grid.rtl.min.css using pattern *.jpe
         No match for lib/bootstrap/dist/css/bootstrap-grid.rtl.min.css using pattern *.pbm
         No match for lib/bootstrap/dist/css/bootstrap-grid.rtl.min.css using pattern *.pgm
         No match for lib/bootstrap/dist/css/bootstrap-grid.rtl.min.css using pattern *.pnm
         No match for lib/bootstrap/dist/css/bootstrap-grid.rtl.min.css using pattern *.pnz
         No match for lib/bootstrap/dist/css/bootstrap-grid.rtl.min.css using pattern *.ppm
         No match for lib/bootstrap/dist/css/bootstrap-grid.rtl.min.css using pattern *.ras
         No match for lib/bootstrap/dist/css/bootstrap-grid.rtl.min.css using pattern *.rf
         No match for lib/bootstrap/dist/css/bootstrap-grid.rtl.min.css using pattern *.rgb
         No match for lib/bootstrap/dist/css/bootstrap-grid.rtl.min.css using pattern *.svgz
         No match for lib/bootstrap/dist/css/bootstrap-grid.rtl.min.css using pattern *.tif
         No match for lib/bootstrap/dist/css/bootstrap-grid.rtl.min.css using pattern *.tiff
         No match for lib/bootstrap/dist/css/bootstrap-grid.rtl.min.css using pattern *.wbmp
         No match for lib/bootstrap/dist/css/bootstrap-grid.rtl.min.css using pattern *.xbm
         No match for lib/bootstrap/dist/css/bootstrap-grid.rtl.min.css using pattern *.xpm
         No match for lib/bootstrap/dist/css/bootstrap-grid.rtl.min.css using pattern *.xwd
         No match for lib/bootstrap/dist/css/bootstrap-grid.rtl.min.css using pattern *.3g2
         No match for lib/bootstrap/dist/css/bootstrap-grid.rtl.min.css using pattern *.3gp2
         No match for lib/bootstrap/dist/css/bootstrap-grid.rtl.min.css using pattern *.3gp
         No match for lib/bootstrap/dist/css/bootstrap-grid.rtl.min.css using pattern *.3gpp
         No match for lib/bootstrap/dist/css/bootstrap-grid.rtl.min.css using pattern *.asf
         No match for lib/bootstrap/dist/css/bootstrap-grid.rtl.min.css using pattern *.asr
         No match for lib/bootstrap/dist/css/bootstrap-grid.rtl.min.css using pattern *.asx
         No match for lib/bootstrap/dist/css/bootstrap-grid.rtl.min.css using pattern *.avi
         No match for lib/bootstrap/dist/css/bootstrap-grid.rtl.min.css using pattern *.dvr
         No match for lib/bootstrap/dist/css/bootstrap-grid.rtl.min.css using pattern *.flv
         No match for lib/bootstrap/dist/css/bootstrap-grid.rtl.min.css using pattern *.IVF
         No match for lib/bootstrap/dist/css/bootstrap-grid.rtl.min.css using pattern *.lsf
         No match for lib/bootstrap/dist/css/bootstrap-grid.rtl.min.css using pattern *.lsx
         No match for lib/bootstrap/dist/css/bootstrap-grid.rtl.min.css using pattern *.m1v
         No match for lib/bootstrap/dist/css/bootstrap-grid.rtl.min.css using pattern *.m2ts
         No match for lib/bootstrap/dist/css/bootstrap-grid.rtl.min.css using pattern *.qt
         No match for lib/bootstrap/dist/css/bootstrap-grid.rtl.min.css using pattern *.ts
         No match for lib/bootstrap/dist/css/bootstrap-grid.rtl.min.css using pattern *.tts
         No match for lib/bootstrap/dist/css/bootstrap-grid.rtl.min.css using pattern *.wm
         No match for lib/bootstrap/dist/css/bootstrap-grid.rtl.min.css using pattern *.wmp
         No match for lib/bootstrap/dist/css/bootstrap-grid.rtl.min.css using pattern *.wmv
         No match for lib/bootstrap/dist/css/bootstrap-grid.rtl.min.css using pattern *.wmx
         No match for lib/bootstrap/dist/css/bootstrap-grid.rtl.min.css using pattern *.wtv
         No match for lib/bootstrap/dist/css/bootstrap-grid.rtl.min.css using pattern *.wvx
         File C:\Users\user\OneDrive\╨а╨░╨▒╨╛╤З╨╕╨╣ ╤Б╤В╨╛╨╗\regi\WebApplication15\wwwroot\lib\bootstrap\dist\css\bootstrap-grid.rtl.min.css exists.
         No match for lib/bootstrap/dist/css/bootstrap-grid.rtl.min.css using pattern *.bmp
         No match for lib/bootstrap/dist/css/bootstrap-grid.rtl.min.css using pattern *.jpeg
         No match for lib/bootstrap/dist/css/bootstrap-grid.rtl.min.css using pattern *.jpg
         No match for lib/bootstrap/dist/css/bootstrap-grid.rtl.min.css using pattern *.gif
         No match for lib/bootstrap/dist/css/bootstrap-grid.rtl.min.css using pattern *.svg
         No match for lib/bootstrap/dist/css/bootstrap-grid.rtl.min.css using pattern *.png
         No match for lib/bootstrap/dist/css/bootstrap-grid.rtl.min.css using pattern *.webp
         No match for lib/bootstrap/dist/css/bootstrap-grid.rtl.min.css using pattern *.otf
         No match for lib/bootstrap/dist/css/bootstrap-grid.rtl.min.css using pattern *.woff2
         No match for lib/bootstrap/dist/css/bootstrap-grid.rtl.min.css using pattern *.m4v
         No match for lib/bootstrap/dist/css/bootstrap-grid.rtl.min.css using pattern *.mov
         No match for lib/bootstrap/dist/css/bootstrap-grid.rtl.min.css using pattern *.movie
         No match for lib/bootstrap/dist/css/bootstrap-grid.rtl.min.css using pattern *.mp2
         No match for lib/bootstrap/dist/css/bootstrap-grid.rtl.min.css using pattern *.mp4
         No match for lib/bootstrap/dist/css/bootstrap-grid.rtl.min.css using pattern *.mp4v
         No match for lib/bootstrap/dist/css/bootstrap-grid.rtl.min.css using pattern *.mpa
         No match for lib/bootstrap/dist/css/bootstrap-grid.rtl.min.css using pattern *.mpe
         No match for lib/bootstrap/dist/css/bootstrap-grid.rtl.min.css using pattern *.mpeg
         No match for lib/bootstrap/dist/css/bootstrap-grid.rtl.min.css using pattern *.mpg
         No match for lib/bootstrap/dist/css/bootstrap-grid.rtl.min.css using pattern *.mpv2
         No match for lib/bootstrap/dist/css/bootstrap-grid.rtl.min.css using pattern *.nsc
         No match for lib/bootstrap/dist/css/bootstrap-grid.rtl.min.css using pattern *.ogg
         No match for lib/bootstrap/dist/css/bootstrap-grid.rtl.min.css using pattern *.ogv
         No match for lib/bootstrap/dist/css/bootstrap-grid.rtl.min.css using pattern *.webm
         No match for lib/bootstrap/dist/css/bootstrap-grid.rtl.min.css using pattern *.art
         No match for lib/bootstrap/dist/css/bootstrap-grid.rtl.min.css using pattern *.cmx
         No match for lib/bootstrap/dist/css/bootstrap-grid.rtl.min.css using pattern *.cod
         No match for lib/bootstrap/dist/css/bootstrap-grid.rtl.min.css using pattern *.dib
         No match for lib/bootstrap/dist/css/bootstrap-grid.rtl.min.css using pattern *.ico
         No match for lib/bootstrap/dist/css/bootstrap-grid.rtl.min.css using pattern *.ief
         No match for lib/bootstrap/dist/css/bootstrap-grid.rtl.min.css using pattern *.jfif
         No match for lib/bootstrap/dist/css/bootstrap-grid.rtl.min.css using pattern *.jpe
         No match for lib/bootstrap/dist/css/bootstrap-grid.rtl.min.css using pattern *.pbm
         No match for lib/bootstrap/dist/css/bootstrap-grid.rtl.min.css using pattern *.pgm
         No match for lib/bootstrap/dist/css/bootstrap-grid.rtl.min.css using pattern *.pnm
         No match for lib/bootstrap/dist/css/bootstrap-grid.rtl.min.css using pattern *.pnz
         No match for lib/bootstrap/dist/css/bootstrap-grid.rtl.min.css using pattern *.ppm
         No match for lib/bootstrap/dist/css/bootstrap-grid.rtl.min.css using pattern *.ras
         No match for lib/bootstrap/dist/css/bootstrap-grid.rtl.min.css using pattern *.rf
         No match for lib/bootstrap/dist/css/bootstrap-grid.rtl.min.css using pattern *.rgb
         No match for lib/bootstrap/dist/css/bootstrap-grid.rtl.min.css using pattern *.svgz
         No match for lib/bootstrap/dist/css/bootstrap-grid.rtl.min.css using pattern *.tif
         No match for lib/bootstrap/dist/css/bootstrap-grid.rtl.min.css using pattern *.tiff
         No match for lib/bootstrap/dist/css/bootstrap-grid.rtl.min.css using pattern *.wbmp
         No match for lib/bootstrap/dist/css/bootstrap-grid.rtl.min.css using pattern *.xbm
         No match for lib/bootstrap/dist/css/bootstrap-grid.rtl.min.css using pattern *.xpm
         No match for lib/bootstrap/dist/css/bootstrap-grid.rtl.min.css using pattern *.xwd
         No match for lib/bootstrap/dist/css/bootstrap-grid.rtl.min.css using pattern *.3g2
         No match for lib/bootstrap/dist/css/bootstrap-grid.rtl.min.css using pattern *.3gp2
         No match for lib/bootstrap/dist/css/bootstrap-grid.rtl.min.css using pattern *.3gp
         No match for lib/bootstrap/dist/css/bootstrap-grid.rtl.min.css using pattern *.3gpp
         No match for lib/bootstrap/dist/css/bootstrap-grid.rtl.min.css using pattern *.asf
         No match for lib/bootstrap/dist/css/bootstrap-grid.rtl.min.css using pattern *.asr
         No match for lib/bootstrap/dist/css/bootstrap-grid.rtl.min.css using pattern *.asx
         No match for lib/bootstrap/dist/css/bootstrap-grid.rtl.min.css using pattern *.avi
         No match for lib/bootstrap/dist/css/bootstrap-grid.rtl.min.css using pattern *.dvr
         No match for lib/bootstrap/dist/css/bootstrap-grid.rtl.min.css using pattern *.flv
         No match for lib/bootstrap/dist/css/bootstrap-grid.rtl.min.css using pattern *.IVF
         No match for lib/bootstrap/dist/css/bootstrap-grid.rtl.min.css using pattern *.lsf
         No match for lib/bootstrap/dist/css/bootstrap-grid.rtl.min.css using pattern *.lsx
         No match for lib/bootstrap/dist/css/bootstrap-grid.rtl.min.css using pattern *.m1v
         No match for lib/bootstrap/dist/css/bootstrap-grid.rtl.min.css using pattern *.m2ts
         No match for lib/bootstrap/dist/css/bootstrap-grid.rtl.min.css using pattern *.qt
         No match for lib/bootstrap/dist/css/bootstrap-grid.rtl.min.css using pattern *.ts
         No match for lib/bootstrap/dist/css/bootstrap-grid.rtl.min.css using pattern *.tts
         No match for lib/bootstrap/dist/css/bootstrap-grid.rtl.min.css using pattern *.wm
         No match for lib/bootstrap/dist/css/bootstrap-grid.rtl.min.css using pattern *.wmp
         No match for lib/bootstrap/dist/css/bootstrap-grid.rtl.min.css using pattern *.wmv
         No match for lib/bootstrap/dist/css/bootstrap-grid.rtl.min.css using pattern *.wmx
         No match for lib/bootstrap/dist/css/bootstrap-grid.rtl.min.css using pattern *.wtv
         No match for lib/bootstrap/dist/css/bootstrap-grid.rtl.min.css using pattern *.wvx
         File C:\Users\user\OneDrive\╨а╨░╨▒╨╛╤З╨╕╨╣ ╤Б╤В╨╛╨╗\regi\WebApplication15\wwwroot\lib\bootstrap\dist\css\bootstrap-grid.rtl.min.css exists.
         Adding endpoint lib/bootstrap/dist/css/bootstrap-grid.rtl.min.css for asset C:\Users\user\OneDrive\╨а╨░╨▒╨╛╤З╨╕╨╣ ╤Б╤В╨╛╨╗\regi\WebApplication15\wwwroot\lib\bootstrap\dist\css\bootstrap-grid.rtl.min.css.
         Adding endpoint lib/bootstrap/dist/css/bootstrap-grid.rtl.min.k8d9w2qqmf.css for asset C:\Users\user\OneDrive\╨а╨░╨▒╨╛╤З╨╕╨╣ ╤Б╤В╨╛╨╗\regi\WebApplication15\wwwroot\lib\bootstrap\dist\css\bootstrap-grid.rtl.min.css.
         No match for lib/bootstrap/dist/css/bootstrap-grid.rtl.min.css.map using pattern *.bmp
         No match for lib/bootstrap/dist/css/bootstrap-grid.rtl.min.css.map using pattern *.jpeg
         No match for lib/bootstrap/dist/css/bootstrap-grid.rtl.min.css.map using pattern *.jpg
         No match for lib/bootstrap/dist/css/bootstrap-grid.rtl.min.css.map using pattern *.gif
         No match for lib/bootstrap/dist/css/bootstrap-grid.rtl.min.css.map using pattern *.svg
         No match for lib/bootstrap/dist/css/bootstrap-grid.rtl.min.css.map using pattern *.png
         No match for lib/bootstrap/dist/css/bootstrap-grid.rtl.min.css.map using pattern *.webp
         No match for lib/bootstrap/dist/css/bootstrap-grid.rtl.min.css.map using pattern *.otf
         No match for lib/bootstrap/dist/css/bootstrap-grid.rtl.min.css.map using pattern *.woff2
         No match for lib/bootstrap/dist/css/bootstrap-grid.rtl.min.css.map using pattern *.m4v
         No match for lib/bootstrap/dist/css/bootstrap-grid.rtl.min.css.map using pattern *.mov
         No match for lib/bootstrap/dist/css/bootstrap-grid.rtl.min.css.map using pattern *.movie
         No match for lib/bootstrap/dist/css/bootstrap-grid.rtl.min.css.map using pattern *.mp2
         No match for lib/bootstrap/dist/css/bootstrap-grid.rtl.min.css.map using pattern *.mp4
         No match for lib/bootstrap/dist/css/bootstrap-grid.rtl.min.css.map using pattern *.mp4v
         No match for lib/bootstrap/dist/css/bootstrap-grid.rtl.min.css.map using pattern *.mpa
         No match for lib/bootstrap/dist/css/bootstrap-grid.rtl.min.css.map using pattern *.mpe
         No match for lib/bootstrap/dist/css/bootstrap-grid.rtl.min.css.map using pattern *.mpeg
         No match for lib/bootstrap/dist/css/bootstrap-grid.rtl.min.css.map using pattern *.mpg
         No match for lib/bootstrap/dist/css/bootstrap-grid.rtl.min.css.map using pattern *.mpv2
         No match for lib/bootstrap/dist/css/bootstrap-grid.rtl.min.css.map using pattern *.nsc
         No match for lib/bootstrap/dist/css/bootstrap-grid.rtl.min.css.map using pattern *.ogg
         No match for lib/bootstrap/dist/css/bootstrap-grid.rtl.min.css.map using pattern *.ogv
         No match for lib/bootstrap/dist/css/bootstrap-grid.rtl.min.css.map using pattern *.webm
         No match for lib/bootstrap/dist/css/bootstrap-grid.rtl.min.css.map using pattern *.art
         No match for lib/bootstrap/dist/css/bootstrap-grid.rtl.min.css.map using pattern *.cmx
         No match for lib/bootstrap/dist/css/bootstrap-grid.rtl.min.css.map using pattern *.cod
         No match for lib/bootstrap/dist/css/bootstrap-grid.rtl.min.css.map using pattern *.dib
         No match for lib/bootstrap/dist/css/bootstrap-grid.rtl.min.css.map using pattern *.ico
         No match for lib/bootstrap/dist/css/bootstrap-grid.rtl.min.css.map using pattern *.ief
         No match for lib/bootstrap/dist/css/bootstrap-grid.rtl.min.css.map using pattern *.jfif
         No match for lib/bootstrap/dist/css/bootstrap-grid.rtl.min.css.map using pattern *.jpe
         No match for lib/bootstrap/dist/css/bootstrap-grid.rtl.min.css.map using pattern *.pbm
         No match for lib/bootstrap/dist/css/bootstrap-grid.rtl.min.css.map using pattern *.pgm
         No match for lib/bootstrap/dist/css/bootstrap-grid.rtl.min.css.map using pattern *.pnm
         No match for lib/bootstrap/dist/css/bootstrap-grid.rtl.min.css.map using pattern *.pnz
         No match for lib/bootstrap/dist/css/bootstrap-grid.rtl.min.css.map using pattern *.ppm
         No match for lib/bootstrap/dist/css/bootstrap-grid.rtl.min.css.map using pattern *.ras
         No match for lib/bootstrap/dist/css/bootstrap-grid.rtl.min.css.map using pattern *.rf
         No match for lib/bootstrap/dist/css/bootstrap-grid.rtl.min.css.map using pattern *.rgb
         No match for lib/bootstrap/dist/css/bootstrap-grid.rtl.min.css.map using pattern *.svgz
         No match for lib/bootstrap/dist/css/bootstrap-grid.rtl.min.css.map using pattern *.tif
         No match for lib/bootstrap/dist/css/bootstrap-grid.rtl.min.css.map using pattern *.tiff
         No match for lib/bootstrap/dist/css/bootstrap-grid.rtl.min.css.map using pattern *.wbmp
         No match for lib/bootstrap/dist/css/bootstrap-grid.rtl.min.css.map using pattern *.xbm
         No match for lib/bootstrap/dist/css/bootstrap-grid.rtl.min.css.map using pattern *.xpm
         No match for lib/bootstrap/dist/css/bootstrap-grid.rtl.min.css.map using pattern *.xwd
         No match for lib/bootstrap/dist/css/bootstrap-grid.rtl.min.css.map using pattern *.3g2
         No match for lib/bootstrap/dist/css/bootstrap-grid.rtl.min.css.map using pattern *.3gp2
         No match for lib/bootstrap/dist/css/bootstrap-grid.rtl.min.css.map using pattern *.3gp
         No match for lib/bootstrap/dist/css/bootstrap-grid.rtl.min.css.map using pattern *.3gpp
         No match for lib/bootstrap/dist/css/bootstrap-grid.rtl.min.css.map using pattern *.asf
         No match for lib/bootstrap/dist/css/bootstrap-grid.rtl.min.css.map using pattern *.asr
         No match for lib/bootstrap/dist/css/bootstrap-grid.rtl.min.css.map using pattern *.asx
         No match for lib/bootstrap/dist/css/bootstrap-grid.rtl.min.css.map using pattern *.avi
         No match for lib/bootstrap/dist/css/bootstrap-grid.rtl.min.css.map using pattern *.dvr
         No match for lib/bootstrap/dist/css/bootstrap-grid.rtl.min.css.map using pattern *.flv
         No match for lib/bootstrap/dist/css/bootstrap-grid.rtl.min.css.map using pattern *.IVF
         No match for lib/bootstrap/dist/css/bootstrap-grid.rtl.min.css.map using pattern *.lsf
         No match for lib/bootstrap/dist/css/bootstrap-grid.rtl.min.css.map using pattern *.lsx
         No match for lib/bootstrap/dist/css/bootstrap-grid.rtl.min.css.map using pattern *.m1v
         No match for lib/bootstrap/dist/css/bootstrap-grid.rtl.min.css.map using pattern *.m2ts
         No match for lib/bootstrap/dist/css/bootstrap-grid.rtl.min.css.map using pattern *.qt
         No match for lib/bootstrap/dist/css/bootstrap-grid.rtl.min.css.map using pattern *.ts
         No match for lib/bootstrap/dist/css/bootstrap-grid.rtl.min.css.map using pattern *.tts
         No match for lib/bootstrap/dist/css/bootstrap-grid.rtl.min.css.map using pattern *.wm
         No match for lib/bootstrap/dist/css/bootstrap-grid.rtl.min.css.map using pattern *.wmp
         No match for lib/bootstrap/dist/css/bootstrap-grid.rtl.min.css.map using pattern *.wmv
         No match for lib/bootstrap/dist/css/bootstrap-grid.rtl.min.css.map using pattern *.wmx
         No match for lib/bootstrap/dist/css/bootstrap-grid.rtl.min.css.map using pattern *.wtv
         No match for lib/bootstrap/dist/css/bootstrap-grid.rtl.min.css.map using pattern *.wvx
         File C:\Users\user\OneDrive\╨а╨░╨▒╨╛╤З╨╕╨╣ ╤Б╤В╨╛╨╗\regi\WebApplication15\wwwroot\lib\bootstrap\dist\css\bootstrap-grid.rtl.min.css.map exists.
         No match for lib/bootstrap/dist/css/bootstrap-grid.rtl.min.css.map using pattern *.bmp
         No match for lib/bootstrap/dist/css/bootstrap-grid.rtl.min.css.map using pattern *.jpeg
         No match for lib/bootstrap/dist/css/bootstrap-grid.rtl.min.css.map using pattern *.jpg
         No match for lib/bootstrap/dist/css/bootstrap-grid.rtl.min.css.map using pattern *.gif
         No match for lib/bootstrap/dist/css/bootstrap-grid.rtl.min.css.map using pattern *.svg
         No match for lib/bootstrap/dist/css/bootstrap-grid.rtl.min.css.map using pattern *.png
         No match for lib/bootstrap/dist/css/bootstrap-grid.rtl.min.css.map using pattern *.webp
         No match for lib/bootstrap/dist/css/bootstrap-grid.rtl.min.css.map using pattern *.otf
         No match for lib/bootstrap/dist/css/bootstrap-grid.rtl.min.css.map using pattern *.woff2
         No match for lib/bootstrap/dist/css/bootstrap-grid.rtl.min.css.map using pattern *.m4v
         No match for lib/bootstrap/dist/css/bootstrap-grid.rtl.min.css.map using pattern *.mov
         No match for lib/bootstrap/dist/css/bootstrap-grid.rtl.min.css.map using pattern *.movie
         No match for lib/bootstrap/dist/css/bootstrap-grid.rtl.min.css.map using pattern *.mp2
         No match for lib/bootstrap/dist/css/bootstrap-grid.rtl.min.css.map using pattern *.mp4
         No match for lib/bootstrap/dist/css/bootstrap-grid.rtl.min.css.map using pattern *.mp4v
         No match for lib/bootstrap/dist/css/bootstrap-grid.rtl.min.css.map using pattern *.mpa
         No match for lib/bootstrap/dist/css/bootstrap-grid.rtl.min.css.map using pattern *.mpe
         No match for lib/bootstrap/dist/css/bootstrap-grid.rtl.min.css.map using pattern *.mpeg
         No match for lib/bootstrap/dist/css/bootstrap-grid.rtl.min.css.map using pattern *.mpg
         No match for lib/bootstrap/dist/css/bootstrap-grid.rtl.min.css.map using pattern *.mpv2
         No match for lib/bootstrap/dist/css/bootstrap-grid.rtl.min.css.map using pattern *.nsc
         No match for lib/bootstrap/dist/css/bootstrap-grid.rtl.min.css.map using pattern *.ogg
         No match for lib/bootstrap/dist/css/bootstrap-grid.rtl.min.css.map using pattern *.ogv
         No match for lib/bootstrap/dist/css/bootstrap-grid.rtl.min.css.map using pattern *.webm
         No match for lib/bootstrap/dist/css/bootstrap-grid.rtl.min.css.map using pattern *.art
         No match for lib/bootstrap/dist/css/bootstrap-grid.rtl.min.css.map using pattern *.cmx
         No match for lib/bootstrap/dist/css/bootstrap-grid.rtl.min.css.map using pattern *.cod
         No match for lib/bootstrap/dist/css/bootstrap-grid.rtl.min.css.map using pattern *.dib
         No match for lib/bootstrap/dist/css/bootstrap-grid.rtl.min.css.map using pattern *.ico
         No match for lib/bootstrap/dist/css/bootstrap-grid.rtl.min.css.map using pattern *.ief
         No match for lib/bootstrap/dist/css/bootstrap-grid.rtl.min.css.map using pattern *.jfif
         No match for lib/bootstrap/dist/css/bootstrap-grid.rtl.min.css.map using pattern *.jpe
         No match for lib/bootstrap/dist/css/bootstrap-grid.rtl.min.css.map using pattern *.pbm
         No match for lib/bootstrap/dist/css/bootstrap-grid.rtl.min.css.map using pattern *.pgm
         No match for lib/bootstrap/dist/css/bootstrap-grid.rtl.min.css.map using pattern *.pnm
         No match for lib/bootstrap/dist/css/bootstrap-grid.rtl.min.css.map using pattern *.pnz
         No match for lib/bootstrap/dist/css/bootstrap-grid.rtl.min.css.map using pattern *.ppm
         No match for lib/bootstrap/dist/css/bootstrap-grid.rtl.min.css.map using pattern *.ras
         No match for lib/bootstrap/dist/css/bootstrap-grid.rtl.min.css.map using pattern *.rf
         No match for lib/bootstrap/dist/css/bootstrap-grid.rtl.min.css.map using pattern *.rgb
         No match for lib/bootstrap/dist/css/bootstrap-grid.rtl.min.css.map using pattern *.svgz
         No match for lib/bootstrap/dist/css/bootstrap-grid.rtl.min.css.map using pattern *.tif
         No match for lib/bootstrap/dist/css/bootstrap-grid.rtl.min.css.map using pattern *.tiff
         No match for lib/bootstrap/dist/css/bootstrap-grid.rtl.min.css.map using pattern *.wbmp
         No match for lib/bootstrap/dist/css/bootstrap-grid.rtl.min.css.map using pattern *.xbm
         No match for lib/bootstrap/dist/css/bootstrap-grid.rtl.min.css.map using pattern *.xpm
         No match for lib/bootstrap/dist/css/bootstrap-grid.rtl.min.css.map using pattern *.xwd
         No match for lib/bootstrap/dist/css/bootstrap-grid.rtl.min.css.map using pattern *.3g2
         No match for lib/bootstrap/dist/css/bootstrap-grid.rtl.min.css.map using pattern *.3gp2
         No match for lib/bootstrap/dist/css/bootstrap-grid.rtl.min.css.map using pattern *.3gp
         No match for lib/bootstrap/dist/css/bootstrap-grid.rtl.min.css.map using pattern *.3gpp
         No match for lib/bootstrap/dist/css/bootstrap-grid.rtl.min.css.map using pattern *.asf
         No match for lib/bootstrap/dist/css/bootstrap-grid.rtl.min.css.map using pattern *.asr
         No match for lib/bootstrap/dist/css/bootstrap-grid.rtl.min.css.map using pattern *.asx
         No match for lib/bootstrap/dist/css/bootstrap-grid.rtl.min.css.map using pattern *.avi
         No match for lib/bootstrap/dist/css/bootstrap-grid.rtl.min.css.map using pattern *.dvr
         No match for lib/bootstrap/dist/css/bootstrap-grid.rtl.min.css.map using pattern *.flv
         No match for lib/bootstrap/dist/css/bootstrap-grid.rtl.min.css.map using pattern *.IVF
         No match for lib/bootstrap/dist/css/bootstrap-grid.rtl.min.css.map using pattern *.lsf
         No match for lib/bootstrap/dist/css/bootstrap-grid.rtl.min.css.map using pattern *.lsx
         No match for lib/bootstrap/dist/css/bootstrap-grid.rtl.min.css.map using pattern *.m1v
         No match for lib/bootstrap/dist/css/bootstrap-grid.rtl.min.css.map using pattern *.m2ts
         No match for lib/bootstrap/dist/css/bootstrap-grid.rtl.min.css.map using pattern *.qt
         No match for lib/bootstrap/dist/css/bootstrap-grid.rtl.min.css.map using pattern *.ts
         No match for lib/bootstrap/dist/css/bootstrap-grid.rtl.min.css.map using pattern *.tts
         No match for lib/bootstrap/dist/css/bootstrap-grid.rtl.min.css.map using pattern *.wm
         No match for lib/bootstrap/dist/css/bootstrap-grid.rtl.min.css.map using pattern *.wmp
         No match for lib/bootstrap/dist/css/bootstrap-grid.rtl.min.css.map using pattern *.wmv
         No match for lib/bootstrap/dist/css/bootstrap-grid.rtl.min.css.map using pattern *.wmx
         No match for lib/bootstrap/dist/css/bootstrap-grid.rtl.min.css.map using pattern *.wtv
         No match for lib/bootstrap/dist/css/bootstrap-grid.rtl.min.css.map using pattern *.wvx
         File C:\Users\user\OneDrive\╨а╨░╨▒╨╛╤З╨╕╨╣ ╤Б╤В╨╛╨╗\regi\WebApplication15\wwwroot\lib\bootstrap\dist\css\bootstrap-grid.rtl.min.css.map exists.
         Adding endpoint lib/bootstrap/dist/css/bootstrap-grid.rtl.min.css.map for asset C:\Users\user\OneDrive\╨а╨░╨▒╨╛╤З╨╕╨╣ ╤Б╤В╨╛╨╗\regi\WebApplication15\wwwroot\lib\bootstrap\dist\css\bootstrap-grid.rtl.min.css.map.
         Adding endpoint lib/bootstrap/dist/css/bootstrap-grid.rtl.min.css.cosvhxvwiu.map for asset C:\Users\user\OneDrive\╨а╨░╨▒╨╛╤З╨╕╨╣ ╤Б╤В╨╛╨╗\regi\WebApplication15\wwwroot\lib\bootstrap\dist\css\bootstrap-grid.rtl.min.css.map.
         No match for lib/bootstrap/dist/css/bootstrap-reboot.css using pattern *.bmp
         No match for lib/bootstrap/dist/css/bootstrap-reboot.css using pattern *.jpeg
         No match for lib/bootstrap/dist/css/bootstrap-reboot.css using pattern *.jpg
         No match for lib/bootstrap/dist/css/bootstrap-reboot.css using pattern *.gif
         No match for lib/bootstrap/dist/css/bootstrap-reboot.css using pattern *.svg
         No match for lib/bootstrap/dist/css/bootstrap-reboot.css using pattern *.png
         No match for lib/bootstrap/dist/css/bootstrap-reboot.css using pattern *.webp
         No match for lib/bootstrap/dist/css/bootstrap-reboot.css using pattern *.otf
         No match for lib/bootstrap/dist/css/bootstrap-reboot.css using pattern *.woff2
         No match for lib/bootstrap/dist/css/bootstrap-reboot.css using pattern *.m4v
         No match for lib/bootstrap/dist/css/bootstrap-reboot.css using pattern *.mov
         No match for lib/bootstrap/dist/css/bootstrap-reboot.css using pattern *.movie
         No match for lib/bootstrap/dist/css/bootstrap-reboot.css using pattern *.mp2
         No match for lib/bootstrap/dist/css/bootstrap-reboot.css using pattern *.mp4
         No match for lib/bootstrap/dist/css/bootstrap-reboot.css using pattern *.mp4v
         No match for lib/bootstrap/dist/css/bootstrap-reboot.css using pattern *.mpa
         No match for lib/bootstrap/dist/css/bootstrap-reboot.css using pattern *.mpe
         No match for lib/bootstrap/dist/css/bootstrap-reboot.css using pattern *.mpeg
         No match for lib/bootstrap/dist/css/bootstrap-reboot.css using pattern *.mpg
         No match for lib/bootstrap/dist/css/bootstrap-reboot.css using pattern *.mpv2
         No match for lib/bootstrap/dist/css/bootstrap-reboot.css using pattern *.nsc
         No match for lib/bootstrap/dist/css/bootstrap-reboot.css using pattern *.ogg
         No match for lib/bootstrap/dist/css/bootstrap-reboot.css using pattern *.ogv
         No match for lib/bootstrap/dist/css/bootstrap-reboot.css using pattern *.webm
         No match for lib/bootstrap/dist/css/bootstrap-reboot.css using pattern *.art
         No match for lib/bootstrap/dist/css/bootstrap-reboot.css using pattern *.cmx
         No match for lib/bootstrap/dist/css/bootstrap-reboot.css using pattern *.cod
         No match for lib/bootstrap/dist/css/bootstrap-reboot.css using pattern *.dib
         No match for lib/bootstrap/dist/css/bootstrap-reboot.css using pattern *.ico
         No match for lib/bootstrap/dist/css/bootstrap-reboot.css using pattern *.ief
         No match for lib/bootstrap/dist/css/bootstrap-reboot.css using pattern *.jfif
         No match for lib/bootstrap/dist/css/bootstrap-reboot.css using pattern *.jpe
         No match for lib/bootstrap/dist/css/bootstrap-reboot.css using pattern *.pbm
         No match for lib/bootstrap/dist/css/bootstrap-reboot.css using pattern *.pgm
         No match for lib/bootstrap/dist/css/bootstrap-reboot.css using pattern *.pnm
         No match for lib/bootstrap/dist/css/bootstrap-reboot.css using pattern *.pnz
         No match for lib/bootstrap/dist/css/bootstrap-reboot.css using pattern *.ppm
         No match for lib/bootstrap/dist/css/bootstrap-reboot.css using pattern *.ras
         No match for lib/bootstrap/dist/css/bootstrap-reboot.css using pattern *.rf
         No match for lib/bootstrap/dist/css/bootstrap-reboot.css using pattern *.rgb
         No match for lib/bootstrap/dist/css/bootstrap-reboot.css using pattern *.svgz
         No match for lib/bootstrap/dist/css/bootstrap-reboot.css using pattern *.tif
         No match for lib/bootstrap/dist/css/bootstrap-reboot.css using pattern *.tiff
         No match for lib/bootstrap/dist/css/bootstrap-reboot.css using pattern *.wbmp
         No match for lib/bootstrap/dist/css/bootstrap-reboot.css using pattern *.xbm
         No match for lib/bootstrap/dist/css/bootstrap-reboot.css using pattern *.xpm
         No match for lib/bootstrap/dist/css/bootstrap-reboot.css using pattern *.xwd
         No match for lib/bootstrap/dist/css/bootstrap-reboot.css using pattern *.3g2
         No match for lib/bootstrap/dist/css/bootstrap-reboot.css using pattern *.3gp2
         No match for lib/bootstrap/dist/css/bootstrap-reboot.css using pattern *.3gp
         No match for lib/bootstrap/dist/css/bootstrap-reboot.css using pattern *.3gpp
         No match for lib/bootstrap/dist/css/bootstrap-reboot.css using pattern *.asf
         No match for lib/bootstrap/dist/css/bootstrap-reboot.css using pattern *.asr
         No match for lib/bootstrap/dist/css/bootstrap-reboot.css using pattern *.asx
         No match for lib/bootstrap/dist/css/bootstrap-reboot.css using pattern *.avi
         No match for lib/bootstrap/dist/css/bootstrap-reboot.css using pattern *.dvr
         No match for lib/bootstrap/dist/css/bootstrap-reboot.css using pattern *.flv
         No match for lib/bootstrap/dist/css/bootstrap-reboot.css using pattern *.IVF
         No match for lib/bootstrap/dist/css/bootstrap-reboot.css using pattern *.lsf
         No match for lib/bootstrap/dist/css/bootstrap-reboot.css using pattern *.lsx
         No match for lib/bootstrap/dist/css/bootstrap-reboot.css using pattern *.m1v
         No match for lib/bootstrap/dist/css/bootstrap-reboot.css using pattern *.m2ts
         No match for lib/bootstrap/dist/css/bootstrap-reboot.css using pattern *.qt
         No match for lib/bootstrap/dist/css/bootstrap-reboot.css using pattern *.ts
         No match for lib/bootstrap/dist/css/bootstrap-reboot.css using pattern *.tts
         No match for lib/bootstrap/dist/css/bootstrap-reboot.css using pattern *.wm
         No match for lib/bootstrap/dist/css/bootstrap-reboot.css using pattern *.wmp
         No match for lib/bootstrap/dist/css/bootstrap-reboot.css using pattern *.wmv
         No match for lib/bootstrap/dist/css/bootstrap-reboot.css using pattern *.wmx
         No match for lib/bootstrap/dist/css/bootstrap-reboot.css using pattern *.wtv
         No match for lib/bootstrap/dist/css/bootstrap-reboot.css using pattern *.wvx
         File C:\Users\user\OneDrive\╨а╨░╨▒╨╛╤З╨╕╨╣ ╤Б╤В╨╛╨╗\regi\WebApplication15\wwwroot\lib\bootstrap\dist\css\bootstrap-reboot.css exists.
         No match for lib/bootstrap/dist/css/bootstrap-reboot.css using pattern *.bmp
         No match for lib/bootstrap/dist/css/bootstrap-reboot.css using pattern *.jpeg
         No match for lib/bootstrap/dist/css/bootstrap-reboot.css using pattern *.jpg
         No match for lib/bootstrap/dist/css/bootstrap-reboot.css using pattern *.gif
         No match for lib/bootstrap/dist/css/bootstrap-reboot.css using pattern *.svg
         No match for lib/bootstrap/dist/css/bootstrap-reboot.css using pattern *.png
         No match for lib/bootstrap/dist/css/bootstrap-reboot.css using pattern *.webp
         No match for lib/bootstrap/dist/css/bootstrap-reboot.css using pattern *.otf
         No match for lib/bootstrap/dist/css/bootstrap-reboot.css using pattern *.woff2
         No match for lib/bootstrap/dist/css/bootstrap-reboot.css using pattern *.m4v
         No match for lib/bootstrap/dist/css/bootstrap-reboot.css using pattern *.mov
         No match for lib/bootstrap/dist/css/bootstrap-reboot.css using pattern *.movie
         No match for lib/bootstrap/dist/css/bootstrap-reboot.css using pattern *.mp2
         No match for lib/bootstrap/dist/css/bootstrap-reboot.css using pattern *.mp4
         No match for lib/bootstrap/dist/css/bootstrap-reboot.css using pattern *.mp4v
         No match for lib/bootstrap/dist/css/bootstrap-reboot.css using pattern *.mpa
         No match for lib/bootstrap/dist/css/bootstrap-reboot.css using pattern *.mpe
         No match for lib/bootstrap/dist/css/bootstrap-reboot.css using pattern *.mpeg
         No match for lib/bootstrap/dist/css/bootstrap-reboot.css using pattern *.mpg
         No match for lib/bootstrap/dist/css/bootstrap-reboot.css using pattern *.mpv2
         No match for lib/bootstrap/dist/css/bootstrap-reboot.css using pattern *.nsc
         No match for lib/bootstrap/dist/css/bootstrap-reboot.css using pattern *.ogg
         No match for lib/bootstrap/dist/css/bootstrap-reboot.css using pattern *.ogv
         No match for lib/bootstrap/dist/css/bootstrap-reboot.css using pattern *.webm
         No match for lib/bootstrap/dist/css/bootstrap-reboot.css using pattern *.art
         No match for lib/bootstrap/dist/css/bootstrap-reboot.css using pattern *.cmx
         No match for lib/bootstrap/dist/css/bootstrap-reboot.css using pattern *.cod
         No match for lib/bootstrap/dist/css/bootstrap-reboot.css using pattern *.dib
         No match for lib/bootstrap/dist/css/bootstrap-reboot.css using pattern *.ico
         No match for lib/bootstrap/dist/css/bootstrap-reboot.css using pattern *.ief
         No match for lib/bootstrap/dist/css/bootstrap-reboot.css using pattern *.jfif
         No match for lib/bootstrap/dist/css/bootstrap-reboot.css using pattern *.jpe
         No match for lib/bootstrap/dist/css/bootstrap-reboot.css using pattern *.pbm
         No match for lib/bootstrap/dist/css/bootstrap-reboot.css using pattern *.pgm
         No match for lib/bootstrap/dist/css/bootstrap-reboot.css using pattern *.pnm
         No match for lib/bootstrap/dist/css/bootstrap-reboot.css using pattern *.pnz
         No match for lib/bootstrap/dist/css/bootstrap-reboot.css using pattern *.ppm
         No match for lib/bootstrap/dist/css/bootstrap-reboot.css using pattern *.ras
         No match for lib/bootstrap/dist/css/bootstrap-reboot.css using pattern *.rf
         No match for lib/bootstrap/dist/css/bootstrap-reboot.css using pattern *.rgb
         No match for lib/bootstrap/dist/css/bootstrap-reboot.css using pattern *.svgz
         No match for lib/bootstrap/dist/css/bootstrap-reboot.css using pattern *.tif
         No match for lib/bootstrap/dist/css/bootstrap-reboot.css using pattern *.tiff
         No match for lib/bootstrap/dist/css/bootstrap-reboot.css using pattern *.wbmp
         No match for lib/bootstrap/dist/css/bootstrap-reboot.css using pattern *.xbm
         No match for lib/bootstrap/dist/css/bootstrap-reboot.css using pattern *.xpm
         No match for lib/bootstrap/dist/css/bootstrap-reboot.css using pattern *.xwd
         No match for lib/bootstrap/dist/css/bootstrap-reboot.css using pattern *.3g2
         No match for lib/bootstrap/dist/css/bootstrap-reboot.css using pattern *.3gp2
         No match for lib/bootstrap/dist/css/bootstrap-reboot.css using pattern *.3gp
         No match for lib/bootstrap/dist/css/bootstrap-reboot.css using pattern *.3gpp
         No match for lib/bootstrap/dist/css/bootstrap-reboot.css using pattern *.asf
         No match for lib/bootstrap/dist/css/bootstrap-reboot.css using pattern *.asr
         No match for lib/bootstrap/dist/css/bootstrap-reboot.css using pattern *.asx
         No match for lib/bootstrap/dist/css/bootstrap-reboot.css using pattern *.avi
         No match for lib/bootstrap/dist/css/bootstrap-reboot.css using pattern *.dvr
         No match for lib/bootstrap/dist/css/bootstrap-reboot.css using pattern *.flv
         No match for lib/bootstrap/dist/css/bootstrap-reboot.css using pattern *.IVF
         No match for lib/bootstrap/dist/css/bootstrap-reboot.css using pattern *.lsf
         No match for lib/bootstrap/dist/css/bootstrap-reboot.css using pattern *.lsx
         No match for lib/bootstrap/dist/css/bootstrap-reboot.css using pattern *.m1v
         No match for lib/bootstrap/dist/css/bootstrap-reboot.css using pattern *.m2ts
         No match for lib/bootstrap/dist/css/bootstrap-reboot.css using pattern *.qt
         No match for lib/bootstrap/dist/css/bootstrap-reboot.css using pattern *.ts
         No match for lib/bootstrap/dist/css/bootstrap-reboot.css using pattern *.tts
         No match for lib/bootstrap/dist/css/bootstrap-reboot.css using pattern *.wm
         No match for lib/bootstrap/dist/css/bootstrap-reboot.css using pattern *.wmp
         No match for lib/bootstrap/dist/css/bootstrap-reboot.css using pattern *.wmv
         No match for lib/bootstrap/dist/css/bootstrap-reboot.css using pattern *.wmx
         No match for lib/bootstrap/dist/css/bootstrap-reboot.css using pattern *.wtv
         No match for lib/bootstrap/dist/css/bootstrap-reboot.css using pattern *.wvx
         File C:\Users\user\OneDrive\╨а╨░╨▒╨╛╤З╨╕╨╣ ╤Б╤В╨╛╨╗\regi\WebApplication15\wwwroot\lib\bootstrap\dist\css\bootstrap-reboot.css exists.
         Adding endpoint lib/bootstrap/dist/css/bootstrap-reboot.css for asset C:\Users\user\OneDrive\╨а╨░╨▒╨╛╤З╨╕╨╣ ╤Б╤В╨╛╨╗\regi\WebApplication15\wwwroot\lib\bootstrap\dist\css\bootstrap-reboot.css.
         Adding endpoint lib/bootstrap/dist/css/bootstrap-reboot.ub07r2b239.css for asset C:\Users\user\OneDrive\╨а╨░╨▒╨╛╤З╨╕╨╣ ╤Б╤В╨╛╨╗\regi\WebApplication15\wwwroot\lib\bootstrap\dist\css\bootstrap-reboot.css.
         No match for lib/bootstrap/dist/css/bootstrap-reboot.css.map using pattern *.bmp
         No match for lib/bootstrap/dist/css/bootstrap-reboot.css.map using pattern *.jpeg
         No match for lib/bootstrap/dist/css/bootstrap-reboot.css.map using pattern *.jpg
         No match for lib/bootstrap/dist/css/bootstrap-reboot.css.map using pattern *.gif
         No match for lib/bootstrap/dist/css/bootstrap-reboot.css.map using pattern *.svg
         No match for lib/bootstrap/dist/css/bootstrap-reboot.css.map using pattern *.png
         No match for lib/bootstrap/dist/css/bootstrap-reboot.css.map using pattern *.webp
         No match for lib/bootstrap/dist/css/bootstrap-reboot.css.map using pattern *.otf
         No match for lib/bootstrap/dist/css/bootstrap-reboot.css.map using pattern *.woff2
         No match for lib/bootstrap/dist/css/bootstrap-reboot.css.map using pattern *.m4v
         No match for lib/bootstrap/dist/css/bootstrap-reboot.css.map using pattern *.mov
         No match for lib/bootstrap/dist/css/bootstrap-reboot.css.map using pattern *.movie
         No match for lib/bootstrap/dist/css/bootstrap-reboot.css.map using pattern *.mp2
         No match for lib/bootstrap/dist/css/bootstrap-reboot.css.map using pattern *.mp4
         No match for lib/bootstrap/dist/css/bootstrap-reboot.css.map using pattern *.mp4v
         No match for lib/bootstrap/dist/css/bootstrap-reboot.css.map using pattern *.mpa
         No match for lib/bootstrap/dist/css/bootstrap-reboot.css.map using pattern *.mpe
         No match for lib/bootstrap/dist/css/bootstrap-reboot.css.map using pattern *.mpeg
         No match for lib/bootstrap/dist/css/bootstrap-reboot.css.map using pattern *.mpg
         No match for lib/bootstrap/dist/css/bootstrap-reboot.css.map using pattern *.mpv2
         No match for lib/bootstrap/dist/css/bootstrap-reboot.css.map using pattern *.nsc
         No match for lib/bootstrap/dist/css/bootstrap-reboot.css.map using pattern *.ogg
         No match for lib/bootstrap/dist/css/bootstrap-reboot.css.map using pattern *.ogv
         No match for lib/bootstrap/dist/css/bootstrap-reboot.css.map using pattern *.webm
         No match for lib/bootstrap/dist/css/bootstrap-reboot.css.map using pattern *.art
         No match for lib/bootstrap/dist/css/bootstrap-reboot.css.map using pattern *.cmx
         No match for lib/bootstrap/dist/css/bootstrap-reboot.css.map using pattern *.cod
         No match for lib/bootstrap/dist/css/bootstrap-reboot.css.map using pattern *.dib
         No match for lib/bootstrap/dist/css/bootstrap-reboot.css.map using pattern *.ico
         No match for lib/bootstrap/dist/css/bootstrap-reboot.css.map using pattern *.ief
         No match for lib/bootstrap/dist/css/bootstrap-reboot.css.map using pattern *.jfif
         No match for lib/bootstrap/dist/css/bootstrap-reboot.css.map using pattern *.jpe
         No match for lib/bootstrap/dist/css/bootstrap-reboot.css.map using pattern *.pbm
         No match for lib/bootstrap/dist/css/bootstrap-reboot.css.map using pattern *.pgm
         No match for lib/bootstrap/dist/css/bootstrap-reboot.css.map using pattern *.pnm
         No match for lib/bootstrap/dist/css/bootstrap-reboot.css.map using pattern *.pnz
         No match for lib/bootstrap/dist/css/bootstrap-reboot.css.map using pattern *.ppm
         No match for lib/bootstrap/dist/css/bootstrap-reboot.css.map using pattern *.ras
         No match for lib/bootstrap/dist/css/bootstrap-reboot.css.map using pattern *.rf
         No match for lib/bootstrap/dist/css/bootstrap-reboot.css.map using pattern *.rgb
         No match for lib/bootstrap/dist/css/bootstrap-reboot.css.map using pattern *.svgz
         No match for lib/bootstrap/dist/css/bootstrap-reboot.css.map using pattern *.tif
         No match for lib/bootstrap/dist/css/bootstrap-reboot.css.map using pattern *.tiff
         No match for lib/bootstrap/dist/css/bootstrap-reboot.css.map using pattern *.wbmp
         No match for lib/bootstrap/dist/css/bootstrap-reboot.css.map using pattern *.xbm
         No match for lib/bootstrap/dist/css/bootstrap-reboot.css.map using pattern *.xpm
         No match for lib/bootstrap/dist/css/bootstrap-reboot.css.map using pattern *.xwd
         No match for lib/bootstrap/dist/css/bootstrap-reboot.css.map using pattern *.3g2
         No match for lib/bootstrap/dist/css/bootstrap-reboot.css.map using pattern *.3gp2
         No match for lib/bootstrap/dist/css/bootstrap-reboot.css.map using pattern *.3gp
         No match for lib/bootstrap/dist/css/bootstrap-reboot.css.map using pattern *.3gpp
         No match for lib/bootstrap/dist/css/bootstrap-reboot.css.map using pattern *.asf
         No match for lib/bootstrap/dist/css/bootstrap-reboot.css.map using pattern *.asr
         No match for lib/bootstrap/dist/css/bootstrap-reboot.css.map using pattern *.asx
         No match for lib/bootstrap/dist/css/bootstrap-reboot.css.map using pattern *.avi
         No match for lib/bootstrap/dist/css/bootstrap-reboot.css.map using pattern *.dvr
         No match for lib/bootstrap/dist/css/bootstrap-reboot.css.map using pattern *.flv
         No match for lib/bootstrap/dist/css/bootstrap-reboot.css.map using pattern *.IVF
         No match for lib/bootstrap/dist/css/bootstrap-reboot.css.map using pattern *.lsf
         No match for lib/bootstrap/dist/css/bootstrap-reboot.css.map using pattern *.lsx
         No match for lib/bootstrap/dist/css/bootstrap-reboot.css.map using pattern *.m1v
         No match for lib/bootstrap/dist/css/bootstrap-reboot.css.map using pattern *.m2ts
         No match for lib/bootstrap/dist/css/bootstrap-reboot.css.map using pattern *.qt
         No match for lib/bootstrap/dist/css/bootstrap-reboot.css.map using pattern *.ts
         No match for lib/bootstrap/dist/css/bootstrap-reboot.css.map using pattern *.tts
         No match for lib/bootstrap/dist/css/bootstrap-reboot.css.map using pattern *.wm
         No match for lib/bootstrap/dist/css/bootstrap-reboot.css.map using pattern *.wmp
         No match for lib/bootstrap/dist/css/bootstrap-reboot.css.map using pattern *.wmv
         No match for lib/bootstrap/dist/css/bootstrap-reboot.css.map using pattern *.wmx
         No match for lib/bootstrap/dist/css/bootstrap-reboot.css.map using pattern *.wtv
         No match for lib/bootstrap/dist/css/bootstrap-reboot.css.map using pattern *.wvx
         File C:\Users\user\OneDrive\╨а╨░╨▒╨╛╤З╨╕╨╣ ╤Б╤В╨╛╨╗\regi\WebApplication15\wwwroot\lib\bootstrap\dist\css\bootstrap-reboot.css.map exists.
         No match for lib/bootstrap/dist/css/bootstrap-reboot.css.map using pattern *.bmp
         No match for lib/bootstrap/dist/css/bootstrap-reboot.css.map using pattern *.jpeg
         No match for lib/bootstrap/dist/css/bootstrap-reboot.css.map using pattern *.jpg
         No match for lib/bootstrap/dist/css/bootstrap-reboot.css.map using pattern *.gif
         No match for lib/bootstrap/dist/css/bootstrap-reboot.css.map using pattern *.svg
         No match for lib/bootstrap/dist/css/bootstrap-reboot.css.map using pattern *.png
         No match for lib/bootstrap/dist/css/bootstrap-reboot.css.map using pattern *.webp
         No match for lib/bootstrap/dist/css/bootstrap-reboot.css.map using pattern *.otf
         No match for lib/bootstrap/dist/css/bootstrap-reboot.css.map using pattern *.woff2
         No match for lib/bootstrap/dist/css/bootstrap-reboot.css.map using pattern *.m4v
         No match for lib/bootstrap/dist/css/bootstrap-reboot.css.map using pattern *.mov
         No match for lib/bootstrap/dist/css/bootstrap-reboot.css.map using pattern *.movie
         No match for lib/bootstrap/dist/css/bootstrap-reboot.css.map using pattern *.mp2
         No match for lib/bootstrap/dist/css/bootstrap-reboot.css.map using pattern *.mp4
         No match for lib/bootstrap/dist/css/bootstrap-reboot.css.map using pattern *.mp4v
         No match for lib/bootstrap/dist/css/bootstrap-reboot.css.map using pattern *.mpa
         No match for lib/bootstrap/dist/css/bootstrap-reboot.css.map using pattern *.mpe
         No match for lib/bootstrap/dist/css/bootstrap-reboot.css.map using pattern *.mpeg
         No match for lib/bootstrap/dist/css/bootstrap-reboot.css.map using pattern *.mpg
         No match for lib/bootstrap/dist/css/bootstrap-reboot.css.map using pattern *.mpv2
         No match for lib/bootstrap/dist/css/bootstrap-reboot.css.map using pattern *.nsc
         No match for lib/bootstrap/dist/css/bootstrap-reboot.css.map using pattern *.ogg
         No match for lib/bootstrap/dist/css/bootstrap-reboot.css.map using pattern *.ogv
         No match for lib/bootstrap/dist/css/bootstrap-reboot.css.map using pattern *.webm
         No match for lib/bootstrap/dist/css/bootstrap-reboot.css.map using pattern *.art
         No match for lib/bootstrap/dist/css/bootstrap-reboot.css.map using pattern *.cmx
         No match for lib/bootstrap/dist/css/bootstrap-reboot.css.map using pattern *.cod
         No match for lib/bootstrap/dist/css/bootstrap-reboot.css.map using pattern *.dib
         No match for lib/bootstrap/dist/css/bootstrap-reboot.css.map using pattern *.ico
         No match for lib/bootstrap/dist/css/bootstrap-reboot.css.map using pattern *.ief
         No match for lib/bootstrap/dist/css/bootstrap-reboot.css.map using pattern *.jfif
         No match for lib/bootstrap/dist/css/bootstrap-reboot.css.map using pattern *.jpe
         No match for lib/bootstrap/dist/css/bootstrap-reboot.css.map using pattern *.pbm
         No match for lib/bootstrap/dist/css/bootstrap-reboot.css.map using pattern *.pgm
         No match for lib/bootstrap/dist/css/bootstrap-reboot.css.map using pattern *.pnm
         No match for lib/bootstrap/dist/css/bootstrap-reboot.css.map using pattern *.pnz
         No match for lib/bootstrap/dist/css/bootstrap-reboot.css.map using pattern *.ppm
         No match for lib/bootstrap/dist/css/bootstrap-reboot.css.map using pattern *.ras
         No match for lib/bootstrap/dist/css/bootstrap-reboot.css.map using pattern *.rf
         No match for lib/bootstrap/dist/css/bootstrap-reboot.css.map using pattern *.rgb
         No match for lib/bootstrap/dist/css/bootstrap-reboot.css.map using pattern *.svgz
         No match for lib/bootstrap/dist/css/bootstrap-reboot.css.map using pattern *.tif
         No match for lib/bootstrap/dist/css/bootstrap-reboot.css.map using pattern *.tiff
         No match for lib/bootstrap/dist/css/bootstrap-reboot.css.map using pattern *.wbmp
         No match for lib/bootstrap/dist/css/bootstrap-reboot.css.map using pattern *.xbm
         No match for lib/bootstrap/dist/css/bootstrap-reboot.css.map using pattern *.xpm
         No match for lib/bootstrap/dist/css/bootstrap-reboot.css.map using pattern *.xwd
         No match for lib/bootstrap/dist/css/bootstrap-reboot.css.map using pattern *.3g2
         No match for lib/bootstrap/dist/css/bootstrap-reboot.css.map using pattern *.3gp2
         No match for lib/bootstrap/dist/css/bootstrap-reboot.css.map using pattern *.3gp
         No match for lib/bootstrap/dist/css/bootstrap-reboot.css.map using pattern *.3gpp
         No match for lib/bootstrap/dist/css/bootstrap-reboot.css.map using pattern *.asf
         No match for lib/bootstrap/dist/css/bootstrap-reboot.css.map using pattern *.asr
         No match for lib/bootstrap/dist/css/bootstrap-reboot.css.map using pattern *.asx
         No match for lib/bootstrap/dist/css/bootstrap-reboot.css.map using pattern *.avi
         No match for lib/bootstrap/dist/css/bootstrap-reboot.css.map using pattern *.dvr
         No match for lib/bootstrap/dist/css/bootstrap-reboot.css.map using pattern *.flv
         No match for lib/bootstrap/dist/css/bootstrap-reboot.css.map using pattern *.IVF
         No match for lib/bootstrap/dist/css/bootstrap-reboot.css.map using pattern *.lsf
         No match for lib/bootstrap/dist/css/bootstrap-reboot.css.map using pattern *.lsx
         No match for lib/bootstrap/dist/css/bootstrap-reboot.css.map using pattern *.m1v
         No match for lib/bootstrap/dist/css/bootstrap-reboot.css.map using pattern *.m2ts
         No match for lib/bootstrap/dist/css/bootstrap-reboot.css.map using pattern *.qt
         No match for lib/bootstrap/dist/css/bootstrap-reboot.css.map using pattern *.ts
         No match for lib/bootstrap/dist/css/bootstrap-reboot.css.map using pattern *.tts
         No match for lib/bootstrap/dist/css/bootstrap-reboot.css.map using pattern *.wm
         No match for lib/bootstrap/dist/css/bootstrap-reboot.css.map using pattern *.wmp
         No match for lib/bootstrap/dist/css/bootstrap-reboot.css.map using pattern *.wmv
         No match for lib/bootstrap/dist/css/bootstrap-reboot.css.map using pattern *.wmx
         No match for lib/bootstrap/dist/css/bootstrap-reboot.css.map using pattern *.wtv
         No match for lib/bootstrap/dist/css/bootstrap-reboot.css.map using pattern *.wvx
         File C:\Users\user\OneDrive\╨а╨░╨▒╨╛╤З╨╕╨╣ ╤Б╤В╨╛╨╗\regi\WebApplication15\wwwroot\lib\bootstrap\dist\css\bootstrap-reboot.css.map exists.
         Adding endpoint lib/bootstrap/dist/css/bootstrap-reboot.css.map for asset C:\Users\user\OneDrive\╨а╨░╨▒╨╛╤З╨╕╨╣ ╤Б╤В╨╛╨╗\regi\WebApplication15\wwwroot\lib\bootstrap\dist\css\bootstrap-reboot.css.map.
         Adding endpoint lib/bootstrap/dist/css/bootstrap-reboot.css.fvhpjtyr6v.map for asset C:\Users\user\OneDrive\╨а╨░╨▒╨╛╤З╨╕╨╣ ╤Б╤В╨╛╨╗\regi\WebApplication15\wwwroot\lib\bootstrap\dist\css\bootstrap-reboot.css.map.
         No match for lib/bootstrap/dist/css/bootstrap-reboot.min.css using pattern *.bmp
         No match for lib/bootstrap/dist/css/bootstrap-reboot.min.css using pattern *.jpeg
         No match for lib/bootstrap/dist/css/bootstrap-reboot.min.css using pattern *.jpg
         No match for lib/bootstrap/dist/css/bootstrap-reboot.min.css using pattern *.gif
         No match for lib/bootstrap/dist/css/bootstrap-reboot.min.css using pattern *.svg
         No match for lib/bootstrap/dist/css/bootstrap-reboot.min.css using pattern *.png
         No match for lib/bootstrap/dist/css/bootstrap-reboot.min.css using pattern *.webp
         No match for lib/bootstrap/dist/css/bootstrap-reboot.min.css using pattern *.otf
         No match for lib/bootstrap/dist/css/bootstrap-reboot.min.css using pattern *.woff2
         No match for lib/bootstrap/dist/css/bootstrap-reboot.min.css using pattern *.m4v
         No match for lib/bootstrap/dist/css/bootstrap-reboot.min.css using pattern *.mov
         No match for lib/bootstrap/dist/css/bootstrap-reboot.min.css using pattern *.movie
         No match for lib/bootstrap/dist/css/bootstrap-reboot.min.css using pattern *.mp2
         No match for lib/bootstrap/dist/css/bootstrap-reboot.min.css using pattern *.mp4
         No match for lib/bootstrap/dist/css/bootstrap-reboot.min.css using pattern *.mp4v
         No match for lib/bootstrap/dist/css/bootstrap-reboot.min.css using pattern *.mpa
         No match for lib/bootstrap/dist/css/bootstrap-reboot.min.css using pattern *.mpe
         No match for lib/bootstrap/dist/css/bootstrap-reboot.min.css using pattern *.mpeg
         No match for lib/bootstrap/dist/css/bootstrap-reboot.min.css using pattern *.mpg
         No match for lib/bootstrap/dist/css/bootstrap-reboot.min.css using pattern *.mpv2
         No match for lib/bootstrap/dist/css/bootstrap-reboot.min.css using pattern *.nsc
         No match for lib/bootstrap/dist/css/bootstrap-reboot.min.css using pattern *.ogg
         No match for lib/bootstrap/dist/css/bootstrap-reboot.min.css using pattern *.ogv
         No match for lib/bootstrap/dist/css/bootstrap-reboot.min.css using pattern *.webm
         No match for lib/bootstrap/dist/css/bootstrap-reboot.min.css using pattern *.art
         No match for lib/bootstrap/dist/css/bootstrap-reboot.min.css using pattern *.cmx
         No match for lib/bootstrap/dist/css/bootstrap-reboot.min.css using pattern *.cod
         No match for lib/bootstrap/dist/css/bootstrap-reboot.min.css using pattern *.dib
         No match for lib/bootstrap/dist/css/bootstrap-reboot.min.css using pattern *.ico
         No match for lib/bootstrap/dist/css/bootstrap-reboot.min.css using pattern *.ief
         No match for lib/bootstrap/dist/css/bootstrap-reboot.min.css using pattern *.jfif
         No match for lib/bootstrap/dist/css/bootstrap-reboot.min.css using pattern *.jpe
         No match for lib/bootstrap/dist/css/bootstrap-reboot.min.css using pattern *.pbm
         No match for lib/bootstrap/dist/css/bootstrap-reboot.min.css using pattern *.pgm
         No match for lib/bootstrap/dist/css/bootstrap-reboot.min.css using pattern *.pnm
         No match for lib/bootstrap/dist/css/bootstrap-reboot.min.css using pattern *.pnz
         No match for lib/bootstrap/dist/css/bootstrap-reboot.min.css using pattern *.ppm
         No match for lib/bootstrap/dist/css/bootstrap-reboot.min.css using pattern *.ras
         No match for lib/bootstrap/dist/css/bootstrap-reboot.min.css using pattern *.rf
         No match for lib/bootstrap/dist/css/bootstrap-reboot.min.css using pattern *.rgb
         No match for lib/bootstrap/dist/css/bootstrap-reboot.min.css using pattern *.svgz
         No match for lib/bootstrap/dist/css/bootstrap-reboot.min.css using pattern *.tif
         No match for lib/bootstrap/dist/css/bootstrap-reboot.min.css using pattern *.tiff
         No match for lib/bootstrap/dist/css/bootstrap-reboot.min.css using pattern *.wbmp
         No match for lib/bootstrap/dist/css/bootstrap-reboot.min.css using pattern *.xbm
         No match for lib/bootstrap/dist/css/bootstrap-reboot.min.css using pattern *.xpm
         No match for lib/bootstrap/dist/css/bootstrap-reboot.min.css using pattern *.xwd
         No match for lib/bootstrap/dist/css/bootstrap-reboot.min.css using pattern *.3g2
         No match for lib/bootstrap/dist/css/bootstrap-reboot.min.css using pattern *.3gp2
         No match for lib/bootstrap/dist/css/bootstrap-reboot.min.css using pattern *.3gp
         No match for lib/bootstrap/dist/css/bootstrap-reboot.min.css using pattern *.3gpp
         No match for lib/bootstrap/dist/css/bootstrap-reboot.min.css using pattern *.asf
         No match for lib/bootstrap/dist/css/bootstrap-reboot.min.css using pattern *.asr
         No match for lib/bootstrap/dist/css/bootstrap-reboot.min.css using pattern *.asx
         No match for lib/bootstrap/dist/css/bootstrap-reboot.min.css using pattern *.avi
         No match for lib/bootstrap/dist/css/bootstrap-reboot.min.css using pattern *.dvr
         No match for lib/bootstrap/dist/css/bootstrap-reboot.min.css using pattern *.flv
         No match for lib/bootstrap/dist/css/bootstrap-reboot.min.css using pattern *.IVF
         No match for lib/bootstrap/dist/css/bootstrap-reboot.min.css using pattern *.lsf
         No match for lib/bootstrap/dist/css/bootstrap-reboot.min.css using pattern *.lsx
         No match for lib/bootstrap/dist/css/bootstrap-reboot.min.css using pattern *.m1v
         No match for lib/bootstrap/dist/css/bootstrap-reboot.min.css using pattern *.m2ts
         No match for lib/bootstrap/dist/css/bootstrap-reboot.min.css using pattern *.qt
         No match for lib/bootstrap/dist/css/bootstrap-reboot.min.css using pattern *.ts
         No match for lib/bootstrap/dist/css/bootstrap-reboot.min.css using pattern *.tts
         No match for lib/bootstrap/dist/css/bootstrap-reboot.min.css using pattern *.wm
         No match for lib/bootstrap/dist/css/bootstrap-reboot.min.css using pattern *.wmp
         No match for lib/bootstrap/dist/css/bootstrap-reboot.min.css using pattern *.wmv
         No match for lib/bootstrap/dist/css/bootstrap-reboot.min.css using pattern *.wmx
         No match for lib/bootstrap/dist/css/bootstrap-reboot.min.css using pattern *.wtv
         No match for lib/bootstrap/dist/css/bootstrap-reboot.min.css using pattern *.wvx
         File C:\Users\user\OneDrive\╨а╨░╨▒╨╛╤З╨╕╨╣ ╤Б╤В╨╛╨╗\regi\WebApplication15\wwwroot\lib\bootstrap\dist\css\bootstrap-reboot.min.css exists.
         No match for lib/bootstrap/dist/css/bootstrap-reboot.min.css using pattern *.bmp
         No match for lib/bootstrap/dist/css/bootstrap-reboot.min.css using pattern *.jpeg
         No match for lib/bootstrap/dist/css/bootstrap-reboot.min.css using pattern *.jpg
         No match for lib/bootstrap/dist/css/bootstrap-reboot.min.css using pattern *.gif
         No match for lib/bootstrap/dist/css/bootstrap-reboot.min.css using pattern *.svg
         No match for lib/bootstrap/dist/css/bootstrap-reboot.min.css using pattern *.png
         No match for lib/bootstrap/dist/css/bootstrap-reboot.min.css using pattern *.webp
         No match for lib/bootstrap/dist/css/bootstrap-reboot.min.css using pattern *.otf
         No match for lib/bootstrap/dist/css/bootstrap-reboot.min.css using pattern *.woff2
         No match for lib/bootstrap/dist/css/bootstrap-reboot.min.css using pattern *.m4v
         No match for lib/bootstrap/dist/css/bootstrap-reboot.min.css using pattern *.mov
         No match for lib/bootstrap/dist/css/bootstrap-reboot.min.css using pattern *.movie
         No match for lib/bootstrap/dist/css/bootstrap-reboot.min.css using pattern *.mp2
         No match for lib/bootstrap/dist/css/bootstrap-reboot.min.css using pattern *.mp4
         No match for lib/bootstrap/dist/css/bootstrap-reboot.min.css using pattern *.mp4v
         No match for lib/bootstrap/dist/css/bootstrap-reboot.min.css using pattern *.mpa
         No match for lib/bootstrap/dist/css/bootstrap-reboot.min.css using pattern *.mpe
         No match for lib/bootstrap/dist/css/bootstrap-reboot.min.css using pattern *.mpeg
         No match for lib/bootstrap/dist/css/bootstrap-reboot.min.css using pattern *.mpg
         No match for lib/bootstrap/dist/css/bootstrap-reboot.min.css using pattern *.mpv2
         No match for lib/bootstrap/dist/css/bootstrap-reboot.min.css using pattern *.nsc
         No match for lib/bootstrap/dist/css/bootstrap-reboot.min.css using pattern *.ogg
         No match for lib/bootstrap/dist/css/bootstrap-reboot.min.css using pattern *.ogv
         No match for lib/bootstrap/dist/css/bootstrap-reboot.min.css using pattern *.webm
         No match for lib/bootstrap/dist/css/bootstrap-reboot.min.css using pattern *.art
         No match for lib/bootstrap/dist/css/bootstrap-reboot.min.css using pattern *.cmx
         No match for lib/bootstrap/dist/css/bootstrap-reboot.min.css using pattern *.cod
         No match for lib/bootstrap/dist/css/bootstrap-reboot.min.css using pattern *.dib
         No match for lib/bootstrap/dist/css/bootstrap-reboot.min.css using pattern *.ico
         No match for lib/bootstrap/dist/css/bootstrap-reboot.min.css using pattern *.ief
         No match for lib/bootstrap/dist/css/bootstrap-reboot.min.css using pattern *.jfif
         No match for lib/bootstrap/dist/css/bootstrap-reboot.min.css using pattern *.jpe
         No match for lib/bootstrap/dist/css/bootstrap-reboot.min.css using pattern *.pbm
         No match for lib/bootstrap/dist/css/bootstrap-reboot.min.css using pattern *.pgm
         No match for lib/bootstrap/dist/css/bootstrap-reboot.min.css using pattern *.pnm
         No match for lib/bootstrap/dist/css/bootstrap-reboot.min.css using pattern *.pnz
         No match for lib/bootstrap/dist/css/bootstrap-reboot.min.css using pattern *.ppm
         No match for lib/bootstrap/dist/css/bootstrap-reboot.min.css using pattern *.ras
         No match for lib/bootstrap/dist/css/bootstrap-reboot.min.css using pattern *.rf
         No match for lib/bootstrap/dist/css/bootstrap-reboot.min.css using pattern *.rgb
         No match for lib/bootstrap/dist/css/bootstrap-reboot.min.css using pattern *.svgz
         No match for lib/bootstrap/dist/css/bootstrap-reboot.min.css using pattern *.tif
         No match for lib/bootstrap/dist/css/bootstrap-reboot.min.css using pattern *.tiff
         No match for lib/bootstrap/dist/css/bootstrap-reboot.min.css using pattern *.wbmp
         No match for lib/bootstrap/dist/css/bootstrap-reboot.min.css using pattern *.xbm
         No match for lib/bootstrap/dist/css/bootstrap-reboot.min.css using pattern *.xpm
         No match for lib/bootstrap/dist/css/bootstrap-reboot.min.css using pattern *.xwd
         No match for lib/bootstrap/dist/css/bootstrap-reboot.min.css using pattern *.3g2
         No match for lib/bootstrap/dist/css/bootstrap-reboot.min.css using pattern *.3gp2
         No match for lib/bootstrap/dist/css/bootstrap-reboot.min.css using pattern *.3gp
         No match for lib/bootstrap/dist/css/bootstrap-reboot.min.css using pattern *.3gpp
         No match for lib/bootstrap/dist/css/bootstrap-reboot.min.css using pattern *.asf
         No match for lib/bootstrap/dist/css/bootstrap-reboot.min.css using pattern *.asr
         No match for lib/bootstrap/dist/css/bootstrap-reboot.min.css using pattern *.asx
         No match for lib/bootstrap/dist/css/bootstrap-reboot.min.css using pattern *.avi
         No match for lib/bootstrap/dist/css/bootstrap-reboot.min.css using pattern *.dvr
         No match for lib/bootstrap/dist/css/bootstrap-reboot.min.css using pattern *.flv
         No match for lib/bootstrap/dist/css/bootstrap-reboot.min.css using pattern *.IVF
         No match for lib/bootstrap/dist/css/bootstrap-reboot.min.css using pattern *.lsf
         No match for lib/bootstrap/dist/css/bootstrap-reboot.min.css using pattern *.lsx
         No match for lib/bootstrap/dist/css/bootstrap-reboot.min.css using pattern *.m1v
         No match for lib/bootstrap/dist/css/bootstrap-reboot.min.css using pattern *.m2ts
         No match for lib/bootstrap/dist/css/bootstrap-reboot.min.css using pattern *.qt
         No match for lib/bootstrap/dist/css/bootstrap-reboot.min.css using pattern *.ts
         No match for lib/bootstrap/dist/css/bootstrap-reboot.min.css using pattern *.tts
         No match for lib/bootstrap/dist/css/bootstrap-reboot.min.css using pattern *.wm
         No match for lib/bootstrap/dist/css/bootstrap-reboot.min.css using pattern *.wmp
         No match for lib/bootstrap/dist/css/bootstrap-reboot.min.css using pattern *.wmv
         No match for lib/bootstrap/dist/css/bootstrap-reboot.min.css using pattern *.wmx
         No match for lib/bootstrap/dist/css/bootstrap-reboot.min.css using pattern *.wtv
         No match for lib/bootstrap/dist/css/bootstrap-reboot.min.css using pattern *.wvx
         File C:\Users\user\OneDrive\╨а╨░╨▒╨╛╤З╨╕╨╣ ╤Б╤В╨╛╨╗\regi\WebApplication15\wwwroot\lib\bootstrap\dist\css\bootstrap-reboot.min.css exists.
         Adding endpoint lib/bootstrap/dist/css/bootstrap-reboot.min.css for asset C:\Users\user\OneDrive\╨а╨░╨▒╨╛╤З╨╕╨╣ ╤Б╤В╨╛╨╗\regi\WebApplication15\wwwroot\lib\bootstrap\dist\css\bootstrap-reboot.min.css.
         Adding endpoint lib/bootstrap/dist/css/bootstrap-reboot.min.b7pk76d08c.css for asset C:\Users\user\OneDrive\╨а╨░╨▒╨╛╤З╨╕╨╣ ╤Б╤В╨╛╨╗\regi\WebApplication15\wwwroot\lib\bootstrap\dist\css\bootstrap-reboot.min.css.
         No match for lib/bootstrap/dist/css/bootstrap-reboot.min.css.map using pattern *.bmp
         No match for lib/bootstrap/dist/css/bootstrap-reboot.min.css.map using pattern *.jpeg
         No match for lib/bootstrap/dist/css/bootstrap-reboot.min.css.map using pattern *.jpg
         No match for lib/bootstrap/dist/css/bootstrap-reboot.min.css.map using pattern *.gif
         No match for lib/bootstrap/dist/css/bootstrap-reboot.min.css.map using pattern *.svg
         No match for lib/bootstrap/dist/css/bootstrap-reboot.min.css.map using pattern *.png
         No match for lib/bootstrap/dist/css/bootstrap-reboot.min.css.map using pattern *.webp
         No match for lib/bootstrap/dist/css/bootstrap-reboot.min.css.map using pattern *.otf
         No match for lib/bootstrap/dist/css/bootstrap-reboot.min.css.map using pattern *.woff2
         No match for lib/bootstrap/dist/css/bootstrap-reboot.min.css.map using pattern *.m4v
         No match for lib/bootstrap/dist/css/bootstrap-reboot.min.css.map using pattern *.mov
         No match for lib/bootstrap/dist/css/bootstrap-reboot.min.css.map using pattern *.movie
         No match for lib/bootstrap/dist/css/bootstrap-reboot.min.css.map using pattern *.mp2
         No match for lib/bootstrap/dist/css/bootstrap-reboot.min.css.map using pattern *.mp4
         No match for lib/bootstrap/dist/css/bootstrap-reboot.min.css.map using pattern *.mp4v
         No match for lib/bootstrap/dist/css/bootstrap-reboot.min.css.map using pattern *.mpa
         No match for lib/bootstrap/dist/css/bootstrap-reboot.min.css.map using pattern *.mpe
         No match for lib/bootstrap/dist/css/bootstrap-reboot.min.css.map using pattern *.mpeg
         No match for lib/bootstrap/dist/css/bootstrap-reboot.min.css.map using pattern *.mpg
         No match for lib/bootstrap/dist/css/bootstrap-reboot.min.css.map using pattern *.mpv2
         No match for lib/bootstrap/dist/css/bootstrap-reboot.min.css.map using pattern *.nsc
         No match for lib/bootstrap/dist/css/bootstrap-reboot.min.css.map using pattern *.ogg
         No match for lib/bootstrap/dist/css/bootstrap-reboot.min.css.map using pattern *.ogv
         No match for lib/bootstrap/dist/css/bootstrap-reboot.min.css.map using pattern *.webm
         No match for lib/bootstrap/dist/css/bootstrap-reboot.min.css.map using pattern *.art
         No match for lib/bootstrap/dist/css/bootstrap-reboot.min.css.map using pattern *.cmx
         No match for lib/bootstrap/dist/css/bootstrap-reboot.min.css.map using pattern *.cod
         No match for lib/bootstrap/dist/css/bootstrap-reboot.min.css.map using pattern *.dib
         No match for lib/bootstrap/dist/css/bootstrap-reboot.min.css.map using pattern *.ico
         No match for lib/bootstrap/dist/css/bootstrap-reboot.min.css.map using pattern *.ief
         No match for lib/bootstrap/dist/css/bootstrap-reboot.min.css.map using pattern *.jfif
         No match for lib/bootstrap/dist/css/bootstrap-reboot.min.css.map using pattern *.jpe
         No match for lib/bootstrap/dist/css/bootstrap-reboot.min.css.map using pattern *.pbm
         No match for lib/bootstrap/dist/css/bootstrap-reboot.min.css.map using pattern *.pgm
         No match for lib/bootstrap/dist/css/bootstrap-reboot.min.css.map using pattern *.pnm
         No match for lib/bootstrap/dist/css/bootstrap-reboot.min.css.map using pattern *.pnz
         No match for lib/bootstrap/dist/css/bootstrap-reboot.min.css.map using pattern *.ppm
         No match for lib/bootstrap/dist/css/bootstrap-reboot.min.css.map using pattern *.ras
         No match for lib/bootstrap/dist/css/bootstrap-reboot.min.css.map using pattern *.rf
         No match for lib/bootstrap/dist/css/bootstrap-reboot.min.css.map using pattern *.rgb
         No match for lib/bootstrap/dist/css/bootstrap-reboot.min.css.map using pattern *.svgz
         No match for lib/bootstrap/dist/css/bootstrap-reboot.min.css.map using pattern *.tif
         No match for lib/bootstrap/dist/css/bootstrap-reboot.min.css.map using pattern *.tiff
         No match for lib/bootstrap/dist/css/bootstrap-reboot.min.css.map using pattern *.wbmp
         No match for lib/bootstrap/dist/css/bootstrap-reboot.min.css.map using pattern *.xbm
         No match for lib/bootstrap/dist/css/bootstrap-reboot.min.css.map using pattern *.xpm
         No match for lib/bootstrap/dist/css/bootstrap-reboot.min.css.map using pattern *.xwd
         No match for lib/bootstrap/dist/css/bootstrap-reboot.min.css.map using pattern *.3g2
         No match for lib/bootstrap/dist/css/bootstrap-reboot.min.css.map using pattern *.3gp2
         No match for lib/bootstrap/dist/css/bootstrap-reboot.min.css.map using pattern *.3gp
         No match for lib/bootstrap/dist/css/bootstrap-reboot.min.css.map using pattern *.3gpp
         No match for lib/bootstrap/dist/css/bootstrap-reboot.min.css.map using pattern *.asf
         No match for lib/bootstrap/dist/css/bootstrap-reboot.min.css.map using pattern *.asr
         No match for lib/bootstrap/dist/css/bootstrap-reboot.min.css.map using pattern *.asx
         No match for lib/bootstrap/dist/css/bootstrap-reboot.min.css.map using pattern *.avi
         No match for lib/bootstrap/dist/css/bootstrap-reboot.min.css.map using pattern *.dvr
         No match for lib/bootstrap/dist/css/bootstrap-reboot.min.css.map using pattern *.flv
         No match for lib/bootstrap/dist/css/bootstrap-reboot.min.css.map using pattern *.IVF
         No match for lib/bootstrap/dist/css/bootstrap-reboot.min.css.map using pattern *.lsf
         No match for lib/bootstrap/dist/css/bootstrap-reboot.min.css.map using pattern *.lsx
         No match for lib/bootstrap/dist/css/bootstrap-reboot.min.css.map using pattern *.m1v
         No match for lib/bootstrap/dist/css/bootstrap-reboot.min.css.map using pattern *.m2ts
         No match for lib/bootstrap/dist/css/bootstrap-reboot.min.css.map using pattern *.qt
         No match for lib/bootstrap/dist/css/bootstrap-reboot.min.css.map using pattern *.ts
         No match for lib/bootstrap/dist/css/bootstrap-reboot.min.css.map using pattern *.tts
         No match for lib/bootstrap/dist/css/bootstrap-reboot.min.css.map using pattern *.wm
         No match for lib/bootstrap/dist/css/bootstrap-reboot.min.css.map using pattern *.wmp
         No match for lib/bootstrap/dist/css/bootstrap-reboot.min.css.map using pattern *.wmv
         No match for lib/bootstrap/dist/css/bootstrap-reboot.min.css.map using pattern *.wmx
         No match for lib/bootstrap/dist/css/bootstrap-reboot.min.css.map using pattern *.wtv
         No match for lib/bootstrap/dist/css/bootstrap-reboot.min.css.map using pattern *.wvx
         File C:\Users\user\OneDrive\╨а╨░╨▒╨╛╤З╨╕╨╣ ╤Б╤В╨╛╨╗\regi\WebApplication15\wwwroot\lib\bootstrap\dist\css\bootstrap-reboot.min.css.map exists.
         No match for lib/bootstrap/dist/css/bootstrap-reboot.min.css.map using pattern *.bmp
         No match for lib/bootstrap/dist/css/bootstrap-reboot.min.css.map using pattern *.jpeg
         No match for lib/bootstrap/dist/css/bootstrap-reboot.min.css.map using pattern *.jpg
         No match for lib/bootstrap/dist/css/bootstrap-reboot.min.css.map using pattern *.gif
         No match for lib/bootstrap/dist/css/bootstrap-reboot.min.css.map using pattern *.svg
         No match for lib/bootstrap/dist/css/bootstrap-reboot.min.css.map using pattern *.png
         No match for lib/bootstrap/dist/css/bootstrap-reboot.min.css.map using pattern *.webp
         No match for lib/bootstrap/dist/css/bootstrap-reboot.min.css.map using pattern *.otf
         No match for lib/bootstrap/dist/css/bootstrap-reboot.min.css.map using pattern *.woff2
         No match for lib/bootstrap/dist/css/bootstrap-reboot.min.css.map using pattern *.m4v
         No match for lib/bootstrap/dist/css/bootstrap-reboot.min.css.map using pattern *.mov
         No match for lib/bootstrap/dist/css/bootstrap-reboot.min.css.map using pattern *.movie
         No match for lib/bootstrap/dist/css/bootstrap-reboot.min.css.map using pattern *.mp2
         No match for lib/bootstrap/dist/css/bootstrap-reboot.min.css.map using pattern *.mp4
         No match for lib/bootstrap/dist/css/bootstrap-reboot.min.css.map using pattern *.mp4v
         No match for lib/bootstrap/dist/css/bootstrap-reboot.min.css.map using pattern *.mpa
         No match for lib/bootstrap/dist/css/bootstrap-reboot.min.css.map using pattern *.mpe
         No match for lib/bootstrap/dist/css/bootstrap-reboot.min.css.map using pattern *.mpeg
         No match for lib/bootstrap/dist/css/bootstrap-reboot.min.css.map using pattern *.mpg
         No match for lib/bootstrap/dist/css/bootstrap-reboot.min.css.map using pattern *.mpv2
         No match for lib/bootstrap/dist/css/bootstrap-reboot.min.css.map using pattern *.nsc
         No match for lib/bootstrap/dist/css/bootstrap-reboot.min.css.map using pattern *.ogg
         No match for lib/bootstrap/dist/css/bootstrap-reboot.min.css.map using pattern *.ogv
         No match for lib/bootstrap/dist/css/bootstrap-reboot.min.css.map using pattern *.webm
         No match for lib/bootstrap/dist/css/bootstrap-reboot.min.css.map using pattern *.art
         No match for lib/bootstrap/dist/css/bootstrap-reboot.min.css.map using pattern *.cmx
         No match for lib/bootstrap/dist/css/bootstrap-reboot.min.css.map using pattern *.cod
         No match for lib/bootstrap/dist/css/bootstrap-reboot.min.css.map using pattern *.dib
         No match for lib/bootstrap/dist/css/bootstrap-reboot.min.css.map using pattern *.ico
         No match for lib/bootstrap/dist/css/bootstrap-reboot.min.css.map using pattern *.ief
         No match for lib/bootstrap/dist/css/bootstrap-reboot.min.css.map using pattern *.jfif
         No match for lib/bootstrap/dist/css/bootstrap-reboot.min.css.map using pattern *.jpe
         No match for lib/bootstrap/dist/css/bootstrap-reboot.min.css.map using pattern *.pbm
         No match for lib/bootstrap/dist/css/bootstrap-reboot.min.css.map using pattern *.pgm
         No match for lib/bootstrap/dist/css/bootstrap-reboot.min.css.map using pattern *.pnm
         No match for lib/bootstrap/dist/css/bootstrap-reboot.min.css.map using pattern *.pnz
         No match for lib/bootstrap/dist/css/bootstrap-reboot.min.css.map using pattern *.ppm
         No match for lib/bootstrap/dist/css/bootstrap-reboot.min.css.map using pattern *.ras
         No match for lib/bootstrap/dist/css/bootstrap-reboot.min.css.map using pattern *.rf
         No match for lib/bootstrap/dist/css/bootstrap-reboot.min.css.map using pattern *.rgb
         No match for lib/bootstrap/dist/css/bootstrap-reboot.min.css.map using pattern *.svgz
         No match for lib/bootstrap/dist/css/bootstrap-reboot.min.css.map using pattern *.tif
         No match for lib/bootstrap/dist/css/bootstrap-reboot.min.css.map using pattern *.tiff
         No match for lib/bootstrap/dist/css/bootstrap-reboot.min.css.map using pattern *.wbmp
         No match for lib/bootstrap/dist/css/bootstrap-reboot.min.css.map using pattern *.xbm
         No match for lib/bootstrap/dist/css/bootstrap-reboot.min.css.map using pattern *.xpm
         No match for lib/bootstrap/dist/css/bootstrap-reboot.min.css.map using pattern *.xwd
         No match for lib/bootstrap/dist/css/bootstrap-reboot.min.css.map using pattern *.3g2
         No match for lib/bootstrap/dist/css/bootstrap-reboot.min.css.map using pattern *.3gp2
         No match for lib/bootstrap/dist/css/bootstrap-reboot.min.css.map using pattern *.3gp
         No match for lib/bootstrap/dist/css/bootstrap-reboot.min.css.map using pattern *.3gpp
         No match for lib/bootstrap/dist/css/bootstrap-reboot.min.css.map using pattern *.asf
         No match for lib/bootstrap/dist/css/bootstrap-reboot.min.css.map using pattern *.asr
         No match for lib/bootstrap/dist/css/bootstrap-reboot.min.css.map using pattern *.asx
         No match for lib/bootstrap/dist/css/bootstrap-reboot.min.css.map using pattern *.avi
         No match for lib/bootstrap/dist/css/bootstrap-reboot.min.css.map using pattern *.dvr
         No match for lib/bootstrap/dist/css/bootstrap-reboot.min.css.map using pattern *.flv
         No match for lib/bootstrap/dist/css/bootstrap-reboot.min.css.map using pattern *.IVF
         No match for lib/bootstrap/dist/css/bootstrap-reboot.min.css.map using pattern *.lsf
         No match for lib/bootstrap/dist/css/bootstrap-reboot.min.css.map using pattern *.lsx
         No match for lib/bootstrap/dist/css/bootstrap-reboot.min.css.map using pattern *.m1v
         No match for lib/bootstrap/dist/css/bootstrap-reboot.min.css.map using pattern *.m2ts
         No match for lib/bootstrap/dist/css/bootstrap-reboot.min.css.map using pattern *.qt
         No match for lib/bootstrap/dist/css/bootstrap-reboot.min.css.map using pattern *.ts
         No match for lib/bootstrap/dist/css/bootstrap-reboot.min.css.map using pattern *.tts
         No match for lib/bootstrap/dist/css/bootstrap-reboot.min.css.map using pattern *.wm
         No match for lib/bootstrap/dist/css/bootstrap-reboot.min.css.map using pattern *.wmp
         No match for lib/bootstrap/dist/css/bootstrap-reboot.min.css.map using pattern *.wmv
         No match for lib/bootstrap/dist/css/bootstrap-reboot.min.css.map using pattern *.wmx
         No match for lib/bootstrap/dist/css/bootstrap-reboot.min.css.map using pattern *.wtv
         No match for lib/bootstrap/dist/css/bootstrap-reboot.min.css.map using pattern *.wvx
         File C:\Users\user\OneDrive\╨а╨░╨▒╨╛╤З╨╕╨╣ ╤Б╤В╨╛╨╗\regi\WebApplication15\wwwroot\lib\bootstrap\dist\css\bootstrap-reboot.min.css.map exists.
         Adding endpoint lib/bootstrap/dist/css/bootstrap-reboot.min.css.map for asset C:\Users\user\OneDrive\╨а╨░╨▒╨╛╤З╨╕╨╣ ╤Б╤В╨╛╨╗\regi\WebApplication15\wwwroot\lib\bootstrap\dist\css\bootstrap-reboot.min.css.map.
         Adding endpoint lib/bootstrap/dist/css/bootstrap-reboot.min.css.fsbi9cje9m.map for asset C:\Users\user\OneDrive\╨а╨░╨▒╨╛╤З╨╕╨╣ ╤Б╤В╨╛╨╗\regi\WebApplication15\wwwroot\lib\bootstrap\dist\css\bootstrap-reboot.min.css.map.
         No match for lib/bootstrap/dist/css/bootstrap-reboot.rtl.css using pattern *.bmp
         No match for lib/bootstrap/dist/css/bootstrap-reboot.rtl.css using pattern *.jpeg
         No match for lib/bootstrap/dist/css/bootstrap-reboot.rtl.css using pattern *.jpg
         No match for lib/bootstrap/dist/css/bootstrap-reboot.rtl.css using pattern *.gif
         No match for lib/bootstrap/dist/css/bootstrap-reboot.rtl.css using pattern *.svg
         No match for lib/bootstrap/dist/css/bootstrap-reboot.rtl.css using pattern *.png
         No match for lib/bootstrap/dist/css/bootstrap-reboot.rtl.css using pattern *.webp
         No match for lib/bootstrap/dist/css/bootstrap-reboot.rtl.css using pattern *.otf
         No match for lib/bootstrap/dist/css/bootstrap-reboot.rtl.css using pattern *.woff2
         No match for lib/bootstrap/dist/css/bootstrap-reboot.rtl.css using pattern *.m4v
         No match for lib/bootstrap/dist/css/bootstrap-reboot.rtl.css using pattern *.mov
         No match for lib/bootstrap/dist/css/bootstrap-reboot.rtl.css using pattern *.movie
         No match for lib/bootstrap/dist/css/bootstrap-reboot.rtl.css using pattern *.mp2
         No match for lib/bootstrap/dist/css/bootstrap-reboot.rtl.css using pattern *.mp4
         No match for lib/bootstrap/dist/css/bootstrap-reboot.rtl.css using pattern *.mp4v
         No match for lib/bootstrap/dist/css/bootstrap-reboot.rtl.css using pattern *.mpa
         No match for lib/bootstrap/dist/css/bootstrap-reboot.rtl.css using pattern *.mpe
         No match for lib/bootstrap/dist/css/bootstrap-reboot.rtl.css using pattern *.mpeg
         No match for lib/bootstrap/dist/css/bootstrap-reboot.rtl.css using pattern *.mpg
         No match for lib/bootstrap/dist/css/bootstrap-reboot.rtl.css using pattern *.mpv2
         No match for lib/bootstrap/dist/css/bootstrap-reboot.rtl.css using pattern *.nsc
         No match for lib/bootstrap/dist/css/bootstrap-reboot.rtl.css using pattern *.ogg
         No match for lib/bootstrap/dist/css/bootstrap-reboot.rtl.css using pattern *.ogv
         No match for lib/bootstrap/dist/css/bootstrap-reboot.rtl.css using pattern *.webm
         No match for lib/bootstrap/dist/css/bootstrap-reboot.rtl.css using pattern *.art
         No match for lib/bootstrap/dist/css/bootstrap-reboot.rtl.css using pattern *.cmx
         No match for lib/bootstrap/dist/css/bootstrap-reboot.rtl.css using pattern *.cod
         No match for lib/bootstrap/dist/css/bootstrap-reboot.rtl.css using pattern *.dib
         No match for lib/bootstrap/dist/css/bootstrap-reboot.rtl.css using pattern *.ico
         No match for lib/bootstrap/dist/css/bootstrap-reboot.rtl.css using pattern *.ief
         No match for lib/bootstrap/dist/css/bootstrap-reboot.rtl.css using pattern *.jfif
         No match for lib/bootstrap/dist/css/bootstrap-reboot.rtl.css using pattern *.jpe
         No match for lib/bootstrap/dist/css/bootstrap-reboot.rtl.css using pattern *.pbm
         No match for lib/bootstrap/dist/css/bootstrap-reboot.rtl.css using pattern *.pgm
         No match for lib/bootstrap/dist/css/bootstrap-reboot.rtl.css using pattern *.pnm
         No match for lib/bootstrap/dist/css/bootstrap-reboot.rtl.css using pattern *.pnz
         No match for lib/bootstrap/dist/css/bootstrap-reboot.rtl.css using pattern *.ppm
         No match for lib/bootstrap/dist/css/bootstrap-reboot.rtl.css using pattern *.ras
         No match for lib/bootstrap/dist/css/bootstrap-reboot.rtl.css using pattern *.rf
         No match for lib/bootstrap/dist/css/bootstrap-reboot.rtl.css using pattern *.rgb
         No match for lib/bootstrap/dist/css/bootstrap-reboot.rtl.css using pattern *.svgz
         No match for lib/bootstrap/dist/css/bootstrap-reboot.rtl.css using pattern *.tif
         No match for lib/bootstrap/dist/css/bootstrap-reboot.rtl.css using pattern *.tiff
         No match for lib/bootstrap/dist/css/bootstrap-reboot.rtl.css using pattern *.wbmp
         No match for lib/bootstrap/dist/css/bootstrap-reboot.rtl.css using pattern *.xbm
         No match for lib/bootstrap/dist/css/bootstrap-reboot.rtl.css using pattern *.xpm
         No match for lib/bootstrap/dist/css/bootstrap-reboot.rtl.css using pattern *.xwd
         No match for lib/bootstrap/dist/css/bootstrap-reboot.rtl.css using pattern *.3g2
         No match for lib/bootstrap/dist/css/bootstrap-reboot.rtl.css using pattern *.3gp2
         No match for lib/bootstrap/dist/css/bootstrap-reboot.rtl.css using pattern *.3gp
         No match for lib/bootstrap/dist/css/bootstrap-reboot.rtl.css using pattern *.3gpp
         No match for lib/bootstrap/dist/css/bootstrap-reboot.rtl.css using pattern *.asf
         No match for lib/bootstrap/dist/css/bootstrap-reboot.rtl.css using pattern *.asr
         No match for lib/bootstrap/dist/css/bootstrap-reboot.rtl.css using pattern *.asx
         No match for lib/bootstrap/dist/css/bootstrap-reboot.rtl.css using pattern *.avi
         No match for lib/bootstrap/dist/css/bootstrap-reboot.rtl.css using pattern *.dvr
         No match for lib/bootstrap/dist/css/bootstrap-reboot.rtl.css using pattern *.flv
         No match for lib/bootstrap/dist/css/bootstrap-reboot.rtl.css using pattern *.IVF
         No match for lib/bootstrap/dist/css/bootstrap-reboot.rtl.css using pattern *.lsf
         No match for lib/bootstrap/dist/css/bootstrap-reboot.rtl.css using pattern *.lsx
         No match for lib/bootstrap/dist/css/bootstrap-reboot.rtl.css using pattern *.m1v
         No match for lib/bootstrap/dist/css/bootstrap-reboot.rtl.css using pattern *.m2ts
         No match for lib/bootstrap/dist/css/bootstrap-reboot.rtl.css using pattern *.qt
         No match for lib/bootstrap/dist/css/bootstrap-reboot.rtl.css using pattern *.ts
         No match for lib/bootstrap/dist/css/bootstrap-reboot.rtl.css using pattern *.tts
         No match for lib/bootstrap/dist/css/bootstrap-reboot.rtl.css using pattern *.wm
         No match for lib/bootstrap/dist/css/bootstrap-reboot.rtl.css using pattern *.wmp
         No match for lib/bootstrap/dist/css/bootstrap-reboot.rtl.css using pattern *.wmv
         No match for lib/bootstrap/dist/css/bootstrap-reboot.rtl.css using pattern *.wmx
         No match for lib/bootstrap/dist/css/bootstrap-reboot.rtl.css using pattern *.wtv
         No match for lib/bootstrap/dist/css/bootstrap-reboot.rtl.css using pattern *.wvx
         File C:\Users\user\OneDrive\╨а╨░╨▒╨╛╤З╨╕╨╣ ╤Б╤В╨╛╨╗\regi\WebApplication15\wwwroot\lib\bootstrap\dist\css\bootstrap-reboot.rtl.css exists.
         No match for lib/bootstrap/dist/css/bootstrap-reboot.rtl.css using pattern *.bmp
         No match for lib/bootstrap/dist/css/bootstrap-reboot.rtl.css using pattern *.jpeg
         No match for lib/bootstrap/dist/css/bootstrap-reboot.rtl.css using pattern *.jpg
         No match for lib/bootstrap/dist/css/bootstrap-reboot.rtl.css using pattern *.gif
         No match for lib/bootstrap/dist/css/bootstrap-reboot.rtl.css using pattern *.svg
         No match for lib/bootstrap/dist/css/bootstrap-reboot.rtl.css using pattern *.png
         No match for lib/bootstrap/dist/css/bootstrap-reboot.rtl.css using pattern *.webp
         No match for lib/bootstrap/dist/css/bootstrap-reboot.rtl.css using pattern *.otf
         No match for lib/bootstrap/dist/css/bootstrap-reboot.rtl.css using pattern *.woff2
         No match for lib/bootstrap/dist/css/bootstrap-reboot.rtl.css using pattern *.m4v
         No match for lib/bootstrap/dist/css/bootstrap-reboot.rtl.css using pattern *.mov
         No match for lib/bootstrap/dist/css/bootstrap-reboot.rtl.css using pattern *.movie
         No match for lib/bootstrap/dist/css/bootstrap-reboot.rtl.css using pattern *.mp2
         No match for lib/bootstrap/dist/css/bootstrap-reboot.rtl.css using pattern *.mp4
         No match for lib/bootstrap/dist/css/bootstrap-reboot.rtl.css using pattern *.mp4v
         No match for lib/bootstrap/dist/css/bootstrap-reboot.rtl.css using pattern *.mpa
         No match for lib/bootstrap/dist/css/bootstrap-reboot.rtl.css using pattern *.mpe
         No match for lib/bootstrap/dist/css/bootstrap-reboot.rtl.css using pattern *.mpeg
         No match for lib/bootstrap/dist/css/bootstrap-reboot.rtl.css using pattern *.mpg
         No match for lib/bootstrap/dist/css/bootstrap-reboot.rtl.css using pattern *.mpv2
         No match for lib/bootstrap/dist/css/bootstrap-reboot.rtl.css using pattern *.nsc
         No match for lib/bootstrap/dist/css/bootstrap-reboot.rtl.css using pattern *.ogg
         No match for lib/bootstrap/dist/css/bootstrap-reboot.rtl.css using pattern *.ogv
         No match for lib/bootstrap/dist/css/bootstrap-reboot.rtl.css using pattern *.webm
         No match for lib/bootstrap/dist/css/bootstrap-reboot.rtl.css using pattern *.art
         No match for lib/bootstrap/dist/css/bootstrap-reboot.rtl.css using pattern *.cmx
         No match for lib/bootstrap/dist/css/bootstrap-reboot.rtl.css using pattern *.cod
         No match for lib/bootstrap/dist/css/bootstrap-reboot.rtl.css using pattern *.dib
         No match for lib/bootstrap/dist/css/bootstrap-reboot.rtl.css using pattern *.ico
         No match for lib/bootstrap/dist/css/bootstrap-reboot.rtl.css using pattern *.ief
         No match for lib/bootstrap/dist/css/bootstrap-reboot.rtl.css using pattern *.jfif
         No match for lib/bootstrap/dist/css/bootstrap-reboot.rtl.css using pattern *.jpe
         No match for lib/bootstrap/dist/css/bootstrap-reboot.rtl.css using pattern *.pbm
         No match for lib/bootstrap/dist/css/bootstrap-reboot.rtl.css using pattern *.pgm
         No match for lib/bootstrap/dist/css/bootstrap-reboot.rtl.css using pattern *.pnm
         No match for lib/bootstrap/dist/css/bootstrap-reboot.rtl.css using pattern *.pnz
         No match for lib/bootstrap/dist/css/bootstrap-reboot.rtl.css using pattern *.ppm
         No match for lib/bootstrap/dist/css/bootstrap-reboot.rtl.css using pattern *.ras
         No match for lib/bootstrap/dist/css/bootstrap-reboot.rtl.css using pattern *.rf
         No match for lib/bootstrap/dist/css/bootstrap-reboot.rtl.css using pattern *.rgb
         No match for lib/bootstrap/dist/css/bootstrap-reboot.rtl.css using pattern *.svgz
         No match for lib/bootstrap/dist/css/bootstrap-reboot.rtl.css using pattern *.tif
         No match for lib/bootstrap/dist/css/bootstrap-reboot.rtl.css using pattern *.tiff
         No match for lib/bootstrap/dist/css/bootstrap-reboot.rtl.css using pattern *.wbmp
         No match for lib/bootstrap/dist/css/bootstrap-reboot.rtl.css using pattern *.xbm
         No match for lib/bootstrap/dist/css/bootstrap-reboot.rtl.css using pattern *.xpm
         No match for lib/bootstrap/dist/css/bootstrap-reboot.rtl.css using pattern *.xwd
         No match for lib/bootstrap/dist/css/bootstrap-reboot.rtl.css using pattern *.3g2
         No match for lib/bootstrap/dist/css/bootstrap-reboot.rtl.css using pattern *.3gp2
         No match for lib/bootstrap/dist/css/bootstrap-reboot.rtl.css using pattern *.3gp
         No match for lib/bootstrap/dist/css/bootstrap-reboot.rtl.css using pattern *.3gpp
         No match for lib/bootstrap/dist/css/bootstrap-reboot.rtl.css using pattern *.asf
         No match for lib/bootstrap/dist/css/bootstrap-reboot.rtl.css using pattern *.asr
         No match for lib/bootstrap/dist/css/bootstrap-reboot.rtl.css using pattern *.asx
         No match for lib/bootstrap/dist/css/bootstrap-reboot.rtl.css using pattern *.avi
         No match for lib/bootstrap/dist/css/bootstrap-reboot.rtl.css using pattern *.dvr
         No match for lib/bootstrap/dist/css/bootstrap-reboot.rtl.css using pattern *.flv
         No match for lib/bootstrap/dist/css/bootstrap-reboot.rtl.css using pattern *.IVF
         No match for lib/bootstrap/dist/css/bootstrap-reboot.rtl.css using pattern *.lsf
         No match for lib/bootstrap/dist/css/bootstrap-reboot.rtl.css using pattern *.lsx
         No match for lib/bootstrap/dist/css/bootstrap-reboot.rtl.css using pattern *.m1v
         No match for lib/bootstrap/dist/css/bootstrap-reboot.rtl.css using pattern *.m2ts
         No match for lib/bootstrap/dist/css/bootstrap-reboot.rtl.css using pattern *.qt
         No match for lib/bootstrap/dist/css/bootstrap-reboot.rtl.css using pattern *.ts
         No match for lib/bootstrap/dist/css/bootstrap-reboot.rtl.css using pattern *.tts
         No match for lib/bootstrap/dist/css/bootstrap-reboot.rtl.css using pattern *.wm
         No match for lib/bootstrap/dist/css/bootstrap-reboot.rtl.css using pattern *.wmp
         No match for lib/bootstrap/dist/css/bootstrap-reboot.rtl.css using pattern *.wmv
         No match for lib/bootstrap/dist/css/bootstrap-reboot.rtl.css using pattern *.wmx
         No match for lib/bootstrap/dist/css/bootstrap-reboot.rtl.css using pattern *.wtv
         No match for lib/bootstrap/dist/css/bootstrap-reboot.rtl.css using pattern *.wvx
         File C:\Users\user\OneDrive\╨а╨░╨▒╨╛╤З╨╕╨╣ ╤Б╤В╨╛╨╗\regi\WebApplication15\wwwroot\lib\bootstrap\dist\css\bootstrap-reboot.rtl.css exists.
         Adding endpoint lib/bootstrap/dist/css/bootstrap-reboot.rtl.css for asset C:\Users\user\OneDrive\╨а╨░╨▒╨╛╤З╨╕╨╣ ╤Б╤В╨╛╨╗\regi\WebApplication15\wwwroot\lib\bootstrap\dist\css\bootstrap-reboot.rtl.css.
         Adding endpoint lib/bootstrap/dist/css/bootstrap-reboot.rtl.rzd6atqjts.css for asset C:\Users\user\OneDrive\╨а╨░╨▒╨╛╤З╨╕╨╣ ╤Б╤В╨╛╨╗\regi\WebApplication15\wwwroot\lib\bootstrap\dist\css\bootstrap-reboot.rtl.css.
         No match for lib/bootstrap/dist/css/bootstrap-reboot.rtl.css.map using pattern *.bmp
         No match for lib/bootstrap/dist/css/bootstrap-reboot.rtl.css.map using pattern *.jpeg
         No match for lib/bootstrap/dist/css/bootstrap-reboot.rtl.css.map using pattern *.jpg
         No match for lib/bootstrap/dist/css/bootstrap-reboot.rtl.css.map using pattern *.gif
         No match for lib/bootstrap/dist/css/bootstrap-reboot.rtl.css.map using pattern *.svg
         No match for lib/bootstrap/dist/css/bootstrap-reboot.rtl.css.map using pattern *.png
         No match for lib/bootstrap/dist/css/bootstrap-reboot.rtl.css.map using pattern *.webp
         No match for lib/bootstrap/dist/css/bootstrap-reboot.rtl.css.map using pattern *.otf
         No match for lib/bootstrap/dist/css/bootstrap-reboot.rtl.css.map using pattern *.woff2
         No match for lib/bootstrap/dist/css/bootstrap-reboot.rtl.css.map using pattern *.m4v
         No match for lib/bootstrap/dist/css/bootstrap-reboot.rtl.css.map using pattern *.mov
         No match for lib/bootstrap/dist/css/bootstrap-reboot.rtl.css.map using pattern *.movie
         No match for lib/bootstrap/dist/css/bootstrap-reboot.rtl.css.map using pattern *.mp2
         No match for lib/bootstrap/dist/css/bootstrap-reboot.rtl.css.map using pattern *.mp4
         No match for lib/bootstrap/dist/css/bootstrap-reboot.rtl.css.map using pattern *.mp4v
         No match for lib/bootstrap/dist/css/bootstrap-reboot.rtl.css.map using pattern *.mpa
         No match for lib/bootstrap/dist/css/bootstrap-reboot.rtl.css.map using pattern *.mpe
         No match for lib/bootstrap/dist/css/bootstrap-reboot.rtl.css.map using pattern *.mpeg
         No match for lib/bootstrap/dist/css/bootstrap-reboot.rtl.css.map using pattern *.mpg
         No match for lib/bootstrap/dist/css/bootstrap-reboot.rtl.css.map using pattern *.mpv2
         No match for lib/bootstrap/dist/css/bootstrap-reboot.rtl.css.map using pattern *.nsc
         No match for lib/bootstrap/dist/css/bootstrap-reboot.rtl.css.map using pattern *.ogg
         No match for lib/bootstrap/dist/css/bootstrap-reboot.rtl.css.map using pattern *.ogv
         No match for lib/bootstrap/dist/css/bootstrap-reboot.rtl.css.map using pattern *.webm
         No match for lib/bootstrap/dist/css/bootstrap-reboot.rtl.css.map using pattern *.art
         No match for lib/bootstrap/dist/css/bootstrap-reboot.rtl.css.map using pattern *.cmx
         No match for lib/bootstrap/dist/css/bootstrap-reboot.rtl.css.map using pattern *.cod
         No match for lib/bootstrap/dist/css/bootstrap-reboot.rtl.css.map using pattern *.dib
         No match for lib/bootstrap/dist/css/bootstrap-reboot.rtl.css.map using pattern *.ico
         No match for lib/bootstrap/dist/css/bootstrap-reboot.rtl.css.map using pattern *.ief
         No match for lib/bootstrap/dist/css/bootstrap-reboot.rtl.css.map using pattern *.jfif
         No match for lib/bootstrap/dist/css/bootstrap-reboot.rtl.css.map using pattern *.jpe
         No match for lib/bootstrap/dist/css/bootstrap-reboot.rtl.css.map using pattern *.pbm
         No match for lib/bootstrap/dist/css/bootstrap-reboot.rtl.css.map using pattern *.pgm
         No match for lib/bootstrap/dist/css/bootstrap-reboot.rtl.css.map using pattern *.pnm
         No match for lib/bootstrap/dist/css/bootstrap-reboot.rtl.css.map using pattern *.pnz
         No match for lib/bootstrap/dist/css/bootstrap-reboot.rtl.css.map using pattern *.ppm
         No match for lib/bootstrap/dist/css/bootstrap-reboot.rtl.css.map using pattern *.ras
         No match for lib/bootstrap/dist/css/bootstrap-reboot.rtl.css.map using pattern *.rf
         No match for lib/bootstrap/dist/css/bootstrap-reboot.rtl.css.map using pattern *.rgb
         No match for lib/bootstrap/dist/css/bootstrap-reboot.rtl.css.map using pattern *.svgz
         No match for lib/bootstrap/dist/css/bootstrap-reboot.rtl.css.map using pattern *.tif
         No match for lib/bootstrap/dist/css/bootstrap-reboot.rtl.css.map using pattern *.tiff
         No match for lib/bootstrap/dist/css/bootstrap-reboot.rtl.css.map using pattern *.wbmp
         No match for lib/bootstrap/dist/css/bootstrap-reboot.rtl.css.map using pattern *.xbm
         No match for lib/bootstrap/dist/css/bootstrap-reboot.rtl.css.map using pattern *.xpm
         No match for lib/bootstrap/dist/css/bootstrap-reboot.rtl.css.map using pattern *.xwd
         No match for lib/bootstrap/dist/css/bootstrap-reboot.rtl.css.map using pattern *.3g2
         No match for lib/bootstrap/dist/css/bootstrap-reboot.rtl.css.map using pattern *.3gp2
         No match for lib/bootstrap/dist/css/bootstrap-reboot.rtl.css.map using pattern *.3gp
         No match for lib/bootstrap/dist/css/bootstrap-reboot.rtl.css.map using pattern *.3gpp
         No match for lib/bootstrap/dist/css/bootstrap-reboot.rtl.css.map using pattern *.asf
         No match for lib/bootstrap/dist/css/bootstrap-reboot.rtl.css.map using pattern *.asr
         No match for lib/bootstrap/dist/css/bootstrap-reboot.rtl.css.map using pattern *.asx
         No match for lib/bootstrap/dist/css/bootstrap-reboot.rtl.css.map using pattern *.avi
         No match for lib/bootstrap/dist/css/bootstrap-reboot.rtl.css.map using pattern *.dvr
         No match for lib/bootstrap/dist/css/bootstrap-reboot.rtl.css.map using pattern *.flv
         No match for lib/bootstrap/dist/css/bootstrap-reboot.rtl.css.map using pattern *.IVF
         No match for lib/bootstrap/dist/css/bootstrap-reboot.rtl.css.map using pattern *.lsf
         No match for lib/bootstrap/dist/css/bootstrap-reboot.rtl.css.map using pattern *.lsx
         No match for lib/bootstrap/dist/css/bootstrap-reboot.rtl.css.map using pattern *.m1v
         No match for lib/bootstrap/dist/css/bootstrap-reboot.rtl.css.map using pattern *.m2ts
         No match for lib/bootstrap/dist/css/bootstrap-reboot.rtl.css.map using pattern *.qt
         No match for lib/bootstrap/dist/css/bootstrap-reboot.rtl.css.map using pattern *.ts
         No match for lib/bootstrap/dist/css/bootstrap-reboot.rtl.css.map using pattern *.tts
         No match for lib/bootstrap/dist/css/bootstrap-reboot.rtl.css.map using pattern *.wm
         No match for lib/bootstrap/dist/css/bootstrap-reboot.rtl.css.map using pattern *.wmp
         No match for lib/bootstrap/dist/css/bootstrap-reboot.rtl.css.map using pattern *.wmv
         No match for lib/bootstrap/dist/css/bootstrap-reboot.rtl.css.map using pattern *.wmx
         No match for lib/bootstrap/dist/css/bootstrap-reboot.rtl.css.map using pattern *.wtv
         No match for lib/bootstrap/dist/css/bootstrap-reboot.rtl.css.map using pattern *.wvx
         File C:\Users\user\OneDrive\╨а╨░╨▒╨╛╤З╨╕╨╣ ╤Б╤В╨╛╨╗\regi\WebApplication15\wwwroot\lib\bootstrap\dist\css\bootstrap-reboot.rtl.css.map exists.
         No match for lib/bootstrap/dist/css/bootstrap-reboot.rtl.css.map using pattern *.bmp
         No match for lib/bootstrap/dist/css/bootstrap-reboot.rtl.css.map using pattern *.jpeg
         No match for lib/bootstrap/dist/css/bootstrap-reboot.rtl.css.map using pattern *.jpg
         No match for lib/bootstrap/dist/css/bootstrap-reboot.rtl.css.map using pattern *.gif
         No match for lib/bootstrap/dist/css/bootstrap-reboot.rtl.css.map using pattern *.svg
         No match for lib/bootstrap/dist/css/bootstrap-reboot.rtl.css.map using pattern *.png
         No match for lib/bootstrap/dist/css/bootstrap-reboot.rtl.css.map using pattern *.webp
         No match for lib/bootstrap/dist/css/bootstrap-reboot.rtl.css.map using pattern *.otf
         No match for lib/bootstrap/dist/css/bootstrap-reboot.rtl.css.map using pattern *.woff2
         No match for lib/bootstrap/dist/css/bootstrap-reboot.rtl.css.map using pattern *.m4v
         No match for lib/bootstrap/dist/css/bootstrap-reboot.rtl.css.map using pattern *.mov
         No match for lib/bootstrap/dist/css/bootstrap-reboot.rtl.css.map using pattern *.movie
         No match for lib/bootstrap/dist/css/bootstrap-reboot.rtl.css.map using pattern *.mp2
         No match for lib/bootstrap/dist/css/bootstrap-reboot.rtl.css.map using pattern *.mp4
         No match for lib/bootstrap/dist/css/bootstrap-reboot.rtl.css.map using pattern *.mp4v
         No match for lib/bootstrap/dist/css/bootstrap-reboot.rtl.css.map using pattern *.mpa
         No match for lib/bootstrap/dist/css/bootstrap-reboot.rtl.css.map using pattern *.mpe
         No match for lib/bootstrap/dist/css/bootstrap-reboot.rtl.css.map using pattern *.mpeg
         No match for lib/bootstrap/dist/css/bootstrap-reboot.rtl.css.map using pattern *.mpg
         No match for lib/bootstrap/dist/css/bootstrap-reboot.rtl.css.map using pattern *.mpv2
         No match for lib/bootstrap/dist/css/bootstrap-reboot.rtl.css.map using pattern *.nsc
         No match for lib/bootstrap/dist/css/bootstrap-reboot.rtl.css.map using pattern *.ogg
         No match for lib/bootstrap/dist/css/bootstrap-reboot.rtl.css.map using pattern *.ogv
         No match for lib/bootstrap/dist/css/bootstrap-reboot.rtl.css.map using pattern *.webm
         No match for lib/bootstrap/dist/css/bootstrap-reboot.rtl.css.map using pattern *.art
         No match for lib/bootstrap/dist/css/bootstrap-reboot.rtl.css.map using pattern *.cmx
         No match for lib/bootstrap/dist/css/bootstrap-reboot.rtl.css.map using pattern *.cod
         No match for lib/bootstrap/dist/css/bootstrap-reboot.rtl.css.map using pattern *.dib
         No match for lib/bootstrap/dist/css/bootstrap-reboot.rtl.css.map using pattern *.ico
         No match for lib/bootstrap/dist/css/bootstrap-reboot.rtl.css.map using pattern *.ief
         No match for lib/bootstrap/dist/css/bootstrap-reboot.rtl.css.map using pattern *.jfif
         No match for lib/bootstrap/dist/css/bootstrap-reboot.rtl.css.map using pattern *.jpe
         No match for lib/bootstrap/dist/css/bootstrap-reboot.rtl.css.map using pattern *.pbm
         No match for lib/bootstrap/dist/css/bootstrap-reboot.rtl.css.map using pattern *.pgm
         No match for lib/bootstrap/dist/css/bootstrap-reboot.rtl.css.map using pattern *.pnm
         No match for lib/bootstrap/dist/css/bootstrap-reboot.rtl.css.map using pattern *.pnz
         No match for lib/bootstrap/dist/css/bootstrap-reboot.rtl.css.map using pattern *.ppm
         No match for lib/bootstrap/dist/css/bootstrap-reboot.rtl.css.map using pattern *.ras
         No match for lib/bootstrap/dist/css/bootstrap-reboot.rtl.css.map using pattern *.rf
         No match for lib/bootstrap/dist/css/bootstrap-reboot.rtl.css.map using pattern *.rgb
         No match for lib/bootstrap/dist/css/bootstrap-reboot.rtl.css.map using pattern *.svgz
         No match for lib/bootstrap/dist/css/bootstrap-reboot.rtl.css.map using pattern *.tif
         No match for lib/bootstrap/dist/css/bootstrap-reboot.rtl.css.map using pattern *.tiff
         No match for lib/bootstrap/dist/css/bootstrap-reboot.rtl.css.map using pattern *.wbmp
         No match for lib/bootstrap/dist/css/bootstrap-reboot.rtl.css.map using pattern *.xbm
         No match for lib/bootstrap/dist/css/bootstrap-reboot.rtl.css.map using pattern *.xpm
         No match for lib/bootstrap/dist/css/bootstrap-reboot.rtl.css.map using pattern *.xwd
         No match for lib/bootstrap/dist/css/bootstrap-reboot.rtl.css.map using pattern *.3g2
         No match for lib/bootstrap/dist/css/bootstrap-reboot.rtl.css.map using pattern *.3gp2
         No match for lib/bootstrap/dist/css/bootstrap-reboot.rtl.css.map using pattern *.3gp
         No match for lib/bootstrap/dist/css/bootstrap-reboot.rtl.css.map using pattern *.3gpp
         No match for lib/bootstrap/dist/css/bootstrap-reboot.rtl.css.map using pattern *.asf
         No match for lib/bootstrap/dist/css/bootstrap-reboot.rtl.css.map using pattern *.asr
         No match for lib/bootstrap/dist/css/bootstrap-reboot.rtl.css.map using pattern *.asx
         No match for lib/bootstrap/dist/css/bootstrap-reboot.rtl.css.map using pattern *.avi
         No match for lib/bootstrap/dist/css/bootstrap-reboot.rtl.css.map using pattern *.dvr
         No match for lib/bootstrap/dist/css/bootstrap-reboot.rtl.css.map using pattern *.flv
         No match for lib/bootstrap/dist/css/bootstrap-reboot.rtl.css.map using pattern *.IVF
         No match for lib/bootstrap/dist/css/bootstrap-reboot.rtl.css.map using pattern *.lsf
         No match for lib/bootstrap/dist/css/bootstrap-reboot.rtl.css.map using pattern *.lsx
         No match for lib/bootstrap/dist/css/bootstrap-reboot.rtl.css.map using pattern *.m1v
         No match for lib/bootstrap/dist/css/bootstrap-reboot.rtl.css.map using pattern *.m2ts
         No match for lib/bootstrap/dist/css/bootstrap-reboot.rtl.css.map using pattern *.qt
         No match for lib/bootstrap/dist/css/bootstrap-reboot.rtl.css.map using pattern *.ts
         No match for lib/bootstrap/dist/css/bootstrap-reboot.rtl.css.map using pattern *.tts
         No match for lib/bootstrap/dist/css/bootstrap-reboot.rtl.css.map using pattern *.wm
         No match for lib/bootstrap/dist/css/bootstrap-reboot.rtl.css.map using pattern *.wmp
         No match for lib/bootstrap/dist/css/bootstrap-reboot.rtl.css.map using pattern *.wmv
         No match for lib/bootstrap/dist/css/bootstrap-reboot.rtl.css.map using pattern *.wmx
         No match for lib/bootstrap/dist/css/bootstrap-reboot.rtl.css.map using pattern *.wtv
         No match for lib/bootstrap/dist/css/bootstrap-reboot.rtl.css.map using pattern *.wvx
         File C:\Users\user\OneDrive\╨а╨░╨▒╨╛╤З╨╕╨╣ ╤Б╤В╨╛╨╗\regi\WebApplication15\wwwroot\lib\bootstrap\dist\css\bootstrap-reboot.rtl.css.map exists.
         Adding endpoint lib/bootstrap/dist/css/bootstrap-reboot.rtl.css.map for asset C:\Users\user\OneDrive\╨а╨░╨▒╨╛╤З╨╕╨╣ ╤Б╤В╨╛╨╗\regi\WebApplication15\wwwroot\lib\bootstrap\dist\css\bootstrap-reboot.rtl.css.map.
         Adding endpoint lib/bootstrap/dist/css/bootstrap-reboot.rtl.css.ee0r1s7dh0.map for asset C:\Users\user\OneDrive\╨а╨░╨▒╨╛╤З╨╕╨╣ ╤Б╤В╨╛╨╗\regi\WebApplication15\wwwroot\lib\bootstrap\dist\css\bootstrap-reboot.rtl.css.map.
         No match for lib/bootstrap/dist/css/bootstrap-reboot.rtl.min.css using pattern *.bmp
         No match for lib/bootstrap/dist/css/bootstrap-reboot.rtl.min.css using pattern *.jpeg
         No match for lib/bootstrap/dist/css/bootstrap-reboot.rtl.min.css using pattern *.jpg
         No match for lib/bootstrap/dist/css/bootstrap-reboot.rtl.min.css using pattern *.gif
         No match for lib/bootstrap/dist/css/bootstrap-reboot.rtl.min.css using pattern *.svg
         No match for lib/bootstrap/dist/css/bootstrap-reboot.rtl.min.css using pattern *.png
         No match for lib/bootstrap/dist/css/bootstrap-reboot.rtl.min.css using pattern *.webp
         No match for lib/bootstrap/dist/css/bootstrap-reboot.rtl.min.css using pattern *.otf
         No match for lib/bootstrap/dist/css/bootstrap-reboot.rtl.min.css using pattern *.woff2
         No match for lib/bootstrap/dist/css/bootstrap-reboot.rtl.min.css using pattern *.m4v
         No match for lib/bootstrap/dist/css/bootstrap-reboot.rtl.min.css using pattern *.mov
         No match for lib/bootstrap/dist/css/bootstrap-reboot.rtl.min.css using pattern *.movie
         No match for lib/bootstrap/dist/css/bootstrap-reboot.rtl.min.css using pattern *.mp2
         No match for lib/bootstrap/dist/css/bootstrap-reboot.rtl.min.css using pattern *.mp4
         No match for lib/bootstrap/dist/css/bootstrap-reboot.rtl.min.css using pattern *.mp4v
         No match for lib/bootstrap/dist/css/bootstrap-reboot.rtl.min.css using pattern *.mpa
         No match for lib/bootstrap/dist/css/bootstrap-reboot.rtl.min.css using pattern *.mpe
         No match for lib/bootstrap/dist/css/bootstrap-reboot.rtl.min.css using pattern *.mpeg
         No match for lib/bootstrap/dist/css/bootstrap-reboot.rtl.min.css using pattern *.mpg
         No match for lib/bootstrap/dist/css/bootstrap-reboot.rtl.min.css using pattern *.mpv2
         No match for lib/bootstrap/dist/css/bootstrap-reboot.rtl.min.css using pattern *.nsc
         No match for lib/bootstrap/dist/css/bootstrap-reboot.rtl.min.css using pattern *.ogg
         No match for lib/bootstrap/dist/css/bootstrap-reboot.rtl.min.css using pattern *.ogv
         No match for lib/bootstrap/dist/css/bootstrap-reboot.rtl.min.css using pattern *.webm
         No match for lib/bootstrap/dist/css/bootstrap-reboot.rtl.min.css using pattern *.art
         No match for lib/bootstrap/dist/css/bootstrap-reboot.rtl.min.css using pattern *.cmx
         No match for lib/bootstrap/dist/css/bootstrap-reboot.rtl.min.css using pattern *.cod
         No match for lib/bootstrap/dist/css/bootstrap-reboot.rtl.min.css using pattern *.dib
         No match for lib/bootstrap/dist/css/bootstrap-reboot.rtl.min.css using pattern *.ico
         No match for lib/bootstrap/dist/css/bootstrap-reboot.rtl.min.css using pattern *.ief
         No match for lib/bootstrap/dist/css/bootstrap-reboot.rtl.min.css using pattern *.jfif
         No match for lib/bootstrap/dist/css/bootstrap-reboot.rtl.min.css using pattern *.jpe
         No match for lib/bootstrap/dist/css/bootstrap-reboot.rtl.min.css using pattern *.pbm
         No match for lib/bootstrap/dist/css/bootstrap-reboot.rtl.min.css using pattern *.pgm
         No match for lib/bootstrap/dist/css/bootstrap-reboot.rtl.min.css using pattern *.pnm
         No match for lib/bootstrap/dist/css/bootstrap-reboot.rtl.min.css using pattern *.pnz
         No match for lib/bootstrap/dist/css/bootstrap-reboot.rtl.min.css using pattern *.ppm
         No match for lib/bootstrap/dist/css/bootstrap-reboot.rtl.min.css using pattern *.ras
         No match for lib/bootstrap/dist/css/bootstrap-reboot.rtl.min.css using pattern *.rf
         No match for lib/bootstrap/dist/css/bootstrap-reboot.rtl.min.css using pattern *.rgb
         No match for lib/bootstrap/dist/css/bootstrap-reboot.rtl.min.css using pattern *.svgz
         No match for lib/bootstrap/dist/css/bootstrap-reboot.rtl.min.css using pattern *.tif
         No match for lib/bootstrap/dist/css/bootstrap-reboot.rtl.min.css using pattern *.tiff
         No match for lib/bootstrap/dist/css/bootstrap-reboot.rtl.min.css using pattern *.wbmp
         No match for lib/bootstrap/dist/css/bootstrap-reboot.rtl.min.css using pattern *.xbm
         No match for lib/bootstrap/dist/css/bootstrap-reboot.rtl.min.css using pattern *.xpm
         No match for lib/bootstrap/dist/css/bootstrap-reboot.rtl.min.css using pattern *.xwd
         No match for lib/bootstrap/dist/css/bootstrap-reboot.rtl.min.css using pattern *.3g2
         No match for lib/bootstrap/dist/css/bootstrap-reboot.rtl.min.css using pattern *.3gp2
         No match for lib/bootstrap/dist/css/bootstrap-reboot.rtl.min.css using pattern *.3gp
         No match for lib/bootstrap/dist/css/bootstrap-reboot.rtl.min.css using pattern *.3gpp
         No match for lib/bootstrap/dist/css/bootstrap-reboot.rtl.min.css using pattern *.asf
         No match for lib/bootstrap/dist/css/bootstrap-reboot.rtl.min.css using pattern *.asr
         No match for lib/bootstrap/dist/css/bootstrap-reboot.rtl.min.css using pattern *.asx
         No match for lib/bootstrap/dist/css/bootstrap-reboot.rtl.min.css using pattern *.avi
         No match for lib/bootstrap/dist/css/bootstrap-reboot.rtl.min.css using pattern *.dvr
         No match for lib/bootstrap/dist/css/bootstrap-reboot.rtl.min.css using pattern *.flv
         No match for lib/bootstrap/dist/css/bootstrap-reboot.rtl.min.css using pattern *.IVF
         No match for lib/bootstrap/dist/css/bootstrap-reboot.rtl.min.css using pattern *.lsf
         No match for lib/bootstrap/dist/css/bootstrap-reboot.rtl.min.css using pattern *.lsx
         No match for lib/bootstrap/dist/css/bootstrap-reboot.rtl.min.css using pattern *.m1v
         No match for lib/bootstrap/dist/css/bootstrap-reboot.rtl.min.css using pattern *.m2ts
         No match for lib/bootstrap/dist/css/bootstrap-reboot.rtl.min.css using pattern *.qt
         No match for lib/bootstrap/dist/css/bootstrap-reboot.rtl.min.css using pattern *.ts
         No match for lib/bootstrap/dist/css/bootstrap-reboot.rtl.min.css using pattern *.tts
         No match for lib/bootstrap/dist/css/bootstrap-reboot.rtl.min.css using pattern *.wm
         No match for lib/bootstrap/dist/css/bootstrap-reboot.rtl.min.css using pattern *.wmp
         No match for lib/bootstrap/dist/css/bootstrap-reboot.rtl.min.css using pattern *.wmv
         No match for lib/bootstrap/dist/css/bootstrap-reboot.rtl.min.css using pattern *.wmx
         No match for lib/bootstrap/dist/css/bootstrap-reboot.rtl.min.css using pattern *.wtv
         No match for lib/bootstrap/dist/css/bootstrap-reboot.rtl.min.css using pattern *.wvx
         File C:\Users\user\OneDrive\╨а╨░╨▒╨╛╤З╨╕╨╣ ╤Б╤В╨╛╨╗\regi\WebApplication15\wwwroot\lib\bootstrap\dist\css\bootstrap-reboot.rtl.min.css exists.
         No match for lib/bootstrap/dist/css/bootstrap-reboot.rtl.min.css using pattern *.bmp
         No match for lib/bootstrap/dist/css/bootstrap-reboot.rtl.min.css using pattern *.jpeg
         No match for lib/bootstrap/dist/css/bootstrap-reboot.rtl.min.css using pattern *.jpg
         No match for lib/bootstrap/dist/css/bootstrap-reboot.rtl.min.css using pattern *.gif
         No match for lib/bootstrap/dist/css/bootstrap-reboot.rtl.min.css using pattern *.svg
         No match for lib/bootstrap/dist/css/bootstrap-reboot.rtl.min.css using pattern *.png
         No match for lib/bootstrap/dist/css/bootstrap-reboot.rtl.min.css using pattern *.webp
         No match for lib/bootstrap/dist/css/bootstrap-reboot.rtl.min.css using pattern *.otf
         No match for lib/bootstrap/dist/css/bootstrap-reboot.rtl.min.css using pattern *.woff2
         No match for lib/bootstrap/dist/css/bootstrap-reboot.rtl.min.css using pattern *.m4v
         No match for lib/bootstrap/dist/css/bootstrap-reboot.rtl.min.css using pattern *.mov
         No match for lib/bootstrap/dist/css/bootstrap-reboot.rtl.min.css using pattern *.movie
         No match for lib/bootstrap/dist/css/bootstrap-reboot.rtl.min.css using pattern *.mp2
         No match for lib/bootstrap/dist/css/bootstrap-reboot.rtl.min.css using pattern *.mp4
         No match for lib/bootstrap/dist/css/bootstrap-reboot.rtl.min.css using pattern *.mp4v
         No match for lib/bootstrap/dist/css/bootstrap-reboot.rtl.min.css using pattern *.mpa
         No match for lib/bootstrap/dist/css/bootstrap-reboot.rtl.min.css using pattern *.mpe
         No match for lib/bootstrap/dist/css/bootstrap-reboot.rtl.min.css using pattern *.mpeg
         No match for lib/bootstrap/dist/css/bootstrap-reboot.rtl.min.css using pattern *.mpg
         No match for lib/bootstrap/dist/css/bootstrap-reboot.rtl.min.css using pattern *.mpv2
         No match for lib/bootstrap/dist/css/bootstrap-reboot.rtl.min.css using pattern *.nsc
         No match for lib/bootstrap/dist/css/bootstrap-reboot.rtl.min.css using pattern *.ogg
         No match for lib/bootstrap/dist/css/bootstrap-reboot.rtl.min.css using pattern *.ogv
         No match for lib/bootstrap/dist/css/bootstrap-reboot.rtl.min.css using pattern *.webm
         No match for lib/bootstrap/dist/css/bootstrap-reboot.rtl.min.css using pattern *.art
         No match for lib/bootstrap/dist/css/bootstrap-reboot.rtl.min.css using pattern *.cmx
         No match for lib/bootstrap/dist/css/bootstrap-reboot.rtl.min.css using pattern *.cod
         No match for lib/bootstrap/dist/css/bootstrap-reboot.rtl.min.css using pattern *.dib
         No match for lib/bootstrap/dist/css/bootstrap-reboot.rtl.min.css using pattern *.ico
         No match for lib/bootstrap/dist/css/bootstrap-reboot.rtl.min.css using pattern *.ief
         No match for lib/bootstrap/dist/css/bootstrap-reboot.rtl.min.css using pattern *.jfif
         No match for lib/bootstrap/dist/css/bootstrap-reboot.rtl.min.css using pattern *.jpe
         No match for lib/bootstrap/dist/css/bootstrap-reboot.rtl.min.css using pattern *.pbm
         No match for lib/bootstrap/dist/css/bootstrap-reboot.rtl.min.css using pattern *.pgm
         No match for lib/bootstrap/dist/css/bootstrap-reboot.rtl.min.css using pattern *.pnm
         No match for lib/bootstrap/dist/css/bootstrap-reboot.rtl.min.css using pattern *.pnz
         No match for lib/bootstrap/dist/css/bootstrap-reboot.rtl.min.css using pattern *.ppm
         No match for lib/bootstrap/dist/css/bootstrap-reboot.rtl.min.css using pattern *.ras
         No match for lib/bootstrap/dist/css/bootstrap-reboot.rtl.min.css using pattern *.rf
         No match for lib/bootstrap/dist/css/bootstrap-reboot.rtl.min.css using pattern *.rgb
         No match for lib/bootstrap/dist/css/bootstrap-reboot.rtl.min.css using pattern *.svgz
         No match for lib/bootstrap/dist/css/bootstrap-reboot.rtl.min.css using pattern *.tif
         No match for lib/bootstrap/dist/css/bootstrap-reboot.rtl.min.css using pattern *.tiff
         No match for lib/bootstrap/dist/css/bootstrap-reboot.rtl.min.css using pattern *.wbmp
         No match for lib/bootstrap/dist/css/bootstrap-reboot.rtl.min.css using pattern *.xbm
         No match for lib/bootstrap/dist/css/bootstrap-reboot.rtl.min.css using pattern *.xpm
         No match for lib/bootstrap/dist/css/bootstrap-reboot.rtl.min.css using pattern *.xwd
         No match for lib/bootstrap/dist/css/bootstrap-reboot.rtl.min.css using pattern *.3g2
         No match for lib/bootstrap/dist/css/bootstrap-reboot.rtl.min.css using pattern *.3gp2
         No match for lib/bootstrap/dist/css/bootstrap-reboot.rtl.min.css using pattern *.3gp
         No match for lib/bootstrap/dist/css/bootstrap-reboot.rtl.min.css using pattern *.3gpp
         No match for lib/bootstrap/dist/css/bootstrap-reboot.rtl.min.css using pattern *.asf
         No match for lib/bootstrap/dist/css/bootstrap-reboot.rtl.min.css using pattern *.asr
         No match for lib/bootstrap/dist/css/bootstrap-reboot.rtl.min.css using pattern *.asx
         No match for lib/bootstrap/dist/css/bootstrap-reboot.rtl.min.css using pattern *.avi
         No match for lib/bootstrap/dist/css/bootstrap-reboot.rtl.min.css using pattern *.dvr
         No match for lib/bootstrap/dist/css/bootstrap-reboot.rtl.min.css using pattern *.flv
         No match for lib/bootstrap/dist/css/bootstrap-reboot.rtl.min.css using pattern *.IVF
         No match for lib/bootstrap/dist/css/bootstrap-reboot.rtl.min.css using pattern *.lsf
         No match for lib/bootstrap/dist/css/bootstrap-reboot.rtl.min.css using pattern *.lsx
         No match for lib/bootstrap/dist/css/bootstrap-reboot.rtl.min.css using pattern *.m1v
         No match for lib/bootstrap/dist/css/bootstrap-reboot.rtl.min.css using pattern *.m2ts
         No match for lib/bootstrap/dist/css/bootstrap-reboot.rtl.min.css using pattern *.qt
         No match for lib/bootstrap/dist/css/bootstrap-reboot.rtl.min.css using pattern *.ts
         No match for lib/bootstrap/dist/css/bootstrap-reboot.rtl.min.css using pattern *.tts
         No match for lib/bootstrap/dist/css/bootstrap-reboot.rtl.min.css using pattern *.wm
         No match for lib/bootstrap/dist/css/bootstrap-reboot.rtl.min.css using pattern *.wmp
         No match for lib/bootstrap/dist/css/bootstrap-reboot.rtl.min.css using pattern *.wmv
         No match for lib/bootstrap/dist/css/bootstrap-reboot.rtl.min.css using pattern *.wmx
         No match for lib/bootstrap/dist/css/bootstrap-reboot.rtl.min.css using pattern *.wtv
         No match for lib/bootstrap/dist/css/bootstrap-reboot.rtl.min.css using pattern *.wvx
         File C:\Users\user\OneDrive\╨а╨░╨▒╨╛╤З╨╕╨╣ ╤Б╤В╨╛╨╗\regi\WebApplication15\wwwroot\lib\bootstrap\dist\css\bootstrap-reboot.rtl.min.css exists.
         Adding endpoint lib/bootstrap/dist/css/bootstrap-reboot.rtl.min.css for asset C:\Users\user\OneDrive\╨а╨░╨▒╨╛╤З╨╕╨╣ ╤Б╤В╨╛╨╗\regi\WebApplication15\wwwroot\lib\bootstrap\dist\css\bootstrap-reboot.rtl.min.css.
         Adding endpoint lib/bootstrap/dist/css/bootstrap-reboot.rtl.min.dxx9fxp4il.css for asset C:\Users\user\OneDrive\╨а╨░╨▒╨╛╤З╨╕╨╣ ╤Б╤В╨╛╨╗\regi\WebApplication15\wwwroot\lib\bootstrap\dist\css\bootstrap-reboot.rtl.min.css.
         No match for lib/bootstrap/dist/css/bootstrap-reboot.rtl.min.css.map using pattern *.bmp
         No match for lib/bootstrap/dist/css/bootstrap-reboot.rtl.min.css.map using pattern *.jpeg
         No match for lib/bootstrap/dist/css/bootstrap-reboot.rtl.min.css.map using pattern *.jpg
         No match for lib/bootstrap/dist/css/bootstrap-reboot.rtl.min.css.map using pattern *.gif
         No match for lib/bootstrap/dist/css/bootstrap-reboot.rtl.min.css.map using pattern *.svg
         No match for lib/bootstrap/dist/css/bootstrap-reboot.rtl.min.css.map using pattern *.png
         No match for lib/bootstrap/dist/css/bootstrap-reboot.rtl.min.css.map using pattern *.webp
         No match for lib/bootstrap/dist/css/bootstrap-reboot.rtl.min.css.map using pattern *.otf
         No match for lib/bootstrap/dist/css/bootstrap-reboot.rtl.min.css.map using pattern *.woff2
         No match for lib/bootstrap/dist/css/bootstrap-reboot.rtl.min.css.map using pattern *.m4v
         No match for lib/bootstrap/dist/css/bootstrap-reboot.rtl.min.css.map using pattern *.mov
         No match for lib/bootstrap/dist/css/bootstrap-reboot.rtl.min.css.map using pattern *.movie
         No match for lib/bootstrap/dist/css/bootstrap-reboot.rtl.min.css.map using pattern *.mp2
         No match for lib/bootstrap/dist/css/bootstrap-reboot.rtl.min.css.map using pattern *.mp4
         No match for lib/bootstrap/dist/css/bootstrap-reboot.rtl.min.css.map using pattern *.mp4v
         No match for lib/bootstrap/dist/css/bootstrap-reboot.rtl.min.css.map using pattern *.mpa
         No match for lib/bootstrap/dist/css/bootstrap-reboot.rtl.min.css.map using pattern *.mpe
         No match for lib/bootstrap/dist/css/bootstrap-reboot.rtl.min.css.map using pattern *.mpeg
         No match for lib/bootstrap/dist/css/bootstrap-reboot.rtl.min.css.map using pattern *.mpg
         No match for lib/bootstrap/dist/css/bootstrap-reboot.rtl.min.css.map using pattern *.mpv2
         No match for lib/bootstrap/dist/css/bootstrap-reboot.rtl.min.css.map using pattern *.nsc
         No match for lib/bootstrap/dist/css/bootstrap-reboot.rtl.min.css.map using pattern *.ogg
         No match for lib/bootstrap/dist/css/bootstrap-reboot.rtl.min.css.map using pattern *.ogv
         No match for lib/bootstrap/dist/css/bootstrap-reboot.rtl.min.css.map using pattern *.webm
         No match for lib/bootstrap/dist/css/bootstrap-reboot.rtl.min.css.map using pattern *.art
         No match for lib/bootstrap/dist/css/bootstrap-reboot.rtl.min.css.map using pattern *.cmx
         No match for lib/bootstrap/dist/css/bootstrap-reboot.rtl.min.css.map using pattern *.cod
         No match for lib/bootstrap/dist/css/bootstrap-reboot.rtl.min.css.map using pattern *.dib
         No match for lib/bootstrap/dist/css/bootstrap-reboot.rtl.min.css.map using pattern *.ico
         No match for lib/bootstrap/dist/css/bootstrap-reboot.rtl.min.css.map using pattern *.ief
         No match for lib/bootstrap/dist/css/bootstrap-reboot.rtl.min.css.map using pattern *.jfif
         No match for lib/bootstrap/dist/css/bootstrap-reboot.rtl.min.css.map using pattern *.jpe
         No match for lib/bootstrap/dist/css/bootstrap-reboot.rtl.min.css.map using pattern *.pbm
         No match for lib/bootstrap/dist/css/bootstrap-reboot.rtl.min.css.map using pattern *.pgm
         No match for lib/bootstrap/dist/css/bootstrap-reboot.rtl.min.css.map using pattern *.pnm
         No match for lib/bootstrap/dist/css/bootstrap-reboot.rtl.min.css.map using pattern *.pnz
         No match for lib/bootstrap/dist/css/bootstrap-reboot.rtl.min.css.map using pattern *.ppm
         No match for lib/bootstrap/dist/css/bootstrap-reboot.rtl.min.css.map using pattern *.ras
         No match for lib/bootstrap/dist/css/bootstrap-reboot.rtl.min.css.map using pattern *.rf
         No match for lib/bootstrap/dist/css/bootstrap-reboot.rtl.min.css.map using pattern *.rgb
         No match for lib/bootstrap/dist/css/bootstrap-reboot.rtl.min.css.map using pattern *.svgz
         No match for lib/bootstrap/dist/css/bootstrap-reboot.rtl.min.css.map using pattern *.tif
         No match for lib/bootstrap/dist/css/bootstrap-reboot.rtl.min.css.map using pattern *.tiff
         No match for lib/bootstrap/dist/css/bootstrap-reboot.rtl.min.css.map using pattern *.wbmp
         No match for lib/bootstrap/dist/css/bootstrap-reboot.rtl.min.css.map using pattern *.xbm
         No match for lib/bootstrap/dist/css/bootstrap-reboot.rtl.min.css.map using pattern *.xpm
         No match for lib/bootstrap/dist/css/bootstrap-reboot.rtl.min.css.map using pattern *.xwd
         No match for lib/bootstrap/dist/css/bootstrap-reboot.rtl.min.css.map using pattern *.3g2
         No match for lib/bootstrap/dist/css/bootstrap-reboot.rtl.min.css.map using pattern *.3gp2
         No match for lib/bootstrap/dist/css/bootstrap-reboot.rtl.min.css.map using pattern *.3gp
         No match for lib/bootstrap/dist/css/bootstrap-reboot.rtl.min.css.map using pattern *.3gpp
         No match for lib/bootstrap/dist/css/bootstrap-reboot.rtl.min.css.map using pattern *.asf
         No match for lib/bootstrap/dist/css/bootstrap-reboot.rtl.min.css.map using pattern *.asr
         No match for lib/bootstrap/dist/css/bootstrap-reboot.rtl.min.css.map using pattern *.asx
         No match for lib/bootstrap/dist/css/bootstrap-reboot.rtl.min.css.map using pattern *.avi
         No match for lib/bootstrap/dist/css/bootstrap-reboot.rtl.min.css.map using pattern *.dvr
         No match for lib/bootstrap/dist/css/bootstrap-reboot.rtl.min.css.map using pattern *.flv
         No match for lib/bootstrap/dist/css/bootstrap-reboot.rtl.min.css.map using pattern *.IVF
         No match for lib/bootstrap/dist/css/bootstrap-reboot.rtl.min.css.map using pattern *.lsf
         No match for lib/bootstrap/dist/css/bootstrap-reboot.rtl.min.css.map using pattern *.lsx
         No match for lib/bootstrap/dist/css/bootstrap-reboot.rtl.min.css.map using pattern *.m1v
         No match for lib/bootstrap/dist/css/bootstrap-reboot.rtl.min.css.map using pattern *.m2ts
         No match for lib/bootstrap/dist/css/bootstrap-reboot.rtl.min.css.map using pattern *.qt
         No match for lib/bootstrap/dist/css/bootstrap-reboot.rtl.min.css.map using pattern *.ts
         No match for lib/bootstrap/dist/css/bootstrap-reboot.rtl.min.css.map using pattern *.tts
         No match for lib/bootstrap/dist/css/bootstrap-reboot.rtl.min.css.map using pattern *.wm
         No match for lib/bootstrap/dist/css/bootstrap-reboot.rtl.min.css.map using pattern *.wmp
         No match for lib/bootstrap/dist/css/bootstrap-reboot.rtl.min.css.map using pattern *.wmv
         No match for lib/bootstrap/dist/css/bootstrap-reboot.rtl.min.css.map using pattern *.wmx
         No match for lib/bootstrap/dist/css/bootstrap-reboot.rtl.min.css.map using pattern *.wtv
         No match for lib/bootstrap/dist/css/bootstrap-reboot.rtl.min.css.map using pattern *.wvx
         File C:\Users\user\OneDrive\╨а╨░╨▒╨╛╤З╨╕╨╣ ╤Б╤В╨╛╨╗\regi\WebApplication15\wwwroot\lib\bootstrap\dist\css\bootstrap-reboot.rtl.min.css.map exists.
         No match for lib/bootstrap/dist/css/bootstrap-reboot.rtl.min.css.map using pattern *.bmp
         No match for lib/bootstrap/dist/css/bootstrap-reboot.rtl.min.css.map using pattern *.jpeg
         No match for lib/bootstrap/dist/css/bootstrap-reboot.rtl.min.css.map using pattern *.jpg
         No match for lib/bootstrap/dist/css/bootstrap-reboot.rtl.min.css.map using pattern *.gif
         No match for lib/bootstrap/dist/css/bootstrap-reboot.rtl.min.css.map using pattern *.svg
         No match for lib/bootstrap/dist/css/bootstrap-reboot.rtl.min.css.map using pattern *.png
         No match for lib/bootstrap/dist/css/bootstrap-reboot.rtl.min.css.map using pattern *.webp
         No match for lib/bootstrap/dist/css/bootstrap-reboot.rtl.min.css.map using pattern *.otf
         No match for lib/bootstrap/dist/css/bootstrap-reboot.rtl.min.css.map using pattern *.woff2
         No match for lib/bootstrap/dist/css/bootstrap-reboot.rtl.min.css.map using pattern *.m4v
         No match for lib/bootstrap/dist/css/bootstrap-reboot.rtl.min.css.map using pattern *.mov
         No match for lib/bootstrap/dist/css/bootstrap-reboot.rtl.min.css.map using pattern *.movie
         No match for lib/bootstrap/dist/css/bootstrap-reboot.rtl.min.css.map using pattern *.mp2
         No match for lib/bootstrap/dist/css/bootstrap-reboot.rtl.min.css.map using pattern *.mp4
         No match for lib/bootstrap/dist/css/bootstrap-reboot.rtl.min.css.map using pattern *.mp4v
         No match for lib/bootstrap/dist/css/bootstrap-reboot.rtl.min.css.map using pattern *.mpa
         No match for lib/bootstrap/dist/css/bootstrap-reboot.rtl.min.css.map using pattern *.mpe
         No match for lib/bootstrap/dist/css/bootstrap-reboot.rtl.min.css.map using pattern *.mpeg
         No match for lib/bootstrap/dist/css/bootstrap-reboot.rtl.min.css.map using pattern *.mpg
         No match for lib/bootstrap/dist/css/bootstrap-reboot.rtl.min.css.map using pattern *.mpv2
         No match for lib/bootstrap/dist/css/bootstrap-reboot.rtl.min.css.map using pattern *.nsc
         No match for lib/bootstrap/dist/css/bootstrap-reboot.rtl.min.css.map using pattern *.ogg
         No match for lib/bootstrap/dist/css/bootstrap-reboot.rtl.min.css.map using pattern *.ogv
         No match for lib/bootstrap/dist/css/bootstrap-reboot.rtl.min.css.map using pattern *.webm
         No match for lib/bootstrap/dist/css/bootstrap-reboot.rtl.min.css.map using pattern *.art
         No match for lib/bootstrap/dist/css/bootstrap-reboot.rtl.min.css.map using pattern *.cmx
         No match for lib/bootstrap/dist/css/bootstrap-reboot.rtl.min.css.map using pattern *.cod
         No match for lib/bootstrap/dist/css/bootstrap-reboot.rtl.min.css.map using pattern *.dib
         No match for lib/bootstrap/dist/css/bootstrap-reboot.rtl.min.css.map using pattern *.ico
         No match for lib/bootstrap/dist/css/bootstrap-reboot.rtl.min.css.map using pattern *.ief
         No match for lib/bootstrap/dist/css/bootstrap-reboot.rtl.min.css.map using pattern *.jfif
         No match for lib/bootstrap/dist/css/bootstrap-reboot.rtl.min.css.map using pattern *.jpe
         No match for lib/bootstrap/dist/css/bootstrap-reboot.rtl.min.css.map using pattern *.pbm
         No match for lib/bootstrap/dist/css/bootstrap-reboot.rtl.min.css.map using pattern *.pgm
         No match for lib/bootstrap/dist/css/bootstrap-reboot.rtl.min.css.map using pattern *.pnm
         No match for lib/bootstrap/dist/css/bootstrap-reboot.rtl.min.css.map using pattern *.pnz
         No match for lib/bootstrap/dist/css/bootstrap-reboot.rtl.min.css.map using pattern *.ppm
         No match for lib/bootstrap/dist/css/bootstrap-reboot.rtl.min.css.map using pattern *.ras
         No match for lib/bootstrap/dist/css/bootstrap-reboot.rtl.min.css.map using pattern *.rf
         No match for lib/bootstrap/dist/css/bootstrap-reboot.rtl.min.css.map using pattern *.rgb
         No match for lib/bootstrap/dist/css/bootstrap-reboot.rtl.min.css.map using pattern *.svgz
         No match for lib/bootstrap/dist/css/bootstrap-reboot.rtl.min.css.map using pattern *.tif
         No match for lib/bootstrap/dist/css/bootstrap-reboot.rtl.min.css.map using pattern *.tiff
         No match for lib/bootstrap/dist/css/bootstrap-reboot.rtl.min.css.map using pattern *.wbmp
         No match for lib/bootstrap/dist/css/bootstrap-reboot.rtl.min.css.map using pattern *.xbm
         No match for lib/bootstrap/dist/css/bootstrap-reboot.rtl.min.css.map using pattern *.xpm
         No match for lib/bootstrap/dist/css/bootstrap-reboot.rtl.min.css.map using pattern *.xwd
         No match for lib/bootstrap/dist/css/bootstrap-reboot.rtl.min.css.map using pattern *.3g2
         No match for lib/bootstrap/dist/css/bootstrap-reboot.rtl.min.css.map using pattern *.3gp2
         No match for lib/bootstrap/dist/css/bootstrap-reboot.rtl.min.css.map using pattern *.3gp
         No match for lib/bootstrap/dist/css/bootstrap-reboot.rtl.min.css.map using pattern *.3gpp
         No match for lib/bootstrap/dist/css/bootstrap-reboot.rtl.min.css.map using pattern *.asf
         No match for lib/bootstrap/dist/css/bootstrap-reboot.rtl.min.css.map using pattern *.asr
         No match for lib/bootstrap/dist/css/bootstrap-reboot.rtl.min.css.map using pattern *.asx
         No match for lib/bootstrap/dist/css/bootstrap-reboot.rtl.min.css.map using pattern *.avi
         No match for lib/bootstrap/dist/css/bootstrap-reboot.rtl.min.css.map using pattern *.dvr
         No match for lib/bootstrap/dist/css/bootstrap-reboot.rtl.min.css.map using pattern *.flv
         No match for lib/bootstrap/dist/css/bootstrap-reboot.rtl.min.css.map using pattern *.IVF
         No match for lib/bootstrap/dist/css/bootstrap-reboot.rtl.min.css.map using pattern *.lsf
         No match for lib/bootstrap/dist/css/bootstrap-reboot.rtl.min.css.map using pattern *.lsx
         No match for lib/bootstrap/dist/css/bootstrap-reboot.rtl.min.css.map using pattern *.m1v
         No match for lib/bootstrap/dist/css/bootstrap-reboot.rtl.min.css.map using pattern *.m2ts
         No match for lib/bootstrap/dist/css/bootstrap-reboot.rtl.min.css.map using pattern *.qt
         No match for lib/bootstrap/dist/css/bootstrap-reboot.rtl.min.css.map using pattern *.ts
         No match for lib/bootstrap/dist/css/bootstrap-reboot.rtl.min.css.map using pattern *.tts
         No match for lib/bootstrap/dist/css/bootstrap-reboot.rtl.min.css.map using pattern *.wm
         No match for lib/bootstrap/dist/css/bootstrap-reboot.rtl.min.css.map using pattern *.wmp
         No match for lib/bootstrap/dist/css/bootstrap-reboot.rtl.min.css.map using pattern *.wmv
         No match for lib/bootstrap/dist/css/bootstrap-reboot.rtl.min.css.map using pattern *.wmx
         No match for lib/bootstrap/dist/css/bootstrap-reboot.rtl.min.css.map using pattern *.wtv
         No match for lib/bootstrap/dist/css/bootstrap-reboot.rtl.min.css.map using pattern *.wvx
         File C:\Users\user\OneDrive\╨а╨░╨▒╨╛╤З╨╕╨╣ ╤Б╤В╨╛╨╗\regi\WebApplication15\wwwroot\lib\bootstrap\dist\css\bootstrap-reboot.rtl.min.css.map exists.
         Adding endpoint lib/bootstrap/dist/css/bootstrap-reboot.rtl.min.css.map for asset C:\Users\user\OneDrive\╨а╨░╨▒╨╛╤З╨╕╨╣ ╤Б╤В╨╛╨╗\regi\WebApplication15\wwwroot\lib\bootstrap\dist\css\bootstrap-reboot.rtl.min.css.map.
         Adding endpoint lib/bootstrap/dist/css/bootstrap-reboot.rtl.min.css.jd9uben2k1.map for asset C:\Users\user\OneDrive\╨а╨░╨▒╨╛╤З╨╕╨╣ ╤Б╤В╨╛╨╗\regi\WebApplication15\wwwroot\lib\bootstrap\dist\css\bootstrap-reboot.rtl.min.css.map.
         No match for lib/bootstrap/dist/css/bootstrap-utilities.css using pattern *.bmp
         No match for lib/bootstrap/dist/css/bootstrap-utilities.css using pattern *.jpeg
         No match for lib/bootstrap/dist/css/bootstrap-utilities.css using pattern *.jpg
         No match for lib/bootstrap/dist/css/bootstrap-utilities.css using pattern *.gif
         No match for lib/bootstrap/dist/css/bootstrap-utilities.css using pattern *.svg
         No match for lib/bootstrap/dist/css/bootstrap-utilities.css using pattern *.png
         No match for lib/bootstrap/dist/css/bootstrap-utilities.css using pattern *.webp
         No match for lib/bootstrap/dist/css/bootstrap-utilities.css using pattern *.otf
         No match for lib/bootstrap/dist/css/bootstrap-utilities.css using pattern *.woff2
         No match for lib/bootstrap/dist/css/bootstrap-utilities.css using pattern *.m4v
         No match for lib/bootstrap/dist/css/bootstrap-utilities.css using pattern *.mov
         No match for lib/bootstrap/dist/css/bootstrap-utilities.css using pattern *.movie
         No match for lib/bootstrap/dist/css/bootstrap-utilities.css using pattern *.mp2
         No match for lib/bootstrap/dist/css/bootstrap-utilities.css using pattern *.mp4
         No match for lib/bootstrap/dist/css/bootstrap-utilities.css using pattern *.mp4v
         No match for lib/bootstrap/dist/css/bootstrap-utilities.css using pattern *.mpa
         No match for lib/bootstrap/dist/css/bootstrap-utilities.css using pattern *.mpe
         No match for lib/bootstrap/dist/css/bootstrap-utilities.css using pattern *.mpeg
         No match for lib/bootstrap/dist/css/bootstrap-utilities.css using pattern *.mpg
         No match for lib/bootstrap/dist/css/bootstrap-utilities.css using pattern *.mpv2
         No match for lib/bootstrap/dist/css/bootstrap-utilities.css using pattern *.nsc
         No match for lib/bootstrap/dist/css/bootstrap-utilities.css using pattern *.ogg
         No match for lib/bootstrap/dist/css/bootstrap-utilities.css using pattern *.ogv
         No match for lib/bootstrap/dist/css/bootstrap-utilities.css using pattern *.webm
         No match for lib/bootstrap/dist/css/bootstrap-utilities.css using pattern *.art
         No match for lib/bootstrap/dist/css/bootstrap-utilities.css using pattern *.cmx
         No match for lib/bootstrap/dist/css/bootstrap-utilities.css using pattern *.cod
         No match for lib/bootstrap/dist/css/bootstrap-utilities.css using pattern *.dib
         No match for lib/bootstrap/dist/css/bootstrap-utilities.css using pattern *.ico
         No match for lib/bootstrap/dist/css/bootstrap-utilities.css using pattern *.ief
         No match for lib/bootstrap/dist/css/bootstrap-utilities.css using pattern *.jfif
         No match for lib/bootstrap/dist/css/bootstrap-utilities.css using pattern *.jpe
         No match for lib/bootstrap/dist/css/bootstrap-utilities.css using pattern *.pbm
         No match for lib/bootstrap/dist/css/bootstrap-utilities.css using pattern *.pgm
         No match for lib/bootstrap/dist/css/bootstrap-utilities.css using pattern *.pnm
         No match for lib/bootstrap/dist/css/bootstrap-utilities.css using pattern *.pnz
         No match for lib/bootstrap/dist/css/bootstrap-utilities.css using pattern *.ppm
         No match for lib/bootstrap/dist/css/bootstrap-utilities.css using pattern *.ras
         No match for lib/bootstrap/dist/css/bootstrap-utilities.css using pattern *.rf
         No match for lib/bootstrap/dist/css/bootstrap-utilities.css using pattern *.rgb
         No match for lib/bootstrap/dist/css/bootstrap-utilities.css using pattern *.svgz
         No match for lib/bootstrap/dist/css/bootstrap-utilities.css using pattern *.tif
         No match for lib/bootstrap/dist/css/bootstrap-utilities.css using pattern *.tiff
         No match for lib/bootstrap/dist/css/bootstrap-utilities.css using pattern *.wbmp
         No match for lib/bootstrap/dist/css/bootstrap-utilities.css using pattern *.xbm
         No match for lib/bootstrap/dist/css/bootstrap-utilities.css using pattern *.xpm
         No match for lib/bootstrap/dist/css/bootstrap-utilities.css using pattern *.xwd
         No match for lib/bootstrap/dist/css/bootstrap-utilities.css using pattern *.3g2
         No match for lib/bootstrap/dist/css/bootstrap-utilities.css using pattern *.3gp2
         No match for lib/bootstrap/dist/css/bootstrap-utilities.css using pattern *.3gp
         No match for lib/bootstrap/dist/css/bootstrap-utilities.css using pattern *.3gpp
         No match for lib/bootstrap/dist/css/bootstrap-utilities.css using pattern *.asf
         No match for lib/bootstrap/dist/css/bootstrap-utilities.css using pattern *.asr
         No match for lib/bootstrap/dist/css/bootstrap-utilities.css using pattern *.asx
         No match for lib/bootstrap/dist/css/bootstrap-utilities.css using pattern *.avi
         No match for lib/bootstrap/dist/css/bootstrap-utilities.css using pattern *.dvr
         No match for lib/bootstrap/dist/css/bootstrap-utilities.css using pattern *.flv
         No match for lib/bootstrap/dist/css/bootstrap-utilities.css using pattern *.IVF
         No match for lib/bootstrap/dist/css/bootstrap-utilities.css using pattern *.lsf
         No match for lib/bootstrap/dist/css/bootstrap-utilities.css using pattern *.lsx
         No match for lib/bootstrap/dist/css/bootstrap-utilities.css using pattern *.m1v
         No match for lib/bootstrap/dist/css/bootstrap-utilities.css using pattern *.m2ts
         No match for lib/bootstrap/dist/css/bootstrap-utilities.css using pattern *.qt
         No match for lib/bootstrap/dist/css/bootstrap-utilities.css using pattern *.ts
         No match for lib/bootstrap/dist/css/bootstrap-utilities.css using pattern *.tts
         No match for lib/bootstrap/dist/css/bootstrap-utilities.css using pattern *.wm
         No match for lib/bootstrap/dist/css/bootstrap-utilities.css using pattern *.wmp
         No match for lib/bootstrap/dist/css/bootstrap-utilities.css using pattern *.wmv
         No match for lib/bootstrap/dist/css/bootstrap-utilities.css using pattern *.wmx
         No match for lib/bootstrap/dist/css/bootstrap-utilities.css using pattern *.wtv
         No match for lib/bootstrap/dist/css/bootstrap-utilities.css using pattern *.wvx
         File C:\Users\user\OneDrive\╨а╨░╨▒╨╛╤З╨╕╨╣ ╤Б╤В╨╛╨╗\regi\WebApplication15\wwwroot\lib\bootstrap\dist\css\bootstrap-utilities.css exists.
         No match for lib/bootstrap/dist/css/bootstrap-utilities.css using pattern *.bmp
         No match for lib/bootstrap/dist/css/bootstrap-utilities.css using pattern *.jpeg
         No match for lib/bootstrap/dist/css/bootstrap-utilities.css using pattern *.jpg
         No match for lib/bootstrap/dist/css/bootstrap-utilities.css using pattern *.gif
         No match for lib/bootstrap/dist/css/bootstrap-utilities.css using pattern *.svg
         No match for lib/bootstrap/dist/css/bootstrap-utilities.css using pattern *.png
         No match for lib/bootstrap/dist/css/bootstrap-utilities.css using pattern *.webp
         No match for lib/bootstrap/dist/css/bootstrap-utilities.css using pattern *.otf
         No match for lib/bootstrap/dist/css/bootstrap-utilities.css using pattern *.woff2
         No match for lib/bootstrap/dist/css/bootstrap-utilities.css using pattern *.m4v
         No match for lib/bootstrap/dist/css/bootstrap-utilities.css using pattern *.mov
         No match for lib/bootstrap/dist/css/bootstrap-utilities.css using pattern *.movie
         No match for lib/bootstrap/dist/css/bootstrap-utilities.css using pattern *.mp2
         No match for lib/bootstrap/dist/css/bootstrap-utilities.css using pattern *.mp4
         No match for lib/bootstrap/dist/css/bootstrap-utilities.css using pattern *.mp4v
         No match for lib/bootstrap/dist/css/bootstrap-utilities.css using pattern *.mpa
         No match for lib/bootstrap/dist/css/bootstrap-utilities.css using pattern *.mpe
         No match for lib/bootstrap/dist/css/bootstrap-utilities.css using pattern *.mpeg
         No match for lib/bootstrap/dist/css/bootstrap-utilities.css using pattern *.mpg
         No match for lib/bootstrap/dist/css/bootstrap-utilities.css using pattern *.mpv2
         No match for lib/bootstrap/dist/css/bootstrap-utilities.css using pattern *.nsc
         No match for lib/bootstrap/dist/css/bootstrap-utilities.css using pattern *.ogg
         No match for lib/bootstrap/dist/css/bootstrap-utilities.css using pattern *.ogv
         No match for lib/bootstrap/dist/css/bootstrap-utilities.css using pattern *.webm
         No match for lib/bootstrap/dist/css/bootstrap-utilities.css using pattern *.art
         No match for lib/bootstrap/dist/css/bootstrap-utilities.css using pattern *.cmx
         No match for lib/bootstrap/dist/css/bootstrap-utilities.css using pattern *.cod
         No match for lib/bootstrap/dist/css/bootstrap-utilities.css using pattern *.dib
         No match for lib/bootstrap/dist/css/bootstrap-utilities.css using pattern *.ico
         No match for lib/bootstrap/dist/css/bootstrap-utilities.css using pattern *.ief
         No match for lib/bootstrap/dist/css/bootstrap-utilities.css using pattern *.jfif
         No match for lib/bootstrap/dist/css/bootstrap-utilities.css using pattern *.jpe
         No match for lib/bootstrap/dist/css/bootstrap-utilities.css using pattern *.pbm
         No match for lib/bootstrap/dist/css/bootstrap-utilities.css using pattern *.pgm
         No match for lib/bootstrap/dist/css/bootstrap-utilities.css using pattern *.pnm
         No match for lib/bootstrap/dist/css/bootstrap-utilities.css using pattern *.pnz
         No match for lib/bootstrap/dist/css/bootstrap-utilities.css using pattern *.ppm
         No match for lib/bootstrap/dist/css/bootstrap-utilities.css using pattern *.ras
         No match for lib/bootstrap/dist/css/bootstrap-utilities.css using pattern *.rf
         No match for lib/bootstrap/dist/css/bootstrap-utilities.css using pattern *.rgb
         No match for lib/bootstrap/dist/css/bootstrap-utilities.css using pattern *.svgz
         No match for lib/bootstrap/dist/css/bootstrap-utilities.css using pattern *.tif
         No match for lib/bootstrap/dist/css/bootstrap-utilities.css using pattern *.tiff
         No match for lib/bootstrap/dist/css/bootstrap-utilities.css using pattern *.wbmp
         No match for lib/bootstrap/dist/css/bootstrap-utilities.css using pattern *.xbm
         No match for lib/bootstrap/dist/css/bootstrap-utilities.css using pattern *.xpm
         No match for lib/bootstrap/dist/css/bootstrap-utilities.css using pattern *.xwd
         No match for lib/bootstrap/dist/css/bootstrap-utilities.css using pattern *.3g2
         No match for lib/bootstrap/dist/css/bootstrap-utilities.css using pattern *.3gp2
         No match for lib/bootstrap/dist/css/bootstrap-utilities.css using pattern *.3gp
         No match for lib/bootstrap/dist/css/bootstrap-utilities.css using pattern *.3gpp
         No match for lib/bootstrap/dist/css/bootstrap-utilities.css using pattern *.asf
         No match for lib/bootstrap/dist/css/bootstrap-utilities.css using pattern *.asr
         No match for lib/bootstrap/dist/css/bootstrap-utilities.css using pattern *.asx
         No match for lib/bootstrap/dist/css/bootstrap-utilities.css using pattern *.avi
         No match for lib/bootstrap/dist/css/bootstrap-utilities.css using pattern *.dvr
         No match for lib/bootstrap/dist/css/bootstrap-utilities.css using pattern *.flv
         No match for lib/bootstrap/dist/css/bootstrap-utilities.css using pattern *.IVF
         No match for lib/bootstrap/dist/css/bootstrap-utilities.css using pattern *.lsf
         No match for lib/bootstrap/dist/css/bootstrap-utilities.css using pattern *.lsx
         No match for lib/bootstrap/dist/css/bootstrap-utilities.css using pattern *.m1v
         No match for lib/bootstrap/dist/css/bootstrap-utilities.css using pattern *.m2ts
         No match for lib/bootstrap/dist/css/bootstrap-utilities.css using pattern *.qt
         No match for lib/bootstrap/dist/css/bootstrap-utilities.css using pattern *.ts
         No match for lib/bootstrap/dist/css/bootstrap-utilities.css using pattern *.tts
         No match for lib/bootstrap/dist/css/bootstrap-utilities.css using pattern *.wm
         No match for lib/bootstrap/dist/css/bootstrap-utilities.css using pattern *.wmp
         No match for lib/bootstrap/dist/css/bootstrap-utilities.css using pattern *.wmv
         No match for lib/bootstrap/dist/css/bootstrap-utilities.css using pattern *.wmx
         No match for lib/bootstrap/dist/css/bootstrap-utilities.css using pattern *.wtv
         No match for lib/bootstrap/dist/css/bootstrap-utilities.css using pattern *.wvx
         File C:\Users\user\OneDrive\╨а╨░╨▒╨╛╤З╨╕╨╣ ╤Б╤В╨╛╨╗\regi\WebApplication15\wwwroot\lib\bootstrap\dist\css\bootstrap-utilities.css exists.
         Adding endpoint lib/bootstrap/dist/css/bootstrap-utilities.css for asset C:\Users\user\OneDrive\╨а╨░╨▒╨╛╤З╨╕╨╣ ╤Б╤В╨╛╨╗\regi\WebApplication15\wwwroot\lib\bootstrap\dist\css\bootstrap-utilities.css.
         Adding endpoint lib/bootstrap/dist/css/bootstrap-utilities.khv3u5hwcm.css for asset C:\Users\user\OneDrive\╨а╨░╨▒╨╛╤З╨╕╨╣ ╤Б╤В╨╛╨╗\regi\WebApplication15\wwwroot\lib\bootstrap\dist\css\bootstrap-utilities.css.
         No match for lib/bootstrap/dist/css/bootstrap-utilities.css.map using pattern *.bmp
         No match for lib/bootstrap/dist/css/bootstrap-utilities.css.map using pattern *.jpeg
         No match for lib/bootstrap/dist/css/bootstrap-utilities.css.map using pattern *.jpg
         No match for lib/bootstrap/dist/css/bootstrap-utilities.css.map using pattern *.gif
         No match for lib/bootstrap/dist/css/bootstrap-utilities.css.map using pattern *.svg
         No match for lib/bootstrap/dist/css/bootstrap-utilities.css.map using pattern *.png
         No match for lib/bootstrap/dist/css/bootstrap-utilities.css.map using pattern *.webp
         No match for lib/bootstrap/dist/css/bootstrap-utilities.css.map using pattern *.otf
         No match for lib/bootstrap/dist/css/bootstrap-utilities.css.map using pattern *.woff2
         No match for lib/bootstrap/dist/css/bootstrap-utilities.css.map using pattern *.m4v
         No match for lib/bootstrap/dist/css/bootstrap-utilities.css.map using pattern *.mov
         No match for lib/bootstrap/dist/css/bootstrap-utilities.css.map using pattern *.movie
         No match for lib/bootstrap/dist/css/bootstrap-utilities.css.map using pattern *.mp2
         No match for lib/bootstrap/dist/css/bootstrap-utilities.css.map using pattern *.mp4
         No match for lib/bootstrap/dist/css/bootstrap-utilities.css.map using pattern *.mp4v
         No match for lib/bootstrap/dist/css/bootstrap-utilities.css.map using pattern *.mpa
         No match for lib/bootstrap/dist/css/bootstrap-utilities.css.map using pattern *.mpe
         No match for lib/bootstrap/dist/css/bootstrap-utilities.css.map using pattern *.mpeg
         No match for lib/bootstrap/dist/css/bootstrap-utilities.css.map using pattern *.mpg
         No match for lib/bootstrap/dist/css/bootstrap-utilities.css.map using pattern *.mpv2
         No match for lib/bootstrap/dist/css/bootstrap-utilities.css.map using pattern *.nsc
         No match for lib/bootstrap/dist/css/bootstrap-utilities.css.map using pattern *.ogg
         No match for lib/bootstrap/dist/css/bootstrap-utilities.css.map using pattern *.ogv
         No match for lib/bootstrap/dist/css/bootstrap-utilities.css.map using pattern *.webm
         No match for lib/bootstrap/dist/css/bootstrap-utilities.css.map using pattern *.art
         No match for lib/bootstrap/dist/css/bootstrap-utilities.css.map using pattern *.cmx
         No match for lib/bootstrap/dist/css/bootstrap-utilities.css.map using pattern *.cod
         No match for lib/bootstrap/dist/css/bootstrap-utilities.css.map using pattern *.dib
         No match for lib/bootstrap/dist/css/bootstrap-utilities.css.map using pattern *.ico
         No match for lib/bootstrap/dist/css/bootstrap-utilities.css.map using pattern *.ief
         No match for lib/bootstrap/dist/css/bootstrap-utilities.css.map using pattern *.jfif
         No match for lib/bootstrap/dist/css/bootstrap-utilities.css.map using pattern *.jpe
         No match for lib/bootstrap/dist/css/bootstrap-utilities.css.map using pattern *.pbm
         No match for lib/bootstrap/dist/css/bootstrap-utilities.css.map using pattern *.pgm
         No match for lib/bootstrap/dist/css/bootstrap-utilities.css.map using pattern *.pnm
         No match for lib/bootstrap/dist/css/bootstrap-utilities.css.map using pattern *.pnz
         No match for lib/bootstrap/dist/css/bootstrap-utilities.css.map using pattern *.ppm
         No match for lib/bootstrap/dist/css/bootstrap-utilities.css.map using pattern *.ras
         No match for lib/bootstrap/dist/css/bootstrap-utilities.css.map using pattern *.rf
         No match for lib/bootstrap/dist/css/bootstrap-utilities.css.map using pattern *.rgb
         No match for lib/bootstrap/dist/css/bootstrap-utilities.css.map using pattern *.svgz
         No match for lib/bootstrap/dist/css/bootstrap-utilities.css.map using pattern *.tif
         No match for lib/bootstrap/dist/css/bootstrap-utilities.css.map using pattern *.tiff
         No match for lib/bootstrap/dist/css/bootstrap-utilities.css.map using pattern *.wbmp
         No match for lib/bootstrap/dist/css/bootstrap-utilities.css.map using pattern *.xbm
         No match for lib/bootstrap/dist/css/bootstrap-utilities.css.map using pattern *.xpm
         No match for lib/bootstrap/dist/css/bootstrap-utilities.css.map using pattern *.xwd
         No match for lib/bootstrap/dist/css/bootstrap-utilities.css.map using pattern *.3g2
         No match for lib/bootstrap/dist/css/bootstrap-utilities.css.map using pattern *.3gp2
         No match for lib/bootstrap/dist/css/bootstrap-utilities.css.map using pattern *.3gp
         No match for lib/bootstrap/dist/css/bootstrap-utilities.css.map using pattern *.3gpp
         No match for lib/bootstrap/dist/css/bootstrap-utilities.css.map using pattern *.asf
         No match for lib/bootstrap/dist/css/bootstrap-utilities.css.map using pattern *.asr
         No match for lib/bootstrap/dist/css/bootstrap-utilities.css.map using pattern *.asx
         No match for lib/bootstrap/dist/css/bootstrap-utilities.css.map using pattern *.avi
         No match for lib/bootstrap/dist/css/bootstrap-utilities.css.map using pattern *.dvr
         No match for lib/bootstrap/dist/css/bootstrap-utilities.css.map using pattern *.flv
         No match for lib/bootstrap/dist/css/bootstrap-utilities.css.map using pattern *.IVF
         No match for lib/bootstrap/dist/css/bootstrap-utilities.css.map using pattern *.lsf
         No match for lib/bootstrap/dist/css/bootstrap-utilities.css.map using pattern *.lsx
         No match for lib/bootstrap/dist/css/bootstrap-utilities.css.map using pattern *.m1v
         No match for lib/bootstrap/dist/css/bootstrap-utilities.css.map using pattern *.m2ts
         No match for lib/bootstrap/dist/css/bootstrap-utilities.css.map using pattern *.qt
         No match for lib/bootstrap/dist/css/bootstrap-utilities.css.map using pattern *.ts
         No match for lib/bootstrap/dist/css/bootstrap-utilities.css.map using pattern *.tts
         No match for lib/bootstrap/dist/css/bootstrap-utilities.css.map using pattern *.wm
         No match for lib/bootstrap/dist/css/bootstrap-utilities.css.map using pattern *.wmp
         No match for lib/bootstrap/dist/css/bootstrap-utilities.css.map using pattern *.wmv
         No match for lib/bootstrap/dist/css/bootstrap-utilities.css.map using pattern *.wmx
         No match for lib/bootstrap/dist/css/bootstrap-utilities.css.map using pattern *.wtv
         No match for lib/bootstrap/dist/css/bootstrap-utilities.css.map using pattern *.wvx
         File C:\Users\user\OneDrive\╨а╨░╨▒╨╛╤З╨╕╨╣ ╤Б╤В╨╛╨╗\regi\WebApplication15\wwwroot\lib\bootstrap\dist\css\bootstrap-utilities.css.map exists.
         No match for lib/bootstrap/dist/css/bootstrap-utilities.css.map using pattern *.bmp
         No match for lib/bootstrap/dist/css/bootstrap-utilities.css.map using pattern *.jpeg
         No match for lib/bootstrap/dist/css/bootstrap-utilities.css.map using pattern *.jpg
         No match for lib/bootstrap/dist/css/bootstrap-utilities.css.map using pattern *.gif
         No match for lib/bootstrap/dist/css/bootstrap-utilities.css.map using pattern *.svg
         No match for lib/bootstrap/dist/css/bootstrap-utilities.css.map using pattern *.png
         No match for lib/bootstrap/dist/css/bootstrap-utilities.css.map using pattern *.webp
         No match for lib/bootstrap/dist/css/bootstrap-utilities.css.map using pattern *.otf
         No match for lib/bootstrap/dist/css/bootstrap-utilities.css.map using pattern *.woff2
         No match for lib/bootstrap/dist/css/bootstrap-utilities.css.map using pattern *.m4v
         No match for lib/bootstrap/dist/css/bootstrap-utilities.css.map using pattern *.mov
         No match for lib/bootstrap/dist/css/bootstrap-utilities.css.map using pattern *.movie
         No match for lib/bootstrap/dist/css/bootstrap-utilities.css.map using pattern *.mp2
         No match for lib/bootstrap/dist/css/bootstrap-utilities.css.map using pattern *.mp4
         No match for lib/bootstrap/dist/css/bootstrap-utilities.css.map using pattern *.mp4v
         No match for lib/bootstrap/dist/css/bootstrap-utilities.css.map using pattern *.mpa
         No match for lib/bootstrap/dist/css/bootstrap-utilities.css.map using pattern *.mpe
         No match for lib/bootstrap/dist/css/bootstrap-utilities.css.map using pattern *.mpeg
         No match for lib/bootstrap/dist/css/bootstrap-utilities.css.map using pattern *.mpg
         No match for lib/bootstrap/dist/css/bootstrap-utilities.css.map using pattern *.mpv2
         No match for lib/bootstrap/dist/css/bootstrap-utilities.css.map using pattern *.nsc
         No match for lib/bootstrap/dist/css/bootstrap-utilities.css.map using pattern *.ogg
         No match for lib/bootstrap/dist/css/bootstrap-utilities.css.map using pattern *.ogv
         No match for lib/bootstrap/dist/css/bootstrap-utilities.css.map using pattern *.webm
         No match for lib/bootstrap/dist/css/bootstrap-utilities.css.map using pattern *.art
         No match for lib/bootstrap/dist/css/bootstrap-utilities.css.map using pattern *.cmx
         No match for lib/bootstrap/dist/css/bootstrap-utilities.css.map using pattern *.cod
         No match for lib/bootstrap/dist/css/bootstrap-utilities.css.map using pattern *.dib
         No match for lib/bootstrap/dist/css/bootstrap-utilities.css.map using pattern *.ico
         No match for lib/bootstrap/dist/css/bootstrap-utilities.css.map using pattern *.ief
         No match for lib/bootstrap/dist/css/bootstrap-utilities.css.map using pattern *.jfif
         No match for lib/bootstrap/dist/css/bootstrap-utilities.css.map using pattern *.jpe
         No match for lib/bootstrap/dist/css/bootstrap-utilities.css.map using pattern *.pbm
         No match for lib/bootstrap/dist/css/bootstrap-utilities.css.map using pattern *.pgm
         No match for lib/bootstrap/dist/css/bootstrap-utilities.css.map using pattern *.pnm
         No match for lib/bootstrap/dist/css/bootstrap-utilities.css.map using pattern *.pnz
         No match for lib/bootstrap/dist/css/bootstrap-utilities.css.map using pattern *.ppm
         No match for lib/bootstrap/dist/css/bootstrap-utilities.css.map using pattern *.ras
         No match for lib/bootstrap/dist/css/bootstrap-utilities.css.map using pattern *.rf
         No match for lib/bootstrap/dist/css/bootstrap-utilities.css.map using pattern *.rgb
         No match for lib/bootstrap/dist/css/bootstrap-utilities.css.map using pattern *.svgz
         No match for lib/bootstrap/dist/css/bootstrap-utilities.css.map using pattern *.tif
         No match for lib/bootstrap/dist/css/bootstrap-utilities.css.map using pattern *.tiff
         No match for lib/bootstrap/dist/css/bootstrap-utilities.css.map using pattern *.wbmp
         No match for lib/bootstrap/dist/css/bootstrap-utilities.css.map using pattern *.xbm
         No match for lib/bootstrap/dist/css/bootstrap-utilities.css.map using pattern *.xpm
         No match for lib/bootstrap/dist/css/bootstrap-utilities.css.map using pattern *.xwd
         No match for lib/bootstrap/dist/css/bootstrap-utilities.css.map using pattern *.3g2
         No match for lib/bootstrap/dist/css/bootstrap-utilities.css.map using pattern *.3gp2
         No match for lib/bootstrap/dist/css/bootstrap-utilities.css.map using pattern *.3gp
         No match for lib/bootstrap/dist/css/bootstrap-utilities.css.map using pattern *.3gpp
         No match for lib/bootstrap/dist/css/bootstrap-utilities.css.map using pattern *.asf
         No match for lib/bootstrap/dist/css/bootstrap-utilities.css.map using pattern *.asr
         No match for lib/bootstrap/dist/css/bootstrap-utilities.css.map using pattern *.asx
         No match for lib/bootstrap/dist/css/bootstrap-utilities.css.map using pattern *.avi
         No match for lib/bootstrap/dist/css/bootstrap-utilities.css.map using pattern *.dvr
         No match for lib/bootstrap/dist/css/bootstrap-utilities.css.map using pattern *.flv
         No match for lib/bootstrap/dist/css/bootstrap-utilities.css.map using pattern *.IVF
         No match for lib/bootstrap/dist/css/bootstrap-utilities.css.map using pattern *.lsf
         No match for lib/bootstrap/dist/css/bootstrap-utilities.css.map using pattern *.lsx
         No match for lib/bootstrap/dist/css/bootstrap-utilities.css.map using pattern *.m1v
         No match for lib/bootstrap/dist/css/bootstrap-utilities.css.map using pattern *.m2ts
         No match for lib/bootstrap/dist/css/bootstrap-utilities.css.map using pattern *.qt
         No match for lib/bootstrap/dist/css/bootstrap-utilities.css.map using pattern *.ts
         No match for lib/bootstrap/dist/css/bootstrap-utilities.css.map using pattern *.tts
         No match for lib/bootstrap/dist/css/bootstrap-utilities.css.map using pattern *.wm
         No match for lib/bootstrap/dist/css/bootstrap-utilities.css.map using pattern *.wmp
         No match for lib/bootstrap/dist/css/bootstrap-utilities.css.map using pattern *.wmv
         No match for lib/bootstrap/dist/css/bootstrap-utilities.css.map using pattern *.wmx
         No match for lib/bootstrap/dist/css/bootstrap-utilities.css.map using pattern *.wtv
         No match for lib/bootstrap/dist/css/bootstrap-utilities.css.map using pattern *.wvx
         File C:\Users\user\OneDrive\╨а╨░╨▒╨╛╤З╨╕╨╣ ╤Б╤В╨╛╨╗\regi\WebApplication15\wwwroot\lib\bootstrap\dist\css\bootstrap-utilities.css.map exists.
         Adding endpoint lib/bootstrap/dist/css/bootstrap-utilities.css.map for asset C:\Users\user\OneDrive\╨а╨░╨▒╨╛╤З╨╕╨╣ ╤Б╤В╨╛╨╗\regi\WebApplication15\wwwroot\lib\bootstrap\dist\css\bootstrap-utilities.css.map.
         Adding endpoint lib/bootstrap/dist/css/bootstrap-utilities.css.r4e9w2rdcm.map for asset C:\Users\user\OneDrive\╨а╨░╨▒╨╛╤З╨╕╨╣ ╤Б╤В╨╛╨╗\regi\WebApplication15\wwwroot\lib\bootstrap\dist\css\bootstrap-utilities.css.map.
         No match for lib/bootstrap/dist/css/bootstrap-utilities.min.css using pattern *.bmp
         No match for lib/bootstrap/dist/css/bootstrap-utilities.min.css using pattern *.jpeg
         No match for lib/bootstrap/dist/css/bootstrap-utilities.min.css using pattern *.jpg
         No match for lib/bootstrap/dist/css/bootstrap-utilities.min.css using pattern *.gif
         No match for lib/bootstrap/dist/css/bootstrap-utilities.min.css using pattern *.svg
         No match for lib/bootstrap/dist/css/bootstrap-utilities.min.css using pattern *.png
         No match for lib/bootstrap/dist/css/bootstrap-utilities.min.css using pattern *.webp
         No match for lib/bootstrap/dist/css/bootstrap-utilities.min.css using pattern *.otf
         No match for lib/bootstrap/dist/css/bootstrap-utilities.min.css using pattern *.woff2
         No match for lib/bootstrap/dist/css/bootstrap-utilities.min.css using pattern *.m4v
         No match for lib/bootstrap/dist/css/bootstrap-utilities.min.css using pattern *.mov
         No match for lib/bootstrap/dist/css/bootstrap-utilities.min.css using pattern *.movie
         No match for lib/bootstrap/dist/css/bootstrap-utilities.min.css using pattern *.mp2
         No match for lib/bootstrap/dist/css/bootstrap-utilities.min.css using pattern *.mp4
         No match for lib/bootstrap/dist/css/bootstrap-utilities.min.css using pattern *.mp4v
         No match for lib/bootstrap/dist/css/bootstrap-utilities.min.css using pattern *.mpa
         No match for lib/bootstrap/dist/css/bootstrap-utilities.min.css using pattern *.mpe
         No match for lib/bootstrap/dist/css/bootstrap-utilities.min.css using pattern *.mpeg
         No match for lib/bootstrap/dist/css/bootstrap-utilities.min.css using pattern *.mpg
         No match for lib/bootstrap/dist/css/bootstrap-utilities.min.css using pattern *.mpv2
         No match for lib/bootstrap/dist/css/bootstrap-utilities.min.css using pattern *.nsc
         No match for lib/bootstrap/dist/css/bootstrap-utilities.min.css using pattern *.ogg
         No match for lib/bootstrap/dist/css/bootstrap-utilities.min.css using pattern *.ogv
         No match for lib/bootstrap/dist/css/bootstrap-utilities.min.css using pattern *.webm
         No match for lib/bootstrap/dist/css/bootstrap-utilities.min.css using pattern *.art
         No match for lib/bootstrap/dist/css/bootstrap-utilities.min.css using pattern *.cmx
         No match for lib/bootstrap/dist/css/bootstrap-utilities.min.css using pattern *.cod
         No match for lib/bootstrap/dist/css/bootstrap-utilities.min.css using pattern *.dib
         No match for lib/bootstrap/dist/css/bootstrap-utilities.min.css using pattern *.ico
         No match for lib/bootstrap/dist/css/bootstrap-utilities.min.css using pattern *.ief
         No match for lib/bootstrap/dist/css/bootstrap-utilities.min.css using pattern *.jfif
         No match for lib/bootstrap/dist/css/bootstrap-utilities.min.css using pattern *.jpe
         No match for lib/bootstrap/dist/css/bootstrap-utilities.min.css using pattern *.pbm
         No match for lib/bootstrap/dist/css/bootstrap-utilities.min.css using pattern *.pgm
         No match for lib/bootstrap/dist/css/bootstrap-utilities.min.css using pattern *.pnm
         No match for lib/bootstrap/dist/css/bootstrap-utilities.min.css using pattern *.pnz
         No match for lib/bootstrap/dist/css/bootstrap-utilities.min.css using pattern *.ppm
         No match for lib/bootstrap/dist/css/bootstrap-utilities.min.css using pattern *.ras
         No match for lib/bootstrap/dist/css/bootstrap-utilities.min.css using pattern *.rf
         No match for lib/bootstrap/dist/css/bootstrap-utilities.min.css using pattern *.rgb
         No match for lib/bootstrap/dist/css/bootstrap-utilities.min.css using pattern *.svgz
         No match for lib/bootstrap/dist/css/bootstrap-utilities.min.css using pattern *.tif
         No match for lib/bootstrap/dist/css/bootstrap-utilities.min.css using pattern *.tiff
         No match for lib/bootstrap/dist/css/bootstrap-utilities.min.css using pattern *.wbmp
         No match for lib/bootstrap/dist/css/bootstrap-utilities.min.css using pattern *.xbm
         No match for lib/bootstrap/dist/css/bootstrap-utilities.min.css using pattern *.xpm
         No match for lib/bootstrap/dist/css/bootstrap-utilities.min.css using pattern *.xwd
         No match for lib/bootstrap/dist/css/bootstrap-utilities.min.css using pattern *.3g2
         No match for lib/bootstrap/dist/css/bootstrap-utilities.min.css using pattern *.3gp2
         No match for lib/bootstrap/dist/css/bootstrap-utilities.min.css using pattern *.3gp
         No match for lib/bootstrap/dist/css/bootstrap-utilities.min.css using pattern *.3gpp
         No match for lib/bootstrap/dist/css/bootstrap-utilities.min.css using pattern *.asf
         No match for lib/bootstrap/dist/css/bootstrap-utilities.min.css using pattern *.asr
         No match for lib/bootstrap/dist/css/bootstrap-utilities.min.css using pattern *.asx
         No match for lib/bootstrap/dist/css/bootstrap-utilities.min.css using pattern *.avi
         No match for lib/bootstrap/dist/css/bootstrap-utilities.min.css using pattern *.dvr
         No match for lib/bootstrap/dist/css/bootstrap-utilities.min.css using pattern *.flv
         No match for lib/bootstrap/dist/css/bootstrap-utilities.min.css using pattern *.IVF
         No match for lib/bootstrap/dist/css/bootstrap-utilities.min.css using pattern *.lsf
         No match for lib/bootstrap/dist/css/bootstrap-utilities.min.css using pattern *.lsx
         No match for lib/bootstrap/dist/css/bootstrap-utilities.min.css using pattern *.m1v
         No match for lib/bootstrap/dist/css/bootstrap-utilities.min.css using pattern *.m2ts
         No match for lib/bootstrap/dist/css/bootstrap-utilities.min.css using pattern *.qt
         No match for lib/bootstrap/dist/css/bootstrap-utilities.min.css using pattern *.ts
         No match for lib/bootstrap/dist/css/bootstrap-utilities.min.css using pattern *.tts
         No match for lib/bootstrap/dist/css/bootstrap-utilities.min.css using pattern *.wm
         No match for lib/bootstrap/dist/css/bootstrap-utilities.min.css using pattern *.wmp
         No match for lib/bootstrap/dist/css/bootstrap-utilities.min.css using pattern *.wmv
         No match for lib/bootstrap/dist/css/bootstrap-utilities.min.css using pattern *.wmx
         No match for lib/bootstrap/dist/css/bootstrap-utilities.min.css using pattern *.wtv
         No match for lib/bootstrap/dist/css/bootstrap-utilities.min.css using pattern *.wvx
         File C:\Users\user\OneDrive\╨а╨░╨▒╨╛╤З╨╕╨╣ ╤Б╤В╨╛╨╗\regi\WebApplication15\wwwroot\lib\bootstrap\dist\css\bootstrap-utilities.min.css exists.
         No match for lib/bootstrap/dist/css/bootstrap-utilities.min.css using pattern *.bmp
         No match for lib/bootstrap/dist/css/bootstrap-utilities.min.css using pattern *.jpeg
         No match for lib/bootstrap/dist/css/bootstrap-utilities.min.css using pattern *.jpg
         No match for lib/bootstrap/dist/css/bootstrap-utilities.min.css using pattern *.gif
         No match for lib/bootstrap/dist/css/bootstrap-utilities.min.css using pattern *.svg
         No match for lib/bootstrap/dist/css/bootstrap-utilities.min.css using pattern *.png
         No match for lib/bootstrap/dist/css/bootstrap-utilities.min.css using pattern *.webp
         No match for lib/bootstrap/dist/css/bootstrap-utilities.min.css using pattern *.otf
         No match for lib/bootstrap/dist/css/bootstrap-utilities.min.css using pattern *.woff2
         No match for lib/bootstrap/dist/css/bootstrap-utilities.min.css using pattern *.m4v
         No match for lib/bootstrap/dist/css/bootstrap-utilities.min.css using pattern *.mov
         No match for lib/bootstrap/dist/css/bootstrap-utilities.min.css using pattern *.movie
         No match for lib/bootstrap/dist/css/bootstrap-utilities.min.css using pattern *.mp2
         No match for lib/bootstrap/dist/css/bootstrap-utilities.min.css using pattern *.mp4
         No match for lib/bootstrap/dist/css/bootstrap-utilities.min.css using pattern *.mp4v
         No match for lib/bootstrap/dist/css/bootstrap-utilities.min.css using pattern *.mpa
         No match for lib/bootstrap/dist/css/bootstrap-utilities.min.css using pattern *.mpe
         No match for lib/bootstrap/dist/css/bootstrap-utilities.min.css using pattern *.mpeg
         No match for lib/bootstrap/dist/css/bootstrap-utilities.min.css using pattern *.mpg
         No match for lib/bootstrap/dist/css/bootstrap-utilities.min.css using pattern *.mpv2
         No match for lib/bootstrap/dist/css/bootstrap-utilities.min.css using pattern *.nsc
         No match for lib/bootstrap/dist/css/bootstrap-utilities.min.css using pattern *.ogg
         No match for lib/bootstrap/dist/css/bootstrap-utilities.min.css using pattern *.ogv
         No match for lib/bootstrap/dist/css/bootstrap-utilities.min.css using pattern *.webm
         No match for lib/bootstrap/dist/css/bootstrap-utilities.min.css using pattern *.art
         No match for lib/bootstrap/dist/css/bootstrap-utilities.min.css using pattern *.cmx
         No match for lib/bootstrap/dist/css/bootstrap-utilities.min.css using pattern *.cod
         No match for lib/bootstrap/dist/css/bootstrap-utilities.min.css using pattern *.dib
         No match for lib/bootstrap/dist/css/bootstrap-utilities.min.css using pattern *.ico
         No match for lib/bootstrap/dist/css/bootstrap-utilities.min.css using pattern *.ief
         No match for lib/bootstrap/dist/css/bootstrap-utilities.min.css using pattern *.jfif
         No match for lib/bootstrap/dist/css/bootstrap-utilities.min.css using pattern *.jpe
         No match for lib/bootstrap/dist/css/bootstrap-utilities.min.css using pattern *.pbm
         No match for lib/bootstrap/dist/css/bootstrap-utilities.min.css using pattern *.pgm
         No match for lib/bootstrap/dist/css/bootstrap-utilities.min.css using pattern *.pnm
         No match for lib/bootstrap/dist/css/bootstrap-utilities.min.css using pattern *.pnz
         No match for lib/bootstrap/dist/css/bootstrap-utilities.min.css using pattern *.ppm
         No match for lib/bootstrap/dist/css/bootstrap-utilities.min.css using pattern *.ras
         No match for lib/bootstrap/dist/css/bootstrap-utilities.min.css using pattern *.rf
         No match for lib/bootstrap/dist/css/bootstrap-utilities.min.css using pattern *.rgb
         No match for lib/bootstrap/dist/css/bootstrap-utilities.min.css using pattern *.svgz
         No match for lib/bootstrap/dist/css/bootstrap-utilities.min.css using pattern *.tif
         No match for lib/bootstrap/dist/css/bootstrap-utilities.min.css using pattern *.tiff
         No match for lib/bootstrap/dist/css/bootstrap-utilities.min.css using pattern *.wbmp
         No match for lib/bootstrap/dist/css/bootstrap-utilities.min.css using pattern *.xbm
         No match for lib/bootstrap/dist/css/bootstrap-utilities.min.css using pattern *.xpm
         No match for lib/bootstrap/dist/css/bootstrap-utilities.min.css using pattern *.xwd
         No match for lib/bootstrap/dist/css/bootstrap-utilities.min.css using pattern *.3g2
         No match for lib/bootstrap/dist/css/bootstrap-utilities.min.css using pattern *.3gp2
         No match for lib/bootstrap/dist/css/bootstrap-utilities.min.css using pattern *.3gp
         No match for lib/bootstrap/dist/css/bootstrap-utilities.min.css using pattern *.3gpp
         No match for lib/bootstrap/dist/css/bootstrap-utilities.min.css using pattern *.asf
         No match for lib/bootstrap/dist/css/bootstrap-utilities.min.css using pattern *.asr
         No match for lib/bootstrap/dist/css/bootstrap-utilities.min.css using pattern *.asx
         No match for lib/bootstrap/dist/css/bootstrap-utilities.min.css using pattern *.avi
         No match for lib/bootstrap/dist/css/bootstrap-utilities.min.css using pattern *.dvr
         No match for lib/bootstrap/dist/css/bootstrap-utilities.min.css using pattern *.flv
         No match for lib/bootstrap/dist/css/bootstrap-utilities.min.css using pattern *.IVF
         No match for lib/bootstrap/dist/css/bootstrap-utilities.min.css using pattern *.lsf
         No match for lib/bootstrap/dist/css/bootstrap-utilities.min.css using pattern *.lsx
         No match for lib/bootstrap/dist/css/bootstrap-utilities.min.css using pattern *.m1v
         No match for lib/bootstrap/dist/css/bootstrap-utilities.min.css using pattern *.m2ts
         No match for lib/bootstrap/dist/css/bootstrap-utilities.min.css using pattern *.qt
         No match for lib/bootstrap/dist/css/bootstrap-utilities.min.css using pattern *.ts
         No match for lib/bootstrap/dist/css/bootstrap-utilities.min.css using pattern *.tts
         No match for lib/bootstrap/dist/css/bootstrap-utilities.min.css using pattern *.wm
         No match for lib/bootstrap/dist/css/bootstrap-utilities.min.css using pattern *.wmp
         No match for lib/bootstrap/dist/css/bootstrap-utilities.min.css using pattern *.wmv
         No match for lib/bootstrap/dist/css/bootstrap-utilities.min.css using pattern *.wmx
         No match for lib/bootstrap/dist/css/bootstrap-utilities.min.css using pattern *.wtv
         No match for lib/bootstrap/dist/css/bootstrap-utilities.min.css using pattern *.wvx
         File C:\Users\user\OneDrive\╨а╨░╨▒╨╛╤З╨╕╨╣ ╤Б╤В╨╛╨╗\regi\WebApplication15\wwwroot\lib\bootstrap\dist\css\bootstrap-utilities.min.css exists.
         Adding endpoint lib/bootstrap/dist/css/bootstrap-utilities.min.css for asset C:\Users\user\OneDrive\╨а╨░╨▒╨╛╤З╨╕╨╣ ╤Б╤В╨╛╨╗\regi\WebApplication15\wwwroot\lib\bootstrap\dist\css\bootstrap-utilities.min.css.
         Adding endpoint lib/bootstrap/dist/css/bootstrap-utilities.min.lcd1t2u6c8.css for asset C:\Users\user\OneDrive\╨а╨░╨▒╨╛╤З╨╕╨╣ ╤Б╤В╨╛╨╗\regi\WebApplication15\wwwroot\lib\bootstrap\dist\css\bootstrap-utilities.min.css.
         No match for lib/bootstrap/dist/css/bootstrap-utilities.min.css.map using pattern *.bmp
         No match for lib/bootstrap/dist/css/bootstrap-utilities.min.css.map using pattern *.jpeg
         No match for lib/bootstrap/dist/css/bootstrap-utilities.min.css.map using pattern *.jpg
         No match for lib/bootstrap/dist/css/bootstrap-utilities.min.css.map using pattern *.gif
         No match for lib/bootstrap/dist/css/bootstrap-utilities.min.css.map using pattern *.svg
         No match for lib/bootstrap/dist/css/bootstrap-utilities.min.css.map using pattern *.png
         No match for lib/bootstrap/dist/css/bootstrap-utilities.min.css.map using pattern *.webp
         No match for lib/bootstrap/dist/css/bootstrap-utilities.min.css.map using pattern *.otf
         No match for lib/bootstrap/dist/css/bootstrap-utilities.min.css.map using pattern *.woff2
         No match for lib/bootstrap/dist/css/bootstrap-utilities.min.css.map using pattern *.m4v
         No match for lib/bootstrap/dist/css/bootstrap-utilities.min.css.map using pattern *.mov
         No match for lib/bootstrap/dist/css/bootstrap-utilities.min.css.map using pattern *.movie
         No match for lib/bootstrap/dist/css/bootstrap-utilities.min.css.map using pattern *.mp2
         No match for lib/bootstrap/dist/css/bootstrap-utilities.min.css.map using pattern *.mp4
         No match for lib/bootstrap/dist/css/bootstrap-utilities.min.css.map using pattern *.mp4v
         No match for lib/bootstrap/dist/css/bootstrap-utilities.min.css.map using pattern *.mpa
         No match for lib/bootstrap/dist/css/bootstrap-utilities.min.css.map using pattern *.mpe
         No match for lib/bootstrap/dist/css/bootstrap-utilities.min.css.map using pattern *.mpeg
         No match for lib/bootstrap/dist/css/bootstrap-utilities.min.css.map using pattern *.mpg
         No match for lib/bootstrap/dist/css/bootstrap-utilities.min.css.map using pattern *.mpv2
         No match for lib/bootstrap/dist/css/bootstrap-utilities.min.css.map using pattern *.nsc
         No match for lib/bootstrap/dist/css/bootstrap-utilities.min.css.map using pattern *.ogg
         No match for lib/bootstrap/dist/css/bootstrap-utilities.min.css.map using pattern *.ogv
         No match for lib/bootstrap/dist/css/bootstrap-utilities.min.css.map using pattern *.webm
         No match for lib/bootstrap/dist/css/bootstrap-utilities.min.css.map using pattern *.art
         No match for lib/bootstrap/dist/css/bootstrap-utilities.min.css.map using pattern *.cmx
         No match for lib/bootstrap/dist/css/bootstrap-utilities.min.css.map using pattern *.cod
         No match for lib/bootstrap/dist/css/bootstrap-utilities.min.css.map using pattern *.dib
         No match for lib/bootstrap/dist/css/bootstrap-utilities.min.css.map using pattern *.ico
         No match for lib/bootstrap/dist/css/bootstrap-utilities.min.css.map using pattern *.ief
         No match for lib/bootstrap/dist/css/bootstrap-utilities.min.css.map using pattern *.jfif
         No match for lib/bootstrap/dist/css/bootstrap-utilities.min.css.map using pattern *.jpe
         No match for lib/bootstrap/dist/css/bootstrap-utilities.min.css.map using pattern *.pbm
         No match for lib/bootstrap/dist/css/bootstrap-utilities.min.css.map using pattern *.pgm
         No match for lib/bootstrap/dist/css/bootstrap-utilities.min.css.map using pattern *.pnm
         No match for lib/bootstrap/dist/css/bootstrap-utilities.min.css.map using pattern *.pnz
         No match for lib/bootstrap/dist/css/bootstrap-utilities.min.css.map using pattern *.ppm
         No match for lib/bootstrap/dist/css/bootstrap-utilities.min.css.map using pattern *.ras
         No match for lib/bootstrap/dist/css/bootstrap-utilities.min.css.map using pattern *.rf
         No match for lib/bootstrap/dist/css/bootstrap-utilities.min.css.map using pattern *.rgb
         No match for lib/bootstrap/dist/css/bootstrap-utilities.min.css.map using pattern *.svgz
         No match for lib/bootstrap/dist/css/bootstrap-utilities.min.css.map using pattern *.tif
         No match for lib/bootstrap/dist/css/bootstrap-utilities.min.css.map using pattern *.tiff
         No match for lib/bootstrap/dist/css/bootstrap-utilities.min.css.map using pattern *.wbmp
         No match for lib/bootstrap/dist/css/bootstrap-utilities.min.css.map using pattern *.xbm
         No match for lib/bootstrap/dist/css/bootstrap-utilities.min.css.map using pattern *.xpm
         No match for lib/bootstrap/dist/css/bootstrap-utilities.min.css.map using pattern *.xwd
         No match for lib/bootstrap/dist/css/bootstrap-utilities.min.css.map using pattern *.3g2
         No match for lib/bootstrap/dist/css/bootstrap-utilities.min.css.map using pattern *.3gp2
         No match for lib/bootstrap/dist/css/bootstrap-utilities.min.css.map using pattern *.3gp
         No match for lib/bootstrap/dist/css/bootstrap-utilities.min.css.map using pattern *.3gpp
         No match for lib/bootstrap/dist/css/bootstrap-utilities.min.css.map using pattern *.asf
         No match for lib/bootstrap/dist/css/bootstrap-utilities.min.css.map using pattern *.asr
         No match for lib/bootstrap/dist/css/bootstrap-utilities.min.css.map using pattern *.asx
         No match for lib/bootstrap/dist/css/bootstrap-utilities.min.css.map using pattern *.avi
         No match for lib/bootstrap/dist/css/bootstrap-utilities.min.css.map using pattern *.dvr
         No match for lib/bootstrap/dist/css/bootstrap-utilities.min.css.map using pattern *.flv
         No match for lib/bootstrap/dist/css/bootstrap-utilities.min.css.map using pattern *.IVF
         No match for lib/bootstrap/dist/css/bootstrap-utilities.min.css.map using pattern *.lsf
         No match for lib/bootstrap/dist/css/bootstrap-utilities.min.css.map using pattern *.lsx
         No match for lib/bootstrap/dist/css/bootstrap-utilities.min.css.map using pattern *.m1v
         No match for lib/bootstrap/dist/css/bootstrap-utilities.min.css.map using pattern *.m2ts
         No match for lib/bootstrap/dist/css/bootstrap-utilities.min.css.map using pattern *.qt
         No match for lib/bootstrap/dist/css/bootstrap-utilities.min.css.map using pattern *.ts
         No match for lib/bootstrap/dist/css/bootstrap-utilities.min.css.map using pattern *.tts
         No match for lib/bootstrap/dist/css/bootstrap-utilities.min.css.map using pattern *.wm
         No match for lib/bootstrap/dist/css/bootstrap-utilities.min.css.map using pattern *.wmp
         No match for lib/bootstrap/dist/css/bootstrap-utilities.min.css.map using pattern *.wmv
         No match for lib/bootstrap/dist/css/bootstrap-utilities.min.css.map using pattern *.wmx
         No match for lib/bootstrap/dist/css/bootstrap-utilities.min.css.map using pattern *.wtv
         No match for lib/bootstrap/dist/css/bootstrap-utilities.min.css.map using pattern *.wvx
         File C:\Users\user\OneDrive\╨а╨░╨▒╨╛╤З╨╕╨╣ ╤Б╤В╨╛╨╗\regi\WebApplication15\wwwroot\lib\bootstrap\dist\css\bootstrap-utilities.min.css.map exists.
         No match for lib/bootstrap/dist/css/bootstrap-utilities.min.css.map using pattern *.bmp
         No match for lib/bootstrap/dist/css/bootstrap-utilities.min.css.map using pattern *.jpeg
         No match for lib/bootstrap/dist/css/bootstrap-utilities.min.css.map using pattern *.jpg
         No match for lib/bootstrap/dist/css/bootstrap-utilities.min.css.map using pattern *.gif
         No match for lib/bootstrap/dist/css/bootstrap-utilities.min.css.map using pattern *.svg
         No match for lib/bootstrap/dist/css/bootstrap-utilities.min.css.map using pattern *.png
         No match for lib/bootstrap/dist/css/bootstrap-utilities.min.css.map using pattern *.webp
         No match for lib/bootstrap/dist/css/bootstrap-utilities.min.css.map using pattern *.otf
         No match for lib/bootstrap/dist/css/bootstrap-utilities.min.css.map using pattern *.woff2
         No match for lib/bootstrap/dist/css/bootstrap-utilities.min.css.map using pattern *.m4v
         No match for lib/bootstrap/dist/css/bootstrap-utilities.min.css.map using pattern *.mov
         No match for lib/bootstrap/dist/css/bootstrap-utilities.min.css.map using pattern *.movie
         No match for lib/bootstrap/dist/css/bootstrap-utilities.min.css.map using pattern *.mp2
         No match for lib/bootstrap/dist/css/bootstrap-utilities.min.css.map using pattern *.mp4
         No match for lib/bootstrap/dist/css/bootstrap-utilities.min.css.map using pattern *.mp4v
         No match for lib/bootstrap/dist/css/bootstrap-utilities.min.css.map using pattern *.mpa
         No match for lib/bootstrap/dist/css/bootstrap-utilities.min.css.map using pattern *.mpe
         No match for lib/bootstrap/dist/css/bootstrap-utilities.min.css.map using pattern *.mpeg
         No match for lib/bootstrap/dist/css/bootstrap-utilities.min.css.map using pattern *.mpg
         No match for lib/bootstrap/dist/css/bootstrap-utilities.min.css.map using pattern *.mpv2
         No match for lib/bootstrap/dist/css/bootstrap-utilities.min.css.map using pattern *.nsc
         No match for lib/bootstrap/dist/css/bootstrap-utilities.min.css.map using pattern *.ogg
         No match for lib/bootstrap/dist/css/bootstrap-utilities.min.css.map using pattern *.ogv
         No match for lib/bootstrap/dist/css/bootstrap-utilities.min.css.map using pattern *.webm
         No match for lib/bootstrap/dist/css/bootstrap-utilities.min.css.map using pattern *.art
         No match for lib/bootstrap/dist/css/bootstrap-utilities.min.css.map using pattern *.cmx
         No match for lib/bootstrap/dist/css/bootstrap-utilities.min.css.map using pattern *.cod
         No match for lib/bootstrap/dist/css/bootstrap-utilities.min.css.map using pattern *.dib
         No match for lib/bootstrap/dist/css/bootstrap-utilities.min.css.map using pattern *.ico
         No match for lib/bootstrap/dist/css/bootstrap-utilities.min.css.map using pattern *.ief
         No match for lib/bootstrap/dist/css/bootstrap-utilities.min.css.map using pattern *.jfif
         No match for lib/bootstrap/dist/css/bootstrap-utilities.min.css.map using pattern *.jpe
         No match for lib/bootstrap/dist/css/bootstrap-utilities.min.css.map using pattern *.pbm
         No match for lib/bootstrap/dist/css/bootstrap-utilities.min.css.map using pattern *.pgm
         No match for lib/bootstrap/dist/css/bootstrap-utilities.min.css.map using pattern *.pnm
         No match for lib/bootstrap/dist/css/bootstrap-utilities.min.css.map using pattern *.pnz
         No match for lib/bootstrap/dist/css/bootstrap-utilities.min.css.map using pattern *.ppm
         No match for lib/bootstrap/dist/css/bootstrap-utilities.min.css.map using pattern *.ras
         No match for lib/bootstrap/dist/css/bootstrap-utilities.min.css.map using pattern *.rf
         No match for lib/bootstrap/dist/css/bootstrap-utilities.min.css.map using pattern *.rgb
         No match for lib/bootstrap/dist/css/bootstrap-utilities.min.css.map using pattern *.svgz
         No match for lib/bootstrap/dist/css/bootstrap-utilities.min.css.map using pattern *.tif
         No match for lib/bootstrap/dist/css/bootstrap-utilities.min.css.map using pattern *.tiff
         No match for lib/bootstrap/dist/css/bootstrap-utilities.min.css.map using pattern *.wbmp
         No match for lib/bootstrap/dist/css/bootstrap-utilities.min.css.map using pattern *.xbm
         No match for lib/bootstrap/dist/css/bootstrap-utilities.min.css.map using pattern *.xpm
         No match for lib/bootstrap/dist/css/bootstrap-utilities.min.css.map using pattern *.xwd
         No match for lib/bootstrap/dist/css/bootstrap-utilities.min.css.map using pattern *.3g2
         No match for lib/bootstrap/dist/css/bootstrap-utilities.min.css.map using pattern *.3gp2
         No match for lib/bootstrap/dist/css/bootstrap-utilities.min.css.map using pattern *.3gp
         No match for lib/bootstrap/dist/css/bootstrap-utilities.min.css.map using pattern *.3gpp
         No match for lib/bootstrap/dist/css/bootstrap-utilities.min.css.map using pattern *.asf
         No match for lib/bootstrap/dist/css/bootstrap-utilities.min.css.map using pattern *.asr
         No match for lib/bootstrap/dist/css/bootstrap-utilities.min.css.map using pattern *.asx
         No match for lib/bootstrap/dist/css/bootstrap-utilities.min.css.map using pattern *.avi
         No match for lib/bootstrap/dist/css/bootstrap-utilities.min.css.map using pattern *.dvr
         No match for lib/bootstrap/dist/css/bootstrap-utilities.min.css.map using pattern *.flv
         No match for lib/bootstrap/dist/css/bootstrap-utilities.min.css.map using pattern *.IVF
         No match for lib/bootstrap/dist/css/bootstrap-utilities.min.css.map using pattern *.lsf
         No match for lib/bootstrap/dist/css/bootstrap-utilities.min.css.map using pattern *.lsx
         No match for lib/bootstrap/dist/css/bootstrap-utilities.min.css.map using pattern *.m1v
         No match for lib/bootstrap/dist/css/bootstrap-utilities.min.css.map using pattern *.m2ts
         No match for lib/bootstrap/dist/css/bootstrap-utilities.min.css.map using pattern *.qt
         No match for lib/bootstrap/dist/css/bootstrap-utilities.min.css.map using pattern *.ts
         No match for lib/bootstrap/dist/css/bootstrap-utilities.min.css.map using pattern *.tts
         No match for lib/bootstrap/dist/css/bootstrap-utilities.min.css.map using pattern *.wm
         No match for lib/bootstrap/dist/css/bootstrap-utilities.min.css.map using pattern *.wmp
         No match for lib/bootstrap/dist/css/bootstrap-utilities.min.css.map using pattern *.wmv
         No match for lib/bootstrap/dist/css/bootstrap-utilities.min.css.map using pattern *.wmx
         No match for lib/bootstrap/dist/css/bootstrap-utilities.min.css.map using pattern *.wtv
         No match for lib/bootstrap/dist/css/bootstrap-utilities.min.css.map using pattern *.wvx
         File C:\Users\user\OneDrive\╨а╨░╨▒╨╛╤З╨╕╨╣ ╤Б╤В╨╛╨╗\regi\WebApplication15\wwwroot\lib\bootstrap\dist\css\bootstrap-utilities.min.css.map exists.
         Adding endpoint lib/bootstrap/dist/css/bootstrap-utilities.min.css.map for asset C:\Users\user\OneDrive\╨а╨░╨▒╨╛╤З╨╕╨╣ ╤Б╤В╨╛╨╗\regi\WebApplication15\wwwroot\lib\bootstrap\dist\css\bootstrap-utilities.min.css.map.
         Adding endpoint lib/bootstrap/dist/css/bootstrap-utilities.min.css.c2oey78nd0.map for asset C:\Users\user\OneDrive\╨а╨░╨▒╨╛╤З╨╕╨╣ ╤Б╤В╨╛╨╗\regi\WebApplication15\wwwroot\lib\bootstrap\dist\css\bootstrap-utilities.min.css.map.
         No match for lib/bootstrap/dist/css/bootstrap-utilities.rtl.css using pattern *.bmp
         No match for lib/bootstrap/dist/css/bootstrap-utilities.rtl.css using pattern *.jpeg
         No match for lib/bootstrap/dist/css/bootstrap-utilities.rtl.css using pattern *.jpg
         No match for lib/bootstrap/dist/css/bootstrap-utilities.rtl.css using pattern *.gif
         No match for lib/bootstrap/dist/css/bootstrap-utilities.rtl.css using pattern *.svg
         No match for lib/bootstrap/dist/css/bootstrap-utilities.rtl.css using pattern *.png
         No match for lib/bootstrap/dist/css/bootstrap-utilities.rtl.css using pattern *.webp
         No match for lib/bootstrap/dist/css/bootstrap-utilities.rtl.css using pattern *.otf
         No match for lib/bootstrap/dist/css/bootstrap-utilities.rtl.css using pattern *.woff2
         No match for lib/bootstrap/dist/css/bootstrap-utilities.rtl.css using pattern *.m4v
         No match for lib/bootstrap/dist/css/bootstrap-utilities.rtl.css using pattern *.mov
         No match for lib/bootstrap/dist/css/bootstrap-utilities.rtl.css using pattern *.movie
         No match for lib/bootstrap/dist/css/bootstrap-utilities.rtl.css using pattern *.mp2
         No match for lib/bootstrap/dist/css/bootstrap-utilities.rtl.css using pattern *.mp4
         No match for lib/bootstrap/dist/css/bootstrap-utilities.rtl.css using pattern *.mp4v
         No match for lib/bootstrap/dist/css/bootstrap-utilities.rtl.css using pattern *.mpa
         No match for lib/bootstrap/dist/css/bootstrap-utilities.rtl.css using pattern *.mpe
         No match for lib/bootstrap/dist/css/bootstrap-utilities.rtl.css using pattern *.mpeg
         No match for lib/bootstrap/dist/css/bootstrap-utilities.rtl.css using pattern *.mpg
         No match for lib/bootstrap/dist/css/bootstrap-utilities.rtl.css using pattern *.mpv2
         No match for lib/bootstrap/dist/css/bootstrap-utilities.rtl.css using pattern *.nsc
         No match for lib/bootstrap/dist/css/bootstrap-utilities.rtl.css using pattern *.ogg
         No match for lib/bootstrap/dist/css/bootstrap-utilities.rtl.css using pattern *.ogv
         No match for lib/bootstrap/dist/css/bootstrap-utilities.rtl.css using pattern *.webm
         No match for lib/bootstrap/dist/css/bootstrap-utilities.rtl.css using pattern *.art
         No match for lib/bootstrap/dist/css/bootstrap-utilities.rtl.css using pattern *.cmx
         No match for lib/bootstrap/dist/css/bootstrap-utilities.rtl.css using pattern *.cod
         No match for lib/bootstrap/dist/css/bootstrap-utilities.rtl.css using pattern *.dib
         No match for lib/bootstrap/dist/css/bootstrap-utilities.rtl.css using pattern *.ico
         No match for lib/bootstrap/dist/css/bootstrap-utilities.rtl.css using pattern *.ief
         No match for lib/bootstrap/dist/css/bootstrap-utilities.rtl.css using pattern *.jfif
         No match for lib/bootstrap/dist/css/bootstrap-utilities.rtl.css using pattern *.jpe
         No match for lib/bootstrap/dist/css/bootstrap-utilities.rtl.css using pattern *.pbm
         No match for lib/bootstrap/dist/css/bootstrap-utilities.rtl.css using pattern *.pgm
         No match for lib/bootstrap/dist/css/bootstrap-utilities.rtl.css using pattern *.pnm
         No match for lib/bootstrap/dist/css/bootstrap-utilities.rtl.css using pattern *.pnz
         No match for lib/bootstrap/dist/css/bootstrap-utilities.rtl.css using pattern *.ppm
         No match for lib/bootstrap/dist/css/bootstrap-utilities.rtl.css using pattern *.ras
         No match for lib/bootstrap/dist/css/bootstrap-utilities.rtl.css using pattern *.rf
         No match for lib/bootstrap/dist/css/bootstrap-utilities.rtl.css using pattern *.rgb
         No match for lib/bootstrap/dist/css/bootstrap-utilities.rtl.css using pattern *.svgz
         No match for lib/bootstrap/dist/css/bootstrap-utilities.rtl.css using pattern *.tif
         No match for lib/bootstrap/dist/css/bootstrap-utilities.rtl.css using pattern *.tiff
         No match for lib/bootstrap/dist/css/bootstrap-utilities.rtl.css using pattern *.wbmp
         No match for lib/bootstrap/dist/css/bootstrap-utilities.rtl.css using pattern *.xbm
         No match for lib/bootstrap/dist/css/bootstrap-utilities.rtl.css using pattern *.xpm
         No match for lib/bootstrap/dist/css/bootstrap-utilities.rtl.css using pattern *.xwd
         No match for lib/bootstrap/dist/css/bootstrap-utilities.rtl.css using pattern *.3g2
         No match for lib/bootstrap/dist/css/bootstrap-utilities.rtl.css using pattern *.3gp2
         No match for lib/bootstrap/dist/css/bootstrap-utilities.rtl.css using pattern *.3gp
         No match for lib/bootstrap/dist/css/bootstrap-utilities.rtl.css using pattern *.3gpp
         No match for lib/bootstrap/dist/css/bootstrap-utilities.rtl.css using pattern *.asf
         No match for lib/bootstrap/dist/css/bootstrap-utilities.rtl.css using pattern *.asr
         No match for lib/bootstrap/dist/css/bootstrap-utilities.rtl.css using pattern *.asx
         No match for lib/bootstrap/dist/css/bootstrap-utilities.rtl.css using pattern *.avi
         No match for lib/bootstrap/dist/css/bootstrap-utilities.rtl.css using pattern *.dvr
         No match for lib/bootstrap/dist/css/bootstrap-utilities.rtl.css using pattern *.flv
         No match for lib/bootstrap/dist/css/bootstrap-utilities.rtl.css using pattern *.IVF
         No match for lib/bootstrap/dist/css/bootstrap-utilities.rtl.css using pattern *.lsf
         No match for lib/bootstrap/dist/css/bootstrap-utilities.rtl.css using pattern *.lsx
         No match for lib/bootstrap/dist/css/bootstrap-utilities.rtl.css using pattern *.m1v
         No match for lib/bootstrap/dist/css/bootstrap-utilities.rtl.css using pattern *.m2ts
         No match for lib/bootstrap/dist/css/bootstrap-utilities.rtl.css using pattern *.qt
         No match for lib/bootstrap/dist/css/bootstrap-utilities.rtl.css using pattern *.ts
         No match for lib/bootstrap/dist/css/bootstrap-utilities.rtl.css using pattern *.tts
         No match for lib/bootstrap/dist/css/bootstrap-utilities.rtl.css using pattern *.wm
         No match for lib/bootstrap/dist/css/bootstrap-utilities.rtl.css using pattern *.wmp
         No match for lib/bootstrap/dist/css/bootstrap-utilities.rtl.css using pattern *.wmv
         No match for lib/bootstrap/dist/css/bootstrap-utilities.rtl.css using pattern *.wmx
         No match for lib/bootstrap/dist/css/bootstrap-utilities.rtl.css using pattern *.wtv
         No match for lib/bootstrap/dist/css/bootstrap-utilities.rtl.css using pattern *.wvx
         File C:\Users\user\OneDrive\╨а╨░╨▒╨╛╤З╨╕╨╣ ╤Б╤В╨╛╨╗\regi\WebApplication15\wwwroot\lib\bootstrap\dist\css\bootstrap-utilities.rtl.css exists.
         No match for lib/bootstrap/dist/css/bootstrap-utilities.rtl.css using pattern *.bmp
         No match for lib/bootstrap/dist/css/bootstrap-utilities.rtl.css using pattern *.jpeg
         No match for lib/bootstrap/dist/css/bootstrap-utilities.rtl.css using pattern *.jpg
         No match for lib/bootstrap/dist/css/bootstrap-utilities.rtl.css using pattern *.gif
         No match for lib/bootstrap/dist/css/bootstrap-utilities.rtl.css using pattern *.svg
         No match for lib/bootstrap/dist/css/bootstrap-utilities.rtl.css using pattern *.png
         No match for lib/bootstrap/dist/css/bootstrap-utilities.rtl.css using pattern *.webp
         No match for lib/bootstrap/dist/css/bootstrap-utilities.rtl.css using pattern *.otf
         No match for lib/bootstrap/dist/css/bootstrap-utilities.rtl.css using pattern *.woff2
         No match for lib/bootstrap/dist/css/bootstrap-utilities.rtl.css using pattern *.m4v
         No match for lib/bootstrap/dist/css/bootstrap-utilities.rtl.css using pattern *.mov
         No match for lib/bootstrap/dist/css/bootstrap-utilities.rtl.css using pattern *.movie
         No match for lib/bootstrap/dist/css/bootstrap-utilities.rtl.css using pattern *.mp2
         No match for lib/bootstrap/dist/css/bootstrap-utilities.rtl.css using pattern *.mp4
         No match for lib/bootstrap/dist/css/bootstrap-utilities.rtl.css using pattern *.mp4v
         No match for lib/bootstrap/dist/css/bootstrap-utilities.rtl.css using pattern *.mpa
         No match for lib/bootstrap/dist/css/bootstrap-utilities.rtl.css using pattern *.mpe
         No match for lib/bootstrap/dist/css/bootstrap-utilities.rtl.css using pattern *.mpeg
         No match for lib/bootstrap/dist/css/bootstrap-utilities.rtl.css using pattern *.mpg
         No match for lib/bootstrap/dist/css/bootstrap-utilities.rtl.css using pattern *.mpv2
         No match for lib/bootstrap/dist/css/bootstrap-utilities.rtl.css using pattern *.nsc
         No match for lib/bootstrap/dist/css/bootstrap-utilities.rtl.css using pattern *.ogg
         No match for lib/bootstrap/dist/css/bootstrap-utilities.rtl.css using pattern *.ogv
         No match for lib/bootstrap/dist/css/bootstrap-utilities.rtl.css using pattern *.webm
         No match for lib/bootstrap/dist/css/bootstrap-utilities.rtl.css using pattern *.art
         No match for lib/bootstrap/dist/css/bootstrap-utilities.rtl.css using pattern *.cmx
         No match for lib/bootstrap/dist/css/bootstrap-utilities.rtl.css using pattern *.cod
         No match for lib/bootstrap/dist/css/bootstrap-utilities.rtl.css using pattern *.dib
         No match for lib/bootstrap/dist/css/bootstrap-utilities.rtl.css using pattern *.ico
         No match for lib/bootstrap/dist/css/bootstrap-utilities.rtl.css using pattern *.ief
         No match for lib/bootstrap/dist/css/bootstrap-utilities.rtl.css using pattern *.jfif
         No match for lib/bootstrap/dist/css/bootstrap-utilities.rtl.css using pattern *.jpe
         No match for lib/bootstrap/dist/css/bootstrap-utilities.rtl.css using pattern *.pbm
         No match for lib/bootstrap/dist/css/bootstrap-utilities.rtl.css using pattern *.pgm
         No match for lib/bootstrap/dist/css/bootstrap-utilities.rtl.css using pattern *.pnm
         No match for lib/bootstrap/dist/css/bootstrap-utilities.rtl.css using pattern *.pnz
         No match for lib/bootstrap/dist/css/bootstrap-utilities.rtl.css using pattern *.ppm
         No match for lib/bootstrap/dist/css/bootstrap-utilities.rtl.css using pattern *.ras
         No match for lib/bootstrap/dist/css/bootstrap-utilities.rtl.css using pattern *.rf
         No match for lib/bootstrap/dist/css/bootstrap-utilities.rtl.css using pattern *.rgb
         No match for lib/bootstrap/dist/css/bootstrap-utilities.rtl.css using pattern *.svgz
         No match for lib/bootstrap/dist/css/bootstrap-utilities.rtl.css using pattern *.tif
         No match for lib/bootstrap/dist/css/bootstrap-utilities.rtl.css using pattern *.tiff
         No match for lib/bootstrap/dist/css/bootstrap-utilities.rtl.css using pattern *.wbmp
         No match for lib/bootstrap/dist/css/bootstrap-utilities.rtl.css using pattern *.xbm
         No match for lib/bootstrap/dist/css/bootstrap-utilities.rtl.css using pattern *.xpm
         No match for lib/bootstrap/dist/css/bootstrap-utilities.rtl.css using pattern *.xwd
         No match for lib/bootstrap/dist/css/bootstrap-utilities.rtl.css using pattern *.3g2
         No match for lib/bootstrap/dist/css/bootstrap-utilities.rtl.css using pattern *.3gp2
         No match for lib/bootstrap/dist/css/bootstrap-utilities.rtl.css using pattern *.3gp
         No match for lib/bootstrap/dist/css/bootstrap-utilities.rtl.css using pattern *.3gpp
         No match for lib/bootstrap/dist/css/bootstrap-utilities.rtl.css using pattern *.asf
         No match for lib/bootstrap/dist/css/bootstrap-utilities.rtl.css using pattern *.asr
         No match for lib/bootstrap/dist/css/bootstrap-utilities.rtl.css using pattern *.asx
         No match for lib/bootstrap/dist/css/bootstrap-utilities.rtl.css using pattern *.avi
         No match for lib/bootstrap/dist/css/bootstrap-utilities.rtl.css using pattern *.dvr
         No match for lib/bootstrap/dist/css/bootstrap-utilities.rtl.css using pattern *.flv
         No match for lib/bootstrap/dist/css/bootstrap-utilities.rtl.css using pattern *.IVF
         No match for lib/bootstrap/dist/css/bootstrap-utilities.rtl.css using pattern *.lsf
         No match for lib/bootstrap/dist/css/bootstrap-utilities.rtl.css using pattern *.lsx
         No match for lib/bootstrap/dist/css/bootstrap-utilities.rtl.css using pattern *.m1v
         No match for lib/bootstrap/dist/css/bootstrap-utilities.rtl.css using pattern *.m2ts
         No match for lib/bootstrap/dist/css/bootstrap-utilities.rtl.css using pattern *.qt
         No match for lib/bootstrap/dist/css/bootstrap-utilities.rtl.css using pattern *.ts
         No match for lib/bootstrap/dist/css/bootstrap-utilities.rtl.css using pattern *.tts
         No match for lib/bootstrap/dist/css/bootstrap-utilities.rtl.css using pattern *.wm
         No match for lib/bootstrap/dist/css/bootstrap-utilities.rtl.css using pattern *.wmp
         No match for lib/bootstrap/dist/css/bootstrap-utilities.rtl.css using pattern *.wmv
         No match for lib/bootstrap/dist/css/bootstrap-utilities.rtl.css using pattern *.wmx
         No match for lib/bootstrap/dist/css/bootstrap-utilities.rtl.css using pattern *.wtv
         No match for lib/bootstrap/dist/css/bootstrap-utilities.rtl.css using pattern *.wvx
         File C:\Users\user\OneDrive\╨а╨░╨▒╨╛╤З╨╕╨╣ ╤Б╤В╨╛╨╗\regi\WebApplication15\wwwroot\lib\bootstrap\dist\css\bootstrap-utilities.rtl.css exists.
         Adding endpoint lib/bootstrap/dist/css/bootstrap-utilities.rtl.css for asset C:\Users\user\OneDrive\╨а╨░╨▒╨╛╤З╨╕╨╣ ╤Б╤В╨╛╨╗\regi\WebApplication15\wwwroot\lib\bootstrap\dist\css\bootstrap-utilities.rtl.css.
         Adding endpoint lib/bootstrap/dist/css/bootstrap-utilities.rtl.tdbxkamptv.css for asset C:\Users\user\OneDrive\╨а╨░╨▒╨╛╤З╨╕╨╣ ╤Б╤В╨╛╨╗\regi\WebApplication15\wwwroot\lib\bootstrap\dist\css\bootstrap-utilities.rtl.css.
         No match for lib/bootstrap/dist/css/bootstrap-utilities.rtl.css.map using pattern *.bmp
         No match for lib/bootstrap/dist/css/bootstrap-utilities.rtl.css.map using pattern *.jpeg
         No match for lib/bootstrap/dist/css/bootstrap-utilities.rtl.css.map using pattern *.jpg
         No match for lib/bootstrap/dist/css/bootstrap-utilities.rtl.css.map using pattern *.gif
         No match for lib/bootstrap/dist/css/bootstrap-utilities.rtl.css.map using pattern *.svg
         No match for lib/bootstrap/dist/css/bootstrap-utilities.rtl.css.map using pattern *.png
         No match for lib/bootstrap/dist/css/bootstrap-utilities.rtl.css.map using pattern *.webp
         No match for lib/bootstrap/dist/css/bootstrap-utilities.rtl.css.map using pattern *.otf
         No match for lib/bootstrap/dist/css/bootstrap-utilities.rtl.css.map using pattern *.woff2
         No match for lib/bootstrap/dist/css/bootstrap-utilities.rtl.css.map using pattern *.m4v
         No match for lib/bootstrap/dist/css/bootstrap-utilities.rtl.css.map using pattern *.mov
         No match for lib/bootstrap/dist/css/bootstrap-utilities.rtl.css.map using pattern *.movie
         No match for lib/bootstrap/dist/css/bootstrap-utilities.rtl.css.map using pattern *.mp2
         No match for lib/bootstrap/dist/css/bootstrap-utilities.rtl.css.map using pattern *.mp4
         No match for lib/bootstrap/dist/css/bootstrap-utilities.rtl.css.map using pattern *.mp4v
         No match for lib/bootstrap/dist/css/bootstrap-utilities.rtl.css.map using pattern *.mpa
         No match for lib/bootstrap/dist/css/bootstrap-utilities.rtl.css.map using pattern *.mpe
         No match for lib/bootstrap/dist/css/bootstrap-utilities.rtl.css.map using pattern *.mpeg
         No match for lib/bootstrap/dist/css/bootstrap-utilities.rtl.css.map using pattern *.mpg
         No match for lib/bootstrap/dist/css/bootstrap-utilities.rtl.css.map using pattern *.mpv2
         No match for lib/bootstrap/dist/css/bootstrap-utilities.rtl.css.map using pattern *.nsc
         No match for lib/bootstrap/dist/css/bootstrap-utilities.rtl.css.map using pattern *.ogg
         No match for lib/bootstrap/dist/css/bootstrap-utilities.rtl.css.map using pattern *.ogv
         No match for lib/bootstrap/dist/css/bootstrap-utilities.rtl.css.map using pattern *.webm
         No match for lib/bootstrap/dist/css/bootstrap-utilities.rtl.css.map using pattern *.art
         No match for lib/bootstrap/dist/css/bootstrap-utilities.rtl.css.map using pattern *.cmx
         No match for lib/bootstrap/dist/css/bootstrap-utilities.rtl.css.map using pattern *.cod
         No match for lib/bootstrap/dist/css/bootstrap-utilities.rtl.css.map using pattern *.dib
         No match for lib/bootstrap/dist/css/bootstrap-utilities.rtl.css.map using pattern *.ico
         No match for lib/bootstrap/dist/css/bootstrap-utilities.rtl.css.map using pattern *.ief
         No match for lib/bootstrap/dist/css/bootstrap-utilities.rtl.css.map using pattern *.jfif
         No match for lib/bootstrap/dist/css/bootstrap-utilities.rtl.css.map using pattern *.jpe
         No match for lib/bootstrap/dist/css/bootstrap-utilities.rtl.css.map using pattern *.pbm
         No match for lib/bootstrap/dist/css/bootstrap-utilities.rtl.css.map using pattern *.pgm
         No match for lib/bootstrap/dist/css/bootstrap-utilities.rtl.css.map using pattern *.pnm
         No match for lib/bootstrap/dist/css/bootstrap-utilities.rtl.css.map using pattern *.pnz
         No match for lib/bootstrap/dist/css/bootstrap-utilities.rtl.css.map using pattern *.ppm
         No match for lib/bootstrap/dist/css/bootstrap-utilities.rtl.css.map using pattern *.ras
         No match for lib/bootstrap/dist/css/bootstrap-utilities.rtl.css.map using pattern *.rf
         No match for lib/bootstrap/dist/css/bootstrap-utilities.rtl.css.map using pattern *.rgb
         No match for lib/bootstrap/dist/css/bootstrap-utilities.rtl.css.map using pattern *.svgz
         No match for lib/bootstrap/dist/css/bootstrap-utilities.rtl.css.map using pattern *.tif
         No match for lib/bootstrap/dist/css/bootstrap-utilities.rtl.css.map using pattern *.tiff
         No match for lib/bootstrap/dist/css/bootstrap-utilities.rtl.css.map using pattern *.wbmp
         No match for lib/bootstrap/dist/css/bootstrap-utilities.rtl.css.map using pattern *.xbm
         No match for lib/bootstrap/dist/css/bootstrap-utilities.rtl.css.map using pattern *.xpm
         No match for lib/bootstrap/dist/css/bootstrap-utilities.rtl.css.map using pattern *.xwd
         No match for lib/bootstrap/dist/css/bootstrap-utilities.rtl.css.map using pattern *.3g2
         No match for lib/bootstrap/dist/css/bootstrap-utilities.rtl.css.map using pattern *.3gp2
         No match for lib/bootstrap/dist/css/bootstrap-utilities.rtl.css.map using pattern *.3gp
         No match for lib/bootstrap/dist/css/bootstrap-utilities.rtl.css.map using pattern *.3gpp
         No match for lib/bootstrap/dist/css/bootstrap-utilities.rtl.css.map using pattern *.asf
         No match for lib/bootstrap/dist/css/bootstrap-utilities.rtl.css.map using pattern *.asr
         No match for lib/bootstrap/dist/css/bootstrap-utilities.rtl.css.map using pattern *.asx
         No match for lib/bootstrap/dist/css/bootstrap-utilities.rtl.css.map using pattern *.avi
         No match for lib/bootstrap/dist/css/bootstrap-utilities.rtl.css.map using pattern *.dvr
         No match for lib/bootstrap/dist/css/bootstrap-utilities.rtl.css.map using pattern *.flv
         No match for lib/bootstrap/dist/css/bootstrap-utilities.rtl.css.map using pattern *.IVF
         No match for lib/bootstrap/dist/css/bootstrap-utilities.rtl.css.map using pattern *.lsf
         No match for lib/bootstrap/dist/css/bootstrap-utilities.rtl.css.map using pattern *.lsx
         No match for lib/bootstrap/dist/css/bootstrap-utilities.rtl.css.map using pattern *.m1v
         No match for lib/bootstrap/dist/css/bootstrap-utilities.rtl.css.map using pattern *.m2ts
         No match for lib/bootstrap/dist/css/bootstrap-utilities.rtl.css.map using pattern *.qt
         No match for lib/bootstrap/dist/css/bootstrap-utilities.rtl.css.map using pattern *.ts
         No match for lib/bootstrap/dist/css/bootstrap-utilities.rtl.css.map using pattern *.tts
         No match for lib/bootstrap/dist/css/bootstrap-utilities.rtl.css.map using pattern *.wm
         No match for lib/bootstrap/dist/css/bootstrap-utilities.rtl.css.map using pattern *.wmp
         No match for lib/bootstrap/dist/css/bootstrap-utilities.rtl.css.map using pattern *.wmv
         No match for lib/bootstrap/dist/css/bootstrap-utilities.rtl.css.map using pattern *.wmx
         No match for lib/bootstrap/dist/css/bootstrap-utilities.rtl.css.map using pattern *.wtv
         No match for lib/bootstrap/dist/css/bootstrap-utilities.rtl.css.map using pattern *.wvx
         File C:\Users\user\OneDrive\╨а╨░╨▒╨╛╤З╨╕╨╣ ╤Б╤В╨╛╨╗\regi\WebApplication15\wwwroot\lib\bootstrap\dist\css\bootstrap-utilities.rtl.css.map exists.
         No match for lib/bootstrap/dist/css/bootstrap-utilities.rtl.css.map using pattern *.bmp
         No match for lib/bootstrap/dist/css/bootstrap-utilities.rtl.css.map using pattern *.jpeg
         No match for lib/bootstrap/dist/css/bootstrap-utilities.rtl.css.map using pattern *.jpg
         No match for lib/bootstrap/dist/css/bootstrap-utilities.rtl.css.map using pattern *.gif
         No match for lib/bootstrap/dist/css/bootstrap-utilities.rtl.css.map using pattern *.svg
         No match for lib/bootstrap/dist/css/bootstrap-utilities.rtl.css.map using pattern *.png
         No match for lib/bootstrap/dist/css/bootstrap-utilities.rtl.css.map using pattern *.webp
         No match for lib/bootstrap/dist/css/bootstrap-utilities.rtl.css.map using pattern *.otf
         No match for lib/bootstrap/dist/css/bootstrap-utilities.rtl.css.map using pattern *.woff2
         No match for lib/bootstrap/dist/css/bootstrap-utilities.rtl.css.map using pattern *.m4v
         No match for lib/bootstrap/dist/css/bootstrap-utilities.rtl.css.map using pattern *.mov
         No match for lib/bootstrap/dist/css/bootstrap-utilities.rtl.css.map using pattern *.movie
         No match for lib/bootstrap/dist/css/bootstrap-utilities.rtl.css.map using pattern *.mp2
         No match for lib/bootstrap/dist/css/bootstrap-utilities.rtl.css.map using pattern *.mp4
         No match for lib/bootstrap/dist/css/bootstrap-utilities.rtl.css.map using pattern *.mp4v
         No match for lib/bootstrap/dist/css/bootstrap-utilities.rtl.css.map using pattern *.mpa
         No match for lib/bootstrap/dist/css/bootstrap-utilities.rtl.css.map using pattern *.mpe
         No match for lib/bootstrap/dist/css/bootstrap-utilities.rtl.css.map using pattern *.mpeg
         No match for lib/bootstrap/dist/css/bootstrap-utilities.rtl.css.map using pattern *.mpg
         No match for lib/bootstrap/dist/css/bootstrap-utilities.rtl.css.map using pattern *.mpv2
         No match for lib/bootstrap/dist/css/bootstrap-utilities.rtl.css.map using pattern *.nsc
         No match for lib/bootstrap/dist/css/bootstrap-utilities.rtl.css.map using pattern *.ogg
         No match for lib/bootstrap/dist/css/bootstrap-utilities.rtl.css.map using pattern *.ogv
         No match for lib/bootstrap/dist/css/bootstrap-utilities.rtl.css.map using pattern *.webm
         No match for lib/bootstrap/dist/css/bootstrap-utilities.rtl.css.map using pattern *.art
         No match for lib/bootstrap/dist/css/bootstrap-utilities.rtl.css.map using pattern *.cmx
         No match for lib/bootstrap/dist/css/bootstrap-utilities.rtl.css.map using pattern *.cod
         No match for lib/bootstrap/dist/css/bootstrap-utilities.rtl.css.map using pattern *.dib
         No match for lib/bootstrap/dist/css/bootstrap-utilities.rtl.css.map using pattern *.ico
         No match for lib/bootstrap/dist/css/bootstrap-utilities.rtl.css.map using pattern *.ief
         No match for lib/bootstrap/dist/css/bootstrap-utilities.rtl.css.map using pattern *.jfif
         No match for lib/bootstrap/dist/css/bootstrap-utilities.rtl.css.map using pattern *.jpe
         No match for lib/bootstrap/dist/css/bootstrap-utilities.rtl.css.map using pattern *.pbm
         No match for lib/bootstrap/dist/css/bootstrap-utilities.rtl.css.map using pattern *.pgm
         No match for lib/bootstrap/dist/css/bootstrap-utilities.rtl.css.map using pattern *.pnm
         No match for lib/bootstrap/dist/css/bootstrap-utilities.rtl.css.map using pattern *.pnz
         No match for lib/bootstrap/dist/css/bootstrap-utilities.rtl.css.map using pattern *.ppm
         No match for lib/bootstrap/dist/css/bootstrap-utilities.rtl.css.map using pattern *.ras
         No match for lib/bootstrap/dist/css/bootstrap-utilities.rtl.css.map using pattern *.rf
         No match for lib/bootstrap/dist/css/bootstrap-utilities.rtl.css.map using pattern *.rgb
         No match for lib/bootstrap/dist/css/bootstrap-utilities.rtl.css.map using pattern *.svgz
         No match for lib/bootstrap/dist/css/bootstrap-utilities.rtl.css.map using pattern *.tif
         No match for lib/bootstrap/dist/css/bootstrap-utilities.rtl.css.map using pattern *.tiff
         No match for lib/bootstrap/dist/css/bootstrap-utilities.rtl.css.map using pattern *.wbmp
         No match for lib/bootstrap/dist/css/bootstrap-utilities.rtl.css.map using pattern *.xbm
         No match for lib/bootstrap/dist/css/bootstrap-utilities.rtl.css.map using pattern *.xpm
         No match for lib/bootstrap/dist/css/bootstrap-utilities.rtl.css.map using pattern *.xwd
         No match for lib/bootstrap/dist/css/bootstrap-utilities.rtl.css.map using pattern *.3g2
         No match for lib/bootstrap/dist/css/bootstrap-utilities.rtl.css.map using pattern *.3gp2
         No match for lib/bootstrap/dist/css/bootstrap-utilities.rtl.css.map using pattern *.3gp
         No match for lib/bootstrap/dist/css/bootstrap-utilities.rtl.css.map using pattern *.3gpp
         No match for lib/bootstrap/dist/css/bootstrap-utilities.rtl.css.map using pattern *.asf
         No match for lib/bootstrap/dist/css/bootstrap-utilities.rtl.css.map using pattern *.asr
         No match for lib/bootstrap/dist/css/bootstrap-utilities.rtl.css.map using pattern *.asx
         No match for lib/bootstrap/dist/css/bootstrap-utilities.rtl.css.map using pattern *.avi
         No match for lib/bootstrap/dist/css/bootstrap-utilities.rtl.css.map using pattern *.dvr
         No match for lib/bootstrap/dist/css/bootstrap-utilities.rtl.css.map using pattern *.flv
         No match for lib/bootstrap/dist/css/bootstrap-utilities.rtl.css.map using pattern *.IVF
         No match for lib/bootstrap/dist/css/bootstrap-utilities.rtl.css.map using pattern *.lsf
         No match for lib/bootstrap/dist/css/bootstrap-utilities.rtl.css.map using pattern *.lsx
         No match for lib/bootstrap/dist/css/bootstrap-utilities.rtl.css.map using pattern *.m1v
         No match for lib/bootstrap/dist/css/bootstrap-utilities.rtl.css.map using pattern *.m2ts
         No match for lib/bootstrap/dist/css/bootstrap-utilities.rtl.css.map using pattern *.qt
         No match for lib/bootstrap/dist/css/bootstrap-utilities.rtl.css.map using pattern *.ts
         No match for lib/bootstrap/dist/css/bootstrap-utilities.rtl.css.map using pattern *.tts
         No match for lib/bootstrap/dist/css/bootstrap-utilities.rtl.css.map using pattern *.wm
         No match for lib/bootstrap/dist/css/bootstrap-utilities.rtl.css.map using pattern *.wmp
         No match for lib/bootstrap/dist/css/bootstrap-utilities.rtl.css.map using pattern *.wmv
         No match for lib/bootstrap/dist/css/bootstrap-utilities.rtl.css.map using pattern *.wmx
         No match for lib/bootstrap/dist/css/bootstrap-utilities.rtl.css.map using pattern *.wtv
         No match for lib/bootstrap/dist/css/bootstrap-utilities.rtl.css.map using pattern *.wvx
         File C:\Users\user\OneDrive\╨а╨░╨▒╨╛╤З╨╕╨╣ ╤Б╤В╨╛╨╗\regi\WebApplication15\wwwroot\lib\bootstrap\dist\css\bootstrap-utilities.rtl.css.map exists.
         Adding endpoint lib/bootstrap/dist/css/bootstrap-utilities.rtl.css.map for asset C:\Users\user\OneDrive\╨а╨░╨▒╨╛╤З╨╕╨╣ ╤Б╤В╨╛╨╗\regi\WebApplication15\wwwroot\lib\bootstrap\dist\css\bootstrap-utilities.rtl.css.map.
         Adding endpoint lib/bootstrap/dist/css/bootstrap-utilities.rtl.css.j5mq2jizvt.map for asset C:\Users\user\OneDrive\╨а╨░╨▒╨╛╤З╨╕╨╣ ╤Б╤В╨╛╨╗\regi\WebApplication15\wwwroot\lib\bootstrap\dist\css\bootstrap-utilities.rtl.css.map.
         No match for lib/bootstrap/dist/css/bootstrap-utilities.rtl.min.css using pattern *.bmp
         No match for lib/bootstrap/dist/css/bootstrap-utilities.rtl.min.css using pattern *.jpeg
         No match for lib/bootstrap/dist/css/bootstrap-utilities.rtl.min.css using pattern *.jpg
         No match for lib/bootstrap/dist/css/bootstrap-utilities.rtl.min.css using pattern *.gif
         No match for lib/bootstrap/dist/css/bootstrap-utilities.rtl.min.css using pattern *.svg
         No match for lib/bootstrap/dist/css/bootstrap-utilities.rtl.min.css using pattern *.png
         No match for lib/bootstrap/dist/css/bootstrap-utilities.rtl.min.css using pattern *.webp
         No match for lib/bootstrap/dist/css/bootstrap-utilities.rtl.min.css using pattern *.otf
         No match for lib/bootstrap/dist/css/bootstrap-utilities.rtl.min.css using pattern *.woff2
         No match for lib/bootstrap/dist/css/bootstrap-utilities.rtl.min.css using pattern *.m4v
         No match for lib/bootstrap/dist/css/bootstrap-utilities.rtl.min.css using pattern *.mov
         No match for lib/bootstrap/dist/css/bootstrap-utilities.rtl.min.css using pattern *.movie
         No match for lib/bootstrap/dist/css/bootstrap-utilities.rtl.min.css using pattern *.mp2
         No match for lib/bootstrap/dist/css/bootstrap-utilities.rtl.min.css using pattern *.mp4
         No match for lib/bootstrap/dist/css/bootstrap-utilities.rtl.min.css using pattern *.mp4v
         No match for lib/bootstrap/dist/css/bootstrap-utilities.rtl.min.css using pattern *.mpa
         No match for lib/bootstrap/dist/css/bootstrap-utilities.rtl.min.css using pattern *.mpe
         No match for lib/bootstrap/dist/css/bootstrap-utilities.rtl.min.css using pattern *.mpeg
         No match for lib/bootstrap/dist/css/bootstrap-utilities.rtl.min.css using pattern *.mpg
         No match for lib/bootstrap/dist/css/bootstrap-utilities.rtl.min.css using pattern *.mpv2
         No match for lib/bootstrap/dist/css/bootstrap-utilities.rtl.min.css using pattern *.nsc
         No match for lib/bootstrap/dist/css/bootstrap-utilities.rtl.min.css using pattern *.ogg
         No match for lib/bootstrap/dist/css/bootstrap-utilities.rtl.min.css using pattern *.ogv
         No match for lib/bootstrap/dist/css/bootstrap-utilities.rtl.min.css using pattern *.webm
         No match for lib/bootstrap/dist/css/bootstrap-utilities.rtl.min.css using pattern *.art
         No match for lib/bootstrap/dist/css/bootstrap-utilities.rtl.min.css using pattern *.cmx
         No match for lib/bootstrap/dist/css/bootstrap-utilities.rtl.min.css using pattern *.cod
         No match for lib/bootstrap/dist/css/bootstrap-utilities.rtl.min.css using pattern *.dib
         No match for lib/bootstrap/dist/css/bootstrap-utilities.rtl.min.css using pattern *.ico
         No match for lib/bootstrap/dist/css/bootstrap-utilities.rtl.min.css using pattern *.ief
         No match for lib/bootstrap/dist/css/bootstrap-utilities.rtl.min.css using pattern *.jfif
         No match for lib/bootstrap/dist/css/bootstrap-utilities.rtl.min.css using pattern *.jpe
         No match for lib/bootstrap/dist/css/bootstrap-utilities.rtl.min.css using pattern *.pbm
         No match for lib/bootstrap/dist/css/bootstrap-utilities.rtl.min.css using pattern *.pgm
         No match for lib/bootstrap/dist/css/bootstrap-utilities.rtl.min.css using pattern *.pnm
         No match for lib/bootstrap/dist/css/bootstrap-utilities.rtl.min.css using pattern *.pnz
         No match for lib/bootstrap/dist/css/bootstrap-utilities.rtl.min.css using pattern *.ppm
         No match for lib/bootstrap/dist/css/bootstrap-utilities.rtl.min.css using pattern *.ras
         No match for lib/bootstrap/dist/css/bootstrap-utilities.rtl.min.css using pattern *.rf
         No match for lib/bootstrap/dist/css/bootstrap-utilities.rtl.min.css using pattern *.rgb
         No match for lib/bootstrap/dist/css/bootstrap-utilities.rtl.min.css using pattern *.svgz
         No match for lib/bootstrap/dist/css/bootstrap-utilities.rtl.min.css using pattern *.tif
         No match for lib/bootstrap/dist/css/bootstrap-utilities.rtl.min.css using pattern *.tiff
         No match for lib/bootstrap/dist/css/bootstrap-utilities.rtl.min.css using pattern *.wbmp
         No match for lib/bootstrap/dist/css/bootstrap-utilities.rtl.min.css using pattern *.xbm
         No match for lib/bootstrap/dist/css/bootstrap-utilities.rtl.min.css using pattern *.xpm
         No match for lib/bootstrap/dist/css/bootstrap-utilities.rtl.min.css using pattern *.xwd
         No match for lib/bootstrap/dist/css/bootstrap-utilities.rtl.min.css using pattern *.3g2
         No match for lib/bootstrap/dist/css/bootstrap-utilities.rtl.min.css using pattern *.3gp2
         No match for lib/bootstrap/dist/css/bootstrap-utilities.rtl.min.css using pattern *.3gp
         No match for lib/bootstrap/dist/css/bootstrap-utilities.rtl.min.css using pattern *.3gpp
         No match for lib/bootstrap/dist/css/bootstrap-utilities.rtl.min.css using pattern *.asf
         No match for lib/bootstrap/dist/css/bootstrap-utilities.rtl.min.css using pattern *.asr
         No match for lib/bootstrap/dist/css/bootstrap-utilities.rtl.min.css using pattern *.asx
         No match for lib/bootstrap/dist/css/bootstrap-utilities.rtl.min.css using pattern *.avi
         No match for lib/bootstrap/dist/css/bootstrap-utilities.rtl.min.css using pattern *.dvr
         No match for lib/bootstrap/dist/css/bootstrap-utilities.rtl.min.css using pattern *.flv
         No match for lib/bootstrap/dist/css/bootstrap-utilities.rtl.min.css using pattern *.IVF
         No match for lib/bootstrap/dist/css/bootstrap-utilities.rtl.min.css using pattern *.lsf
         No match for lib/bootstrap/dist/css/bootstrap-utilities.rtl.min.css using pattern *.lsx
         No match for lib/bootstrap/dist/css/bootstrap-utilities.rtl.min.css using pattern *.m1v
         No match for lib/bootstrap/dist/css/bootstrap-utilities.rtl.min.css using pattern *.m2ts
         No match for lib/bootstrap/dist/css/bootstrap-utilities.rtl.min.css using pattern *.qt
         No match for lib/bootstrap/dist/css/bootstrap-utilities.rtl.min.css using pattern *.ts
         No match for lib/bootstrap/dist/css/bootstrap-utilities.rtl.min.css using pattern *.tts
         No match for lib/bootstrap/dist/css/bootstrap-utilities.rtl.min.css using pattern *.wm
         No match for lib/bootstrap/dist/css/bootstrap-utilities.rtl.min.css using pattern *.wmp
         No match for lib/bootstrap/dist/css/bootstrap-utilities.rtl.min.css using pattern *.wmv
         No match for lib/bootstrap/dist/css/bootstrap-utilities.rtl.min.css using pattern *.wmx
         No match for lib/bootstrap/dist/css/bootstrap-utilities.rtl.min.css using pattern *.wtv
         No match for lib/bootstrap/dist/css/bootstrap-utilities.rtl.min.css using pattern *.wvx
         File C:\Users\user\OneDrive\╨а╨░╨▒╨╛╤З╨╕╨╣ ╤Б╤В╨╛╨╗\regi\WebApplication15\wwwroot\lib\bootstrap\dist\css\bootstrap-utilities.rtl.min.css exists.
         No match for lib/bootstrap/dist/css/bootstrap-utilities.rtl.min.css using pattern *.bmp
         No match for lib/bootstrap/dist/css/bootstrap-utilities.rtl.min.css using pattern *.jpeg
         No match for lib/bootstrap/dist/css/bootstrap-utilities.rtl.min.css using pattern *.jpg
         No match for lib/bootstrap/dist/css/bootstrap-utilities.rtl.min.css using pattern *.gif
         No match for lib/bootstrap/dist/css/bootstrap-utilities.rtl.min.css using pattern *.svg
         No match for lib/bootstrap/dist/css/bootstrap-utilities.rtl.min.css using pattern *.png
         No match for lib/bootstrap/dist/css/bootstrap-utilities.rtl.min.css using pattern *.webp
         No match for lib/bootstrap/dist/css/bootstrap-utilities.rtl.min.css using pattern *.otf
         No match for lib/bootstrap/dist/css/bootstrap-utilities.rtl.min.css using pattern *.woff2
         No match for lib/bootstrap/dist/css/bootstrap-utilities.rtl.min.css using pattern *.m4v
         No match for lib/bootstrap/dist/css/bootstrap-utilities.rtl.min.css using pattern *.mov
         No match for lib/bootstrap/dist/css/bootstrap-utilities.rtl.min.css using pattern *.movie
         No match for lib/bootstrap/dist/css/bootstrap-utilities.rtl.min.css using pattern *.mp2
         No match for lib/bootstrap/dist/css/bootstrap-utilities.rtl.min.css using pattern *.mp4
         No match for lib/bootstrap/dist/css/bootstrap-utilities.rtl.min.css using pattern *.mp4v
         No match for lib/bootstrap/dist/css/bootstrap-utilities.rtl.min.css using pattern *.mpa
         No match for lib/bootstrap/dist/css/bootstrap-utilities.rtl.min.css using pattern *.mpe
         No match for lib/bootstrap/dist/css/bootstrap-utilities.rtl.min.css using pattern *.mpeg
         No match for lib/bootstrap/dist/css/bootstrap-utilities.rtl.min.css using pattern *.mpg
         No match for lib/bootstrap/dist/css/bootstrap-utilities.rtl.min.css using pattern *.mpv2
         No match for lib/bootstrap/dist/css/bootstrap-utilities.rtl.min.css using pattern *.nsc
         No match for lib/bootstrap/dist/css/bootstrap-utilities.rtl.min.css using pattern *.ogg
         No match for lib/bootstrap/dist/css/bootstrap-utilities.rtl.min.css using pattern *.ogv
         No match for lib/bootstrap/dist/css/bootstrap-utilities.rtl.min.css using pattern *.webm
         No match for lib/bootstrap/dist/css/bootstrap-utilities.rtl.min.css using pattern *.art
         No match for lib/bootstrap/dist/css/bootstrap-utilities.rtl.min.css using pattern *.cmx
         No match for lib/bootstrap/dist/css/bootstrap-utilities.rtl.min.css using pattern *.cod
         No match for lib/bootstrap/dist/css/bootstrap-utilities.rtl.min.css using pattern *.dib
         No match for lib/bootstrap/dist/css/bootstrap-utilities.rtl.min.css using pattern *.ico
         No match for lib/bootstrap/dist/css/bootstrap-utilities.rtl.min.css using pattern *.ief
         No match for lib/bootstrap/dist/css/bootstrap-utilities.rtl.min.css using pattern *.jfif
         No match for lib/bootstrap/dist/css/bootstrap-utilities.rtl.min.css using pattern *.jpe
         No match for lib/bootstrap/dist/css/bootstrap-utilities.rtl.min.css using pattern *.pbm
         No match for lib/bootstrap/dist/css/bootstrap-utilities.rtl.min.css using pattern *.pgm
         No match for lib/bootstrap/dist/css/bootstrap-utilities.rtl.min.css using pattern *.pnm
         No match for lib/bootstrap/dist/css/bootstrap-utilities.rtl.min.css using pattern *.pnz
         No match for lib/bootstrap/dist/css/bootstrap-utilities.rtl.min.css using pattern *.ppm
         No match for lib/bootstrap/dist/css/bootstrap-utilities.rtl.min.css using pattern *.ras
         No match for lib/bootstrap/dist/css/bootstrap-utilities.rtl.min.css using pattern *.rf
         No match for lib/bootstrap/dist/css/bootstrap-utilities.rtl.min.css using pattern *.rgb
         No match for lib/bootstrap/dist/css/bootstrap-utilities.rtl.min.css using pattern *.svgz
         No match for lib/bootstrap/dist/css/bootstrap-utilities.rtl.min.css using pattern *.tif
         No match for lib/bootstrap/dist/css/bootstrap-utilities.rtl.min.css using pattern *.tiff
         No match for lib/bootstrap/dist/css/bootstrap-utilities.rtl.min.css using pattern *.wbmp
         No match for lib/bootstrap/dist/css/bootstrap-utilities.rtl.min.css using pattern *.xbm
         No match for lib/bootstrap/dist/css/bootstrap-utilities.rtl.min.css using pattern *.xpm
         No match for lib/bootstrap/dist/css/bootstrap-utilities.rtl.min.css using pattern *.xwd
         No match for lib/bootstrap/dist/css/bootstrap-utilities.rtl.min.css using pattern *.3g2
         No match for lib/bootstrap/dist/css/bootstrap-utilities.rtl.min.css using pattern *.3gp2
         No match for lib/bootstrap/dist/css/bootstrap-utilities.rtl.min.css using pattern *.3gp
         No match for lib/bootstrap/dist/css/bootstrap-utilities.rtl.min.css using pattern *.3gpp
         No match for lib/bootstrap/dist/css/bootstrap-utilities.rtl.min.css using pattern *.asf
         No match for lib/bootstrap/dist/css/bootstrap-utilities.rtl.min.css using pattern *.asr
         No match for lib/bootstrap/dist/css/bootstrap-utilities.rtl.min.css using pattern *.asx
         No match for lib/bootstrap/dist/css/bootstrap-utilities.rtl.min.css using pattern *.avi
         No match for lib/bootstrap/dist/css/bootstrap-utilities.rtl.min.css using pattern *.dvr
         No match for lib/bootstrap/dist/css/bootstrap-utilities.rtl.min.css using pattern *.flv
         No match for lib/bootstrap/dist/css/bootstrap-utilities.rtl.min.css using pattern *.IVF
         No match for lib/bootstrap/dist/css/bootstrap-utilities.rtl.min.css using pattern *.lsf
         No match for lib/bootstrap/dist/css/bootstrap-utilities.rtl.min.css using pattern *.lsx
         No match for lib/bootstrap/dist/css/bootstrap-utilities.rtl.min.css using pattern *.m1v
         No match for lib/bootstrap/dist/css/bootstrap-utilities.rtl.min.css using pattern *.m2ts
         No match for lib/bootstrap/dist/css/bootstrap-utilities.rtl.min.css using pattern *.qt
         No match for lib/bootstrap/dist/css/bootstrap-utilities.rtl.min.css using pattern *.ts
         No match for lib/bootstrap/dist/css/bootstrap-utilities.rtl.min.css using pattern *.tts
         No match for lib/bootstrap/dist/css/bootstrap-utilities.rtl.min.css using pattern *.wm
         No match for lib/bootstrap/dist/css/bootstrap-utilities.rtl.min.css using pattern *.wmp
         No match for lib/bootstrap/dist/css/bootstrap-utilities.rtl.min.css using pattern *.wmv
         No match for lib/bootstrap/dist/css/bootstrap-utilities.rtl.min.css using pattern *.wmx
         No match for lib/bootstrap/dist/css/bootstrap-utilities.rtl.min.css using pattern *.wtv
         No match for lib/bootstrap/dist/css/bootstrap-utilities.rtl.min.css using pattern *.wvx
         File C:\Users\user\OneDrive\╨а╨░╨▒╨╛╤З╨╕╨╣ ╤Б╤В╨╛╨╗\regi\WebApplication15\wwwroot\lib\bootstrap\dist\css\bootstrap-utilities.rtl.min.css exists.
         Adding endpoint lib/bootstrap/dist/css/bootstrap-utilities.rtl.min.css for asset C:\Users\user\OneDrive\╨а╨░╨▒╨╛╤З╨╕╨╣ ╤Б╤В╨╛╨╗\regi\WebApplication15\wwwroot\lib\bootstrap\dist\css\bootstrap-utilities.rtl.min.css.
         Adding endpoint lib/bootstrap/dist/css/bootstrap-utilities.rtl.min.06098lyss8.css for asset C:\Users\user\OneDrive\╨а╨░╨▒╨╛╤З╨╕╨╣ ╤Б╤В╨╛╨╗\regi\WebApplication15\wwwroot\lib\bootstrap\dist\css\bootstrap-utilities.rtl.min.css.
         No match for lib/bootstrap/dist/css/bootstrap-utilities.rtl.min.css.map using pattern *.bmp
         No match for lib/bootstrap/dist/css/bootstrap-utilities.rtl.min.css.map using pattern *.jpeg
         No match for lib/bootstrap/dist/css/bootstrap-utilities.rtl.min.css.map using pattern *.jpg
         No match for lib/bootstrap/dist/css/bootstrap-utilities.rtl.min.css.map using pattern *.gif
         No match for lib/bootstrap/dist/css/bootstrap-utilities.rtl.min.css.map using pattern *.svg
         No match for lib/bootstrap/dist/css/bootstrap-utilities.rtl.min.css.map using pattern *.png
         No match for lib/bootstrap/dist/css/bootstrap-utilities.rtl.min.css.map using pattern *.webp
         No match for lib/bootstrap/dist/css/bootstrap-utilities.rtl.min.css.map using pattern *.otf
         No match for lib/bootstrap/dist/css/bootstrap-utilities.rtl.min.css.map using pattern *.woff2
         No match for lib/bootstrap/dist/css/bootstrap-utilities.rtl.min.css.map using pattern *.m4v
         No match for lib/bootstrap/dist/css/bootstrap-utilities.rtl.min.css.map using pattern *.mov
         No match for lib/bootstrap/dist/css/bootstrap-utilities.rtl.min.css.map using pattern *.movie
         No match for lib/bootstrap/dist/css/bootstrap-utilities.rtl.min.css.map using pattern *.mp2
         No match for lib/bootstrap/dist/css/bootstrap-utilities.rtl.min.css.map using pattern *.mp4
         No match for lib/bootstrap/dist/css/bootstrap-utilities.rtl.min.css.map using pattern *.mp4v
         No match for lib/bootstrap/dist/css/bootstrap-utilities.rtl.min.css.map using pattern *.mpa
         No match for lib/bootstrap/dist/css/bootstrap-utilities.rtl.min.css.map using pattern *.mpe
         No match for lib/bootstrap/dist/css/bootstrap-utilities.rtl.min.css.map using pattern *.mpeg
         No match for lib/bootstrap/dist/css/bootstrap-utilities.rtl.min.css.map using pattern *.mpg
         No match for lib/bootstrap/dist/css/bootstrap-utilities.rtl.min.css.map using pattern *.mpv2
         No match for lib/bootstrap/dist/css/bootstrap-utilities.rtl.min.css.map using pattern *.nsc
         No match for lib/bootstrap/dist/css/bootstrap-utilities.rtl.min.css.map using pattern *.ogg
         No match for lib/bootstrap/dist/css/bootstrap-utilities.rtl.min.css.map using pattern *.ogv
         No match for lib/bootstrap/dist/css/bootstrap-utilities.rtl.min.css.map using pattern *.webm
         No match for lib/bootstrap/dist/css/bootstrap-utilities.rtl.min.css.map using pattern *.art
         No match for lib/bootstrap/dist/css/bootstrap-utilities.rtl.min.css.map using pattern *.cmx
         No match for lib/bootstrap/dist/css/bootstrap-utilities.rtl.min.css.map using pattern *.cod
         No match for lib/bootstrap/dist/css/bootstrap-utilities.rtl.min.css.map using pattern *.dib
         No match for lib/bootstrap/dist/css/bootstrap-utilities.rtl.min.css.map using pattern *.ico
         No match for lib/bootstrap/dist/css/bootstrap-utilities.rtl.min.css.map using pattern *.ief
         No match for lib/bootstrap/dist/css/bootstrap-utilities.rtl.min.css.map using pattern *.jfif
         No match for lib/bootstrap/dist/css/bootstrap-utilities.rtl.min.css.map using pattern *.jpe
         No match for lib/bootstrap/dist/css/bootstrap-utilities.rtl.min.css.map using pattern *.pbm
         No match for lib/bootstrap/dist/css/bootstrap-utilities.rtl.min.css.map using pattern *.pgm
         No match for lib/bootstrap/dist/css/bootstrap-utilities.rtl.min.css.map using pattern *.pnm
         No match for lib/bootstrap/dist/css/bootstrap-utilities.rtl.min.css.map using pattern *.pnz
         No match for lib/bootstrap/dist/css/bootstrap-utilities.rtl.min.css.map using pattern *.ppm
         No match for lib/bootstrap/dist/css/bootstrap-utilities.rtl.min.css.map using pattern *.ras
         No match for lib/bootstrap/dist/css/bootstrap-utilities.rtl.min.css.map using pattern *.rf
         No match for lib/bootstrap/dist/css/bootstrap-utilities.rtl.min.css.map using pattern *.rgb
         No match for lib/bootstrap/dist/css/bootstrap-utilities.rtl.min.css.map using pattern *.svgz
         No match for lib/bootstrap/dist/css/bootstrap-utilities.rtl.min.css.map using pattern *.tif
         No match for lib/bootstrap/dist/css/bootstrap-utilities.rtl.min.css.map using pattern *.tiff
         No match for lib/bootstrap/dist/css/bootstrap-utilities.rtl.min.css.map using pattern *.wbmp
         No match for lib/bootstrap/dist/css/bootstrap-utilities.rtl.min.css.map using pattern *.xbm
         No match for lib/bootstrap/dist/css/bootstrap-utilities.rtl.min.css.map using pattern *.xpm
         No match for lib/bootstrap/dist/css/bootstrap-utilities.rtl.min.css.map using pattern *.xwd
         No match for lib/bootstrap/dist/css/bootstrap-utilities.rtl.min.css.map using pattern *.3g2
         No match for lib/bootstrap/dist/css/bootstrap-utilities.rtl.min.css.map using pattern *.3gp2
         No match for lib/bootstrap/dist/css/bootstrap-utilities.rtl.min.css.map using pattern *.3gp
         No match for lib/bootstrap/dist/css/bootstrap-utilities.rtl.min.css.map using pattern *.3gpp
         No match for lib/bootstrap/dist/css/bootstrap-utilities.rtl.min.css.map using pattern *.asf
         No match for lib/bootstrap/dist/css/bootstrap-utilities.rtl.min.css.map using pattern *.asr
         No match for lib/bootstrap/dist/css/bootstrap-utilities.rtl.min.css.map using pattern *.asx
         No match for lib/bootstrap/dist/css/bootstrap-utilities.rtl.min.css.map using pattern *.avi
         No match for lib/bootstrap/dist/css/bootstrap-utilities.rtl.min.css.map using pattern *.dvr
         No match for lib/bootstrap/dist/css/bootstrap-utilities.rtl.min.css.map using pattern *.flv
         No match for lib/bootstrap/dist/css/bootstrap-utilities.rtl.min.css.map using pattern *.IVF
         No match for lib/bootstrap/dist/css/bootstrap-utilities.rtl.min.css.map using pattern *.lsf
         No match for lib/bootstrap/dist/css/bootstrap-utilities.rtl.min.css.map using pattern *.lsx
         No match for lib/bootstrap/dist/css/bootstrap-utilities.rtl.min.css.map using pattern *.m1v
         No match for lib/bootstrap/dist/css/bootstrap-utilities.rtl.min.css.map using pattern *.m2ts
         No match for lib/bootstrap/dist/css/bootstrap-utilities.rtl.min.css.map using pattern *.qt
         No match for lib/bootstrap/dist/css/bootstrap-utilities.rtl.min.css.map using pattern *.ts
         No match for lib/bootstrap/dist/css/bootstrap-utilities.rtl.min.css.map using pattern *.tts
         No match for lib/bootstrap/dist/css/bootstrap-utilities.rtl.min.css.map using pattern *.wm
         No match for lib/bootstrap/dist/css/bootstrap-utilities.rtl.min.css.map using pattern *.wmp
         No match for lib/bootstrap/dist/css/bootstrap-utilities.rtl.min.css.map using pattern *.wmv
         No match for lib/bootstrap/dist/css/bootstrap-utilities.rtl.min.css.map using pattern *.wmx
         No match for lib/bootstrap/dist/css/bootstrap-utilities.rtl.min.css.map using pattern *.wtv
         No match for lib/bootstrap/dist/css/bootstrap-utilities.rtl.min.css.map using pattern *.wvx
         File C:\Users\user\OneDrive\╨а╨░╨▒╨╛╤З╨╕╨╣ ╤Б╤В╨╛╨╗\regi\WebApplication15\wwwroot\lib\bootstrap\dist\css\bootstrap-utilities.rtl.min.css.map exists.
         No match for lib/bootstrap/dist/css/bootstrap-utilities.rtl.min.css.map using pattern *.bmp
         No match for lib/bootstrap/dist/css/bootstrap-utilities.rtl.min.css.map using pattern *.jpeg
         No match for lib/bootstrap/dist/css/bootstrap-utilities.rtl.min.css.map using pattern *.jpg
         No match for lib/bootstrap/dist/css/bootstrap-utilities.rtl.min.css.map using pattern *.gif
         No match for lib/bootstrap/dist/css/bootstrap-utilities.rtl.min.css.map using pattern *.svg
         No match for lib/bootstrap/dist/css/bootstrap-utilities.rtl.min.css.map using pattern *.png
         No match for lib/bootstrap/dist/css/bootstrap-utilities.rtl.min.css.map using pattern *.webp
         No match for lib/bootstrap/dist/css/bootstrap-utilities.rtl.min.css.map using pattern *.otf
         No match for lib/bootstrap/dist/css/bootstrap-utilities.rtl.min.css.map using pattern *.woff2
         No match for lib/bootstrap/dist/css/bootstrap-utilities.rtl.min.css.map using pattern *.m4v
         No match for lib/bootstrap/dist/css/bootstrap-utilities.rtl.min.css.map using pattern *.mov
         No match for lib/bootstrap/dist/css/bootstrap-utilities.rtl.min.css.map using pattern *.movie
         No match for lib/bootstrap/dist/css/bootstrap-utilities.rtl.min.css.map using pattern *.mp2
         No match for lib/bootstrap/dist/css/bootstrap-utilities.rtl.min.css.map using pattern *.mp4
         No match for lib/bootstrap/dist/css/bootstrap-utilities.rtl.min.css.map using pattern *.mp4v
         No match for lib/bootstrap/dist/css/bootstrap-utilities.rtl.min.css.map using pattern *.mpa
         No match for lib/bootstrap/dist/css/bootstrap-utilities.rtl.min.css.map using pattern *.mpe
         No match for lib/bootstrap/dist/css/bootstrap-utilities.rtl.min.css.map using pattern *.mpeg
         No match for lib/bootstrap/dist/css/bootstrap-utilities.rtl.min.css.map using pattern *.mpg
         No match for lib/bootstrap/dist/css/bootstrap-utilities.rtl.min.css.map using pattern *.mpv2
         No match for lib/bootstrap/dist/css/bootstrap-utilities.rtl.min.css.map using pattern *.nsc
         No match for lib/bootstrap/dist/css/bootstrap-utilities.rtl.min.css.map using pattern *.ogg
         No match for lib/bootstrap/dist/css/bootstrap-utilities.rtl.min.css.map using pattern *.ogv
         No match for lib/bootstrap/dist/css/bootstrap-utilities.rtl.min.css.map using pattern *.webm
         No match for lib/bootstrap/dist/css/bootstrap-utilities.rtl.min.css.map using pattern *.art
         No match for lib/bootstrap/dist/css/bootstrap-utilities.rtl.min.css.map using pattern *.cmx
         No match for lib/bootstrap/dist/css/bootstrap-utilities.rtl.min.css.map using pattern *.cod
         No match for lib/bootstrap/dist/css/bootstrap-utilities.rtl.min.css.map using pattern *.dib
         No match for lib/bootstrap/dist/css/bootstrap-utilities.rtl.min.css.map using pattern *.ico
         No match for lib/bootstrap/dist/css/bootstrap-utilities.rtl.min.css.map using pattern *.ief
         No match for lib/bootstrap/dist/css/bootstrap-utilities.rtl.min.css.map using pattern *.jfif
         No match for lib/bootstrap/dist/css/bootstrap-utilities.rtl.min.css.map using pattern *.jpe
         No match for lib/bootstrap/dist/css/bootstrap-utilities.rtl.min.css.map using pattern *.pbm
         No match for lib/bootstrap/dist/css/bootstrap-utilities.rtl.min.css.map using pattern *.pgm
         No match for lib/bootstrap/dist/css/bootstrap-utilities.rtl.min.css.map using pattern *.pnm
         No match for lib/bootstrap/dist/css/bootstrap-utilities.rtl.min.css.map using pattern *.pnz
         No match for lib/bootstrap/dist/css/bootstrap-utilities.rtl.min.css.map using pattern *.ppm
         No match for lib/bootstrap/dist/css/bootstrap-utilities.rtl.min.css.map using pattern *.ras
         No match for lib/bootstrap/dist/css/bootstrap-utilities.rtl.min.css.map using pattern *.rf
         No match for lib/bootstrap/dist/css/bootstrap-utilities.rtl.min.css.map using pattern *.rgb
         No match for lib/bootstrap/dist/css/bootstrap-utilities.rtl.min.css.map using pattern *.svgz
         No match for lib/bootstrap/dist/css/bootstrap-utilities.rtl.min.css.map using pattern *.tif
         No match for lib/bootstrap/dist/css/bootstrap-utilities.rtl.min.css.map using pattern *.tiff
         No match for lib/bootstrap/dist/css/bootstrap-utilities.rtl.min.css.map using pattern *.wbmp
         No match for lib/bootstrap/dist/css/bootstrap-utilities.rtl.min.css.map using pattern *.xbm
         No match for lib/bootstrap/dist/css/bootstrap-utilities.rtl.min.css.map using pattern *.xpm
         No match for lib/bootstrap/dist/css/bootstrap-utilities.rtl.min.css.map using pattern *.xwd
         No match for lib/bootstrap/dist/css/bootstrap-utilities.rtl.min.css.map using pattern *.3g2
         No match for lib/bootstrap/dist/css/bootstrap-utilities.rtl.min.css.map using pattern *.3gp2
         No match for lib/bootstrap/dist/css/bootstrap-utilities.rtl.min.css.map using pattern *.3gp
         No match for lib/bootstrap/dist/css/bootstrap-utilities.rtl.min.css.map using pattern *.3gpp
         No match for lib/bootstrap/dist/css/bootstrap-utilities.rtl.min.css.map using pattern *.asf
         No match for lib/bootstrap/dist/css/bootstrap-utilities.rtl.min.css.map using pattern *.asr
         No match for lib/bootstrap/dist/css/bootstrap-utilities.rtl.min.css.map using pattern *.asx
         No match for lib/bootstrap/dist/css/bootstrap-utilities.rtl.min.css.map using pattern *.avi
         No match for lib/bootstrap/dist/css/bootstrap-utilities.rtl.min.css.map using pattern *.dvr
         No match for lib/bootstrap/dist/css/bootstrap-utilities.rtl.min.css.map using pattern *.flv
         No match for lib/bootstrap/dist/css/bootstrap-utilities.rtl.min.css.map using pattern *.IVF
         No match for lib/bootstrap/dist/css/bootstrap-utilities.rtl.min.css.map using pattern *.lsf
         No match for lib/bootstrap/dist/css/bootstrap-utilities.rtl.min.css.map using pattern *.lsx
         No match for lib/bootstrap/dist/css/bootstrap-utilities.rtl.min.css.map using pattern *.m1v
         No match for lib/bootstrap/dist/css/bootstrap-utilities.rtl.min.css.map using pattern *.m2ts
         No match for lib/bootstrap/dist/css/bootstrap-utilities.rtl.min.css.map using pattern *.qt
         No match for lib/bootstrap/dist/css/bootstrap-utilities.rtl.min.css.map using pattern *.ts
         No match for lib/bootstrap/dist/css/bootstrap-utilities.rtl.min.css.map using pattern *.tts
         No match for lib/bootstrap/dist/css/bootstrap-utilities.rtl.min.css.map using pattern *.wm
         No match for lib/bootstrap/dist/css/bootstrap-utilities.rtl.min.css.map using pattern *.wmp
         No match for lib/bootstrap/dist/css/bootstrap-utilities.rtl.min.css.map using pattern *.wmv
         No match for lib/bootstrap/dist/css/bootstrap-utilities.rtl.min.css.map using pattern *.wmx
         No match for lib/bootstrap/dist/css/bootstrap-utilities.rtl.min.css.map using pattern *.wtv
         No match for lib/bootstrap/dist/css/bootstrap-utilities.rtl.min.css.map using pattern *.wvx
         File C:\Users\user\OneDrive\╨а╨░╨▒╨╛╤З╨╕╨╣ ╤Б╤В╨╛╨╗\regi\WebApplication15\wwwroot\lib\bootstrap\dist\css\bootstrap-utilities.rtl.min.css.map exists.
         Adding endpoint lib/bootstrap/dist/css/bootstrap-utilities.rtl.min.css.map for asset C:\Users\user\OneDrive\╨а╨░╨▒╨╛╤З╨╕╨╣ ╤Б╤В╨╛╨╗\regi\WebApplication15\wwwroot\lib\bootstrap\dist\css\bootstrap-utilities.rtl.min.css.map.
         Adding endpoint lib/bootstrap/dist/css/bootstrap-utilities.rtl.min.css.nvvlpmu67g.map for asset C:\Users\user\OneDrive\╨а╨░╨▒╨╛╤З╨╕╨╣ ╤Б╤В╨╛╨╗\regi\WebApplication15\wwwroot\lib\bootstrap\dist\css\bootstrap-utilities.rtl.min.css.map.
         No match for lib/bootstrap/dist/css/bootstrap.css using pattern *.bmp
         No match for lib/bootstrap/dist/css/bootstrap.css using pattern *.jpeg
         No match for lib/bootstrap/dist/css/bootstrap.css using pattern *.jpg
         No match for lib/bootstrap/dist/css/bootstrap.css using pattern *.gif
         No match for lib/bootstrap/dist/css/bootstrap.css using pattern *.svg
         No match for lib/bootstrap/dist/css/bootstrap.css using pattern *.png
         No match for lib/bootstrap/dist/css/bootstrap.css using pattern *.webp
         No match for lib/bootstrap/dist/css/bootstrap.css using pattern *.otf
         No match for lib/bootstrap/dist/css/bootstrap.css using pattern *.woff2
         No match for lib/bootstrap/dist/css/bootstrap.css using pattern *.m4v
         No match for lib/bootstrap/dist/css/bootstrap.css using pattern *.mov
         No match for lib/bootstrap/dist/css/bootstrap.css using pattern *.movie
         No match for lib/bootstrap/dist/css/bootstrap.css using pattern *.mp2
         No match for lib/bootstrap/dist/css/bootstrap.css using pattern *.mp4
         No match for lib/bootstrap/dist/css/bootstrap.css using pattern *.mp4v
         No match for lib/bootstrap/dist/css/bootstrap.css using pattern *.mpa
         No match for lib/bootstrap/dist/css/bootstrap.css using pattern *.mpe
         No match for lib/bootstrap/dist/css/bootstrap.css using pattern *.mpeg
         No match for lib/bootstrap/dist/css/bootstrap.css using pattern *.mpg
         No match for lib/bootstrap/dist/css/bootstrap.css using pattern *.mpv2
         No match for lib/bootstrap/dist/css/bootstrap.css using pattern *.nsc
         No match for lib/bootstrap/dist/css/bootstrap.css using pattern *.ogg
         No match for lib/bootstrap/dist/css/bootstrap.css using pattern *.ogv
         No match for lib/bootstrap/dist/css/bootstrap.css using pattern *.webm
         No match for lib/bootstrap/dist/css/bootstrap.css using pattern *.art
         No match for lib/bootstrap/dist/css/bootstrap.css using pattern *.cmx
         No match for lib/bootstrap/dist/css/bootstrap.css using pattern *.cod
         No match for lib/bootstrap/dist/css/bootstrap.css using pattern *.dib
         No match for lib/bootstrap/dist/css/bootstrap.css using pattern *.ico
         No match for lib/bootstrap/dist/css/bootstrap.css using pattern *.ief
         No match for lib/bootstrap/dist/css/bootstrap.css using pattern *.jfif
         No match for lib/bootstrap/dist/css/bootstrap.css using pattern *.jpe
         No match for lib/bootstrap/dist/css/bootstrap.css using pattern *.pbm
         No match for lib/bootstrap/dist/css/bootstrap.css using pattern *.pgm
         No match for lib/bootstrap/dist/css/bootstrap.css using pattern *.pnm
         No match for lib/bootstrap/dist/css/bootstrap.css using pattern *.pnz
         No match for lib/bootstrap/dist/css/bootstrap.css using pattern *.ppm
         No match for lib/bootstrap/dist/css/bootstrap.css using pattern *.ras
         No match for lib/bootstrap/dist/css/bootstrap.css using pattern *.rf
         No match for lib/bootstrap/dist/css/bootstrap.css using pattern *.rgb
         No match for lib/bootstrap/dist/css/bootstrap.css using pattern *.svgz
         No match for lib/bootstrap/dist/css/bootstrap.css using pattern *.tif
         No match for lib/bootstrap/dist/css/bootstrap.css using pattern *.tiff
         No match for lib/bootstrap/dist/css/bootstrap.css using pattern *.wbmp
         No match for lib/bootstrap/dist/css/bootstrap.css using pattern *.xbm
         No match for lib/bootstrap/dist/css/bootstrap.css using pattern *.xpm
         No match for lib/bootstrap/dist/css/bootstrap.css using pattern *.xwd
         No match for lib/bootstrap/dist/css/bootstrap.css using pattern *.3g2
         No match for lib/bootstrap/dist/css/bootstrap.css using pattern *.3gp2
         No match for lib/bootstrap/dist/css/bootstrap.css using pattern *.3gp
         No match for lib/bootstrap/dist/css/bootstrap.css using pattern *.3gpp
         No match for lib/bootstrap/dist/css/bootstrap.css using pattern *.asf
         No match for lib/bootstrap/dist/css/bootstrap.css using pattern *.asr
         No match for lib/bootstrap/dist/css/bootstrap.css using pattern *.asx
         No match for lib/bootstrap/dist/css/bootstrap.css using pattern *.avi
         No match for lib/bootstrap/dist/css/bootstrap.css using pattern *.dvr
         No match for lib/bootstrap/dist/css/bootstrap.css using pattern *.flv
         No match for lib/bootstrap/dist/css/bootstrap.css using pattern *.IVF
         No match for lib/bootstrap/dist/css/bootstrap.css using pattern *.lsf
         No match for lib/bootstrap/dist/css/bootstrap.css using pattern *.lsx
         No match for lib/bootstrap/dist/css/bootstrap.css using pattern *.m1v
         No match for lib/bootstrap/dist/css/bootstrap.css using pattern *.m2ts
         No match for lib/bootstrap/dist/css/bootstrap.css using pattern *.qt
         No match for lib/bootstrap/dist/css/bootstrap.css using pattern *.ts
         No match for lib/bootstrap/dist/css/bootstrap.css using pattern *.tts
         No match for lib/bootstrap/dist/css/bootstrap.css using pattern *.wm
         No match for lib/bootstrap/dist/css/bootstrap.css using pattern *.wmp
         No match for lib/bootstrap/dist/css/bootstrap.css using pattern *.wmv
         No match for lib/bootstrap/dist/css/bootstrap.css using pattern *.wmx
         No match for lib/bootstrap/dist/css/bootstrap.css using pattern *.wtv
         No match for lib/bootstrap/dist/css/bootstrap.css using pattern *.wvx
         File C:\Users\user\OneDrive\╨а╨░╨▒╨╛╤З╨╕╨╣ ╤Б╤В╨╛╨╗\regi\WebApplication15\wwwroot\lib\bootstrap\dist\css\bootstrap.css exists.
         No match for lib/bootstrap/dist/css/bootstrap.css using pattern *.bmp
         No match for lib/bootstrap/dist/css/bootstrap.css using pattern *.jpeg
         No match for lib/bootstrap/dist/css/bootstrap.css using pattern *.jpg
         No match for lib/bootstrap/dist/css/bootstrap.css using pattern *.gif
         No match for lib/bootstrap/dist/css/bootstrap.css using pattern *.svg
         No match for lib/bootstrap/dist/css/bootstrap.css using pattern *.png
         No match for lib/bootstrap/dist/css/bootstrap.css using pattern *.webp
         No match for lib/bootstrap/dist/css/bootstrap.css using pattern *.otf
         No match for lib/bootstrap/dist/css/bootstrap.css using pattern *.woff2
         No match for lib/bootstrap/dist/css/bootstrap.css using pattern *.m4v
         No match for lib/bootstrap/dist/css/bootstrap.css using pattern *.mov
         No match for lib/bootstrap/dist/css/bootstrap.css using pattern *.movie
         No match for lib/bootstrap/dist/css/bootstrap.css using pattern *.mp2
         No match for lib/bootstrap/dist/css/bootstrap.css using pattern *.mp4
         No match for lib/bootstrap/dist/css/bootstrap.css using pattern *.mp4v
         No match for lib/bootstrap/dist/css/bootstrap.css using pattern *.mpa
         No match for lib/bootstrap/dist/css/bootstrap.css using pattern *.mpe
         No match for lib/bootstrap/dist/css/bootstrap.css using pattern *.mpeg
         No match for lib/bootstrap/dist/css/bootstrap.css using pattern *.mpg
         No match for lib/bootstrap/dist/css/bootstrap.css using pattern *.mpv2
         No match for lib/bootstrap/dist/css/bootstrap.css using pattern *.nsc
         No match for lib/bootstrap/dist/css/bootstrap.css using pattern *.ogg
         No match for lib/bootstrap/dist/css/bootstrap.css using pattern *.ogv
         No match for lib/bootstrap/dist/css/bootstrap.css using pattern *.webm
         No match for lib/bootstrap/dist/css/bootstrap.css using pattern *.art
         No match for lib/bootstrap/dist/css/bootstrap.css using pattern *.cmx
         No match for lib/bootstrap/dist/css/bootstrap.css using pattern *.cod
         No match for lib/bootstrap/dist/css/bootstrap.css using pattern *.dib
         No match for lib/bootstrap/dist/css/bootstrap.css using pattern *.ico
         No match for lib/bootstrap/dist/css/bootstrap.css using pattern *.ief
         No match for lib/bootstrap/dist/css/bootstrap.css using pattern *.jfif
         No match for lib/bootstrap/dist/css/bootstrap.css using pattern *.jpe
         No match for lib/bootstrap/dist/css/bootstrap.css using pattern *.pbm
         No match for lib/bootstrap/dist/css/bootstrap.css using pattern *.pgm
         No match for lib/bootstrap/dist/css/bootstrap.css using pattern *.pnm
         No match for lib/bootstrap/dist/css/bootstrap.css using pattern *.pnz
         No match for lib/bootstrap/dist/css/bootstrap.css using pattern *.ppm
         No match for lib/bootstrap/dist/css/bootstrap.css using pattern *.ras
         No match for lib/bootstrap/dist/css/bootstrap.css using pattern *.rf
         No match for lib/bootstrap/dist/css/bootstrap.css using pattern *.rgb
         No match for lib/bootstrap/dist/css/bootstrap.css using pattern *.svgz
         No match for lib/bootstrap/dist/css/bootstrap.css using pattern *.tif
         No match for lib/bootstrap/dist/css/bootstrap.css using pattern *.tiff
         No match for lib/bootstrap/dist/css/bootstrap.css using pattern *.wbmp
         No match for lib/bootstrap/dist/css/bootstrap.css using pattern *.xbm
         No match for lib/bootstrap/dist/css/bootstrap.css using pattern *.xpm
         No match for lib/bootstrap/dist/css/bootstrap.css using pattern *.xwd
         No match for lib/bootstrap/dist/css/bootstrap.css using pattern *.3g2
         No match for lib/bootstrap/dist/css/bootstrap.css using pattern *.3gp2
         No match for lib/bootstrap/dist/css/bootstrap.css using pattern *.3gp
         No match for lib/bootstrap/dist/css/bootstrap.css using pattern *.3gpp
         No match for lib/bootstrap/dist/css/bootstrap.css using pattern *.asf
         No match for lib/bootstrap/dist/css/bootstrap.css using pattern *.asr
         No match for lib/bootstrap/dist/css/bootstrap.css using pattern *.asx
         No match for lib/bootstrap/dist/css/bootstrap.css using pattern *.avi
         No match for lib/bootstrap/dist/css/bootstrap.css using pattern *.dvr
         No match for lib/bootstrap/dist/css/bootstrap.css using pattern *.flv
         No match for lib/bootstrap/dist/css/bootstrap.css using pattern *.IVF
         No match for lib/bootstrap/dist/css/bootstrap.css using pattern *.lsf
         No match for lib/bootstrap/dist/css/bootstrap.css using pattern *.lsx
         No match for lib/bootstrap/dist/css/bootstrap.css using pattern *.m1v
         No match for lib/bootstrap/dist/css/bootstrap.css using pattern *.m2ts
         No match for lib/bootstrap/dist/css/bootstrap.css using pattern *.qt
         No match for lib/bootstrap/dist/css/bootstrap.css using pattern *.ts
         No match for lib/bootstrap/dist/css/bootstrap.css using pattern *.tts
         No match for lib/bootstrap/dist/css/bootstrap.css using pattern *.wm
         No match for lib/bootstrap/dist/css/bootstrap.css using pattern *.wmp
         No match for lib/bootstrap/dist/css/bootstrap.css using pattern *.wmv
         No match for lib/bootstrap/dist/css/bootstrap.css using pattern *.wmx
         No match for lib/bootstrap/dist/css/bootstrap.css using pattern *.wtv
         No match for lib/bootstrap/dist/css/bootstrap.css using pattern *.wvx
         File C:\Users\user\OneDrive\╨а╨░╨▒╨╛╤З╨╕╨╣ ╤Б╤В╨╛╨╗\regi\WebApplication15\wwwroot\lib\bootstrap\dist\css\bootstrap.css exists.
         Adding endpoint lib/bootstrap/dist/css/bootstrap.css for asset C:\Users\user\OneDrive\╨а╨░╨▒╨╛╤З╨╕╨╣ ╤Б╤В╨╛╨╗\regi\WebApplication15\wwwroot\lib\bootstrap\dist\css\bootstrap.css.
         Adding endpoint lib/bootstrap/dist/css/bootstrap.s35ty4nyc5.css for asset C:\Users\user\OneDrive\╨а╨░╨▒╨╛╤З╨╕╨╣ ╤Б╤В╨╛╨╗\regi\WebApplication15\wwwroot\lib\bootstrap\dist\css\bootstrap.css.
         No match for lib/bootstrap/dist/css/bootstrap.css.map using pattern *.bmp
         No match for lib/bootstrap/dist/css/bootstrap.css.map using pattern *.jpeg
         No match for lib/bootstrap/dist/css/bootstrap.css.map using pattern *.jpg
         No match for lib/bootstrap/dist/css/bootstrap.css.map using pattern *.gif
         No match for lib/bootstrap/dist/css/bootstrap.css.map using pattern *.svg
         No match for lib/bootstrap/dist/css/bootstrap.css.map using pattern *.png
         No match for lib/bootstrap/dist/css/bootstrap.css.map using pattern *.webp
         No match for lib/bootstrap/dist/css/bootstrap.css.map using pattern *.otf
         No match for lib/bootstrap/dist/css/bootstrap.css.map using pattern *.woff2
         No match for lib/bootstrap/dist/css/bootstrap.css.map using pattern *.m4v
         No match for lib/bootstrap/dist/css/bootstrap.css.map using pattern *.mov
         No match for lib/bootstrap/dist/css/bootstrap.css.map using pattern *.movie
         No match for lib/bootstrap/dist/css/bootstrap.css.map using pattern *.mp2
         No match for lib/bootstrap/dist/css/bootstrap.css.map using pattern *.mp4
         No match for lib/bootstrap/dist/css/bootstrap.css.map using pattern *.mp4v
         No match for lib/bootstrap/dist/css/bootstrap.css.map using pattern *.mpa
         No match for lib/bootstrap/dist/css/bootstrap.css.map using pattern *.mpe
         No match for lib/bootstrap/dist/css/bootstrap.css.map using pattern *.mpeg
         No match for lib/bootstrap/dist/css/bootstrap.css.map using pattern *.mpg
         No match for lib/bootstrap/dist/css/bootstrap.css.map using pattern *.mpv2
         No match for lib/bootstrap/dist/css/bootstrap.css.map using pattern *.nsc
         No match for lib/bootstrap/dist/css/bootstrap.css.map using pattern *.ogg
         No match for lib/bootstrap/dist/css/bootstrap.css.map using pattern *.ogv
         No match for lib/bootstrap/dist/css/bootstrap.css.map using pattern *.webm
         No match for lib/bootstrap/dist/css/bootstrap.css.map using pattern *.art
         No match for lib/bootstrap/dist/css/bootstrap.css.map using pattern *.cmx
         No match for lib/bootstrap/dist/css/bootstrap.css.map using pattern *.cod
         No match for lib/bootstrap/dist/css/bootstrap.css.map using pattern *.dib
         No match for lib/bootstrap/dist/css/bootstrap.css.map using pattern *.ico
         No match for lib/bootstrap/dist/css/bootstrap.css.map using pattern *.ief
         No match for lib/bootstrap/dist/css/bootstrap.css.map using pattern *.jfif
         No match for lib/bootstrap/dist/css/bootstrap.css.map using pattern *.jpe
         No match for lib/bootstrap/dist/css/bootstrap.css.map using pattern *.pbm
         No match for lib/bootstrap/dist/css/bootstrap.css.map using pattern *.pgm
         No match for lib/bootstrap/dist/css/bootstrap.css.map using pattern *.pnm
         No match for lib/bootstrap/dist/css/bootstrap.css.map using pattern *.pnz
         No match for lib/bootstrap/dist/css/bootstrap.css.map using pattern *.ppm
         No match for lib/bootstrap/dist/css/bootstrap.css.map using pattern *.ras
         No match for lib/bootstrap/dist/css/bootstrap.css.map using pattern *.rf
         No match for lib/bootstrap/dist/css/bootstrap.css.map using pattern *.rgb
         No match for lib/bootstrap/dist/css/bootstrap.css.map using pattern *.svgz
         No match for lib/bootstrap/dist/css/bootstrap.css.map using pattern *.tif
         No match for lib/bootstrap/dist/css/bootstrap.css.map using pattern *.tiff
         No match for lib/bootstrap/dist/css/bootstrap.css.map using pattern *.wbmp
         No match for lib/bootstrap/dist/css/bootstrap.css.map using pattern *.xbm
         No match for lib/bootstrap/dist/css/bootstrap.css.map using pattern *.xpm
         No match for lib/bootstrap/dist/css/bootstrap.css.map using pattern *.xwd
         No match for lib/bootstrap/dist/css/bootstrap.css.map using pattern *.3g2
         No match for lib/bootstrap/dist/css/bootstrap.css.map using pattern *.3gp2
         No match for lib/bootstrap/dist/css/bootstrap.css.map using pattern *.3gp
         No match for lib/bootstrap/dist/css/bootstrap.css.map using pattern *.3gpp
         No match for lib/bootstrap/dist/css/bootstrap.css.map using pattern *.asf
         No match for lib/bootstrap/dist/css/bootstrap.css.map using pattern *.asr
         No match for lib/bootstrap/dist/css/bootstrap.css.map using pattern *.asx
         No match for lib/bootstrap/dist/css/bootstrap.css.map using pattern *.avi
         No match for lib/bootstrap/dist/css/bootstrap.css.map using pattern *.dvr
         No match for lib/bootstrap/dist/css/bootstrap.css.map using pattern *.flv
         No match for lib/bootstrap/dist/css/bootstrap.css.map using pattern *.IVF
         No match for lib/bootstrap/dist/css/bootstrap.css.map using pattern *.lsf
         No match for lib/bootstrap/dist/css/bootstrap.css.map using pattern *.lsx
         No match for lib/bootstrap/dist/css/bootstrap.css.map using pattern *.m1v
         No match for lib/bootstrap/dist/css/bootstrap.css.map using pattern *.m2ts
         No match for lib/bootstrap/dist/css/bootstrap.css.map using pattern *.qt
         No match for lib/bootstrap/dist/css/bootstrap.css.map using pattern *.ts
         No match for lib/bootstrap/dist/css/bootstrap.css.map using pattern *.tts
         No match for lib/bootstrap/dist/css/bootstrap.css.map using pattern *.wm
         No match for lib/bootstrap/dist/css/bootstrap.css.map using pattern *.wmp
         No match for lib/bootstrap/dist/css/bootstrap.css.map using pattern *.wmv
         No match for lib/bootstrap/dist/css/bootstrap.css.map using pattern *.wmx
         No match for lib/bootstrap/dist/css/bootstrap.css.map using pattern *.wtv
         No match for lib/bootstrap/dist/css/bootstrap.css.map using pattern *.wvx
         File C:\Users\user\OneDrive\╨а╨░╨▒╨╛╤З╨╕╨╣ ╤Б╤В╨╛╨╗\regi\WebApplication15\wwwroot\lib\bootstrap\dist\css\bootstrap.css.map exists.
         No match for lib/bootstrap/dist/css/bootstrap.css.map using pattern *.bmp
         No match for lib/bootstrap/dist/css/bootstrap.css.map using pattern *.jpeg
         No match for lib/bootstrap/dist/css/bootstrap.css.map using pattern *.jpg
         No match for lib/bootstrap/dist/css/bootstrap.css.map using pattern *.gif
         No match for lib/bootstrap/dist/css/bootstrap.css.map using pattern *.svg
         No match for lib/bootstrap/dist/css/bootstrap.css.map using pattern *.png
         No match for lib/bootstrap/dist/css/bootstrap.css.map using pattern *.webp
         No match for lib/bootstrap/dist/css/bootstrap.css.map using pattern *.otf
         No match for lib/bootstrap/dist/css/bootstrap.css.map using pattern *.woff2
         No match for lib/bootstrap/dist/css/bootstrap.css.map using pattern *.m4v
         No match for lib/bootstrap/dist/css/bootstrap.css.map using pattern *.mov
         No match for lib/bootstrap/dist/css/bootstrap.css.map using pattern *.movie
         No match for lib/bootstrap/dist/css/bootstrap.css.map using pattern *.mp2
         No match for lib/bootstrap/dist/css/bootstrap.css.map using pattern *.mp4
         No match for lib/bootstrap/dist/css/bootstrap.css.map using pattern *.mp4v
         No match for lib/bootstrap/dist/css/bootstrap.css.map using pattern *.mpa
         No match for lib/bootstrap/dist/css/bootstrap.css.map using pattern *.mpe
         No match for lib/bootstrap/dist/css/bootstrap.css.map using pattern *.mpeg
         No match for lib/bootstrap/dist/css/bootstrap.css.map using pattern *.mpg
         No match for lib/bootstrap/dist/css/bootstrap.css.map using pattern *.mpv2
         No match for lib/bootstrap/dist/css/bootstrap.css.map using pattern *.nsc
         No match for lib/bootstrap/dist/css/bootstrap.css.map using pattern *.ogg
         No match for lib/bootstrap/dist/css/bootstrap.css.map using pattern *.ogv
         No match for lib/bootstrap/dist/css/bootstrap.css.map using pattern *.webm
         No match for lib/bootstrap/dist/css/bootstrap.css.map using pattern *.art
         No match for lib/bootstrap/dist/css/bootstrap.css.map using pattern *.cmx
         No match for lib/bootstrap/dist/css/bootstrap.css.map using pattern *.cod
         No match for lib/bootstrap/dist/css/bootstrap.css.map using pattern *.dib
         No match for lib/bootstrap/dist/css/bootstrap.css.map using pattern *.ico
         No match for lib/bootstrap/dist/css/bootstrap.css.map using pattern *.ief
         No match for lib/bootstrap/dist/css/bootstrap.css.map using pattern *.jfif
         No match for lib/bootstrap/dist/css/bootstrap.css.map using pattern *.jpe
         No match for lib/bootstrap/dist/css/bootstrap.css.map using pattern *.pbm
         No match for lib/bootstrap/dist/css/bootstrap.css.map using pattern *.pgm
         No match for lib/bootstrap/dist/css/bootstrap.css.map using pattern *.pnm
         No match for lib/bootstrap/dist/css/bootstrap.css.map using pattern *.pnz
         No match for lib/bootstrap/dist/css/bootstrap.css.map using pattern *.ppm
         No match for lib/bootstrap/dist/css/bootstrap.css.map using pattern *.ras
         No match for lib/bootstrap/dist/css/bootstrap.css.map using pattern *.rf
         No match for lib/bootstrap/dist/css/bootstrap.css.map using pattern *.rgb
         No match for lib/bootstrap/dist/css/bootstrap.css.map using pattern *.svgz
         No match for lib/bootstrap/dist/css/bootstrap.css.map using pattern *.tif
         No match for lib/bootstrap/dist/css/bootstrap.css.map using pattern *.tiff
         No match for lib/bootstrap/dist/css/bootstrap.css.map using pattern *.wbmp
         No match for lib/bootstrap/dist/css/bootstrap.css.map using pattern *.xbm
         No match for lib/bootstrap/dist/css/bootstrap.css.map using pattern *.xpm
         No match for lib/bootstrap/dist/css/bootstrap.css.map using pattern *.xwd
         No match for lib/bootstrap/dist/css/bootstrap.css.map using pattern *.3g2
         No match for lib/bootstrap/dist/css/bootstrap.css.map using pattern *.3gp2
         No match for lib/bootstrap/dist/css/bootstrap.css.map using pattern *.3gp
         No match for lib/bootstrap/dist/css/bootstrap.css.map using pattern *.3gpp
         No match for lib/bootstrap/dist/css/bootstrap.css.map using pattern *.asf
         No match for lib/bootstrap/dist/css/bootstrap.css.map using pattern *.asr
         No match for lib/bootstrap/dist/css/bootstrap.css.map using pattern *.asx
         No match for lib/bootstrap/dist/css/bootstrap.css.map using pattern *.avi
         No match for lib/bootstrap/dist/css/bootstrap.css.map using pattern *.dvr
         No match for lib/bootstrap/dist/css/bootstrap.css.map using pattern *.flv
         No match for lib/bootstrap/dist/css/bootstrap.css.map using pattern *.IVF
         No match for lib/bootstrap/dist/css/bootstrap.css.map using pattern *.lsf
         No match for lib/bootstrap/dist/css/bootstrap.css.map using pattern *.lsx
         No match for lib/bootstrap/dist/css/bootstrap.css.map using pattern *.m1v
         No match for lib/bootstrap/dist/css/bootstrap.css.map using pattern *.m2ts
         No match for lib/bootstrap/dist/css/bootstrap.css.map using pattern *.qt
         No match for lib/bootstrap/dist/css/bootstrap.css.map using pattern *.ts
         No match for lib/bootstrap/dist/css/bootstrap.css.map using pattern *.tts
         No match for lib/bootstrap/dist/css/bootstrap.css.map using pattern *.wm
         No match for lib/bootstrap/dist/css/bootstrap.css.map using pattern *.wmp
         No match for lib/bootstrap/dist/css/bootstrap.css.map using pattern *.wmv
         No match for lib/bootstrap/dist/css/bootstrap.css.map using pattern *.wmx
         No match for lib/bootstrap/dist/css/bootstrap.css.map using pattern *.wtv
         No match for lib/bootstrap/dist/css/bootstrap.css.map using pattern *.wvx
         File C:\Users\user\OneDrive\╨а╨░╨▒╨╛╤З╨╕╨╣ ╤Б╤В╨╛╨╗\regi\WebApplication15\wwwroot\lib\bootstrap\dist\css\bootstrap.css.map exists.
         Adding endpoint lib/bootstrap/dist/css/bootstrap.css.map for asset C:\Users\user\OneDrive\╨а╨░╨▒╨╛╤З╨╕╨╣ ╤Б╤В╨╛╨╗\regi\WebApplication15\wwwroot\lib\bootstrap\dist\css\bootstrap.css.map.
         Adding endpoint lib/bootstrap/dist/css/bootstrap.css.pj5nd1wqec.map for asset C:\Users\user\OneDrive\╨а╨░╨▒╨╛╤З╨╕╨╣ ╤Б╤В╨╛╨╗\regi\WebApplication15\wwwroot\lib\bootstrap\dist\css\bootstrap.css.map.
         No match for lib/bootstrap/dist/css/bootstrap.min.css using pattern *.bmp
         No match for lib/bootstrap/dist/css/bootstrap.min.css using pattern *.jpeg
         No match for lib/bootstrap/dist/css/bootstrap.min.css using pattern *.jpg
         No match for lib/bootstrap/dist/css/bootstrap.min.css using pattern *.gif
         No match for lib/bootstrap/dist/css/bootstrap.min.css using pattern *.svg
         No match for lib/bootstrap/dist/css/bootstrap.min.css using pattern *.png
         No match for lib/bootstrap/dist/css/bootstrap.min.css using pattern *.webp
         No match for lib/bootstrap/dist/css/bootstrap.min.css using pattern *.otf
         No match for lib/bootstrap/dist/css/bootstrap.min.css using pattern *.woff2
         No match for lib/bootstrap/dist/css/bootstrap.min.css using pattern *.m4v
         No match for lib/bootstrap/dist/css/bootstrap.min.css using pattern *.mov
         No match for lib/bootstrap/dist/css/bootstrap.min.css using pattern *.movie
         No match for lib/bootstrap/dist/css/bootstrap.min.css using pattern *.mp2
         No match for lib/bootstrap/dist/css/bootstrap.min.css using pattern *.mp4
         No match for lib/bootstrap/dist/css/bootstrap.min.css using pattern *.mp4v
         No match for lib/bootstrap/dist/css/bootstrap.min.css using pattern *.mpa
         No match for lib/bootstrap/dist/css/bootstrap.min.css using pattern *.mpe
         No match for lib/bootstrap/dist/css/bootstrap.min.css using pattern *.mpeg
         No match for lib/bootstrap/dist/css/bootstrap.min.css using pattern *.mpg
         No match for lib/bootstrap/dist/css/bootstrap.min.css using pattern *.mpv2
         No match for lib/bootstrap/dist/css/bootstrap.min.css using pattern *.nsc
         No match for lib/bootstrap/dist/css/bootstrap.min.css using pattern *.ogg
         No match for lib/bootstrap/dist/css/bootstrap.min.css using pattern *.ogv
         No match for lib/bootstrap/dist/css/bootstrap.min.css using pattern *.webm
         No match for lib/bootstrap/dist/css/bootstrap.min.css using pattern *.art
         No match for lib/bootstrap/dist/css/bootstrap.min.css using pattern *.cmx
         No match for lib/bootstrap/dist/css/bootstrap.min.css using pattern *.cod
         No match for lib/bootstrap/dist/css/bootstrap.min.css using pattern *.dib
         No match for lib/bootstrap/dist/css/bootstrap.min.css using pattern *.ico
         No match for lib/bootstrap/dist/css/bootstrap.min.css using pattern *.ief
         No match for lib/bootstrap/dist/css/bootstrap.min.css using pattern *.jfif
         No match for lib/bootstrap/dist/css/bootstrap.min.css using pattern *.jpe
         No match for lib/bootstrap/dist/css/bootstrap.min.css using pattern *.pbm
         No match for lib/bootstrap/dist/css/bootstrap.min.css using pattern *.pgm
         No match for lib/bootstrap/dist/css/bootstrap.min.css using pattern *.pnm
         No match for lib/bootstrap/dist/css/bootstrap.min.css using pattern *.pnz
         No match for lib/bootstrap/dist/css/bootstrap.min.css using pattern *.ppm
         No match for lib/bootstrap/dist/css/bootstrap.min.css using pattern *.ras
         No match for lib/bootstrap/dist/css/bootstrap.min.css using pattern *.rf
         No match for lib/bootstrap/dist/css/bootstrap.min.css using pattern *.rgb
         No match for lib/bootstrap/dist/css/bootstrap.min.css using pattern *.svgz
         No match for lib/bootstrap/dist/css/bootstrap.min.css using pattern *.tif
         No match for lib/bootstrap/dist/css/bootstrap.min.css using pattern *.tiff
         No match for lib/bootstrap/dist/css/bootstrap.min.css using pattern *.wbmp
         No match for lib/bootstrap/dist/css/bootstrap.min.css using pattern *.xbm
         No match for lib/bootstrap/dist/css/bootstrap.min.css using pattern *.xpm
         No match for lib/bootstrap/dist/css/bootstrap.min.css using pattern *.xwd
         No match for lib/bootstrap/dist/css/bootstrap.min.css using pattern *.3g2
         No match for lib/bootstrap/dist/css/bootstrap.min.css using pattern *.3gp2
         No match for lib/bootstrap/dist/css/bootstrap.min.css using pattern *.3gp
         No match for lib/bootstrap/dist/css/bootstrap.min.css using pattern *.3gpp
         No match for lib/bootstrap/dist/css/bootstrap.min.css using pattern *.asf
         No match for lib/bootstrap/dist/css/bootstrap.min.css using pattern *.asr
         No match for lib/bootstrap/dist/css/bootstrap.min.css using pattern *.asx
         No match for lib/bootstrap/dist/css/bootstrap.min.css using pattern *.avi
         No match for lib/bootstrap/dist/css/bootstrap.min.css using pattern *.dvr
         No match for lib/bootstrap/dist/css/bootstrap.min.css using pattern *.flv
         No match for lib/bootstrap/dist/css/bootstrap.min.css using pattern *.IVF
         No match for lib/bootstrap/dist/css/bootstrap.min.css using pattern *.lsf
         No match for lib/bootstrap/dist/css/bootstrap.min.css using pattern *.lsx
         No match for lib/bootstrap/dist/css/bootstrap.min.css using pattern *.m1v
         No match for lib/bootstrap/dist/css/bootstrap.min.css using pattern *.m2ts
         No match for lib/bootstrap/dist/css/bootstrap.min.css using pattern *.qt
         No match for lib/bootstrap/dist/css/bootstrap.min.css using pattern *.ts
         No match for lib/bootstrap/dist/css/bootstrap.min.css using pattern *.tts
         No match for lib/bootstrap/dist/css/bootstrap.min.css using pattern *.wm
         No match for lib/bootstrap/dist/css/bootstrap.min.css using pattern *.wmp
         No match for lib/bootstrap/dist/css/bootstrap.min.css using pattern *.wmv
         No match for lib/bootstrap/dist/css/bootstrap.min.css using pattern *.wmx
         No match for lib/bootstrap/dist/css/bootstrap.min.css using pattern *.wtv
         No match for lib/bootstrap/dist/css/bootstrap.min.css using pattern *.wvx
         File C:\Users\user\OneDrive\╨а╨░╨▒╨╛╤З╨╕╨╣ ╤Б╤В╨╛╨╗\regi\WebApplication15\wwwroot\lib\bootstrap\dist\css\bootstrap.min.css exists.
         No match for lib/bootstrap/dist/css/bootstrap.min.css using pattern *.bmp
         No match for lib/bootstrap/dist/css/bootstrap.min.css using pattern *.jpeg
         No match for lib/bootstrap/dist/css/bootstrap.min.css using pattern *.jpg
         No match for lib/bootstrap/dist/css/bootstrap.min.css using pattern *.gif
         No match for lib/bootstrap/dist/css/bootstrap.min.css using pattern *.svg
         No match for lib/bootstrap/dist/css/bootstrap.min.css using pattern *.png
         No match for lib/bootstrap/dist/css/bootstrap.min.css using pattern *.webp
         No match for lib/bootstrap/dist/css/bootstrap.min.css using pattern *.otf
         No match for lib/bootstrap/dist/css/bootstrap.min.css using pattern *.woff2
         No match for lib/bootstrap/dist/css/bootstrap.min.css using pattern *.m4v
         No match for lib/bootstrap/dist/css/bootstrap.min.css using pattern *.mov
         No match for lib/bootstrap/dist/css/bootstrap.min.css using pattern *.movie
         No match for lib/bootstrap/dist/css/bootstrap.min.css using pattern *.mp2
         No match for lib/bootstrap/dist/css/bootstrap.min.css using pattern *.mp4
         No match for lib/bootstrap/dist/css/bootstrap.min.css using pattern *.mp4v
         No match for lib/bootstrap/dist/css/bootstrap.min.css using pattern *.mpa
         No match for lib/bootstrap/dist/css/bootstrap.min.css using pattern *.mpe
         No match for lib/bootstrap/dist/css/bootstrap.min.css using pattern *.mpeg
         No match for lib/bootstrap/dist/css/bootstrap.min.css using pattern *.mpg
         No match for lib/bootstrap/dist/css/bootstrap.min.css using pattern *.mpv2
         No match for lib/bootstrap/dist/css/bootstrap.min.css using pattern *.nsc
         No match for lib/bootstrap/dist/css/bootstrap.min.css using pattern *.ogg
         No match for lib/bootstrap/dist/css/bootstrap.min.css using pattern *.ogv
         No match for lib/bootstrap/dist/css/bootstrap.min.css using pattern *.webm
         No match for lib/bootstrap/dist/css/bootstrap.min.css using pattern *.art
         No match for lib/bootstrap/dist/css/bootstrap.min.css using pattern *.cmx
         No match for lib/bootstrap/dist/css/bootstrap.min.css using pattern *.cod
         No match for lib/bootstrap/dist/css/bootstrap.min.css using pattern *.dib
         No match for lib/bootstrap/dist/css/bootstrap.min.css using pattern *.ico
         No match for lib/bootstrap/dist/css/bootstrap.min.css using pattern *.ief
         No match for lib/bootstrap/dist/css/bootstrap.min.css using pattern *.jfif
         No match for lib/bootstrap/dist/css/bootstrap.min.css using pattern *.jpe
         No match for lib/bootstrap/dist/css/bootstrap.min.css using pattern *.pbm
         No match for lib/bootstrap/dist/css/bootstrap.min.css using pattern *.pgm
         No match for lib/bootstrap/dist/css/bootstrap.min.css using pattern *.pnm
         No match for lib/bootstrap/dist/css/bootstrap.min.css using pattern *.pnz
         No match for lib/bootstrap/dist/css/bootstrap.min.css using pattern *.ppm
         No match for lib/bootstrap/dist/css/bootstrap.min.css using pattern *.ras
         No match for lib/bootstrap/dist/css/bootstrap.min.css using pattern *.rf
         No match for lib/bootstrap/dist/css/bootstrap.min.css using pattern *.rgb
         No match for lib/bootstrap/dist/css/bootstrap.min.css using pattern *.svgz
         No match for lib/bootstrap/dist/css/bootstrap.min.css using pattern *.tif
         No match for lib/bootstrap/dist/css/bootstrap.min.css using pattern *.tiff
         No match for lib/bootstrap/dist/css/bootstrap.min.css using pattern *.wbmp
         No match for lib/bootstrap/dist/css/bootstrap.min.css using pattern *.xbm
         No match for lib/bootstrap/dist/css/bootstrap.min.css using pattern *.xpm
         No match for lib/bootstrap/dist/css/bootstrap.min.css using pattern *.xwd
         No match for lib/bootstrap/dist/css/bootstrap.min.css using pattern *.3g2
         No match for lib/bootstrap/dist/css/bootstrap.min.css using pattern *.3gp2
         No match for lib/bootstrap/dist/css/bootstrap.min.css using pattern *.3gp
         No match for lib/bootstrap/dist/css/bootstrap.min.css using pattern *.3gpp
         No match for lib/bootstrap/dist/css/bootstrap.min.css using pattern *.asf
         No match for lib/bootstrap/dist/css/bootstrap.min.css using pattern *.asr
         No match for lib/bootstrap/dist/css/bootstrap.min.css using pattern *.asx
         No match for lib/bootstrap/dist/css/bootstrap.min.css using pattern *.avi
         No match for lib/bootstrap/dist/css/bootstrap.min.css using pattern *.dvr
         No match for lib/bootstrap/dist/css/bootstrap.min.css using pattern *.flv
         No match for lib/bootstrap/dist/css/bootstrap.min.css using pattern *.IVF
         No match for lib/bootstrap/dist/css/bootstrap.min.css using pattern *.lsf
         No match for lib/bootstrap/dist/css/bootstrap.min.css using pattern *.lsx
         No match for lib/bootstrap/dist/css/bootstrap.min.css using pattern *.m1v
         No match for lib/bootstrap/dist/css/bootstrap.min.css using pattern *.m2ts
         No match for lib/bootstrap/dist/css/bootstrap.min.css using pattern *.qt
         No match for lib/bootstrap/dist/css/bootstrap.min.css using pattern *.ts
         No match for lib/bootstrap/dist/css/bootstrap.min.css using pattern *.tts
         No match for lib/bootstrap/dist/css/bootstrap.min.css using pattern *.wm
         No match for lib/bootstrap/dist/css/bootstrap.min.css using pattern *.wmp
         No match for lib/bootstrap/dist/css/bootstrap.min.css using pattern *.wmv
         No match for lib/bootstrap/dist/css/bootstrap.min.css using pattern *.wmx
         No match for lib/bootstrap/dist/css/bootstrap.min.css using pattern *.wtv
         No match for lib/bootstrap/dist/css/bootstrap.min.css using pattern *.wvx
         File C:\Users\user\OneDrive\╨а╨░╨▒╨╛╤З╨╕╨╣ ╤Б╤В╨╛╨╗\regi\WebApplication15\wwwroot\lib\bootstrap\dist\css\bootstrap.min.css exists.
         Adding endpoint lib/bootstrap/dist/css/bootstrap.min.css for asset C:\Users\user\OneDrive\╨а╨░╨▒╨╛╤З╨╕╨╣ ╤Б╤В╨╛╨╗\regi\WebApplication15\wwwroot\lib\bootstrap\dist\css\bootstrap.min.css.
         Adding endpoint lib/bootstrap/dist/css/bootstrap.min.46ein0sx1k.css for asset C:\Users\user\OneDrive\╨а╨░╨▒╨╛╤З╨╕╨╣ ╤Б╤В╨╛╨╗\regi\WebApplication15\wwwroot\lib\bootstrap\dist\css\bootstrap.min.css.
         No match for lib/bootstrap/dist/css/bootstrap.min.css.map using pattern *.bmp
         No match for lib/bootstrap/dist/css/bootstrap.min.css.map using pattern *.jpeg
         No match for lib/bootstrap/dist/css/bootstrap.min.css.map using pattern *.jpg
         No match for lib/bootstrap/dist/css/bootstrap.min.css.map using pattern *.gif
         No match for lib/bootstrap/dist/css/bootstrap.min.css.map using pattern *.svg
         No match for lib/bootstrap/dist/css/bootstrap.min.css.map using pattern *.png
         No match for lib/bootstrap/dist/css/bootstrap.min.css.map using pattern *.webp
         No match for lib/bootstrap/dist/css/bootstrap.min.css.map using pattern *.otf
         No match for lib/bootstrap/dist/css/bootstrap.min.css.map using pattern *.woff2
         No match for lib/bootstrap/dist/css/bootstrap.min.css.map using pattern *.m4v
         No match for lib/bootstrap/dist/css/bootstrap.min.css.map using pattern *.mov
         No match for lib/bootstrap/dist/css/bootstrap.min.css.map using pattern *.movie
         No match for lib/bootstrap/dist/css/bootstrap.min.css.map using pattern *.mp2
         No match for lib/bootstrap/dist/css/bootstrap.min.css.map using pattern *.mp4
         No match for lib/bootstrap/dist/css/bootstrap.min.css.map using pattern *.mp4v
         No match for lib/bootstrap/dist/css/bootstrap.min.css.map using pattern *.mpa
         No match for lib/bootstrap/dist/css/bootstrap.min.css.map using pattern *.mpe
         No match for lib/bootstrap/dist/css/bootstrap.min.css.map using pattern *.mpeg
         No match for lib/bootstrap/dist/css/bootstrap.min.css.map using pattern *.mpg
         No match for lib/bootstrap/dist/css/bootstrap.min.css.map using pattern *.mpv2
         No match for lib/bootstrap/dist/css/bootstrap.min.css.map using pattern *.nsc
         No match for lib/bootstrap/dist/css/bootstrap.min.css.map using pattern *.ogg
         No match for lib/bootstrap/dist/css/bootstrap.min.css.map using pattern *.ogv
         No match for lib/bootstrap/dist/css/bootstrap.min.css.map using pattern *.webm
         No match for lib/bootstrap/dist/css/bootstrap.min.css.map using pattern *.art
         No match for lib/bootstrap/dist/css/bootstrap.min.css.map using pattern *.cmx
         No match for lib/bootstrap/dist/css/bootstrap.min.css.map using pattern *.cod
         No match for lib/bootstrap/dist/css/bootstrap.min.css.map using pattern *.dib
         No match for lib/bootstrap/dist/css/bootstrap.min.css.map using pattern *.ico
         No match for lib/bootstrap/dist/css/bootstrap.min.css.map using pattern *.ief
         No match for lib/bootstrap/dist/css/bootstrap.min.css.map using pattern *.jfif
         No match for lib/bootstrap/dist/css/bootstrap.min.css.map using pattern *.jpe
         No match for lib/bootstrap/dist/css/bootstrap.min.css.map using pattern *.pbm
         No match for lib/bootstrap/dist/css/bootstrap.min.css.map using pattern *.pgm
         No match for lib/bootstrap/dist/css/bootstrap.min.css.map using pattern *.pnm
         No match for lib/bootstrap/dist/css/bootstrap.min.css.map using pattern *.pnz
         No match for lib/bootstrap/dist/css/bootstrap.min.css.map using pattern *.ppm
         No match for lib/bootstrap/dist/css/bootstrap.min.css.map using pattern *.ras
         No match for lib/bootstrap/dist/css/bootstrap.min.css.map using pattern *.rf
         No match for lib/bootstrap/dist/css/bootstrap.min.css.map using pattern *.rgb
         No match for lib/bootstrap/dist/css/bootstrap.min.css.map using pattern *.svgz
         No match for lib/bootstrap/dist/css/bootstrap.min.css.map using pattern *.tif
         No match for lib/bootstrap/dist/css/bootstrap.min.css.map using pattern *.tiff
         No match for lib/bootstrap/dist/css/bootstrap.min.css.map using pattern *.wbmp
         No match for lib/bootstrap/dist/css/bootstrap.min.css.map using pattern *.xbm
         No match for lib/bootstrap/dist/css/bootstrap.min.css.map using pattern *.xpm
         No match for lib/bootstrap/dist/css/bootstrap.min.css.map using pattern *.xwd
         No match for lib/bootstrap/dist/css/bootstrap.min.css.map using pattern *.3g2
         No match for lib/bootstrap/dist/css/bootstrap.min.css.map using pattern *.3gp2
         No match for lib/bootstrap/dist/css/bootstrap.min.css.map using pattern *.3gp
         No match for lib/bootstrap/dist/css/bootstrap.min.css.map using pattern *.3gpp
         No match for lib/bootstrap/dist/css/bootstrap.min.css.map using pattern *.asf
         No match for lib/bootstrap/dist/css/bootstrap.min.css.map using pattern *.asr
         No match for lib/bootstrap/dist/css/bootstrap.min.css.map using pattern *.asx
         No match for lib/bootstrap/dist/css/bootstrap.min.css.map using pattern *.avi
         No match for lib/bootstrap/dist/css/bootstrap.min.css.map using pattern *.dvr
         No match for lib/bootstrap/dist/css/bootstrap.min.css.map using pattern *.flv
         No match for lib/bootstrap/dist/css/bootstrap.min.css.map using pattern *.IVF
         No match for lib/bootstrap/dist/css/bootstrap.min.css.map using pattern *.lsf
         No match for lib/bootstrap/dist/css/bootstrap.min.css.map using pattern *.lsx
         No match for lib/bootstrap/dist/css/bootstrap.min.css.map using pattern *.m1v
         No match for lib/bootstrap/dist/css/bootstrap.min.css.map using pattern *.m2ts
         No match for lib/bootstrap/dist/css/bootstrap.min.css.map using pattern *.qt
         No match for lib/bootstrap/dist/css/bootstrap.min.css.map using pattern *.ts
         No match for lib/bootstrap/dist/css/bootstrap.min.css.map using pattern *.tts
         No match for lib/bootstrap/dist/css/bootstrap.min.css.map using pattern *.wm
         No match for lib/bootstrap/dist/css/bootstrap.min.css.map using pattern *.wmp
         No match for lib/bootstrap/dist/css/bootstrap.min.css.map using pattern *.wmv
         No match for lib/bootstrap/dist/css/bootstrap.min.css.map using pattern *.wmx
         No match for lib/bootstrap/dist/css/bootstrap.min.css.map using pattern *.wtv
         No match for lib/bootstrap/dist/css/bootstrap.min.css.map using pattern *.wvx
         File C:\Users\user\OneDrive\╨а╨░╨▒╨╛╤З╨╕╨╣ ╤Б╤В╨╛╨╗\regi\WebApplication15\wwwroot\lib\bootstrap\dist\css\bootstrap.min.css.map exists.
         No match for lib/bootstrap/dist/css/bootstrap.min.css.map using pattern *.bmp
         No match for lib/bootstrap/dist/css/bootstrap.min.css.map using pattern *.jpeg
         No match for lib/bootstrap/dist/css/bootstrap.min.css.map using pattern *.jpg
         No match for lib/bootstrap/dist/css/bootstrap.min.css.map using pattern *.gif
         No match for lib/bootstrap/dist/css/bootstrap.min.css.map using pattern *.svg
         No match for lib/bootstrap/dist/css/bootstrap.min.css.map using pattern *.png
         No match for lib/bootstrap/dist/css/bootstrap.min.css.map using pattern *.webp
         No match for lib/bootstrap/dist/css/bootstrap.min.css.map using pattern *.otf
         No match for lib/bootstrap/dist/css/bootstrap.min.css.map using pattern *.woff2
         No match for lib/bootstrap/dist/css/bootstrap.min.css.map using pattern *.m4v
         No match for lib/bootstrap/dist/css/bootstrap.min.css.map using pattern *.mov
         No match for lib/bootstrap/dist/css/bootstrap.min.css.map using pattern *.movie
         No match for lib/bootstrap/dist/css/bootstrap.min.css.map using pattern *.mp2
         No match for lib/bootstrap/dist/css/bootstrap.min.css.map using pattern *.mp4
         No match for lib/bootstrap/dist/css/bootstrap.min.css.map using pattern *.mp4v
         No match for lib/bootstrap/dist/css/bootstrap.min.css.map using pattern *.mpa
         No match for lib/bootstrap/dist/css/bootstrap.min.css.map using pattern *.mpe
         No match for lib/bootstrap/dist/css/bootstrap.min.css.map using pattern *.mpeg
         No match for lib/bootstrap/dist/css/bootstrap.min.css.map using pattern *.mpg
         No match for lib/bootstrap/dist/css/bootstrap.min.css.map using pattern *.mpv2
         No match for lib/bootstrap/dist/css/bootstrap.min.css.map using pattern *.nsc
         No match for lib/bootstrap/dist/css/bootstrap.min.css.map using pattern *.ogg
         No match for lib/bootstrap/dist/css/bootstrap.min.css.map using pattern *.ogv
         No match for lib/bootstrap/dist/css/bootstrap.min.css.map using pattern *.webm
         No match for lib/bootstrap/dist/css/bootstrap.min.css.map using pattern *.art
         No match for lib/bootstrap/dist/css/bootstrap.min.css.map using pattern *.cmx
         No match for lib/bootstrap/dist/css/bootstrap.min.css.map using pattern *.cod
         No match for lib/bootstrap/dist/css/bootstrap.min.css.map using pattern *.dib
         No match for lib/bootstrap/dist/css/bootstrap.min.css.map using pattern *.ico
         No match for lib/bootstrap/dist/css/bootstrap.min.css.map using pattern *.ief
         No match for lib/bootstrap/dist/css/bootstrap.min.css.map using pattern *.jfif
         No match for lib/bootstrap/dist/css/bootstrap.min.css.map using pattern *.jpe
         No match for lib/bootstrap/dist/css/bootstrap.min.css.map using pattern *.pbm
         No match for lib/bootstrap/dist/css/bootstrap.min.css.map using pattern *.pgm
         No match for lib/bootstrap/dist/css/bootstrap.min.css.map using pattern *.pnm
         No match for lib/bootstrap/dist/css/bootstrap.min.css.map using pattern *.pnz
         No match for lib/bootstrap/dist/css/bootstrap.min.css.map using pattern *.ppm
         No match for lib/bootstrap/dist/css/bootstrap.min.css.map using pattern *.ras
         No match for lib/bootstrap/dist/css/bootstrap.min.css.map using pattern *.rf
         No match for lib/bootstrap/dist/css/bootstrap.min.css.map using pattern *.rgb
         No match for lib/bootstrap/dist/css/bootstrap.min.css.map using pattern *.svgz
         No match for lib/bootstrap/dist/css/bootstrap.min.css.map using pattern *.tif
         No match for lib/bootstrap/dist/css/bootstrap.min.css.map using pattern *.tiff
         No match for lib/bootstrap/dist/css/bootstrap.min.css.map using pattern *.wbmp
         No match for lib/bootstrap/dist/css/bootstrap.min.css.map using pattern *.xbm
         No match for lib/bootstrap/dist/css/bootstrap.min.css.map using pattern *.xpm
         No match for lib/bootstrap/dist/css/bootstrap.min.css.map using pattern *.xwd
         No match for lib/bootstrap/dist/css/bootstrap.min.css.map using pattern *.3g2
         No match for lib/bootstrap/dist/css/bootstrap.min.css.map using pattern *.3gp2
         No match for lib/bootstrap/dist/css/bootstrap.min.css.map using pattern *.3gp
         No match for lib/bootstrap/dist/css/bootstrap.min.css.map using pattern *.3gpp
         No match for lib/bootstrap/dist/css/bootstrap.min.css.map using pattern *.asf
         No match for lib/bootstrap/dist/css/bootstrap.min.css.map using pattern *.asr
         No match for lib/bootstrap/dist/css/bootstrap.min.css.map using pattern *.asx
         No match for lib/bootstrap/dist/css/bootstrap.min.css.map using pattern *.avi
         No match for lib/bootstrap/dist/css/bootstrap.min.css.map using pattern *.dvr
         No match for lib/bootstrap/dist/css/bootstrap.min.css.map using pattern *.flv
         No match for lib/bootstrap/dist/css/bootstrap.min.css.map using pattern *.IVF
         No match for lib/bootstrap/dist/css/bootstrap.min.css.map using pattern *.lsf
         No match for lib/bootstrap/dist/css/bootstrap.min.css.map using pattern *.lsx
         No match for lib/bootstrap/dist/css/bootstrap.min.css.map using pattern *.m1v
         No match for lib/bootstrap/dist/css/bootstrap.min.css.map using pattern *.m2ts
         No match for lib/bootstrap/dist/css/bootstrap.min.css.map using pattern *.qt
         No match for lib/bootstrap/dist/css/bootstrap.min.css.map using pattern *.ts
         No match for lib/bootstrap/dist/css/bootstrap.min.css.map using pattern *.tts
         No match for lib/bootstrap/dist/css/bootstrap.min.css.map using pattern *.wm
         No match for lib/bootstrap/dist/css/bootstrap.min.css.map using pattern *.wmp
         No match for lib/bootstrap/dist/css/bootstrap.min.css.map using pattern *.wmv
         No match for lib/bootstrap/dist/css/bootstrap.min.css.map using pattern *.wmx
         No match for lib/bootstrap/dist/css/bootstrap.min.css.map using pattern *.wtv
         No match for lib/bootstrap/dist/css/bootstrap.min.css.map using pattern *.wvx
         File C:\Users\user\OneDrive\╨а╨░╨▒╨╛╤З╨╕╨╣ ╤Б╤В╨╛╨╗\regi\WebApplication15\wwwroot\lib\bootstrap\dist\css\bootstrap.min.css.map exists.
         Adding endpoint lib/bootstrap/dist/css/bootstrap.min.css.map for asset C:\Users\user\OneDrive\╨а╨░╨▒╨╛╤З╨╕╨╣ ╤Б╤В╨╛╨╗\regi\WebApplication15\wwwroot\lib\bootstrap\dist\css\bootstrap.min.css.map.
         Adding endpoint lib/bootstrap/dist/css/bootstrap.min.css.v0zj4ognzu.map for asset C:\Users\user\OneDrive\╨а╨░╨▒╨╛╤З╨╕╨╣ ╤Б╤В╨╛╨╗\regi\WebApplication15\wwwroot\lib\bootstrap\dist\css\bootstrap.min.css.map.
         No match for lib/bootstrap/dist/css/bootstrap.rtl.css using pattern *.bmp
         No match for lib/bootstrap/dist/css/bootstrap.rtl.css using pattern *.jpeg
         No match for lib/bootstrap/dist/css/bootstrap.rtl.css using pattern *.jpg
         No match for lib/bootstrap/dist/css/bootstrap.rtl.css using pattern *.gif
         No match for lib/bootstrap/dist/css/bootstrap.rtl.css using pattern *.svg
         No match for lib/bootstrap/dist/css/bootstrap.rtl.css using pattern *.png
         No match for lib/bootstrap/dist/css/bootstrap.rtl.css using pattern *.webp
         No match for lib/bootstrap/dist/css/bootstrap.rtl.css using pattern *.otf
         No match for lib/bootstrap/dist/css/bootstrap.rtl.css using pattern *.woff2
         No match for lib/bootstrap/dist/css/bootstrap.rtl.css using pattern *.m4v
         No match for lib/bootstrap/dist/css/bootstrap.rtl.css using pattern *.mov
         No match for lib/bootstrap/dist/css/bootstrap.rtl.css using pattern *.movie
         No match for lib/bootstrap/dist/css/bootstrap.rtl.css using pattern *.mp2
         No match for lib/bootstrap/dist/css/bootstrap.rtl.css using pattern *.mp4
         No match for lib/bootstrap/dist/css/bootstrap.rtl.css using pattern *.mp4v
         No match for lib/bootstrap/dist/css/bootstrap.rtl.css using pattern *.mpa
         No match for lib/bootstrap/dist/css/bootstrap.rtl.css using pattern *.mpe
         No match for lib/bootstrap/dist/css/bootstrap.rtl.css using pattern *.mpeg
         No match for lib/bootstrap/dist/css/bootstrap.rtl.css using pattern *.mpg
         No match for lib/bootstrap/dist/css/bootstrap.rtl.css using pattern *.mpv2
         No match for lib/bootstrap/dist/css/bootstrap.rtl.css using pattern *.nsc
         No match for lib/bootstrap/dist/css/bootstrap.rtl.css using pattern *.ogg
         No match for lib/bootstrap/dist/css/bootstrap.rtl.css using pattern *.ogv
         No match for lib/bootstrap/dist/css/bootstrap.rtl.css using pattern *.webm
         No match for lib/bootstrap/dist/css/bootstrap.rtl.css using pattern *.art
         No match for lib/bootstrap/dist/css/bootstrap.rtl.css using pattern *.cmx
         No match for lib/bootstrap/dist/css/bootstrap.rtl.css using pattern *.cod
         No match for lib/bootstrap/dist/css/bootstrap.rtl.css using pattern *.dib
         No match for lib/bootstrap/dist/css/bootstrap.rtl.css using pattern *.ico
         No match for lib/bootstrap/dist/css/bootstrap.rtl.css using pattern *.ief
         No match for lib/bootstrap/dist/css/bootstrap.rtl.css using pattern *.jfif
         No match for lib/bootstrap/dist/css/bootstrap.rtl.css using pattern *.jpe
         No match for lib/bootstrap/dist/css/bootstrap.rtl.css using pattern *.pbm
         No match for lib/bootstrap/dist/css/bootstrap.rtl.css using pattern *.pgm
         No match for lib/bootstrap/dist/css/bootstrap.rtl.css using pattern *.pnm
         No match for lib/bootstrap/dist/css/bootstrap.rtl.css using pattern *.pnz
         No match for lib/bootstrap/dist/css/bootstrap.rtl.css using pattern *.ppm
         No match for lib/bootstrap/dist/css/bootstrap.rtl.css using pattern *.ras
         No match for lib/bootstrap/dist/css/bootstrap.rtl.css using pattern *.rf
         No match for lib/bootstrap/dist/css/bootstrap.rtl.css using pattern *.rgb
         No match for lib/bootstrap/dist/css/bootstrap.rtl.css using pattern *.svgz
         No match for lib/bootstrap/dist/css/bootstrap.rtl.css using pattern *.tif
         No match for lib/bootstrap/dist/css/bootstrap.rtl.css using pattern *.tiff
         No match for lib/bootstrap/dist/css/bootstrap.rtl.css using pattern *.wbmp
         No match for lib/bootstrap/dist/css/bootstrap.rtl.css using pattern *.xbm
         No match for lib/bootstrap/dist/css/bootstrap.rtl.css using pattern *.xpm
         No match for lib/bootstrap/dist/css/bootstrap.rtl.css using pattern *.xwd
         No match for lib/bootstrap/dist/css/bootstrap.rtl.css using pattern *.3g2
         No match for lib/bootstrap/dist/css/bootstrap.rtl.css using pattern *.3gp2
         No match for lib/bootstrap/dist/css/bootstrap.rtl.css using pattern *.3gp
         No match for lib/bootstrap/dist/css/bootstrap.rtl.css using pattern *.3gpp
         No match for lib/bootstrap/dist/css/bootstrap.rtl.css using pattern *.asf
         No match for lib/bootstrap/dist/css/bootstrap.rtl.css using pattern *.asr
         No match for lib/bootstrap/dist/css/bootstrap.rtl.css using pattern *.asx
         No match for lib/bootstrap/dist/css/bootstrap.rtl.css using pattern *.avi
         No match for lib/bootstrap/dist/css/bootstrap.rtl.css using pattern *.dvr
         No match for lib/bootstrap/dist/css/bootstrap.rtl.css using pattern *.flv
         No match for lib/bootstrap/dist/css/bootstrap.rtl.css using pattern *.IVF
         No match for lib/bootstrap/dist/css/bootstrap.rtl.css using pattern *.lsf
         No match for lib/bootstrap/dist/css/bootstrap.rtl.css using pattern *.lsx
         No match for lib/bootstrap/dist/css/bootstrap.rtl.css using pattern *.m1v
         No match for lib/bootstrap/dist/css/bootstrap.rtl.css using pattern *.m2ts
         No match for lib/bootstrap/dist/css/bootstrap.rtl.css using pattern *.qt
         No match for lib/bootstrap/dist/css/bootstrap.rtl.css using pattern *.ts
         No match for lib/bootstrap/dist/css/bootstrap.rtl.css using pattern *.tts
         No match for lib/bootstrap/dist/css/bootstrap.rtl.css using pattern *.wm
         No match for lib/bootstrap/dist/css/bootstrap.rtl.css using pattern *.wmp
         No match for lib/bootstrap/dist/css/bootstrap.rtl.css using pattern *.wmv
         No match for lib/bootstrap/dist/css/bootstrap.rtl.css using pattern *.wmx
         No match for lib/bootstrap/dist/css/bootstrap.rtl.css using pattern *.wtv
         No match for lib/bootstrap/dist/css/bootstrap.rtl.css using pattern *.wvx
         File C:\Users\user\OneDrive\╨а╨░╨▒╨╛╤З╨╕╨╣ ╤Б╤В╨╛╨╗\regi\WebApplication15\wwwroot\lib\bootstrap\dist\css\bootstrap.rtl.css exists.
         No match for lib/bootstrap/dist/css/bootstrap.rtl.css using pattern *.bmp
         No match for lib/bootstrap/dist/css/bootstrap.rtl.css using pattern *.jpeg
         No match for lib/bootstrap/dist/css/bootstrap.rtl.css using pattern *.jpg
         No match for lib/bootstrap/dist/css/bootstrap.rtl.css using pattern *.gif
         No match for lib/bootstrap/dist/css/bootstrap.rtl.css using pattern *.svg
         No match for lib/bootstrap/dist/css/bootstrap.rtl.css using pattern *.png
         No match for lib/bootstrap/dist/css/bootstrap.rtl.css using pattern *.webp
         No match for lib/bootstrap/dist/css/bootstrap.rtl.css using pattern *.otf
         No match for lib/bootstrap/dist/css/bootstrap.rtl.css using pattern *.woff2
         No match for lib/bootstrap/dist/css/bootstrap.rtl.css using pattern *.m4v
         No match for lib/bootstrap/dist/css/bootstrap.rtl.css using pattern *.mov
         No match for lib/bootstrap/dist/css/bootstrap.rtl.css using pattern *.movie
         No match for lib/bootstrap/dist/css/bootstrap.rtl.css using pattern *.mp2
         No match for lib/bootstrap/dist/css/bootstrap.rtl.css using pattern *.mp4
         No match for lib/bootstrap/dist/css/bootstrap.rtl.css using pattern *.mp4v
         No match for lib/bootstrap/dist/css/bootstrap.rtl.css using pattern *.mpa
         No match for lib/bootstrap/dist/css/bootstrap.rtl.css using pattern *.mpe
         No match for lib/bootstrap/dist/css/bootstrap.rtl.css using pattern *.mpeg
         No match for lib/bootstrap/dist/css/bootstrap.rtl.css using pattern *.mpg
         No match for lib/bootstrap/dist/css/bootstrap.rtl.css using pattern *.mpv2
         No match for lib/bootstrap/dist/css/bootstrap.rtl.css using pattern *.nsc
         No match for lib/bootstrap/dist/css/bootstrap.rtl.css using pattern *.ogg
         No match for lib/bootstrap/dist/css/bootstrap.rtl.css using pattern *.ogv
         No match for lib/bootstrap/dist/css/bootstrap.rtl.css using pattern *.webm
         No match for lib/bootstrap/dist/css/bootstrap.rtl.css using pattern *.art
         No match for lib/bootstrap/dist/css/bootstrap.rtl.css using pattern *.cmx
         No match for lib/bootstrap/dist/css/bootstrap.rtl.css using pattern *.cod
         No match for lib/bootstrap/dist/css/bootstrap.rtl.css using pattern *.dib
         No match for lib/bootstrap/dist/css/bootstrap.rtl.css using pattern *.ico
         No match for lib/bootstrap/dist/css/bootstrap.rtl.css using pattern *.ief
         No match for lib/bootstrap/dist/css/bootstrap.rtl.css using pattern *.jfif
         No match for lib/bootstrap/dist/css/bootstrap.rtl.css using pattern *.jpe
         No match for lib/bootstrap/dist/css/bootstrap.rtl.css using pattern *.pbm
         No match for lib/bootstrap/dist/css/bootstrap.rtl.css using pattern *.pgm
         No match for lib/bootstrap/dist/css/bootstrap.rtl.css using pattern *.pnm
         No match for lib/bootstrap/dist/css/bootstrap.rtl.css using pattern *.pnz
         No match for lib/bootstrap/dist/css/bootstrap.rtl.css using pattern *.ppm
         No match for lib/bootstrap/dist/css/bootstrap.rtl.css using pattern *.ras
         No match for lib/bootstrap/dist/css/bootstrap.rtl.css using pattern *.rf
         No match for lib/bootstrap/dist/css/bootstrap.rtl.css using pattern *.rgb
         No match for lib/bootstrap/dist/css/bootstrap.rtl.css using pattern *.svgz
         No match for lib/bootstrap/dist/css/bootstrap.rtl.css using pattern *.tif
         No match for lib/bootstrap/dist/css/bootstrap.rtl.css using pattern *.tiff
         No match for lib/bootstrap/dist/css/bootstrap.rtl.css using pattern *.wbmp
         No match for lib/bootstrap/dist/css/bootstrap.rtl.css using pattern *.xbm
         No match for lib/bootstrap/dist/css/bootstrap.rtl.css using pattern *.xpm
         No match for lib/bootstrap/dist/css/bootstrap.rtl.css using pattern *.xwd
         No match for lib/bootstrap/dist/css/bootstrap.rtl.css using pattern *.3g2
         No match for lib/bootstrap/dist/css/bootstrap.rtl.css using pattern *.3gp2
         No match for lib/bootstrap/dist/css/bootstrap.rtl.css using pattern *.3gp
         No match for lib/bootstrap/dist/css/bootstrap.rtl.css using pattern *.3gpp
         No match for lib/bootstrap/dist/css/bootstrap.rtl.css using pattern *.asf
         No match for lib/bootstrap/dist/css/bootstrap.rtl.css using pattern *.asr
         No match for lib/bootstrap/dist/css/bootstrap.rtl.css using pattern *.asx
         No match for lib/bootstrap/dist/css/bootstrap.rtl.css using pattern *.avi
         No match for lib/bootstrap/dist/css/bootstrap.rtl.css using pattern *.dvr
         No match for lib/bootstrap/dist/css/bootstrap.rtl.css using pattern *.flv
         No match for lib/bootstrap/dist/css/bootstrap.rtl.css using pattern *.IVF
         No match for lib/bootstrap/dist/css/bootstrap.rtl.css using pattern *.lsf
         No match for lib/bootstrap/dist/css/bootstrap.rtl.css using pattern *.lsx
         No match for lib/bootstrap/dist/css/bootstrap.rtl.css using pattern *.m1v
         No match for lib/bootstrap/dist/css/bootstrap.rtl.css using pattern *.m2ts
         No match for lib/bootstrap/dist/css/bootstrap.rtl.css using pattern *.qt
         No match for lib/bootstrap/dist/css/bootstrap.rtl.css using pattern *.ts
         No match for lib/bootstrap/dist/css/bootstrap.rtl.css using pattern *.tts
         No match for lib/bootstrap/dist/css/bootstrap.rtl.css using pattern *.wm
         No match for lib/bootstrap/dist/css/bootstrap.rtl.css using pattern *.wmp
         No match for lib/bootstrap/dist/css/bootstrap.rtl.css using pattern *.wmv
         No match for lib/bootstrap/dist/css/bootstrap.rtl.css using pattern *.wmx
         No match for lib/bootstrap/dist/css/bootstrap.rtl.css using pattern *.wtv
         No match for lib/bootstrap/dist/css/bootstrap.rtl.css using pattern *.wvx
         File C:\Users\user\OneDrive\╨а╨░╨▒╨╛╤З╨╕╨╣ ╤Б╤В╨╛╨╗\regi\WebApplication15\wwwroot\lib\bootstrap\dist\css\bootstrap.rtl.css exists.
         Adding endpoint lib/bootstrap/dist/css/bootstrap.rtl.css for asset C:\Users\user\OneDrive\╨а╨░╨▒╨╛╤З╨╕╨╣ ╤Б╤В╨╛╨╗\regi\WebApplication15\wwwroot\lib\bootstrap\dist\css\bootstrap.rtl.css.
         Adding endpoint lib/bootstrap/dist/css/bootstrap.rtl.37tfw0ft22.css for asset C:\Users\user\OneDrive\╨а╨░╨▒╨╛╤З╨╕╨╣ ╤Б╤В╨╛╨╗\regi\WebApplication15\wwwroot\lib\bootstrap\dist\css\bootstrap.rtl.css.
         No match for lib/bootstrap/dist/css/bootstrap.rtl.css.map using pattern *.bmp
         No match for lib/bootstrap/dist/css/bootstrap.rtl.css.map using pattern *.jpeg
         No match for lib/bootstrap/dist/css/bootstrap.rtl.css.map using pattern *.jpg
         No match for lib/bootstrap/dist/css/bootstrap.rtl.css.map using pattern *.gif
         No match for lib/bootstrap/dist/css/bootstrap.rtl.css.map using pattern *.svg
         No match for lib/bootstrap/dist/css/bootstrap.rtl.css.map using pattern *.png
         No match for lib/bootstrap/dist/css/bootstrap.rtl.css.map using pattern *.webp
         No match for lib/bootstrap/dist/css/bootstrap.rtl.css.map using pattern *.otf
         No match for lib/bootstrap/dist/css/bootstrap.rtl.css.map using pattern *.woff2
         No match for lib/bootstrap/dist/css/bootstrap.rtl.css.map using pattern *.m4v
         No match for lib/bootstrap/dist/css/bootstrap.rtl.css.map using pattern *.mov
         No match for lib/bootstrap/dist/css/bootstrap.rtl.css.map using pattern *.movie
         No match for lib/bootstrap/dist/css/bootstrap.rtl.css.map using pattern *.mp2
         No match for lib/bootstrap/dist/css/bootstrap.rtl.css.map using pattern *.mp4
         No match for lib/bootstrap/dist/css/bootstrap.rtl.css.map using pattern *.mp4v
         No match for lib/bootstrap/dist/css/bootstrap.rtl.css.map using pattern *.mpa
         No match for lib/bootstrap/dist/css/bootstrap.rtl.css.map using pattern *.mpe
         No match for lib/bootstrap/dist/css/bootstrap.rtl.css.map using pattern *.mpeg
         No match for lib/bootstrap/dist/css/bootstrap.rtl.css.map using pattern *.mpg
         No match for lib/bootstrap/dist/css/bootstrap.rtl.css.map using pattern *.mpv2
         No match for lib/bootstrap/dist/css/bootstrap.rtl.css.map using pattern *.nsc
         No match for lib/bootstrap/dist/css/bootstrap.rtl.css.map using pattern *.ogg
         No match for lib/bootstrap/dist/css/bootstrap.rtl.css.map using pattern *.ogv
         No match for lib/bootstrap/dist/css/bootstrap.rtl.css.map using pattern *.webm
         No match for lib/bootstrap/dist/css/bootstrap.rtl.css.map using pattern *.art
         No match for lib/bootstrap/dist/css/bootstrap.rtl.css.map using pattern *.cmx
         No match for lib/bootstrap/dist/css/bootstrap.rtl.css.map using pattern *.cod
         No match for lib/bootstrap/dist/css/bootstrap.rtl.css.map using pattern *.dib
         No match for lib/bootstrap/dist/css/bootstrap.rtl.css.map using pattern *.ico
         No match for lib/bootstrap/dist/css/bootstrap.rtl.css.map using pattern *.ief
         No match for lib/bootstrap/dist/css/bootstrap.rtl.css.map using pattern *.jfif
         No match for lib/bootstrap/dist/css/bootstrap.rtl.css.map using pattern *.jpe
         No match for lib/bootstrap/dist/css/bootstrap.rtl.css.map using pattern *.pbm
         No match for lib/bootstrap/dist/css/bootstrap.rtl.css.map using pattern *.pgm
         No match for lib/bootstrap/dist/css/bootstrap.rtl.css.map using pattern *.pnm
         No match for lib/bootstrap/dist/css/bootstrap.rtl.css.map using pattern *.pnz
         No match for lib/bootstrap/dist/css/bootstrap.rtl.css.map using pattern *.ppm
         No match for lib/bootstrap/dist/css/bootstrap.rtl.css.map using pattern *.ras
         No match for lib/bootstrap/dist/css/bootstrap.rtl.css.map using pattern *.rf
         No match for lib/bootstrap/dist/css/bootstrap.rtl.css.map using pattern *.rgb
         No match for lib/bootstrap/dist/css/bootstrap.rtl.css.map using pattern *.svgz
         No match for lib/bootstrap/dist/css/bootstrap.rtl.css.map using pattern *.tif
         No match for lib/bootstrap/dist/css/bootstrap.rtl.css.map using pattern *.tiff
         No match for lib/bootstrap/dist/css/bootstrap.rtl.css.map using pattern *.wbmp
         No match for lib/bootstrap/dist/css/bootstrap.rtl.css.map using pattern *.xbm
         No match for lib/bootstrap/dist/css/bootstrap.rtl.css.map using pattern *.xpm
         No match for lib/bootstrap/dist/css/bootstrap.rtl.css.map using pattern *.xwd
         No match for lib/bootstrap/dist/css/bootstrap.rtl.css.map using pattern *.3g2
         No match for lib/bootstrap/dist/css/bootstrap.rtl.css.map using pattern *.3gp2
         No match for lib/bootstrap/dist/css/bootstrap.rtl.css.map using pattern *.3gp
         No match for lib/bootstrap/dist/css/bootstrap.rtl.css.map using pattern *.3gpp
         No match for lib/bootstrap/dist/css/bootstrap.rtl.css.map using pattern *.asf
         No match for lib/bootstrap/dist/css/bootstrap.rtl.css.map using pattern *.asr
         No match for lib/bootstrap/dist/css/bootstrap.rtl.css.map using pattern *.asx
         No match for lib/bootstrap/dist/css/bootstrap.rtl.css.map using pattern *.avi
         No match for lib/bootstrap/dist/css/bootstrap.rtl.css.map using pattern *.dvr
         No match for lib/bootstrap/dist/css/bootstrap.rtl.css.map using pattern *.flv
         No match for lib/bootstrap/dist/css/bootstrap.rtl.css.map using pattern *.IVF
         No match for lib/bootstrap/dist/css/bootstrap.rtl.css.map using pattern *.lsf
         No match for lib/bootstrap/dist/css/bootstrap.rtl.css.map using pattern *.lsx
         No match for lib/bootstrap/dist/css/bootstrap.rtl.css.map using pattern *.m1v
         No match for lib/bootstrap/dist/css/bootstrap.rtl.css.map using pattern *.m2ts
         No match for lib/bootstrap/dist/css/bootstrap.rtl.css.map using pattern *.qt
         No match for lib/bootstrap/dist/css/bootstrap.rtl.css.map using pattern *.ts
         No match for lib/bootstrap/dist/css/bootstrap.rtl.css.map using pattern *.tts
         No match for lib/bootstrap/dist/css/bootstrap.rtl.css.map using pattern *.wm
         No match for lib/bootstrap/dist/css/bootstrap.rtl.css.map using pattern *.wmp
         No match for lib/bootstrap/dist/css/bootstrap.rtl.css.map using pattern *.wmv
         No match for lib/bootstrap/dist/css/bootstrap.rtl.css.map using pattern *.wmx
         No match for lib/bootstrap/dist/css/bootstrap.rtl.css.map using pattern *.wtv
         No match for lib/bootstrap/dist/css/bootstrap.rtl.css.map using pattern *.wvx
         File C:\Users\user\OneDrive\╨а╨░╨▒╨╛╤З╨╕╨╣ ╤Б╤В╨╛╨╗\regi\WebApplication15\wwwroot\lib\bootstrap\dist\css\bootstrap.rtl.css.map exists.
         No match for lib/bootstrap/dist/css/bootstrap.rtl.css.map using pattern *.bmp
         No match for lib/bootstrap/dist/css/bootstrap.rtl.css.map using pattern *.jpeg
         No match for lib/bootstrap/dist/css/bootstrap.rtl.css.map using pattern *.jpg
         No match for lib/bootstrap/dist/css/bootstrap.rtl.css.map using pattern *.gif
         No match for lib/bootstrap/dist/css/bootstrap.rtl.css.map using pattern *.svg
         No match for lib/bootstrap/dist/css/bootstrap.rtl.css.map using pattern *.png
         No match for lib/bootstrap/dist/css/bootstrap.rtl.css.map using pattern *.webp
         No match for lib/bootstrap/dist/css/bootstrap.rtl.css.map using pattern *.otf
         No match for lib/bootstrap/dist/css/bootstrap.rtl.css.map using pattern *.woff2
         No match for lib/bootstrap/dist/css/bootstrap.rtl.css.map using pattern *.m4v
         No match for lib/bootstrap/dist/css/bootstrap.rtl.css.map using pattern *.mov
         No match for lib/bootstrap/dist/css/bootstrap.rtl.css.map using pattern *.movie
         No match for lib/bootstrap/dist/css/bootstrap.rtl.css.map using pattern *.mp2
         No match for lib/bootstrap/dist/css/bootstrap.rtl.css.map using pattern *.mp4
         No match for lib/bootstrap/dist/css/bootstrap.rtl.css.map using pattern *.mp4v
         No match for lib/bootstrap/dist/css/bootstrap.rtl.css.map using pattern *.mpa
         No match for lib/bootstrap/dist/css/bootstrap.rtl.css.map using pattern *.mpe
         No match for lib/bootstrap/dist/css/bootstrap.rtl.css.map using pattern *.mpeg
         No match for lib/bootstrap/dist/css/bootstrap.rtl.css.map using pattern *.mpg
         No match for lib/bootstrap/dist/css/bootstrap.rtl.css.map using pattern *.mpv2
         No match for lib/bootstrap/dist/css/bootstrap.rtl.css.map using pattern *.nsc
         No match for lib/bootstrap/dist/css/bootstrap.rtl.css.map using pattern *.ogg
         No match for lib/bootstrap/dist/css/bootstrap.rtl.css.map using pattern *.ogv
         No match for lib/bootstrap/dist/css/bootstrap.rtl.css.map using pattern *.webm
         No match for lib/bootstrap/dist/css/bootstrap.rtl.css.map using pattern *.art
         No match for lib/bootstrap/dist/css/bootstrap.rtl.css.map using pattern *.cmx
         No match for lib/bootstrap/dist/css/bootstrap.rtl.css.map using pattern *.cod
         No match for lib/bootstrap/dist/css/bootstrap.rtl.css.map using pattern *.dib
         No match for lib/bootstrap/dist/css/bootstrap.rtl.css.map using pattern *.ico
         No match for lib/bootstrap/dist/css/bootstrap.rtl.css.map using pattern *.ief
         No match for lib/bootstrap/dist/css/bootstrap.rtl.css.map using pattern *.jfif
         No match for lib/bootstrap/dist/css/bootstrap.rtl.css.map using pattern *.jpe
         No match for lib/bootstrap/dist/css/bootstrap.rtl.css.map using pattern *.pbm
         No match for lib/bootstrap/dist/css/bootstrap.rtl.css.map using pattern *.pgm
         No match for lib/bootstrap/dist/css/bootstrap.rtl.css.map using pattern *.pnm
         No match for lib/bootstrap/dist/css/bootstrap.rtl.css.map using pattern *.pnz
         No match for lib/bootstrap/dist/css/bootstrap.rtl.css.map using pattern *.ppm
         No match for lib/bootstrap/dist/css/bootstrap.rtl.css.map using pattern *.ras
         No match for lib/bootstrap/dist/css/bootstrap.rtl.css.map using pattern *.rf
         No match for lib/bootstrap/dist/css/bootstrap.rtl.css.map using pattern *.rgb
         No match for lib/bootstrap/dist/css/bootstrap.rtl.css.map using pattern *.svgz
         No match for lib/bootstrap/dist/css/bootstrap.rtl.css.map using pattern *.tif
         No match for lib/bootstrap/dist/css/bootstrap.rtl.css.map using pattern *.tiff
         No match for lib/bootstrap/dist/css/bootstrap.rtl.css.map using pattern *.wbmp
         No match for lib/bootstrap/dist/css/bootstrap.rtl.css.map using pattern *.xbm
         No match for lib/bootstrap/dist/css/bootstrap.rtl.css.map using pattern *.xpm
         No match for lib/bootstrap/dist/css/bootstrap.rtl.css.map using pattern *.xwd
         No match for lib/bootstrap/dist/css/bootstrap.rtl.css.map using pattern *.3g2
         No match for lib/bootstrap/dist/css/bootstrap.rtl.css.map using pattern *.3gp2
         No match for lib/bootstrap/dist/css/bootstrap.rtl.css.map using pattern *.3gp
         No match for lib/bootstrap/dist/css/bootstrap.rtl.css.map using pattern *.3gpp
         No match for lib/bootstrap/dist/css/bootstrap.rtl.css.map using pattern *.asf
         No match for lib/bootstrap/dist/css/bootstrap.rtl.css.map using pattern *.asr
         No match for lib/bootstrap/dist/css/bootstrap.rtl.css.map using pattern *.asx
         No match for lib/bootstrap/dist/css/bootstrap.rtl.css.map using pattern *.avi
         No match for lib/bootstrap/dist/css/bootstrap.rtl.css.map using pattern *.dvr
         No match for lib/bootstrap/dist/css/bootstrap.rtl.css.map using pattern *.flv
         No match for lib/bootstrap/dist/css/bootstrap.rtl.css.map using pattern *.IVF
         No match for lib/bootstrap/dist/css/bootstrap.rtl.css.map using pattern *.lsf
         No match for lib/bootstrap/dist/css/bootstrap.rtl.css.map using pattern *.lsx
         No match for lib/bootstrap/dist/css/bootstrap.rtl.css.map using pattern *.m1v
         No match for lib/bootstrap/dist/css/bootstrap.rtl.css.map using pattern *.m2ts
         No match for lib/bootstrap/dist/css/bootstrap.rtl.css.map using pattern *.qt
         No match for lib/bootstrap/dist/css/bootstrap.rtl.css.map using pattern *.ts
         No match for lib/bootstrap/dist/css/bootstrap.rtl.css.map using pattern *.tts
         No match for lib/bootstrap/dist/css/bootstrap.rtl.css.map using pattern *.wm
         No match for lib/bootstrap/dist/css/bootstrap.rtl.css.map using pattern *.wmp
         No match for lib/bootstrap/dist/css/bootstrap.rtl.css.map using pattern *.wmv
         No match for lib/bootstrap/dist/css/bootstrap.rtl.css.map using pattern *.wmx
         No match for lib/bootstrap/dist/css/bootstrap.rtl.css.map using pattern *.wtv
         No match for lib/bootstrap/dist/css/bootstrap.rtl.css.map using pattern *.wvx
         File C:\Users\user\OneDrive\╨а╨░╨▒╨╛╤З╨╕╨╣ ╤Б╤В╨╛╨╗\regi\WebApplication15\wwwroot\lib\bootstrap\dist\css\bootstrap.rtl.css.map exists.
         Adding endpoint lib/bootstrap/dist/css/bootstrap.rtl.css.map for asset C:\Users\user\OneDrive\╨а╨░╨▒╨╛╤З╨╕╨╣ ╤Б╤В╨╛╨╗\regi\WebApplication15\wwwroot\lib\bootstrap\dist\css\bootstrap.rtl.css.map.
         Adding endpoint lib/bootstrap/dist/css/bootstrap.rtl.css.hrwsygsryq.map for asset C:\Users\user\OneDrive\╨а╨░╨▒╨╛╤З╨╕╨╣ ╤Б╤В╨╛╨╗\regi\WebApplication15\wwwroot\lib\bootstrap\dist\css\bootstrap.rtl.css.map.
         No match for lib/bootstrap/dist/css/bootstrap.rtl.min.css using pattern *.bmp
         No match for lib/bootstrap/dist/css/bootstrap.rtl.min.css using pattern *.jpeg
         No match for lib/bootstrap/dist/css/bootstrap.rtl.min.css using pattern *.jpg
         No match for lib/bootstrap/dist/css/bootstrap.rtl.min.css using pattern *.gif
         No match for lib/bootstrap/dist/css/bootstrap.rtl.min.css using pattern *.svg
         No match for lib/bootstrap/dist/css/bootstrap.rtl.min.css using pattern *.png
         No match for lib/bootstrap/dist/css/bootstrap.rtl.min.css using pattern *.webp
         No match for lib/bootstrap/dist/css/bootstrap.rtl.min.css using pattern *.otf
         No match for lib/bootstrap/dist/css/bootstrap.rtl.min.css using pattern *.woff2
         No match for lib/bootstrap/dist/css/bootstrap.rtl.min.css using pattern *.m4v
         No match for lib/bootstrap/dist/css/bootstrap.rtl.min.css using pattern *.mov
         No match for lib/bootstrap/dist/css/bootstrap.rtl.min.css using pattern *.movie
         No match for lib/bootstrap/dist/css/bootstrap.rtl.min.css using pattern *.mp2
         No match for lib/bootstrap/dist/css/bootstrap.rtl.min.css using pattern *.mp4
         No match for lib/bootstrap/dist/css/bootstrap.rtl.min.css using pattern *.mp4v
         No match for lib/bootstrap/dist/css/bootstrap.rtl.min.css using pattern *.mpa
         No match for lib/bootstrap/dist/css/bootstrap.rtl.min.css using pattern *.mpe
         No match for lib/bootstrap/dist/css/bootstrap.rtl.min.css using pattern *.mpeg
         No match for lib/bootstrap/dist/css/bootstrap.rtl.min.css using pattern *.mpg
         No match for lib/bootstrap/dist/css/bootstrap.rtl.min.css using pattern *.mpv2
         No match for lib/bootstrap/dist/css/bootstrap.rtl.min.css using pattern *.nsc
         No match for lib/bootstrap/dist/css/bootstrap.rtl.min.css using pattern *.ogg
         No match for lib/bootstrap/dist/css/bootstrap.rtl.min.css using pattern *.ogv
         No match for lib/bootstrap/dist/css/bootstrap.rtl.min.css using pattern *.webm
         No match for lib/bootstrap/dist/css/bootstrap.rtl.min.css using pattern *.art
         No match for lib/bootstrap/dist/css/bootstrap.rtl.min.css using pattern *.cmx
         No match for lib/bootstrap/dist/css/bootstrap.rtl.min.css using pattern *.cod
         No match for lib/bootstrap/dist/css/bootstrap.rtl.min.css using pattern *.dib
         No match for lib/bootstrap/dist/css/bootstrap.rtl.min.css using pattern *.ico
         No match for lib/bootstrap/dist/css/bootstrap.rtl.min.css using pattern *.ief
         No match for lib/bootstrap/dist/css/bootstrap.rtl.min.css using pattern *.jfif
         No match for lib/bootstrap/dist/css/bootstrap.rtl.min.css using pattern *.jpe
         No match for lib/bootstrap/dist/css/bootstrap.rtl.min.css using pattern *.pbm
         No match for lib/bootstrap/dist/css/bootstrap.rtl.min.css using pattern *.pgm
         No match for lib/bootstrap/dist/css/bootstrap.rtl.min.css using pattern *.pnm
         No match for lib/bootstrap/dist/css/bootstrap.rtl.min.css using pattern *.pnz
         No match for lib/bootstrap/dist/css/bootstrap.rtl.min.css using pattern *.ppm
         No match for lib/bootstrap/dist/css/bootstrap.rtl.min.css using pattern *.ras
         No match for lib/bootstrap/dist/css/bootstrap.rtl.min.css using pattern *.rf
         No match for lib/bootstrap/dist/css/bootstrap.rtl.min.css using pattern *.rgb
         No match for lib/bootstrap/dist/css/bootstrap.rtl.min.css using pattern *.svgz
         No match for lib/bootstrap/dist/css/bootstrap.rtl.min.css using pattern *.tif
         No match for lib/bootstrap/dist/css/bootstrap.rtl.min.css using pattern *.tiff
         No match for lib/bootstrap/dist/css/bootstrap.rtl.min.css using pattern *.wbmp
         No match for lib/bootstrap/dist/css/bootstrap.rtl.min.css using pattern *.xbm
         No match for lib/bootstrap/dist/css/bootstrap.rtl.min.css using pattern *.xpm
         No match for lib/bootstrap/dist/css/bootstrap.rtl.min.css using pattern *.xwd
         No match for lib/bootstrap/dist/css/bootstrap.rtl.min.css using pattern *.3g2
         No match for lib/bootstrap/dist/css/bootstrap.rtl.min.css using pattern *.3gp2
         No match for lib/bootstrap/dist/css/bootstrap.rtl.min.css using pattern *.3gp
         No match for lib/bootstrap/dist/css/bootstrap.rtl.min.css using pattern *.3gpp
         No match for lib/bootstrap/dist/css/bootstrap.rtl.min.css using pattern *.asf
         No match for lib/bootstrap/dist/css/bootstrap.rtl.min.css using pattern *.asr
         No match for lib/bootstrap/dist/css/bootstrap.rtl.min.css using pattern *.asx
         No match for lib/bootstrap/dist/css/bootstrap.rtl.min.css using pattern *.avi
         No match for lib/bootstrap/dist/css/bootstrap.rtl.min.css using pattern *.dvr
         No match for lib/bootstrap/dist/css/bootstrap.rtl.min.css using pattern *.flv
         No match for lib/bootstrap/dist/css/bootstrap.rtl.min.css using pattern *.IVF
         No match for lib/bootstrap/dist/css/bootstrap.rtl.min.css using pattern *.lsf
         No match for lib/bootstrap/dist/css/bootstrap.rtl.min.css using pattern *.lsx
         No match for lib/bootstrap/dist/css/bootstrap.rtl.min.css using pattern *.m1v
         No match for lib/bootstrap/dist/css/bootstrap.rtl.min.css using pattern *.m2ts
         No match for lib/bootstrap/dist/css/bootstrap.rtl.min.css using pattern *.qt
         No match for lib/bootstrap/dist/css/bootstrap.rtl.min.css using pattern *.ts
         No match for lib/bootstrap/dist/css/bootstrap.rtl.min.css using pattern *.tts
         No match for lib/bootstrap/dist/css/bootstrap.rtl.min.css using pattern *.wm
         No match for lib/bootstrap/dist/css/bootstrap.rtl.min.css using pattern *.wmp
         No match for lib/bootstrap/dist/css/bootstrap.rtl.min.css using pattern *.wmv
         No match for lib/bootstrap/dist/css/bootstrap.rtl.min.css using pattern *.wmx
         No match for lib/bootstrap/dist/css/bootstrap.rtl.min.css using pattern *.wtv
         No match for lib/bootstrap/dist/css/bootstrap.rtl.min.css using pattern *.wvx
         File C:\Users\user\OneDrive\╨а╨░╨▒╨╛╤З╨╕╨╣ ╤Б╤В╨╛╨╗\regi\WebApplication15\wwwroot\lib\bootstrap\dist\css\bootstrap.rtl.min.css exists.
         No match for lib/bootstrap/dist/css/bootstrap.rtl.min.css using pattern *.bmp
         No match for lib/bootstrap/dist/css/bootstrap.rtl.min.css using pattern *.jpeg
         No match for lib/bootstrap/dist/css/bootstrap.rtl.min.css using pattern *.jpg
         No match for lib/bootstrap/dist/css/bootstrap.rtl.min.css using pattern *.gif
         No match for lib/bootstrap/dist/css/bootstrap.rtl.min.css using pattern *.svg
         No match for lib/bootstrap/dist/css/bootstrap.rtl.min.css using pattern *.png
         No match for lib/bootstrap/dist/css/bootstrap.rtl.min.css using pattern *.webp
         No match for lib/bootstrap/dist/css/bootstrap.rtl.min.css using pattern *.otf
         No match for lib/bootstrap/dist/css/bootstrap.rtl.min.css using pattern *.woff2
         No match for lib/bootstrap/dist/css/bootstrap.rtl.min.css using pattern *.m4v
         No match for lib/bootstrap/dist/css/bootstrap.rtl.min.css using pattern *.mov
         No match for lib/bootstrap/dist/css/bootstrap.rtl.min.css using pattern *.movie
         No match for lib/bootstrap/dist/css/bootstrap.rtl.min.css using pattern *.mp2
         No match for lib/bootstrap/dist/css/bootstrap.rtl.min.css using pattern *.mp4
         No match for lib/bootstrap/dist/css/bootstrap.rtl.min.css using pattern *.mp4v
         No match for lib/bootstrap/dist/css/bootstrap.rtl.min.css using pattern *.mpa
         No match for lib/bootstrap/dist/css/bootstrap.rtl.min.css using pattern *.mpe
         No match for lib/bootstrap/dist/css/bootstrap.rtl.min.css using pattern *.mpeg
         No match for lib/bootstrap/dist/css/bootstrap.rtl.min.css using pattern *.mpg
         No match for lib/bootstrap/dist/css/bootstrap.rtl.min.css using pattern *.mpv2
         No match for lib/bootstrap/dist/css/bootstrap.rtl.min.css using pattern *.nsc
         No match for lib/bootstrap/dist/css/bootstrap.rtl.min.css using pattern *.ogg
         No match for lib/bootstrap/dist/css/bootstrap.rtl.min.css using pattern *.ogv
         No match for lib/bootstrap/dist/css/bootstrap.rtl.min.css using pattern *.webm
         No match for lib/bootstrap/dist/css/bootstrap.rtl.min.css using pattern *.art
         No match for lib/bootstrap/dist/css/bootstrap.rtl.min.css using pattern *.cmx
         No match for lib/bootstrap/dist/css/bootstrap.rtl.min.css using pattern *.cod
         No match for lib/bootstrap/dist/css/bootstrap.rtl.min.css using pattern *.dib
         No match for lib/bootstrap/dist/css/bootstrap.rtl.min.css using pattern *.ico
         No match for lib/bootstrap/dist/css/bootstrap.rtl.min.css using pattern *.ief
         No match for lib/bootstrap/dist/css/bootstrap.rtl.min.css using pattern *.jfif
         No match for lib/bootstrap/dist/css/bootstrap.rtl.min.css using pattern *.jpe
         No match for lib/bootstrap/dist/css/bootstrap.rtl.min.css using pattern *.pbm
         No match for lib/bootstrap/dist/css/bootstrap.rtl.min.css using pattern *.pgm
         No match for lib/bootstrap/dist/css/bootstrap.rtl.min.css using pattern *.pnm
         No match for lib/bootstrap/dist/css/bootstrap.rtl.min.css using pattern *.pnz
         No match for lib/bootstrap/dist/css/bootstrap.rtl.min.css using pattern *.ppm
         No match for lib/bootstrap/dist/css/bootstrap.rtl.min.css using pattern *.ras
         No match for lib/bootstrap/dist/css/bootstrap.rtl.min.css using pattern *.rf
         No match for lib/bootstrap/dist/css/bootstrap.rtl.min.css using pattern *.rgb
         No match for lib/bootstrap/dist/css/bootstrap.rtl.min.css using pattern *.svgz
         No match for lib/bootstrap/dist/css/bootstrap.rtl.min.css using pattern *.tif
         No match for lib/bootstrap/dist/css/bootstrap.rtl.min.css using pattern *.tiff
         No match for lib/bootstrap/dist/css/bootstrap.rtl.min.css using pattern *.wbmp
         No match for lib/bootstrap/dist/css/bootstrap.rtl.min.css using pattern *.xbm
         No match for lib/bootstrap/dist/css/bootstrap.rtl.min.css using pattern *.xpm
         No match for lib/bootstrap/dist/css/bootstrap.rtl.min.css using pattern *.xwd
         No match for lib/bootstrap/dist/css/bootstrap.rtl.min.css using pattern *.3g2
         No match for lib/bootstrap/dist/css/bootstrap.rtl.min.css using pattern *.3gp2
         No match for lib/bootstrap/dist/css/bootstrap.rtl.min.css using pattern *.3gp
         No match for lib/bootstrap/dist/css/bootstrap.rtl.min.css using pattern *.3gpp
         No match for lib/bootstrap/dist/css/bootstrap.rtl.min.css using pattern *.asf
         No match for lib/bootstrap/dist/css/bootstrap.rtl.min.css using pattern *.asr
         No match for lib/bootstrap/dist/css/bootstrap.rtl.min.css using pattern *.asx
         No match for lib/bootstrap/dist/css/bootstrap.rtl.min.css using pattern *.avi
         No match for lib/bootstrap/dist/css/bootstrap.rtl.min.css using pattern *.dvr
         No match for lib/bootstrap/dist/css/bootstrap.rtl.min.css using pattern *.flv
         No match for lib/bootstrap/dist/css/bootstrap.rtl.min.css using pattern *.IVF
         No match for lib/bootstrap/dist/css/bootstrap.rtl.min.css using pattern *.lsf
         No match for lib/bootstrap/dist/css/bootstrap.rtl.min.css using pattern *.lsx
         No match for lib/bootstrap/dist/css/bootstrap.rtl.min.css using pattern *.m1v
         No match for lib/bootstrap/dist/css/bootstrap.rtl.min.css using pattern *.m2ts
         No match for lib/bootstrap/dist/css/bootstrap.rtl.min.css using pattern *.qt
         No match for lib/bootstrap/dist/css/bootstrap.rtl.min.css using pattern *.ts
         No match for lib/bootstrap/dist/css/bootstrap.rtl.min.css using pattern *.tts
         No match for lib/bootstrap/dist/css/bootstrap.rtl.min.css using pattern *.wm
         No match for lib/bootstrap/dist/css/bootstrap.rtl.min.css using pattern *.wmp
         No match for lib/bootstrap/dist/css/bootstrap.rtl.min.css using pattern *.wmv
         No match for lib/bootstrap/dist/css/bootstrap.rtl.min.css using pattern *.wmx
         No match for lib/bootstrap/dist/css/bootstrap.rtl.min.css using pattern *.wtv
         No match for lib/bootstrap/dist/css/bootstrap.rtl.min.css using pattern *.wvx
         File C:\Users\user\OneDrive\╨а╨░╨▒╨╛╤З╨╕╨╣ ╤Б╤В╨╛╨╗\regi\WebApplication15\wwwroot\lib\bootstrap\dist\css\bootstrap.rtl.min.css exists.
         Adding endpoint lib/bootstrap/dist/css/bootstrap.rtl.min.css for asset C:\Users\user\OneDrive\╨а╨░╨▒╨╛╤З╨╕╨╣ ╤Б╤В╨╛╨╗\regi\WebApplication15\wwwroot\lib\bootstrap\dist\css\bootstrap.rtl.min.css.
         Adding endpoint lib/bootstrap/dist/css/bootstrap.rtl.min.pk9g2wxc8p.css for asset C:\Users\user\OneDrive\╨а╨░╨▒╨╛╤З╨╕╨╣ ╤Б╤В╨╛╨╗\regi\WebApplication15\wwwroot\lib\bootstrap\dist\css\bootstrap.rtl.min.css.
         No match for lib/bootstrap/dist/css/bootstrap.rtl.min.css.map using pattern *.bmp
         No match for lib/bootstrap/dist/css/bootstrap.rtl.min.css.map using pattern *.jpeg
         No match for lib/bootstrap/dist/css/bootstrap.rtl.min.css.map using pattern *.jpg
         No match for lib/bootstrap/dist/css/bootstrap.rtl.min.css.map using pattern *.gif
         No match for lib/bootstrap/dist/css/bootstrap.rtl.min.css.map using pattern *.svg
         No match for lib/bootstrap/dist/css/bootstrap.rtl.min.css.map using pattern *.png
         No match for lib/bootstrap/dist/css/bootstrap.rtl.min.css.map using pattern *.webp
         No match for lib/bootstrap/dist/css/bootstrap.rtl.min.css.map using pattern *.otf
         No match for lib/bootstrap/dist/css/bootstrap.rtl.min.css.map using pattern *.woff2
         No match for lib/bootstrap/dist/css/bootstrap.rtl.min.css.map using pattern *.m4v
         No match for lib/bootstrap/dist/css/bootstrap.rtl.min.css.map using pattern *.mov
         No match for lib/bootstrap/dist/css/bootstrap.rtl.min.css.map using pattern *.movie
         No match for lib/bootstrap/dist/css/bootstrap.rtl.min.css.map using pattern *.mp2
         No match for lib/bootstrap/dist/css/bootstrap.rtl.min.css.map using pattern *.mp4
         No match for lib/bootstrap/dist/css/bootstrap.rtl.min.css.map using pattern *.mp4v
         No match for lib/bootstrap/dist/css/bootstrap.rtl.min.css.map using pattern *.mpa
         No match for lib/bootstrap/dist/css/bootstrap.rtl.min.css.map using pattern *.mpe
         No match for lib/bootstrap/dist/css/bootstrap.rtl.min.css.map using pattern *.mpeg
         No match for lib/bootstrap/dist/css/bootstrap.rtl.min.css.map using pattern *.mpg
         No match for lib/bootstrap/dist/css/bootstrap.rtl.min.css.map using pattern *.mpv2
         No match for lib/bootstrap/dist/css/bootstrap.rtl.min.css.map using pattern *.nsc
         No match for lib/bootstrap/dist/css/bootstrap.rtl.min.css.map using pattern *.ogg
         No match for lib/bootstrap/dist/css/bootstrap.rtl.min.css.map using pattern *.ogv
         No match for lib/bootstrap/dist/css/bootstrap.rtl.min.css.map using pattern *.webm
         No match for lib/bootstrap/dist/css/bootstrap.rtl.min.css.map using pattern *.art
         No match for lib/bootstrap/dist/css/bootstrap.rtl.min.css.map using pattern *.cmx
         No match for lib/bootstrap/dist/css/bootstrap.rtl.min.css.map using pattern *.cod
         No match for lib/bootstrap/dist/css/bootstrap.rtl.min.css.map using pattern *.dib
         No match for lib/bootstrap/dist/css/bootstrap.rtl.min.css.map using pattern *.ico
         No match for lib/bootstrap/dist/css/bootstrap.rtl.min.css.map using pattern *.ief
         No match for lib/bootstrap/dist/css/bootstrap.rtl.min.css.map using pattern *.jfif
         No match for lib/bootstrap/dist/css/bootstrap.rtl.min.css.map using pattern *.jpe
         No match for lib/bootstrap/dist/css/bootstrap.rtl.min.css.map using pattern *.pbm
         No match for lib/bootstrap/dist/css/bootstrap.rtl.min.css.map using pattern *.pgm
         No match for lib/bootstrap/dist/css/bootstrap.rtl.min.css.map using pattern *.pnm
         No match for lib/bootstrap/dist/css/bootstrap.rtl.min.css.map using pattern *.pnz
         No match for lib/bootstrap/dist/css/bootstrap.rtl.min.css.map using pattern *.ppm
         No match for lib/bootstrap/dist/css/bootstrap.rtl.min.css.map using pattern *.ras
         No match for lib/bootstrap/dist/css/bootstrap.rtl.min.css.map using pattern *.rf
         No match for lib/bootstrap/dist/css/bootstrap.rtl.min.css.map using pattern *.rgb
         No match for lib/bootstrap/dist/css/bootstrap.rtl.min.css.map using pattern *.svgz
         No match for lib/bootstrap/dist/css/bootstrap.rtl.min.css.map using pattern *.tif
         No match for lib/bootstrap/dist/css/bootstrap.rtl.min.css.map using pattern *.tiff
         No match for lib/bootstrap/dist/css/bootstrap.rtl.min.css.map using pattern *.wbmp
         No match for lib/bootstrap/dist/css/bootstrap.rtl.min.css.map using pattern *.xbm
         No match for lib/bootstrap/dist/css/bootstrap.rtl.min.css.map using pattern *.xpm
         No match for lib/bootstrap/dist/css/bootstrap.rtl.min.css.map using pattern *.xwd
         No match for lib/bootstrap/dist/css/bootstrap.rtl.min.css.map using pattern *.3g2
         No match for lib/bootstrap/dist/css/bootstrap.rtl.min.css.map using pattern *.3gp2
         No match for lib/bootstrap/dist/css/bootstrap.rtl.min.css.map using pattern *.3gp
         No match for lib/bootstrap/dist/css/bootstrap.rtl.min.css.map using pattern *.3gpp
         No match for lib/bootstrap/dist/css/bootstrap.rtl.min.css.map using pattern *.asf
         No match for lib/bootstrap/dist/css/bootstrap.rtl.min.css.map using pattern *.asr
         No match for lib/bootstrap/dist/css/bootstrap.rtl.min.css.map using pattern *.asx
         No match for lib/bootstrap/dist/css/bootstrap.rtl.min.css.map using pattern *.avi
         No match for lib/bootstrap/dist/css/bootstrap.rtl.min.css.map using pattern *.dvr
         No match for lib/bootstrap/dist/css/bootstrap.rtl.min.css.map using pattern *.flv
         No match for lib/bootstrap/dist/css/bootstrap.rtl.min.css.map using pattern *.IVF
         No match for lib/bootstrap/dist/css/bootstrap.rtl.min.css.map using pattern *.lsf
         No match for lib/bootstrap/dist/css/bootstrap.rtl.min.css.map using pattern *.lsx
         No match for lib/bootstrap/dist/css/bootstrap.rtl.min.css.map using pattern *.m1v
         No match for lib/bootstrap/dist/css/bootstrap.rtl.min.css.map using pattern *.m2ts
         No match for lib/bootstrap/dist/css/bootstrap.rtl.min.css.map using pattern *.qt
         No match for lib/bootstrap/dist/css/bootstrap.rtl.min.css.map using pattern *.ts
         No match for lib/bootstrap/dist/css/bootstrap.rtl.min.css.map using pattern *.tts
         No match for lib/bootstrap/dist/css/bootstrap.rtl.min.css.map using pattern *.wm
         No match for lib/bootstrap/dist/css/bootstrap.rtl.min.css.map using pattern *.wmp
         No match for lib/bootstrap/dist/css/bootstrap.rtl.min.css.map using pattern *.wmv
         No match for lib/bootstrap/dist/css/bootstrap.rtl.min.css.map using pattern *.wmx
         No match for lib/bootstrap/dist/css/bootstrap.rtl.min.css.map using pattern *.wtv
         No match for lib/bootstrap/dist/css/bootstrap.rtl.min.css.map using pattern *.wvx
         File C:\Users\user\OneDrive\╨а╨░╨▒╨╛╤З╨╕╨╣ ╤Б╤В╨╛╨╗\regi\WebApplication15\wwwroot\lib\bootstrap\dist\css\bootstrap.rtl.min.css.map exists.
         No match for lib/bootstrap/dist/css/bootstrap.rtl.min.css.map using pattern *.bmp
         No match for lib/bootstrap/dist/css/bootstrap.rtl.min.css.map using pattern *.jpeg
         No match for lib/bootstrap/dist/css/bootstrap.rtl.min.css.map using pattern *.jpg
         No match for lib/bootstrap/dist/css/bootstrap.rtl.min.css.map using pattern *.gif
         No match for lib/bootstrap/dist/css/bootstrap.rtl.min.css.map using pattern *.svg
         No match for lib/bootstrap/dist/css/bootstrap.rtl.min.css.map using pattern *.png
         No match for lib/bootstrap/dist/css/bootstrap.rtl.min.css.map using pattern *.webp
         No match for lib/bootstrap/dist/css/bootstrap.rtl.min.css.map using pattern *.otf
         No match for lib/bootstrap/dist/css/bootstrap.rtl.min.css.map using pattern *.woff2
         No match for lib/bootstrap/dist/css/bootstrap.rtl.min.css.map using pattern *.m4v
         No match for lib/bootstrap/dist/css/bootstrap.rtl.min.css.map using pattern *.mov
         No match for lib/bootstrap/dist/css/bootstrap.rtl.min.css.map using pattern *.movie
         No match for lib/bootstrap/dist/css/bootstrap.rtl.min.css.map using pattern *.mp2
         No match for lib/bootstrap/dist/css/bootstrap.rtl.min.css.map using pattern *.mp4
         No match for lib/bootstrap/dist/css/bootstrap.rtl.min.css.map using pattern *.mp4v
         No match for lib/bootstrap/dist/css/bootstrap.rtl.min.css.map using pattern *.mpa
         No match for lib/bootstrap/dist/css/bootstrap.rtl.min.css.map using pattern *.mpe
         No match for lib/bootstrap/dist/css/bootstrap.rtl.min.css.map using pattern *.mpeg
         No match for lib/bootstrap/dist/css/bootstrap.rtl.min.css.map using pattern *.mpg
         No match for lib/bootstrap/dist/css/bootstrap.rtl.min.css.map using pattern *.mpv2
         No match for lib/bootstrap/dist/css/bootstrap.rtl.min.css.map using pattern *.nsc
         No match for lib/bootstrap/dist/css/bootstrap.rtl.min.css.map using pattern *.ogg
         No match for lib/bootstrap/dist/css/bootstrap.rtl.min.css.map using pattern *.ogv
         No match for lib/bootstrap/dist/css/bootstrap.rtl.min.css.map using pattern *.webm
         No match for lib/bootstrap/dist/css/bootstrap.rtl.min.css.map using pattern *.art
         No match for lib/bootstrap/dist/css/bootstrap.rtl.min.css.map using pattern *.cmx
         No match for lib/bootstrap/dist/css/bootstrap.rtl.min.css.map using pattern *.cod
         No match for lib/bootstrap/dist/css/bootstrap.rtl.min.css.map using pattern *.dib
         No match for lib/bootstrap/dist/css/bootstrap.rtl.min.css.map using pattern *.ico
         No match for lib/bootstrap/dist/css/bootstrap.rtl.min.css.map using pattern *.ief
         No match for lib/bootstrap/dist/css/bootstrap.rtl.min.css.map using pattern *.jfif
         No match for lib/bootstrap/dist/css/bootstrap.rtl.min.css.map using pattern *.jpe
         No match for lib/bootstrap/dist/css/bootstrap.rtl.min.css.map using pattern *.pbm
         No match for lib/bootstrap/dist/css/bootstrap.rtl.min.css.map using pattern *.pgm
         No match for lib/bootstrap/dist/css/bootstrap.rtl.min.css.map using pattern *.pnm
         No match for lib/bootstrap/dist/css/bootstrap.rtl.min.css.map using pattern *.pnz
         No match for lib/bootstrap/dist/css/bootstrap.rtl.min.css.map using pattern *.ppm
         No match for lib/bootstrap/dist/css/bootstrap.rtl.min.css.map using pattern *.ras
         No match for lib/bootstrap/dist/css/bootstrap.rtl.min.css.map using pattern *.rf
         No match for lib/bootstrap/dist/css/bootstrap.rtl.min.css.map using pattern *.rgb
         No match for lib/bootstrap/dist/css/bootstrap.rtl.min.css.map using pattern *.svgz
         No match for lib/bootstrap/dist/css/bootstrap.rtl.min.css.map using pattern *.tif
         No match for lib/bootstrap/dist/css/bootstrap.rtl.min.css.map using pattern *.tiff
         No match for lib/bootstrap/dist/css/bootstrap.rtl.min.css.map using pattern *.wbmp
         No match for lib/bootstrap/dist/css/bootstrap.rtl.min.css.map using pattern *.xbm
         No match for lib/bootstrap/dist/css/bootstrap.rtl.min.css.map using pattern *.xpm
         No match for lib/bootstrap/dist/css/bootstrap.rtl.min.css.map using pattern *.xwd
         No match for lib/bootstrap/dist/css/bootstrap.rtl.min.css.map using pattern *.3g2
         No match for lib/bootstrap/dist/css/bootstrap.rtl.min.css.map using pattern *.3gp2
         No match for lib/bootstrap/dist/css/bootstrap.rtl.min.css.map using pattern *.3gp
         No match for lib/bootstrap/dist/css/bootstrap.rtl.min.css.map using pattern *.3gpp
         No match for lib/bootstrap/dist/css/bootstrap.rtl.min.css.map using pattern *.asf
         No match for lib/bootstrap/dist/css/bootstrap.rtl.min.css.map using pattern *.asr
         No match for lib/bootstrap/dist/css/bootstrap.rtl.min.css.map using pattern *.asx
         No match for lib/bootstrap/dist/css/bootstrap.rtl.min.css.map using pattern *.avi
         No match for lib/bootstrap/dist/css/bootstrap.rtl.min.css.map using pattern *.dvr
         No match for lib/bootstrap/dist/css/bootstrap.rtl.min.css.map using pattern *.flv
         No match for lib/bootstrap/dist/css/bootstrap.rtl.min.css.map using pattern *.IVF
         No match for lib/bootstrap/dist/css/bootstrap.rtl.min.css.map using pattern *.lsf
         No match for lib/bootstrap/dist/css/bootstrap.rtl.min.css.map using pattern *.lsx
         No match for lib/bootstrap/dist/css/bootstrap.rtl.min.css.map using pattern *.m1v
         No match for lib/bootstrap/dist/css/bootstrap.rtl.min.css.map using pattern *.m2ts
         No match for lib/bootstrap/dist/css/bootstrap.rtl.min.css.map using pattern *.qt
         No match for lib/bootstrap/dist/css/bootstrap.rtl.min.css.map using pattern *.ts
         No match for lib/bootstrap/dist/css/bootstrap.rtl.min.css.map using pattern *.tts
         No match for lib/bootstrap/dist/css/bootstrap.rtl.min.css.map using pattern *.wm
         No match for lib/bootstrap/dist/css/bootstrap.rtl.min.css.map using pattern *.wmp
         No match for lib/bootstrap/dist/css/bootstrap.rtl.min.css.map using pattern *.wmv
         No match for lib/bootstrap/dist/css/bootstrap.rtl.min.css.map using pattern *.wmx
         No match for lib/bootstrap/dist/css/bootstrap.rtl.min.css.map using pattern *.wtv
         No match for lib/bootstrap/dist/css/bootstrap.rtl.min.css.map using pattern *.wvx
         File C:\Users\user\OneDrive\╨а╨░╨▒╨╛╤З╨╕╨╣ ╤Б╤В╨╛╨╗\regi\WebApplication15\wwwroot\lib\bootstrap\dist\css\bootstrap.rtl.min.css.map exists.
         Adding endpoint lib/bootstrap/dist/css/bootstrap.rtl.min.css.map for asset C:\Users\user\OneDrive\╨а╨░╨▒╨╛╤З╨╕╨╣ ╤Б╤В╨╛╨╗\regi\WebApplication15\wwwroot\lib\bootstrap\dist\css\bootstrap.rtl.min.css.map.
         Adding endpoint lib/bootstrap/dist/css/bootstrap.rtl.min.css.ft3s53vfgj.map for asset C:\Users\user\OneDrive\╨а╨░╨▒╨╛╤З╨╕╨╣ ╤Б╤В╨╛╨╗\regi\WebApplication15\wwwroot\lib\bootstrap\dist\css\bootstrap.rtl.min.css.map.
         No match for lib/bootstrap/dist/js/bootstrap.bundle.js using pattern *.bmp
         No match for lib/bootstrap/dist/js/bootstrap.bundle.js using pattern *.jpeg
         No match for lib/bootstrap/dist/js/bootstrap.bundle.js using pattern *.jpg
         No match for lib/bootstrap/dist/js/bootstrap.bundle.js using pattern *.gif
         No match for lib/bootstrap/dist/js/bootstrap.bundle.js using pattern *.svg
         No match for lib/bootstrap/dist/js/bootstrap.bundle.js using pattern *.png
         No match for lib/bootstrap/dist/js/bootstrap.bundle.js using pattern *.webp
         No match for lib/bootstrap/dist/js/bootstrap.bundle.js using pattern *.otf
         No match for lib/bootstrap/dist/js/bootstrap.bundle.js using pattern *.woff2
         No match for lib/bootstrap/dist/js/bootstrap.bundle.js using pattern *.m4v
         No match for lib/bootstrap/dist/js/bootstrap.bundle.js using pattern *.mov
         No match for lib/bootstrap/dist/js/bootstrap.bundle.js using pattern *.movie
         No match for lib/bootstrap/dist/js/bootstrap.bundle.js using pattern *.mp2
         No match for lib/bootstrap/dist/js/bootstrap.bundle.js using pattern *.mp4
         No match for lib/bootstrap/dist/js/bootstrap.bundle.js using pattern *.mp4v
         No match for lib/bootstrap/dist/js/bootstrap.bundle.js using pattern *.mpa
         No match for lib/bootstrap/dist/js/bootstrap.bundle.js using pattern *.mpe
         No match for lib/bootstrap/dist/js/bootstrap.bundle.js using pattern *.mpeg
         No match for lib/bootstrap/dist/js/bootstrap.bundle.js using pattern *.mpg
         No match for lib/bootstrap/dist/js/bootstrap.bundle.js using pattern *.mpv2
         No match for lib/bootstrap/dist/js/bootstrap.bundle.js using pattern *.nsc
         No match for lib/bootstrap/dist/js/bootstrap.bundle.js using pattern *.ogg
         No match for lib/bootstrap/dist/js/bootstrap.bundle.js using pattern *.ogv
         No match for lib/bootstrap/dist/js/bootstrap.bundle.js using pattern *.webm
         No match for lib/bootstrap/dist/js/bootstrap.bundle.js using pattern *.art
         No match for lib/bootstrap/dist/js/bootstrap.bundle.js using pattern *.cmx
         No match for lib/bootstrap/dist/js/bootstrap.bundle.js using pattern *.cod
         No match for lib/bootstrap/dist/js/bootstrap.bundle.js using pattern *.dib
         No match for lib/bootstrap/dist/js/bootstrap.bundle.js using pattern *.ico
         No match for lib/bootstrap/dist/js/bootstrap.bundle.js using pattern *.ief
         No match for lib/bootstrap/dist/js/bootstrap.bundle.js using pattern *.jfif
         No match for lib/bootstrap/dist/js/bootstrap.bundle.js using pattern *.jpe
         No match for lib/bootstrap/dist/js/bootstrap.bundle.js using pattern *.pbm
         No match for lib/bootstrap/dist/js/bootstrap.bundle.js using pattern *.pgm
         No match for lib/bootstrap/dist/js/bootstrap.bundle.js using pattern *.pnm
         No match for lib/bootstrap/dist/js/bootstrap.bundle.js using pattern *.pnz
         No match for lib/bootstrap/dist/js/bootstrap.bundle.js using pattern *.ppm
         No match for lib/bootstrap/dist/js/bootstrap.bundle.js using pattern *.ras
         No match for lib/bootstrap/dist/js/bootstrap.bundle.js using pattern *.rf
         No match for lib/bootstrap/dist/js/bootstrap.bundle.js using pattern *.rgb
         No match for lib/bootstrap/dist/js/bootstrap.bundle.js using pattern *.svgz
         No match for lib/bootstrap/dist/js/bootstrap.bundle.js using pattern *.tif
         No match for lib/bootstrap/dist/js/bootstrap.bundle.js using pattern *.tiff
         No match for lib/bootstrap/dist/js/bootstrap.bundle.js using pattern *.wbmp
         No match for lib/bootstrap/dist/js/bootstrap.bundle.js using pattern *.xbm
         No match for lib/bootstrap/dist/js/bootstrap.bundle.js using pattern *.xpm
         No match for lib/bootstrap/dist/js/bootstrap.bundle.js using pattern *.xwd
         No match for lib/bootstrap/dist/js/bootstrap.bundle.js using pattern *.3g2
         No match for lib/bootstrap/dist/js/bootstrap.bundle.js using pattern *.3gp2
         No match for lib/bootstrap/dist/js/bootstrap.bundle.js using pattern *.3gp
         No match for lib/bootstrap/dist/js/bootstrap.bundle.js using pattern *.3gpp
         No match for lib/bootstrap/dist/js/bootstrap.bundle.js using pattern *.asf
         No match for lib/bootstrap/dist/js/bootstrap.bundle.js using pattern *.asr
         No match for lib/bootstrap/dist/js/bootstrap.bundle.js using pattern *.asx
         No match for lib/bootstrap/dist/js/bootstrap.bundle.js using pattern *.avi
         No match for lib/bootstrap/dist/js/bootstrap.bundle.js using pattern *.dvr
         No match for lib/bootstrap/dist/js/bootstrap.bundle.js using pattern *.flv
         No match for lib/bootstrap/dist/js/bootstrap.bundle.js using pattern *.IVF
         No match for lib/bootstrap/dist/js/bootstrap.bundle.js using pattern *.lsf
         No match for lib/bootstrap/dist/js/bootstrap.bundle.js using pattern *.lsx
         No match for lib/bootstrap/dist/js/bootstrap.bundle.js using pattern *.m1v
         No match for lib/bootstrap/dist/js/bootstrap.bundle.js using pattern *.m2ts
         No match for lib/bootstrap/dist/js/bootstrap.bundle.js using pattern *.qt
         No match for lib/bootstrap/dist/js/bootstrap.bundle.js using pattern *.ts
         No match for lib/bootstrap/dist/js/bootstrap.bundle.js using pattern *.tts
         No match for lib/bootstrap/dist/js/bootstrap.bundle.js using pattern *.wm
         No match for lib/bootstrap/dist/js/bootstrap.bundle.js using pattern *.wmp
         No match for lib/bootstrap/dist/js/bootstrap.bundle.js using pattern *.wmv
         No match for lib/bootstrap/dist/js/bootstrap.bundle.js using pattern *.wmx
         No match for lib/bootstrap/dist/js/bootstrap.bundle.js using pattern *.wtv
         No match for lib/bootstrap/dist/js/bootstrap.bundle.js using pattern *.wvx
         File C:\Users\user\OneDrive\╨а╨░╨▒╨╛╤З╨╕╨╣ ╤Б╤В╨╛╨╗\regi\WebApplication15\wwwroot\lib\bootstrap\dist\js\bootstrap.bundle.js exists.
         No match for lib/bootstrap/dist/js/bootstrap.bundle.js using pattern *.bmp
         No match for lib/bootstrap/dist/js/bootstrap.bundle.js using pattern *.jpeg
         No match for lib/bootstrap/dist/js/bootstrap.bundle.js using pattern *.jpg
         No match for lib/bootstrap/dist/js/bootstrap.bundle.js using pattern *.gif
         No match for lib/bootstrap/dist/js/bootstrap.bundle.js using pattern *.svg
         No match for lib/bootstrap/dist/js/bootstrap.bundle.js using pattern *.png
         No match for lib/bootstrap/dist/js/bootstrap.bundle.js using pattern *.webp
         No match for lib/bootstrap/dist/js/bootstrap.bundle.js using pattern *.otf
         No match for lib/bootstrap/dist/js/bootstrap.bundle.js using pattern *.woff2
         No match for lib/bootstrap/dist/js/bootstrap.bundle.js using pattern *.m4v
         No match for lib/bootstrap/dist/js/bootstrap.bundle.js using pattern *.mov
         No match for lib/bootstrap/dist/js/bootstrap.bundle.js using pattern *.movie
         No match for lib/bootstrap/dist/js/bootstrap.bundle.js using pattern *.mp2
         No match for lib/bootstrap/dist/js/bootstrap.bundle.js using pattern *.mp4
         No match for lib/bootstrap/dist/js/bootstrap.bundle.js using pattern *.mp4v
         No match for lib/bootstrap/dist/js/bootstrap.bundle.js using pattern *.mpa
         No match for lib/bootstrap/dist/js/bootstrap.bundle.js using pattern *.mpe
         No match for lib/bootstrap/dist/js/bootstrap.bundle.js using pattern *.mpeg
         No match for lib/bootstrap/dist/js/bootstrap.bundle.js using pattern *.mpg
         No match for lib/bootstrap/dist/js/bootstrap.bundle.js using pattern *.mpv2
         No match for lib/bootstrap/dist/js/bootstrap.bundle.js using pattern *.nsc
         No match for lib/bootstrap/dist/js/bootstrap.bundle.js using pattern *.ogg
         No match for lib/bootstrap/dist/js/bootstrap.bundle.js using pattern *.ogv
         No match for lib/bootstrap/dist/js/bootstrap.bundle.js using pattern *.webm
         No match for lib/bootstrap/dist/js/bootstrap.bundle.js using pattern *.art
         No match for lib/bootstrap/dist/js/bootstrap.bundle.js using pattern *.cmx
         No match for lib/bootstrap/dist/js/bootstrap.bundle.js using pattern *.cod
         No match for lib/bootstrap/dist/js/bootstrap.bundle.js using pattern *.dib
         No match for lib/bootstrap/dist/js/bootstrap.bundle.js using pattern *.ico
         No match for lib/bootstrap/dist/js/bootstrap.bundle.js using pattern *.ief
         No match for lib/bootstrap/dist/js/bootstrap.bundle.js using pattern *.jfif
         No match for lib/bootstrap/dist/js/bootstrap.bundle.js using pattern *.jpe
         No match for lib/bootstrap/dist/js/bootstrap.bundle.js using pattern *.pbm
         No match for lib/bootstrap/dist/js/bootstrap.bundle.js using pattern *.pgm
         No match for lib/bootstrap/dist/js/bootstrap.bundle.js using pattern *.pnm
         No match for lib/bootstrap/dist/js/bootstrap.bundle.js using pattern *.pnz
         No match for lib/bootstrap/dist/js/bootstrap.bundle.js using pattern *.ppm
         No match for lib/bootstrap/dist/js/bootstrap.bundle.js using pattern *.ras
         No match for lib/bootstrap/dist/js/bootstrap.bundle.js using pattern *.rf
         No match for lib/bootstrap/dist/js/bootstrap.bundle.js using pattern *.rgb
         No match for lib/bootstrap/dist/js/bootstrap.bundle.js using pattern *.svgz
         No match for lib/bootstrap/dist/js/bootstrap.bundle.js using pattern *.tif
         No match for lib/bootstrap/dist/js/bootstrap.bundle.js using pattern *.tiff
         No match for lib/bootstrap/dist/js/bootstrap.bundle.js using pattern *.wbmp
         No match for lib/bootstrap/dist/js/bootstrap.bundle.js using pattern *.xbm
         No match for lib/bootstrap/dist/js/bootstrap.bundle.js using pattern *.xpm
         No match for lib/bootstrap/dist/js/bootstrap.bundle.js using pattern *.xwd
         No match for lib/bootstrap/dist/js/bootstrap.bundle.js using pattern *.3g2
         No match for lib/bootstrap/dist/js/bootstrap.bundle.js using pattern *.3gp2
         No match for lib/bootstrap/dist/js/bootstrap.bundle.js using pattern *.3gp
         No match for lib/bootstrap/dist/js/bootstrap.bundle.js using pattern *.3gpp
         No match for lib/bootstrap/dist/js/bootstrap.bundle.js using pattern *.asf
         No match for lib/bootstrap/dist/js/bootstrap.bundle.js using pattern *.asr
         No match for lib/bootstrap/dist/js/bootstrap.bundle.js using pattern *.asx
         No match for lib/bootstrap/dist/js/bootstrap.bundle.js using pattern *.avi
         No match for lib/bootstrap/dist/js/bootstrap.bundle.js using pattern *.dvr
         No match for lib/bootstrap/dist/js/bootstrap.bundle.js using pattern *.flv
         No match for lib/bootstrap/dist/js/bootstrap.bundle.js using pattern *.IVF
         No match for lib/bootstrap/dist/js/bootstrap.bundle.js using pattern *.lsf
         No match for lib/bootstrap/dist/js/bootstrap.bundle.js using pattern *.lsx
         No match for lib/bootstrap/dist/js/bootstrap.bundle.js using pattern *.m1v
         No match for lib/bootstrap/dist/js/bootstrap.bundle.js using pattern *.m2ts
         No match for lib/bootstrap/dist/js/bootstrap.bundle.js using pattern *.qt
         No match for lib/bootstrap/dist/js/bootstrap.bundle.js using pattern *.ts
         No match for lib/bootstrap/dist/js/bootstrap.bundle.js using pattern *.tts
         No match for lib/bootstrap/dist/js/bootstrap.bundle.js using pattern *.wm
         No match for lib/bootstrap/dist/js/bootstrap.bundle.js using pattern *.wmp
         No match for lib/bootstrap/dist/js/bootstrap.bundle.js using pattern *.wmv
         No match for lib/bootstrap/dist/js/bootstrap.bundle.js using pattern *.wmx
         No match for lib/bootstrap/dist/js/bootstrap.bundle.js using pattern *.wtv
         No match for lib/bootstrap/dist/js/bootstrap.bundle.js using pattern *.wvx
         File C:\Users\user\OneDrive\╨а╨░╨▒╨╛╤З╨╕╨╣ ╤Б╤В╨╛╨╗\regi\WebApplication15\wwwroot\lib\bootstrap\dist\js\bootstrap.bundle.js exists.
         Adding endpoint lib/bootstrap/dist/js/bootstrap.bundle.js for asset C:\Users\user\OneDrive\╨а╨░╨▒╨╛╤З╨╕╨╣ ╤Б╤В╨╛╨╗\regi\WebApplication15\wwwroot\lib\bootstrap\dist\js\bootstrap.bundle.js.
         Adding endpoint lib/bootstrap/dist/js/bootstrap.bundle.6cfz1n2cew.js for asset C:\Users\user\OneDrive\╨а╨░╨▒╨╛╤З╨╕╨╣ ╤Б╤В╨╛╨╗\regi\WebApplication15\wwwroot\lib\bootstrap\dist\js\bootstrap.bundle.js.
         No match for lib/bootstrap/dist/js/bootstrap.bundle.js.map using pattern *.bmp
         No match for lib/bootstrap/dist/js/bootstrap.bundle.js.map using pattern *.jpeg
         No match for lib/bootstrap/dist/js/bootstrap.bundle.js.map using pattern *.jpg
         No match for lib/bootstrap/dist/js/bootstrap.bundle.js.map using pattern *.gif
         No match for lib/bootstrap/dist/js/bootstrap.bundle.js.map using pattern *.svg
         No match for lib/bootstrap/dist/js/bootstrap.bundle.js.map using pattern *.png
         No match for lib/bootstrap/dist/js/bootstrap.bundle.js.map using pattern *.webp
         No match for lib/bootstrap/dist/js/bootstrap.bundle.js.map using pattern *.otf
         No match for lib/bootstrap/dist/js/bootstrap.bundle.js.map using pattern *.woff2
         No match for lib/bootstrap/dist/js/bootstrap.bundle.js.map using pattern *.m4v
         No match for lib/bootstrap/dist/js/bootstrap.bundle.js.map using pattern *.mov
         No match for lib/bootstrap/dist/js/bootstrap.bundle.js.map using pattern *.movie
         No match for lib/bootstrap/dist/js/bootstrap.bundle.js.map using pattern *.mp2
         No match for lib/bootstrap/dist/js/bootstrap.bundle.js.map using pattern *.mp4
         No match for lib/bootstrap/dist/js/bootstrap.bundle.js.map using pattern *.mp4v
         No match for lib/bootstrap/dist/js/bootstrap.bundle.js.map using pattern *.mpa
         No match for lib/bootstrap/dist/js/bootstrap.bundle.js.map using pattern *.mpe
         No match for lib/bootstrap/dist/js/bootstrap.bundle.js.map using pattern *.mpeg
         No match for lib/bootstrap/dist/js/bootstrap.bundle.js.map using pattern *.mpg
         No match for lib/bootstrap/dist/js/bootstrap.bundle.js.map using pattern *.mpv2
         No match for lib/bootstrap/dist/js/bootstrap.bundle.js.map using pattern *.nsc
         No match for lib/bootstrap/dist/js/bootstrap.bundle.js.map using pattern *.ogg
         No match for lib/bootstrap/dist/js/bootstrap.bundle.js.map using pattern *.ogv
         No match for lib/bootstrap/dist/js/bootstrap.bundle.js.map using pattern *.webm
         No match for lib/bootstrap/dist/js/bootstrap.bundle.js.map using pattern *.art
         No match for lib/bootstrap/dist/js/bootstrap.bundle.js.map using pattern *.cmx
         No match for lib/bootstrap/dist/js/bootstrap.bundle.js.map using pattern *.cod
         No match for lib/bootstrap/dist/js/bootstrap.bundle.js.map using pattern *.dib
         No match for lib/bootstrap/dist/js/bootstrap.bundle.js.map using pattern *.ico
         No match for lib/bootstrap/dist/js/bootstrap.bundle.js.map using pattern *.ief
         No match for lib/bootstrap/dist/js/bootstrap.bundle.js.map using pattern *.jfif
         No match for lib/bootstrap/dist/js/bootstrap.bundle.js.map using pattern *.jpe
         No match for lib/bootstrap/dist/js/bootstrap.bundle.js.map using pattern *.pbm
         No match for lib/bootstrap/dist/js/bootstrap.bundle.js.map using pattern *.pgm
         No match for lib/bootstrap/dist/js/bootstrap.bundle.js.map using pattern *.pnm
         No match for lib/bootstrap/dist/js/bootstrap.bundle.js.map using pattern *.pnz
         No match for lib/bootstrap/dist/js/bootstrap.bundle.js.map using pattern *.ppm
         No match for lib/bootstrap/dist/js/bootstrap.bundle.js.map using pattern *.ras
         No match for lib/bootstrap/dist/js/bootstrap.bundle.js.map using pattern *.rf
         No match for lib/bootstrap/dist/js/bootstrap.bundle.js.map using pattern *.rgb
         No match for lib/bootstrap/dist/js/bootstrap.bundle.js.map using pattern *.svgz
         No match for lib/bootstrap/dist/js/bootstrap.bundle.js.map using pattern *.tif
         No match for lib/bootstrap/dist/js/bootstrap.bundle.js.map using pattern *.tiff
         No match for lib/bootstrap/dist/js/bootstrap.bundle.js.map using pattern *.wbmp
         No match for lib/bootstrap/dist/js/bootstrap.bundle.js.map using pattern *.xbm
         No match for lib/bootstrap/dist/js/bootstrap.bundle.js.map using pattern *.xpm
         No match for lib/bootstrap/dist/js/bootstrap.bundle.js.map using pattern *.xwd
         No match for lib/bootstrap/dist/js/bootstrap.bundle.js.map using pattern *.3g2
         No match for lib/bootstrap/dist/js/bootstrap.bundle.js.map using pattern *.3gp2
         No match for lib/bootstrap/dist/js/bootstrap.bundle.js.map using pattern *.3gp
         No match for lib/bootstrap/dist/js/bootstrap.bundle.js.map using pattern *.3gpp
         No match for lib/bootstrap/dist/js/bootstrap.bundle.js.map using pattern *.asf
         No match for lib/bootstrap/dist/js/bootstrap.bundle.js.map using pattern *.asr
         No match for lib/bootstrap/dist/js/bootstrap.bundle.js.map using pattern *.asx
         No match for lib/bootstrap/dist/js/bootstrap.bundle.js.map using pattern *.avi
         No match for lib/bootstrap/dist/js/bootstrap.bundle.js.map using pattern *.dvr
         No match for lib/bootstrap/dist/js/bootstrap.bundle.js.map using pattern *.flv
         No match for lib/bootstrap/dist/js/bootstrap.bundle.js.map using pattern *.IVF
         No match for lib/bootstrap/dist/js/bootstrap.bundle.js.map using pattern *.lsf
         No match for lib/bootstrap/dist/js/bootstrap.bundle.js.map using pattern *.lsx
         No match for lib/bootstrap/dist/js/bootstrap.bundle.js.map using pattern *.m1v
         No match for lib/bootstrap/dist/js/bootstrap.bundle.js.map using pattern *.m2ts
         No match for lib/bootstrap/dist/js/bootstrap.bundle.js.map using pattern *.qt
         No match for lib/bootstrap/dist/js/bootstrap.bundle.js.map using pattern *.ts
         No match for lib/bootstrap/dist/js/bootstrap.bundle.js.map using pattern *.tts
         No match for lib/bootstrap/dist/js/bootstrap.bundle.js.map using pattern *.wm
         No match for lib/bootstrap/dist/js/bootstrap.bundle.js.map using pattern *.wmp
         No match for lib/bootstrap/dist/js/bootstrap.bundle.js.map using pattern *.wmv
         No match for lib/bootstrap/dist/js/bootstrap.bundle.js.map using pattern *.wmx
         No match for lib/bootstrap/dist/js/bootstrap.bundle.js.map using pattern *.wtv
         No match for lib/bootstrap/dist/js/bootstrap.bundle.js.map using pattern *.wvx
         File C:\Users\user\OneDrive\╨а╨░╨▒╨╛╤З╨╕╨╣ ╤Б╤В╨╛╨╗\regi\WebApplication15\wwwroot\lib\bootstrap\dist\js\bootstrap.bundle.js.map exists.
         No match for lib/bootstrap/dist/js/bootstrap.bundle.js.map using pattern *.bmp
         No match for lib/bootstrap/dist/js/bootstrap.bundle.js.map using pattern *.jpeg
         No match for lib/bootstrap/dist/js/bootstrap.bundle.js.map using pattern *.jpg
         No match for lib/bootstrap/dist/js/bootstrap.bundle.js.map using pattern *.gif
         No match for lib/bootstrap/dist/js/bootstrap.bundle.js.map using pattern *.svg
         No match for lib/bootstrap/dist/js/bootstrap.bundle.js.map using pattern *.png
         No match for lib/bootstrap/dist/js/bootstrap.bundle.js.map using pattern *.webp
         No match for lib/bootstrap/dist/js/bootstrap.bundle.js.map using pattern *.otf
         No match for lib/bootstrap/dist/js/bootstrap.bundle.js.map using pattern *.woff2
         No match for lib/bootstrap/dist/js/bootstrap.bundle.js.map using pattern *.m4v
         No match for lib/bootstrap/dist/js/bootstrap.bundle.js.map using pattern *.mov
         No match for lib/bootstrap/dist/js/bootstrap.bundle.js.map using pattern *.movie
         No match for lib/bootstrap/dist/js/bootstrap.bundle.js.map using pattern *.mp2
         No match for lib/bootstrap/dist/js/bootstrap.bundle.js.map using pattern *.mp4
         No match for lib/bootstrap/dist/js/bootstrap.bundle.js.map using pattern *.mp4v
         No match for lib/bootstrap/dist/js/bootstrap.bundle.js.map using pattern *.mpa
         No match for lib/bootstrap/dist/js/bootstrap.bundle.js.map using pattern *.mpe
         No match for lib/bootstrap/dist/js/bootstrap.bundle.js.map using pattern *.mpeg
         No match for lib/bootstrap/dist/js/bootstrap.bundle.js.map using pattern *.mpg
         No match for lib/bootstrap/dist/js/bootstrap.bundle.js.map using pattern *.mpv2
         No match for lib/bootstrap/dist/js/bootstrap.bundle.js.map using pattern *.nsc
         No match for lib/bootstrap/dist/js/bootstrap.bundle.js.map using pattern *.ogg
         No match for lib/bootstrap/dist/js/bootstrap.bundle.js.map using pattern *.ogv
         No match for lib/bootstrap/dist/js/bootstrap.bundle.js.map using pattern *.webm
         No match for lib/bootstrap/dist/js/bootstrap.bundle.js.map using pattern *.art
         No match for lib/bootstrap/dist/js/bootstrap.bundle.js.map using pattern *.cmx
         No match for lib/bootstrap/dist/js/bootstrap.bundle.js.map using pattern *.cod
         No match for lib/bootstrap/dist/js/bootstrap.bundle.js.map using pattern *.dib
         No match for lib/bootstrap/dist/js/bootstrap.bundle.js.map using pattern *.ico
         No match for lib/bootstrap/dist/js/bootstrap.bundle.js.map using pattern *.ief
         No match for lib/bootstrap/dist/js/bootstrap.bundle.js.map using pattern *.jfif
         No match for lib/bootstrap/dist/js/bootstrap.bundle.js.map using pattern *.jpe
         No match for lib/bootstrap/dist/js/bootstrap.bundle.js.map using pattern *.pbm
         No match for lib/bootstrap/dist/js/bootstrap.bundle.js.map using pattern *.pgm
         No match for lib/bootstrap/dist/js/bootstrap.bundle.js.map using pattern *.pnm
         No match for lib/bootstrap/dist/js/bootstrap.bundle.js.map using pattern *.pnz
         No match for lib/bootstrap/dist/js/bootstrap.bundle.js.map using pattern *.ppm
         No match for lib/bootstrap/dist/js/bootstrap.bundle.js.map using pattern *.ras
         No match for lib/bootstrap/dist/js/bootstrap.bundle.js.map using pattern *.rf
         No match for lib/bootstrap/dist/js/bootstrap.bundle.js.map using pattern *.rgb
         No match for lib/bootstrap/dist/js/bootstrap.bundle.js.map using pattern *.svgz
         No match for lib/bootstrap/dist/js/bootstrap.bundle.js.map using pattern *.tif
         No match for lib/bootstrap/dist/js/bootstrap.bundle.js.map using pattern *.tiff
         No match for lib/bootstrap/dist/js/bootstrap.bundle.js.map using pattern *.wbmp
         No match for lib/bootstrap/dist/js/bootstrap.bundle.js.map using pattern *.xbm
         No match for lib/bootstrap/dist/js/bootstrap.bundle.js.map using pattern *.xpm
         No match for lib/bootstrap/dist/js/bootstrap.bundle.js.map using pattern *.xwd
         No match for lib/bootstrap/dist/js/bootstrap.bundle.js.map using pattern *.3g2
         No match for lib/bootstrap/dist/js/bootstrap.bundle.js.map using pattern *.3gp2
         No match for lib/bootstrap/dist/js/bootstrap.bundle.js.map using pattern *.3gp
         No match for lib/bootstrap/dist/js/bootstrap.bundle.js.map using pattern *.3gpp
         No match for lib/bootstrap/dist/js/bootstrap.bundle.js.map using pattern *.asf
         No match for lib/bootstrap/dist/js/bootstrap.bundle.js.map using pattern *.asr
         No match for lib/bootstrap/dist/js/bootstrap.bundle.js.map using pattern *.asx
         No match for lib/bootstrap/dist/js/bootstrap.bundle.js.map using pattern *.avi
         No match for lib/bootstrap/dist/js/bootstrap.bundle.js.map using pattern *.dvr
         No match for lib/bootstrap/dist/js/bootstrap.bundle.js.map using pattern *.flv
         No match for lib/bootstrap/dist/js/bootstrap.bundle.js.map using pattern *.IVF
         No match for lib/bootstrap/dist/js/bootstrap.bundle.js.map using pattern *.lsf
         No match for lib/bootstrap/dist/js/bootstrap.bundle.js.map using pattern *.lsx
         No match for lib/bootstrap/dist/js/bootstrap.bundle.js.map using pattern *.m1v
         No match for lib/bootstrap/dist/js/bootstrap.bundle.js.map using pattern *.m2ts
         No match for lib/bootstrap/dist/js/bootstrap.bundle.js.map using pattern *.qt
         No match for lib/bootstrap/dist/js/bootstrap.bundle.js.map using pattern *.ts
         No match for lib/bootstrap/dist/js/bootstrap.bundle.js.map using pattern *.tts
         No match for lib/bootstrap/dist/js/bootstrap.bundle.js.map using pattern *.wm
         No match for lib/bootstrap/dist/js/bootstrap.bundle.js.map using pattern *.wmp
         No match for lib/bootstrap/dist/js/bootstrap.bundle.js.map using pattern *.wmv
         No match for lib/bootstrap/dist/js/bootstrap.bundle.js.map using pattern *.wmx
         No match for lib/bootstrap/dist/js/bootstrap.bundle.js.map using pattern *.wtv
         No match for lib/bootstrap/dist/js/bootstrap.bundle.js.map using pattern *.wvx
         File C:\Users\user\OneDrive\╨а╨░╨▒╨╛╤З╨╕╨╣ ╤Б╤В╨╛╨╗\regi\WebApplication15\wwwroot\lib\bootstrap\dist\js\bootstrap.bundle.js.map exists.
         Adding endpoint lib/bootstrap/dist/js/bootstrap.bundle.js.map for asset C:\Users\user\OneDrive\╨а╨░╨▒╨╛╤З╨╕╨╣ ╤Б╤В╨╛╨╗\regi\WebApplication15\wwwroot\lib\bootstrap\dist\js\bootstrap.bundle.js.map.
         Adding endpoint lib/bootstrap/dist/js/bootstrap.bundle.js.6pdc2jztkx.map for asset C:\Users\user\OneDrive\╨а╨░╨▒╨╛╤З╨╕╨╣ ╤Б╤В╨╛╨╗\regi\WebApplication15\wwwroot\lib\bootstrap\dist\js\bootstrap.bundle.js.map.
         No match for lib/bootstrap/dist/js/bootstrap.bundle.min.js using pattern *.bmp
         No match for lib/bootstrap/dist/js/bootstrap.bundle.min.js using pattern *.jpeg
         No match for lib/bootstrap/dist/js/bootstrap.bundle.min.js using pattern *.jpg
         No match for lib/bootstrap/dist/js/bootstrap.bundle.min.js using pattern *.gif
         No match for lib/bootstrap/dist/js/bootstrap.bundle.min.js using pattern *.svg
         No match for lib/bootstrap/dist/js/bootstrap.bundle.min.js using pattern *.png
         No match for lib/bootstrap/dist/js/bootstrap.bundle.min.js using pattern *.webp
         No match for lib/bootstrap/dist/js/bootstrap.bundle.min.js using pattern *.otf
         No match for lib/bootstrap/dist/js/bootstrap.bundle.min.js using pattern *.woff2
         No match for lib/bootstrap/dist/js/bootstrap.bundle.min.js using pattern *.m4v
         No match for lib/bootstrap/dist/js/bootstrap.bundle.min.js using pattern *.mov
         No match for lib/bootstrap/dist/js/bootstrap.bundle.min.js using pattern *.movie
         No match for lib/bootstrap/dist/js/bootstrap.bundle.min.js using pattern *.mp2
         No match for lib/bootstrap/dist/js/bootstrap.bundle.min.js using pattern *.mp4
         No match for lib/bootstrap/dist/js/bootstrap.bundle.min.js using pattern *.mp4v
         No match for lib/bootstrap/dist/js/bootstrap.bundle.min.js using pattern *.mpa
         No match for lib/bootstrap/dist/js/bootstrap.bundle.min.js using pattern *.mpe
         No match for lib/bootstrap/dist/js/bootstrap.bundle.min.js using pattern *.mpeg
         No match for lib/bootstrap/dist/js/bootstrap.bundle.min.js using pattern *.mpg
         No match for lib/bootstrap/dist/js/bootstrap.bundle.min.js using pattern *.mpv2
         No match for lib/bootstrap/dist/js/bootstrap.bundle.min.js using pattern *.nsc
         No match for lib/bootstrap/dist/js/bootstrap.bundle.min.js using pattern *.ogg
         No match for lib/bootstrap/dist/js/bootstrap.bundle.min.js using pattern *.ogv
         No match for lib/bootstrap/dist/js/bootstrap.bundle.min.js using pattern *.webm
         No match for lib/bootstrap/dist/js/bootstrap.bundle.min.js using pattern *.art
         No match for lib/bootstrap/dist/js/bootstrap.bundle.min.js using pattern *.cmx
         No match for lib/bootstrap/dist/js/bootstrap.bundle.min.js using pattern *.cod
         No match for lib/bootstrap/dist/js/bootstrap.bundle.min.js using pattern *.dib
         No match for lib/bootstrap/dist/js/bootstrap.bundle.min.js using pattern *.ico
         No match for lib/bootstrap/dist/js/bootstrap.bundle.min.js using pattern *.ief
         No match for lib/bootstrap/dist/js/bootstrap.bundle.min.js using pattern *.jfif
         No match for lib/bootstrap/dist/js/bootstrap.bundle.min.js using pattern *.jpe
         No match for lib/bootstrap/dist/js/bootstrap.bundle.min.js using pattern *.pbm
         No match for lib/bootstrap/dist/js/bootstrap.bundle.min.js using pattern *.pgm
         No match for lib/bootstrap/dist/js/bootstrap.bundle.min.js using pattern *.pnm
         No match for lib/bootstrap/dist/js/bootstrap.bundle.min.js using pattern *.pnz
         No match for lib/bootstrap/dist/js/bootstrap.bundle.min.js using pattern *.ppm
         No match for lib/bootstrap/dist/js/bootstrap.bundle.min.js using pattern *.ras
         No match for lib/bootstrap/dist/js/bootstrap.bundle.min.js using pattern *.rf
         No match for lib/bootstrap/dist/js/bootstrap.bundle.min.js using pattern *.rgb
         No match for lib/bootstrap/dist/js/bootstrap.bundle.min.js using pattern *.svgz
         No match for lib/bootstrap/dist/js/bootstrap.bundle.min.js using pattern *.tif
         No match for lib/bootstrap/dist/js/bootstrap.bundle.min.js using pattern *.tiff
         No match for lib/bootstrap/dist/js/bootstrap.bundle.min.js using pattern *.wbmp
         No match for lib/bootstrap/dist/js/bootstrap.bundle.min.js using pattern *.xbm
         No match for lib/bootstrap/dist/js/bootstrap.bundle.min.js using pattern *.xpm
         No match for lib/bootstrap/dist/js/bootstrap.bundle.min.js using pattern *.xwd
         No match for lib/bootstrap/dist/js/bootstrap.bundle.min.js using pattern *.3g2
         No match for lib/bootstrap/dist/js/bootstrap.bundle.min.js using pattern *.3gp2
         No match for lib/bootstrap/dist/js/bootstrap.bundle.min.js using pattern *.3gp
         No match for lib/bootstrap/dist/js/bootstrap.bundle.min.js using pattern *.3gpp
         No match for lib/bootstrap/dist/js/bootstrap.bundle.min.js using pattern *.asf
         No match for lib/bootstrap/dist/js/bootstrap.bundle.min.js using pattern *.asr
         No match for lib/bootstrap/dist/js/bootstrap.bundle.min.js using pattern *.asx
         No match for lib/bootstrap/dist/js/bootstrap.bundle.min.js using pattern *.avi
         No match for lib/bootstrap/dist/js/bootstrap.bundle.min.js using pattern *.dvr
         No match for lib/bootstrap/dist/js/bootstrap.bundle.min.js using pattern *.flv
         No match for lib/bootstrap/dist/js/bootstrap.bundle.min.js using pattern *.IVF
         No match for lib/bootstrap/dist/js/bootstrap.bundle.min.js using pattern *.lsf
         No match for lib/bootstrap/dist/js/bootstrap.bundle.min.js using pattern *.lsx
         No match for lib/bootstrap/dist/js/bootstrap.bundle.min.js using pattern *.m1v
         No match for lib/bootstrap/dist/js/bootstrap.bundle.min.js using pattern *.m2ts
         No match for lib/bootstrap/dist/js/bootstrap.bundle.min.js using pattern *.qt
         No match for lib/bootstrap/dist/js/bootstrap.bundle.min.js using pattern *.ts
         No match for lib/bootstrap/dist/js/bootstrap.bundle.min.js using pattern *.tts
         No match for lib/bootstrap/dist/js/bootstrap.bundle.min.js using pattern *.wm
         No match for lib/bootstrap/dist/js/bootstrap.bundle.min.js using pattern *.wmp
         No match for lib/bootstrap/dist/js/bootstrap.bundle.min.js using pattern *.wmv
         No match for lib/bootstrap/dist/js/bootstrap.bundle.min.js using pattern *.wmx
         No match for lib/bootstrap/dist/js/bootstrap.bundle.min.js using pattern *.wtv
         No match for lib/bootstrap/dist/js/bootstrap.bundle.min.js using pattern *.wvx
         File C:\Users\user\OneDrive\╨а╨░╨▒╨╛╤З╨╕╨╣ ╤Б╤В╨╛╨╗\regi\WebApplication15\wwwroot\lib\bootstrap\dist\js\bootstrap.bundle.min.js exists.
         No match for lib/bootstrap/dist/js/bootstrap.bundle.min.js using pattern *.bmp
         No match for lib/bootstrap/dist/js/bootstrap.bundle.min.js using pattern *.jpeg
         No match for lib/bootstrap/dist/js/bootstrap.bundle.min.js using pattern *.jpg
         No match for lib/bootstrap/dist/js/bootstrap.bundle.min.js using pattern *.gif
         No match for lib/bootstrap/dist/js/bootstrap.bundle.min.js using pattern *.svg
         No match for lib/bootstrap/dist/js/bootstrap.bundle.min.js using pattern *.png
         No match for lib/bootstrap/dist/js/bootstrap.bundle.min.js using pattern *.webp
         No match for lib/bootstrap/dist/js/bootstrap.bundle.min.js using pattern *.otf
         No match for lib/bootstrap/dist/js/bootstrap.bundle.min.js using pattern *.woff2
         No match for lib/bootstrap/dist/js/bootstrap.bundle.min.js using pattern *.m4v
         No match for lib/bootstrap/dist/js/bootstrap.bundle.min.js using pattern *.mov
         No match for lib/bootstrap/dist/js/bootstrap.bundle.min.js using pattern *.movie
         No match for lib/bootstrap/dist/js/bootstrap.bundle.min.js using pattern *.mp2
         No match for lib/bootstrap/dist/js/bootstrap.bundle.min.js using pattern *.mp4
         No match for lib/bootstrap/dist/js/bootstrap.bundle.min.js using pattern *.mp4v
         No match for lib/bootstrap/dist/js/bootstrap.bundle.min.js using pattern *.mpa
         No match for lib/bootstrap/dist/js/bootstrap.bundle.min.js using pattern *.mpe
         No match for lib/bootstrap/dist/js/bootstrap.bundle.min.js using pattern *.mpeg
         No match for lib/bootstrap/dist/js/bootstrap.bundle.min.js using pattern *.mpg
         No match for lib/bootstrap/dist/js/bootstrap.bundle.min.js using pattern *.mpv2
         No match for lib/bootstrap/dist/js/bootstrap.bundle.min.js using pattern *.nsc
         No match for lib/bootstrap/dist/js/bootstrap.bundle.min.js using pattern *.ogg
         No match for lib/bootstrap/dist/js/bootstrap.bundle.min.js using pattern *.ogv
         No match for lib/bootstrap/dist/js/bootstrap.bundle.min.js using pattern *.webm
         No match for lib/bootstrap/dist/js/bootstrap.bundle.min.js using pattern *.art
         No match for lib/bootstrap/dist/js/bootstrap.bundle.min.js using pattern *.cmx
         No match for lib/bootstrap/dist/js/bootstrap.bundle.min.js using pattern *.cod
         No match for lib/bootstrap/dist/js/bootstrap.bundle.min.js using pattern *.dib
         No match for lib/bootstrap/dist/js/bootstrap.bundle.min.js using pattern *.ico
         No match for lib/bootstrap/dist/js/bootstrap.bundle.min.js using pattern *.ief
         No match for lib/bootstrap/dist/js/bootstrap.bundle.min.js using pattern *.jfif
         No match for lib/bootstrap/dist/js/bootstrap.bundle.min.js using pattern *.jpe
         No match for lib/bootstrap/dist/js/bootstrap.bundle.min.js using pattern *.pbm
         No match for lib/bootstrap/dist/js/bootstrap.bundle.min.js using pattern *.pgm
         No match for lib/bootstrap/dist/js/bootstrap.bundle.min.js using pattern *.pnm
         No match for lib/bootstrap/dist/js/bootstrap.bundle.min.js using pattern *.pnz
         No match for lib/bootstrap/dist/js/bootstrap.bundle.min.js using pattern *.ppm
         No match for lib/bootstrap/dist/js/bootstrap.bundle.min.js using pattern *.ras
         No match for lib/bootstrap/dist/js/bootstrap.bundle.min.js using pattern *.rf
         No match for lib/bootstrap/dist/js/bootstrap.bundle.min.js using pattern *.rgb
         No match for lib/bootstrap/dist/js/bootstrap.bundle.min.js using pattern *.svgz
         No match for lib/bootstrap/dist/js/bootstrap.bundle.min.js using pattern *.tif
         No match for lib/bootstrap/dist/js/bootstrap.bundle.min.js using pattern *.tiff
         No match for lib/bootstrap/dist/js/bootstrap.bundle.min.js using pattern *.wbmp
         No match for lib/bootstrap/dist/js/bootstrap.bundle.min.js using pattern *.xbm
         No match for lib/bootstrap/dist/js/bootstrap.bundle.min.js using pattern *.xpm
         No match for lib/bootstrap/dist/js/bootstrap.bundle.min.js using pattern *.xwd
         No match for lib/bootstrap/dist/js/bootstrap.bundle.min.js using pattern *.3g2
         No match for lib/bootstrap/dist/js/bootstrap.bundle.min.js using pattern *.3gp2
         No match for lib/bootstrap/dist/js/bootstrap.bundle.min.js using pattern *.3gp
         No match for lib/bootstrap/dist/js/bootstrap.bundle.min.js using pattern *.3gpp
         No match for lib/bootstrap/dist/js/bootstrap.bundle.min.js using pattern *.asf
         No match for lib/bootstrap/dist/js/bootstrap.bundle.min.js using pattern *.asr
         No match for lib/bootstrap/dist/js/bootstrap.bundle.min.js using pattern *.asx
         No match for lib/bootstrap/dist/js/bootstrap.bundle.min.js using pattern *.avi
         No match for lib/bootstrap/dist/js/bootstrap.bundle.min.js using pattern *.dvr
         No match for lib/bootstrap/dist/js/bootstrap.bundle.min.js using pattern *.flv
         No match for lib/bootstrap/dist/js/bootstrap.bundle.min.js using pattern *.IVF
         No match for lib/bootstrap/dist/js/bootstrap.bundle.min.js using pattern *.lsf
         No match for lib/bootstrap/dist/js/bootstrap.bundle.min.js using pattern *.lsx
         No match for lib/bootstrap/dist/js/bootstrap.bundle.min.js using pattern *.m1v
         No match for lib/bootstrap/dist/js/bootstrap.bundle.min.js using pattern *.m2ts
         No match for lib/bootstrap/dist/js/bootstrap.bundle.min.js using pattern *.qt
         No match for lib/bootstrap/dist/js/bootstrap.bundle.min.js using pattern *.ts
         No match for lib/bootstrap/dist/js/bootstrap.bundle.min.js using pattern *.tts
         No match for lib/bootstrap/dist/js/bootstrap.bundle.min.js using pattern *.wm
         No match for lib/bootstrap/dist/js/bootstrap.bundle.min.js using pattern *.wmp
         No match for lib/bootstrap/dist/js/bootstrap.bundle.min.js using pattern *.wmv
         No match for lib/bootstrap/dist/js/bootstrap.bundle.min.js using pattern *.wmx
         No match for lib/bootstrap/dist/js/bootstrap.bundle.min.js using pattern *.wtv
         No match for lib/bootstrap/dist/js/bootstrap.bundle.min.js using pattern *.wvx
         File C:\Users\user\OneDrive\╨а╨░╨▒╨╛╤З╨╕╨╣ ╤Б╤В╨╛╨╗\regi\WebApplication15\wwwroot\lib\bootstrap\dist\js\bootstrap.bundle.min.js exists.
         Adding endpoint lib/bootstrap/dist/js/bootstrap.bundle.min.js for asset C:\Users\user\OneDrive\╨а╨░╨▒╨╛╤З╨╕╨╣ ╤Б╤В╨╛╨╗\regi\WebApplication15\wwwroot\lib\bootstrap\dist\js\bootstrap.bundle.min.js.
         Adding endpoint lib/bootstrap/dist/js/bootstrap.bundle.min.493y06b0oq.js for asset C:\Users\user\OneDrive\╨а╨░╨▒╨╛╤З╨╕╨╣ ╤Б╤В╨╛╨╗\regi\WebApplication15\wwwroot\lib\bootstrap\dist\js\bootstrap.bundle.min.js.
         No match for lib/bootstrap/dist/js/bootstrap.bundle.min.js.map using pattern *.bmp
         No match for lib/bootstrap/dist/js/bootstrap.bundle.min.js.map using pattern *.jpeg
         No match for lib/bootstrap/dist/js/bootstrap.bundle.min.js.map using pattern *.jpg
         No match for lib/bootstrap/dist/js/bootstrap.bundle.min.js.map using pattern *.gif
         No match for lib/bootstrap/dist/js/bootstrap.bundle.min.js.map using pattern *.svg
         No match for lib/bootstrap/dist/js/bootstrap.bundle.min.js.map using pattern *.png
         No match for lib/bootstrap/dist/js/bootstrap.bundle.min.js.map using pattern *.webp
         No match for lib/bootstrap/dist/js/bootstrap.bundle.min.js.map using pattern *.otf
         No match for lib/bootstrap/dist/js/bootstrap.bundle.min.js.map using pattern *.woff2
         No match for lib/bootstrap/dist/js/bootstrap.bundle.min.js.map using pattern *.m4v
         No match for lib/bootstrap/dist/js/bootstrap.bundle.min.js.map using pattern *.mov
         No match for lib/bootstrap/dist/js/bootstrap.bundle.min.js.map using pattern *.movie
         No match for lib/bootstrap/dist/js/bootstrap.bundle.min.js.map using pattern *.mp2
         No match for lib/bootstrap/dist/js/bootstrap.bundle.min.js.map using pattern *.mp4
         No match for lib/bootstrap/dist/js/bootstrap.bundle.min.js.map using pattern *.mp4v
         No match for lib/bootstrap/dist/js/bootstrap.bundle.min.js.map using pattern *.mpa
         No match for lib/bootstrap/dist/js/bootstrap.bundle.min.js.map using pattern *.mpe
         No match for lib/bootstrap/dist/js/bootstrap.bundle.min.js.map using pattern *.mpeg
         No match for lib/bootstrap/dist/js/bootstrap.bundle.min.js.map using pattern *.mpg
         No match for lib/bootstrap/dist/js/bootstrap.bundle.min.js.map using pattern *.mpv2
         No match for lib/bootstrap/dist/js/bootstrap.bundle.min.js.map using pattern *.nsc
         No match for lib/bootstrap/dist/js/bootstrap.bundle.min.js.map using pattern *.ogg
         No match for lib/bootstrap/dist/js/bootstrap.bundle.min.js.map using pattern *.ogv
         No match for lib/bootstrap/dist/js/bootstrap.bundle.min.js.map using pattern *.webm
         No match for lib/bootstrap/dist/js/bootstrap.bundle.min.js.map using pattern *.art
         No match for lib/bootstrap/dist/js/bootstrap.bundle.min.js.map using pattern *.cmx
         No match for lib/bootstrap/dist/js/bootstrap.bundle.min.js.map using pattern *.cod
         No match for lib/bootstrap/dist/js/bootstrap.bundle.min.js.map using pattern *.dib
         No match for lib/bootstrap/dist/js/bootstrap.bundle.min.js.map using pattern *.ico
         No match for lib/bootstrap/dist/js/bootstrap.bundle.min.js.map using pattern *.ief
         No match for lib/bootstrap/dist/js/bootstrap.bundle.min.js.map using pattern *.jfif
         No match for lib/bootstrap/dist/js/bootstrap.bundle.min.js.map using pattern *.jpe
         No match for lib/bootstrap/dist/js/bootstrap.bundle.min.js.map using pattern *.pbm
         No match for lib/bootstrap/dist/js/bootstrap.bundle.min.js.map using pattern *.pgm
         No match for lib/bootstrap/dist/js/bootstrap.bundle.min.js.map using pattern *.pnm
         No match for lib/bootstrap/dist/js/bootstrap.bundle.min.js.map using pattern *.pnz
         No match for lib/bootstrap/dist/js/bootstrap.bundle.min.js.map using pattern *.ppm
         No match for lib/bootstrap/dist/js/bootstrap.bundle.min.js.map using pattern *.ras
         No match for lib/bootstrap/dist/js/bootstrap.bundle.min.js.map using pattern *.rf
         No match for lib/bootstrap/dist/js/bootstrap.bundle.min.js.map using pattern *.rgb
         No match for lib/bootstrap/dist/js/bootstrap.bundle.min.js.map using pattern *.svgz
         No match for lib/bootstrap/dist/js/bootstrap.bundle.min.js.map using pattern *.tif
         No match for lib/bootstrap/dist/js/bootstrap.bundle.min.js.map using pattern *.tiff
         No match for lib/bootstrap/dist/js/bootstrap.bundle.min.js.map using pattern *.wbmp
         No match for lib/bootstrap/dist/js/bootstrap.bundle.min.js.map using pattern *.xbm
         No match for lib/bootstrap/dist/js/bootstrap.bundle.min.js.map using pattern *.xpm
         No match for lib/bootstrap/dist/js/bootstrap.bundle.min.js.map using pattern *.xwd
         No match for lib/bootstrap/dist/js/bootstrap.bundle.min.js.map using pattern *.3g2
         No match for lib/bootstrap/dist/js/bootstrap.bundle.min.js.map using pattern *.3gp2
         No match for lib/bootstrap/dist/js/bootstrap.bundle.min.js.map using pattern *.3gp
         No match for lib/bootstrap/dist/js/bootstrap.bundle.min.js.map using pattern *.3gpp
         No match for lib/bootstrap/dist/js/bootstrap.bundle.min.js.map using pattern *.asf
         No match for lib/bootstrap/dist/js/bootstrap.bundle.min.js.map using pattern *.asr
         No match for lib/bootstrap/dist/js/bootstrap.bundle.min.js.map using pattern *.asx
         No match for lib/bootstrap/dist/js/bootstrap.bundle.min.js.map using pattern *.avi
         No match for lib/bootstrap/dist/js/bootstrap.bundle.min.js.map using pattern *.dvr
         No match for lib/bootstrap/dist/js/bootstrap.bundle.min.js.map using pattern *.flv
         No match for lib/bootstrap/dist/js/bootstrap.bundle.min.js.map using pattern *.IVF
         No match for lib/bootstrap/dist/js/bootstrap.bundle.min.js.map using pattern *.lsf
         No match for lib/bootstrap/dist/js/bootstrap.bundle.min.js.map using pattern *.lsx
         No match for lib/bootstrap/dist/js/bootstrap.bundle.min.js.map using pattern *.m1v
         No match for lib/bootstrap/dist/js/bootstrap.bundle.min.js.map using pattern *.m2ts
         No match for lib/bootstrap/dist/js/bootstrap.bundle.min.js.map using pattern *.qt
         No match for lib/bootstrap/dist/js/bootstrap.bundle.min.js.map using pattern *.ts
         No match for lib/bootstrap/dist/js/bootstrap.bundle.min.js.map using pattern *.tts
         No match for lib/bootstrap/dist/js/bootstrap.bundle.min.js.map using pattern *.wm
         No match for lib/bootstrap/dist/js/bootstrap.bundle.min.js.map using pattern *.wmp
         No match for lib/bootstrap/dist/js/bootstrap.bundle.min.js.map using pattern *.wmv
         No match for lib/bootstrap/dist/js/bootstrap.bundle.min.js.map using pattern *.wmx
         No match for lib/bootstrap/dist/js/bootstrap.bundle.min.js.map using pattern *.wtv
         No match for lib/bootstrap/dist/js/bootstrap.bundle.min.js.map using pattern *.wvx
         File C:\Users\user\OneDrive\╨а╨░╨▒╨╛╤З╨╕╨╣ ╤Б╤В╨╛╨╗\regi\WebApplication15\wwwroot\lib\bootstrap\dist\js\bootstrap.bundle.min.js.map exists.
         No match for lib/bootstrap/dist/js/bootstrap.bundle.min.js.map using pattern *.bmp
         No match for lib/bootstrap/dist/js/bootstrap.bundle.min.js.map using pattern *.jpeg
         No match for lib/bootstrap/dist/js/bootstrap.bundle.min.js.map using pattern *.jpg
         No match for lib/bootstrap/dist/js/bootstrap.bundle.min.js.map using pattern *.gif
         No match for lib/bootstrap/dist/js/bootstrap.bundle.min.js.map using pattern *.svg
         No match for lib/bootstrap/dist/js/bootstrap.bundle.min.js.map using pattern *.png
         No match for lib/bootstrap/dist/js/bootstrap.bundle.min.js.map using pattern *.webp
         No match for lib/bootstrap/dist/js/bootstrap.bundle.min.js.map using pattern *.otf
         No match for lib/bootstrap/dist/js/bootstrap.bundle.min.js.map using pattern *.woff2
         No match for lib/bootstrap/dist/js/bootstrap.bundle.min.js.map using pattern *.m4v
         No match for lib/bootstrap/dist/js/bootstrap.bundle.min.js.map using pattern *.mov
         No match for lib/bootstrap/dist/js/bootstrap.bundle.min.js.map using pattern *.movie
         No match for lib/bootstrap/dist/js/bootstrap.bundle.min.js.map using pattern *.mp2
         No match for lib/bootstrap/dist/js/bootstrap.bundle.min.js.map using pattern *.mp4
         No match for lib/bootstrap/dist/js/bootstrap.bundle.min.js.map using pattern *.mp4v
         No match for lib/bootstrap/dist/js/bootstrap.bundle.min.js.map using pattern *.mpa
         No match for lib/bootstrap/dist/js/bootstrap.bundle.min.js.map using pattern *.mpe
         No match for lib/bootstrap/dist/js/bootstrap.bundle.min.js.map using pattern *.mpeg
         No match for lib/bootstrap/dist/js/bootstrap.bundle.min.js.map using pattern *.mpg
         No match for lib/bootstrap/dist/js/bootstrap.bundle.min.js.map using pattern *.mpv2
         No match for lib/bootstrap/dist/js/bootstrap.bundle.min.js.map using pattern *.nsc
         No match for lib/bootstrap/dist/js/bootstrap.bundle.min.js.map using pattern *.ogg
         No match for lib/bootstrap/dist/js/bootstrap.bundle.min.js.map using pattern *.ogv
         No match for lib/bootstrap/dist/js/bootstrap.bundle.min.js.map using pattern *.webm
         No match for lib/bootstrap/dist/js/bootstrap.bundle.min.js.map using pattern *.art
         No match for lib/bootstrap/dist/js/bootstrap.bundle.min.js.map using pattern *.cmx
         No match for lib/bootstrap/dist/js/bootstrap.bundle.min.js.map using pattern *.cod
         No match for lib/bootstrap/dist/js/bootstrap.bundle.min.js.map using pattern *.dib
         No match for lib/bootstrap/dist/js/bootstrap.bundle.min.js.map using pattern *.ico
         No match for lib/bootstrap/dist/js/bootstrap.bundle.min.js.map using pattern *.ief
         No match for lib/bootstrap/dist/js/bootstrap.bundle.min.js.map using pattern *.jfif
         No match for lib/bootstrap/dist/js/bootstrap.bundle.min.js.map using pattern *.jpe
         No match for lib/bootstrap/dist/js/bootstrap.bundle.min.js.map using pattern *.pbm
         No match for lib/bootstrap/dist/js/bootstrap.bundle.min.js.map using pattern *.pgm
         No match for lib/bootstrap/dist/js/bootstrap.bundle.min.js.map using pattern *.pnm
         No match for lib/bootstrap/dist/js/bootstrap.bundle.min.js.map using pattern *.pnz
         No match for lib/bootstrap/dist/js/bootstrap.bundle.min.js.map using pattern *.ppm
         No match for lib/bootstrap/dist/js/bootstrap.bundle.min.js.map using pattern *.ras
         No match for lib/bootstrap/dist/js/bootstrap.bundle.min.js.map using pattern *.rf
         No match for lib/bootstrap/dist/js/bootstrap.bundle.min.js.map using pattern *.rgb
         No match for lib/bootstrap/dist/js/bootstrap.bundle.min.js.map using pattern *.svgz
         No match for lib/bootstrap/dist/js/bootstrap.bundle.min.js.map using pattern *.tif
         No match for lib/bootstrap/dist/js/bootstrap.bundle.min.js.map using pattern *.tiff
         No match for lib/bootstrap/dist/js/bootstrap.bundle.min.js.map using pattern *.wbmp
         No match for lib/bootstrap/dist/js/bootstrap.bundle.min.js.map using pattern *.xbm
         No match for lib/bootstrap/dist/js/bootstrap.bundle.min.js.map using pattern *.xpm
         No match for lib/bootstrap/dist/js/bootstrap.bundle.min.js.map using pattern *.xwd
         No match for lib/bootstrap/dist/js/bootstrap.bundle.min.js.map using pattern *.3g2
         No match for lib/bootstrap/dist/js/bootstrap.bundle.min.js.map using pattern *.3gp2
         No match for lib/bootstrap/dist/js/bootstrap.bundle.min.js.map using pattern *.3gp
         No match for lib/bootstrap/dist/js/bootstrap.bundle.min.js.map using pattern *.3gpp
         No match for lib/bootstrap/dist/js/bootstrap.bundle.min.js.map using pattern *.asf
         No match for lib/bootstrap/dist/js/bootstrap.bundle.min.js.map using pattern *.asr
         No match for lib/bootstrap/dist/js/bootstrap.bundle.min.js.map using pattern *.asx
         No match for lib/bootstrap/dist/js/bootstrap.bundle.min.js.map using pattern *.avi
         No match for lib/bootstrap/dist/js/bootstrap.bundle.min.js.map using pattern *.dvr
         No match for lib/bootstrap/dist/js/bootstrap.bundle.min.js.map using pattern *.flv
         No match for lib/bootstrap/dist/js/bootstrap.bundle.min.js.map using pattern *.IVF
         No match for lib/bootstrap/dist/js/bootstrap.bundle.min.js.map using pattern *.lsf
         No match for lib/bootstrap/dist/js/bootstrap.bundle.min.js.map using pattern *.lsx
         No match for lib/bootstrap/dist/js/bootstrap.bundle.min.js.map using pattern *.m1v
         No match for lib/bootstrap/dist/js/bootstrap.bundle.min.js.map using pattern *.m2ts
         No match for lib/bootstrap/dist/js/bootstrap.bundle.min.js.map using pattern *.qt
         No match for lib/bootstrap/dist/js/bootstrap.bundle.min.js.map using pattern *.ts
         No match for lib/bootstrap/dist/js/bootstrap.bundle.min.js.map using pattern *.tts
         No match for lib/bootstrap/dist/js/bootstrap.bundle.min.js.map using pattern *.wm
         No match for lib/bootstrap/dist/js/bootstrap.bundle.min.js.map using pattern *.wmp
         No match for lib/bootstrap/dist/js/bootstrap.bundle.min.js.map using pattern *.wmv
         No match for lib/bootstrap/dist/js/bootstrap.bundle.min.js.map using pattern *.wmx
         No match for lib/bootstrap/dist/js/bootstrap.bundle.min.js.map using pattern *.wtv
         No match for lib/bootstrap/dist/js/bootstrap.bundle.min.js.map using pattern *.wvx
         File C:\Users\user\OneDrive\╨а╨░╨▒╨╛╤З╨╕╨╣ ╤Б╤В╨╛╨╗\regi\WebApplication15\wwwroot\lib\bootstrap\dist\js\bootstrap.bundle.min.js.map exists.
         Adding endpoint lib/bootstrap/dist/js/bootstrap.bundle.min.js.map for asset C:\Users\user\OneDrive\╨а╨░╨▒╨╛╤З╨╕╨╣ ╤Б╤В╨╛╨╗\regi\WebApplication15\wwwroot\lib\bootstrap\dist\js\bootstrap.bundle.min.js.map.
         Adding endpoint lib/bootstrap/dist/js/bootstrap.bundle.min.js.iovd86k7lj.map for asset C:\Users\user\OneDrive\╨а╨░╨▒╨╛╤З╨╕╨╣ ╤Б╤В╨╛╨╗\regi\WebApplication15\wwwroot\lib\bootstrap\dist\js\bootstrap.bundle.min.js.map.
         No match for lib/bootstrap/dist/js/bootstrap.esm.js using pattern *.bmp
         No match for lib/bootstrap/dist/js/bootstrap.esm.js using pattern *.jpeg
         No match for lib/bootstrap/dist/js/bootstrap.esm.js using pattern *.jpg
         No match for lib/bootstrap/dist/js/bootstrap.esm.js using pattern *.gif
         No match for lib/bootstrap/dist/js/bootstrap.esm.js using pattern *.svg
         No match for lib/bootstrap/dist/js/bootstrap.esm.js using pattern *.png
         No match for lib/bootstrap/dist/js/bootstrap.esm.js using pattern *.webp
         No match for lib/bootstrap/dist/js/bootstrap.esm.js using pattern *.otf
         No match for lib/bootstrap/dist/js/bootstrap.esm.js using pattern *.woff2
         No match for lib/bootstrap/dist/js/bootstrap.esm.js using pattern *.m4v
         No match for lib/bootstrap/dist/js/bootstrap.esm.js using pattern *.mov
         No match for lib/bootstrap/dist/js/bootstrap.esm.js using pattern *.movie
         No match for lib/bootstrap/dist/js/bootstrap.esm.js using pattern *.mp2
         No match for lib/bootstrap/dist/js/bootstrap.esm.js using pattern *.mp4
         No match for lib/bootstrap/dist/js/bootstrap.esm.js using pattern *.mp4v
         No match for lib/bootstrap/dist/js/bootstrap.esm.js using pattern *.mpa
         No match for lib/bootstrap/dist/js/bootstrap.esm.js using pattern *.mpe
         No match for lib/bootstrap/dist/js/bootstrap.esm.js using pattern *.mpeg
         No match for lib/bootstrap/dist/js/bootstrap.esm.js using pattern *.mpg
         No match for lib/bootstrap/dist/js/bootstrap.esm.js using pattern *.mpv2
         No match for lib/bootstrap/dist/js/bootstrap.esm.js using pattern *.nsc
         No match for lib/bootstrap/dist/js/bootstrap.esm.js using pattern *.ogg
         No match for lib/bootstrap/dist/js/bootstrap.esm.js using pattern *.ogv
         No match for lib/bootstrap/dist/js/bootstrap.esm.js using pattern *.webm
         No match for lib/bootstrap/dist/js/bootstrap.esm.js using pattern *.art
         No match for lib/bootstrap/dist/js/bootstrap.esm.js using pattern *.cmx
         No match for lib/bootstrap/dist/js/bootstrap.esm.js using pattern *.cod
         No match for lib/bootstrap/dist/js/bootstrap.esm.js using pattern *.dib
         No match for lib/bootstrap/dist/js/bootstrap.esm.js using pattern *.ico
         No match for lib/bootstrap/dist/js/bootstrap.esm.js using pattern *.ief
         No match for lib/bootstrap/dist/js/bootstrap.esm.js using pattern *.jfif
         No match for lib/bootstrap/dist/js/bootstrap.esm.js using pattern *.jpe
         No match for lib/bootstrap/dist/js/bootstrap.esm.js using pattern *.pbm
         No match for lib/bootstrap/dist/js/bootstrap.esm.js using pattern *.pgm
         No match for lib/bootstrap/dist/js/bootstrap.esm.js using pattern *.pnm
         No match for lib/bootstrap/dist/js/bootstrap.esm.js using pattern *.pnz
         No match for lib/bootstrap/dist/js/bootstrap.esm.js using pattern *.ppm
         No match for lib/bootstrap/dist/js/bootstrap.esm.js using pattern *.ras
         No match for lib/bootstrap/dist/js/bootstrap.esm.js using pattern *.rf
         No match for lib/bootstrap/dist/js/bootstrap.esm.js using pattern *.rgb
         No match for lib/bootstrap/dist/js/bootstrap.esm.js using pattern *.svgz
         No match for lib/bootstrap/dist/js/bootstrap.esm.js using pattern *.tif
         No match for lib/bootstrap/dist/js/bootstrap.esm.js using pattern *.tiff
         No match for lib/bootstrap/dist/js/bootstrap.esm.js using pattern *.wbmp
         No match for lib/bootstrap/dist/js/bootstrap.esm.js using pattern *.xbm
         No match for lib/bootstrap/dist/js/bootstrap.esm.js using pattern *.xpm
         No match for lib/bootstrap/dist/js/bootstrap.esm.js using pattern *.xwd
         No match for lib/bootstrap/dist/js/bootstrap.esm.js using pattern *.3g2
         No match for lib/bootstrap/dist/js/bootstrap.esm.js using pattern *.3gp2
         No match for lib/bootstrap/dist/js/bootstrap.esm.js using pattern *.3gp
         No match for lib/bootstrap/dist/js/bootstrap.esm.js using pattern *.3gpp
         No match for lib/bootstrap/dist/js/bootstrap.esm.js using pattern *.asf
         No match for lib/bootstrap/dist/js/bootstrap.esm.js using pattern *.asr
         No match for lib/bootstrap/dist/js/bootstrap.esm.js using pattern *.asx
         No match for lib/bootstrap/dist/js/bootstrap.esm.js using pattern *.avi
         No match for lib/bootstrap/dist/js/bootstrap.esm.js using pattern *.dvr
         No match for lib/bootstrap/dist/js/bootstrap.esm.js using pattern *.flv
         No match for lib/bootstrap/dist/js/bootstrap.esm.js using pattern *.IVF
         No match for lib/bootstrap/dist/js/bootstrap.esm.js using pattern *.lsf
         No match for lib/bootstrap/dist/js/bootstrap.esm.js using pattern *.lsx
         No match for lib/bootstrap/dist/js/bootstrap.esm.js using pattern *.m1v
         No match for lib/bootstrap/dist/js/bootstrap.esm.js using pattern *.m2ts
         No match for lib/bootstrap/dist/js/bootstrap.esm.js using pattern *.qt
         No match for lib/bootstrap/dist/js/bootstrap.esm.js using pattern *.ts
         No match for lib/bootstrap/dist/js/bootstrap.esm.js using pattern *.tts
         No match for lib/bootstrap/dist/js/bootstrap.esm.js using pattern *.wm
         No match for lib/bootstrap/dist/js/bootstrap.esm.js using pattern *.wmp
         No match for lib/bootstrap/dist/js/bootstrap.esm.js using pattern *.wmv
         No match for lib/bootstrap/dist/js/bootstrap.esm.js using pattern *.wmx
         No match for lib/bootstrap/dist/js/bootstrap.esm.js using pattern *.wtv
         No match for lib/bootstrap/dist/js/bootstrap.esm.js using pattern *.wvx
         File C:\Users\user\OneDrive\╨а╨░╨▒╨╛╤З╨╕╨╣ ╤Б╤В╨╛╨╗\regi\WebApplication15\wwwroot\lib\bootstrap\dist\js\bootstrap.esm.js exists.
         No match for lib/bootstrap/dist/js/bootstrap.esm.js using pattern *.bmp
         No match for lib/bootstrap/dist/js/bootstrap.esm.js using pattern *.jpeg
         No match for lib/bootstrap/dist/js/bootstrap.esm.js using pattern *.jpg
         No match for lib/bootstrap/dist/js/bootstrap.esm.js using pattern *.gif
         No match for lib/bootstrap/dist/js/bootstrap.esm.js using pattern *.svg
         No match for lib/bootstrap/dist/js/bootstrap.esm.js using pattern *.png
         No match for lib/bootstrap/dist/js/bootstrap.esm.js using pattern *.webp
         No match for lib/bootstrap/dist/js/bootstrap.esm.js using pattern *.otf
         No match for lib/bootstrap/dist/js/bootstrap.esm.js using pattern *.woff2
         No match for lib/bootstrap/dist/js/bootstrap.esm.js using pattern *.m4v
         No match for lib/bootstrap/dist/js/bootstrap.esm.js using pattern *.mov
         No match for lib/bootstrap/dist/js/bootstrap.esm.js using pattern *.movie
         No match for lib/bootstrap/dist/js/bootstrap.esm.js using pattern *.mp2
         No match for lib/bootstrap/dist/js/bootstrap.esm.js using pattern *.mp4
         No match for lib/bootstrap/dist/js/bootstrap.esm.js using pattern *.mp4v
         No match for lib/bootstrap/dist/js/bootstrap.esm.js using pattern *.mpa
         No match for lib/bootstrap/dist/js/bootstrap.esm.js using pattern *.mpe
         No match for lib/bootstrap/dist/js/bootstrap.esm.js using pattern *.mpeg
         No match for lib/bootstrap/dist/js/bootstrap.esm.js using pattern *.mpg
         No match for lib/bootstrap/dist/js/bootstrap.esm.js using pattern *.mpv2
         No match for lib/bootstrap/dist/js/bootstrap.esm.js using pattern *.nsc
         No match for lib/bootstrap/dist/js/bootstrap.esm.js using pattern *.ogg
         No match for lib/bootstrap/dist/js/bootstrap.esm.js using pattern *.ogv
         No match for lib/bootstrap/dist/js/bootstrap.esm.js using pattern *.webm
         No match for lib/bootstrap/dist/js/bootstrap.esm.js using pattern *.art
         No match for lib/bootstrap/dist/js/bootstrap.esm.js using pattern *.cmx
         No match for lib/bootstrap/dist/js/bootstrap.esm.js using pattern *.cod
         No match for lib/bootstrap/dist/js/bootstrap.esm.js using pattern *.dib
         No match for lib/bootstrap/dist/js/bootstrap.esm.js using pattern *.ico
         No match for lib/bootstrap/dist/js/bootstrap.esm.js using pattern *.ief
         No match for lib/bootstrap/dist/js/bootstrap.esm.js using pattern *.jfif
         No match for lib/bootstrap/dist/js/bootstrap.esm.js using pattern *.jpe
         No match for lib/bootstrap/dist/js/bootstrap.esm.js using pattern *.pbm
         No match for lib/bootstrap/dist/js/bootstrap.esm.js using pattern *.pgm
         No match for lib/bootstrap/dist/js/bootstrap.esm.js using pattern *.pnm
         No match for lib/bootstrap/dist/js/bootstrap.esm.js using pattern *.pnz
         No match for lib/bootstrap/dist/js/bootstrap.esm.js using pattern *.ppm
         No match for lib/bootstrap/dist/js/bootstrap.esm.js using pattern *.ras
         No match for lib/bootstrap/dist/js/bootstrap.esm.js using pattern *.rf
         No match for lib/bootstrap/dist/js/bootstrap.esm.js using pattern *.rgb
         No match for lib/bootstrap/dist/js/bootstrap.esm.js using pattern *.svgz
         No match for lib/bootstrap/dist/js/bootstrap.esm.js using pattern *.tif
         No match for lib/bootstrap/dist/js/bootstrap.esm.js using pattern *.tiff
         No match for lib/bootstrap/dist/js/bootstrap.esm.js using pattern *.wbmp
         No match for lib/bootstrap/dist/js/bootstrap.esm.js using pattern *.xbm
         No match for lib/bootstrap/dist/js/bootstrap.esm.js using pattern *.xpm
         No match for lib/bootstrap/dist/js/bootstrap.esm.js using pattern *.xwd
         No match for lib/bootstrap/dist/js/bootstrap.esm.js using pattern *.3g2
         No match for lib/bootstrap/dist/js/bootstrap.esm.js using pattern *.3gp2
         No match for lib/bootstrap/dist/js/bootstrap.esm.js using pattern *.3gp
         No match for lib/bootstrap/dist/js/bootstrap.esm.js using pattern *.3gpp
         No match for lib/bootstrap/dist/js/bootstrap.esm.js using pattern *.asf
         No match for lib/bootstrap/dist/js/bootstrap.esm.js using pattern *.asr
         No match for lib/bootstrap/dist/js/bootstrap.esm.js using pattern *.asx
         No match for lib/bootstrap/dist/js/bootstrap.esm.js using pattern *.avi
         No match for lib/bootstrap/dist/js/bootstrap.esm.js using pattern *.dvr
         No match for lib/bootstrap/dist/js/bootstrap.esm.js using pattern *.flv
         No match for lib/bootstrap/dist/js/bootstrap.esm.js using pattern *.IVF
         No match for lib/bootstrap/dist/js/bootstrap.esm.js using pattern *.lsf
         No match for lib/bootstrap/dist/js/bootstrap.esm.js using pattern *.lsx
         No match for lib/bootstrap/dist/js/bootstrap.esm.js using pattern *.m1v
         No match for lib/bootstrap/dist/js/bootstrap.esm.js using pattern *.m2ts
         No match for lib/bootstrap/dist/js/bootstrap.esm.js using pattern *.qt
         No match for lib/bootstrap/dist/js/bootstrap.esm.js using pattern *.ts
         No match for lib/bootstrap/dist/js/bootstrap.esm.js using pattern *.tts
         No match for lib/bootstrap/dist/js/bootstrap.esm.js using pattern *.wm
         No match for lib/bootstrap/dist/js/bootstrap.esm.js using pattern *.wmp
         No match for lib/bootstrap/dist/js/bootstrap.esm.js using pattern *.wmv
         No match for lib/bootstrap/dist/js/bootstrap.esm.js using pattern *.wmx
         No match for lib/bootstrap/dist/js/bootstrap.esm.js using pattern *.wtv
         No match for lib/bootstrap/dist/js/bootstrap.esm.js using pattern *.wvx
         File C:\Users\user\OneDrive\╨а╨░╨▒╨╛╤З╨╕╨╣ ╤Б╤В╨╛╨╗\regi\WebApplication15\wwwroot\lib\bootstrap\dist\js\bootstrap.esm.js exists.
         Adding endpoint lib/bootstrap/dist/js/bootstrap.esm.js for asset C:\Users\user\OneDrive\╨а╨░╨▒╨╛╤З╨╕╨╣ ╤Б╤В╨╛╨╗\regi\WebApplication15\wwwroot\lib\bootstrap\dist\js\bootstrap.esm.js.
         Adding endpoint lib/bootstrap/dist/js/bootstrap.esm.vr1egmr9el.js for asset C:\Users\user\OneDrive\╨а╨░╨▒╨╛╤З╨╕╨╣ ╤Б╤В╨╛╨╗\regi\WebApplication15\wwwroot\lib\bootstrap\dist\js\bootstrap.esm.js.
         No match for lib/bootstrap/dist/js/bootstrap.esm.js.map using pattern *.bmp
         No match for lib/bootstrap/dist/js/bootstrap.esm.js.map using pattern *.jpeg
         No match for lib/bootstrap/dist/js/bootstrap.esm.js.map using pattern *.jpg
         No match for lib/bootstrap/dist/js/bootstrap.esm.js.map using pattern *.gif
         No match for lib/bootstrap/dist/js/bootstrap.esm.js.map using pattern *.svg
         No match for lib/bootstrap/dist/js/bootstrap.esm.js.map using pattern *.png
         No match for lib/bootstrap/dist/js/bootstrap.esm.js.map using pattern *.webp
         No match for lib/bootstrap/dist/js/bootstrap.esm.js.map using pattern *.otf
         No match for lib/bootstrap/dist/js/bootstrap.esm.js.map using pattern *.woff2
         No match for lib/bootstrap/dist/js/bootstrap.esm.js.map using pattern *.m4v
         No match for lib/bootstrap/dist/js/bootstrap.esm.js.map using pattern *.mov
         No match for lib/bootstrap/dist/js/bootstrap.esm.js.map using pattern *.movie
         No match for lib/bootstrap/dist/js/bootstrap.esm.js.map using pattern *.mp2
         No match for lib/bootstrap/dist/js/bootstrap.esm.js.map using pattern *.mp4
         No match for lib/bootstrap/dist/js/bootstrap.esm.js.map using pattern *.mp4v
         No match for lib/bootstrap/dist/js/bootstrap.esm.js.map using pattern *.mpa
         No match for lib/bootstrap/dist/js/bootstrap.esm.js.map using pattern *.mpe
         No match for lib/bootstrap/dist/js/bootstrap.esm.js.map using pattern *.mpeg
         No match for lib/bootstrap/dist/js/bootstrap.esm.js.map using pattern *.mpg
         No match for lib/bootstrap/dist/js/bootstrap.esm.js.map using pattern *.mpv2
         No match for lib/bootstrap/dist/js/bootstrap.esm.js.map using pattern *.nsc
         No match for lib/bootstrap/dist/js/bootstrap.esm.js.map using pattern *.ogg
         No match for lib/bootstrap/dist/js/bootstrap.esm.js.map using pattern *.ogv
         No match for lib/bootstrap/dist/js/bootstrap.esm.js.map using pattern *.webm
         No match for lib/bootstrap/dist/js/bootstrap.esm.js.map using pattern *.art
         No match for lib/bootstrap/dist/js/bootstrap.esm.js.map using pattern *.cmx
         No match for lib/bootstrap/dist/js/bootstrap.esm.js.map using pattern *.cod
         No match for lib/bootstrap/dist/js/bootstrap.esm.js.map using pattern *.dib
         No match for lib/bootstrap/dist/js/bootstrap.esm.js.map using pattern *.ico
         No match for lib/bootstrap/dist/js/bootstrap.esm.js.map using pattern *.ief
         No match for lib/bootstrap/dist/js/bootstrap.esm.js.map using pattern *.jfif
         No match for lib/bootstrap/dist/js/bootstrap.esm.js.map using pattern *.jpe
         No match for lib/bootstrap/dist/js/bootstrap.esm.js.map using pattern *.pbm
         No match for lib/bootstrap/dist/js/bootstrap.esm.js.map using pattern *.pgm
         No match for lib/bootstrap/dist/js/bootstrap.esm.js.map using pattern *.pnm
         No match for lib/bootstrap/dist/js/bootstrap.esm.js.map using pattern *.pnz
         No match for lib/bootstrap/dist/js/bootstrap.esm.js.map using pattern *.ppm
         No match for lib/bootstrap/dist/js/bootstrap.esm.js.map using pattern *.ras
         No match for lib/bootstrap/dist/js/bootstrap.esm.js.map using pattern *.rf
         No match for lib/bootstrap/dist/js/bootstrap.esm.js.map using pattern *.rgb
         No match for lib/bootstrap/dist/js/bootstrap.esm.js.map using pattern *.svgz
         No match for lib/bootstrap/dist/js/bootstrap.esm.js.map using pattern *.tif
         No match for lib/bootstrap/dist/js/bootstrap.esm.js.map using pattern *.tiff
         No match for lib/bootstrap/dist/js/bootstrap.esm.js.map using pattern *.wbmp
         No match for lib/bootstrap/dist/js/bootstrap.esm.js.map using pattern *.xbm
         No match for lib/bootstrap/dist/js/bootstrap.esm.js.map using pattern *.xpm
         No match for lib/bootstrap/dist/js/bootstrap.esm.js.map using pattern *.xwd
         No match for lib/bootstrap/dist/js/bootstrap.esm.js.map using pattern *.3g2
         No match for lib/bootstrap/dist/js/bootstrap.esm.js.map using pattern *.3gp2
         No match for lib/bootstrap/dist/js/bootstrap.esm.js.map using pattern *.3gp
         No match for lib/bootstrap/dist/js/bootstrap.esm.js.map using pattern *.3gpp
         No match for lib/bootstrap/dist/js/bootstrap.esm.js.map using pattern *.asf
         No match for lib/bootstrap/dist/js/bootstrap.esm.js.map using pattern *.asr
         No match for lib/bootstrap/dist/js/bootstrap.esm.js.map using pattern *.asx
         No match for lib/bootstrap/dist/js/bootstrap.esm.js.map using pattern *.avi
         No match for lib/bootstrap/dist/js/bootstrap.esm.js.map using pattern *.dvr
         No match for lib/bootstrap/dist/js/bootstrap.esm.js.map using pattern *.flv
         No match for lib/bootstrap/dist/js/bootstrap.esm.js.map using pattern *.IVF
         No match for lib/bootstrap/dist/js/bootstrap.esm.js.map using pattern *.lsf
         No match for lib/bootstrap/dist/js/bootstrap.esm.js.map using pattern *.lsx
         No match for lib/bootstrap/dist/js/bootstrap.esm.js.map using pattern *.m1v
         No match for lib/bootstrap/dist/js/bootstrap.esm.js.map using pattern *.m2ts
         No match for lib/bootstrap/dist/js/bootstrap.esm.js.map using pattern *.qt
         No match for lib/bootstrap/dist/js/bootstrap.esm.js.map using pattern *.ts
         No match for lib/bootstrap/dist/js/bootstrap.esm.js.map using pattern *.tts
         No match for lib/bootstrap/dist/js/bootstrap.esm.js.map using pattern *.wm
         No match for lib/bootstrap/dist/js/bootstrap.esm.js.map using pattern *.wmp
         No match for lib/bootstrap/dist/js/bootstrap.esm.js.map using pattern *.wmv
         No match for lib/bootstrap/dist/js/bootstrap.esm.js.map using pattern *.wmx
         No match for lib/bootstrap/dist/js/bootstrap.esm.js.map using pattern *.wtv
         No match for lib/bootstrap/dist/js/bootstrap.esm.js.map using pattern *.wvx
         File C:\Users\user\OneDrive\╨а╨░╨▒╨╛╤З╨╕╨╣ ╤Б╤В╨╛╨╗\regi\WebApplication15\wwwroot\lib\bootstrap\dist\js\bootstrap.esm.js.map exists.
         No match for lib/bootstrap/dist/js/bootstrap.esm.js.map using pattern *.bmp
         No match for lib/bootstrap/dist/js/bootstrap.esm.js.map using pattern *.jpeg
         No match for lib/bootstrap/dist/js/bootstrap.esm.js.map using pattern *.jpg
         No match for lib/bootstrap/dist/js/bootstrap.esm.js.map using pattern *.gif
         No match for lib/bootstrap/dist/js/bootstrap.esm.js.map using pattern *.svg
         No match for lib/bootstrap/dist/js/bootstrap.esm.js.map using pattern *.png
         No match for lib/bootstrap/dist/js/bootstrap.esm.js.map using pattern *.webp
         No match for lib/bootstrap/dist/js/bootstrap.esm.js.map using pattern *.otf
         No match for lib/bootstrap/dist/js/bootstrap.esm.js.map using pattern *.woff2
         No match for lib/bootstrap/dist/js/bootstrap.esm.js.map using pattern *.m4v
         No match for lib/bootstrap/dist/js/bootstrap.esm.js.map using pattern *.mov
         No match for lib/bootstrap/dist/js/bootstrap.esm.js.map using pattern *.movie
         No match for lib/bootstrap/dist/js/bootstrap.esm.js.map using pattern *.mp2
         No match for lib/bootstrap/dist/js/bootstrap.esm.js.map using pattern *.mp4
         No match for lib/bootstrap/dist/js/bootstrap.esm.js.map using pattern *.mp4v
         No match for lib/bootstrap/dist/js/bootstrap.esm.js.map using pattern *.mpa
         No match for lib/bootstrap/dist/js/bootstrap.esm.js.map using pattern *.mpe
         No match for lib/bootstrap/dist/js/bootstrap.esm.js.map using pattern *.mpeg
         No match for lib/bootstrap/dist/js/bootstrap.esm.js.map using pattern *.mpg
         No match for lib/bootstrap/dist/js/bootstrap.esm.js.map using pattern *.mpv2
         No match for lib/bootstrap/dist/js/bootstrap.esm.js.map using pattern *.nsc
         No match for lib/bootstrap/dist/js/bootstrap.esm.js.map using pattern *.ogg
         No match for lib/bootstrap/dist/js/bootstrap.esm.js.map using pattern *.ogv
         No match for lib/bootstrap/dist/js/bootstrap.esm.js.map using pattern *.webm
         No match for lib/bootstrap/dist/js/bootstrap.esm.js.map using pattern *.art
         No match for lib/bootstrap/dist/js/bootstrap.esm.js.map using pattern *.cmx
         No match for lib/bootstrap/dist/js/bootstrap.esm.js.map using pattern *.cod
         No match for lib/bootstrap/dist/js/bootstrap.esm.js.map using pattern *.dib
         No match for lib/bootstrap/dist/js/bootstrap.esm.js.map using pattern *.ico
         No match for lib/bootstrap/dist/js/bootstrap.esm.js.map using pattern *.ief
         No match for lib/bootstrap/dist/js/bootstrap.esm.js.map using pattern *.jfif
         No match for lib/bootstrap/dist/js/bootstrap.esm.js.map using pattern *.jpe
         No match for lib/bootstrap/dist/js/bootstrap.esm.js.map using pattern *.pbm
         No match for lib/bootstrap/dist/js/bootstrap.esm.js.map using pattern *.pgm
         No match for lib/bootstrap/dist/js/bootstrap.esm.js.map using pattern *.pnm
         No match for lib/bootstrap/dist/js/bootstrap.esm.js.map using pattern *.pnz
         No match for lib/bootstrap/dist/js/bootstrap.esm.js.map using pattern *.ppm
         No match for lib/bootstrap/dist/js/bootstrap.esm.js.map using pattern *.ras
         No match for lib/bootstrap/dist/js/bootstrap.esm.js.map using pattern *.rf
         No match for lib/bootstrap/dist/js/bootstrap.esm.js.map using pattern *.rgb
         No match for lib/bootstrap/dist/js/bootstrap.esm.js.map using pattern *.svgz
         No match for lib/bootstrap/dist/js/bootstrap.esm.js.map using pattern *.tif
         No match for lib/bootstrap/dist/js/bootstrap.esm.js.map using pattern *.tiff
         No match for lib/bootstrap/dist/js/bootstrap.esm.js.map using pattern *.wbmp
         No match for lib/bootstrap/dist/js/bootstrap.esm.js.map using pattern *.xbm
         No match for lib/bootstrap/dist/js/bootstrap.esm.js.map using pattern *.xpm
         No match for lib/bootstrap/dist/js/bootstrap.esm.js.map using pattern *.xwd
         No match for lib/bootstrap/dist/js/bootstrap.esm.js.map using pattern *.3g2
         No match for lib/bootstrap/dist/js/bootstrap.esm.js.map using pattern *.3gp2
         No match for lib/bootstrap/dist/js/bootstrap.esm.js.map using pattern *.3gp
         No match for lib/bootstrap/dist/js/bootstrap.esm.js.map using pattern *.3gpp
         No match for lib/bootstrap/dist/js/bootstrap.esm.js.map using pattern *.asf
         No match for lib/bootstrap/dist/js/bootstrap.esm.js.map using pattern *.asr
         No match for lib/bootstrap/dist/js/bootstrap.esm.js.map using pattern *.asx
         No match for lib/bootstrap/dist/js/bootstrap.esm.js.map using pattern *.avi
         No match for lib/bootstrap/dist/js/bootstrap.esm.js.map using pattern *.dvr
         No match for lib/bootstrap/dist/js/bootstrap.esm.js.map using pattern *.flv
         No match for lib/bootstrap/dist/js/bootstrap.esm.js.map using pattern *.IVF
         No match for lib/bootstrap/dist/js/bootstrap.esm.js.map using pattern *.lsf
         No match for lib/bootstrap/dist/js/bootstrap.esm.js.map using pattern *.lsx
         No match for lib/bootstrap/dist/js/bootstrap.esm.js.map using pattern *.m1v
         No match for lib/bootstrap/dist/js/bootstrap.esm.js.map using pattern *.m2ts
         No match for lib/bootstrap/dist/js/bootstrap.esm.js.map using pattern *.qt
         No match for lib/bootstrap/dist/js/bootstrap.esm.js.map using pattern *.ts
         No match for lib/bootstrap/dist/js/bootstrap.esm.js.map using pattern *.tts
         No match for lib/bootstrap/dist/js/bootstrap.esm.js.map using pattern *.wm
         No match for lib/bootstrap/dist/js/bootstrap.esm.js.map using pattern *.wmp
         No match for lib/bootstrap/dist/js/bootstrap.esm.js.map using pattern *.wmv
         No match for lib/bootstrap/dist/js/bootstrap.esm.js.map using pattern *.wmx
         No match for lib/bootstrap/dist/js/bootstrap.esm.js.map using pattern *.wtv
         No match for lib/bootstrap/dist/js/bootstrap.esm.js.map using pattern *.wvx
         File C:\Users\user\OneDrive\╨а╨░╨▒╨╛╤З╨╕╨╣ ╤Б╤В╨╛╨╗\regi\WebApplication15\wwwroot\lib\bootstrap\dist\js\bootstrap.esm.js.map exists.
         Adding endpoint lib/bootstrap/dist/js/bootstrap.esm.js.map for asset C:\Users\user\OneDrive\╨а╨░╨▒╨╛╤З╨╕╨╣ ╤Б╤В╨╛╨╗\regi\WebApplication15\wwwroot\lib\bootstrap\dist\js\bootstrap.esm.js.map.
         Adding endpoint lib/bootstrap/dist/js/bootstrap.esm.js.kbrnm935zg.map for asset C:\Users\user\OneDrive\╨а╨░╨▒╨╛╤З╨╕╨╣ ╤Б╤В╨╛╨╗\regi\WebApplication15\wwwroot\lib\bootstrap\dist\js\bootstrap.esm.js.map.
         No match for lib/bootstrap/dist/js/bootstrap.esm.min.js using pattern *.bmp
         No match for lib/bootstrap/dist/js/bootstrap.esm.min.js using pattern *.jpeg
         No match for lib/bootstrap/dist/js/bootstrap.esm.min.js using pattern *.jpg
         No match for lib/bootstrap/dist/js/bootstrap.esm.min.js using pattern *.gif
         No match for lib/bootstrap/dist/js/bootstrap.esm.min.js using pattern *.svg
         No match for lib/bootstrap/dist/js/bootstrap.esm.min.js using pattern *.png
         No match for lib/bootstrap/dist/js/bootstrap.esm.min.js using pattern *.webp
         No match for lib/bootstrap/dist/js/bootstrap.esm.min.js using pattern *.otf
         No match for lib/bootstrap/dist/js/bootstrap.esm.min.js using pattern *.woff2
         No match for lib/bootstrap/dist/js/bootstrap.esm.min.js using pattern *.m4v
         No match for lib/bootstrap/dist/js/bootstrap.esm.min.js using pattern *.mov
         No match for lib/bootstrap/dist/js/bootstrap.esm.min.js using pattern *.movie
         No match for lib/bootstrap/dist/js/bootstrap.esm.min.js using pattern *.mp2
         No match for lib/bootstrap/dist/js/bootstrap.esm.min.js using pattern *.mp4
         No match for lib/bootstrap/dist/js/bootstrap.esm.min.js using pattern *.mp4v
         No match for lib/bootstrap/dist/js/bootstrap.esm.min.js using pattern *.mpa
         No match for lib/bootstrap/dist/js/bootstrap.esm.min.js using pattern *.mpe
         No match for lib/bootstrap/dist/js/bootstrap.esm.min.js using pattern *.mpeg
         No match for lib/bootstrap/dist/js/bootstrap.esm.min.js using pattern *.mpg
         No match for lib/bootstrap/dist/js/bootstrap.esm.min.js using pattern *.mpv2
         No match for lib/bootstrap/dist/js/bootstrap.esm.min.js using pattern *.nsc
         No match for lib/bootstrap/dist/js/bootstrap.esm.min.js using pattern *.ogg
         No match for lib/bootstrap/dist/js/bootstrap.esm.min.js using pattern *.ogv
         No match for lib/bootstrap/dist/js/bootstrap.esm.min.js using pattern *.webm
         No match for lib/bootstrap/dist/js/bootstrap.esm.min.js using pattern *.art
         No match for lib/bootstrap/dist/js/bootstrap.esm.min.js using pattern *.cmx
         No match for lib/bootstrap/dist/js/bootstrap.esm.min.js using pattern *.cod
         No match for lib/bootstrap/dist/js/bootstrap.esm.min.js using pattern *.dib
         No match for lib/bootstrap/dist/js/bootstrap.esm.min.js using pattern *.ico
         No match for lib/bootstrap/dist/js/bootstrap.esm.min.js using pattern *.ief
         No match for lib/bootstrap/dist/js/bootstrap.esm.min.js using pattern *.jfif
         No match for lib/bootstrap/dist/js/bootstrap.esm.min.js using pattern *.jpe
         No match for lib/bootstrap/dist/js/bootstrap.esm.min.js using pattern *.pbm
         No match for lib/bootstrap/dist/js/bootstrap.esm.min.js using pattern *.pgm
         No match for lib/bootstrap/dist/js/bootstrap.esm.min.js using pattern *.pnm
         No match for lib/bootstrap/dist/js/bootstrap.esm.min.js using pattern *.pnz
         No match for lib/bootstrap/dist/js/bootstrap.esm.min.js using pattern *.ppm
         No match for lib/bootstrap/dist/js/bootstrap.esm.min.js using pattern *.ras
         No match for lib/bootstrap/dist/js/bootstrap.esm.min.js using pattern *.rf
         No match for lib/bootstrap/dist/js/bootstrap.esm.min.js using pattern *.rgb
         No match for lib/bootstrap/dist/js/bootstrap.esm.min.js using pattern *.svgz
         No match for lib/bootstrap/dist/js/bootstrap.esm.min.js using pattern *.tif
         No match for lib/bootstrap/dist/js/bootstrap.esm.min.js using pattern *.tiff
         No match for lib/bootstrap/dist/js/bootstrap.esm.min.js using pattern *.wbmp
         No match for lib/bootstrap/dist/js/bootstrap.esm.min.js using pattern *.xbm
         No match for lib/bootstrap/dist/js/bootstrap.esm.min.js using pattern *.xpm
         No match for lib/bootstrap/dist/js/bootstrap.esm.min.js using pattern *.xwd
         No match for lib/bootstrap/dist/js/bootstrap.esm.min.js using pattern *.3g2
         No match for lib/bootstrap/dist/js/bootstrap.esm.min.js using pattern *.3gp2
         No match for lib/bootstrap/dist/js/bootstrap.esm.min.js using pattern *.3gp
         No match for lib/bootstrap/dist/js/bootstrap.esm.min.js using pattern *.3gpp
         No match for lib/bootstrap/dist/js/bootstrap.esm.min.js using pattern *.asf
         No match for lib/bootstrap/dist/js/bootstrap.esm.min.js using pattern *.asr
         No match for lib/bootstrap/dist/js/bootstrap.esm.min.js using pattern *.asx
         No match for lib/bootstrap/dist/js/bootstrap.esm.min.js using pattern *.avi
         No match for lib/bootstrap/dist/js/bootstrap.esm.min.js using pattern *.dvr
         No match for lib/bootstrap/dist/js/bootstrap.esm.min.js using pattern *.flv
         No match for lib/bootstrap/dist/js/bootstrap.esm.min.js using pattern *.IVF
         No match for lib/bootstrap/dist/js/bootstrap.esm.min.js using pattern *.lsf
         No match for lib/bootstrap/dist/js/bootstrap.esm.min.js using pattern *.lsx
         No match for lib/bootstrap/dist/js/bootstrap.esm.min.js using pattern *.m1v
         No match for lib/bootstrap/dist/js/bootstrap.esm.min.js using pattern *.m2ts
         No match for lib/bootstrap/dist/js/bootstrap.esm.min.js using pattern *.qt
         No match for lib/bootstrap/dist/js/bootstrap.esm.min.js using pattern *.ts
         No match for lib/bootstrap/dist/js/bootstrap.esm.min.js using pattern *.tts
         No match for lib/bootstrap/dist/js/bootstrap.esm.min.js using pattern *.wm
         No match for lib/bootstrap/dist/js/bootstrap.esm.min.js using pattern *.wmp
         No match for lib/bootstrap/dist/js/bootstrap.esm.min.js using pattern *.wmv
         No match for lib/bootstrap/dist/js/bootstrap.esm.min.js using pattern *.wmx
         No match for lib/bootstrap/dist/js/bootstrap.esm.min.js using pattern *.wtv
         No match for lib/bootstrap/dist/js/bootstrap.esm.min.js using pattern *.wvx
         File C:\Users\user\OneDrive\╨а╨░╨▒╨╛╤З╨╕╨╣ ╤Б╤В╨╛╨╗\regi\WebApplication15\wwwroot\lib\bootstrap\dist\js\bootstrap.esm.min.js exists.
         No match for lib/bootstrap/dist/js/bootstrap.esm.min.js using pattern *.bmp
         No match for lib/bootstrap/dist/js/bootstrap.esm.min.js using pattern *.jpeg
         No match for lib/bootstrap/dist/js/bootstrap.esm.min.js using pattern *.jpg
         No match for lib/bootstrap/dist/js/bootstrap.esm.min.js using pattern *.gif
         No match for lib/bootstrap/dist/js/bootstrap.esm.min.js using pattern *.svg
         No match for lib/bootstrap/dist/js/bootstrap.esm.min.js using pattern *.png
         No match for lib/bootstrap/dist/js/bootstrap.esm.min.js using pattern *.webp
         No match for lib/bootstrap/dist/js/bootstrap.esm.min.js using pattern *.otf
         No match for lib/bootstrap/dist/js/bootstrap.esm.min.js using pattern *.woff2
         No match for lib/bootstrap/dist/js/bootstrap.esm.min.js using pattern *.m4v
         No match for lib/bootstrap/dist/js/bootstrap.esm.min.js using pattern *.mov
         No match for lib/bootstrap/dist/js/bootstrap.esm.min.js using pattern *.movie
         No match for lib/bootstrap/dist/js/bootstrap.esm.min.js using pattern *.mp2
         No match for lib/bootstrap/dist/js/bootstrap.esm.min.js using pattern *.mp4
         No match for lib/bootstrap/dist/js/bootstrap.esm.min.js using pattern *.mp4v
         No match for lib/bootstrap/dist/js/bootstrap.esm.min.js using pattern *.mpa
         No match for lib/bootstrap/dist/js/bootstrap.esm.min.js using pattern *.mpe
         No match for lib/bootstrap/dist/js/bootstrap.esm.min.js using pattern *.mpeg
         No match for lib/bootstrap/dist/js/bootstrap.esm.min.js using pattern *.mpg
         No match for lib/bootstrap/dist/js/bootstrap.esm.min.js using pattern *.mpv2
         No match for lib/bootstrap/dist/js/bootstrap.esm.min.js using pattern *.nsc
         No match for lib/bootstrap/dist/js/bootstrap.esm.min.js using pattern *.ogg
         No match for lib/bootstrap/dist/js/bootstrap.esm.min.js using pattern *.ogv
         No match for lib/bootstrap/dist/js/bootstrap.esm.min.js using pattern *.webm
         No match for lib/bootstrap/dist/js/bootstrap.esm.min.js using pattern *.art
         No match for lib/bootstrap/dist/js/bootstrap.esm.min.js using pattern *.cmx
         No match for lib/bootstrap/dist/js/bootstrap.esm.min.js using pattern *.cod
         No match for lib/bootstrap/dist/js/bootstrap.esm.min.js using pattern *.dib
         No match for lib/bootstrap/dist/js/bootstrap.esm.min.js using pattern *.ico
         No match for lib/bootstrap/dist/js/bootstrap.esm.min.js using pattern *.ief
         No match for lib/bootstrap/dist/js/bootstrap.esm.min.js using pattern *.jfif
         No match for lib/bootstrap/dist/js/bootstrap.esm.min.js using pattern *.jpe
         No match for lib/bootstrap/dist/js/bootstrap.esm.min.js using pattern *.pbm
         No match for lib/bootstrap/dist/js/bootstrap.esm.min.js using pattern *.pgm
         No match for lib/bootstrap/dist/js/bootstrap.esm.min.js using pattern *.pnm
         No match for lib/bootstrap/dist/js/bootstrap.esm.min.js using pattern *.pnz
         No match for lib/bootstrap/dist/js/bootstrap.esm.min.js using pattern *.ppm
         No match for lib/bootstrap/dist/js/bootstrap.esm.min.js using pattern *.ras
         No match for lib/bootstrap/dist/js/bootstrap.esm.min.js using pattern *.rf
         No match for lib/bootstrap/dist/js/bootstrap.esm.min.js using pattern *.rgb
         No match for lib/bootstrap/dist/js/bootstrap.esm.min.js using pattern *.svgz
         No match for lib/bootstrap/dist/js/bootstrap.esm.min.js using pattern *.tif
         No match for lib/bootstrap/dist/js/bootstrap.esm.min.js using pattern *.tiff
         No match for lib/bootstrap/dist/js/bootstrap.esm.min.js using pattern *.wbmp
         No match for lib/bootstrap/dist/js/bootstrap.esm.min.js using pattern *.xbm
         No match for lib/bootstrap/dist/js/bootstrap.esm.min.js using pattern *.xpm
         No match for lib/bootstrap/dist/js/bootstrap.esm.min.js using pattern *.xwd
         No match for lib/bootstrap/dist/js/bootstrap.esm.min.js using pattern *.3g2
         No match for lib/bootstrap/dist/js/bootstrap.esm.min.js using pattern *.3gp2
         No match for lib/bootstrap/dist/js/bootstrap.esm.min.js using pattern *.3gp
         No match for lib/bootstrap/dist/js/bootstrap.esm.min.js using pattern *.3gpp
         No match for lib/bootstrap/dist/js/bootstrap.esm.min.js using pattern *.asf
         No match for lib/bootstrap/dist/js/bootstrap.esm.min.js using pattern *.asr
         No match for lib/bootstrap/dist/js/bootstrap.esm.min.js using pattern *.asx
         No match for lib/bootstrap/dist/js/bootstrap.esm.min.js using pattern *.avi
         No match for lib/bootstrap/dist/js/bootstrap.esm.min.js using pattern *.dvr
         No match for lib/bootstrap/dist/js/bootstrap.esm.min.js using pattern *.flv
         No match for lib/bootstrap/dist/js/bootstrap.esm.min.js using pattern *.IVF
         No match for lib/bootstrap/dist/js/bootstrap.esm.min.js using pattern *.lsf
         No match for lib/bootstrap/dist/js/bootstrap.esm.min.js using pattern *.lsx
         No match for lib/bootstrap/dist/js/bootstrap.esm.min.js using pattern *.m1v
         No match for lib/bootstrap/dist/js/bootstrap.esm.min.js using pattern *.m2ts
         No match for lib/bootstrap/dist/js/bootstrap.esm.min.js using pattern *.qt
         No match for lib/bootstrap/dist/js/bootstrap.esm.min.js using pattern *.ts
         No match for lib/bootstrap/dist/js/bootstrap.esm.min.js using pattern *.tts
         No match for lib/bootstrap/dist/js/bootstrap.esm.min.js using pattern *.wm
         No match for lib/bootstrap/dist/js/bootstrap.esm.min.js using pattern *.wmp
         No match for lib/bootstrap/dist/js/bootstrap.esm.min.js using pattern *.wmv
         No match for lib/bootstrap/dist/js/bootstrap.esm.min.js using pattern *.wmx
         No match for lib/bootstrap/dist/js/bootstrap.esm.min.js using pattern *.wtv
         No match for lib/bootstrap/dist/js/bootstrap.esm.min.js using pattern *.wvx
         File C:\Users\user\OneDrive\╨а╨░╨▒╨╛╤З╨╕╨╣ ╤Б╤В╨╛╨╗\regi\WebApplication15\wwwroot\lib\bootstrap\dist\js\bootstrap.esm.min.js exists.
         Adding endpoint lib/bootstrap/dist/js/bootstrap.esm.min.js for asset C:\Users\user\OneDrive\╨а╨░╨▒╨╛╤З╨╕╨╣ ╤Б╤В╨╛╨╗\regi\WebApplication15\wwwroot\lib\bootstrap\dist\js\bootstrap.esm.min.js.
         Adding endpoint lib/bootstrap/dist/js/bootstrap.esm.min.jj8uyg4cgr.js for asset C:\Users\user\OneDrive\╨а╨░╨▒╨╛╤З╨╕╨╣ ╤Б╤В╨╛╨╗\regi\WebApplication15\wwwroot\lib\bootstrap\dist\js\bootstrap.esm.min.js.
         No match for lib/bootstrap/dist/js/bootstrap.esm.min.js.map using pattern *.bmp
         No match for lib/bootstrap/dist/js/bootstrap.esm.min.js.map using pattern *.jpeg
         No match for lib/bootstrap/dist/js/bootstrap.esm.min.js.map using pattern *.jpg
         No match for lib/bootstrap/dist/js/bootstrap.esm.min.js.map using pattern *.gif
         No match for lib/bootstrap/dist/js/bootstrap.esm.min.js.map using pattern *.svg
         No match for lib/bootstrap/dist/js/bootstrap.esm.min.js.map using pattern *.png
         No match for lib/bootstrap/dist/js/bootstrap.esm.min.js.map using pattern *.webp
         No match for lib/bootstrap/dist/js/bootstrap.esm.min.js.map using pattern *.otf
         No match for lib/bootstrap/dist/js/bootstrap.esm.min.js.map using pattern *.woff2
         No match for lib/bootstrap/dist/js/bootstrap.esm.min.js.map using pattern *.m4v
         No match for lib/bootstrap/dist/js/bootstrap.esm.min.js.map using pattern *.mov
         No match for lib/bootstrap/dist/js/bootstrap.esm.min.js.map using pattern *.movie
         No match for lib/bootstrap/dist/js/bootstrap.esm.min.js.map using pattern *.mp2
         No match for lib/bootstrap/dist/js/bootstrap.esm.min.js.map using pattern *.mp4
         No match for lib/bootstrap/dist/js/bootstrap.esm.min.js.map using pattern *.mp4v
         No match for lib/bootstrap/dist/js/bootstrap.esm.min.js.map using pattern *.mpa
         No match for lib/bootstrap/dist/js/bootstrap.esm.min.js.map using pattern *.mpe
         No match for lib/bootstrap/dist/js/bootstrap.esm.min.js.map using pattern *.mpeg
         No match for lib/bootstrap/dist/js/bootstrap.esm.min.js.map using pattern *.mpg
         No match for lib/bootstrap/dist/js/bootstrap.esm.min.js.map using pattern *.mpv2
         No match for lib/bootstrap/dist/js/bootstrap.esm.min.js.map using pattern *.nsc
         No match for lib/bootstrap/dist/js/bootstrap.esm.min.js.map using pattern *.ogg
         No match for lib/bootstrap/dist/js/bootstrap.esm.min.js.map using pattern *.ogv
         No match for lib/bootstrap/dist/js/bootstrap.esm.min.js.map using pattern *.webm
         No match for lib/bootstrap/dist/js/bootstrap.esm.min.js.map using pattern *.art
         No match for lib/bootstrap/dist/js/bootstrap.esm.min.js.map using pattern *.cmx
         No match for lib/bootstrap/dist/js/bootstrap.esm.min.js.map using pattern *.cod
         No match for lib/bootstrap/dist/js/bootstrap.esm.min.js.map using pattern *.dib
         No match for lib/bootstrap/dist/js/bootstrap.esm.min.js.map using pattern *.ico
         No match for lib/bootstrap/dist/js/bootstrap.esm.min.js.map using pattern *.ief
         No match for lib/bootstrap/dist/js/bootstrap.esm.min.js.map using pattern *.jfif
         No match for lib/bootstrap/dist/js/bootstrap.esm.min.js.map using pattern *.jpe
         No match for lib/bootstrap/dist/js/bootstrap.esm.min.js.map using pattern *.pbm
         No match for lib/bootstrap/dist/js/bootstrap.esm.min.js.map using pattern *.pgm
         No match for lib/bootstrap/dist/js/bootstrap.esm.min.js.map using pattern *.pnm
         No match for lib/bootstrap/dist/js/bootstrap.esm.min.js.map using pattern *.pnz
         No match for lib/bootstrap/dist/js/bootstrap.esm.min.js.map using pattern *.ppm
         No match for lib/bootstrap/dist/js/bootstrap.esm.min.js.map using pattern *.ras
         No match for lib/bootstrap/dist/js/bootstrap.esm.min.js.map using pattern *.rf
         No match for lib/bootstrap/dist/js/bootstrap.esm.min.js.map using pattern *.rgb
         No match for lib/bootstrap/dist/js/bootstrap.esm.min.js.map using pattern *.svgz
         No match for lib/bootstrap/dist/js/bootstrap.esm.min.js.map using pattern *.tif
         No match for lib/bootstrap/dist/js/bootstrap.esm.min.js.map using pattern *.tiff
         No match for lib/bootstrap/dist/js/bootstrap.esm.min.js.map using pattern *.wbmp
         No match for lib/bootstrap/dist/js/bootstrap.esm.min.js.map using pattern *.xbm
         No match for lib/bootstrap/dist/js/bootstrap.esm.min.js.map using pattern *.xpm
         No match for lib/bootstrap/dist/js/bootstrap.esm.min.js.map using pattern *.xwd
         No match for lib/bootstrap/dist/js/bootstrap.esm.min.js.map using pattern *.3g2
         No match for lib/bootstrap/dist/js/bootstrap.esm.min.js.map using pattern *.3gp2
         No match for lib/bootstrap/dist/js/bootstrap.esm.min.js.map using pattern *.3gp
         No match for lib/bootstrap/dist/js/bootstrap.esm.min.js.map using pattern *.3gpp
         No match for lib/bootstrap/dist/js/bootstrap.esm.min.js.map using pattern *.asf
         No match for lib/bootstrap/dist/js/bootstrap.esm.min.js.map using pattern *.asr
         No match for lib/bootstrap/dist/js/bootstrap.esm.min.js.map using pattern *.asx
         No match for lib/bootstrap/dist/js/bootstrap.esm.min.js.map using pattern *.avi
         No match for lib/bootstrap/dist/js/bootstrap.esm.min.js.map using pattern *.dvr
         No match for lib/bootstrap/dist/js/bootstrap.esm.min.js.map using pattern *.flv
         No match for lib/bootstrap/dist/js/bootstrap.esm.min.js.map using pattern *.IVF
         No match for lib/bootstrap/dist/js/bootstrap.esm.min.js.map using pattern *.lsf
         No match for lib/bootstrap/dist/js/bootstrap.esm.min.js.map using pattern *.lsx
         No match for lib/bootstrap/dist/js/bootstrap.esm.min.js.map using pattern *.m1v
         No match for lib/bootstrap/dist/js/bootstrap.esm.min.js.map using pattern *.m2ts
         No match for lib/bootstrap/dist/js/bootstrap.esm.min.js.map using pattern *.qt
         No match for lib/bootstrap/dist/js/bootstrap.esm.min.js.map using pattern *.ts
         No match for lib/bootstrap/dist/js/bootstrap.esm.min.js.map using pattern *.tts
         No match for lib/bootstrap/dist/js/bootstrap.esm.min.js.map using pattern *.wm
         No match for lib/bootstrap/dist/js/bootstrap.esm.min.js.map using pattern *.wmp
         No match for lib/bootstrap/dist/js/bootstrap.esm.min.js.map using pattern *.wmv
         No match for lib/bootstrap/dist/js/bootstrap.esm.min.js.map using pattern *.wmx
         No match for lib/bootstrap/dist/js/bootstrap.esm.min.js.map using pattern *.wtv
         No match for lib/bootstrap/dist/js/bootstrap.esm.min.js.map using pattern *.wvx
         File C:\Users\user\OneDrive\╨а╨░╨▒╨╛╤З╨╕╨╣ ╤Б╤В╨╛╨╗\regi\WebApplication15\wwwroot\lib\bootstrap\dist\js\bootstrap.esm.min.js.map exists.
         No match for lib/bootstrap/dist/js/bootstrap.esm.min.js.map using pattern *.bmp
         No match for lib/bootstrap/dist/js/bootstrap.esm.min.js.map using pattern *.jpeg
         No match for lib/bootstrap/dist/js/bootstrap.esm.min.js.map using pattern *.jpg
         No match for lib/bootstrap/dist/js/bootstrap.esm.min.js.map using pattern *.gif
         No match for lib/bootstrap/dist/js/bootstrap.esm.min.js.map using pattern *.svg
         No match for lib/bootstrap/dist/js/bootstrap.esm.min.js.map using pattern *.png
         No match for lib/bootstrap/dist/js/bootstrap.esm.min.js.map using pattern *.webp
         No match for lib/bootstrap/dist/js/bootstrap.esm.min.js.map using pattern *.otf
         No match for lib/bootstrap/dist/js/bootstrap.esm.min.js.map using pattern *.woff2
         No match for lib/bootstrap/dist/js/bootstrap.esm.min.js.map using pattern *.m4v
         No match for lib/bootstrap/dist/js/bootstrap.esm.min.js.map using pattern *.mov
         No match for lib/bootstrap/dist/js/bootstrap.esm.min.js.map using pattern *.movie
         No match for lib/bootstrap/dist/js/bootstrap.esm.min.js.map using pattern *.mp2
         No match for lib/bootstrap/dist/js/bootstrap.esm.min.js.map using pattern *.mp4
         No match for lib/bootstrap/dist/js/bootstrap.esm.min.js.map using pattern *.mp4v
         No match for lib/bootstrap/dist/js/bootstrap.esm.min.js.map using pattern *.mpa
         No match for lib/bootstrap/dist/js/bootstrap.esm.min.js.map using pattern *.mpe
         No match for lib/bootstrap/dist/js/bootstrap.esm.min.js.map using pattern *.mpeg
         No match for lib/bootstrap/dist/js/bootstrap.esm.min.js.map using pattern *.mpg
         No match for lib/bootstrap/dist/js/bootstrap.esm.min.js.map using pattern *.mpv2
         No match for lib/bootstrap/dist/js/bootstrap.esm.min.js.map using pattern *.nsc
         No match for lib/bootstrap/dist/js/bootstrap.esm.min.js.map using pattern *.ogg
         No match for lib/bootstrap/dist/js/bootstrap.esm.min.js.map using pattern *.ogv
         No match for lib/bootstrap/dist/js/bootstrap.esm.min.js.map using pattern *.webm
         No match for lib/bootstrap/dist/js/bootstrap.esm.min.js.map using pattern *.art
         No match for lib/bootstrap/dist/js/bootstrap.esm.min.js.map using pattern *.cmx
         No match for lib/bootstrap/dist/js/bootstrap.esm.min.js.map using pattern *.cod
         No match for lib/bootstrap/dist/js/bootstrap.esm.min.js.map using pattern *.dib
         No match for lib/bootstrap/dist/js/bootstrap.esm.min.js.map using pattern *.ico
         No match for lib/bootstrap/dist/js/bootstrap.esm.min.js.map using pattern *.ief
         No match for lib/bootstrap/dist/js/bootstrap.esm.min.js.map using pattern *.jfif
         No match for lib/bootstrap/dist/js/bootstrap.esm.min.js.map using pattern *.jpe
         No match for lib/bootstrap/dist/js/bootstrap.esm.min.js.map using pattern *.pbm
         No match for lib/bootstrap/dist/js/bootstrap.esm.min.js.map using pattern *.pgm
         No match for lib/bootstrap/dist/js/bootstrap.esm.min.js.map using pattern *.pnm
         No match for lib/bootstrap/dist/js/bootstrap.esm.min.js.map using pattern *.pnz
         No match for lib/bootstrap/dist/js/bootstrap.esm.min.js.map using pattern *.ppm
         No match for lib/bootstrap/dist/js/bootstrap.esm.min.js.map using pattern *.ras
         No match for lib/bootstrap/dist/js/bootstrap.esm.min.js.map using pattern *.rf
         No match for lib/bootstrap/dist/js/bootstrap.esm.min.js.map using pattern *.rgb
         No match for lib/bootstrap/dist/js/bootstrap.esm.min.js.map using pattern *.svgz
         No match for lib/bootstrap/dist/js/bootstrap.esm.min.js.map using pattern *.tif
         No match for lib/bootstrap/dist/js/bootstrap.esm.min.js.map using pattern *.tiff
         No match for lib/bootstrap/dist/js/bootstrap.esm.min.js.map using pattern *.wbmp
         No match for lib/bootstrap/dist/js/bootstrap.esm.min.js.map using pattern *.xbm
         No match for lib/bootstrap/dist/js/bootstrap.esm.min.js.map using pattern *.xpm
         No match for lib/bootstrap/dist/js/bootstrap.esm.min.js.map using pattern *.xwd
         No match for lib/bootstrap/dist/js/bootstrap.esm.min.js.map using pattern *.3g2
         No match for lib/bootstrap/dist/js/bootstrap.esm.min.js.map using pattern *.3gp2
         No match for lib/bootstrap/dist/js/bootstrap.esm.min.js.map using pattern *.3gp
         No match for lib/bootstrap/dist/js/bootstrap.esm.min.js.map using pattern *.3gpp
         No match for lib/bootstrap/dist/js/bootstrap.esm.min.js.map using pattern *.asf
         No match for lib/bootstrap/dist/js/bootstrap.esm.min.js.map using pattern *.asr
         No match for lib/bootstrap/dist/js/bootstrap.esm.min.js.map using pattern *.asx
         No match for lib/bootstrap/dist/js/bootstrap.esm.min.js.map using pattern *.avi
         No match for lib/bootstrap/dist/js/bootstrap.esm.min.js.map using pattern *.dvr
         No match for lib/bootstrap/dist/js/bootstrap.esm.min.js.map using pattern *.flv
         No match for lib/bootstrap/dist/js/bootstrap.esm.min.js.map using pattern *.IVF
         No match for lib/bootstrap/dist/js/bootstrap.esm.min.js.map using pattern *.lsf
         No match for lib/bootstrap/dist/js/bootstrap.esm.min.js.map using pattern *.lsx
         No match for lib/bootstrap/dist/js/bootstrap.esm.min.js.map using pattern *.m1v
         No match for lib/bootstrap/dist/js/bootstrap.esm.min.js.map using pattern *.m2ts
         No match for lib/bootstrap/dist/js/bootstrap.esm.min.js.map using pattern *.qt
         No match for lib/bootstrap/dist/js/bootstrap.esm.min.js.map using pattern *.ts
         No match for lib/bootstrap/dist/js/bootstrap.esm.min.js.map using pattern *.tts
         No match for lib/bootstrap/dist/js/bootstrap.esm.min.js.map using pattern *.wm
         No match for lib/bootstrap/dist/js/bootstrap.esm.min.js.map using pattern *.wmp
         No match for lib/bootstrap/dist/js/bootstrap.esm.min.js.map using pattern *.wmv
         No match for lib/bootstrap/dist/js/bootstrap.esm.min.js.map using pattern *.wmx
         No match for lib/bootstrap/dist/js/bootstrap.esm.min.js.map using pattern *.wtv
         No match for lib/bootstrap/dist/js/bootstrap.esm.min.js.map using pattern *.wvx
         File C:\Users\user\OneDrive\╨а╨░╨▒╨╛╤З╨╕╨╣ ╤Б╤В╨╛╨╗\regi\WebApplication15\wwwroot\lib\bootstrap\dist\js\bootstrap.esm.min.js.map exists.
         Adding endpoint lib/bootstrap/dist/js/bootstrap.esm.min.js.map for asset C:\Users\user\OneDrive\╨а╨░╨▒╨╛╤З╨╕╨╣ ╤Б╤В╨╛╨╗\regi\WebApplication15\wwwroot\lib\bootstrap\dist\js\bootstrap.esm.min.js.map.
         Adding endpoint lib/bootstrap/dist/js/bootstrap.esm.min.js.y7v9cxd14o.map for asset C:\Users\user\OneDrive\╨а╨░╨▒╨╛╤З╨╕╨╣ ╤Б╤В╨╛╨╗\regi\WebApplication15\wwwroot\lib\bootstrap\dist\js\bootstrap.esm.min.js.map.
         No match for lib/bootstrap/dist/js/bootstrap.js using pattern *.bmp
         No match for lib/bootstrap/dist/js/bootstrap.js using pattern *.jpeg
         No match for lib/bootstrap/dist/js/bootstrap.js using pattern *.jpg
         No match for lib/bootstrap/dist/js/bootstrap.js using pattern *.gif
         No match for lib/bootstrap/dist/js/bootstrap.js using pattern *.svg
         No match for lib/bootstrap/dist/js/bootstrap.js using pattern *.png
         No match for lib/bootstrap/dist/js/bootstrap.js using pattern *.webp
         No match for lib/bootstrap/dist/js/bootstrap.js using pattern *.otf
         No match for lib/bootstrap/dist/js/bootstrap.js using pattern *.woff2
         No match for lib/bootstrap/dist/js/bootstrap.js using pattern *.m4v
         No match for lib/bootstrap/dist/js/bootstrap.js using pattern *.mov
         No match for lib/bootstrap/dist/js/bootstrap.js using pattern *.movie
         No match for lib/bootstrap/dist/js/bootstrap.js using pattern *.mp2
         No match for lib/bootstrap/dist/js/bootstrap.js using pattern *.mp4
         No match for lib/bootstrap/dist/js/bootstrap.js using pattern *.mp4v
         No match for lib/bootstrap/dist/js/bootstrap.js using pattern *.mpa
         No match for lib/bootstrap/dist/js/bootstrap.js using pattern *.mpe
         No match for lib/bootstrap/dist/js/bootstrap.js using pattern *.mpeg
         No match for lib/bootstrap/dist/js/bootstrap.js using pattern *.mpg
         No match for lib/bootstrap/dist/js/bootstrap.js using pattern *.mpv2
         No match for lib/bootstrap/dist/js/bootstrap.js using pattern *.nsc
         No match for lib/bootstrap/dist/js/bootstrap.js using pattern *.ogg
         No match for lib/bootstrap/dist/js/bootstrap.js using pattern *.ogv
         No match for lib/bootstrap/dist/js/bootstrap.js using pattern *.webm
         No match for lib/bootstrap/dist/js/bootstrap.js using pattern *.art
         No match for lib/bootstrap/dist/js/bootstrap.js using pattern *.cmx
         No match for lib/bootstrap/dist/js/bootstrap.js using pattern *.cod
         No match for lib/bootstrap/dist/js/bootstrap.js using pattern *.dib
         No match for lib/bootstrap/dist/js/bootstrap.js using pattern *.ico
         No match for lib/bootstrap/dist/js/bootstrap.js using pattern *.ief
         No match for lib/bootstrap/dist/js/bootstrap.js using pattern *.jfif
         No match for lib/bootstrap/dist/js/bootstrap.js using pattern *.jpe
         No match for lib/bootstrap/dist/js/bootstrap.js using pattern *.pbm
         No match for lib/bootstrap/dist/js/bootstrap.js using pattern *.pgm
         No match for lib/bootstrap/dist/js/bootstrap.js using pattern *.pnm
         No match for lib/bootstrap/dist/js/bootstrap.js using pattern *.pnz
         No match for lib/bootstrap/dist/js/bootstrap.js using pattern *.ppm
         No match for lib/bootstrap/dist/js/bootstrap.js using pattern *.ras
         No match for lib/bootstrap/dist/js/bootstrap.js using pattern *.rf
         No match for lib/bootstrap/dist/js/bootstrap.js using pattern *.rgb
         No match for lib/bootstrap/dist/js/bootstrap.js using pattern *.svgz
         No match for lib/bootstrap/dist/js/bootstrap.js using pattern *.tif
         No match for lib/bootstrap/dist/js/bootstrap.js using pattern *.tiff
         No match for lib/bootstrap/dist/js/bootstrap.js using pattern *.wbmp
         No match for lib/bootstrap/dist/js/bootstrap.js using pattern *.xbm
         No match for lib/bootstrap/dist/js/bootstrap.js using pattern *.xpm
         No match for lib/bootstrap/dist/js/bootstrap.js using pattern *.xwd
         No match for lib/bootstrap/dist/js/bootstrap.js using pattern *.3g2
         No match for lib/bootstrap/dist/js/bootstrap.js using pattern *.3gp2
         No match for lib/bootstrap/dist/js/bootstrap.js using pattern *.3gp
         No match for lib/bootstrap/dist/js/bootstrap.js using pattern *.3gpp
         No match for lib/bootstrap/dist/js/bootstrap.js using pattern *.asf
         No match for lib/bootstrap/dist/js/bootstrap.js using pattern *.asr
         No match for lib/bootstrap/dist/js/bootstrap.js using pattern *.asx
         No match for lib/bootstrap/dist/js/bootstrap.js using pattern *.avi
         No match for lib/bootstrap/dist/js/bootstrap.js using pattern *.dvr
         No match for lib/bootstrap/dist/js/bootstrap.js using pattern *.flv
         No match for lib/bootstrap/dist/js/bootstrap.js using pattern *.IVF
         No match for lib/bootstrap/dist/js/bootstrap.js using pattern *.lsf
         No match for lib/bootstrap/dist/js/bootstrap.js using pattern *.lsx
         No match for lib/bootstrap/dist/js/bootstrap.js using pattern *.m1v
         No match for lib/bootstrap/dist/js/bootstrap.js using pattern *.m2ts
         No match for lib/bootstrap/dist/js/bootstrap.js using pattern *.qt
         No match for lib/bootstrap/dist/js/bootstrap.js using pattern *.ts
         No match for lib/bootstrap/dist/js/bootstrap.js using pattern *.tts
         No match for lib/bootstrap/dist/js/bootstrap.js using pattern *.wm
         No match for lib/bootstrap/dist/js/bootstrap.js using pattern *.wmp
         No match for lib/bootstrap/dist/js/bootstrap.js using pattern *.wmv
         No match for lib/bootstrap/dist/js/bootstrap.js using pattern *.wmx
         No match for lib/bootstrap/dist/js/bootstrap.js using pattern *.wtv
         No match for lib/bootstrap/dist/js/bootstrap.js using pattern *.wvx
         File C:\Users\user\OneDrive\╨а╨░╨▒╨╛╤З╨╕╨╣ ╤Б╤В╨╛╨╗\regi\WebApplication15\wwwroot\lib\bootstrap\dist\js\bootstrap.js exists.
         No match for lib/bootstrap/dist/js/bootstrap.js using pattern *.bmp
         No match for lib/bootstrap/dist/js/bootstrap.js using pattern *.jpeg
         No match for lib/bootstrap/dist/js/bootstrap.js using pattern *.jpg
         No match for lib/bootstrap/dist/js/bootstrap.js using pattern *.gif
         No match for lib/bootstrap/dist/js/bootstrap.js using pattern *.svg
         No match for lib/bootstrap/dist/js/bootstrap.js using pattern *.png
         No match for lib/bootstrap/dist/js/bootstrap.js using pattern *.webp
         No match for lib/bootstrap/dist/js/bootstrap.js using pattern *.otf
         No match for lib/bootstrap/dist/js/bootstrap.js using pattern *.woff2
         No match for lib/bootstrap/dist/js/bootstrap.js using pattern *.m4v
         No match for lib/bootstrap/dist/js/bootstrap.js using pattern *.mov
         No match for lib/bootstrap/dist/js/bootstrap.js using pattern *.movie
         No match for lib/bootstrap/dist/js/bootstrap.js using pattern *.mp2
         No match for lib/bootstrap/dist/js/bootstrap.js using pattern *.mp4
         No match for lib/bootstrap/dist/js/bootstrap.js using pattern *.mp4v
         No match for lib/bootstrap/dist/js/bootstrap.js using pattern *.mpa
         No match for lib/bootstrap/dist/js/bootstrap.js using pattern *.mpe
         No match for lib/bootstrap/dist/js/bootstrap.js using pattern *.mpeg
         No match for lib/bootstrap/dist/js/bootstrap.js using pattern *.mpg
         No match for lib/bootstrap/dist/js/bootstrap.js using pattern *.mpv2
         No match for lib/bootstrap/dist/js/bootstrap.js using pattern *.nsc
         No match for lib/bootstrap/dist/js/bootstrap.js using pattern *.ogg
         No match for lib/bootstrap/dist/js/bootstrap.js using pattern *.ogv
         No match for lib/bootstrap/dist/js/bootstrap.js using pattern *.webm
         No match for lib/bootstrap/dist/js/bootstrap.js using pattern *.art
         No match for lib/bootstrap/dist/js/bootstrap.js using pattern *.cmx
         No match for lib/bootstrap/dist/js/bootstrap.js using pattern *.cod
         No match for lib/bootstrap/dist/js/bootstrap.js using pattern *.dib
         No match for lib/bootstrap/dist/js/bootstrap.js using pattern *.ico
         No match for lib/bootstrap/dist/js/bootstrap.js using pattern *.ief
         No match for lib/bootstrap/dist/js/bootstrap.js using pattern *.jfif
         No match for lib/bootstrap/dist/js/bootstrap.js using pattern *.jpe
         No match for lib/bootstrap/dist/js/bootstrap.js using pattern *.pbm
         No match for lib/bootstrap/dist/js/bootstrap.js using pattern *.pgm
         No match for lib/bootstrap/dist/js/bootstrap.js using pattern *.pnm
         No match for lib/bootstrap/dist/js/bootstrap.js using pattern *.pnz
         No match for lib/bootstrap/dist/js/bootstrap.js using pattern *.ppm
         No match for lib/bootstrap/dist/js/bootstrap.js using pattern *.ras
         No match for lib/bootstrap/dist/js/bootstrap.js using pattern *.rf
         No match for lib/bootstrap/dist/js/bootstrap.js using pattern *.rgb
         No match for lib/bootstrap/dist/js/bootstrap.js using pattern *.svgz
         No match for lib/bootstrap/dist/js/bootstrap.js using pattern *.tif
         No match for lib/bootstrap/dist/js/bootstrap.js using pattern *.tiff
         No match for lib/bootstrap/dist/js/bootstrap.js using pattern *.wbmp
         No match for lib/bootstrap/dist/js/bootstrap.js using pattern *.xbm
         No match for lib/bootstrap/dist/js/bootstrap.js using pattern *.xpm
         No match for lib/bootstrap/dist/js/bootstrap.js using pattern *.xwd
         No match for lib/bootstrap/dist/js/bootstrap.js using pattern *.3g2
         No match for lib/bootstrap/dist/js/bootstrap.js using pattern *.3gp2
         No match for lib/bootstrap/dist/js/bootstrap.js using pattern *.3gp
         No match for lib/bootstrap/dist/js/bootstrap.js using pattern *.3gpp
         No match for lib/bootstrap/dist/js/bootstrap.js using pattern *.asf
         No match for lib/bootstrap/dist/js/bootstrap.js using pattern *.asr
         No match for lib/bootstrap/dist/js/bootstrap.js using pattern *.asx
         No match for lib/bootstrap/dist/js/bootstrap.js using pattern *.avi
         No match for lib/bootstrap/dist/js/bootstrap.js using pattern *.dvr
         No match for lib/bootstrap/dist/js/bootstrap.js using pattern *.flv
         No match for lib/bootstrap/dist/js/bootstrap.js using pattern *.IVF
         No match for lib/bootstrap/dist/js/bootstrap.js using pattern *.lsf
         No match for lib/bootstrap/dist/js/bootstrap.js using pattern *.lsx
         No match for lib/bootstrap/dist/js/bootstrap.js using pattern *.m1v
         No match for lib/bootstrap/dist/js/bootstrap.js using pattern *.m2ts
         No match for lib/bootstrap/dist/js/bootstrap.js using pattern *.qt
         No match for lib/bootstrap/dist/js/bootstrap.js using pattern *.ts
         No match for lib/bootstrap/dist/js/bootstrap.js using pattern *.tts
         No match for lib/bootstrap/dist/js/bootstrap.js using pattern *.wm
         No match for lib/bootstrap/dist/js/bootstrap.js using pattern *.wmp
         No match for lib/bootstrap/dist/js/bootstrap.js using pattern *.wmv
         No match for lib/bootstrap/dist/js/bootstrap.js using pattern *.wmx
         No match for lib/bootstrap/dist/js/bootstrap.js using pattern *.wtv
         No match for lib/bootstrap/dist/js/bootstrap.js using pattern *.wvx
         File C:\Users\user\OneDrive\╨а╨░╨▒╨╛╤З╨╕╨╣ ╤Б╤В╨╛╨╗\regi\WebApplication15\wwwroot\lib\bootstrap\dist\js\bootstrap.js exists.
         Adding endpoint lib/bootstrap/dist/js/bootstrap.js for asset C:\Users\user\OneDrive\╨а╨░╨▒╨╛╤З╨╕╨╣ ╤Б╤В╨╛╨╗\regi\WebApplication15\wwwroot\lib\bootstrap\dist\js\bootstrap.js.
         Adding endpoint lib/bootstrap/dist/js/bootstrap.notf2xhcfb.js for asset C:\Users\user\OneDrive\╨а╨░╨▒╨╛╤З╨╕╨╣ ╤Б╤В╨╛╨╗\regi\WebApplication15\wwwroot\lib\bootstrap\dist\js\bootstrap.js.
         No match for lib/bootstrap/dist/js/bootstrap.js.map using pattern *.bmp
         No match for lib/bootstrap/dist/js/bootstrap.js.map using pattern *.jpeg
         No match for lib/bootstrap/dist/js/bootstrap.js.map using pattern *.jpg
         No match for lib/bootstrap/dist/js/bootstrap.js.map using pattern *.gif
         No match for lib/bootstrap/dist/js/bootstrap.js.map using pattern *.svg
         No match for lib/bootstrap/dist/js/bootstrap.js.map using pattern *.png
         No match for lib/bootstrap/dist/js/bootstrap.js.map using pattern *.webp
         No match for lib/bootstrap/dist/js/bootstrap.js.map using pattern *.otf
         No match for lib/bootstrap/dist/js/bootstrap.js.map using pattern *.woff2
         No match for lib/bootstrap/dist/js/bootstrap.js.map using pattern *.m4v
         No match for lib/bootstrap/dist/js/bootstrap.js.map using pattern *.mov
         No match for lib/bootstrap/dist/js/bootstrap.js.map using pattern *.movie
         No match for lib/bootstrap/dist/js/bootstrap.js.map using pattern *.mp2
         No match for lib/bootstrap/dist/js/bootstrap.js.map using pattern *.mp4
         No match for lib/bootstrap/dist/js/bootstrap.js.map using pattern *.mp4v
         No match for lib/bootstrap/dist/js/bootstrap.js.map using pattern *.mpa
         No match for lib/bootstrap/dist/js/bootstrap.js.map using pattern *.mpe
         No match for lib/bootstrap/dist/js/bootstrap.js.map using pattern *.mpeg
         No match for lib/bootstrap/dist/js/bootstrap.js.map using pattern *.mpg
         No match for lib/bootstrap/dist/js/bootstrap.js.map using pattern *.mpv2
         No match for lib/bootstrap/dist/js/bootstrap.js.map using pattern *.nsc
         No match for lib/bootstrap/dist/js/bootstrap.js.map using pattern *.ogg
         No match for lib/bootstrap/dist/js/bootstrap.js.map using pattern *.ogv
         No match for lib/bootstrap/dist/js/bootstrap.js.map using pattern *.webm
         No match for lib/bootstrap/dist/js/bootstrap.js.map using pattern *.art
         No match for lib/bootstrap/dist/js/bootstrap.js.map using pattern *.cmx
         No match for lib/bootstrap/dist/js/bootstrap.js.map using pattern *.cod
         No match for lib/bootstrap/dist/js/bootstrap.js.map using pattern *.dib
         No match for lib/bootstrap/dist/js/bootstrap.js.map using pattern *.ico
         No match for lib/bootstrap/dist/js/bootstrap.js.map using pattern *.ief
         No match for lib/bootstrap/dist/js/bootstrap.js.map using pattern *.jfif
         No match for lib/bootstrap/dist/js/bootstrap.js.map using pattern *.jpe
         No match for lib/bootstrap/dist/js/bootstrap.js.map using pattern *.pbm
         No match for lib/bootstrap/dist/js/bootstrap.js.map using pattern *.pgm
         No match for lib/bootstrap/dist/js/bootstrap.js.map using pattern *.pnm
         No match for lib/bootstrap/dist/js/bootstrap.js.map using pattern *.pnz
         No match for lib/bootstrap/dist/js/bootstrap.js.map using pattern *.ppm
         No match for lib/bootstrap/dist/js/bootstrap.js.map using pattern *.ras
         No match for lib/bootstrap/dist/js/bootstrap.js.map using pattern *.rf
         No match for lib/bootstrap/dist/js/bootstrap.js.map using pattern *.rgb
         No match for lib/bootstrap/dist/js/bootstrap.js.map using pattern *.svgz
         No match for lib/bootstrap/dist/js/bootstrap.js.map using pattern *.tif
         No match for lib/bootstrap/dist/js/bootstrap.js.map using pattern *.tiff
         No match for lib/bootstrap/dist/js/bootstrap.js.map using pattern *.wbmp
         No match for lib/bootstrap/dist/js/bootstrap.js.map using pattern *.xbm
         No match for lib/bootstrap/dist/js/bootstrap.js.map using pattern *.xpm
         No match for lib/bootstrap/dist/js/bootstrap.js.map using pattern *.xwd
         No match for lib/bootstrap/dist/js/bootstrap.js.map using pattern *.3g2
         No match for lib/bootstrap/dist/js/bootstrap.js.map using pattern *.3gp2
         No match for lib/bootstrap/dist/js/bootstrap.js.map using pattern *.3gp
         No match for lib/bootstrap/dist/js/bootstrap.js.map using pattern *.3gpp
         No match for lib/bootstrap/dist/js/bootstrap.js.map using pattern *.asf
         No match for lib/bootstrap/dist/js/bootstrap.js.map using pattern *.asr
         No match for lib/bootstrap/dist/js/bootstrap.js.map using pattern *.asx
         No match for lib/bootstrap/dist/js/bootstrap.js.map using pattern *.avi
         No match for lib/bootstrap/dist/js/bootstrap.js.map using pattern *.dvr
         No match for lib/bootstrap/dist/js/bootstrap.js.map using pattern *.flv
         No match for lib/bootstrap/dist/js/bootstrap.js.map using pattern *.IVF
         No match for lib/bootstrap/dist/js/bootstrap.js.map using pattern *.lsf
         No match for lib/bootstrap/dist/js/bootstrap.js.map using pattern *.lsx
         No match for lib/bootstrap/dist/js/bootstrap.js.map using pattern *.m1v
         No match for lib/bootstrap/dist/js/bootstrap.js.map using pattern *.m2ts
         No match for lib/bootstrap/dist/js/bootstrap.js.map using pattern *.qt
         No match for lib/bootstrap/dist/js/bootstrap.js.map using pattern *.ts
         No match for lib/bootstrap/dist/js/bootstrap.js.map using pattern *.tts
         No match for lib/bootstrap/dist/js/bootstrap.js.map using pattern *.wm
         No match for lib/bootstrap/dist/js/bootstrap.js.map using pattern *.wmp
         No match for lib/bootstrap/dist/js/bootstrap.js.map using pattern *.wmv
         No match for lib/bootstrap/dist/js/bootstrap.js.map using pattern *.wmx
         No match for lib/bootstrap/dist/js/bootstrap.js.map using pattern *.wtv
         No match for lib/bootstrap/dist/js/bootstrap.js.map using pattern *.wvx
         File C:\Users\user\OneDrive\╨а╨░╨▒╨╛╤З╨╕╨╣ ╤Б╤В╨╛╨╗\regi\WebApplication15\wwwroot\lib\bootstrap\dist\js\bootstrap.js.map exists.
         No match for lib/bootstrap/dist/js/bootstrap.js.map using pattern *.bmp
         No match for lib/bootstrap/dist/js/bootstrap.js.map using pattern *.jpeg
         No match for lib/bootstrap/dist/js/bootstrap.js.map using pattern *.jpg
         No match for lib/bootstrap/dist/js/bootstrap.js.map using pattern *.gif
         No match for lib/bootstrap/dist/js/bootstrap.js.map using pattern *.svg
         No match for lib/bootstrap/dist/js/bootstrap.js.map using pattern *.png
         No match for lib/bootstrap/dist/js/bootstrap.js.map using pattern *.webp
         No match for lib/bootstrap/dist/js/bootstrap.js.map using pattern *.otf
         No match for lib/bootstrap/dist/js/bootstrap.js.map using pattern *.woff2
         No match for lib/bootstrap/dist/js/bootstrap.js.map using pattern *.m4v
         No match for lib/bootstrap/dist/js/bootstrap.js.map using pattern *.mov
         No match for lib/bootstrap/dist/js/bootstrap.js.map using pattern *.movie
         No match for lib/bootstrap/dist/js/bootstrap.js.map using pattern *.mp2
         No match for lib/bootstrap/dist/js/bootstrap.js.map using pattern *.mp4
         No match for lib/bootstrap/dist/js/bootstrap.js.map using pattern *.mp4v
         No match for lib/bootstrap/dist/js/bootstrap.js.map using pattern *.mpa
         No match for lib/bootstrap/dist/js/bootstrap.js.map using pattern *.mpe
         No match for lib/bootstrap/dist/js/bootstrap.js.map using pattern *.mpeg
         No match for lib/bootstrap/dist/js/bootstrap.js.map using pattern *.mpg
         No match for lib/bootstrap/dist/js/bootstrap.js.map using pattern *.mpv2
         No match for lib/bootstrap/dist/js/bootstrap.js.map using pattern *.nsc
         No match for lib/bootstrap/dist/js/bootstrap.js.map using pattern *.ogg
         No match for lib/bootstrap/dist/js/bootstrap.js.map using pattern *.ogv
         No match for lib/bootstrap/dist/js/bootstrap.js.map using pattern *.webm
         No match for lib/bootstrap/dist/js/bootstrap.js.map using pattern *.art
         No match for lib/bootstrap/dist/js/bootstrap.js.map using pattern *.cmx
         No match for lib/bootstrap/dist/js/bootstrap.js.map using pattern *.cod
         No match for lib/bootstrap/dist/js/bootstrap.js.map using pattern *.dib
         No match for lib/bootstrap/dist/js/bootstrap.js.map using pattern *.ico
         No match for lib/bootstrap/dist/js/bootstrap.js.map using pattern *.ief
         No match for lib/bootstrap/dist/js/bootstrap.js.map using pattern *.jfif
         No match for lib/bootstrap/dist/js/bootstrap.js.map using pattern *.jpe
         No match for lib/bootstrap/dist/js/bootstrap.js.map using pattern *.pbm
         No match for lib/bootstrap/dist/js/bootstrap.js.map using pattern *.pgm
         No match for lib/bootstrap/dist/js/bootstrap.js.map using pattern *.pnm
         No match for lib/bootstrap/dist/js/bootstrap.js.map using pattern *.pnz
         No match for lib/bootstrap/dist/js/bootstrap.js.map using pattern *.ppm
         No match for lib/bootstrap/dist/js/bootstrap.js.map using pattern *.ras
         No match for lib/bootstrap/dist/js/bootstrap.js.map using pattern *.rf
         No match for lib/bootstrap/dist/js/bootstrap.js.map using pattern *.rgb
         No match for lib/bootstrap/dist/js/bootstrap.js.map using pattern *.svgz
         No match for lib/bootstrap/dist/js/bootstrap.js.map using pattern *.tif
         No match for lib/bootstrap/dist/js/bootstrap.js.map using pattern *.tiff
         No match for lib/bootstrap/dist/js/bootstrap.js.map using pattern *.wbmp
         No match for lib/bootstrap/dist/js/bootstrap.js.map using pattern *.xbm
         No match for lib/bootstrap/dist/js/bootstrap.js.map using pattern *.xpm
         No match for lib/bootstrap/dist/js/bootstrap.js.map using pattern *.xwd
         No match for lib/bootstrap/dist/js/bootstrap.js.map using pattern *.3g2
         No match for lib/bootstrap/dist/js/bootstrap.js.map using pattern *.3gp2
         No match for lib/bootstrap/dist/js/bootstrap.js.map using pattern *.3gp
         No match for lib/bootstrap/dist/js/bootstrap.js.map using pattern *.3gpp
         No match for lib/bootstrap/dist/js/bootstrap.js.map using pattern *.asf
         No match for lib/bootstrap/dist/js/bootstrap.js.map using pattern *.asr
         No match for lib/bootstrap/dist/js/bootstrap.js.map using pattern *.asx
         No match for lib/bootstrap/dist/js/bootstrap.js.map using pattern *.avi
         No match for lib/bootstrap/dist/js/bootstrap.js.map using pattern *.dvr
         No match for lib/bootstrap/dist/js/bootstrap.js.map using pattern *.flv
         No match for lib/bootstrap/dist/js/bootstrap.js.map using pattern *.IVF
         No match for lib/bootstrap/dist/js/bootstrap.js.map using pattern *.lsf
         No match for lib/bootstrap/dist/js/bootstrap.js.map using pattern *.lsx
         No match for lib/bootstrap/dist/js/bootstrap.js.map using pattern *.m1v
         No match for lib/bootstrap/dist/js/bootstrap.js.map using pattern *.m2ts
         No match for lib/bootstrap/dist/js/bootstrap.js.map using pattern *.qt
         No match for lib/bootstrap/dist/js/bootstrap.js.map using pattern *.ts
         No match for lib/bootstrap/dist/js/bootstrap.js.map using pattern *.tts
         No match for lib/bootstrap/dist/js/bootstrap.js.map using pattern *.wm
         No match for lib/bootstrap/dist/js/bootstrap.js.map using pattern *.wmp
         No match for lib/bootstrap/dist/js/bootstrap.js.map using pattern *.wmv
         No match for lib/bootstrap/dist/js/bootstrap.js.map using pattern *.wmx
         No match for lib/bootstrap/dist/js/bootstrap.js.map using pattern *.wtv
         No match for lib/bootstrap/dist/js/bootstrap.js.map using pattern *.wvx
         File C:\Users\user\OneDrive\╨а╨░╨▒╨╛╤З╨╕╨╣ ╤Б╤В╨╛╨╗\regi\WebApplication15\wwwroot\lib\bootstrap\dist\js\bootstrap.js.map exists.
         Adding endpoint lib/bootstrap/dist/js/bootstrap.js.map for asset C:\Users\user\OneDrive\╨а╨░╨▒╨╛╤З╨╕╨╣ ╤Б╤В╨╛╨╗\regi\WebApplication15\wwwroot\lib\bootstrap\dist\js\bootstrap.js.map.
         Adding endpoint lib/bootstrap/dist/js/bootstrap.js.h1s4sie4z3.map for asset C:\Users\user\OneDrive\╨а╨░╨▒╨╛╤З╨╕╨╣ ╤Б╤В╨╛╨╗\regi\WebApplication15\wwwroot\lib\bootstrap\dist\js\bootstrap.js.map.
         No match for lib/bootstrap/dist/js/bootstrap.min.js using pattern *.bmp
         No match for lib/bootstrap/dist/js/bootstrap.min.js using pattern *.jpeg
         No match for lib/bootstrap/dist/js/bootstrap.min.js using pattern *.jpg
         No match for lib/bootstrap/dist/js/bootstrap.min.js using pattern *.gif
         No match for lib/bootstrap/dist/js/bootstrap.min.js using pattern *.svg
         No match for lib/bootstrap/dist/js/bootstrap.min.js using pattern *.png
         No match for lib/bootstrap/dist/js/bootstrap.min.js using pattern *.webp
         No match for lib/bootstrap/dist/js/bootstrap.min.js using pattern *.otf
         No match for lib/bootstrap/dist/js/bootstrap.min.js using pattern *.woff2
         No match for lib/bootstrap/dist/js/bootstrap.min.js using pattern *.m4v
         No match for lib/bootstrap/dist/js/bootstrap.min.js using pattern *.mov
         No match for lib/bootstrap/dist/js/bootstrap.min.js using pattern *.movie
         No match for lib/bootstrap/dist/js/bootstrap.min.js using pattern *.mp2
         No match for lib/bootstrap/dist/js/bootstrap.min.js using pattern *.mp4
         No match for lib/bootstrap/dist/js/bootstrap.min.js using pattern *.mp4v
         No match for lib/bootstrap/dist/js/bootstrap.min.js using pattern *.mpa
         No match for lib/bootstrap/dist/js/bootstrap.min.js using pattern *.mpe
         No match for lib/bootstrap/dist/js/bootstrap.min.js using pattern *.mpeg
         No match for lib/bootstrap/dist/js/bootstrap.min.js using pattern *.mpg
         No match for lib/bootstrap/dist/js/bootstrap.min.js using pattern *.mpv2
         No match for lib/bootstrap/dist/js/bootstrap.min.js using pattern *.nsc
         No match for lib/bootstrap/dist/js/bootstrap.min.js using pattern *.ogg
         No match for lib/bootstrap/dist/js/bootstrap.min.js using pattern *.ogv
         No match for lib/bootstrap/dist/js/bootstrap.min.js using pattern *.webm
         No match for lib/bootstrap/dist/js/bootstrap.min.js using pattern *.art
         No match for lib/bootstrap/dist/js/bootstrap.min.js using pattern *.cmx
         No match for lib/bootstrap/dist/js/bootstrap.min.js using pattern *.cod
         No match for lib/bootstrap/dist/js/bootstrap.min.js using pattern *.dib
         No match for lib/bootstrap/dist/js/bootstrap.min.js using pattern *.ico
         No match for lib/bootstrap/dist/js/bootstrap.min.js using pattern *.ief
         No match for lib/bootstrap/dist/js/bootstrap.min.js using pattern *.jfif
         No match for lib/bootstrap/dist/js/bootstrap.min.js using pattern *.jpe
         No match for lib/bootstrap/dist/js/bootstrap.min.js using pattern *.pbm
         No match for lib/bootstrap/dist/js/bootstrap.min.js using pattern *.pgm
         No match for lib/bootstrap/dist/js/bootstrap.min.js using pattern *.pnm
         No match for lib/bootstrap/dist/js/bootstrap.min.js using pattern *.pnz
         No match for lib/bootstrap/dist/js/bootstrap.min.js using pattern *.ppm
         No match for lib/bootstrap/dist/js/bootstrap.min.js using pattern *.ras
         No match for lib/bootstrap/dist/js/bootstrap.min.js using pattern *.rf
         No match for lib/bootstrap/dist/js/bootstrap.min.js using pattern *.rgb
         No match for lib/bootstrap/dist/js/bootstrap.min.js using pattern *.svgz
         No match for lib/bootstrap/dist/js/bootstrap.min.js using pattern *.tif
         No match for lib/bootstrap/dist/js/bootstrap.min.js using pattern *.tiff
         No match for lib/bootstrap/dist/js/bootstrap.min.js using pattern *.wbmp
         No match for lib/bootstrap/dist/js/bootstrap.min.js using pattern *.xbm
         No match for lib/bootstrap/dist/js/bootstrap.min.js using pattern *.xpm
         No match for lib/bootstrap/dist/js/bootstrap.min.js using pattern *.xwd
         No match for lib/bootstrap/dist/js/bootstrap.min.js using pattern *.3g2
         No match for lib/bootstrap/dist/js/bootstrap.min.js using pattern *.3gp2
         No match for lib/bootstrap/dist/js/bootstrap.min.js using pattern *.3gp
         No match for lib/bootstrap/dist/js/bootstrap.min.js using pattern *.3gpp
         No match for lib/bootstrap/dist/js/bootstrap.min.js using pattern *.asf
         No match for lib/bootstrap/dist/js/bootstrap.min.js using pattern *.asr
         No match for lib/bootstrap/dist/js/bootstrap.min.js using pattern *.asx
         No match for lib/bootstrap/dist/js/bootstrap.min.js using pattern *.avi
         No match for lib/bootstrap/dist/js/bootstrap.min.js using pattern *.dvr
         No match for lib/bootstrap/dist/js/bootstrap.min.js using pattern *.flv
         No match for lib/bootstrap/dist/js/bootstrap.min.js using pattern *.IVF
         No match for lib/bootstrap/dist/js/bootstrap.min.js using pattern *.lsf
         No match for lib/bootstrap/dist/js/bootstrap.min.js using pattern *.lsx
         No match for lib/bootstrap/dist/js/bootstrap.min.js using pattern *.m1v
         No match for lib/bootstrap/dist/js/bootstrap.min.js using pattern *.m2ts
         No match for lib/bootstrap/dist/js/bootstrap.min.js using pattern *.qt
         No match for lib/bootstrap/dist/js/bootstrap.min.js using pattern *.ts
         No match for lib/bootstrap/dist/js/bootstrap.min.js using pattern *.tts
         No match for lib/bootstrap/dist/js/bootstrap.min.js using pattern *.wm
         No match for lib/bootstrap/dist/js/bootstrap.min.js using pattern *.wmp
         No match for lib/bootstrap/dist/js/bootstrap.min.js using pattern *.wmv
         No match for lib/bootstrap/dist/js/bootstrap.min.js using pattern *.wmx
         No match for lib/bootstrap/dist/js/bootstrap.min.js using pattern *.wtv
         No match for lib/bootstrap/dist/js/bootstrap.min.js using pattern *.wvx
         File C:\Users\user\OneDrive\╨а╨░╨▒╨╛╤З╨╕╨╣ ╤Б╤В╨╛╨╗\regi\WebApplication15\wwwroot\lib\bootstrap\dist\js\bootstrap.min.js exists.
         No match for lib/bootstrap/dist/js/bootstrap.min.js using pattern *.bmp
         No match for lib/bootstrap/dist/js/bootstrap.min.js using pattern *.jpeg
         No match for lib/bootstrap/dist/js/bootstrap.min.js using pattern *.jpg
         No match for lib/bootstrap/dist/js/bootstrap.min.js using pattern *.gif
         No match for lib/bootstrap/dist/js/bootstrap.min.js using pattern *.svg
         No match for lib/bootstrap/dist/js/bootstrap.min.js using pattern *.png
         No match for lib/bootstrap/dist/js/bootstrap.min.js using pattern *.webp
         No match for lib/bootstrap/dist/js/bootstrap.min.js using pattern *.otf
         No match for lib/bootstrap/dist/js/bootstrap.min.js using pattern *.woff2
         No match for lib/bootstrap/dist/js/bootstrap.min.js using pattern *.m4v
         No match for lib/bootstrap/dist/js/bootstrap.min.js using pattern *.mov
         No match for lib/bootstrap/dist/js/bootstrap.min.js using pattern *.movie
         No match for lib/bootstrap/dist/js/bootstrap.min.js using pattern *.mp2
         No match for lib/bootstrap/dist/js/bootstrap.min.js using pattern *.mp4
         No match for lib/bootstrap/dist/js/bootstrap.min.js using pattern *.mp4v
         No match for lib/bootstrap/dist/js/bootstrap.min.js using pattern *.mpa
         No match for lib/bootstrap/dist/js/bootstrap.min.js using pattern *.mpe
         No match for lib/bootstrap/dist/js/bootstrap.min.js using pattern *.mpeg
         No match for lib/bootstrap/dist/js/bootstrap.min.js using pattern *.mpg
         No match for lib/bootstrap/dist/js/bootstrap.min.js using pattern *.mpv2
         No match for lib/bootstrap/dist/js/bootstrap.min.js using pattern *.nsc
         No match for lib/bootstrap/dist/js/bootstrap.min.js using pattern *.ogg
         No match for lib/bootstrap/dist/js/bootstrap.min.js using pattern *.ogv
         No match for lib/bootstrap/dist/js/bootstrap.min.js using pattern *.webm
         No match for lib/bootstrap/dist/js/bootstrap.min.js using pattern *.art
         No match for lib/bootstrap/dist/js/bootstrap.min.js using pattern *.cmx
         No match for lib/bootstrap/dist/js/bootstrap.min.js using pattern *.cod
         No match for lib/bootstrap/dist/js/bootstrap.min.js using pattern *.dib
         No match for lib/bootstrap/dist/js/bootstrap.min.js using pattern *.ico
         No match for lib/bootstrap/dist/js/bootstrap.min.js using pattern *.ief
         No match for lib/bootstrap/dist/js/bootstrap.min.js using pattern *.jfif
         No match for lib/bootstrap/dist/js/bootstrap.min.js using pattern *.jpe
         No match for lib/bootstrap/dist/js/bootstrap.min.js using pattern *.pbm
         No match for lib/bootstrap/dist/js/bootstrap.min.js using pattern *.pgm
         No match for lib/bootstrap/dist/js/bootstrap.min.js using pattern *.pnm
         No match for lib/bootstrap/dist/js/bootstrap.min.js using pattern *.pnz
         No match for lib/bootstrap/dist/js/bootstrap.min.js using pattern *.ppm
         No match for lib/bootstrap/dist/js/bootstrap.min.js using pattern *.ras
         No match for lib/bootstrap/dist/js/bootstrap.min.js using pattern *.rf
         No match for lib/bootstrap/dist/js/bootstrap.min.js using pattern *.rgb
         No match for lib/bootstrap/dist/js/bootstrap.min.js using pattern *.svgz
         No match for lib/bootstrap/dist/js/bootstrap.min.js using pattern *.tif
         No match for lib/bootstrap/dist/js/bootstrap.min.js using pattern *.tiff
         No match for lib/bootstrap/dist/js/bootstrap.min.js using pattern *.wbmp
         No match for lib/bootstrap/dist/js/bootstrap.min.js using pattern *.xbm
         No match for lib/bootstrap/dist/js/bootstrap.min.js using pattern *.xpm
         No match for lib/bootstrap/dist/js/bootstrap.min.js using pattern *.xwd
         No match for lib/bootstrap/dist/js/bootstrap.min.js using pattern *.3g2
         No match for lib/bootstrap/dist/js/bootstrap.min.js using pattern *.3gp2
         No match for lib/bootstrap/dist/js/bootstrap.min.js using pattern *.3gp
         No match for lib/bootstrap/dist/js/bootstrap.min.js using pattern *.3gpp
         No match for lib/bootstrap/dist/js/bootstrap.min.js using pattern *.asf
         No match for lib/bootstrap/dist/js/bootstrap.min.js using pattern *.asr
         No match for lib/bootstrap/dist/js/bootstrap.min.js using pattern *.asx
         No match for lib/bootstrap/dist/js/bootstrap.min.js using pattern *.avi
         No match for lib/bootstrap/dist/js/bootstrap.min.js using pattern *.dvr
         No match for lib/bootstrap/dist/js/bootstrap.min.js using pattern *.flv
         No match for lib/bootstrap/dist/js/bootstrap.min.js using pattern *.IVF
         No match for lib/bootstrap/dist/js/bootstrap.min.js using pattern *.lsf
         No match for lib/bootstrap/dist/js/bootstrap.min.js using pattern *.lsx
         No match for lib/bootstrap/dist/js/bootstrap.min.js using pattern *.m1v
         No match for lib/bootstrap/dist/js/bootstrap.min.js using pattern *.m2ts
         No match for lib/bootstrap/dist/js/bootstrap.min.js using pattern *.qt
         No match for lib/bootstrap/dist/js/bootstrap.min.js using pattern *.ts
         No match for lib/bootstrap/dist/js/bootstrap.min.js using pattern *.tts
         No match for lib/bootstrap/dist/js/bootstrap.min.js using pattern *.wm
         No match for lib/bootstrap/dist/js/bootstrap.min.js using pattern *.wmp
         No match for lib/bootstrap/dist/js/bootstrap.min.js using pattern *.wmv
         No match for lib/bootstrap/dist/js/bootstrap.min.js using pattern *.wmx
         No match for lib/bootstrap/dist/js/bootstrap.min.js using pattern *.wtv
         No match for lib/bootstrap/dist/js/bootstrap.min.js using pattern *.wvx
         File C:\Users\user\OneDrive\╨а╨░╨▒╨╛╤З╨╕╨╣ ╤Б╤В╨╛╨╗\regi\WebApplication15\wwwroot\lib\bootstrap\dist\js\bootstrap.min.js exists.
         Adding endpoint lib/bootstrap/dist/js/bootstrap.min.js for asset C:\Users\user\OneDrive\╨а╨░╨▒╨╛╤З╨╕╨╣ ╤Б╤В╨╛╨╗\regi\WebApplication15\wwwroot\lib\bootstrap\dist\js\bootstrap.min.js.
         Adding endpoint lib/bootstrap/dist/js/bootstrap.min.63fj8s7r0e.js for asset C:\Users\user\OneDrive\╨а╨░╨▒╨╛╤З╨╕╨╣ ╤Б╤В╨╛╨╗\regi\WebApplication15\wwwroot\lib\bootstrap\dist\js\bootstrap.min.js.
         No match for lib/bootstrap/dist/js/bootstrap.min.js.map using pattern *.bmp
         No match for lib/bootstrap/dist/js/bootstrap.min.js.map using pattern *.jpeg
         No match for lib/bootstrap/dist/js/bootstrap.min.js.map using pattern *.jpg
         No match for lib/bootstrap/dist/js/bootstrap.min.js.map using pattern *.gif
         No match for lib/bootstrap/dist/js/bootstrap.min.js.map using pattern *.svg
         No match for lib/bootstrap/dist/js/bootstrap.min.js.map using pattern *.png
         No match for lib/bootstrap/dist/js/bootstrap.min.js.map using pattern *.webp
         No match for lib/bootstrap/dist/js/bootstrap.min.js.map using pattern *.otf
         No match for lib/bootstrap/dist/js/bootstrap.min.js.map using pattern *.woff2
         No match for lib/bootstrap/dist/js/bootstrap.min.js.map using pattern *.m4v
         No match for lib/bootstrap/dist/js/bootstrap.min.js.map using pattern *.mov
         No match for lib/bootstrap/dist/js/bootstrap.min.js.map using pattern *.movie
         No match for lib/bootstrap/dist/js/bootstrap.min.js.map using pattern *.mp2
         No match for lib/bootstrap/dist/js/bootstrap.min.js.map using pattern *.mp4
         No match for lib/bootstrap/dist/js/bootstrap.min.js.map using pattern *.mp4v
         No match for lib/bootstrap/dist/js/bootstrap.min.js.map using pattern *.mpa
         No match for lib/bootstrap/dist/js/bootstrap.min.js.map using pattern *.mpe
         No match for lib/bootstrap/dist/js/bootstrap.min.js.map using pattern *.mpeg
         No match for lib/bootstrap/dist/js/bootstrap.min.js.map using pattern *.mpg
         No match for lib/bootstrap/dist/js/bootstrap.min.js.map using pattern *.mpv2
         No match for lib/bootstrap/dist/js/bootstrap.min.js.map using pattern *.nsc
         No match for lib/bootstrap/dist/js/bootstrap.min.js.map using pattern *.ogg
         No match for lib/bootstrap/dist/js/bootstrap.min.js.map using pattern *.ogv
         No match for lib/bootstrap/dist/js/bootstrap.min.js.map using pattern *.webm
         No match for lib/bootstrap/dist/js/bootstrap.min.js.map using pattern *.art
         No match for lib/bootstrap/dist/js/bootstrap.min.js.map using pattern *.cmx
         No match for lib/bootstrap/dist/js/bootstrap.min.js.map using pattern *.cod
         No match for lib/bootstrap/dist/js/bootstrap.min.js.map using pattern *.dib
         No match for lib/bootstrap/dist/js/bootstrap.min.js.map using pattern *.ico
         No match for lib/bootstrap/dist/js/bootstrap.min.js.map using pattern *.ief
         No match for lib/bootstrap/dist/js/bootstrap.min.js.map using pattern *.jfif
         No match for lib/bootstrap/dist/js/bootstrap.min.js.map using pattern *.jpe
         No match for lib/bootstrap/dist/js/bootstrap.min.js.map using pattern *.pbm
         No match for lib/bootstrap/dist/js/bootstrap.min.js.map using pattern *.pgm
         No match for lib/bootstrap/dist/js/bootstrap.min.js.map using pattern *.pnm
         No match for lib/bootstrap/dist/js/bootstrap.min.js.map using pattern *.pnz
         No match for lib/bootstrap/dist/js/bootstrap.min.js.map using pattern *.ppm
         No match for lib/bootstrap/dist/js/bootstrap.min.js.map using pattern *.ras
         No match for lib/bootstrap/dist/js/bootstrap.min.js.map using pattern *.rf
         No match for lib/bootstrap/dist/js/bootstrap.min.js.map using pattern *.rgb
         No match for lib/bootstrap/dist/js/bootstrap.min.js.map using pattern *.svgz
         No match for lib/bootstrap/dist/js/bootstrap.min.js.map using pattern *.tif
         No match for lib/bootstrap/dist/js/bootstrap.min.js.map using pattern *.tiff
         No match for lib/bootstrap/dist/js/bootstrap.min.js.map using pattern *.wbmp
         No match for lib/bootstrap/dist/js/bootstrap.min.js.map using pattern *.xbm
         No match for lib/bootstrap/dist/js/bootstrap.min.js.map using pattern *.xpm
         No match for lib/bootstrap/dist/js/bootstrap.min.js.map using pattern *.xwd
         No match for lib/bootstrap/dist/js/bootstrap.min.js.map using pattern *.3g2
         No match for lib/bootstrap/dist/js/bootstrap.min.js.map using pattern *.3gp2
         No match for lib/bootstrap/dist/js/bootstrap.min.js.map using pattern *.3gp
         No match for lib/bootstrap/dist/js/bootstrap.min.js.map using pattern *.3gpp
         No match for lib/bootstrap/dist/js/bootstrap.min.js.map using pattern *.asf
         No match for lib/bootstrap/dist/js/bootstrap.min.js.map using pattern *.asr
         No match for lib/bootstrap/dist/js/bootstrap.min.js.map using pattern *.asx
         No match for lib/bootstrap/dist/js/bootstrap.min.js.map using pattern *.avi
         No match for lib/bootstrap/dist/js/bootstrap.min.js.map using pattern *.dvr
         No match for lib/bootstrap/dist/js/bootstrap.min.js.map using pattern *.flv
         No match for lib/bootstrap/dist/js/bootstrap.min.js.map using pattern *.IVF
         No match for lib/bootstrap/dist/js/bootstrap.min.js.map using pattern *.lsf
         No match for lib/bootstrap/dist/js/bootstrap.min.js.map using pattern *.lsx
         No match for lib/bootstrap/dist/js/bootstrap.min.js.map using pattern *.m1v
         No match for lib/bootstrap/dist/js/bootstrap.min.js.map using pattern *.m2ts
         No match for lib/bootstrap/dist/js/bootstrap.min.js.map using pattern *.qt
         No match for lib/bootstrap/dist/js/bootstrap.min.js.map using pattern *.ts
         No match for lib/bootstrap/dist/js/bootstrap.min.js.map using pattern *.tts
         No match for lib/bootstrap/dist/js/bootstrap.min.js.map using pattern *.wm
         No match for lib/bootstrap/dist/js/bootstrap.min.js.map using pattern *.wmp
         No match for lib/bootstrap/dist/js/bootstrap.min.js.map using pattern *.wmv
         No match for lib/bootstrap/dist/js/bootstrap.min.js.map using pattern *.wmx
         No match for lib/bootstrap/dist/js/bootstrap.min.js.map using pattern *.wtv
         No match for lib/bootstrap/dist/js/bootstrap.min.js.map using pattern *.wvx
         File C:\Users\user\OneDrive\╨а╨░╨▒╨╛╤З╨╕╨╣ ╤Б╤В╨╛╨╗\regi\WebApplication15\wwwroot\lib\bootstrap\dist\js\bootstrap.min.js.map exists.
         No match for lib/bootstrap/dist/js/bootstrap.min.js.map using pattern *.bmp
         No match for lib/bootstrap/dist/js/bootstrap.min.js.map using pattern *.jpeg
         No match for lib/bootstrap/dist/js/bootstrap.min.js.map using pattern *.jpg
         No match for lib/bootstrap/dist/js/bootstrap.min.js.map using pattern *.gif
         No match for lib/bootstrap/dist/js/bootstrap.min.js.map using pattern *.svg
         No match for lib/bootstrap/dist/js/bootstrap.min.js.map using pattern *.png
         No match for lib/bootstrap/dist/js/bootstrap.min.js.map using pattern *.webp
         No match for lib/bootstrap/dist/js/bootstrap.min.js.map using pattern *.otf
         No match for lib/bootstrap/dist/js/bootstrap.min.js.map using pattern *.woff2
         No match for lib/bootstrap/dist/js/bootstrap.min.js.map using pattern *.m4v
         No match for lib/bootstrap/dist/js/bootstrap.min.js.map using pattern *.mov
         No match for lib/bootstrap/dist/js/bootstrap.min.js.map using pattern *.movie
         No match for lib/bootstrap/dist/js/bootstrap.min.js.map using pattern *.mp2
         No match for lib/bootstrap/dist/js/bootstrap.min.js.map using pattern *.mp4
         No match for lib/bootstrap/dist/js/bootstrap.min.js.map using pattern *.mp4v
         No match for lib/bootstrap/dist/js/bootstrap.min.js.map using pattern *.mpa
         No match for lib/bootstrap/dist/js/bootstrap.min.js.map using pattern *.mpe
         No match for lib/bootstrap/dist/js/bootstrap.min.js.map using pattern *.mpeg
         No match for lib/bootstrap/dist/js/bootstrap.min.js.map using pattern *.mpg
         No match for lib/bootstrap/dist/js/bootstrap.min.js.map using pattern *.mpv2
         No match for lib/bootstrap/dist/js/bootstrap.min.js.map using pattern *.nsc
         No match for lib/bootstrap/dist/js/bootstrap.min.js.map using pattern *.ogg
         No match for lib/bootstrap/dist/js/bootstrap.min.js.map using pattern *.ogv
         No match for lib/bootstrap/dist/js/bootstrap.min.js.map using pattern *.webm
         No match for lib/bootstrap/dist/js/bootstrap.min.js.map using pattern *.art
