  ╨Ю╨┐╤А╨╡╨┤╨╡╨╗╨╡╨╜╨╕╨╡ ╨┐╤А╨╛╨╡╨║╤В╨╛╨▓ ╨┤╨╗╤П ╨▓╨╛╤Б╤Б╤В╨░╨╜╨╛╨▓╨╗╨╡╨╜╨╕╤П...
  ╨Т╤Б╨╡ ╨┐╤А╨╛╨╡╨║╤В╤Л ╨╛╨▒╨╜╨╛╨▓╨╗╨╡╨╜╤Л ╨┤╨╗╤П ╨▓╨╛╤Б╤Б╤В╨░╨╜╨╛╨▓╨╗╨╡╨╜╨╕╤П.
C:\Users\user\OneDrive\╨а╨░╨▒╨╛╤З╨╕╨╣ ╤Б╤В╨╛╨╗\regi\WebApplication15\Controllers\TestController.cs(39,91): warning CS8625: ╨Ы╨╕╤В╨╡╤А╨░╨╗, ╤А╨░╨▓╨╜╤Л╨╣ NULL, ╨╜╨╡ ╨╝╨╛╨╢╨╡╤В ╨▒╤Л╤В╤М ╨┐╤А╨╡╨╛╨▒╤А╨░╨╖╨╛╨▓╨░╨╜ ╨▓ ╤Б╤Б╤Л╨╗╨╛╤З╨╜╤Л╨╣ ╤В╨╕╨┐, ╨╜╨╡ ╨┤╨╛╨┐╤Г╤Б╨║╨░╤О╤Й╨╕╨╣ ╨╖╨╜╨░╤З╨╡╨╜╨╕╨╡ NULL. [C:\Users\user\OneDrive\╨а╨░╨▒╨╛╤З╨╕╨╣ ╤Б╤В╨╛╨╗\regi\WebApplication15\WebApplication15.csproj]
C:\Users\user\OneDrive\╨а╨░╨▒╨╛╤З╨╕╨╣ ╤Б╤В╨╛╨╗\regi\WebApplication15\Controllers\AdminController.cs(51,55): warning CS8625: ╨Ы╨╕╤В╨╡╤А╨░╨╗, ╤А╨░╨▓╨╜╤Л╨╣ NULL, ╨╜╨╡ ╨╝╨╛╨╢╨╡╤В ╨▒╤Л╤В╤М ╨┐╤А╨╡╨╛╨▒╤А╨░╨╖╨╛╨▓╨░╨╜ ╨▓ ╤Б╤Б╤Л╨╗╨╛╤З╨╜╤Л╨╣ ╤В╨╕╨┐, ╨╜╨╡ ╨┤╨╛╨┐╤Г╤Б╨║╨░╤О╤Й╨╕╨╣ ╨╖╨╜╨░╤З╨╡╨╜╨╕╨╡ NULL. [C:\Users\user\OneDrive\╨а╨░╨▒╨╛╤З╨╕╨╣ ╤Б╤В╨╛╨╗\regi\WebApplication15\WebApplication15.csproj]
C:\Users\user\OneDrive\╨а╨░╨▒╨╛╤З╨╕╨╣ ╤Б╤В╨╛╨╗\regi\WebApplication15\Controllers\AdminController.cs(62,94): warning CS8625: ╨Ы╨╕╤В╨╡╤А╨░╨╗, ╤А╨░╨▓╨╜╤Л╨╣ NULL, ╨╜╨╡ ╨╝╨╛╨╢╨╡╤В ╨▒╤Л╤В╤М ╨┐╤А╨╡╨╛╨▒╤А╨░╨╖╨╛╨▓╨░╨╜ ╨▓ ╤Б╤Б╤Л╨╗╨╛╤З╨╜╤Л╨╣ ╤В╨╕╨┐, ╨╜╨╡ ╨┤╨╛╨┐╤Г╤Б╨║╨░╤О╤Й╨╕╨╣ ╨╖╨╜╨░╤З╨╡╨╜╨╕╨╡ NULL. [C:\Users\user\OneDrive\╨а╨░╨▒╨╛╤З╨╕╨╣ ╤Б╤В╨╛╨╗\regi\WebApplication15\WebApplication15.csproj]
C:\Users\user\OneDrive\╨а╨░╨▒╨╛╤З╨╕╨╣ ╤Б╤В╨╛╨╗\regi\WebApplication15\Services\VideoService.cs(57,76): warning CS8625: ╨Ы╨╕╤В╨╡╤А╨░╨╗, ╤А╨░╨▓╨╜╤Л╨╣ NULL, ╨╜╨╡ ╨╝╨╛╨╢╨╡╤В ╨▒╤Л╤В╤М ╨┐╤А╨╡╨╛╨▒╤А╨░╨╖╨╛╨▓╨░╨╜ ╨▓ ╤Б╤Б╤Л╨╗╨╛╤З╨╜╤Л╨╣ ╤В╨╕╨┐, ╨╜╨╡ ╨┤╨╛╨┐╤Г╤Б╨║╨░╤О╤Й╨╕╨╣ ╨╖╨╜╨░╤З╨╡╨╜╨╕╨╡ NULL. [C:\Users\user\OneDrive\╨а╨░╨▒╨╛╤З╨╕╨╣ ╤Б╤В╨╛╨╗\regi\WebApplication15\WebApplication15.csproj]
C:\Users\user\OneDrive\╨а╨░╨▒╨╛╤З╨╕╨╣ ╤Б╤В╨╛╨╗\regi\WebApplication15\Services\VideoService.cs(73,91): warning CS8625: ╨Ы╨╕╤В╨╡╤А╨░╨╗, ╤А╨░╨▓╨╜╤Л╨╣ NULL, ╨╜╨╡ ╨╝╨╛╨╢╨╡╤В ╨▒╤Л╤В╤М ╨┐╤А╨╡╨╛╨▒╤А╨░╨╖╨╛╨▓╨░╨╜ ╨▓ ╤Б╤Б╤Л╨╗╨╛╤З╨╜╤Л╨╣ ╤В╨╕╨┐, ╨╜╨╡ ╨┤╨╛╨┐╤Г╤Б╨║╨░╤О╤Й╨╕╨╣ ╨╖╨╜╨░╤З╨╡╨╜╨╕╨╡ NULL. [C:\Users\user\OneDrive\╨а╨░╨▒╨╛╤З╨╕╨╣ ╤Б╤В╨╛╨╗\regi\WebApplication15\WebApplication15.csproj]
C:\Users\user\OneDrive\╨а╨░╨▒╨╛╤З╨╕╨╣ ╤Б╤В╨╛╨╗\regi\WebApplication15\Controllers\AdminController.cs(586,23): warning CS8618: ╤Б╨▓╨╛╨╣╤Б╤В╨▓╨╛ "Username", ╨╜╨╡ ╨┤╨╛╨┐╤Г╤Б╨║╨░╤О╤Й╨╕╨╣ ╨╖╨╜╨░╤З╨╡╨╜╨╕╤П NULL, ╨┤╨╛╨╗╨╢╨╡╨╜ ╤Б╨╛╨┤╨╡╤А╨╢╨░╤В╤М ╨╖╨╜╨░╤З╨╡╨╜╨╕╨╡, ╨╛╤В╨╗╨╕╤З╨╜╨╛╨╡ ╨╛╤В NULL, ╨┐╤А╨╕ ╨▓╤Л╤Е╨╛╨┤╨╡ ╨╕╨╖ ╨║╨╛╨╜╤Б╤В╤А╤Г╨║╤В╨╛╤А╨░. ╨а╨░╤Б╤Б╨╝╨╛╤В╤А╨╕╤В╨╡ ╨▓╨╛╨╖╨╝╨╛╨╢╨╜╨╛╤Б╤В╤М ╨┤╨╛╨▒╨░╨▓╨╗╨╡╨╜╨╕╤П ╨╝╨╛╨┤╨╕╤Д╨╕╨║╨░╤В╨╛╤А╨░ "required" ╨╕╨╗╨╕ ╨╛╨▒╤К╤П╨▓╨╗╨╡╨╜╨╕╤П ╨╖╨╜╨░╤З╨╡╨╜╨╕╤П ╤Б╨▓╨╛╨╣╤Б╤В╨▓╨╛, ╨┤╨╛╨┐╤Г╤Б╨║╨░╤О╤Й╨╡╨│╨╛ ╨╖╨╜╨░╤З╨╡╨╜╨╕╨╡ NULL. [C:\Users\user\OneDrive\╨а╨░╨▒╨╛╤З╨╕╨╣ ╤Б╤В╨╛╨╗\regi\WebApplication15\WebApplication15.csproj]
C:\Users\user\OneDrive\╨а╨░╨▒╨╛╤З╨╕╨╣ ╤Б╤В╨╛╨╗\regi\WebApplication15\Controllers\AdminController.cs(591,23): warning CS8618: ╤Б╨▓╨╛╨╣╤Б╤В╨▓╨╛ "Password", ╨╜╨╡ ╨┤╨╛╨┐╤Г╤Б╨║╨░╤О╤Й╨╕╨╣ ╨╖╨╜╨░╤З╨╡╨╜╨╕╤П NULL, ╨┤╨╛╨╗╨╢╨╡╨╜ ╤Б╨╛╨┤╨╡╤А╨╢╨░╤В╤М ╨╖╨╜╨░╤З╨╡╨╜╨╕╨╡, ╨╛╤В╨╗╨╕╤З╨╜╨╛╨╡ ╨╛╤В NULL, ╨┐╤А╨╕ ╨▓╤Л╤Е╨╛╨┤╨╡ ╨╕╨╖ ╨║╨╛╨╜╤Б╤В╤А╤Г╨║╤В╨╛╤А╨░. ╨а╨░╤Б╤Б╨╝╨╛╤В╤А╨╕╤В╨╡ ╨▓╨╛╨╖╨╝╨╛╨╢╨╜╨╛╤Б╤В╤М ╨┤╨╛╨▒╨░╨▓╨╗╨╡╨╜╨╕╤П ╨╝╨╛╨┤╨╕╤Д╨╕╨║╨░╤В╨╛╤А╨░ "required" ╨╕╨╗╨╕ ╨╛╨▒╤К╤П╨▓╨╗╨╡╨╜╨╕╤П ╨╖╨╜╨░╤З╨╡╨╜╨╕╤П ╤Б╨▓╨╛╨╣╤Б╤В╨▓╨╛, ╨┤╨╛╨┐╤Г╤Б╨║╨░╤О╤Й╨╡╨│╨╛ ╨╖╨╜╨░╤З╨╡╨╜╨╕╨╡ NULL. [C:\Users\user\OneDrive\╨а╨░╨▒╨╛╤З╨╕╨╣ ╤Б╤В╨╛╨╗\regi\WebApplication15\WebApplication15.csproj]
C:\Users\user\OneDrive\╨а╨░╨▒╨╛╤З╨╕╨╣ ╤Б╤В╨╛╨╗\regi\WebApplication15\Controllers\AdminController.cs(600,21): warning CS8618: ╤Б╨▓╨╛╨╣╤Б╤В╨▓╨╛ "User", ╨╜╨╡ ╨┤╨╛╨┐╤Г╤Б╨║╨░╤О╤Й╨╕╨╣ ╨╖╨╜╨░╤З╨╡╨╜╨╕╤П NULL, ╨┤╨╛╨╗╨╢╨╡╨╜ ╤Б╨╛╨┤╨╡╤А╨╢╨░╤В╤М ╨╖╨╜╨░╤З╨╡╨╜╨╕╨╡, ╨╛╤В╨╗╨╕╤З╨╜╨╛╨╡ ╨╛╤В NULL, ╨┐╤А╨╕ ╨▓╤Л╤Е╨╛╨┤╨╡ ╨╕╨╖ ╨║╨╛╨╜╤Б╤В╤А╤Г╨║╤В╨╛╤А╨░. ╨а╨░╤Б╤Б╨╝╨╛╤В╤А╨╕╤В╨╡ ╨▓╨╛╨╖╨╝╨╛╨╢╨╜╨╛╤Б╤В╤М ╨┤╨╛╨▒╨░╨▓╨╗╨╡╨╜╨╕╤П ╨╝╨╛╨┤╨╕╤Д╨╕╨║╨░╤В╨╛╤А╨░ "required" ╨╕╨╗╨╕ ╨╛╨▒╤К╤П╨▓╨╗╨╡╨╜╨╕╤П ╨╖╨╜╨░╤З╨╡╨╜╨╕╤П ╤Б╨▓╨╛╨╣╤Б╤В╨▓╨╛, ╨┤╨╛╨┐╤Г╤Б╨║╨░╤О╤Й╨╡╨│╨╛ ╨╖╨╜╨░╤З╨╡╨╜╨╕╨╡ NULL. [C:\Users\user\OneDrive\╨а╨░╨▒╨╛╤З╨╕╨╣ ╤Б╤В╨╛╨╗\regi\WebApplication15\WebApplication15.csproj]
C:\Users\user\OneDrive\╨а╨░╨▒╨╛╤З╨╕╨╣ ╤Б╤В╨╛╨╗\regi\WebApplication15\Controllers\AdminController.cs(601,30): warning CS8618: ╤Б╨▓╨╛╨╣╤Б╤В╨▓╨╛ "Roles", ╨╜╨╡ ╨┤╨╛╨┐╤Г╤Б╨║╨░╤О╤Й╨╕╨╣ ╨╖╨╜╨░╤З╨╡╨╜╨╕╤П NULL, ╨┤╨╛╨╗╨╢╨╡╨╜ ╤Б╨╛╨┤╨╡╤А╨╢╨░╤В╤М ╨╖╨╜╨░╤З╨╡╨╜╨╕╨╡, ╨╛╤В╨╗╨╕╤З╨╜╨╛╨╡ ╨╛╤В NULL, ╨┐╤А╨╕ ╨▓╤Л╤Е╨╛╨┤╨╡ ╨╕╨╖ ╨║╨╛╨╜╤Б╤В╤А╤Г╨║╤В╨╛╤А╨░. ╨а╨░╤Б╤Б╨╝╨╛╤В╤А╨╕╤В╨╡ ╨▓╨╛╨╖╨╝╨╛╨╢╨╜╨╛╤Б╤В╤М ╨┤╨╛╨▒╨░╨▓╨╗╨╡╨╜╨╕╤П ╨╝╨╛╨┤╨╕╤Д╨╕╨║╨░╤В╨╛╤А╨░ "required" ╨╕╨╗╨╕ ╨╛╨▒╤К╤П╨▓╨╗╨╡╨╜╨╕╤П ╨╖╨╜╨░╤З╨╡╨╜╨╕╤П ╤Б╨▓╨╛╨╣╤Б╤В╨▓╨╛, ╨┤╨╛╨┐╤Г╤Б╨║╨░╤О╤Й╨╡╨│╨╛ ╨╖╨╜╨░╤З╨╡╨╜╨╕╨╡ NULL. [C:\Users\user\OneDrive\╨а╨░╨▒╨╛╤З╨╕╨╣ ╤Б╤В╨╛╨╗\regi\WebApplication15\WebApplication15.csproj]
C:\Users\user\OneDrive\╨а╨░╨▒╨╛╤З╨╕╨╣ ╤Б╤В╨╛╨╗\regi\WebApplication15\Controllers\AdminController.cs(607,21): warning CS8618: ╤Б╨▓╨╛╨╣╤Б╤В╨▓╨╛ "User", ╨╜╨╡ ╨┤╨╛╨┐╤Г╤Б╨║╨░╤О╤Й╨╕╨╣ ╨╖╨╜╨░╤З╨╡╨╜╨╕╤П NULL, ╨┤╨╛╨╗╨╢╨╡╨╜ ╤Б╨╛╨┤╨╡╤А╨╢╨░╤В╤М ╨╖╨╜╨░╤З╨╡╨╜╨╕╨╡, ╨╛╤В╨╗╨╕╤З╨╜╨╛╨╡ ╨╛╤В NULL, ╨┐╤А╨╕ ╨▓╤Л╤Е╨╛╨┤╨╡ ╨╕╨╖ ╨║╨╛╨╜╤Б╤В╤А╤Г╨║╤В╨╛╤А╨░. ╨а╨░╤Б╤Б╨╝╨╛╤В╤А╨╕╤В╨╡ ╨▓╨╛╨╖╨╝╨╛╨╢╨╜╨╛╤Б╤В╤М ╨┤╨╛╨▒╨░╨▓╨╗╨╡╨╜╨╕╤П ╨╝╨╛╨┤╨╕╤Д╨╕╨║╨░╤В╨╛╤А╨░ "required" ╨╕╨╗╨╕ ╨╛╨▒╤К╤П╨▓╨╗╨╡╨╜╨╕╤П ╨╖╨╜╨░╤З╨╡╨╜╨╕╤П ╤Б╨▓╨╛╨╣╤Б╤В╨▓╨╛, ╨┤╨╛╨┐╤Г╤Б╨║╨░╤О╤Й╨╡╨│╨╛ ╨╖╨╜╨░╤З╨╡╨╜╨╕╨╡ NULL. [C:\Users\user\OneDrive\╨а╨░╨▒╨╛╤З╨╕╨╣ ╤Б╤В╨╛╨╗\regi\WebApplication15\WebApplication15.csproj]
C:\Users\user\OneDrive\╨а╨░╨▒╨╛╤З╨╕╨╣ ╤Б╤В╨╛╨╗\regi\WebApplication15\Controllers\AdminController.cs(608,30): warning CS8618: ╤Б╨▓╨╛╨╣╤Б╤В╨▓╨╛ "UserRoles", ╨╜╨╡ ╨┤╨╛╨┐╤Г╤Б╨║╨░╤О╤Й╨╕╨╣ ╨╖╨╜╨░╤З╨╡╨╜╨╕╤П NULL, ╨┤╨╛╨╗╨╢╨╡╨╜ ╤Б╨╛╨┤╨╡╤А╨╢╨░╤В╤М ╨╖╨╜╨░╤З╨╡╨╜╨╕╨╡, ╨╛╤В╨╗╨╕╤З╨╜╨╛╨╡ ╨╛╤В NULL, ╨┐╤А╨╕ ╨▓╤Л╤Е╨╛╨┤╨╡ ╨╕╨╖ ╨║╨╛╨╜╤Б╤В╤А╤Г╨║╤В╨╛╤А╨░. ╨а╨░╤Б╤Б╨╝╨╛╤В╤А╨╕╤В╨╡ ╨▓╨╛╨╖╨╝╨╛╨╢╨╜╨╛╤Б╤В╤М ╨┤╨╛╨▒╨░╨▓╨╗╨╡╨╜╨╕╤П ╨╝╨╛╨┤╨╕╤Д╨╕╨║╨░╤В╨╛╤А╨░ "required" ╨╕╨╗╨╕ ╨╛╨▒╤К╤П╨▓╨╗╨╡╨╜╨╕╤П ╨╖╨╜╨░╤З╨╡╨╜╨╕╤П ╤Б╨▓╨╛╨╣╤Б╤В╨▓╨╛, ╨┤╨╛╨┐╤Г╤Б╨║╨░╤О╤Й╨╡╨│╨╛ ╨╖╨╜╨░╤З╨╡╨╜╨╕╨╡ NULL. [C:\Users\user\OneDrive\╨а╨░╨▒╨╛╤З╨╕╨╣ ╤Б╤В╨╛╨╗\regi\WebApplication15\WebApplication15.csproj]
C:\Users\user\OneDrive\╨а╨░╨▒╨╛╤З╨╕╨╣ ╤Б╤В╨╛╨╗\regi\WebApplication15\Controllers\AdminController.cs(609,34): warning CS8618: ╤Б╨▓╨╛╨╣╤Б╤В╨▓╨╛ "TestResults", ╨╜╨╡ ╨┤╨╛╨┐╤Г╤Б╨║╨░╤О╤Й╨╕╨╣ ╨╖╨╜╨░╤З╨╡╨╜╨╕╤П NULL, ╨┤╨╛╨╗╨╢╨╡╨╜ ╤Б╨╛╨┤╨╡╤А╨╢╨░╤В╤М ╨╖╨╜╨░╤З╨╡╨╜╨╕╨╡, ╨╛╤В╨╗╨╕╤З╨╜╨╛╨╡ ╨╛╤В NULL, ╨┐╤А╨╕ ╨▓╤Л╤Е╨╛╨┤╨╡ ╨╕╨╖ ╨║╨╛╨╜╤Б╤В╤А╤Г╨║╤В╨╛╤А╨░. ╨а╨░╤Б╤Б╨╝╨╛╤В╤А╨╕╤В╨╡ ╨▓╨╛╨╖╨╝╨╛╨╢╨╜╨╛╤Б╤В╤М ╨┤╨╛╨▒╨░╨▓╨╗╨╡╨╜╨╕╤П ╨╝╨╛╨┤╨╕╤Д╨╕╨║╨░╤В╨╛╤А╨░ "required" ╨╕╨╗╨╕ ╨╛╨▒╤К╤П╨▓╨╗╨╡╨╜╨╕╤П ╨╖╨╜╨░╤З╨╡╨╜╨╕╤П ╤Б╨▓╨╛╨╣╤Б╤В╨▓╨╛, ╨┤╨╛╨┐╤Г╤Б╨║╨░╤О╤Й╨╡╨│╨╛ ╨╖╨╜╨░╤З╨╡╨╜╨╕╨╡ NULL. [C:\Users\user\OneDrive\╨а╨░╨▒╨╛╤З╨╕╨╣ ╤Б╤В╨╛╨╗\regi\WebApplication15\WebApplication15.csproj]
C:\Users\user\OneDrive\╨а╨░╨▒╨╛╤З╨╕╨╣ ╤Б╤В╨╛╨╗\regi\WebApplication15\Controllers\AdminController.cs(610,36): warning CS8618: ╤Б╨▓╨╛╨╣╤Б╤В╨▓╨╛ "WatchedVideos", ╨╜╨╡ ╨┤╨╛╨┐╤Г╤Б╨║╨░╤О╤Й╨╕╨╣ ╨╖╨╜╨░╤З╨╡╨╜╨╕╤П NULL, ╨┤╨╛╨╗╨╢╨╡╨╜ ╤Б╨╛╨┤╨╡╤А╨╢╨░╤В╤М ╨╖╨╜╨░╤З╨╡╨╜╨╕╨╡, ╨╛╤В╨╗╨╕╤З╨╜╨╛╨╡ ╨╛╤В NULL, ╨┐╤А╨╕ ╨▓╤Л╤Е╨╛╨┤╨╡ ╨╕╨╖ ╨║╨╛╨╜╤Б╤В╤А╤Г╨║╤В╨╛╤А╨░. ╨а╨░╤Б╤Б╨╝╨╛╤В╤А╨╕╤В╨╡ ╨▓╨╛╨╖╨╝╨╛╨╢╨╜╨╛╤Б╤В╤М ╨┤╨╛╨▒╨░╨▓╨╗╨╡╨╜╨╕╤П ╨╝╨╛╨┤╨╕╤Д╨╕╨║╨░╤В╨╛╤А╨░ "required" ╨╕╨╗╨╕ ╨╛╨▒╤К╤П╨▓╨╗╨╡╨╜╨╕╤П ╨╖╨╜╨░╤З╨╡╨╜╨╕╤П ╤Б╨▓╨╛╨╣╤Б╤В╨▓╨╛, ╨┤╨╛╨┐╤Г╤Б╨║╨░╤О╤Й╨╡╨│╨╛ ╨╖╨╜╨░╤З╨╡╨╜╨╕╨╡ NULL. [C:\Users\user\OneDrive\╨а╨░╨▒╨╛╤З╨╕╨╣ ╤Б╤В╨╛╨╗\regi\WebApplication15\WebApplication15.csproj]
C:\Users\user\OneDrive\╨а╨░╨▒╨╛╤З╨╕╨╣ ╤Б╤В╨╛╨╗\regi\WebApplication15\Controllers\LanguageController.cs(46,35): error CS1061: "ApplicationDbContext" ╨╜╨╡ ╤Б╨╛╨┤╨╡╤А╨╢╨╕╤В ╨╛╨┐╤А╨╡╨┤╨╡╨╗╨╡╨╜╨╕╤П "LanguageLevels", ╨╕ ╨╜╨╡ ╤Г╨┤╨░╨╗╨╛╤Б╤М ╨╜╨░╨╣╤В╨╕ ╨┤╨╛╤Б╤В╤Г╨┐╨╜╤Л╨╣ ╨╝╨╡╤В╨╛╨┤ ╤А╨░╤Б╤И╨╕╤А╨╡╨╜╨╕╤П "LanguageLevels", ╨┐╤А╨╕╨╜╨╕╨╝╨░╤О╤Й╨╕╨╣ ╤В╨╕╨┐ "ApplicationDbContext" ╨▓ ╨║╨░╤З╨╡╤Б╤В╨▓╨╡ ╨┐╨╡╤А╨▓╨╛╨│╨╛ ╨░╤А╨│╤Г╨╝╨╡╨╜╤В╨░ (╨▓╨╛╨╖╨╝╨╛╨╢╨╜╨╛, ╨┐╤А╨╛╨┐╤Г╤Й╨╡╨╜╨░ ╨┤╨╕╤А╨╡╨║╤В╨╕╨▓╨░ using ╨╕╨╗╨╕ ╤Б╤Б╤Л╨╗╨║╨░ ╨╜╨░ ╤Б╨▒╨╛╤А╨║╤Г). [C:\Users\user\OneDrive\╨а╨░╨▒╨╛╤З╨╕╨╣ ╤Б╤В╨╛╨╗\regi\WebApplication15\WebApplication15.csproj]
C:\Users\user\OneDrive\╨а╨░╨▒╨╛╤З╨╕╨╣ ╤Б╤В╨╛╨╗\regi\WebApplication15\Controllers\LanguageController.cs(69,40): error CS1061: "ApplicationDbContext" ╨╜╨╡ ╤Б╨╛╨┤╨╡╤А╨╢╨╕╤В ╨╛╨┐╤А╨╡╨┤╨╡╨╗╨╡╨╜╨╕╤П "LanguageLevels", ╨╕ ╨╜╨╡ ╤Г╨┤╨░╨╗╨╛╤Б╤М ╨╜╨░╨╣╤В╨╕ ╨┤╨╛╤Б╤В╤Г╨┐╨╜╤Л╨╣ ╨╝╨╡╤В╨╛╨┤ ╤А╨░╤Б╤И╨╕╤А╨╡╨╜╨╕╤П "LanguageLevels", ╨┐╤А╨╕╨╜╨╕╨╝╨░╤О╤Й╨╕╨╣ ╤В╨╕╨┐ "ApplicationDbContext" ╨▓ ╨║╨░╤З╨╡╤Б╤В╨▓╨╡ ╨┐╨╡╤А╨▓╨╛╨│╨╛ ╨░╤А╨│╤Г╨╝╨╡╨╜╤В╨░ (╨▓╨╛╨╖╨╝╨╛╨╢╨╜╨╛, ╨┐╤А╨╛╨┐╤Г╤Й╨╡╨╜╨░ ╨┤╨╕╤А╨╡╨║╤В╨╕╨▓╨░ using ╨╕╨╗╨╕ ╤Б╤Б╤Л╨╗╨║╨░ ╨╜╨░ ╤Б╨▒╨╛╤А╨║╤Г). [C:\Users\user\OneDrive\╨а╨░╨▒╨╛╤З╨╕╨╣ ╤Б╤В╨╛╨╗\regi\WebApplication15\WebApplication15.csproj]
C:\Users\user\OneDrive\╨а╨░╨▒╨╛╤З╨╕╨╣ ╤Б╤В╨╛╨╗\regi\WebApplication15\Controllers\LanguageController.cs(79,29): warning CS8619: ╨Ф╨╛╨┐╤Г╤Б╤В╨╕╨╝╨╛╤Б╤В╤М ╨╖╨╜╨░╤З╨╡╨╜╨╕╤П NULL ╨▓ ╨╖╨╜╨░╤З╨╡╨╜╨╕╨╕ ╤В╨╕╨┐╨░ "?" ╨╜╨╡ ╤Б╨╛╨╛╤В╨▓╨╡╤В╤Б╤В╨▓╤Г╨╡╤В ╤Ж╨╡╨╗╨╡╨▓╨╛╨╝╤Г ╤В╨╕╨┐╤Г "dynamic". [C:\Users\user\OneDrive\╨а╨░╨▒╨╛╤З╨╕╨╣ ╤Б╤В╨╛╨╗\regi\WebApplication15\WebApplication15.csproj]
C:\Users\user\OneDrive\╨а╨░╨▒╨╛╤З╨╕╨╣ ╤Б╤В╨╛╨╗\regi\WebApplication15\Controllers\VideoController.cs(57,41): error CS1061: "ApplicationDbContext" ╨╜╨╡ ╤Б╨╛╨┤╨╡╤А╨╢╨╕╤В ╨╛╨┐╤А╨╡╨┤╨╡╨╗╨╡╨╜╨╕╤П "LanguageLevels", ╨╕ ╨╜╨╡ ╤Г╨┤╨░╨╗╨╛╤Б╤М ╨╜╨░╨╣╤В╨╕ ╨┤╨╛╤Б╤В╤Г╨┐╨╜╤Л╨╣ ╨╝╨╡╤В╨╛╨┤ ╤А╨░╤Б╤И╨╕╤А╨╡╨╜╨╕╤П "LanguageLevels", ╨┐╤А╨╕╨╜╨╕╨╝╨░╤О╤Й╨╕╨╣ ╤В╨╕╨┐ "ApplicationDbContext" ╨▓ ╨║╨░╤З╨╡╤Б╤В╨▓╨╡ ╨┐╨╡╤А╨▓╨╛╨│╨╛ ╨░╤А╨│╤Г╨╝╨╡╨╜╤В╨░ (╨▓╨╛╨╖╨╝╨╛╨╢╨╜╨╛, ╨┐╤А╨╛╨┐╤Г╤Й╨╡╨╜╨░ ╨┤╨╕╤А╨╡╨║╤В╨╕╨▓╨░ using ╨╕╨╗╨╕ ╤Б╤Б╤Л╨╗╨║╨░ ╨╜╨░ ╤Б╨▒╨╛╤А╨║╤Г). [C:\Users\user\OneDrive\╨а╨░╨▒╨╛╤З╨╕╨╣ ╤Б╤В╨╛╨╗\regi\WebApplication15\WebApplication15.csproj]
C:\Users\user\OneDrive\╨а╨░╨▒╨╛╤З╨╕╨╣ ╤Б╤В╨╛╨╗\regi\WebApplication15\Controllers\VideoController.cs(62,33): error CS1061: "Video" ╨╜╨╡ ╤Б╨╛╨┤╨╡╤А╨╢╨╕╤В ╨╛╨┐╤А╨╡╨┤╨╡╨╗╨╡╨╜╨╕╤П "LanguageLevel", ╨╕ ╨╜╨╡ ╤Г╨┤╨░╨╗╨╛╤Б╤М ╨╜╨░╨╣╤В╨╕ ╨┤╨╛╤Б╤В╤Г╨┐╨╜╤Л╨╣ ╨╝╨╡╤В╨╛╨┤ ╤А╨░╤Б╤И╨╕╤А╨╡╨╜╨╕╤П "LanguageLevel", ╨┐╤А╨╕╨╜╨╕╨╝╨░╤О╤Й╨╕╨╣ ╤В╨╕╨┐ "Video" ╨▓ ╨║╨░╤З╨╡╤Б╤В╨▓╨╡ ╨┐╨╡╤А╨▓╨╛╨│╨╛ ╨░╤А╨│╤Г╨╝╨╡╨╜╤В╨░ (╨▓╨╛╨╖╨╝╨╛╨╢╨╜╨╛, ╨┐╤А╨╛╨┐╤Г╤Й╨╡╨╜╨░ ╨┤╨╕╤А╨╡╨║╤В╨╕╨▓╨░ using ╨╕╨╗╨╕ ╤Б╤Б╤Л╨╗╨║╨░ ╨╜╨░ ╤Б╨▒╨╛╤А╨║╤Г). [C:\Users\user\OneDrive\╨а╨░╨▒╨╛╤З╨╕╨╣ ╤Б╤В╨╛╨╗\regi\WebApplication15\WebApplication15.csproj]
C:\Users\user\OneDrive\╨а╨░╨▒╨╛╤З╨╕╨╣ ╤Б╤В╨╛╨╗\regi\WebApplication15\Controllers\VideoController.cs(45,29): warning CS8600: ╨Я╤А╨╡╨╛╨▒╤А╨░╨╖╨╛╨▓╨░╨╜╨╕╨╡ ╨╗╨╕╤В╨╡╤А╨░╨╗╨░, ╨┤╨╛╨┐╤Г╤Б╨║╨░╤О╤Й╨╡╨│╨╛ ╨╖╨╜╨░╤З╨╡╨╜╨╕╨╡ NULL ╨╕╨╗╨╕ ╨▓╨╛╨╖╨╝╨╛╨╢╨╜╨╛╨│╨╛ ╨╖╨╜╨░╤З╨╡╨╜╨╕╤П NULL ╨▓ ╤В╨╕╨┐, ╨╜╨╡ ╨┤╨╛╨┐╤Г╤Б╨║╨░╤О╤Й╨╕╨╣ ╨╖╨╜╨░╤З╨╡╨╜╨╕╨╡ NULL. [C:\Users\user\OneDrive\╨а╨░╨▒╨╛╤З╨╕╨╣ ╤Б╤В╨╛╨╗\regi\WebApplication15\WebApplication15.csproj]
C:\Users\user\OneDrive\╨а╨░╨▒╨╛╤З╨╕╨╣ ╤Б╤В╨╛╨╗\regi\WebApplication15\Controllers\VideoController.cs(50,26): warning CS8600: ╨Я╤А╨╡╨╛╨▒╤А╨░╨╖╨╛╨▓╨░╨╜╨╕╨╡ ╨╗╨╕╤В╨╡╤А╨░╨╗╨░, ╨┤╨╛╨┐╤Г╤Б╨║╨░╤О╤Й╨╡╨│╨╛ ╨╖╨╜╨░╤З╨╡╨╜╨╕╨╡ NULL ╨╕╨╗╨╕ ╨▓╨╛╨╖╨╝╨╛╨╢╨╜╨╛╨│╨╛ ╨╖╨╜╨░╤З╨╡╨╜╨╕╤П NULL ╨▓ ╤В╨╕╨┐, ╨╜╨╡ ╨┤╨╛╨┐╤Г╤Б╨║╨░╤О╤Й╨╕╨╣ ╨╖╨╜╨░╤З╨╡╨╜╨╕╨╡ NULL. [C:\Users\user\OneDrive\╨а╨░╨▒╨╛╤З╨╕╨╣ ╤Б╤В╨╛╨╗\regi\WebApplication15\WebApplication15.csproj]
C:\Users\user\OneDrive\╨а╨░╨▒╨╛╤З╨╕╨╣ ╤Б╤В╨╛╨╗\regi\WebApplication15\Controllers\VideoController.cs(58,30): warning CS8619: ╨Ф╨╛╨┐╤Г╤Б╤В╨╕╨╝╨╛╤Б╤В╤М ╨╖╨╜╨░╤З╨╡╨╜╨╕╤П NULL ╨▓ ╨╖╨╜╨░╤З╨╡╨╜╨╕╨╕ ╤В╨╕╨┐╨░ "?" ╨╜╨╡ ╤Б╨╛╨╛╤В╨▓╨╡╤В╤Б╤В╨▓╤Г╨╡╤В ╤Ж╨╡╨╗╨╡╨▓╨╛╨╝╤Г ╤В╨╕╨┐╤Г "dynamic". [C:\Users\user\OneDrive\╨а╨░╨▒╨╛╤З╨╕╨╣ ╤Б╤В╨╛╨╗\regi\WebApplication15\WebApplication15.csproj]
C:\Users\user\OneDrive\╨а╨░╨▒╨╛╤З╨╕╨╣ ╤Б╤В╨╛╨╗\regi\WebApplication15\Controllers\LanguageController.cs(106,40): error CS1061: "ApplicationDbContext" ╨╜╨╡ ╤Б╨╛╨┤╨╡╤А╨╢╨╕╤В ╨╛╨┐╤А╨╡╨┤╨╡╨╗╨╡╨╜╨╕╤П "LanguageLevels", ╨╕ ╨╜╨╡ ╤Г╨┤╨░╨╗╨╛╤Б╤М ╨╜╨░╨╣╤В╨╕ ╨┤╨╛╤Б╤В╤Г╨┐╨╜╤Л╨╣ ╨╝╨╡╤В╨╛╨┤ ╤А╨░╤Б╤И╨╕╤А╨╡╨╜╨╕╤П "LanguageLevels", ╨┐╤А╨╕╨╜╨╕╨╝╨░╤О╤Й╨╕╨╣ ╤В╨╕╨┐ "ApplicationDbContext" ╨▓ ╨║╨░╤З╨╡╤Б╤В╨▓╨╡ ╨┐╨╡╤А╨▓╨╛╨│╨╛ ╨░╤А╨│╤Г╨╝╨╡╨╜╤В╨░ (╨▓╨╛╨╖╨╝╨╛╨╢╨╜╨╛, ╨┐╤А╨╛╨┐╤Г╤Й╨╡╨╜╨░ ╨┤╨╕╤А╨╡╨║╤В╨╕╨▓╨░ using ╨╕╨╗╨╕ ╤Б╤Б╤Л╨╗╨║╨░ ╨╜╨░ ╤Б╨▒╨╛╤А╨║╤Г). [C:\Users\user\OneDrive\╨а╨░╨▒╨╛╤З╨╕╨╣ ╤Б╤В╨╛╨╗\regi\WebApplication15\WebApplication15.csproj]
C:\Users\user\OneDrive\╨а╨░╨▒╨╛╤З╨╕╨╣ ╤Б╤В╨╛╨╗\regi\WebApplication15\Controllers\LanguageController.cs(116,29): warning CS8619: ╨Ф╨╛╨┐╤Г╤Б╤В╨╕╨╝╨╛╤Б╤В╤М ╨╖╨╜╨░╤З╨╡╨╜╨╕╤П NULL ╨▓ ╨╖╨╜╨░╤З╨╡╨╜╨╕╨╕ ╤В╨╕╨┐╨░ "?" ╨╜╨╡ ╤Б╨╛╨╛╤В╨▓╨╡╤В╤Б╤В╨▓╤Г╨╡╤В ╤Ж╨╡╨╗╨╡╨▓╨╛╨╝╤Г ╤В╨╕╨┐╤Г "dynamic". [C:\Users\user\OneDrive\╨а╨░╨▒╨╛╤З╨╕╨╣ ╤Б╤В╨╛╨╗\regi\WebApplication15\WebApplication15.csproj]
C:\Users\user\OneDrive\╨а╨░╨▒╨╛╤З╨╕╨╣ ╤Б╤В╨╛╨╗\regi\WebApplication15\Controllers\AccountController.cs(130,29): warning CS8600: ╨Я╤А╨╡╨╛╨▒╤А╨░╨╖╨╛╨▓╨░╨╜╨╕╨╡ ╨╗╨╕╤В╨╡╤А╨░╨╗╨░, ╨┤╨╛╨┐╤Г╤Б╨║╨░╤О╤Й╨╡╨│╨╛ ╨╖╨╜╨░╤З╨╡╨╜╨╕╨╡ NULL ╨╕╨╗╨╕ ╨▓╨╛╨╖╨╝╨╛╨╢╨╜╨╛╨│╨╛ ╨╖╨╜╨░╤З╨╡╨╜╨╕╤П NULL ╨▓ ╤В╨╕╨┐, ╨╜╨╡ ╨┤╨╛╨┐╤Г╤Б╨║╨░╤О╤Й╨╕╨╣ ╨╖╨╜╨░╤З╨╡╨╜╨╕╨╡ NULL. [C:\Users\user\OneDrive\╨а╨░╨▒╨╛╤З╨╕╨╣ ╤Б╤В╨╛╨╗\regi\WebApplication15\WebApplication15.csproj]
C:\Users\user\OneDrive\╨а╨░╨▒╨╛╤З╨╕╨╣ ╤Б╤В╨╛╨╗\regi\WebApplication15\Controllers\AccountController.cs(133,65): warning CS8604: ╨Т╨╛╨╖╨╝╨╛╨╢╨╜╨╛, ╨░╤А╨│╤Г╨╝╨╡╨╜╤В-╤Б╤Б╤Л╨╗╨║╨░, ╨┤╨╛╨┐╤Г╤Б╨║╨░╤О╤Й╨╕╨╣ ╨╖╨╜╨░╤З╨╡╨╜╨╕╨╡ NULL, ╨┤╨╗╤П ╨┐╨░╤А╨░╨╝╨╡╤В╤А╨░ "userId" ╨▓ "Task<List<TestResult>> TestService.GetUserResults(string userId)". [C:\Users\user\OneDrive\╨а╨░╨▒╨╛╤З╨╕╨╣ ╤Б╤В╨╛╨╗\regi\WebApplication15\WebApplication15.csproj]
C:\Users\user\OneDrive\╨а╨░╨▒╨╛╤З╨╕╨╣ ╤Б╤В╨╛╨╗\regi\WebApplication15\Controllers\HomeController.cs(126,29): error CS1061: "Video" ╨╜╨╡ ╤Б╨╛╨┤╨╡╤А╨╢╨╕╤В ╨╛╨┐╤А╨╡╨┤╨╡╨╗╨╡╨╜╨╕╤П "LanguageLevel", ╨╕ ╨╜╨╡ ╤Г╨┤╨░╨╗╨╛╤Б╤М ╨╜╨░╨╣╤В╨╕ ╨┤╨╛╤Б╤В╤Г╨┐╨╜╤Л╨╣ ╨╝╨╡╤В╨╛╨┤ ╤А╨░╤Б╤И╨╕╤А╨╡╨╜╨╕╤П "LanguageLevel", ╨┐╤А╨╕╨╜╨╕╨╝╨░╤О╤Й╨╕╨╣ ╤В╨╕╨┐ "Video" ╨▓ ╨║╨░╤З╨╡╤Б╤В╨▓╨╡ ╨┐╨╡╤А╨▓╨╛╨│╨╛ ╨░╤А╨│╤Г╨╝╨╡╨╜╤В╨░ (╨▓╨╛╨╖╨╝╨╛╨╢╨╜╨╛, ╨┐╤А╨╛╨┐╤Г╤Й╨╡╨╜╨░ ╨┤╨╕╤А╨╡╨║╤В╨╕╨▓╨░ using ╨╕╨╗╨╕ ╤Б╤Б╤Л╨╗╨║╨░ ╨╜╨░ ╤Б╨▒╨╛╤А╨║╤Г). [C:\Users\user\OneDrive\╨а╨░╨▒╨╛╤З╨╕╨╣ ╤Б╤В╨╛╨╗\regi\WebApplication15\WebApplication15.csproj]
C:\Users\user\OneDrive\╨а╨░╨▒╨╛╤З╨╕╨╣ ╤Б╤В╨╛╨╗\regi\WebApplication15\Controllers\AccountController.cs(144,42): warning CS1998: ╨Т ╨┤╨░╨╜╨╜╨╛╨╝ ╨░╤Б╨╕╨╜╤Е╤А╨╛╨╜╨╜╨╛╨╝ ╨╝╨╡╤В╨╛╨┤╨╡ ╨╛╤В╤Б╤Г╤В╤Б╤В╨▓╤Г╤О╤В ╨╛╨┐╨╡╤А╨░╤В╨╛╤А╤Л await, ╨┐╨╛╤Н╤В╨╛╨╝╤Г ╨╝╨╡╤В╨╛╨┤ ╨▒╤Г╨┤╨╡╤В ╨▓╤Л╨┐╨╛╨╗╨╜╤П╤В╤М╤Б╤П ╤Б╨╕╨╜╤Е╤А╨╛╨╜╨╜╨╛. ╨Т╨╛╤Б╨┐╨╛╨╗╤М╨╖╤Г╨╣╤В╨╡╤Б╤М ╨╛╨┐╨╡╤А╨░╤В╨╛╤А╨╛╨╝ await ╨┤╨╗╤П ╨╛╨╢╨╕╨┤╨░╨╜╨╕╤П ╨╜╨╡╨▒╨╗╨╛╨║╨╕╤А╤Г╤О╤Й╨╕╤Е ╨▓╤Л╨╖╨╛╨▓╨╛╨▓ API ╨╕╨╗╨╕ ╨╛╨┐╨╡╤А╨░╤В╨╛╤А╨╛╨╝ await Task.Run(...) ╨┤╨╗╤П ╨▓╤Л╨┐╨╛╨╗╨╜╨╡╨╜╨╕╤П ╤Б╨▓╤П╨╖╨░╨╜╨╜╤Л╤Е ╤Б ╨ж╨Я ╨╖╨░╨┤╨░╨╜╨╕╨╣ ╨▓ ╤Д╨╛╨╜╨╛╨▓╨╛╨╝ ╨┐╨╛╤В╨╛╨║╨╡. [C:\Users\user\OneDrive\╨а╨░╨▒╨╛╤З╨╕╨╣ ╤Б╤В╨╛╨╗\regi\WebApplication15\WebApplication15.csproj]
C:\Users\user\OneDrive\╨а╨░╨▒╨╛╤З╨╕╨╣ ╤Б╤В╨╛╨╗\regi\WebApplication15\Services\VideoService.cs(69,20): warning CS8603: ╨Т╨╛╨╖╨╝╨╛╨╢╨╜╨╛, ╨▓╨╛╨╖╨▓╤А╨░╤В ╤Б╤Б╤Л╨╗╨║╨╕, ╨┤╨╛╨┐╤Г╤Б╨║╨░╤О╤Й╨╡╨╣ ╨╖╨╜╨░╤З╨╡╨╜╨╕╨╡ NULL. [C:\Users\user\OneDrive\╨а╨░╨▒╨╛╤З╨╕╨╣ ╤Б╤В╨╛╨╗\regi\WebApplication15\WebApplication15.csproj]
C:\Users\user\OneDrive\╨а╨░╨▒╨╛╤З╨╕╨╣ ╤Б╤В╨╛╨╗\regi\WebApplication15\Controllers\VideoController.cs(129,41): error CS1061: "ApplicationDbContext" ╨╜╨╡ ╤Б╨╛╨┤╨╡╤А╨╢╨╕╤В ╨╛╨┐╤А╨╡╨┤╨╡╨╗╨╡╨╜╨╕╤П "LanguageLevels", ╨╕ ╨╜╨╡ ╤Г╨┤╨░╨╗╨╛╤Б╤М ╨╜╨░╨╣╤В╨╕ ╨┤╨╛╤Б╤В╤Г╨┐╨╜╤Л╨╣ ╨╝╨╡╤В╨╛╨┤ ╤А╨░╤Б╤И╨╕╤А╨╡╨╜╨╕╤П "LanguageLevels", ╨┐╤А╨╕╨╜╨╕╨╝╨░╤О╤Й╨╕╨╣ ╤В╨╕╨┐ "ApplicationDbContext" ╨▓ ╨║╨░╤З╨╡╤Б╤В╨▓╨╡ ╨┐╨╡╤А╨▓╨╛╨│╨╛ ╨░╤А╨│╤Г╨╝╨╡╨╜╤В╨░ (╨▓╨╛╨╖╨╝╨╛╨╢╨╜╨╛, ╨┐╤А╨╛╨┐╤Г╤Й╨╡╨╜╨░ ╨┤╨╕╤А╨╡╨║╤В╨╕╨▓╨░ using ╨╕╨╗╨╕ ╤Б╤Б╤Л╨╗╨║╨░ ╨╜╨░ ╤Б╨▒╨╛╤А╨║╤Г). [C:\Users\user\OneDrive\╨а╨░╨▒╨╛╤З╨╕╨╣ ╤Б╤В╨╛╨╗\regi\WebApplication15\WebApplication15.csproj]
C:\Users\user\OneDrive\╨а╨░╨▒╨╛╤З╨╕╨╣ ╤Б╤В╨╛╨╗\regi\WebApplication15\Controllers\VideoController.cs(134,40): error CS1061: "ApplicationDbContext" ╨╜╨╡ ╤Б╨╛╨┤╨╡╤А╨╢╨╕╤В ╨╛╨┐╤А╨╡╨┤╨╡╨╗╨╡╨╜╨╕╤П "LanguageLevels", ╨╕ ╨╜╨╡ ╤Г╨┤╨░╨╗╨╛╤Б╤М ╨╜╨░╨╣╤В╨╕ ╨┤╨╛╤Б╤В╤Г╨┐╨╜╤Л╨╣ ╨╝╨╡╤В╨╛╨┤ ╤А╨░╤Б╤И╨╕╤А╨╡╨╜╨╕╤П "LanguageLevels", ╨┐╤А╨╕╨╜╨╕╨╝╨░╤О╤Й╨╕╨╣ ╤В╨╕╨┐ "ApplicationDbContext" ╨▓ ╨║╨░╤З╨╡╤Б╤В╨▓╨╡ ╨┐╨╡╤А╨▓╨╛╨│╨╛ ╨░╤А╨│╤Г╨╝╨╡╨╜╤В╨░ (╨▓╨╛╨╖╨╝╨╛╨╢╨╜╨╛, ╨┐╤А╨╛╨┐╤Г╤Й╨╡╨╜╨░ ╨┤╨╕╤А╨╡╨║╤В╨╕╨▓╨░ using ╨╕╨╗╨╕ ╤Б╤Б╤Л╨╗╨║╨░ ╨╜╨░ ╤Б╨▒╨╛╤А╨║╤Г). [C:\Users\user\OneDrive\╨а╨░╨▒╨╛╤З╨╕╨╣ ╤Б╤В╨╛╨╗\regi\WebApplication15\WebApplication15.csproj]
C:\Users\user\OneDrive\╨а╨░╨▒╨╛╤З╨╕╨╣ ╤Б╤В╨╛╨╗\regi\WebApplication15\Controllers\VideoController.cs(144,33): error CS1061: "Video" ╨╜╨╡ ╤Б╨╛╨┤╨╡╤А╨╢╨╕╤В ╨╛╨┐╤А╨╡╨┤╨╡╨╗╨╡╨╜╨╕╤П "LanguageLevel", ╨╕ ╨╜╨╡ ╤Г╨┤╨░╨╗╨╛╤Б╤М ╨╜╨░╨╣╤В╨╕ ╨┤╨╛╤Б╤В╤Г╨┐╨╜╤Л╨╣ ╨╝╨╡╤В╨╛╨┤ ╤А╨░╤Б╤И╨╕╤А╨╡╨╜╨╕╤П "LanguageLevel", ╨┐╤А╨╕╨╜╨╕╨╝╨░╤О╤Й╨╕╨╣ ╤В╨╕╨┐ "Video" ╨▓ ╨║╨░╤З╨╡╤Б╤В╨▓╨╡ ╨┐╨╡╤А╨▓╨╛╨│╨╛ ╨░╤А╨│╤Г╨╝╨╡╨╜╤В╨░ (╨▓╨╛╨╖╨╝╨╛╨╢╨╜╨╛, ╨┐╤А╨╛╨┐╤Г╤Й╨╡╨╜╨░ ╨┤╨╕╤А╨╡╨║╤В╨╕╨▓╨░ using ╨╕╨╗╨╕ ╤Б╤Б╤Л╨╗╨║╨░ ╨╜╨░ ╤Б╨▒╨╛╤А╨║╤Г). [C:\Users\user\OneDrive\╨а╨░╨▒╨╛╤З╨╕╨╣ ╤Б╤В╨╛╨╗\regi\WebApplication15\WebApplication15.csproj]
C:\Users\user\OneDrive\╨а╨░╨▒╨╛╤З╨╕╨╣ ╤Б╤В╨╛╨╗\regi\WebApplication15\Controllers\VideoController.cs(112,29): warning CS8600: ╨Я╤А╨╡╨╛╨▒╤А╨░╨╖╨╛╨▓╨░╨╜╨╕╨╡ ╨╗╨╕╤В╨╡╤А╨░╨╗╨░, ╨┤╨╛╨┐╤Г╤Б╨║╨░╤О╤Й╨╡╨│╨╛ ╨╖╨╜╨░╤З╨╡╨╜╨╕╨╡ NULL ╨╕╨╗╨╕ ╨▓╨╛╨╖╨╝╨╛╨╢╨╜╨╛╨│╨╛ ╨╖╨╜╨░╤З╨╡╨╜╨╕╤П NULL ╨▓ ╤В╨╕╨┐, ╨╜╨╡ ╨┤╨╛╨┐╤Г╤Б╨║╨░╤О╤Й╨╕╨╣ ╨╖╨╜╨░╤З╨╡╨╜╨╕╨╡ NULL. [C:\Users\user\OneDrive\╨а╨░╨▒╨╛╤З╨╕╨╣ ╤Б╤В╨╛╨╗\regi\WebApplication15\WebApplication15.csproj]
C:\Users\user\OneDrive\╨а╨░╨▒╨╛╤З╨╕╨╣ ╤Б╤В╨╛╨╗\regi\WebApplication15\Controllers\VideoController.cs(117,26): warning CS8600: ╨Я╤А╨╡╨╛╨▒╤А╨░╨╖╨╛╨▓╨░╨╜╨╕╨╡ ╨╗╨╕╤В╨╡╤А╨░╨╗╨░, ╨┤╨╛╨┐╤Г╤Б╨║╨░╤О╤Й╨╡╨│╨╛ ╨╖╨╜╨░╤З╨╡╨╜╨╕╨╡ NULL ╨╕╨╗╨╕ ╨▓╨╛╨╖╨╝╨╛╨╢╨╜╨╛╨│╨╛ ╨╖╨╜╨░╤З╨╡╨╜╨╕╤П NULL ╨▓ ╤В╨╕╨┐, ╨╜╨╡ ╨┤╨╛╨┐╤Г╤Б╨║╨░╤О╤Й╨╕╨╣ ╨╖╨╜╨░╤З╨╡╨╜╨╕╨╡ NULL. [C:\Users\user\OneDrive\╨а╨░╨▒╨╛╤З╨╕╨╣ ╤Б╤В╨╛╨╗\regi\WebApplication15\WebApplication15.csproj]
C:\Users\user\OneDrive\╨а╨░╨▒╨╛╤З╨╕╨╣ ╤Б╤В╨╛╨╗\regi\WebApplication15\Controllers\VideoController.cs(132,30): warning CS8619: ╨Ф╨╛╨┐╤Г╤Б╤В╨╕╨╝╨╛╤Б╤В╤М ╨╖╨╜╨░╤З╨╡╨╜╨╕╤П NULL ╨▓ ╨╖╨╜╨░╤З╨╡╨╜╨╕╨╕ ╤В╨╕╨┐╨░ "?" ╨╜╨╡ ╤Б╨╛╨╛╤В╨▓╨╡╤В╤Б╤В╨▓╤Г╨╡╤В ╤Ж╨╡╨╗╨╡╨▓╨╛╨╝╤Г ╤В╨╕╨┐╤Г "dynamic". [C:\Users\user\OneDrive\╨а╨░╨▒╨╛╤З╨╕╨╣ ╤Б╤В╨╛╨╗\regi\WebApplication15\WebApplication15.csproj]
C:\Users\user\OneDrive\╨а╨░╨▒╨╛╤З╨╕╨╣ ╤Б╤В╨╛╨╗\regi\WebApplication15\Controllers\VideoController.cs(140,29): warning CS8619: ╨Ф╨╛╨┐╤Г╤Б╤В╨╕╨╝╨╛╤Б╤В╤М ╨╖╨╜╨░╤З╨╡╨╜╨╕╤П NULL ╨▓ ╨╖╨╜╨░╤З╨╡╨╜╨╕╨╕ ╤В╨╕╨┐╨░ "?" ╨╜╨╡ ╤Б╨╛╨╛╤В╨▓╨╡╤В╤Б╤В╨▓╤Г╨╡╤В ╤Ж╨╡╨╗╨╡╨▓╨╛╨╝╤Г ╤В╨╕╨┐╤Г "dynamic". [C:\Users\user\OneDrive\╨а╨░╨▒╨╛╤З╨╕╨╣ ╤Б╤В╨╛╨╗\regi\WebApplication15\WebApplication15.csproj]
C:\Users\user\OneDrive\╨а╨░╨▒╨╛╤З╨╕╨╣ ╤Б╤В╨╛╨╗\regi\WebApplication15\Controllers\AccountController.cs(166,42): warning CS1998: ╨Т ╨┤╨░╨╜╨╜╨╛╨╝ ╨░╤Б╨╕╨╜╤Е╤А╨╛╨╜╨╜╨╛╨╝ ╨╝╨╡╤В╨╛╨┤╨╡ ╨╛╤В╤Б╤Г╤В╤Б╤В╨▓╤Г╤О╤В ╨╛╨┐╨╡╤А╨░╤В╨╛╤А╤Л await, ╨┐╨╛╤Н╤В╨╛╨╝╤Г ╨╝╨╡╤В╨╛╨┤ ╨▒╤Г╨┤╨╡╤В ╨▓╤Л╨┐╨╛╨╗╨╜╤П╤В╤М╤Б╤П ╤Б╨╕╨╜╤Е╤А╨╛╨╜╨╜╨╛. ╨Т╨╛╤Б╨┐╨╛╨╗╤М╨╖╤Г╨╣╤В╨╡╤Б╤М ╨╛╨┐╨╡╤А╨░╤В╨╛╤А╨╛╨╝ await ╨┤╨╗╤П ╨╛╨╢╨╕╨┤╨░╨╜╨╕╤П ╨╜╨╡╨▒╨╗╨╛╨║╨╕╤А╤Г╤О╤Й╨╕╤Е ╨▓╤Л╨╖╨╛╨▓╨╛╨▓ API ╨╕╨╗╨╕ ╨╛╨┐╨╡╤А╨░╤В╨╛╤А╨╛╨╝ await Task.Run(...) ╨┤╨╗╤П ╨▓╤Л╨┐╨╛╨╗╨╜╨╡╨╜╨╕╤П ╤Б╨▓╤П╨╖╨░╨╜╨╜╤Л╤Е ╤Б ╨ж╨Я ╨╖╨░╨┤╨░╨╜╨╕╨╣ ╨▓ ╤Д╨╛╨╜╨╛╨▓╨╛╨╝ ╨┐╨╛╤В╨╛╨║╨╡. [C:\Users\user\OneDrive\╨а╨░╨▒╨╛╤З╨╕╨╣ ╤Б╤В╨╛╨╗\regi\WebApplication15\WebApplication15.csproj]
C:\Users\user\OneDrive\╨а╨░╨▒╨╛╤З╨╕╨╣ ╤Б╤В╨╛╨╗\regi\WebApplication15\Views\Account\Profile.cshtml(313,90): error CS1061: "TestResult" ╨╜╨╡ ╤Б╨╛╨┤╨╡╤А╨╢╨╕╤В ╨╛╨┐╤А╨╡╨┤╨╡╨╗╨╡╨╜╨╕╤П "CompletedDate", ╨╕ ╨╜╨╡ ╤Г╨┤╨░╨╗╨╛╤Б╤М ╨╜╨░╨╣╤В╨╕ ╨┤╨╛╤Б╤В╤Г╨┐╨╜╤Л╨╣ ╨╝╨╡╤В╨╛╨┤ ╤А╨░╤Б╤И╨╕╤А╨╡╨╜╨╕╤П "CompletedDate", ╨┐╤А╨╕╨╜╨╕╨╝╨░╤О╤Й╨╕╨╣ ╤В╨╕╨┐ "TestResult" ╨▓ ╨║╨░╤З╨╡╤Б╤В╨▓╨╡ ╨┐╨╡╤А╨▓╨╛╨│╨╛ ╨░╤А╨│╤Г╨╝╨╡╨╜╤В╨░ (╨▓╨╛╨╖╨╝╨╛╨╢╨╜╨╛, ╨┐╤А╨╛╨┐╤Г╤Й╨╡╨╜╨░ ╨┤╨╕╤А╨╡╨║╤В╨╕╨▓╨░ using ╨╕╨╗╨╕ ╤Б╤Б╤Л╨╗╨║╨░ ╨╜╨░ ╤Б╨▒╨╛╤А╨║╤Г). [C:\Users\user\OneDrive\╨а╨░╨▒╨╛╤З╨╕╨╣ ╤Б╤В╨╛╨╗\regi\WebApplication15\WebApplication15.csproj]
C:\Users\user\OneDrive\╨а╨░╨▒╨╛╤З╨╕╨╣ ╤Б╤В╨╛╨╗\regi\WebApplication15\Views\Account\Profile.cshtml(396,87): error CS1061: "TestResult" ╨╜╨╡ ╤Б╨╛╨┤╨╡╤А╨╢╨╕╤В ╨╛╨┐╤А╨╡╨┤╨╡╨╗╨╡╨╜╨╕╤П "CompletedDate", ╨╕ ╨╜╨╡ ╤Г╨┤╨░╨╗╨╛╤Б╤М ╨╜╨░╨╣╤В╨╕ ╨┤╨╛╤Б╤В╤Г╨┐╨╜╤Л╨╣ ╨╝╨╡╤В╨╛╨┤ ╤А╨░╤Б╤И╨╕╤А╨╡╨╜╨╕╤П "CompletedDate", ╨┐╤А╨╕╨╜╨╕╨╝╨░╤О╤Й╨╕╨╣ ╤В╨╕╨┐ "TestResult" ╨▓ ╨║╨░╤З╨╡╤Б╤В╨▓╨╡ ╨┐╨╡╤А╨▓╨╛╨│╨╛ ╨░╤А╨│╤Г╨╝╨╡╨╜╤В╨░ (╨▓╨╛╨╖╨╝╨╛╨╢╨╜╨╛, ╨┐╤А╨╛╨┐╤Г╤Й╨╡╨╜╨░ ╨┤╨╕╤А╨╡╨║╤В╨╕╨▓╨░ using ╨╕╨╗╨╕ ╤Б╤Б╤Л╨╗╨║╨░ ╨╜╨░ ╤Б╨▒╨╛╤А╨║╤Г). [C:\Users\user\OneDrive\╨а╨░╨▒╨╛╤З╨╕╨╣ ╤Б╤В╨╛╨╗\regi\WebApplication15\WebApplication15.csproj]
C:\Users\user\OneDrive\╨а╨░╨▒╨╛╤З╨╕╨╣ ╤Б╤В╨╛╨╗\regi\WebApplication15\Views\Account\Profile.cshtml(10,36): warning CS8604: ╨Т╨╛╨╖╨╝╨╛╨╢╨╜╨╛, ╨░╤А╨│╤Г╨╝╨╡╨╜╤В-╤Б╤Б╤Л╨╗╨║╨░, ╨┤╨╛╨┐╤Г╤Б╨║╨░╤О╤Й╨╕╨╣ ╨╖╨╜╨░╤З╨╡╨╜╨╕╨╡ NULL, ╨┤╨╗╤П ╨┐╨░╤А╨░╨╝╨╡╤В╤А╨░ "source" ╨▓ "double Enumerable.Average<TestResult>(IEnumerable<TestResult> source, Func<TestResult, int> selector)". [C:\Users\user\OneDrive\╨а╨░╨▒╨╛╤З╨╕╨╣ ╤Б╤В╨╛╨╗\regi\WebApplication15\WebApplication15.csproj]
C:\Users\user\OneDrive\╨а╨░╨▒╨╛╤З╨╕╨╣ ╤Б╤В╨╛╨╗\regi\WebApplication15\Controllers\LanguageController.cs(132,41): error CS1061: "ApplicationDbContext" ╨╜╨╡ ╤Б╨╛╨┤╨╡╤А╨╢╨╕╤В ╨╛╨┐╤А╨╡╨┤╨╡╨╗╨╡╨╜╨╕╤П "LanguageLevels", ╨╕ ╨╜╨╡ ╤Г╨┤╨░╨╗╨╛╤Б╤М ╨╜╨░╨╣╤В╨╕ ╨┤╨╛╤Б╤В╤Г╨┐╨╜╤Л╨╣ ╨╝╨╡╤В╨╛╨┤ ╤А╨░╤Б╤И╨╕╤А╨╡╨╜╨╕╤П "LanguageLevels", ╨┐╤А╨╕╨╜╨╕╨╝╨░╤О╤Й╨╕╨╣ ╤В╨╕╨┐ "ApplicationDbContext" ╨▓ ╨║╨░╤З╨╡╤Б╤В╨▓╨╡ ╨┐╨╡╤А╨▓╨╛╨│╨╛ ╨░╤А╨│╤Г╨╝╨╡╨╜╤В╨░ (╨▓╨╛╨╖╨╝╨╛╨╢╨╜╨╛, ╨┐╤А╨╛╨┐╤Г╤Й╨╡╨╜╨░ ╨┤╨╕╤А╨╡╨║╤В╨╕╨▓╨░ using ╨╕╨╗╨╕ ╤Б╤Б╤Л╨╗╨║╨░ ╨╜╨░ ╤Б╨▒╨╛╤А╨║╤Г). [C:\Users\user\OneDrive\╨а╨░╨▒╨╛╤З╨╕╨╣ ╤Б╤В╨╛╨╗\regi\WebApplication15\WebApplication15.csproj]
C:\Users\user\OneDrive\╨а╨░╨▒╨╛╤З╨╕╨╣ ╤Б╤В╨╛╨╗\regi\WebApplication15\Controllers\VideoController.cs(198,23): error CS1061: "Video" ╨╜╨╡ ╤Б╨╛╨┤╨╡╤А╨╢╨╕╤В ╨╛╨┐╤А╨╡╨┤╨╡╨╗╨╡╨╜╨╕╤П "LanguageLevel", ╨╕ ╨╜╨╡ ╤Г╨┤╨░╨╗╨╛╤Б╤М ╨╜╨░╨╣╤В╨╕ ╨┤╨╛╤Б╤В╤Г╨┐╨╜╤Л╨╣ ╨╝╨╡╤В╨╛╨┤ ╤А╨░╤Б╤И╨╕╤А╨╡╨╜╨╕╤П "LanguageLevel", ╨┐╤А╨╕╨╜╨╕╨╝╨░╤О╤Й╨╕╨╣ ╤В╨╕╨┐ "Video" ╨▓ ╨║╨░╤З╨╡╤Б╤В╨▓╨╡ ╨┐╨╡╤А╨▓╨╛╨│╨╛ ╨░╤А╨│╤Г╨╝╨╡╨╜╤В╨░ (╨▓╨╛╨╖╨╝╨╛╨╢╨╜╨╛, ╨┐╤А╨╛╨┐╤Г╤Й╨╡╨╜╨░ ╨┤╨╕╤А╨╡╨║╤В╨╕╨▓╨░ using ╨╕╨╗╨╕ ╤Б╤Б╤Л╨╗╨║╨░ ╨╜╨░ ╤Б╨▒╨╛╤А╨║╤Г). [C:\Users\user\OneDrive\╨а╨░╨▒╨╛╤З╨╕╨╣ ╤Б╤В╨╛╨╗\regi\WebApplication15\WebApplication15.csproj]
C:\Users\user\OneDrive\╨а╨░╨▒╨╛╤З╨╕╨╣ ╤Б╤В╨╛╨╗\regi\WebApplication15\Controllers\VideoController.cs(200,45): error CS1061: "ApplicationDbContext" ╨╜╨╡ ╤Б╨╛╨┤╨╡╤А╨╢╨╕╤В ╨╛╨┐╤А╨╡╨┤╨╡╨╗╨╡╨╜╨╕╤П "LanguageLevels", ╨╕ ╨╜╨╡ ╤Г╨┤╨░╨╗╨╛╤Б╤М ╨╜╨░╨╣╤В╨╕ ╨┤╨╛╤Б╤В╤Г╨┐╨╜╤Л╨╣ ╨╝╨╡╤В╨╛╨┤ ╤А╨░╤Б╤И╨╕╤А╨╡╨╜╨╕╤П "LanguageLevels", ╨┐╤А╨╕╨╜╨╕╨╝╨░╤О╤Й╨╕╨╣ ╤В╨╕╨┐ "ApplicationDbContext" ╨▓ ╨║╨░╤З╨╡╤Б╤В╨▓╨╡ ╨┐╨╡╤А╨▓╨╛╨│╨╛ ╨░╤А╨│╤Г╨╝╨╡╨╜╤В╨░ (╨▓╨╛╨╖╨╝╨╛╨╢╨╜╨╛, ╨┐╤А╨╛╨┐╤Г╤Й╨╡╨╜╨░ ╨┤╨╕╤А╨╡╨║╤В╨╕╨▓╨░ using ╨╕╨╗╨╕ ╤Б╤Б╤Л╨╗╨║╨░ ╨╜╨░ ╤Б╨▒╨╛╤А╨║╤Г). [C:\Users\user\OneDrive\╨а╨░╨▒╨╛╤З╨╕╨╣ ╤Б╤В╨╛╨╗\regi\WebApplication15\WebApplication15.csproj]
C:\Users\user\OneDrive\╨а╨░╨▒╨╛╤З╨╕╨╣ ╤Б╤В╨╛╨╗\regi\WebApplication15\Controllers\VideoController.cs(201,55): error CS1061: "Video" ╨╜╨╡ ╤Б╨╛╨┤╨╡╤А╨╢╨╕╤В ╨╛╨┐╤А╨╡╨┤╨╡╨╗╨╡╨╜╨╕╤П "LanguageLevel", ╨╕ ╨╜╨╡ ╤Г╨┤╨░╨╗╨╛╤Б╤М ╨╜╨░╨╣╤В╨╕ ╨┤╨╛╤Б╤В╤Г╨┐╨╜╤Л╨╣ ╨╝╨╡╤В╨╛╨┤ ╤А╨░╤Б╤И╨╕╤А╨╡╨╜╨╕╤П "LanguageLevel", ╨┐╤А╨╕╨╜╨╕╨╝╨░╤О╤Й╨╕╨╣ ╤В╨╕╨┐ "Video" ╨▓ ╨║╨░╤З╨╡╤Б╤В╨▓╨╡ ╨┐╨╡╤А╨▓╨╛╨│╨╛ ╨░╤А╨│╤Г╨╝╨╡╨╜╤В╨░ (╨▓╨╛╨╖╨╝╨╛╨╢╨╜╨╛, ╨┐╤А╨╛╨┐╤Г╤Й╨╡╨╜╨░ ╨┤╨╕╤А╨╡╨║╤В╨╕╨▓╨░ using ╨╕╨╗╨╕ ╤Б╤Б╤Л╨╗╨║╨░ ╨╜╨░ ╤Б╨▒╨╛╤А╨║╤Г). [C:\Users\user\OneDrive\╨а╨░╨▒╨╛╤З╨╕╨╣ ╤Б╤В╨╛╨╗\regi\WebApplication15\WebApplication15.csproj]
C:\Users\user\OneDrive\╨а╨░╨▒╨╛╤З╨╕╨╣ ╤Б╤В╨╛╨╗\regi\WebApplication15\Controllers\VideoController.cs(177,29): warning CS8600: ╨Я╤А╨╡╨╛╨▒╤А╨░╨╖╨╛╨▓╨░╨╜╨╕╨╡ ╨╗╨╕╤В╨╡╤А╨░╨╗╨░, ╨┤╨╛╨┐╤Г╤Б╨║╨░╤О╤Й╨╡╨│╨╛ ╨╖╨╜╨░╤З╨╡╨╜╨╕╨╡ NULL ╨╕╨╗╨╕ ╨▓╨╛╨╖╨╝╨╛╨╢╨╜╨╛╨│╨╛ ╨╖╨╜╨░╤З╨╡╨╜╨╕╤П NULL ╨▓ ╤В╨╕╨┐, ╨╜╨╡ ╨┤╨╛╨┐╤Г╤Б╨║╨░╤О╤Й╨╕╨╣ ╨╖╨╜╨░╤З╨╡╨╜╨╕╨╡ NULL. [C:\Users\user\OneDrive\╨а╨░╨▒╨╛╤З╨╕╨╣ ╤Б╤В╨╛╨╗\regi\WebApplication15\WebApplication15.csproj]
C:\Users\user\OneDrive\╨а╨░╨▒╨╛╤З╨╕╨╣ ╤Б╤В╨╛╨╗\regi\WebApplication15\Controllers\VideoController.cs(182,26): warning CS8600: ╨Я╤А╨╡╨╛╨▒╤А╨░╨╖╨╛╨▓╨░╨╜╨╕╨╡ ╨╗╨╕╤В╨╡╤А╨░╨╗╨░, ╨┤╨╛╨┐╤Г╤Б╨║╨░╤О╤Й╨╡╨│╨╛ ╨╖╨╜╨░╤З╨╡╨╜╨╕╨╡ NULL ╨╕╨╗╨╕ ╨▓╨╛╨╖╨╝╨╛╨╢╨╜╨╛╨│╨╛ ╨╖╨╜╨░╤З╨╡╨╜╨╕╤П NULL ╨▓ ╤В╨╕╨┐, ╨╜╨╡ ╨┤╨╛╨┐╤Г╤Б╨║╨░╤О╤Й╨╕╨╣ ╨╖╨╜╨░╤З╨╡╨╜╨╕╨╡ NULL. [C:\Users\user\OneDrive\╨а╨░╨▒╨╛╤З╨╕╨╣ ╤Б╤В╨╛╨╗\regi\WebApplication15\WebApplication15.csproj]
C:\Users\user\OneDrive\╨а╨░╨▒╨╛╤З╨╕╨╣ ╤Б╤В╨╛╨╗\regi\WebApplication15\Controllers\VideoController.cs(186,67): warning CS8604: ╨Т╨╛╨╖╨╝╨╛╨╢╨╜╨╛, ╨░╤А╨│╤Г╨╝╨╡╨╜╤В-╤Б╤Б╤Л╨╗╨║╨░, ╨┤╨╛╨┐╤Г╤Б╨║╨░╤О╤Й╨╕╨╣ ╨╖╨╜╨░╤З╨╡╨╜╨╕╨╡ NULL, ╨┤╨╗╤П ╨┐╨░╤А╨░╨╝╨╡╤В╤А╨░ "userId" ╨▓ "Task<Video> VideoService.GetVideoByIdAsync(int id, string userId = null)". [C:\Users\user\OneDrive\╨а╨░╨▒╨╛╤З╨╕╨╣ ╤Б╤В╨╛╨╗\regi\WebApplication15\WebApplication15.csproj]
C:\Users\user\OneDrive\╨а╨░╨▒╨╛╤З╨╕╨╣ ╤Б╤В╨╛╨╗\regi\WebApplication15\Controllers\VideoController.cs(204,34): warning CS8619: ╨Ф╨╛╨┐╤Г╤Б╤В╨╕╨╝╨╛╤Б╤В╤М ╨╖╨╜╨░╤З╨╡╨╜╨╕╤П NULL ╨▓ ╨╖╨╜╨░╤З╨╡╨╜╨╕╨╕ ╤В╨╕╨┐╨░ "?" ╨╜╨╡ ╤Б╨╛╨╛╤В╨▓╨╡╤В╤Б╤В╨▓╤Г╨╡╤В ╤Ж╨╡╨╗╨╡╨▓╨╛╨╝╤Г ╤В╨╕╨┐╤Г "dynamic". [C:\Users\user\OneDrive\╨а╨░╨▒╨╛╤З╨╕╨╣ ╤Б╤В╨╛╨╗\regi\WebApplication15\WebApplication15.csproj]
C:\Users\user\OneDrive\╨а╨░╨▒╨╛╤З╨╕╨╣ ╤Б╤В╨╛╨╗\regi\WebApplication15\Controllers\TestController.cs(48,41): error CS1061: "ApplicationDbContext" ╨╜╨╡ ╤Б╨╛╨┤╨╡╤А╨╢╨╕╤В ╨╛╨┐╤А╨╡╨┤╨╡╨╗╨╡╨╜╨╕╤П "LanguageLevels", ╨╕ ╨╜╨╡ ╤Г╨┤╨░╨╗╨╛╤Б╤М ╨╜╨░╨╣╤В╨╕ ╨┤╨╛╤Б╤В╤Г╨┐╨╜╤Л╨╣ ╨╝╨╡╤В╨╛╨┤ ╤А╨░╤Б╤И╨╕╤А╨╡╨╜╨╕╤П "LanguageLevels", ╨┐╤А╨╕╨╜╨╕╨╝╨░╤О╤Й╨╕╨╣ ╤В╨╕╨┐ "ApplicationDbContext" ╨▓ ╨║╨░╤З╨╡╤Б╤В╨▓╨╡ ╨┐╨╡╤А╨▓╨╛╨│╨╛ ╨░╤А╨│╤Г╨╝╨╡╨╜╤В╨░ (╨▓╨╛╨╖╨╝╨╛╨╢╨╜╨╛, ╨┐╤А╨╛╨┐╤Г╤Й╨╡╨╜╨░ ╨┤╨╕╤А╨╡╨║╤В╨╕╨▓╨░ using ╨╕╨╗╨╕ ╤Б╤Б╤Л╨╗╨║╨░ ╨╜╨░ ╤Б╨▒╨╛╤А╨║╤Г). [C:\Users\user\OneDrive\╨а╨░╨▒╨╛╤З╨╕╨╣ ╤Б╤В╨╛╨╗\regi\WebApplication15\WebApplication15.csproj]
C:\Users\user\OneDrive\╨а╨░╨▒╨╛╤З╨╕╨╣ ╤Б╤В╨╛╨╗\regi\WebApplication15\Controllers\TestController.cs(52,33): error CS1061: "Test" ╨╜╨╡ ╤Б╨╛╨┤╨╡╤А╨╢╨╕╤В ╨╛╨┐╤А╨╡╨┤╨╡╨╗╨╡╨╜╨╕╤П "LanguageLevel", ╨╕ ╨╜╨╡ ╤Г╨┤╨░╨╗╨╛╤Б╤М ╨╜╨░╨╣╤В╨╕ ╨┤╨╛╤Б╤В╤Г╨┐╨╜╤Л╨╣ ╨╝╨╡╤В╨╛╨┤ ╤А╨░╤Б╤И╨╕╤А╨╡╨╜╨╕╤П "LanguageLevel", ╨┐╤А╨╕╨╜╨╕╨╝╨░╤О╤Й╨╕╨╣ ╤В╨╕╨┐ "Test" ╨▓ ╨║╨░╤З╨╡╤Б╤В╨▓╨╡ ╨┐╨╡╤А╨▓╨╛╨│╨╛ ╨░╤А╨│╤Г╨╝╨╡╨╜╤В╨░ (╨▓╨╛╨╖╨╝╨╛╨╢╨╜╨╛, ╨┐╤А╨╛╨┐╤Г╤Й╨╡╨╜╨░ ╨┤╨╕╤А╨╡╨║╤В╨╕╨▓╨░ using ╨╕╨╗╨╕ ╤Б╤Б╤Л╨╗╨║╨░ ╨╜╨░ ╤Б╨▒╨╛╤А╨║╤Г). [C:\Users\user\OneDrive\╨а╨░╨▒╨╛╤З╨╕╨╣ ╤Б╤В╨╛╨╗\regi\WebApplication15\WebApplication15.csproj]
C:\Users\user\OneDrive\╨а╨░╨▒╨╛╤З╨╕╨╣ ╤Б╤В╨╛╨╗\regi\WebApplication15\Controllers\TestController.cs(59,54): error CS1061: "Test" ╨╜╨╡ ╤Б╨╛╨┤╨╡╤А╨╢╨╕╤В ╨╛╨┐╤А╨╡╨┤╨╡╨╗╨╡╨╜╨╕╤П "LanguageLevel", ╨╕ ╨╜╨╡ ╤Г╨┤╨░╨╗╨╛╤Б╤М ╨╜╨░╨╣╤В╨╕ ╨┤╨╛╤Б╤В╤Г╨┐╨╜╤Л╨╣ ╨╝╨╡╤В╨╛╨┤ ╤А╨░╤Б╤И╨╕╤А╨╡╨╜╨╕╤П "LanguageLevel", ╨┐╤А╨╕╨╜╨╕╨╝╨░╤О╤Й╨╕╨╣ ╤В╨╕╨┐ "Test" ╨▓ ╨║╨░╤З╨╡╤Б╤В╨▓╨╡ ╨┐╨╡╤А╨▓╨╛╨│╨╛ ╨░╤А╨│╤Г╨╝╨╡╨╜╤В╨░ (╨▓╨╛╨╖╨╝╨╛╨╢╨╜╨╛, ╨┐╤А╨╛╨┐╤Г╤Й╨╡╨╜╨░ ╨┤╨╕╤А╨╡╨║╤В╨╕╨▓╨░ using ╨╕╨╗╨╕ ╤Б╤Б╤Л╨╗╨║╨░ ╨╜╨░ ╤Б╨▒╨╛╤А╨║╤Г). [C:\Users\user\OneDrive\╨а╨░╨▒╨╛╤З╨╕╨╣ ╤Б╤В╨╛╨╗\regi\WebApplication15\WebApplication15.csproj]
C:\Users\user\OneDrive\╨а╨░╨▒╨╛╤З╨╕╨╣ ╤Б╤В╨╛╨╗\regi\WebApplication15\Controllers\TestController.cs(67,54): error CS1061: "Test" ╨╜╨╡ ╤Б╨╛╨┤╨╡╤А╨╢╨╕╤В ╨╛╨┐╤А╨╡╨┤╨╡╨╗╨╡╨╜╨╕╤П "LanguageLevel", ╨╕ ╨╜╨╡ ╤Г╨┤╨░╨╗╨╛╤Б╤М ╨╜╨░╨╣╤В╨╕ ╨┤╨╛╤Б╤В╤Г╨┐╨╜╤Л╨╣ ╨╝╨╡╤В╨╛╨┤ ╤А╨░╤Б╤И╨╕╤А╨╡╨╜╨╕╤П "LanguageLevel", ╨┐╤А╨╕╨╜╨╕╨╝╨░╤О╤Й╨╕╨╣ ╤В╨╕╨┐ "Test" ╨▓ ╨║╨░╤З╨╡╤Б╤В╨▓╨╡ ╨┐╨╡╤А╨▓╨╛╨│╨╛ ╨░╤А╨│╤Г╨╝╨╡╨╜╤В╨░ (╨▓╨╛╨╖╨╝╨╛╨╢╨╜╨╛, ╨┐╤А╨╛╨┐╤Г╤Й╨╡╨╜╨░ ╨┤╨╕╤А╨╡╨║╤В╨╕╨▓╨░ using ╨╕╨╗╨╕ ╤Б╤Б╤Л╨╗╨║╨░ ╨╜╨░ ╤Б╨▒╨╛╤А╨║╤Г). [C:\Users\user\OneDrive\╨а╨░╨▒╨╛╤З╨╕╨╣ ╤Б╤В╨╛╨╗\regi\WebApplication15\WebApplication15.csproj]
C:\Users\user\OneDrive\╨а╨░╨▒╨╛╤З╨╕╨╣ ╤Б╤В╨╛╨╗\regi\WebApplication15\Controllers\TestController.cs(49,30): warning CS8619: ╨Ф╨╛╨┐╤Г╤Б╤В╨╕╨╝╨╛╤Б╤В╤М ╨╖╨╜╨░╤З╨╡╨╜╨╕╤П NULL ╨▓ ╨╖╨╜╨░╤З╨╡╨╜╨╕╨╕ ╤В╨╕╨┐╨░ "?" ╨╜╨╡ ╤Б╨╛╨╛╤В╨▓╨╡╤В╤Б╤В╨▓╤Г╨╡╤В ╤Ж╨╡╨╗╨╡╨▓╨╛╨╝╤Г ╤В╨╕╨┐╤Г "dynamic". [C:\Users\user\OneDrive\╨а╨░╨▒╨╛╤З╨╕╨╣ ╤Б╤В╨╛╨╗\regi\WebApplication15\WebApplication15.csproj]
C:\Users\user\OneDrive\╨а╨░╨▒╨╛╤З╨╕╨╣ ╤Б╤В╨╛╨╗\regi\WebApplication15\Controllers\TestController.cs(74,17): warning CS8602: ╨а╨░╨╖╤Л╨╝╨╡╨╜╨╛╨▓╨░╨╜╨╕╨╡ ╨▓╨╡╤А╨╛╤П╤В╨╜╨╛╨╣ ╨┐╤Г╤Б╤В╨╛╨╣ ╤Б╤Б╤Л╨╗╨║╨╕. [C:\Users\user\OneDrive\╨а╨░╨▒╨╛╤З╨╕╨╣ ╤Б╤В╨╛╨╗\regi\WebApplication15\WebApplication15.csproj]
C:\Users\user\OneDrive\╨а╨░╨▒╨╛╤З╨╕╨╣ ╤Б╤В╨╛╨╗\regi\WebApplication15\Controllers\LanguageController.cs(174,41): error CS1061: "ApplicationDbContext" ╨╜╨╡ ╤Б╨╛╨┤╨╡╤А╨╢╨╕╤В ╨╛╨┐╤А╨╡╨┤╨╡╨╗╨╡╨╜╨╕╤П "LanguageLevels", ╨╕ ╨╜╨╡ ╤Г╨┤╨░╨╗╨╛╤Б╤М ╨╜╨░╨╣╤В╨╕ ╨┤╨╛╤Б╤В╤Г╨┐╨╜╤Л╨╣ ╨╝╨╡╤В╨╛╨┤ ╤А╨░╤Б╤И╨╕╤А╨╡╨╜╨╕╤П "LanguageLevels", ╨┐╤А╨╕╨╜╨╕╨╝╨░╤О╤Й╨╕╨╣ ╤В╨╕╨┐ "ApplicationDbContext" ╨▓ ╨║╨░╤З╨╡╤Б╤В╨▓╨╡ ╨┐╨╡╤А╨▓╨╛╨│╨╛ ╨░╤А╨│╤Г╨╝╨╡╨╜╤В╨░ (╨▓╨╛╨╖╨╝╨╛╨╢╨╜╨╛, ╨┐╤А╨╛╨┐╤Г╤Й╨╡╨╜╨░ ╨┤╨╕╤А╨╡╨║╤В╨╕╨▓╨░ using ╨╕╨╗╨╕ ╤Б╤Б╤Л╨╗╨║╨░ ╨╜╨░ ╤Б╨▒╨╛╤А╨║╤Г). [C:\Users\user\OneDrive\╨а╨░╨▒╨╛╤З╨╕╨╣ ╤Б╤В╨╛╨╗\regi\WebApplication15\WebApplication15.csproj]
C:\Users\user\OneDrive\╨а╨░╨▒╨╛╤З╨╕╨╣ ╤Б╤В╨╛╨╗\regi\WebApplication15\Controllers\VideoController.cs(258,79): warning CS8604: ╨Т╨╛╨╖╨╝╨╛╨╢╨╜╨╛, ╨░╤А╨│╤Г╨╝╨╡╨╜╤В-╤Б╤Б╤Л╨╗╨║╨░, ╨┤╨╛╨┐╤Г╤Б╨║╨░╤О╤Й╨╕╨╣ ╨╖╨╜╨░╤З╨╡╨╜╨╕╨╡ NULL, ╨┤╨╗╤П ╨┐╨░╤А╨░╨╝╨╡╤В╤А╨░ "userId" ╨▓ "Task<List<WatchedVideo>> VideoService.GetUserWatchedVideosAsync(string userId)". [C:\Users\user\OneDrive\╨а╨░╨▒╨╛╤З╨╕╨╣ ╤Б╤В╨╛╨╗\regi\WebApplication15\WebApplication15.csproj]
C:\Users\user\OneDrive\╨а╨░╨▒╨╛╤З╨╕╨╣ ╤Б╤В╨╛╨╗\regi\WebApplication15\Controllers\TestController.cs(103,33): error CS1061: "Test" ╨╜╨╡ ╤Б╨╛╨┤╨╡╤А╨╢╨╕╤В ╨╛╨┐╤А╨╡╨┤╨╡╨╗╨╡╨╜╨╕╤П "LanguageLevel", ╨╕ ╨╜╨╡ ╤Г╨┤╨░╨╗╨╛╤Б╤М ╨╜╨░╨╣╤В╨╕ ╨┤╨╛╤Б╤В╤Г╨┐╨╜╤Л╨╣ ╨╝╨╡╤В╨╛╨┤ ╤А╨░╤Б╤И╨╕╤А╨╡╨╜╨╕╤П "LanguageLevel", ╨┐╤А╨╕╨╜╨╕╨╝╨░╤О╤Й╨╕╨╣ ╤В╨╕╨┐ "Test" ╨▓ ╨║╨░╤З╨╡╤Б╤В╨▓╨╡ ╨┐╨╡╤А╨▓╨╛╨│╨╛ ╨░╤А╨│╤Г╨╝╨╡╨╜╤В╨░ (╨▓╨╛╨╖╨╝╨╛╨╢╨╜╨╛, ╨┐╤А╨╛╨┐╤Г╤Й╨╡╨╜╨░ ╨┤╨╕╤А╨╡╨║╤В╨╕╨▓╨░ using ╨╕╨╗╨╕ ╤Б╤Б╤Л╨╗╨║╨░ ╨╜╨░ ╤Б╨▒╨╛╤А╨║╤Г). [C:\Users\user\OneDrive\╨а╨░╨▒╨╛╤З╨╕╨╣ ╤Б╤В╨╛╨╗\regi\WebApplication15\WebApplication15.csproj]
C:\Users\user\OneDrive\╨а╨░╨▒╨╛╤З╨╕╨╣ ╤Б╤В╨╛╨╗\regi\WebApplication15\Controllers\TestController.cs(104,30): error CS1061: "Test" ╨╜╨╡ ╤Б╨╛╨┤╨╡╤А╨╢╨╕╤В ╨╛╨┐╤А╨╡╨┤╨╡╨╗╨╡╨╜╨╕╤П "LanguageLevel", ╨╕ ╨╜╨╡ ╤Г╨┤╨░╨╗╨╛╤Б╤М ╨╜╨░╨╣╤В╨╕ ╨┤╨╛╤Б╤В╤Г╨┐╨╜╤Л╨╣ ╨╝╨╡╤В╨╛╨┤ ╤А╨░╤Б╤И╨╕╤А╨╡╨╜╨╕╤П "LanguageLevel", ╨┐╤А╨╕╨╜╨╕╨╝╨░╤О╤Й╨╕╨╣ ╤В╨╕╨┐ "Test" ╨▓ ╨║╨░╤З╨╡╤Б╤В╨▓╨╡ ╨┐╨╡╤А╨▓╨╛╨│╨╛ ╨░╤А╨│╤Г╨╝╨╡╨╜╤В╨░ (╨▓╨╛╨╖╨╝╨╛╨╢╨╜╨╛, ╨┐╤А╨╛╨┐╤Г╤Й╨╡╨╜╨░ ╨┤╨╕╤А╨╡╨║╤В╨╕╨▓╨░ using ╨╕╨╗╨╕ ╤Б╤Б╤Л╨╗╨║╨░ ╨╜╨░ ╤Б╨▒╨╛╤А╨║╤Г). [C:\Users\user\OneDrive\╨а╨░╨▒╨╛╤З╨╕╨╣ ╤Б╤В╨╛╨╗\regi\WebApplication15\WebApplication15.csproj]
C:\Users\user\OneDrive\╨а╨░╨▒╨╛╤З╨╕╨╣ ╤Б╤В╨╛╨╗\regi\WebApplication15\Controllers\TestController.cs(110,33): error CS1061: "Question" ╨╜╨╡ ╤Б╨╛╨┤╨╡╤А╨╢╨╕╤В ╨╛╨┐╤А╨╡╨┤╨╡╨╗╨╡╨╜╨╕╤П "Options", ╨╕ ╨╜╨╡ ╤Г╨┤╨░╨╗╨╛╤Б╤М ╨╜╨░╨╣╤В╨╕ ╨┤╨╛╤Б╤В╤Г╨┐╨╜╤Л╨╣ ╨╝╨╡╤В╨╛╨┤ ╤А╨░╤Б╤И╨╕╤А╨╡╨╜╨╕╤П "Options", ╨┐╤А╨╕╨╜╨╕╨╝╨░╤О╤Й╨╕╨╣ ╤В╨╕╨┐ "Question" ╨▓ ╨║╨░╤З╨╡╤Б╤В╨▓╨╡ ╨┐╨╡╤А╨▓╨╛╨│╨╛ ╨░╤А╨│╤Г╨╝╨╡╨╜╤В╨░ (╨▓╨╛╨╖╨╝╨╛╨╢╨╜╨╛, ╨┐╤А╨╛╨┐╤Г╤Й╨╡╨╜╨░ ╨┤╨╕╤А╨╡╨║╤В╨╕╨▓╨░ using ╨╕╨╗╨╕ ╤Б╤Б╤Л╨╗╨║╨░ ╨╜╨░ ╤Б╨▒╨╛╤А╨║╤Г). [C:\Users\user\OneDrive\╨а╨░╨▒╨╛╤З╨╕╨╣ ╤Б╤В╨╛╨╗\regi\WebApplication15\WebApplication15.csproj]
C:\Users\user\OneDrive\╨а╨░╨▒╨╛╤З╨╕╨╣ ╤Б╤В╨╛╨╗\regi\WebApplication15\Controllers\LanguageController.cs(216,41): error CS1061: "ApplicationDbContext" ╨╜╨╡ ╤Б╨╛╨┤╨╡╤А╨╢╨╕╤В ╨╛╨┐╤А╨╡╨┤╨╡╨╗╨╡╨╜╨╕╤П "LanguageLevels", ╨╕ ╨╜╨╡ ╤Г╨┤╨░╨╗╨╛╤Б╤М ╨╜╨░╨╣╤В╨╕ ╨┤╨╛╤Б╤В╤Г╨┐╨╜╤Л╨╣ ╨╝╨╡╤В╨╛╨┤ ╤А╨░╤Б╤И╨╕╤А╨╡╨╜╨╕╤П "LanguageLevels", ╨┐╤А╨╕╨╜╨╕╨╝╨░╤О╤Й╨╕╨╣ ╤В╨╕╨┐ "ApplicationDbContext" ╨▓ ╨║╨░╤З╨╡╤Б╤В╨▓╨╡ ╨┐╨╡╤А╨▓╨╛╨│╨╛ ╨░╤А╨│╤Г╨╝╨╡╨╜╤В╨░ (╨▓╨╛╨╖╨╝╨╛╨╢╨╜╨╛, ╨┐╤А╨╛╨┐╤Г╤Й╨╡╨╜╨░ ╨┤╨╕╤А╨╡╨║╤В╨╕╨▓╨░ using ╨╕╨╗╨╕ ╤Б╤Б╤Л╨╗╨║╨░ ╨╜╨░ ╤Б╨▒╨╛╤А╨║╤Г). [C:\Users\user\OneDrive\╨а╨░╨▒╨╛╤З╨╕╨╣ ╤Б╤В╨╛╨╗\regi\WebApplication15\WebApplication15.csproj]
C:\Users\user\OneDrive\╨а╨░╨▒╨╛╤З╨╕╨╣ ╤Б╤В╨╛╨╗\regi\WebApplication15\Program.cs(27,27): warning CS8600: ╨Я╤А╨╡╨╛╨▒╤А╨░╨╖╨╛╨▓╨░╨╜╨╕╨╡ ╨╗╨╕╤В╨╡╤А╨░╨╗╨░, ╨┤╨╛╨┐╤Г╤Б╨║╨░╤О╤Й╨╡╨│╨╛ ╨╖╨╜╨░╤З╨╡╨╜╨╕╨╡ NULL ╨╕╨╗╨╕ ╨▓╨╛╨╖╨╝╨╛╨╢╨╜╨╛╨│╨╛ ╨╖╨╜╨░╤З╨╡╨╜╨╕╤П NULL ╨▓ ╤В╨╕╨┐, ╨╜╨╡ ╨┤╨╛╨┐╤Г╤Б╨║╨░╤О╤Й╨╕╨╣ ╨╖╨╜╨░╤З╨╡╨╜╨╕╨╡ NULL. [C:\Users\user\OneDrive\╨а╨░╨▒╨╛╤З╨╕╨╣ ╤Б╤В╨╛╨╗\regi\WebApplication15\WebApplication15.csproj]
C:\Users\user\OneDrive\╨а╨░╨▒╨╛╤З╨╕╨╣ ╤Б╤В╨╛╨╗\regi\WebApplication15\Controllers\TestController.cs(157,54): error CS1061: "Question" ╨╜╨╡ ╤Б╨╛╨┤╨╡╤А╨╢╨╕╤В ╨╛╨┐╤А╨╡╨┤╨╡╨╗╨╡╨╜╨╕╤П "Options", ╨╕ ╨╜╨╡ ╤Г╨┤╨░╨╗╨╛╤Б╤М ╨╜╨░╨╣╤В╨╕ ╨┤╨╛╤Б╤В╤Г╨┐╨╜╤Л╨╣ ╨╝╨╡╤В╨╛╨┤ ╤А╨░╤Б╤И╨╕╤А╨╡╨╜╨╕╤П "Options", ╨┐╤А╨╕╨╜╨╕╨╝╨░╤О╤Й╨╕╨╣ ╤В╨╕╨┐ "Question" ╨▓ ╨║╨░╤З╨╡╤Б╤В╨▓╨╡ ╨┐╨╡╤А╨▓╨╛╨│╨╛ ╨░╤А╨│╤Г╨╝╨╡╨╜╤В╨░ (╨▓╨╛╨╖╨╝╨╛╨╢╨╜╨╛, ╨┐╤А╨╛╨┐╤Г╤Й╨╡╨╜╨░ ╨┤╨╕╤А╨╡╨║╤В╨╕╨▓╨░ using ╨╕╨╗╨╕ ╤Б╤Б╤Л╨╗╨║╨░ ╨╜╨░ ╤Б╨▒╨╛╤А╨║╤Г). [C:\Users\user\OneDrive\╨а╨░╨▒╨╛╤З╨╕╨╣ ╤Б╤В╨╛╨╗\regi\WebApplication15\WebApplication15.csproj]
C:\Users\user\OneDrive\╨а╨░╨▒╨╛╤З╨╕╨╣ ╤Б╤В╨╛╨╗\regi\WebApplication15\Controllers\TestController.cs(175,29): error CS0266: ╨Э╨╡ ╤Г╨┤╨░╨╡╤В╤Б╤П ╨╜╨╡╤П╨▓╨╜╨╛ ╨┐╤А╨╡╨╛╨▒╤А╨░╨╖╨╛╨▓╨░╤В╤М ╤В╨╕╨┐ "decimal" ╨▓ "int". ╨б╤Г╤Й╨╡╤Б╤В╨▓╤Г╨╡╤В ╤П╨▓╨╜╨╛╨╡ ╨┐╤А╨╡╨╛╨▒╤А╨░╨╖╨╛╨▓╨░╨╜╨╕╨╡ (╨▓╨╛╨╖╨╝╨╛╨╢╨╜╨╛, ╨┐╤А╨╛╨┐╤Г╤Й╨╡╨╜╨╛ ╨┐╤А╨╕╨▓╨╡╨┤╨╡╨╜╨╕╨╡ ╤В╨╕╨┐╨╛╨▓). [C:\Users\user\OneDrive\╨а╨░╨▒╨╛╤З╨╕╨╣ ╤Б╤В╨╛╨╗\regi\WebApplication15\WebApplication15.csproj]
C:\Users\user\OneDrive\╨а╨░╨▒╨╛╤З╨╕╨╣ ╤Б╤В╨╛╨╗\regi\WebApplication15\Controllers\TestController.cs(176,21): error CS0117: "TestResult" ╨╜╨╡ ╤Б╨╛╨┤╨╡╤А╨╢╨╕╤В ╨╛╨┐╤А╨╡╨┤╨╡╨╗╨╡╨╜╨╕╨╡ ╨┤╨╗╤П "CompletedDate". [C:\Users\user\OneDrive\╨а╨░╨▒╨╛╤З╨╕╨╣ ╤Б╤В╨╛╨╗\regi\WebApplication15\WebApplication15.csproj]
C:\Users\user\OneDrive\╨а╨░╨▒╨╛╤З╨╕╨╣ ╤Б╤В╨╛╨╗\regi\WebApplication15\Controllers\TestController.cs(188,37): error CS1061: "Test" ╨╜╨╡ ╤Б╨╛╨┤╨╡╤А╨╢╨╕╤В ╨╛╨┐╤А╨╡╨┤╨╡╨╗╨╡╨╜╨╕╤П "LanguageLevel", ╨╕ ╨╜╨╡ ╤Г╨┤╨░╨╗╨╛╤Б╤М ╨╜╨░╨╣╤В╨╕ ╨┤╨╛╤Б╤В╤Г╨┐╨╜╤Л╨╣ ╨╝╨╡╤В╨╛╨┤ ╤А╨░╤Б╤И╨╕╤А╨╡╨╜╨╕╤П "LanguageLevel", ╨┐╤А╨╕╨╜╨╕╨╝╨░╤О╤Й╨╕╨╣ ╤В╨╕╨┐ "Test" ╨▓ ╨║╨░╤З╨╡╤Б╤В╨▓╨╡ ╨┐╨╡╤А╨▓╨╛╨│╨╛ ╨░╤А╨│╤Г╨╝╨╡╨╜╤В╨░ (╨▓╨╛╨╖╨╝╨╛╨╢╨╜╨╛, ╨┐╤А╨╛╨┐╤Г╤Й╨╡╨╜╨░ ╨┤╨╕╤А╨╡╨║╤В╨╕╨▓╨░ using ╨╕╨╗╨╕ ╤Б╤Б╤Л╨╗╨║╨░ ╨╜╨░ ╤Б╨▒╨╛╤А╨║╤Г). [C:\Users\user\OneDrive\╨а╨░╨▒╨╛╤З╨╕╨╣ ╤Б╤В╨╛╨╗\regi\WebApplication15\WebApplication15.csproj]
C:\Users\user\OneDrive\╨а╨░╨▒╨╛╤З╨╕╨╣ ╤Б╤В╨╛╨╗\regi\WebApplication15\Controllers\TestController.cs(189,34): error CS1061: "Test" ╨╜╨╡ ╤Б╨╛╨┤╨╡╤А╨╢╨╕╤В ╨╛╨┐╤А╨╡╨┤╨╡╨╗╨╡╨╜╨╕╤П "LanguageLevel", ╨╕ ╨╜╨╡ ╤Г╨┤╨░╨╗╨╛╤Б╤М ╨╜╨░╨╣╤В╨╕ ╨┤╨╛╤Б╤В╤Г╨┐╨╜╤Л╨╣ ╨╝╨╡╤В╨╛╨┤ ╤А╨░╤Б╤И╨╕╤А╨╡╨╜╨╕╤П "LanguageLevel", ╨┐╤А╨╕╨╜╨╕╨╝╨░╤О╤Й╨╕╨╣ ╤В╨╕╨┐ "Test" ╨▓ ╨║╨░╤З╨╡╤Б╤В╨▓╨╡ ╨┐╨╡╤А╨▓╨╛╨│╨╛ ╨░╤А╨│╤Г╨╝╨╡╨╜╤В╨░ (╨▓╨╛╨╖╨╝╨╛╨╢╨╜╨╛, ╨┐╤А╨╛╨┐╤Г╤Й╨╡╨╜╨░ ╨┤╨╕╤А╨╡╨║╤В╨╕╨▓╨░ using ╨╕╨╗╨╕ ╤Б╤Б╤Л╨╗╨║╨░ ╨╜╨░ ╤Б╨▒╨╛╤А╨║╤Г). [C:\Users\user\OneDrive\╨а╨░╨▒╨╛╤З╨╕╨╣ ╤Б╤В╨╛╨╗\regi\WebApplication15\WebApplication15.csproj]
C:\Users\user\OneDrive\╨а╨░╨▒╨╛╤З╨╕╨╣ ╤Б╤В╨╛╨╗\regi\WebApplication15\Controllers\TestController.cs(154,73): warning CS8600: ╨Я╤А╨╡╨╛╨▒╤А╨░╨╖╨╛╨▓╨░╨╜╨╕╨╡ ╨╗╨╕╤В╨╡╤А╨░╨╗╨░, ╨┤╨╛╨┐╤Г╤Б╨║╨░╤О╤Й╨╡╨│╨╛ ╨╖╨╜╨░╤З╨╡╨╜╨╕╨╡ NULL ╨╕╨╗╨╕ ╨▓╨╛╨╖╨╝╨╛╨╢╨╜╨╛╨│╨╛ ╨╖╨╜╨░╤З╨╡╨╜╨╕╤П NULL ╨▓ ╤В╨╕╨┐, ╨╜╨╡ ╨┤╨╛╨┐╤Г╤Б╨║╨░╤О╤Й╨╕╨╣ ╨╖╨╜╨░╤З╨╡╨╜╨╕╨╡ NULL. [C:\Users\user\OneDrive\╨а╨░╨▒╨╛╤З╨╕╨╣ ╤Б╤В╨╛╨╗\regi\WebApplication15\WebApplication15.csproj]
C:\Users\user\OneDrive\╨а╨░╨▒╨╛╤З╨╕╨╣ ╤Б╤В╨╛╨╗\regi\WebApplication15\Views\Home\AboutUs.cshtml(71,57): error CS1061: "Video" ╨╜╨╡ ╤Б╨╛╨┤╨╡╤А╨╢╨╕╤В ╨╛╨┐╤А╨╡╨┤╨╡╨╗╨╡╨╜╨╕╤П "Url", ╨╕ ╨╜╨╡ ╤Г╨┤╨░╨╗╨╛╤Б╤М ╨╜╨░╨╣╤В╨╕ ╨┤╨╛╤Б╤В╤Г╨┐╨╜╤Л╨╣ ╨╝╨╡╤В╨╛╨┤ ╤А╨░╤Б╤И╨╕╤А╨╡╨╜╨╕╤П "Url", ╨┐╤А╨╕╨╜╨╕╨╝╨░╤О╤Й╨╕╨╣ ╤В╨╕╨┐ "Video" ╨▓ ╨║╨░╤З╨╡╤Б╤В╨▓╨╡ ╨┐╨╡╤А╨▓╨╛╨│╨╛ ╨░╤А╨│╤Г╨╝╨╡╨╜╤В╨░ (╨▓╨╛╨╖╨╝╨╛╨╢╨╜╨╛, ╨┐╤А╨╛╨┐╤Г╤Й╨╡╨╜╨░ ╨┤╨╕╤А╨╡╨║╤В╨╕╨▓╨░ using ╨╕╨╗╨╕ ╤Б╤Б╤Л╨╗╨║╨░ ╨╜╨░ ╤Б╨▒╨╛╤А╨║╤Г). [C:\Users\user\OneDrive\╨а╨░╨▒╨╛╤З╨╕╨╣ ╤Б╤В╨╛╨╗\regi\WebApplication15\WebApplication15.csproj]
C:\Users\user\OneDrive\╨а╨░╨▒╨╛╤З╨╕╨╣ ╤Б╤В╨╛╨╗\regi\WebApplication15\Views\Home\AboutUs.cshtml(77,79): error CS1061: "Video" ╨╜╨╡ ╤Б╨╛╨┤╨╡╤А╨╢╨╕╤В ╨╛╨┐╤А╨╡╨┤╨╡╨╗╨╡╨╜╨╕╤П "LanguageLevel", ╨╕ ╨╜╨╡ ╤Г╨┤╨░╨╗╨╛╤Б╤М ╨╜╨░╨╣╤В╨╕ ╨┤╨╛╤Б╤В╤Г╨┐╨╜╤Л╨╣ ╨╝╨╡╤В╨╛╨┤ ╤А╨░╤Б╤И╨╕╤А╨╡╨╜╨╕╤П "LanguageLevel", ╨┐╤А╨╕╨╜╨╕╨╝╨░╤О╤Й╨╕╨╣ ╤В╨╕╨┐ "Video" ╨▓ ╨║╨░╤З╨╡╤Б╤В╨▓╨╡ ╨┐╨╡╤А╨▓╨╛╨│╨╛ ╨░╤А╨│╤Г╨╝╨╡╨╜╤В╨░ (╨▓╨╛╨╖╨╝╨╛╨╢╨╜╨╛, ╨┐╤А╨╛╨┐╤Г╤Й╨╡╨╜╨░ ╨┤╨╕╤А╨╡╨║╤В╨╕╨▓╨░ using ╨╕╨╗╨╕ ╤Б╤Б╤Л╨╗╨║╨░ ╨╜╨░ ╤Б╨▒╨╛╤А╨║╤Г). [C:\Users\user\OneDrive\╨а╨░╨▒╨╛╤З╨╕╨╣ ╤Б╤В╨╛╨╗\regi\WebApplication15\WebApplication15.csproj]
C:\Users\user\OneDrive\╨а╨░╨▒╨╛╤З╨╕╨╣ ╤Б╤В╨╛╨╗\regi\WebApplication15\Views\Home\AboutUs.cshtml(78,90): error CS1061: "Video" ╨╜╨╡ ╤Б╨╛╨┤╨╡╤А╨╢╨╕╤В ╨╛╨┐╤А╨╡╨┤╨╡╨╗╨╡╨╜╨╕╤П "LanguageLevel", ╨╕ ╨╜╨╡ ╤Г╨┤╨░╨╗╨╛╤Б╤М ╨╜╨░╨╣╤В╨╕ ╨┤╨╛╤Б╤В╤Г╨┐╨╜╤Л╨╣ ╨╝╨╡╤В╨╛╨┤ ╤А╨░╤Б╤И╨╕╤А╨╡╨╜╨╕╤П "LanguageLevel", ╨┐╤А╨╕╨╜╨╕╨╝╨░╤О╤Й╨╕╨╣ ╤В╨╕╨┐ "Video" ╨▓ ╨║╨░╤З╨╡╤Б╤В╨▓╨╡ ╨┐╨╡╤А╨▓╨╛╨│╨╛ ╨░╤А╨│╤Г╨╝╨╡╨╜╤В╨░ (╨▓╨╛╨╖╨╝╨╛╨╢╨╜╨╛, ╨┐╤А╨╛╨┐╤Г╤Й╨╡╨╜╨░ ╨┤╨╕╤А╨╡╨║╤В╨╕╨▓╨░ using ╨╕╨╗╨╕ ╤Б╤Б╤Л╨╗╨║╨░ ╨╜╨░ ╤Б╨▒╨╛╤А╨║╤Г). [C:\Users\user\OneDrive\╨а╨░╨▒╨╛╤З╨╕╨╣ ╤Б╤В╨╛╨╗\regi\WebApplication15\WebApplication15.csproj]
C:\Users\user\OneDrive\╨а╨░╨▒╨╛╤З╨╕╨╣ ╤Б╤В╨╛╨╗\regi\WebApplication15\Controllers\TestController.cs(218,45): error CS1061: "Test" ╨╜╨╡ ╤Б╨╛╨┤╨╡╤А╨╢╨╕╤В ╨╛╨┐╤А╨╡╨┤╨╡╨╗╨╡╨╜╨╕╤П "LanguageLevel", ╨╕ ╨╜╨╡ ╤Г╨┤╨░╨╗╨╛╤Б╤М ╨╜╨░╨╣╤В╨╕ ╨┤╨╛╤Б╤В╤Г╨┐╨╜╤Л╨╣ ╨╝╨╡╤В╨╛╨┤ ╤А╨░╤Б╤И╨╕╤А╨╡╨╜╨╕╤П "LanguageLevel", ╨┐╤А╨╕╨╜╨╕╨╝╨░╤О╤Й╨╕╨╣ ╤В╨╕╨┐ "Test" ╨▓ ╨║╨░╤З╨╡╤Б╤В╨▓╨╡ ╨┐╨╡╤А╨▓╨╛╨│╨╛ ╨░╤А╨│╤Г╨╝╨╡╨╜╤В╨░ (╨▓╨╛╨╖╨╝╨╛╨╢╨╜╨╛, ╨┐╤А╨╛╨┐╤Г╤Й╨╡╨╜╨░ ╨┤╨╕╤А╨╡╨║╤В╨╕╨▓╨░ using ╨╕╨╗╨╕ ╤Б╤Б╤Л╨╗╨║╨░ ╨╜╨░ ╤Б╨▒╨╛╤А╨║╤Г). [C:\Users\user\OneDrive\╨а╨░╨▒╨╛╤З╨╕╨╣ ╤Б╤В╨╛╨╗\regi\WebApplication15\WebApplication15.csproj]
C:\Users\user\OneDrive\╨а╨░╨▒╨╛╤З╨╕╨╣ ╤Б╤В╨╛╨╗\regi\WebApplication15\Controllers\TestController.cs(234,45): error CS1061: "Test" ╨╜╨╡ ╤Б╨╛╨┤╨╡╤А╨╢╨╕╤В ╨╛╨┐╤А╨╡╨┤╨╡╨╗╨╡╨╜╨╕╤П "LanguageLevel", ╨╕ ╨╜╨╡ ╤Г╨┤╨░╨╗╨╛╤Б╤М ╨╜╨░╨╣╤В╨╕ ╨┤╨╛╤Б╤В╤Г╨┐╨╜╤Л╨╣ ╨╝╨╡╤В╨╛╨┤ ╤А╨░╤Б╤И╨╕╤А╨╡╨╜╨╕╤П "LanguageLevel", ╨┐╤А╨╕╨╜╨╕╨╝╨░╤О╤Й╨╕╨╣ ╤В╨╕╨┐ "Test" ╨▓ ╨║╨░╤З╨╡╤Б╤В╨▓╨╡ ╨┐╨╡╤А╨▓╨╛╨│╨╛ ╨░╤А╨│╤Г╨╝╨╡╨╜╤В╨░ (╨▓╨╛╨╖╨╝╨╛╨╢╨╜╨╛, ╨┐╤А╨╛╨┐╤Г╤Й╨╡╨╜╨░ ╨┤╨╕╤А╨╡╨║╤В╨╕╨▓╨░ using ╨╕╨╗╨╕ ╤Б╤Б╤Л╨╗╨║╨░ ╨╜╨░ ╤Б╨▒╨╛╤А╨║╤Г). [C:\Users\user\OneDrive\╨а╨░╨▒╨╛╤З╨╕╨╣ ╤Б╤В╨╛╨╗\regi\WebApplication15\WebApplication15.csproj]
C:\Users\user\OneDrive\╨а╨░╨▒╨╛╤З╨╕╨╣ ╤Б╤В╨╛╨╗\regi\WebApplication15\Controllers\TestController.cs(202,18): warning CS8602: ╨а╨░╨╖╤Л╨╝╨╡╨╜╨╛╨▓╨░╨╜╨╕╨╡ ╨▓╨╡╤А╨╛╤П╤В╨╜╨╛╨╣ ╨┐╤Г╤Б╤В╨╛╨╣ ╤Б╤Б╤Л╨╗╨║╨╕. [C:\Users\user\OneDrive\╨а╨░╨▒╨╛╤З╨╕╨╣ ╤Б╤В╨╛╨╗\regi\WebApplication15\WebApplication15.csproj]
C:\Users\user\OneDrive\╨а╨░╨▒╨╛╤З╨╕╨╣ ╤Б╤В╨╛╨╗\regi\WebApplication15\Models\WatchedVideo.cs(13,23): warning CS8618: ╤Б╨▓╨╛╨╣╤Б╤В╨▓╨╛ "UserId", ╨╜╨╡ ╨┤╨╛╨┐╤Г╤Б╨║╨░╤О╤Й╨╕╨╣ ╨╖╨╜╨░╤З╨╡╨╜╨╕╤П NULL, ╨┤╨╛╨╗╨╢╨╡╨╜ ╤Б╨╛╨┤╨╡╤А╨╢╨░╤В╤М ╨╖╨╜╨░╤З╨╡╨╜╨╕╨╡, ╨╛╤В╨╗╨╕╤З╨╜╨╛╨╡ ╨╛╤В NULL, ╨┐╤А╨╕ ╨▓╤Л╤Е╨╛╨┤╨╡ ╨╕╨╖ ╨║╨╛╨╜╤Б╤В╤А╤Г╨║╤В╨╛╤А╨░. ╨а╨░╤Б╤Б╨╝╨╛╤В╤А╨╕╤В╨╡ ╨▓╨╛╨╖╨╝╨╛╨╢╨╜╨╛╤Б╤В╤М ╨┤╨╛╨▒╨░╨▓╨╗╨╡╨╜╨╕╤П ╨╝╨╛╨┤╨╕╤Д╨╕╨║╨░╤В╨╛╤А╨░ "required" ╨╕╨╗╨╕ ╨╛╨▒╤К╤П╨▓╨╗╨╡╨╜╨╕╤П ╨╖╨╜╨░╤З╨╡╨╜╨╕╤П ╤Б╨▓╨╛╨╣╤Б╤В╨▓╨╛, ╨┤╨╛╨┐╤Г╤Б╨║╨░╤О╤Й╨╡╨│╨╛ ╨╖╨╜╨░╤З╨╡╨╜╨╕╨╡ NULL. [C:\Users\user\OneDrive\╨а╨░╨▒╨╛╤З╨╕╨╣ ╤Б╤В╨╛╨╗\regi\WebApplication15\WebApplication15.csproj]
C:\Users\user\OneDrive\╨а╨░╨▒╨╛╤З╨╕╨╣ ╤Б╤В╨╛╨╗\regi\WebApplication15\Models\WatchedVideo.cs(22,29): warning CS8618: ╤Б╨▓╨╛╨╣╤Б╤В╨▓╨╛ "User", ╨╜╨╡ ╨┤╨╛╨┐╤Г╤Б╨║╨░╤О╤Й╨╕╨╣ ╨╖╨╜╨░╤З╨╡╨╜╨╕╤П NULL, ╨┤╨╛╨╗╨╢╨╡╨╜ ╤Б╨╛╨┤╨╡╤А╨╢╨░╤В╤М ╨╖╨╜╨░╤З╨╡╨╜╨╕╨╡, ╨╛╤В╨╗╨╕╤З╨╜╨╛╨╡ ╨╛╤В NULL, ╨┐╤А╨╕ ╨▓╤Л╤Е╨╛╨┤╨╡ ╨╕╨╖ ╨║╨╛╨╜╤Б╤В╤А╤Г╨║╤В╨╛╤А╨░. ╨а╨░╤Б╤Б╨╝╨╛╤В╤А╨╕╤В╨╡ ╨▓╨╛╨╖╨╝╨╛╨╢╨╜╨╛╤Б╤В╤М ╨┤╨╛╨▒╨░╨▓╨╗╨╡╨╜╨╕╤П ╨╝╨╛╨┤╨╕╤Д╨╕╨║╨░╤В╨╛╤А╨░ "required" ╨╕╨╗╨╕ ╨╛╨▒╤К╤П╨▓╨╗╨╡╨╜╨╕╤П ╨╖╨╜╨░╤З╨╡╨╜╨╕╤П ╤Б╨▓╨╛╨╣╤Б╤В╨▓╨╛, ╨┤╨╛╨┐╤Г╤Б╨║╨░╤О╤Й╨╡╨│╨╛ ╨╖╨╜╨░╤З╨╡╨╜╨╕╨╡ NULL. [C:\Users\user\OneDrive\╨а╨░╨▒╨╛╤З╨╕╨╣ ╤Б╤В╨╛╨╗\regi\WebApplication15\WebApplication15.csproj]
C:\Users\user\OneDrive\╨а╨░╨▒╨╛╤З╨╕╨╣ ╤Б╤В╨╛╨╗\regi\WebApplication15\Models\WatchedVideo.cs(25,30): warning CS8618: ╤Б╨▓╨╛╨╣╤Б╤В╨▓╨╛ "Video", ╨╜╨╡ ╨┤╨╛╨┐╤Г╤Б╨║╨░╤О╤Й╨╕╨╣ ╨╖╨╜╨░╤З╨╡╨╜╨╕╤П NULL, ╨┤╨╛╨╗╨╢╨╡╨╜ ╤Б╨╛╨┤╨╡╤А╨╢╨░╤В╤М ╨╖╨╜╨░╤З╨╡╨╜╨╕╨╡, ╨╛╤В╨╗╨╕╤З╨╜╨╛╨╡ ╨╛╤В NULL, ╨┐╤А╨╕ ╨▓╤Л╤Е╨╛╨┤╨╡ ╨╕╨╖ ╨║╨╛╨╜╤Б╤В╤А╤Г╨║╤В╨╛╤А╨░. ╨а╨░╤Б╤Б╨╝╨╛╤В╤А╨╕╤В╨╡ ╨▓╨╛╨╖╨╝╨╛╨╢╨╜╨╛╤Б╤В╤М ╨┤╨╛╨▒╨░╨▓╨╗╨╡╨╜╨╕╤П ╨╝╨╛╨┤╨╕╤Д╨╕╨║╨░╤В╨╛╤А╨░ "required" ╨╕╨╗╨╕ ╨╛╨▒╤К╤П╨▓╨╗╨╡╨╜╨╕╤П ╨╖╨╜╨░╤З╨╡╨╜╨╕╤П ╤Б╨▓╨╛╨╣╤Б╤В╨▓╨╛, ╨┤╨╛╨┐╤Г╤Б╨║╨░╤О╤Й╨╡╨│╨╛ ╨╖╨╜╨░╤З╨╡╨╜╨╕╨╡ NULL. [C:\Users\user\OneDrive\╨а╨░╨▒╨╛╤З╨╕╨╣ ╤Б╤В╨╛╨╗\regi\WebApplication15\WebApplication15.csproj]
C:\Users\user\OneDrive\╨а╨░╨▒╨╛╤З╨╕╨╣ ╤Б╤В╨╛╨╗\regi\WebApplication15\Models\Video.cs(56,16): warning CS8618: ╤Б╨▓╨╛╨╣╤Б╤В╨▓╨╛ "Title", ╨╜╨╡ ╨┤╨╛╨┐╤Г╤Б╨║╨░╤О╤Й╨╕╨╣ ╨╖╨╜╨░╤З╨╡╨╜╨╕╤П NULL, ╨┤╨╛╨╗╨╢╨╡╨╜ ╤Б╨╛╨┤╨╡╤А╨╢╨░╤В╤М ╨╖╨╜╨░╤З╨╡╨╜╨╕╨╡, ╨╛╤В╨╗╨╕╤З╨╜╨╛╨╡ ╨╛╤В NULL, ╨┐╤А╨╕ ╨▓╤Л╤Е╨╛╨┤╨╡ ╨╕╨╖ ╨║╨╛╨╜╤Б╤В╤А╤Г╨║╤В╨╛╤А╨░. ╨а╨░╤Б╤Б╨╝╨╛╤В╤А╨╕╤В╨╡ ╨▓╨╛╨╖╨╝╨╛╨╢╨╜╨╛╤Б╤В╤М ╨┤╨╛╨▒╨░╨▓╨╗╨╡╨╜╨╕╤П ╨╝╨╛╨┤╨╕╤Д╨╕╨║╨░╤В╨╛╤А╨░ "required" ╨╕╨╗╨╕ ╨╛╨▒╤К╤П╨▓╨╗╨╡╨╜╨╕╤П ╨╖╨╜╨░╤З╨╡╨╜╨╕╤П ╤Б╨▓╨╛╨╣╤Б╤В╨▓╨╛, ╨┤╨╛╨┐╤Г╤Б╨║╨░╤О╤Й╨╡╨│╨╛ ╨╖╨╜╨░╤З╨╡╨╜╨╕╨╡ NULL. [C:\Users\user\OneDrive\╨а╨░╨▒╨╛╤З╨╕╨╣ ╤Б╤В╨╛╨╗\regi\WebApplication15\WebApplication15.csproj]
C:\Users\user\OneDrive\╨а╨░╨▒╨╛╤З╨╕╨╣ ╤Б╤В╨╛╨╗\regi\WebApplication15\Models\Video.cs(56,16): warning CS8618: ╤Б╨▓╨╛╨╣╤Б╤В╨▓╨╛ "Description", ╨╜╨╡ ╨┤╨╛╨┐╤Г╤Б╨║╨░╤О╤Й╨╕╨╣ ╨╖╨╜╨░╤З╨╡╨╜╨╕╤П NULL, ╨┤╨╛╨╗╨╢╨╡╨╜ ╤Б╨╛╨┤╨╡╤А╨╢╨░╤В╤М ╨╖╨╜╨░╤З╨╡╨╜╨╕╨╡, ╨╛╤В╨╗╨╕╤З╨╜╨╛╨╡ ╨╛╤В NULL, ╨┐╤А╨╕ ╨▓╤Л╤Е╨╛╨┤╨╡ ╨╕╨╖ ╨║╨╛╨╜╤Б╤В╤А╤Г╨║╤В╨╛╤А╨░. ╨а╨░╤Б╤Б╨╝╨╛╤В╤А╨╕╤В╨╡ ╨▓╨╛╨╖╨╝╨╛╨╢╨╜╨╛╤Б╤В╤М ╨┤╨╛╨▒╨░╨▓╨╗╨╡╨╜╨╕╤П ╨╝╨╛╨┤╨╕╤Д╨╕╨║╨░╤В╨╛╤А╨░ "required" ╨╕╨╗╨╕ ╨╛╨▒╤К╤П╨▓╨╗╨╡╨╜╨╕╤П ╨╖╨╜╨░╤З╨╡╨╜╨╕╤П ╤Б╨▓╨╛╨╣╤Б╤В╨▓╨╛, ╨┤╨╛╨┐╤Г╤Б╨║╨░╤О╤Й╨╡╨│╨╛ ╨╖╨╜╨░╤З╨╡╨╜╨╕╨╡ NULL. [C:\Users\user\OneDrive\╨а╨░╨▒╨╛╤З╨╕╨╣ ╤Б╤В╨╛╨╗\regi\WebApplication15\WebApplication15.csproj]
C:\Users\user\OneDrive\╨а╨░╨▒╨╛╤З╨╕╨╣ ╤Б╤В╨╛╨╗\regi\WebApplication15\Models\Video.cs(56,16): warning CS8618: ╤Б╨▓╨╛╨╣╤Б╤В╨▓╨╛ "Level", ╨╜╨╡ ╨┤╨╛╨┐╤Г╤Б╨║╨░╤О╤Й╨╕╨╣ ╨╖╨╜╨░╤З╨╡╨╜╨╕╤П NULL, ╨┤╨╛╨╗╨╢╨╡╨╜ ╤Б╨╛╨┤╨╡╤А╨╢╨░╤В╤М ╨╖╨╜╨░╤З╨╡╨╜╨╕╨╡, ╨╛╤В╨╗╨╕╤З╨╜╨╛╨╡ ╨╛╤В NULL, ╨┐╤А╨╕ ╨▓╤Л╤Е╨╛╨┤╨╡ ╨╕╨╖ ╨║╨╛╨╜╤Б╤В╤А╤Г╨║╤В╨╛╤А╨░. ╨а╨░╤Б╤Б╨╝╨╛╤В╤А╨╕╤В╨╡ ╨▓╨╛╨╖╨╝╨╛╨╢╨╜╨╛╤Б╤В╤М ╨┤╨╛╨▒╨░╨▓╨╗╨╡╨╜╨╕╤П ╨╝╨╛╨┤╨╕╤Д╨╕╨║╨░╤В╨╛╤А╨░ "required" ╨╕╨╗╨╕ ╨╛╨▒╤К╤П╨▓╨╗╨╡╨╜╨╕╤П ╨╖╨╜╨░╤З╨╡╨╜╨╕╤П ╤Б╨▓╨╛╨╣╤Б╤В╨▓╨╛, ╨┤╨╛╨┐╤Г╤Б╨║╨░╤О╤Й╨╡╨│╨╛ ╨╖╨╜╨░╤З╨╡╨╜╨╕╨╡ NULL. [C:\Users\user\OneDrive\╨а╨░╨▒╨╛╤З╨╕╨╣ ╤Б╤В╨╛╨╗\regi\WebApplication15\WebApplication15.csproj]
C:\Users\user\OneDrive\╨а╨░╨▒╨╛╤З╨╕╨╣ ╤Б╤В╨╛╨╗\regi\WebApplication15\Models\Video.cs(56,16): warning CS8618: ╤Б╨▓╨╛╨╣╤Б╤В╨▓╨╛ "VideoUrl", ╨╜╨╡ ╨┤╨╛╨┐╤Г╤Б╨║╨░╤О╤Й╨╕╨╣ ╨╖╨╜╨░╤З╨╡╨╜╨╕╤П NULL, ╨┤╨╛╨╗╨╢╨╡╨╜ ╤Б╨╛╨┤╨╡╤А╨╢╨░╤В╤М ╨╖╨╜╨░╤З╨╡╨╜╨╕╨╡, ╨╛╤В╨╗╨╕╤З╨╜╨╛╨╡ ╨╛╤В NULL, ╨┐╤А╨╕ ╨▓╤Л╤Е╨╛╨┤╨╡ ╨╕╨╖ ╨║╨╛╨╜╤Б╤В╤А╤Г╨║╤В╨╛╤А╨░. ╨а╨░╤Б╤Б╨╝╨╛╤В╤А╨╕╤В╨╡ ╨▓╨╛╨╖╨╝╨╛╨╢╨╜╨╛╤Б╤В╤М ╨┤╨╛╨▒╨░╨▓╨╗╨╡╨╜╨╕╤П ╨╝╨╛╨┤╨╕╤Д╨╕╨║╨░╤В╨╛╤А╨░ "required" ╨╕╨╗╨╕ ╨╛╨▒╤К╤П╨▓╨╗╨╡╨╜╨╕╤П ╨╖╨╜╨░╤З╨╡╨╜╨╕╤П ╤Б╨▓╨╛╨╣╤Б╤В╨▓╨╛, ╨┤╨╛╨┐╤Г╤Б╨║╨░╤О╤Й╨╡╨│╨╛ ╨╖╨╜╨░╤З╨╡╨╜╨╕╨╡ NULL. [C:\Users\user\OneDrive\╨а╨░╨▒╨╛╤З╨╕╨╣ ╤Б╤В╨╛╨╗\regi\WebApplication15\WebApplication15.csproj]
C:\Users\user\OneDrive\╨а╨░╨▒╨╛╤З╨╕╨╣ ╤Б╤В╨╛╨╗\regi\WebApplication15\Models\Video.cs(56,16): warning CS8618: ╤Б╨▓╨╛╨╣╤Б╤В╨▓╨╛ "ThumbnailUrl", ╨╜╨╡ ╨┤╨╛╨┐╤Г╤Б╨║╨░╤О╤Й╨╕╨╣ ╨╖╨╜╨░╤З╨╡╨╜╨╕╤П NULL, ╨┤╨╛╨╗╨╢╨╡╨╜ ╤Б╨╛╨┤╨╡╤А╨╢╨░╤В╤М ╨╖╨╜╨░╤З╨╡╨╜╨╕╨╡, ╨╛╤В╨╗╨╕╤З╨╜╨╛╨╡ ╨╛╤В NULL, ╨┐╤А╨╕ ╨▓╤Л╤Е╨╛╨┤╨╡ ╨╕╨╖ ╨║╨╛╨╜╤Б╤В╤А╤Г╨║╤В╨╛╤А╨░. ╨а╨░╤Б╤Б╨╝╨╛╤В╤А╨╕╤В╨╡ ╨▓╨╛╨╖╨╝╨╛╨╢╨╜╨╛╤Б╤В╤М ╨┤╨╛╨▒╨░╨▓╨╗╨╡╨╜╨╕╤П ╨╝╨╛╨┤╨╕╤Д╨╕╨║╨░╤В╨╛╤А╨░ "required" ╨╕╨╗╨╕ ╨╛╨▒╤К╤П╨▓╨╗╨╡╨╜╨╕╤П ╨╖╨╜╨░╤З╨╡╨╜╨╕╤П ╤Б╨▓╨╛╨╣╤Б╤В╨▓╨╛, ╨┤╨╛╨┐╤Г╤Б╨║╨░╤О╤Й╨╡╨│╨╛ ╨╖╨╜╨░╤З╨╡╨╜╨╕╨╡ NULL. [C:\Users\user\OneDrive\╨а╨░╨▒╨╛╤З╨╕╨╣ ╤Б╤В╨╛╨╗\regi\WebApplication15\WebApplication15.csproj]
C:\Users\user\OneDrive\╨а╨░╨▒╨╛╤З╨╕╨╣ ╤Б╤В╨╛╨╗\regi\WebApplication15\Models\Video.cs(56,16): warning CS8618: ╤Б╨▓╨╛╨╣╤Б╤В╨▓╨╛ "Duration", ╨╜╨╡ ╨┤╨╛╨┐╤Г╤Б╨║╨░╤О╤Й╨╕╨╣ ╨╖╨╜╨░╤З╨╡╨╜╨╕╤П NULL, ╨┤╨╛╨╗╨╢╨╡╨╜ ╤Б╨╛╨┤╨╡╤А╨╢╨░╤В╤М ╨╖╨╜╨░╤З╨╡╨╜╨╕╨╡, ╨╛╤В╨╗╨╕╤З╨╜╨╛╨╡ ╨╛╤В NULL, ╨┐╤А╨╕ ╨▓╤Л╤Е╨╛╨┤╨╡ ╨╕╨╖ ╨║╨╛╨╜╤Б╤В╤А╤Г╨║╤В╨╛╤А╨░. ╨а╨░╤Б╤Б╨╝╨╛╤В╤А╨╕╤В╨╡ ╨▓╨╛╨╖╨╝╨╛╨╢╨╜╨╛╤Б╤В╤М ╨┤╨╛╨▒╨░╨▓╨╗╨╡╨╜╨╕╤П ╨╝╨╛╨┤╨╕╤Д╨╕╨║╨░╤В╨╛╤А╨░ "required" ╨╕╨╗╨╕ ╨╛╨▒╤К╤П╨▓╨╗╨╡╨╜╨╕╤П ╨╖╨╜╨░╤З╨╡╨╜╨╕╤П ╤Б╨▓╨╛╨╣╤Б╤В╨▓╨╛, ╨┤╨╛╨┐╤Г╤Б╨║╨░╤О╤Й╨╡╨│╨╛ ╨╖╨╜╨░╤З╨╡╨╜╨╕╨╡ NULL. [C:\Users\user\OneDrive\╨а╨░╨▒╨╛╤З╨╕╨╣ ╤Б╤В╨╛╨╗\regi\WebApplication15\WebApplication15.csproj]
C:\Users\user\OneDrive\╨а╨░╨▒╨╛╤З╨╕╨╣ ╤Б╤В╨╛╨╗\regi\WebApplication15\Models\Video.cs(56,16): warning CS8618: ╤Б╨▓╨╛╨╣╤Б╤В╨▓╨╛ "Language", ╨╜╨╡ ╨┤╨╛╨┐╤Г╤Б╨║╨░╤О╤Й╨╕╨╣ ╨╖╨╜╨░╤З╨╡╨╜╨╕╤П NULL, ╨┤╨╛╨╗╨╢╨╡╨╜ ╤Б╨╛╨┤╨╡╤А╨╢╨░╤В╤М ╨╖╨╜╨░╤З╨╡╨╜╨╕╨╡, ╨╛╤В╨╗╨╕╤З╨╜╨╛╨╡ ╨╛╤В NULL, ╨┐╤А╨╕ ╨▓╤Л╤Е╨╛╨┤╨╡ ╨╕╨╖ ╨║╨╛╨╜╤Б╤В╤А╤Г╨║╤В╨╛╤А╨░. ╨а╨░╤Б╤Б╨╝╨╛╤В╤А╨╕╤В╨╡ ╨▓╨╛╨╖╨╝╨╛╨╢╨╜╨╛╤Б╤В╤М ╨┤╨╛╨▒╨░╨▓╨╗╨╡╨╜╨╕╤П ╨╝╨╛╨┤╨╕╤Д╨╕╨║╨░╤В╨╛╤А╨░ "required" ╨╕╨╗╨╕ ╨╛╨▒╤К╤П╨▓╨╗╨╡╨╜╨╕╤П ╨╖╨╜╨░╤З╨╡╨╜╨╕╤П ╤Б╨▓╨╛╨╣╤Б╤В╨▓╨╛, ╨┤╨╛╨┐╤Г╤Б╨║╨░╤О╤Й╨╡╨│╨╛ ╨╖╨╜╨░╤З╨╡╨╜╨╕╨╡ NULL. [C:\Users\user\OneDrive\╨а╨░╨▒╨╛╤З╨╕╨╣ ╤Б╤В╨╛╨╗\regi\WebApplication15\WebApplication15.csproj]
C:\Users\user\OneDrive\╨а╨░╨▒╨╛╤З╨╕╨╣ ╤Б╤В╨╛╨╗\regi\WebApplication15\Services\VideoService.cs(202,35): warning CS1998: ╨Т ╨┤╨░╨╜╨╜╨╛╨╝ ╨░╤Б╨╕╨╜╤Е╤А╨╛╨╜╨╜╨╛╨╝ ╨╝╨╡╤В╨╛╨┤╨╡ ╨╛╤В╤Б╤Г╤В╤Б╤В╨▓╤Г╤О╤В ╨╛╨┐╨╡╤А╨░╤В╨╛╤А╤Л await, ╨┐╨╛╤Н╤В╨╛╨╝╤Г ╨╝╨╡╤В╨╛╨┤ ╨▒╤Г╨┤╨╡╤В ╨▓╤Л╨┐╨╛╨╗╨╜╤П╤В╤М╤Б╤П ╤Б╨╕╨╜╤Е╤А╨╛╨╜╨╜╨╛. ╨Т╨╛╤Б╨┐╨╛╨╗╤М╨╖╤Г╨╣╤В╨╡╤Б╤М ╨╛╨┐╨╡╤А╨░╤В╨╛╤А╨╛╨╝ await ╨┤╨╗╤П ╨╛╨╢╨╕╨┤╨░╨╜╨╕╤П ╨╜╨╡╨▒╨╗╨╛╨║╨╕╤А╤Г╤О╤Й╨╕╤Е ╨▓╤Л╨╖╨╛╨▓╨╛╨▓ API ╨╕╨╗╨╕ ╨╛╨┐╨╡╤А╨░╤В╨╛╤А╨╛╨╝ await Task.Run(...) ╨┤╨╗╤П ╨▓╤Л╨┐╨╛╨╗╨╜╨╡╨╜╨╕╤П ╤Б╨▓╤П╨╖╨░╨╜╨╜╤Л╤Е ╤Б ╨ж╨Я ╨╖╨░╨┤╨░╨╜╨╕╨╣ ╨▓ ╤Д╨╛╨╜╨╛╨▓╨╛╨╝ ╨┐╨╛╤В╨╛╨║╨╡. [C:\Users\user\OneDrive\╨а╨░╨▒╨╛╤З╨╕╨╣ ╤Б╤В╨╛╨╗\regi\WebApplication15\WebApplication15.csproj]
C:\Users\user\OneDrive\╨а╨░╨▒╨╛╤З╨╕╨╣ ╤Б╤В╨╛╨╗\regi\WebApplication15\Services\VideoService.cs(217,35): warning CS1998: ╨Т ╨┤╨░╨╜╨╜╨╛╨╝ ╨░╤Б╨╕╨╜╤Е╤А╨╛╨╜╨╜╨╛╨╝ ╨╝╨╡╤В╨╛╨┤╨╡ ╨╛╤В╤Б╤Г╤В╤Б╤В╨▓╤Г╤О╤В ╨╛╨┐╨╡╤А╨░╤В╨╛╤А╤Л await, ╨┐╨╛╤Н╤В╨╛╨╝╤Г ╨╝╨╡╤В╨╛╨┤ ╨▒╤Г╨┤╨╡╤В ╨▓╤Л╨┐╨╛╨╗╨╜╤П╤В╤М╤Б╤П ╤Б╨╕╨╜╤Е╤А╨╛╨╜╨╜╨╛. ╨Т╨╛╤Б╨┐╨╛╨╗╤М╨╖╤Г╨╣╤В╨╡╤Б╤М ╨╛╨┐╨╡╤А╨░╤В╨╛╤А╨╛╨╝ await ╨┤╨╗╤П ╨╛╨╢╨╕╨┤╨░╨╜╨╕╤П ╨╜╨╡╨▒╨╗╨╛╨║╨╕╤А╤Г╤О╤Й╨╕╤Е ╨▓╤Л╨╖╨╛╨▓╨╛╨▓ API ╨╕╨╗╨╕ ╨╛╨┐╨╡╤А╨░╤В╨╛╤А╨╛╨╝ await Task.Run(...) ╨┤╨╗╤П ╨▓╤Л╨┐╨╛╨╗╨╜╨╡╨╜╨╕╤П ╤Б╨▓╤П╨╖╨░╨╜╨╜╤Л╤Е ╤Б ╨ж╨Я ╨╖╨░╨┤╨░╨╜╨╕╨╣ ╨▓ ╤Д╨╛╨╜╨╛╨▓╨╛╨╝ ╨┐╨╛╤В╨╛╨║╨╡. [C:\Users\user\OneDrive\╨а╨░╨▒╨╛╤З╨╕╨╣ ╤Б╤В╨╛╨╗\regi\WebApplication15\WebApplication15.csproj]
C:\Users\user\OneDrive\╨а╨░╨▒╨╛╤З╨╕╨╣ ╤Б╤В╨╛╨╗\regi\WebApplication15\Models\AdminLoginViewModel.cs(9,23): warning CS8618: ╤Б╨▓╨╛╨╣╤Б╤В╨▓╨╛ "Username", ╨╜╨╡ ╨┤╨╛╨┐╤Г╤Б╨║╨░╤О╤Й╨╕╨╣ ╨╖╨╜╨░╤З╨╡╨╜╨╕╤П NULL, ╨┤╨╛╨╗╨╢╨╡╨╜ ╤Б╨╛╨┤╨╡╤А╨╢╨░╤В╤М ╨╖╨╜╨░╤З╨╡╨╜╨╕╨╡, ╨╛╤В╨╗╨╕╤З╨╜╨╛╨╡ ╨╛╤В NULL, ╨┐╤А╨╕ ╨▓╤Л╤Е╨╛╨┤╨╡ ╨╕╨╖ ╨║╨╛╨╜╤Б╤В╤А╤Г╨║╤В╨╛╤А╨░. ╨а╨░╤Б╤Б╨╝╨╛╤В╤А╨╕╤В╨╡ ╨▓╨╛╨╖╨╝╨╛╨╢╨╜╨╛╤Б╤В╤М ╨┤╨╛╨▒╨░╨▓╨╗╨╡╨╜╨╕╤П ╨╝╨╛╨┤╨╕╤Д╨╕╨║╨░╤В╨╛╤А╨░ "required" ╨╕╨╗╨╕ ╨╛╨▒╤К╤П╨▓╨╗╨╡╨╜╨╕╤П ╨╖╨╜╨░╤З╨╡╨╜╨╕╤П ╤Б╨▓╨╛╨╣╤Б╤В╨▓╨╛, ╨┤╨╛╨┐╤Г╤Б╨║╨░╤О╤Й╨╡╨│╨╛ ╨╖╨╜╨░╤З╨╡╨╜╨╕╨╡ NULL. [C:\Users\user\OneDrive\╨а╨░╨▒╨╛╤З╨╕╨╣ ╤Б╤В╨╛╨╗\regi\WebApplication15\WebApplication15.csproj]
C:\Users\user\OneDrive\╨а╨░╨▒╨╛╤З╨╕╨╣ ╤Б╤В╨╛╨╗\regi\WebApplication15\Models\AdminLoginViewModel.cs(14,23): warning CS8618: ╤Б╨▓╨╛╨╣╤Б╤В╨▓╨╛ "Password", ╨╜╨╡ ╨┤╨╛╨┐╤Г╤Б╨║╨░╤О╤Й╨╕╨╣ ╨╖╨╜╨░╤З╨╡╨╜╨╕╤П NULL, ╨┤╨╛╨╗╨╢╨╡╨╜ ╤Б╨╛╨┤╨╡╤А╨╢╨░╤В╤М ╨╖╨╜╨░╤З╨╡╨╜╨╕╨╡, ╨╛╤В╨╗╨╕╤З╨╜╨╛╨╡ ╨╛╤В NULL, ╨┐╤А╨╕ ╨▓╤Л╤Е╨╛╨┤╨╡ ╨╕╨╖ ╨║╨╛╨╜╤Б╤В╤А╤Г╨║╤В╨╛╤А╨░. ╨а╨░╤Б╤Б╨╝╨╛╤В╤А╨╕╤В╨╡ ╨▓╨╛╨╖╨╝╨╛╨╢╨╜╨╛╤Б╤В╤М ╨┤╨╛╨▒╨░╨▓╨╗╨╡╨╜╨╕╤П ╨╝╨╛╨┤╨╕╤Д╨╕╨║╨░╤В╨╛╤А╨░ "required" ╨╕╨╗╨╕ ╨╛╨▒╤К╤П╨▓╨╗╨╡╨╜╨╕╤П ╨╖╨╜╨░╤З╨╡╨╜╨╕╤П ╤Б╨▓╨╛╨╣╤Б╤В╨▓╨╛, ╨┤╨╛╨┐╤Г╤Б╨║╨░╤О╤Й╨╡╨│╨╛ ╨╖╨╜╨░╤З╨╡╨╜╨╕╨╡ NULL. [C:\Users\user\OneDrive\╨а╨░╨▒╨╛╤З╨╕╨╣ ╤Б╤В╨╛╨╗\regi\WebApplication15\WebApplication15.csproj]
C:\Users\user\OneDrive\╨а╨░╨▒╨╛╤З╨╕╨╣ ╤Б╤В╨╛╨╗\regi\WebApplication15\Models\Answer.cs(13,23): warning CS8618: ╤Б╨▓╨╛╨╣╤Б╤В╨▓╨╛ "Text", ╨╜╨╡ ╨┤╨╛╨┐╤Г╤Б╨║╨░╤О╤Й╨╕╨╣ ╨╖╨╜╨░╤З╨╡╨╜╨╕╤П NULL, ╨┤╨╛╨╗╨╢╨╡╨╜ ╤Б╨╛╨┤╨╡╤А╨╢╨░╤В╤М ╨╖╨╜╨░╤З╨╡╨╜╨╕╨╡, ╨╛╤В╨╗╨╕╤З╨╜╨╛╨╡ ╨╛╤В NULL, ╨┐╤А╨╕ ╨▓╤Л╤Е╨╛╨┤╨╡ ╨╕╨╖ ╨║╨╛╨╜╤Б╤В╤А╤Г╨║╤В╨╛╤А╨░. ╨а╨░╤Б╤Б╨╝╨╛╤В╤А╨╕╤В╨╡ ╨▓╨╛╨╖╨╝╨╛╨╢╨╜╨╛╤Б╤В╤М ╨┤╨╛╨▒╨░╨▓╨╗╨╡╨╜╨╕╤П ╨╝╨╛╨┤╨╕╤Д╨╕╨║╨░╤В╨╛╤А╨░ "required" ╨╕╨╗╨╕ ╨╛╨▒╤К╤П╨▓╨╗╨╡╨╜╨╕╤П ╨╖╨╜╨░╤З╨╡╨╜╨╕╤П ╤Б╨▓╨╛╨╣╤Б╤В╨▓╨╛, ╨┤╨╛╨┐╤Г╤Б╨║╨░╤О╤Й╨╡╨│╨╛ ╨╖╨╜╨░╤З╨╡╨╜╨╕╨╡ NULL. [C:\Users\user\OneDrive\╨а╨░╨▒╨╛╤З╨╕╨╣ ╤Б╤В╨╛╨╗\regi\WebApplication15\WebApplication15.csproj]
C:\Users\user\OneDrive\╨а╨░╨▒╨╛╤З╨╕╨╣ ╤Б╤В╨╛╨╗\regi\WebApplication15\Models\Answer.cs(23,33): warning CS8618: ╤Б╨▓╨╛╨╣╤Б╤В╨▓╨╛ "Question", ╨╜╨╡ ╨┤╨╛╨┐╤Г╤Б╨║╨░╤О╤Й╨╕╨╣ ╨╖╨╜╨░╤З╨╡╨╜╨╕╤П NULL, ╨┤╨╛╨╗╨╢╨╡╨╜ ╤Б╨╛╨┤╨╡╤А╨╢╨░╤В╤М ╨╖╨╜╨░╤З╨╡╨╜╨╕╨╡, ╨╛╤В╨╗╨╕╤З╨╜╨╛╨╡ ╨╛╤В NULL, ╨┐╤А╨╕ ╨▓╤Л╤Е╨╛╨┤╨╡ ╨╕╨╖ ╨║╨╛╨╜╤Б╤В╤А╤Г╨║╤В╨╛╤А╨░. ╨а╨░╤Б╤Б╨╝╨╛╤В╤А╨╕╤В╨╡ ╨▓╨╛╨╖╨╝╨╛╨╢╨╜╨╛╤Б╤В╤М ╨┤╨╛╨▒╨░╨▓╨╗╨╡╨╜╨╕╤П ╨╝╨╛╨┤╨╕╤Д╨╕╨║╨░╤В╨╛╤А╨░ "required" ╨╕╨╗╨╕ ╨╛╨▒╤К╤П╨▓╨╗╨╡╨╜╨╕╤П ╨╖╨╜╨░╤З╨╡╨╜╨╕╤П ╤Б╨▓╨╛╨╣╤Б╤В╨▓╨╛, ╨┤╨╛╨┐╤Г╤Б╨║╨░╤О╤Й╨╡╨│╨╛ ╨╖╨╜╨░╤З╨╡╨╜╨╕╨╡ NULL. [C:\Users\user\OneDrive\╨а╨░╨▒╨╛╤З╨╕╨╣ ╤Б╤В╨╛╨╗\regi\WebApplication15\WebApplication15.csproj]
C:\Users\user\OneDrive\╨а╨░╨▒╨╛╤З╨╕╨╣ ╤Б╤В╨╛╨╗\regi\WebApplication15\Services\VideoService.cs(235,24): warning CS8603: ╨Т╨╛╨╖╨╝╨╛╨╢╨╜╨╛, ╨▓╨╛╨╖╨▓╤А╨░╤В ╤Б╤Б╤Л╨╗╨║╨╕, ╨┤╨╛╨┐╤Г╤Б╨║╨░╤О╤Й╨╡╨╣ ╨╖╨╜╨░╤З╨╡╨╜╨╕╨╡ NULL. [C:\Users\user\OneDrive\╨а╨░╨▒╨╛╤З╨╕╨╣ ╤Б╤В╨╛╨╗\regi\WebApplication15\WebApplication15.csproj]
C:\Users\user\OneDrive\╨а╨░╨▒╨╛╤З╨╕╨╣ ╤Б╤В╨╛╨╗\regi\WebApplication15\Services\VideoService.cs(241,20): warning CS8603: ╨Т╨╛╨╖╨╝╨╛╨╢╨╜╨╛, ╨▓╨╛╨╖╨▓╤А╨░╤В ╤Б╤Б╤Л╨╗╨║╨╕, ╨┤╨╛╨┐╤Г╤Б╨║╨░╤О╤Й╨╡╨╣ ╨╖╨╜╨░╤З╨╡╨╜╨╕╨╡ NULL. [C:\Users\user\OneDrive\╨а╨░╨▒╨╛╤З╨╕╨╣ ╤Б╤В╨╛╨╗\regi\WebApplication15\WebApplication15.csproj]
C:\Users\user\OneDrive\╨а╨░╨▒╨╛╤З╨╕╨╣ ╤Б╤В╨╛╨╗\regi\WebApplication15\Views\Video\Index.cshtml(30,73): error CS1061: "Video" ╨╜╨╡ ╤Б╨╛╨┤╨╡╤А╨╢╨╕╤В ╨╛╨┐╤А╨╡╨┤╨╡╨╗╨╡╨╜╨╕╤П "LanguageLevel", ╨╕ ╨╜╨╡ ╤Г╨┤╨░╨╗╨╛╤Б╤М ╨╜╨░╨╣╤В╨╕ ╨┤╨╛╤Б╤В╤Г╨┐╨╜╤Л╨╣ ╨╝╨╡╤В╨╛╨┤ ╤А╨░╤Б╤И╨╕╤А╨╡╨╜╨╕╤П "LanguageLevel", ╨┐╤А╨╕╨╜╨╕╨╝╨░╤О╤Й╨╕╨╣ ╤В╨╕╨┐ "Video" ╨▓ ╨║╨░╤З╨╡╤Б╤В╨▓╨╡ ╨┐╨╡╤А╨▓╨╛╨│╨╛ ╨░╤А╨│╤Г╨╝╨╡╨╜╤В╨░ (╨▓╨╛╨╖╨╝╨╛╨╢╨╜╨╛, ╨┐╤А╨╛╨┐╤Г╤Й╨╡╨╜╨░ ╨┤╨╕╤А╨╡╨║╤В╨╕╨▓╨░ using ╨╕╨╗╨╕ ╤Б╤Б╤Л╨╗╨║╨░ ╨╜╨░ ╤Б╨▒╨╛╤А╨║╤Г). [C:\Users\user\OneDrive\╨а╨░╨▒╨╛╤З╨╕╨╣ ╤Б╤В╨╛╨╗\regi\WebApplication15\WebApplication15.csproj]
C:\Users\user\OneDrive\╨а╨░╨▒╨╛╤З╨╕╨╣ ╤Б╤В╨╛╨╗\regi\WebApplication15\Views\Video\Index.cshtml(122,114): error CS1061: "Video" ╨╜╨╡ ╤Б╨╛╨┤╨╡╤А╨╢╨╕╤В ╨╛╨┐╤А╨╡╨┤╨╡╨╗╨╡╨╜╨╕╤П "LanguageLevel", ╨╕ ╨╜╨╡ ╤Г╨┤╨░╨╗╨╛╤Б╤М ╨╜╨░╨╣╤В╨╕ ╨┤╨╛╤Б╤В╤Г╨┐╨╜╤Л╨╣ ╨╝╨╡╤В╨╛╨┤ ╤А╨░╤Б╤И╨╕╤А╨╡╨╜╨╕╤П "LanguageLevel", ╨┐╤А╨╕╨╜╨╕╨╝╨░╤О╤Й╨╕╨╣ ╤В╨╕╨┐ "Video" ╨▓ ╨║╨░╤З╨╡╤Б╤В╨▓╨╡ ╨┐╨╡╤А╨▓╨╛╨│╨╛ ╨░╤А╨│╤Г╨╝╨╡╨╜╤В╨░ (╨▓╨╛╨╖╨╝╨╛╨╢╨╜╨╛, ╨┐╤А╨╛╨┐╤Г╤Й╨╡╨╜╨░ ╨┤╨╕╤А╨╡╨║╤В╨╕╨▓╨░ using ╨╕╨╗╨╕ ╤Б╤Б╤Л╨╗╨║╨░ ╨╜╨░ ╤Б╨▒╨╛╤А╨║╤Г). [C:\Users\user\OneDrive\╨а╨░╨▒╨╛╤З╨╕╨╣ ╤Б╤В╨╛╨╗\regi\WebApplication15\WebApplication15.csproj]
C:\Users\user\OneDrive\╨а╨░╨▒╨╛╤З╨╕╨╣ ╤Б╤В╨╛╨╗\regi\WebApplication15\Views\Video\Index.cshtml(122,167): error CS1061: "Video" ╨╜╨╡ ╤Б╨╛╨┤╨╡╤А╨╢╨╕╤В ╨╛╨┐╤А╨╡╨┤╨╡╨╗╨╡╨╜╨╕╤П "LanguageLevel", ╨╕ ╨╜╨╡ ╤Г╨┤╨░╨╗╨╛╤Б╤М ╨╜╨░╨╣╤В╨╕ ╨┤╨╛╤Б╤В╤Г╨┐╨╜╤Л╨╣ ╨╝╨╡╤В╨╛╨┤ ╤А╨░╤Б╤И╨╕╤А╨╡╨╜╨╕╤П "LanguageLevel", ╨┐╤А╨╕╨╜╨╕╨╝╨░╤О╤Й╨╕╨╣ ╤В╨╕╨┐ "Video" ╨▓ ╨║╨░╤З╨╡╤Б╤В╨▓╨╡ ╨┐╨╡╤А╨▓╨╛╨│╨╛ ╨░╤А╨│╤Г╨╝╨╡╨╜╤В╨░ (╨▓╨╛╨╖╨╝╨╛╨╢╨╜╨╛, ╨┐╤А╨╛╨┐╤Г╤Й╨╡╨╜╨░ ╨┤╨╕╤А╨╡╨║╤В╨╕╨▓╨░ using ╨╕╨╗╨╕ ╤Б╤Б╤Л╨╗╨║╨░ ╨╜╨░ ╤Б╨▒╨╛╤А╨║╤Г). [C:\Users\user\OneDrive\╨а╨░╨▒╨╛╤З╨╕╨╣ ╤Б╤В╨╛╨╗\regi\WebApplication15\WebApplication15.csproj]
C:\Users\user\OneDrive\╨а╨░╨▒╨╛╤З╨╕╨╣ ╤Б╤В╨╛╨╗\regi\WebApplication15\Views\Video\Index.cshtml(128,69): error CS1061: "Video" ╨╜╨╡ ╤Б╨╛╨┤╨╡╤А╨╢╨╕╤В ╨╛╨┐╤А╨╡╨┤╨╡╨╗╨╡╨╜╨╕╤П "LanguageLevel", ╨╕ ╨╜╨╡ ╤Г╨┤╨░╨╗╨╛╤Б╤М ╨╜╨░╨╣╤В╨╕ ╨┤╨╛╤Б╤В╤Г╨┐╨╜╤Л╨╣ ╨╝╨╡╤В╨╛╨┤ ╤А╨░╤Б╤И╨╕╤А╨╡╨╜╨╕╤П "LanguageLevel", ╨┐╤А╨╕╨╜╨╕╨╝╨░╤О╤Й╨╕╨╣ ╤В╨╕╨┐ "Video" ╨▓ ╨║╨░╤З╨╡╤Б╤В╨▓╨╡ ╨┐╨╡╤А╨▓╨╛╨│╨╛ ╨░╤А╨│╤Г╨╝╨╡╨╜╤В╨░ (╨▓╨╛╨╖╨╝╨╛╨╢╨╜╨╛, ╨┐╤А╨╛╨┐╤Г╤Й╨╡╨╜╨░ ╨┤╨╕╤А╨╡╨║╤В╨╕╨▓╨░ using ╨╕╨╗╨╕ ╤Б╤Б╤Л╨╗╨║╨░ ╨╜╨░ ╤Б╨▒╨╛╤А╨║╤Г). [C:\Users\user\OneDrive\╨а╨░╨▒╨╛╤З╨╕╨╣ ╤Б╤В╨╛╨╗\regi\WebApplication15\WebApplication15.csproj]
C:\Users\user\OneDrive\╨а╨░╨▒╨╛╤З╨╕╨╣ ╤Б╤В╨╛╨╗\regi\WebApplication15\Views\Video\Index.cshtml(176,73): error CS1061: "Video" ╨╜╨╡ ╤Б╨╛╨┤╨╡╤А╨╢╨╕╤В ╨╛╨┐╤А╨╡╨┤╨╡╨╗╨╡╨╜╨╕╤П "LanguageLevel", ╨╕ ╨╜╨╡ ╤Г╨┤╨░╨╗╨╛╤Б╤М ╨╜╨░╨╣╤В╨╕ ╨┤╨╛╤Б╤В╤Г╨┐╨╜╤Л╨╣ ╨╝╨╡╤В╨╛╨┤ ╤А╨░╤Б╤И╨╕╤А╨╡╨╜╨╕╤П "LanguageLevel", ╨┐╤А╨╕╨╜╨╕╨╝╨░╤О╤Й╨╕╨╣ ╤В╨╕╨┐ "Video" ╨▓ ╨║╨░╤З╨╡╤Б╤В╨▓╨╡ ╨┐╨╡╤А╨▓╨╛╨│╨╛ ╨░╤А╨│╤Г╨╝╨╡╨╜╤В╨░ (╨▓╨╛╨╖╨╝╨╛╨╢╨╜╨╛, ╨┐╤А╨╛╨┐╤Г╤Й╨╡╨╜╨░ ╨┤╨╕╤А╨╡╨║╤В╨╕╨▓╨░ using ╨╕╨╗╨╕ ╤Б╤Б╤Л╨╗╨║╨░ ╨╜╨░ ╤Б╨▒╨╛╤А╨║╤Г). [C:\Users\user\OneDrive\╨а╨░╨▒╨╛╤З╨╕╨╣ ╤Б╤В╨╛╨╗\regi\WebApplication15\WebApplication15.csproj]
C:\Users\user\OneDrive\╨а╨░╨▒╨╛╤З╨╕╨╣ ╤Б╤В╨╛╨╗\regi\WebApplication15\Models\User.cs(51,16): warning CS8618: ╤Б╨▓╨╛╨╣╤Б╤В╨▓╨╛ "FirstName", ╨╜╨╡ ╨┤╨╛╨┐╤Г╤Б╨║╨░╤О╤Й╨╕╨╣ ╨╖╨╜╨░╤З╨╡╨╜╨╕╤П NULL, ╨┤╨╛╨╗╨╢╨╡╨╜ ╤Б╨╛╨┤╨╡╤А╨╢╨░╤В╤М ╨╖╨╜╨░╤З╨╡╨╜╨╕╨╡, ╨╛╤В╨╗╨╕╤З╨╜╨╛╨╡ ╨╛╤В NULL, ╨┐╤А╨╕ ╨▓╤Л╤Е╨╛╨┤╨╡ ╨╕╨╖ ╨║╨╛╨╜╤Б╤В╤А╤Г╨║╤В╨╛╤А╨░. ╨а╨░╤Б╤Б╨╝╨╛╤В╤А╨╕╤В╨╡ ╨▓╨╛╨╖╨╝╨╛╨╢╨╜╨╛╤Б╤В╤М ╨┤╨╛╨▒╨░╨▓╨╗╨╡╨╜╨╕╤П ╨╝╨╛╨┤╨╕╤Д╨╕╨║╨░╤В╨╛╤А╨░ "required" ╨╕╨╗╨╕ ╨╛╨▒╤К╤П╨▓╨╗╨╡╨╜╨╕╤П ╨╖╨╜╨░╤З╨╡╨╜╨╕╤П ╤Б╨▓╨╛╨╣╤Б╤В╨▓╨╛, ╨┤╨╛╨┐╤Г╤Б╨║╨░╤О╤Й╨╡╨│╨╛ ╨╖╨╜╨░╤З╨╡╨╜╨╕╨╡ NULL. [C:\Users\user\OneDrive\╨а╨░╨▒╨╛╤З╨╕╨╣ ╤Б╤В╨╛╨╗\regi\WebApplication15\WebApplication15.csproj]
C:\Users\user\OneDrive\╨а╨░╨▒╨╛╤З╨╕╨╣ ╤Б╤В╨╛╨╗\regi\WebApplication15\Models\User.cs(51,16): warning CS8618: ╤Б╨▓╨╛╨╣╤Б╤В╨▓╨╛ "LastName", ╨╜╨╡ ╨┤╨╛╨┐╤Г╤Б╨║╨░╤О╤Й╨╕╨╣ ╨╖╨╜╨░╤З╨╡╨╜╨╕╤П NULL, ╨┤╨╛╨╗╨╢╨╡╨╜ ╤Б╨╛╨┤╨╡╤А╨╢╨░╤В╤М ╨╖╨╜╨░╤З╨╡╨╜╨╕╨╡, ╨╛╤В╨╗╨╕╤З╨╜╨╛╨╡ ╨╛╤В NULL, ╨┐╤А╨╕ ╨▓╤Л╤Е╨╛╨┤╨╡ ╨╕╨╖ ╨║╨╛╨╜╤Б╤В╤А╤Г╨║╤В╨╛╤А╨░. ╨а╨░╤Б╤Б╨╝╨╛╤В╤А╨╕╤В╨╡ ╨▓╨╛╨╖╨╝╨╛╨╢╨╜╨╛╤Б╤В╤М ╨┤╨╛╨▒╨░╨▓╨╗╨╡╨╜╨╕╤П ╨╝╨╛╨┤╨╕╤Д╨╕╨║╨░╤В╨╛╤А╨░ "required" ╨╕╨╗╨╕ ╨╛╨▒╤К╤П╨▓╨╗╨╡╨╜╨╕╤П ╨╖╨╜╨░╤З╨╡╨╜╨╕╤П ╤Б╨▓╨╛╨╣╤Б╤В╨▓╨╛, ╨┤╨╛╨┐╤Г╤Б╨║╨░╤О╤Й╨╡╨│╨╛ ╨╖╨╜╨░╤З╨╡╨╜╨╕╨╡ NULL. [C:\Users\user\OneDrive\╨а╨░╨▒╨╛╤З╨╕╨╣ ╤Б╤В╨╛╨╗\regi\WebApplication15\WebApplication15.csproj]
C:\Users\user\OneDrive\╨а╨░╨▒╨╛╤З╨╕╨╣ ╤Б╤В╨╛╨╗\regi\WebApplication15\Models\User.cs(51,16): warning CS8618: ╤Б╨▓╨╛╨╣╤Б╤В╨▓╨╛ "ProfilePictureUrl", ╨╜╨╡ ╨┤╨╛╨┐╤Г╤Б╨║╨░╤О╤Й╨╕╨╣ ╨╖╨╜╨░╤З╨╡╨╜╨╕╤П NULL, ╨┤╨╛╨╗╨╢╨╡╨╜ ╤Б╨╛╨┤╨╡╤А╨╢╨░╤В╤М ╨╖╨╜╨░╤З╨╡╨╜╨╕╨╡, ╨╛╤В╨╗╨╕╤З╨╜╨╛╨╡ ╨╛╤В NULL, ╨┐╤А╨╕ ╨▓╤Л╤Е╨╛╨┤╨╡ ╨╕╨╖ ╨║╨╛╨╜╤Б╤В╤А╤Г╨║╤В╨╛╤А╨░. ╨а╨░╤Б╤Б╨╝╨╛╤В╤А╨╕╤В╨╡ ╨▓╨╛╨╖╨╝╨╛╨╢╨╜╨╛╤Б╤В╤М ╨┤╨╛╨▒╨░╨▓╨╗╨╡╨╜╨╕╤П ╨╝╨╛╨┤╨╕╤Д╨╕╨║╨░╤В╨╛╤А╨░ "required" ╨╕╨╗╨╕ ╨╛╨▒╤К╤П╨▓╨╗╨╡╨╜╨╕╤П ╨╖╨╜╨░╤З╨╡╨╜╨╕╤П ╤Б╨▓╨╛╨╣╤Б╤В╨▓╨╛, ╨┤╨╛╨┐╤Г╤Б╨║╨░╤О╤Й╨╡╨│╨╛ ╨╖╨╜╨░╤З╨╡╨╜╨╕╨╡ NULL. [C:\Users\user\OneDrive\╨а╨░╨▒╨╛╤З╨╕╨╣ ╤Б╤В╨╛╨╗\regi\WebApplication15\WebApplication15.csproj]
C:\Users\user\OneDrive\╨а╨░╨▒╨╛╤З╨╕╨╣ ╤Б╤В╨╛╨╗\regi\WebApplication15\Models\TestResult.cs(13,23): warning CS8618: ╤Б╨▓╨╛╨╣╤Б╤В╨▓╨╛ "UserId", ╨╜╨╡ ╨┤╨╛╨┐╤Г╤Б╨║╨░╤О╤Й╨╕╨╣ ╨╖╨╜╨░╤З╨╡╨╜╨╕╤П NULL, ╨┤╨╛╨╗╨╢╨╡╨╜ ╤Б╨╛╨┤╨╡╤А╨╢╨░╤В╤М ╨╖╨╜╨░╤З╨╡╨╜╨╕╨╡, ╨╛╤В╨╗╨╕╤З╨╜╨╛╨╡ ╨╛╤В NULL, ╨┐╤А╨╕ ╨▓╤Л╤Е╨╛╨┤╨╡ ╨╕╨╖ ╨║╨╛╨╜╤Б╤В╤А╤Г╨║╤В╨╛╤А╨░. ╨а╨░╤Б╤Б╨╝╨╛╤В╤А╨╕╤В╨╡ ╨▓╨╛╨╖╨╝╨╛╨╢╨╜╨╛╤Б╤В╤М ╨┤╨╛╨▒╨░╨▓╨╗╨╡╨╜╨╕╤П ╨╝╨╛╨┤╨╕╤Д╨╕╨║╨░╤В╨╛╤А╨░ "required" ╨╕╨╗╨╕ ╨╛╨▒╤К╤П╨▓╨╗╨╡╨╜╨╕╤П ╨╖╨╜╨░╤З╨╡╨╜╨╕╤П ╤Б╨▓╨╛╨╣╤Б╤В╨▓╨╛, ╨┤╨╛╨┐╤Г╤Б╨║╨░╤О╤Й╨╡╨│╨╛ ╨╖╨╜╨░╤З╨╡╨╜╨╕╨╡ NULL. [C:\Users\user\OneDrive\╨а╨░╨▒╨╛╤З╨╕╨╣ ╤Б╤В╨╛╨╗\regi\WebApplication15\WebApplication15.csproj]
C:\Users\user\OneDrive\╨а╨░╨▒╨╛╤З╨╕╨╣ ╤Б╤В╨╛╨╗\regi\WebApplication15\Models\TestResult.cs(34,29): warning CS8618: ╤Б╨▓╨╛╨╣╤Б╤В╨▓╨╛ "User", ╨╜╨╡ ╨┤╨╛╨┐╤Г╤Б╨║╨░╤О╤Й╨╕╨╣ ╨╖╨╜╨░╤З╨╡╨╜╨╕╤П NULL, ╨┤╨╛╨╗╨╢╨╡╨╜ ╤Б╨╛╨┤╨╡╤А╨╢╨░╤В╤М ╨╖╨╜╨░╤З╨╡╨╜╨╕╨╡, ╨╛╤В╨╗╨╕╤З╨╜╨╛╨╡ ╨╛╤В NULL, ╨┐╤А╨╕ ╨▓╤Л╤Е╨╛╨┤╨╡ ╨╕╨╖ ╨║╨╛╨╜╤Б╤В╤А╤Г╨║╤В╨╛╤А╨░. ╨а╨░╤Б╤Б╨╝╨╛╤В╤А╨╕╤В╨╡ ╨▓╨╛╨╖╨╝╨╛╨╢╨╜╨╛╤Б╤В╤М ╨┤╨╛╨▒╨░╨▓╨╗╨╡╨╜╨╕╤П ╨╝╨╛╨┤╨╕╤Д╨╕╨║╨░╤В╨╛╤А╨░ "required" ╨╕╨╗╨╕ ╨╛╨▒╤К╤П╨▓╨╗╨╡╨╜╨╕╤П ╨╖╨╜╨░╤З╨╡╨╜╨╕╤П ╤Б╨▓╨╛╨╣╤Б╤В╨▓╨╛, ╨┤╨╛╨┐╤Г╤Б╨║╨░╤О╤Й╨╡╨│╨╛ ╨╖╨╜╨░╤З╨╡╨╜╨╕╨╡ NULL. [C:\Users\user\OneDrive\╨а╨░╨▒╨╛╤З╨╕╨╣ ╤Б╤В╨╛╨╗\regi\WebApplication15\WebApplication15.csproj]
C:\Users\user\OneDrive\╨а╨░╨▒╨╛╤З╨╕╨╣ ╤Б╤В╨╛╨╗\regi\WebApplication15\Models\TestResult.cs(37,29): warning CS8618: ╤Б╨▓╨╛╨╣╤Б╤В╨▓╨╛ "Test", ╨╜╨╡ ╨┤╨╛╨┐╤Г╤Б╨║╨░╤О╤Й╨╕╨╣ ╨╖╨╜╨░╤З╨╡╨╜╨╕╤П NULL, ╨┤╨╛╨╗╨╢╨╡╨╜ ╤Б╨╛╨┤╨╡╤А╨╢╨░╤В╤М ╨╖╨╜╨░╤З╨╡╨╜╨╕╨╡, ╨╛╤В╨╗╨╕╤З╨╜╨╛╨╡ ╨╛╤В NULL, ╨┐╤А╨╕ ╨▓╤Л╤Е╨╛╨┤╨╡ ╨╕╨╖ ╨║╨╛╨╜╤Б╤В╤А╤Г╨║╤В╨╛╤А╨░. ╨а╨░╤Б╤Б╨╝╨╛╤В╤А╨╕╤В╨╡ ╨▓╨╛╨╖╨╝╨╛╨╢╨╜╨╛╤Б╤В╤М ╨┤╨╛╨▒╨░╨▓╨╗╨╡╨╜╨╕╤П ╨╝╨╛╨┤╨╕╤Д╨╕╨║╨░╤В╨╛╤А╨░ "required" ╨╕╨╗╨╕ ╨╛╨▒╤К╤П╨▓╨╗╨╡╨╜╨╕╤П ╨╖╨╜╨░╤З╨╡╨╜╨╕╤П ╤Б╨▓╨╛╨╣╤Б╤В╨▓╨╛, ╨┤╨╛╨┐╤Г╤Б╨║╨░╤О╤Й╨╡╨│╨╛ ╨╖╨╜╨░╤З╨╡╨╜╨╕╨╡ NULL. [C:\Users\user\OneDrive\╨а╨░╨▒╨╛╤З╨╕╨╣ ╤Б╤В╨╛╨╗\regi\WebApplication15\WebApplication15.csproj]
C:\Users\user\OneDrive\╨а╨░╨▒╨╛╤З╨╕╨╣ ╤Б╤В╨╛╨╗\regi\WebApplication15\Models\Language.cs(24,16): warning CS8618: ╤Б╨▓╨╛╨╣╤Б╤В╨▓╨╛ "Name", ╨╜╨╡ ╨┤╨╛╨┐╤Г╤Б╨║╨░╤О╤Й╨╕╨╣ ╨╖╨╜╨░╤З╨╡╨╜╨╕╤П NULL, ╨┤╨╛╨╗╨╢╨╡╨╜ ╤Б╨╛╨┤╨╡╤А╨╢╨░╤В╤М ╨╖╨╜╨░╤З╨╡╨╜╨╕╨╡, ╨╛╤В╨╗╨╕╤З╨╜╨╛╨╡ ╨╛╤В NULL, ╨┐╤А╨╕ ╨▓╤Л╤Е╨╛╨┤╨╡ ╨╕╨╖ ╨║╨╛╨╜╤Б╤В╤А╤Г╨║╤В╨╛╤А╨░. ╨а╨░╤Б╤Б╨╝╨╛╤В╤А╨╕╤В╨╡ ╨▓╨╛╨╖╨╝╨╛╨╢╨╜╨╛╤Б╤В╤М ╨┤╨╛╨▒╨░╨▓╨╗╨╡╨╜╨╕╤П ╨╝╨╛╨┤╨╕╤Д╨╕╨║╨░╤В╨╛╤А╨░ "required" ╨╕╨╗╨╕ ╨╛╨▒╤К╤П╨▓╨╗╨╡╨╜╨╕╤П ╨╖╨╜╨░╤З╨╡╨╜╨╕╤П ╤Б╨▓╨╛╨╣╤Б╤В╨▓╨╛, ╨┤╨╛╨┐╤Г╤Б╨║╨░╤О╤Й╨╡╨│╨╛ ╨╖╨╜╨░╤З╨╡╨╜╨╕╨╡ NULL. [C:\Users\user\OneDrive\╨а╨░╨▒╨╛╤З╨╕╨╣ ╤Б╤В╨╛╨╗\regi\WebApplication15\WebApplication15.csproj]
C:\Users\user\OneDrive\╨а╨░╨▒╨╛╤З╨╕╨╣ ╤Б╤В╨╛╨╗\regi\WebApplication15\Models\Language.cs(24,16): warning CS8618: ╤Б╨▓╨╛╨╣╤Б╤В╨▓╨╛ "Code", ╨╜╨╡ ╨┤╨╛╨┐╤Г╤Б╨║╨░╤О╤Й╨╕╨╣ ╨╖╨╜╨░╤З╨╡╨╜╨╕╤П NULL, ╨┤╨╛╨╗╨╢╨╡╨╜ ╤Б╨╛╨┤╨╡╤А╨╢╨░╤В╤М ╨╖╨╜╨░╤З╨╡╨╜╨╕╨╡, ╨╛╤В╨╗╨╕╤З╨╜╨╛╨╡ ╨╛╤В NULL, ╨┐╤А╨╕ ╨▓╤Л╤Е╨╛╨┤╨╡ ╨╕╨╖ ╨║╨╛╨╜╤Б╤В╤А╤Г╨║╤В╨╛╤А╨░. ╨а╨░╤Б╤Б╨╝╨╛╤В╤А╨╕╤В╨╡ ╨▓╨╛╨╖╨╝╨╛╨╢╨╜╨╛╤Б╤В╤М ╨┤╨╛╨▒╨░╨▓╨╗╨╡╨╜╨╕╤П ╨╝╨╛╨┤╨╕╤Д╨╕╨║╨░╤В╨╛╤А╨░ "required" ╨╕╨╗╨╕ ╨╛╨▒╤К╤П╨▓╨╗╨╡╨╜╨╕╤П ╨╖╨╜╨░╤З╨╡╨╜╨╕╤П ╤Б╨▓╨╛╨╣╤Б╤В╨▓╨╛, ╨┤╨╛╨┐╤Г╤Б╨║╨░╤О╤Й╨╡╨│╨╛ ╨╖╨╜╨░╤З╨╡╨╜╨╕╨╡ NULL. [C:\Users\user\OneDrive\╨а╨░╨▒╨╛╤З╨╕╨╣ ╤Б╤В╨╛╨╗\regi\WebApplication15\WebApplication15.csproj]
C:\Users\user\OneDrive\╨а╨░╨▒╨╛╤З╨╕╨╣ ╤Б╤В╨╛╨╗\regi\WebApplication15\Models\Language.cs(24,16): warning CS8618: ╤Б╨▓╨╛╨╣╤Б╤В╨▓╨╛ "Icon", ╨╜╨╡ ╨┤╨╛╨┐╤Г╤Б╨║╨░╤О╤Й╨╕╨╣ ╨╖╨╜╨░╤З╨╡╨╜╨╕╤П NULL, ╨┤╨╛╨╗╨╢╨╡╨╜ ╤Б╨╛╨┤╨╡╤А╨╢╨░╤В╤М ╨╖╨╜╨░╤З╨╡╨╜╨╕╨╡, ╨╛╤В╨╗╨╕╤З╨╜╨╛╨╡ ╨╛╤В NULL, ╨┐╤А╨╕ ╨▓╤Л╤Е╨╛╨┤╨╡ ╨╕╨╖ ╨║╨╛╨╜╤Б╤В╤А╤Г╨║╤В╨╛╤А╨░. ╨а╨░╤Б╤Б╨╝╨╛╤В╤А╨╕╤В╨╡ ╨▓╨╛╨╖╨╝╨╛╨╢╨╜╨╛╤Б╤В╤М ╨┤╨╛╨▒╨░╨▓╨╗╨╡╨╜╨╕╤П ╨╝╨╛╨┤╨╕╤Д╨╕╨║╨░╤В╨╛╤А╨░ "required" ╨╕╨╗╨╕ ╨╛╨▒╤К╤П╨▓╨╗╨╡╨╜╨╕╤П ╨╖╨╜╨░╤З╨╡╨╜╨╕╤П ╤Б╨▓╨╛╨╣╤Б╤В╨▓╨╛, ╨┤╨╛╨┐╤Г╤Б╨║╨░╤О╤Й╨╡╨│╨╛ ╨╖╨╜╨░╤З╨╡╨╜╨╕╨╡ NULL. [C:\Users\user\OneDrive\╨а╨░╨▒╨╛╤З╨╕╨╣ ╤Б╤В╨╛╨╗\regi\WebApplication15\WebApplication15.csproj]
C:\Users\user\OneDrive\╨а╨░╨▒╨╛╤З╨╕╨╣ ╤Б╤В╨╛╨╗\regi\WebApplication15\Models\Test.cs(53,16): warning CS8618: ╤Б╨▓╨╛╨╣╤Б╤В╨▓╨╛ "Title", ╨╜╨╡ ╨┤╨╛╨┐╤Г╤Б╨║╨░╤О╤Й╨╕╨╣ ╨╖╨╜╨░╤З╨╡╨╜╨╕╤П NULL, ╨┤╨╛╨╗╨╢╨╡╨╜ ╤Б╨╛╨┤╨╡╤А╨╢╨░╤В╤М ╨╖╨╜╨░╤З╨╡╨╜╨╕╨╡, ╨╛╤В╨╗╨╕╤З╨╜╨╛╨╡ ╨╛╤В NULL, ╨┐╤А╨╕ ╨▓╤Л╤Е╨╛╨┤╨╡ ╨╕╨╖ ╨║╨╛╨╜╤Б╤В╤А╤Г╨║╤В╨╛╤А╨░. ╨а╨░╤Б╤Б╨╝╨╛╤В╤А╨╕╤В╨╡ ╨▓╨╛╨╖╨╝╨╛╨╢╨╜╨╛╤Б╤В╤М ╨┤╨╛╨▒╨░╨▓╨╗╨╡╨╜╨╕╤П ╨╝╨╛╨┤╨╕╤Д╨╕╨║╨░╤В╨╛╤А╨░ "required" ╨╕╨╗╨╕ ╨╛╨▒╤К╤П╨▓╨╗╨╡╨╜╨╕╤П ╨╖╨╜╨░╤З╨╡╨╜╨╕╤П ╤Б╨▓╨╛╨╣╤Б╤В╨▓╨╛, ╨┤╨╛╨┐╤Г╤Б╨║╨░╤О╤Й╨╡╨│╨╛ ╨╖╨╜╨░╤З╨╡╨╜╨╕╨╡ NULL. [C:\Users\user\OneDrive\╨а╨░╨▒╨╛╤З╨╕╨╣ ╤Б╤В╨╛╨╗\regi\WebApplication15\WebApplication15.csproj]
C:\Users\user\OneDrive\╨а╨░╨▒╨╛╤З╨╕╨╣ ╤Б╤В╨╛╨╗\regi\WebApplication15\Models\Test.cs(53,16): warning CS8618: ╤Б╨▓╨╛╨╣╤Б╤В╨▓╨╛ "Description", ╨╜╨╡ ╨┤╨╛╨┐╤Г╤Б╨║╨░╤О╤Й╨╕╨╣ ╨╖╨╜╨░╤З╨╡╨╜╨╕╤П NULL, ╨┤╨╛╨╗╨╢╨╡╨╜ ╤Б╨╛╨┤╨╡╤А╨╢╨░╤В╤М ╨╖╨╜╨░╤З╨╡╨╜╨╕╨╡, ╨╛╤В╨╗╨╕╤З╨╜╨╛╨╡ ╨╛╤В NULL, ╨┐╤А╨╕ ╨▓╤Л╤Е╨╛╨┤╨╡ ╨╕╨╖ ╨║╨╛╨╜╤Б╤В╤А╤Г╨║╤В╨╛╤А╨░. ╨а╨░╤Б╤Б╨╝╨╛╤В╤А╨╕╤В╨╡ ╨▓╨╛╨╖╨╝╨╛╨╢╨╜╨╛╤Б╤В╤М ╨┤╨╛╨▒╨░╨▓╨╗╨╡╨╜╨╕╤П ╨╝╨╛╨┤╨╕╤Д╨╕╨║╨░╤В╨╛╤А╨░ "required" ╨╕╨╗╨╕ ╨╛╨▒╤К╤П╨▓╨╗╨╡╨╜╨╕╤П ╨╖╨╜╨░╤З╨╡╨╜╨╕╤П ╤Б╨▓╨╛╨╣╤Б╤В╨▓╨╛, ╨┤╨╛╨┐╤Г╤Б╨║╨░╤О╤Й╨╡╨│╨╛ ╨╖╨╜╨░╤З╨╡╨╜╨╕╨╡ NULL. [C:\Users\user\OneDrive\╨а╨░╨▒╨╛╤З╨╕╨╣ ╤Б╤В╨╛╨╗\regi\WebApplication15\WebApplication15.csproj]
C:\Users\user\OneDrive\╨а╨░╨▒╨╛╤З╨╕╨╣ ╤Б╤В╨╛╨╗\regi\WebApplication15\Models\Test.cs(53,16): warning CS8618: ╤Б╨▓╨╛╨╣╤Б╤В╨▓╨╛ "Level", ╨╜╨╡ ╨┤╨╛╨┐╤Г╤Б╨║╨░╤О╤Й╨╕╨╣ ╨╖╨╜╨░╤З╨╡╨╜╨╕╤П NULL, ╨┤╨╛╨╗╨╢╨╡╨╜ ╤Б╨╛╨┤╨╡╤А╨╢╨░╤В╤М ╨╖╨╜╨░╤З╨╡╨╜╨╕╨╡, ╨╛╤В╨╗╨╕╤З╨╜╨╛╨╡ ╨╛╤В NULL, ╨┐╤А╨╕ ╨▓╤Л╤Е╨╛╨┤╨╡ ╨╕╨╖ ╨║╨╛╨╜╤Б╤В╤А╤Г╨║╤В╨╛╤А╨░. ╨а╨░╤Б╤Б╨╝╨╛╤В╤А╨╕╤В╨╡ ╨▓╨╛╨╖╨╝╨╛╨╢╨╜╨╛╤Б╤В╤М ╨┤╨╛╨▒╨░╨▓╨╗╨╡╨╜╨╕╤П ╨╝╨╛╨┤╨╕╤Д╨╕╨║╨░╤В╨╛╤А╨░ "required" ╨╕╨╗╨╕ ╨╛╨▒╤К╤П╨▓╨╗╨╡╨╜╨╕╤П ╨╖╨╜╨░╤З╨╡╨╜╨╕╤П ╤Б╨▓╨╛╨╣╤Б╤В╨▓╨╛, ╨┤╨╛╨┐╤Г╤Б╨║╨░╤О╤Й╨╡╨│╨╛ ╨╖╨╜╨░╤З╨╡╨╜╨╕╨╡ NULL. [C:\Users\user\OneDrive\╨а╨░╨▒╨╛╤З╨╕╨╣ ╤Б╤В╨╛╨╗\regi\WebApplication15\WebApplication15.csproj]
C:\Users\user\OneDrive\╨а╨░╨▒╨╛╤З╨╕╨╣ ╤Б╤В╨╛╨╗\regi\WebApplication15\Models\Test.cs(53,16): warning CS8618: ╤Б╨▓╨╛╨╣╤Б╤В╨▓╨╛ "Language", ╨╜╨╡ ╨┤╨╛╨┐╤Г╤Б╨║╨░╤О╤Й╨╕╨╣ ╨╖╨╜╨░╤З╨╡╨╜╨╕╤П NULL, ╨┤╨╛╨╗╨╢╨╡╨╜ ╤Б╨╛╨┤╨╡╤А╨╢╨░╤В╤М ╨╖╨╜╨░╤З╨╡╨╜╨╕╨╡, ╨╛╤В╨╗╨╕╤З╨╜╨╛╨╡ ╨╛╤В NULL, ╨┐╤А╨╕ ╨▓╤Л╤Е╨╛╨┤╨╡ ╨╕╨╖ ╨║╨╛╨╜╤Б╤В╤А╤Г╨║╤В╨╛╤А╨░. ╨а╨░╤Б╤Б╨╝╨╛╤В╤А╨╕╤В╨╡ ╨▓╨╛╨╖╨╝╨╛╨╢╨╜╨╛╤Б╤В╤М ╨┤╨╛╨▒╨░╨▓╨╗╨╡╨╜╨╕╤П ╨╝╨╛╨┤╨╕╤Д╨╕╨║╨░╤В╨╛╤А╨░ "required" ╨╕╨╗╨╕ ╨╛╨▒╤К╤П╨▓╨╗╨╡╨╜╨╕╤П ╨╖╨╜╨░╤З╨╡╨╜╨╕╤П ╤Б╨▓╨╛╨╣╤Б╤В╨▓╨╛, ╨┤╨╛╨┐╤Г╤Б╨║╨░╤О╤Й╨╡╨│╨╛ ╨╖╨╜╨░╤З╨╡╨╜╨╕╨╡ NULL. [C:\Users\user\OneDrive\╨а╨░╨▒╨╛╤З╨╕╨╣ ╤Б╤В╨╛╨╗\regi\WebApplication15\WebApplication15.csproj]
C:\Users\user\OneDrive\╨а╨░╨▒╨╛╤З╨╕╨╣ ╤Б╤В╨╛╨╗\regi\WebApplication15\Models\Question.cs(25,16): warning CS8618: ╤Б╨▓╨╛╨╣╤Б╤В╨▓╨╛ "Text", ╨╜╨╡ ╨┤╨╛╨┐╤Г╤Б╨║╨░╤О╤Й╨╕╨╣ ╨╖╨╜╨░╤З╨╡╨╜╨╕╤П NULL, ╨┤╨╛╨╗╨╢╨╡╨╜ ╤Б╨╛╨┤╨╡╤А╨╢╨░╤В╤М ╨╖╨╜╨░╤З╨╡╨╜╨╕╨╡, ╨╛╤В╨╗╨╕╤З╨╜╨╛╨╡ ╨╛╤В NULL, ╨┐╤А╨╕ ╨▓╤Л╤Е╨╛╨┤╨╡ ╨╕╨╖ ╨║╨╛╨╜╤Б╤В╤А╤Г╨║╤В╨╛╤А╨░. ╨а╨░╤Б╤Б╨╝╨╛╤В╤А╨╕╤В╨╡ ╨▓╨╛╨╖╨╝╨╛╨╢╨╜╨╛╤Б╤В╤М ╨┤╨╛╨▒╨░╨▓╨╗╨╡╨╜╨╕╤П ╨╝╨╛╨┤╨╕╤Д╨╕╨║╨░╤В╨╛╤А╨░ "required" ╨╕╨╗╨╕ ╨╛╨▒╤К╤П╨▓╨╗╨╡╨╜╨╕╤П ╨╖╨╜╨░╤З╨╡╨╜╨╕╤П ╤Б╨▓╨╛╨╣╤Б╤В╨▓╨╛, ╨┤╨╛╨┐╤Г╤Б╨║╨░╤О╤Й╨╡╨│╨╛ ╨╖╨╜╨░╤З╨╡╨╜╨╕╨╡ NULL. [C:\Users\user\OneDrive\╨а╨░╨▒╨╛╤З╨╕╨╣ ╤Б╤В╨╛╨╗\regi\WebApplication15\WebApplication15.csproj]
C:\Users\user\OneDrive\╨а╨░╨▒╨╛╤З╨╕╨╣ ╤Б╤В╨╛╨╗\regi\WebApplication15\Models\Question.cs(25,16): warning CS8618: ╤Б╨▓╨╛╨╣╤Б╤В╨▓╨╛ "Test", ╨╜╨╡ ╨┤╨╛╨┐╤Г╤Б╨║╨░╤О╤Й╨╕╨╣ ╨╖╨╜╨░╤З╨╡╨╜╨╕╤П NULL, ╨┤╨╛╨╗╨╢╨╡╨╜ ╤Б╨╛╨┤╨╡╤А╨╢╨░╤В╤М ╨╖╨╜╨░╤З╨╡╨╜╨╕╨╡, ╨╛╤В╨╗╨╕╤З╨╜╨╛╨╡ ╨╛╤В NULL, ╨┐╤А╨╕ ╨▓╤Л╤Е╨╛╨┤╨╡ ╨╕╨╖ ╨║╨╛╨╜╤Б╤В╤А╤Г╨║╤В╨╛╤А╨░. ╨а╨░╤Б╤Б╨╝╨╛╤В╤А╨╕╤В╨╡ ╨▓╨╛╨╖╨╝╨╛╨╢╨╜╨╛╤Б╤В╤М ╨┤╨╛╨▒╨░╨▓╨╗╨╡╨╜╨╕╤П ╨╝╨╛╨┤╨╕╤Д╨╕╨║╨░╤В╨╛╤А╨░ "required" ╨╕╨╗╨╕ ╨╛╨▒╤К╤П╨▓╨╗╨╡╨╜╨╕╤П ╨╖╨╜╨░╤З╨╡╨╜╨╕╤П ╤Б╨▓╨╛╨╣╤Б╤В╨▓╨╛, ╨┤╨╛╨┐╤Г╤Б╨║╨░╤О╤Й╨╡╨│╨╛ ╨╖╨╜╨░╤З╨╡╨╜╨╕╨╡ NULL. [C:\Users\user\OneDrive\╨а╨░╨▒╨╛╤З╨╕╨╣ ╤Б╤В╨╛╨╗\regi\WebApplication15\WebApplication15.csproj]
C:\Users\user\OneDrive\╨а╨░╨▒╨╛╤З╨╕╨╣ ╤Б╤В╨╛╨╗\regi\WebApplication15\Services\TestService.cs(23,33): error CS1061: "Test" ╨╜╨╡ ╤Б╨╛╨┤╨╡╤А╨╢╨╕╤В ╨╛╨┐╤А╨╡╨┤╨╡╨╗╨╡╨╜╨╕╤П "LanguageLevel", ╨╕ ╨╜╨╡ ╤Г╨┤╨░╨╗╨╛╤Б╤М ╨╜╨░╨╣╤В╨╕ ╨┤╨╛╤Б╤В╤Г╨┐╨╜╤Л╨╣ ╨╝╨╡╤В╨╛╨┤ ╤А╨░╤Б╤И╨╕╤А╨╡╨╜╨╕╤П "LanguageLevel", ╨┐╤А╨╕╨╜╨╕╨╝╨░╤О╤Й╨╕╨╣ ╤В╨╕╨┐ "Test" ╨▓ ╨║╨░╤З╨╡╤Б╤В╨▓╨╡ ╨┐╨╡╤А╨▓╨╛╨│╨╛ ╨░╤А╨│╤Г╨╝╨╡╨╜╤В╨░ (╨▓╨╛╨╖╨╝╨╛╨╢╨╜╨╛, ╨┐╤А╨╛╨┐╤Г╤Й╨╡╨╜╨░ ╨┤╨╕╤А╨╡╨║╤В╨╕╨▓╨░ using ╨╕╨╗╨╕ ╤Б╤Б╤Л╨╗╨║╨░ ╨╜╨░ ╤Б╨▒╨╛╤А╨║╤Г). [C:\Users\user\OneDrive\╨а╨░╨▒╨╛╤З╨╕╨╣ ╤Б╤В╨╛╨╗\regi\WebApplication15\WebApplication15.csproj]
C:\Users\user\OneDrive\╨а╨░╨▒╨╛╤З╨╕╨╣ ╤Б╤В╨╛╨╗\regi\WebApplication15\Views\Test\Details.cshtml(11,32): error CS1061: "Test" ╨╜╨╡ ╤Б╨╛╨┤╨╡╤А╨╢╨╕╤В ╨╛╨┐╤А╨╡╨┤╨╡╨╗╨╡╨╜╨╕╤П "LanguageLevel", ╨╕ ╨╜╨╡ ╤Г╨┤╨░╨╗╨╛╤Б╤М ╨╜╨░╨╣╤В╨╕ ╨┤╨╛╤Б╤В╤Г╨┐╨╜╤Л╨╣ ╨╝╨╡╤В╨╛╨┤ ╤А╨░╤Б╤И╨╕╤А╨╡╨╜╨╕╤П "LanguageLevel", ╨┐╤А╨╕╨╜╨╕╨╝╨░╤О╤Й╨╕╨╣ ╤В╨╕╨┐ "Test" ╨▓ ╨║╨░╤З╨╡╤Б╤В╨▓╨╡ ╨┐╨╡╤А╨▓╨╛╨│╨╛ ╨░╤А╨│╤Г╨╝╨╡╨╜╤В╨░ (╨▓╨╛╨╖╨╝╨╛╨╢╨╜╨╛, ╨┐╤А╨╛╨┐╤Г╤Й╨╡╨╜╨░ ╨┤╨╕╤А╨╡╨║╤В╨╕╨▓╨░ using ╨╕╨╗╨╕ ╤Б╤Б╤Л╨╗╨║╨░ ╨╜╨░ ╤Б╨▒╨╛╤А╨║╤Г). [C:\Users\user\OneDrive\╨а╨░╨▒╨╛╤З╨╕╨╣ ╤Б╤В╨╛╨╗\regi\WebApplication15\WebApplication15.csproj]
C:\Users\user\OneDrive\╨а╨░╨▒╨╛╤З╨╕╨╣ ╤Б╤В╨╛╨╗\regi\WebApplication15\Views\Test\Details.cshtml(30,74): error CS1061: "Question" ╨╜╨╡ ╤Б╨╛╨┤╨╡╤А╨╢╨╕╤В ╨╛╨┐╤А╨╡╨┤╨╡╨╗╨╡╨╜╨╕╤П "Options", ╨╕ ╨╜╨╡ ╤Г╨┤╨░╨╗╨╛╤Б╤М ╨╜╨░╨╣╤В╨╕ ╨┤╨╛╤Б╤В╤Г╨┐╨╜╤Л╨╣ ╨╝╨╡╤В╨╛╨┤ ╤А╨░╤Б╤И╨╕╤А╨╡╨╜╨╕╤П "Options", ╨┐╤А╨╕╨╜╨╕╨╝╨░╤О╤Й╨╕╨╣ ╤В╨╕╨┐ "Question" ╨▓ ╨║╨░╤З╨╡╤Б╤В╨▓╨╡ ╨┐╨╡╤А╨▓╨╛╨│╨╛ ╨░╤А╨│╤Г╨╝╨╡╨╜╤В╨░ (╨▓╨╛╨╖╨╝╨╛╨╢╨╜╨╛, ╨┐╤А╨╛╨┐╤Г╤Й╨╡╨╜╨░ ╨┤╨╕╤А╨╡╨║╤В╨╕╨▓╨░ using ╨╕╨╗╨╕ ╤Б╤Б╤Л╨╗╨║╨░ ╨╜╨░ ╤Б╨▒╨╛╤А╨║╤Г). [C:\Users\user\OneDrive\╨а╨░╨▒╨╛╤З╨╕╨╣ ╤Б╤В╨╛╨╗\regi\WebApplication15\WebApplication15.csproj]
C:\Users\user\OneDrive\╨а╨░╨▒╨╛╤З╨╕╨╣ ╤Б╤В╨╛╨╗\regi\WebApplication15\Views\Test\Details.cshtml(50,102): error CS1061: "Test" ╨╜╨╡ ╤Б╨╛╨┤╨╡╤А╨╢╨╕╤В ╨╛╨┐╤А╨╡╨┤╨╡╨╗╨╡╨╜╨╕╤П "LanguageLevel", ╨╕ ╨╜╨╡ ╤Г╨┤╨░╨╗╨╛╤Б╤М ╨╜╨░╨╣╤В╨╕ ╨┤╨╛╤Б╤В╤Г╨┐╨╜╤Л╨╣ ╨╝╨╡╤В╨╛╨┤ ╤А╨░╤Б╤И╨╕╤А╨╡╨╜╨╕╤П "LanguageLevel", ╨┐╤А╨╕╨╜╨╕╨╝╨░╤О╤Й╨╕╨╣ ╤В╨╕╨┐ "Test" ╨▓ ╨║╨░╤З╨╡╤Б╤В╨▓╨╡ ╨┐╨╡╤А╨▓╨╛╨│╨╛ ╨░╤А╨│╤Г╨╝╨╡╨╜╤В╨░ (╨▓╨╛╨╖╨╝╨╛╨╢╨╜╨╛, ╨┐╤А╨╛╨┐╤Г╤Й╨╡╨╜╨░ ╨┤╨╕╤А╨╡╨║╤В╨╕╨▓╨░ using ╨╕╨╗╨╕ ╤Б╤Б╤Л╨╗╨║╨░ ╨╜╨░ ╤Б╨▒╨╛╤А╨║╤Г). [C:\Users\user\OneDrive\╨а╨░╨▒╨╛╤З╨╕╨╣ ╤Б╤В╨╛╨╗\regi\WebApplication15\WebApplication15.csproj]
C:\Users\user\OneDrive\╨а╨░╨▒╨╛╤З╨╕╨╣ ╤Б╤В╨╛╨╗\regi\WebApplication15\Views\Test\Details.cshtml(50,155): error CS1061: "Test" ╨╜╨╡ ╤Б╨╛╨┤╨╡╤А╨╢╨╕╤В ╨╛╨┐╤А╨╡╨┤╨╡╨╗╨╡╨╜╨╕╤П "LanguageLevelId", ╨╕ ╨╜╨╡ ╤Г╨┤╨░╨╗╨╛╤Б╤М ╨╜╨░╨╣╤В╨╕ ╨┤╨╛╤Б╤В╤Г╨┐╨╜╤Л╨╣ ╨╝╨╡╤В╨╛╨┤ ╤А╨░╤Б╤И╨╕╤А╨╡╨╜╨╕╤П "LanguageLevelId", ╨┐╤А╨╕╨╜╨╕╨╝╨░╤О╤Й╨╕╨╣ ╤В╨╕╨┐ "Test" ╨▓ ╨║╨░╤З╨╡╤Б╤В╨▓╨╡ ╨┐╨╡╤А╨▓╨╛╨│╨╛ ╨░╤А╨│╤Г╨╝╨╡╨╜╤В╨░ (╨▓╨╛╨╖╨╝╨╛╨╢╨╜╨╛, ╨┐╤А╨╛╨┐╤Г╤Й╨╡╨╜╨░ ╨┤╨╕╤А╨╡╨║╤В╨╕╨▓╨░ using ╨╕╨╗╨╕ ╤Б╤Б╤Л╨╗╨║╨░ ╨╜╨░ ╤Б╨▒╨╛╤А╨║╤Г). [C:\Users\user\OneDrive\╨а╨░╨▒╨╛╤З╨╕╨╣ ╤Б╤В╨╛╨╗\regi\WebApplication15\WebApplication15.csproj]
C:\Users\user\OneDrive\╨а╨░╨▒╨╛╤З╨╕╨╣ ╤Б╤В╨╛╨╗\regi\WebApplication15\Services\AuthService.cs(87,34): warning CS1998: ╨Т ╨┤╨░╨╜╨╜╨╛╨╝ ╨░╤Б╨╕╨╜╤Е╤А╨╛╨╜╨╜╨╛╨╝ ╨╝╨╡╤В╨╛╨┤╨╡ ╨╛╤В╤Б╤Г╤В╤Б╤В╨▓╤Г╤О╤В ╨╛╨┐╨╡╤А╨░╤В╨╛╤А╤Л await, ╨┐╨╛╤Н╤В╨╛╨╝╤Г ╨╝╨╡╤В╨╛╨┤ ╨▒╤Г╨┤╨╡╤В ╨▓╤Л╨┐╨╛╨╗╨╜╤П╤В╤М╤Б╤П ╤Б╨╕╨╜╤Е╤А╨╛╨╜╨╜╨╛. ╨Т╨╛╤Б╨┐╨╛╨╗╤М╨╖╤Г╨╣╤В╨╡╤Б╤М ╨╛╨┐╨╡╤А╨░╤В╨╛╤А╨╛╨╝ await ╨┤╨╗╤П ╨╛╨╢╨╕╨┤╨░╨╜╨╕╤П ╨╜╨╡╨▒╨╗╨╛╨║╨╕╤А╤Г╤О╤Й╨╕╤Е ╨▓╤Л╨╖╨╛╨▓╨╛╨▓ API ╨╕╨╗╨╕ ╨╛╨┐╨╡╤А╨░╤В╨╛╤А╨╛╨╝ await Task.Run(...) ╨┤╨╗╤П ╨▓╤Л╨┐╨╛╨╗╨╜╨╡╨╜╨╕╤П ╤Б╨▓╤П╨╖╨░╨╜╨╜╤Л╤Е ╤Б ╨ж╨Я ╨╖╨░╨┤╨░╨╜╨╕╨╣ ╨▓ ╤Д╨╛╨╜╨╛╨▓╨╛╨╝ ╨┐╨╛╤В╨╛╨║╨╡. [C:\Users\user\OneDrive\╨а╨░╨▒╨╛╤З╨╕╨╣ ╤Б╤В╨╛╨╗\regi\WebApplication15\WebApplication15.csproj]
C:\Users\user\OneDrive\╨а╨░╨▒╨╛╤З╨╕╨╣ ╤Б╤В╨╛╨╗\regi\WebApplication15\Services\TestService.cs(35,33): error CS1061: "Test" ╨╜╨╡ ╤Б╨╛╨┤╨╡╤А╨╢╨╕╤В ╨╛╨┐╤А╨╡╨┤╨╡╨╗╨╡╨╜╨╕╤П "LanguageLevel", ╨╕ ╨╜╨╡ ╤Г╨┤╨░╨╗╨╛╤Б╤М ╨╜╨░╨╣╤В╨╕ ╨┤╨╛╤Б╤В╤Г╨┐╨╜╤Л╨╣ ╨╝╨╡╤В╨╛╨┤ ╤А╨░╤Б╤И╨╕╤А╨╡╨╜╨╕╤П "LanguageLevel", ╨┐╤А╨╕╨╜╨╕╨╝╨░╤О╤Й╨╕╨╣ ╤В╨╕╨┐ "Test" ╨▓ ╨║╨░╤З╨╡╤Б╤В╨▓╨╡ ╨┐╨╡╤А╨▓╨╛╨│╨╛ ╨░╤А╨│╤Г╨╝╨╡╨╜╤В╨░ (╨▓╨╛╨╖╨╝╨╛╨╢╨╜╨╛, ╨┐╤А╨╛╨┐╤Г╤Й╨╡╨╜╨░ ╨┤╨╕╤А╨╡╨║╤В╨╕╨▓╨░ using ╨╕╨╗╨╕ ╤Б╤Б╤Л╨╗╨║╨░ ╨╜╨░ ╤Б╨▒╨╛╤А╨║╤Г). [C:\Users\user\OneDrive\╨а╨░╨▒╨╛╤З╨╕╨╣ ╤Б╤В╨╛╨╗\regi\WebApplication15\WebApplication15.csproj]
C:\Users\user\OneDrive\╨а╨░╨▒╨╛╤З╨╕╨╣ ╤Б╤В╨╛╨╗\regi\WebApplication15\Services\TestService.cs(48,37): error CS1061: "Question" ╨╜╨╡ ╤Б╨╛╨┤╨╡╤А╨╢╨╕╤В ╨╛╨┐╤А╨╡╨┤╨╡╨╗╨╡╨╜╨╕╤П "Options", ╨╕ ╨╜╨╡ ╤Г╨┤╨░╨╗╨╛╤Б╤М ╨╜╨░╨╣╤В╨╕ ╨┤╨╛╤Б╤В╤Г╨┐╨╜╤Л╨╣ ╨╝╨╡╤В╨╛╨┤ ╤А╨░╤Б╤И╨╕╤А╨╡╨╜╨╕╤П "Options", ╨┐╤А╨╕╨╜╨╕╨╝╨░╤О╤Й╨╕╨╣ ╤В╨╕╨┐ "Question" ╨▓ ╨║╨░╤З╨╡╤Б╤В╨▓╨╡ ╨┐╨╡╤А╨▓╨╛╨│╨╛ ╨░╤А╨│╤Г╨╝╨╡╨╜╤В╨░ (╨▓╨╛╨╖╨╝╨╛╨╢╨╜╨╛, ╨┐╤А╨╛╨┐╤Г╤Й╨╡╨╜╨░ ╨┤╨╕╤А╨╡╨║╤В╨╕╨▓╨░ using ╨╕╨╗╨╕ ╤Б╤Б╤Л╨╗╨║╨░ ╨╜╨░ ╤Б╨▒╨╛╤А╨║╤Г). [C:\Users\user\OneDrive\╨а╨░╨▒╨╛╤З╨╕╨╣ ╤Б╤В╨╛╨╗\regi\WebApplication15\WebApplication15.csproj]
C:\Users\user\OneDrive\╨а╨░╨▒╨╛╤З╨╕╨╣ ╤Б╤В╨╛╨╗\regi\WebApplication15\Services\TestService.cs(49,31): error CS1061: "Test" ╨╜╨╡ ╤Б╨╛╨┤╨╡╤А╨╢╨╕╤В ╨╛╨┐╤А╨╡╨┤╨╡╨╗╨╡╨╜╨╕╤П "LanguageLevelId", ╨╕ ╨╜╨╡ ╤Г╨┤╨░╨╗╨╛╤Б╤М ╨╜╨░╨╣╤В╨╕ ╨┤╨╛╤Б╤В╤Г╨┐╨╜╤Л╨╣ ╨╝╨╡╤В╨╛╨┤ ╤А╨░╤Б╤И╨╕╤А╨╡╨╜╨╕╤П "LanguageLevelId", ╨┐╤А╨╕╨╜╨╕╨╝╨░╤О╤Й╨╕╨╣ ╤В╨╕╨┐ "Test" ╨▓ ╨║╨░╤З╨╡╤Б╤В╨▓╨╡ ╨┐╨╡╤А╨▓╨╛╨│╨╛ ╨░╤А╨│╤Г╨╝╨╡╨╜╤В╨░ (╨▓╨╛╨╖╨╝╨╛╨╢╨╜╨╛, ╨┐╤А╨╛╨┐╤Г╤Й╨╡╨╜╨░ ╨┤╨╕╤А╨╡╨║╤В╨╕╨▓╨░ using ╨╕╨╗╨╕ ╤Б╤Б╤Л╨╗╨║╨░ ╨╜╨░ ╤Б╨▒╨╛╤А╨║╤Г). [C:\Users\user\OneDrive\╨а╨░╨▒╨╛╤З╨╕╨╣ ╤Б╤В╨╛╨╗\regi\WebApplication15\WebApplication15.csproj]
C:\Users\user\OneDrive\╨а╨░╨▒╨╛╤З╨╕╨╣ ╤Б╤В╨╛╨╗\regi\WebApplication15\Services\TestService.cs(58,37): error CS1061: "Question" ╨╜╨╡ ╤Б╨╛╨┤╨╡╤А╨╢╨╕╤В ╨╛╨┐╤А╨╡╨┤╨╡╨╗╨╡╨╜╨╕╤П "Options", ╨╕ ╨╜╨╡ ╤Г╨┤╨░╨╗╨╛╤Б╤М ╨╜╨░╨╣╤В╨╕ ╨┤╨╛╤Б╤В╤Г╨┐╨╜╤Л╨╣ ╨╝╨╡╤В╨╛╨┤ ╤А╨░╤Б╤И╨╕╤А╨╡╨╜╨╕╤П "Options", ╨┐╤А╨╕╨╜╨╕╨╝╨░╤О╤Й╨╕╨╣ ╤В╨╕╨┐ "Question" ╨▓ ╨║╨░╤З╨╡╤Б╤В╨▓╨╡ ╨┐╨╡╤А╨▓╨╛╨│╨╛ ╨░╤А╨│╤Г╨╝╨╡╨╜╤В╨░ (╨▓╨╛╨╖╨╝╨╛╨╢╨╜╨╛, ╨┐╤А╨╛╨┐╤Г╤Й╨╡╨╜╨░ ╨┤╨╕╤А╨╡╨║╤В╨╕╨▓╨░ using ╨╕╨╗╨╕ ╤Б╤Б╤Л╨╗╨║╨░ ╨╜╨░ ╤Б╨▒╨╛╤А╨║╤Г). [C:\Users\user\OneDrive\╨а╨░╨▒╨╛╤З╨╕╨╣ ╤Б╤В╨╛╨╗\regi\WebApplication15\WebApplication15.csproj]
C:\Users\user\OneDrive\╨а╨░╨▒╨╛╤З╨╕╨╣ ╤Б╤В╨╛╨╗\regi\WebApplication15\Services\TestService.cs(66,33): error CS1061: "Test" ╨╜╨╡ ╤Б╨╛╨┤╨╡╤А╨╢╨╕╤В ╨╛╨┐╤А╨╡╨┤╨╡╨╗╨╡╨╜╨╕╤П "LanguageLevel", ╨╕ ╨╜╨╡ ╤Г╨┤╨░╨╗╨╛╤Б╤М ╨╜╨░╨╣╤В╨╕ ╨┤╨╛╤Б╤В╤Г╨┐╨╜╤Л╨╣ ╨╝╨╡╤В╨╛╨┤ ╤А╨░╤Б╤И╨╕╤А╨╡╨╜╨╕╤П "LanguageLevel", ╨┐╤А╨╕╨╜╨╕╨╝╨░╤О╤Й╨╕╨╣ ╤В╨╕╨┐ "Test" ╨▓ ╨║╨░╤З╨╡╤Б╤В╨▓╨╡ ╨┐╨╡╤А╨▓╨╛╨│╨╛ ╨░╤А╨│╤Г╨╝╨╡╨╜╤В╨░ (╨▓╨╛╨╖╨╝╨╛╨╢╨╜╨╛, ╨┐╤А╨╛╨┐╤Г╤Й╨╡╨╜╨░ ╨┤╨╕╤А╨╡╨║╤В╨╕╨▓╨░ using ╨╕╨╗╨╕ ╤Б╤Б╤Л╨╗╨║╨░ ╨╜╨░ ╤Б╨▒╨╛╤А╨║╤Г). [C:\Users\user\OneDrive\╨а╨░╨▒╨╛╤З╨╕╨╣ ╤Б╤В╨╛╨╗\regi\WebApplication15\WebApplication15.csproj]
C:\Users\user\OneDrive\╨а╨░╨▒╨╛╤З╨╕╨╣ ╤Б╤В╨╛╨╗\regi\WebApplication15\Views\Video\Details.cshtml(7,28): error CS1061: "Video" ╨╜╨╡ ╤Б╨╛╨┤╨╡╤А╨╢╨╕╤В ╨╛╨┐╤А╨╡╨┤╨╡╨╗╨╡╨╜╨╕╤П "Url", ╨╕ ╨╜╨╡ ╤Г╨┤╨░╨╗╨╛╤Б╤М ╨╜╨░╨╣╤В╨╕ ╨┤╨╛╤Б╤В╤Г╨┐╨╜╤Л╨╣ ╨╝╨╡╤В╨╛╨┤ ╤А╨░╤Б╤И╨╕╤А╨╡╨╜╨╕╤П "Url", ╨┐╤А╨╕╨╜╨╕╨╝╨░╤О╤Й╨╕╨╣ ╤В╨╕╨┐ "Video" ╨▓ ╨║╨░╤З╨╡╤Б╤В╨▓╨╡ ╨┐╨╡╤А╨▓╨╛╨│╨╛ ╨░╤А╨│╤Г╨╝╨╡╨╜╤В╨░ (╨▓╨╛╨╖╨╝╨╛╨╢╨╜╨╛, ╨┐╤А╨╛╨┐╤Г╤Й╨╡╨╜╨░ ╨┤╨╕╤А╨╡╨║╤В╨╕╨▓╨░ using ╨╕╨╗╨╕ ╤Б╤Б╤Л╨╗╨║╨░ ╨╜╨░ ╤Б╨▒╨╛╤А╨║╤Г). [C:\Users\user\OneDrive\╨а╨░╨▒╨╛╤З╨╕╨╣ ╤Б╤В╨╛╨╗\regi\WebApplication15\WebApplication15.csproj]
C:\Users\user\OneDrive\╨а╨░╨▒╨╛╤З╨╕╨╣ ╤Б╤В╨╛╨╗\regi\WebApplication15\Views\Video\Details.cshtml(7,61): error CS1061: "Video" ╨╜╨╡ ╤Б╨╛╨┤╨╡╤А╨╢╨╕╤В ╨╛╨┐╤А╨╡╨┤╨╡╨╗╨╡╨╜╨╕╤П "Url", ╨╕ ╨╜╨╡ ╤Г╨┤╨░╨╗╨╛╤Б╤М ╨╜╨░╨╣╤В╨╕ ╨┤╨╛╤Б╤В╤Г╨┐╨╜╤Л╨╣ ╨╝╨╡╤В╨╛╨┤ ╤А╨░╤Б╤И╨╕╤А╨╡╨╜╨╕╤П "Url", ╨┐╤А╨╕╨╜╨╕╨╝╨░╤О╤Й╨╕╨╣ ╤В╨╕╨┐ "Video" ╨▓ ╨║╨░╤З╨╡╤Б╤В╨▓╨╡ ╨┐╨╡╤А╨▓╨╛╨│╨╛ ╨░╤А╨│╤Г╨╝╨╡╨╜╤В╨░ (╨▓╨╛╨╖╨╝╨╛╨╢╨╜╨╛, ╨┐╤А╨╛╨┐╤Г╤Й╨╡╨╜╨░ ╨┤╨╕╤А╨╡╨║╤В╨╕╨▓╨░ using ╨╕╨╗╨╕ ╤Б╤Б╤Л╨╗╨║╨░ ╨╜╨░ ╤Б╨▒╨╛╤А╨║╤Г). [C:\Users\user\OneDrive\╨а╨░╨▒╨╛╤З╨╕╨╣ ╤Б╤В╨╛╨╗\regi\WebApplication15\WebApplication15.csproj]
C:\Users\user\OneDrive\╨а╨░╨▒╨╛╤З╨╕╨╣ ╤Б╤В╨╛╨╗\regi\WebApplication15\Views\Video\Details.cshtml(8,26): error CS1061: "Video" ╨╜╨╡ ╤Б╨╛╨┤╨╡╤А╨╢╨╕╤В ╨╛╨┐╤А╨╡╨┤╨╡╨╗╨╡╨╜╨╕╤П "Url", ╨╕ ╨╜╨╡ ╤Г╨┤╨░╨╗╨╛╤Б╤М ╨╜╨░╨╣╤В╨╕ ╨┤╨╛╤Б╤В╤Г╨┐╨╜╤Л╨╣ ╨╝╨╡╤В╨╛╨┤ ╤А╨░╤Б╤И╨╕╤А╨╡╨╜╨╕╤П "Url", ╨┐╤А╨╕╨╜╨╕╨╝╨░╤О╤Й╨╕╨╣ ╤В╨╕╨┐ "Video" ╨▓ ╨║╨░╤З╨╡╤Б╤В╨▓╨╡ ╨┐╨╡╤А╨▓╨╛╨│╨╛ ╨░╤А╨│╤Г╨╝╨╡╨╜╤В╨░ (╨▓╨╛╨╖╨╝╨╛╨╢╨╜╨╛, ╨┐╤А╨╛╨┐╤Г╤Й╨╡╨╜╨░ ╨┤╨╕╤А╨╡╨║╤В╨╕╨▓╨░ using ╨╕╨╗╨╕ ╤Б╤Б╤Л╨╗╨║╨░ ╨╜╨░ ╤Б╨▒╨╛╤А╨║╤Г). [C:\Users\user\OneDrive\╨а╨░╨▒╨╛╤З╨╕╨╣ ╤Б╤В╨╛╨╗\regi\WebApplication15\WebApplication15.csproj]
C:\Users\user\OneDrive\╨а╨░╨▒╨╛╤З╨╕╨╣ ╤Б╤В╨╛╨╗\regi\WebApplication15\Views\Video\Details.cshtml(15,19): error CS1061: "Video" ╨╜╨╡ ╤Б╨╛╨┤╨╡╤А╨╢╨╕╤В ╨╛╨┐╤А╨╡╨┤╨╡╨╗╨╡╨╜╨╕╤П "Url", ╨╕ ╨╜╨╡ ╤Г╨┤╨░╨╗╨╛╤Б╤М ╨╜╨░╨╣╤В╨╕ ╨┤╨╛╤Б╤В╤Г╨┐╨╜╤Л╨╣ ╨╝╨╡╤В╨╛╨┤ ╤А╨░╤Б╤И╨╕╤А╨╡╨╜╨╕╤П "Url", ╨┐╤А╨╕╨╜╨╕╨╝╨░╤О╤Й╨╕╨╣ ╤В╨╕╨┐ "Video" ╨▓ ╨║╨░╤З╨╡╤Б╤В╨▓╨╡ ╨┐╨╡╤А╨▓╨╛╨│╨╛ ╨░╤А╨│╤Г╨╝╨╡╨╜╤В╨░ (╨▓╨╛╨╖╨╝╨╛╨╢╨╜╨╛, ╨┐╤А╨╛╨┐╤Г╤Й╨╡╨╜╨░ ╨┤╨╕╤А╨╡╨║╤В╨╕╨▓╨░ using ╨╕╨╗╨╕ ╤Б╤Б╤Л╨╗╨║╨░ ╨╜╨░ ╤Б╨▒╨╛╤А╨║╤Г). [C:\Users\user\OneDrive\╨а╨░╨▒╨╛╤З╨╕╨╣ ╤Б╤В╨╛╨╗\regi\WebApplication15\WebApplication15.csproj]
C:\Users\user\OneDrive\╨а╨░╨▒╨╛╤З╨╕╨╣ ╤Б╤В╨╛╨╗\regi\WebApplication15\Views\Video\Details.cshtml(17,31): error CS1061: "Video" ╨╜╨╡ ╤Б╨╛╨┤╨╡╤А╨╢╨╕╤В ╨╛╨┐╤А╨╡╨┤╨╡╨╗╨╡╨╜╨╕╤П "Url", ╨╕ ╨╜╨╡ ╤Г╨┤╨░╨╗╨╛╤Б╤М ╨╜╨░╨╣╤В╨╕ ╨┤╨╛╤Б╤В╤Г╨┐╨╜╤Л╨╣ ╨╝╨╡╤В╨╛╨┤ ╤А╨░╤Б╤И╨╕╤А╨╡╨╜╨╕╤П "Url", ╨┐╤А╨╕╨╜╨╕╨╝╨░╤О╤Й╨╕╨╣ ╤В╨╕╨┐ "Video" ╨▓ ╨║╨░╤З╨╡╤Б╤В╨▓╨╡ ╨┐╨╡╤А╨▓╨╛╨│╨╛ ╨░╤А╨│╤Г╨╝╨╡╨╜╤В╨░ (╨▓╨╛╨╖╨╝╨╛╨╢╨╜╨╛, ╨┐╤А╨╛╨┐╤Г╤Й╨╡╨╜╨░ ╨┤╨╕╤А╨╡╨║╤В╨╕╨▓╨░ using ╨╕╨╗╨╕ ╤Б╤Б╤Л╨╗╨║╨░ ╨╜╨░ ╤Б╨▒╨╛╤А╨║╤Г). [C:\Users\user\OneDrive\╨а╨░╨▒╨╛╤З╨╕╨╣ ╤Б╤В╨╛╨╗\regi\WebApplication15\WebApplication15.csproj]
C:\Users\user\OneDrive\╨а╨░╨▒╨╛╤З╨╕╨╣ ╤Б╤В╨╛╨╗\regi\WebApplication15\Views\Video\Details.cshtml(19,24): error CS1061: "Video" ╨╜╨╡ ╤Б╨╛╨┤╨╡╤А╨╢╨╕╤В ╨╛╨┐╤А╨╡╨┤╨╡╨╗╨╡╨╜╨╕╤П "Url", ╨╕ ╨╜╨╡ ╤Г╨┤╨░╨╗╨╛╤Б╤М ╨╜╨░╨╣╤В╨╕ ╨┤╨╛╤Б╤В╤Г╨┐╨╜╤Л╨╣ ╨╝╨╡╤В╨╛╨┤ ╤А╨░╤Б╤И╨╕╤А╨╡╨╜╨╕╤П "Url", ╨┐╤А╨╕╨╜╨╕╨╝╨░╤О╤Й╨╕╨╣ ╤В╨╕╨┐ "Video" ╨▓ ╨║╨░╤З╨╡╤Б╤В╨▓╨╡ ╨┐╨╡╤А╨▓╨╛╨│╨╛ ╨░╤А╨│╤Г╨╝╨╡╨╜╤В╨░ (╨▓╨╛╨╖╨╝╨╛╨╢╨╜╨╛, ╨┐╤А╨╛╨┐╤Г╤Й╨╡╨╜╨░ ╨┤╨╕╤А╨╡╨║╤В╨╕╨▓╨░ using ╨╕╨╗╨╕ ╤Б╤Б╤Л╨╗╨║╨░ ╨╜╨░ ╤Б╨▒╨╛╤А╨║╤Г). [C:\Users\user\OneDrive\╨а╨░╨▒╨╛╤З╨╕╨╣ ╤Б╤В╨╛╨╗\regi\WebApplication15\WebApplication15.csproj]
C:\Users\user\OneDrive\╨а╨░╨▒╨╛╤З╨╕╨╣ ╤Б╤В╨╛╨╗\regi\WebApplication15\Views\Video\Details.cshtml(21,31): error CS1061: "Video" ╨╜╨╡ ╤Б╨╛╨┤╨╡╤А╨╢╨╕╤В ╨╛╨┐╤А╨╡╨┤╨╡╨╗╨╡╨╜╨╕╤П "Url", ╨╕ ╨╜╨╡ ╤Г╨┤╨░╨╗╨╛╤Б╤М ╨╜╨░╨╣╤В╨╕ ╨┤╨╛╤Б╤В╤Г╨┐╨╜╤Л╨╣ ╨╝╨╡╤В╨╛╨┤ ╤А╨░╤Б╤И╨╕╤А╨╡╨╜╨╕╤П "Url", ╨┐╤А╨╕╨╜╨╕╨╝╨░╤О╤Й╨╕╨╣ ╤В╨╕╨┐ "Video" ╨▓ ╨║╨░╤З╨╡╤Б╤В╨▓╨╡ ╨┐╨╡╤А╨▓╨╛╨│╨╛ ╨░╤А╨│╤Г╨╝╨╡╨╜╤В╨░ (╨▓╨╛╨╖╨╝╨╛╨╢╨╜╨╛, ╨┐╤А╨╛╨┐╤Г╤Й╨╡╨╜╨░ ╨┤╨╕╤А╨╡╨║╤В╨╕╨▓╨░ using ╨╕╨╗╨╕ ╤Б╤Б╤Л╨╗╨║╨░ ╨╜╨░ ╤Б╨▒╨╛╤А╨║╤Г). [C:\Users\user\OneDrive\╨а╨░╨▒╨╛╤З╨╕╨╣ ╤Б╤В╨╛╨╗\regi\WebApplication15\WebApplication15.csproj]
C:\Users\user\OneDrive\╨а╨░╨▒╨╛╤З╨╕╨╣ ╤Б╤В╨╛╨╗\regi\WebApplication15\Views\Video\Details.cshtml(23,24): error CS1061: "Video" ╨╜╨╡ ╤Б╨╛╨┤╨╡╤А╨╢╨╕╤В ╨╛╨┐╤А╨╡╨┤╨╡╨╗╨╡╨╜╨╕╤П "Url", ╨╕ ╨╜╨╡ ╤Г╨┤╨░╨╗╨╛╤Б╤М ╨╜╨░╨╣╤В╨╕ ╨┤╨╛╤Б╤В╤Г╨┐╨╜╤Л╨╣ ╨╝╨╡╤В╨╛╨┤ ╤А╨░╤Б╤И╨╕╤А╨╡╨╜╨╕╤П "Url", ╨┐╤А╨╕╨╜╨╕╨╝╨░╤О╤Й╨╕╨╣ ╤В╨╕╨┐ "Video" ╨▓ ╨║╨░╤З╨╡╤Б╤В╨▓╨╡ ╨┐╨╡╤А╨▓╨╛╨│╨╛ ╨░╤А╨│╤Г╨╝╨╡╨╜╤В╨░ (╨▓╨╛╨╖╨╝╨╛╨╢╨╜╨╛, ╨┐╤А╨╛╨┐╤Г╤Й╨╡╨╜╨░ ╨┤╨╕╤А╨╡╨║╤В╨╕╨▓╨░ using ╨╕╨╗╨╕ ╤Б╤Б╤Л╨╗╨║╨░ ╨╜╨░ ╤Б╨▒╨╛╤А╨║╤Г). [C:\Users\user\OneDrive\╨а╨░╨▒╨╛╤З╨╕╨╣ ╤Б╤В╨╛╨╗\regi\WebApplication15\WebApplication15.csproj]
C:\Users\user\OneDrive\╨а╨░╨▒╨╛╤З╨╕╨╣ ╤Б╤В╨╛╨╗\regi\WebApplication15\Views\Video\Details.cshtml(25,31): error CS1061: "Video" ╨╜╨╡ ╤Б╨╛╨┤╨╡╤А╨╢╨╕╤В ╨╛╨┐╤А╨╡╨┤╨╡╨╗╨╡╨╜╨╕╤П "Url", ╨╕ ╨╜╨╡ ╤Г╨┤╨░╨╗╨╛╤Б╤М ╨╜╨░╨╣╤В╨╕ ╨┤╨╛╤Б╤В╤Г╨┐╨╜╤Л╨╣ ╨╝╨╡╤В╨╛╨┤ ╤А╨░╤Б╤И╨╕╤А╨╡╨╜╨╕╤П "Url", ╨┐╤А╨╕╨╜╨╕╨╝╨░╤О╤Й╨╕╨╣ ╤В╨╕╨┐ "Video" ╨▓ ╨║╨░╤З╨╡╤Б╤В╨▓╨╡ ╨┐╨╡╤А╨▓╨╛╨│╨╛ ╨░╤А╨│╤Г╨╝╨╡╨╜╤В╨░ (╨▓╨╛╨╖╨╝╨╛╨╢╨╜╨╛, ╨┐╤А╨╛╨┐╤Г╤Й╨╡╨╜╨░ ╨┤╨╕╤А╨╡╨║╤В╨╕╨▓╨░ using ╨╕╨╗╨╕ ╤Б╤Б╤Л╨╗╨║╨░ ╨╜╨░ ╤Б╨▒╨╛╤А╨║╤Г). [C:\Users\user\OneDrive\╨а╨░╨▒╨╛╤З╨╕╨╣ ╤Б╤В╨╛╨╗\regi\WebApplication15\WebApplication15.csproj]
C:\Users\user\OneDrive\╨а╨░╨▒╨╛╤З╨╕╨╣ ╤Б╤В╨╛╨╗\regi\WebApplication15\Views\Video\Details.cshtml(40,19): error CS1061: "Video" ╨╜╨╡ ╤Б╨╛╨┤╨╡╤А╨╢╨╕╤В ╨╛╨┐╤А╨╡╨┤╨╡╨╗╨╡╨╜╨╕╤П "Url", ╨╕ ╨╜╨╡ ╤Г╨┤╨░╨╗╨╛╤Б╤М ╨╜╨░╨╣╤В╨╕ ╨┤╨╛╤Б╤В╤Г╨┐╨╜╤Л╨╣ ╨╝╨╡╤В╨╛╨┤ ╤А╨░╤Б╤И╨╕╤А╨╡╨╜╨╕╤П "Url", ╨┐╤А╨╕╨╜╨╕╨╝╨░╤О╤Й╨╕╨╣ ╤В╨╕╨┐ "Video" ╨▓ ╨║╨░╤З╨╡╤Б╤В╨▓╨╡ ╨┐╨╡╤А╨▓╨╛╨│╨╛ ╨░╤А╨│╤Г╨╝╨╡╨╜╤В╨░ (╨▓╨╛╨╖╨╝╨╛╨╢╨╜╨╛, ╨┐╤А╨╛╨┐╤Г╤Й╨╡╨╜╨░ ╨┤╨╕╤А╨╡╨║╤В╨╕╨▓╨░ using ╨╕╨╗╨╕ ╤Б╤Б╤Л╨╗╨║╨░ ╨╜╨░ ╤Б╨▒╨╛╤А╨║╤Г). [C:\Users\user\OneDrive\╨а╨░╨▒╨╛╤З╨╕╨╣ ╤Б╤В╨╛╨╗\regi\WebApplication15\WebApplication15.csproj]
C:\Users\user\OneDrive\╨а╨░╨▒╨╛╤З╨╕╨╣ ╤Б╤В╨╛╨╗\regi\WebApplication15\Views\Video\Details.cshtml(42,29): error CS1061: "Video" ╨╜╨╡ ╤Б╨╛╨┤╨╡╤А╨╢╨╕╤В ╨╛╨┐╤А╨╡╨┤╨╡╨╗╨╡╨╜╨╕╤П "Url", ╨╕ ╨╜╨╡ ╤Г╨┤╨░╨╗╨╛╤Б╤М ╨╜╨░╨╣╤В╨╕ ╨┤╨╛╤Б╤В╤Г╨┐╨╜╤Л╨╣ ╨╝╨╡╤В╨╛╨┤ ╤А╨░╤Б╤И╨╕╤А╨╡╨╜╨╕╤П "Url", ╨┐╤А╨╕╨╜╨╕╨╝╨░╤О╤Й╨╕╨╣ ╤В╨╕╨┐ "Video" ╨▓ ╨║╨░╤З╨╡╤Б╤В╨▓╨╡ ╨┐╨╡╤А╨▓╨╛╨│╨╛ ╨░╤А╨│╤Г╨╝╨╡╨╜╤В╨░ (╨▓╨╛╨╖╨╝╨╛╨╢╨╜╨╛, ╨┐╤А╨╛╨┐╤Г╤Й╨╡╨╜╨░ ╨┤╨╕╤А╨╡╨║╤В╨╕╨▓╨░ using ╨╕╨╗╨╕ ╤Б╤Б╤Л╨╗╨║╨░ ╨╜╨░ ╤Б╨▒╨╛╤А╨║╤Г). [C:\Users\user\OneDrive\╨а╨░╨▒╨╛╤З╨╕╨╣ ╤Б╤В╨╛╨╗\regi\WebApplication15\WebApplication15.csproj]
C:\Users\user\OneDrive\╨а╨░╨▒╨╛╤З╨╕╨╣ ╤Б╤В╨╛╨╗\regi\WebApplication15\Views\Video\Details.cshtml(71,33): error CS1061: "Video" ╨╜╨╡ ╤Б╨╛╨┤╨╡╤А╨╢╨╕╤В ╨╛╨┐╤А╨╡╨┤╨╡╨╗╨╡╨╜╨╕╤П "LanguageLevel", ╨╕ ╨╜╨╡ ╤Г╨┤╨░╨╗╨╛╤Б╤М ╨╜╨░╨╣╤В╨╕ ╨┤╨╛╤Б╤В╤Г╨┐╨╜╤Л╨╣ ╨╝╨╡╤В╨╛╨┤ ╤А╨░╤Б╤И╨╕╤А╨╡╨╜╨╕╤П "LanguageLevel", ╨┐╤А╨╕╨╜╨╕╨╝╨░╤О╤Й╨╕╨╣ ╤В╨╕╨┐ "Video" ╨▓ ╨║╨░╤З╨╡╤Б╤В╨▓╨╡ ╨┐╨╡╤А╨▓╨╛╨│╨╛ ╨░╤А╨│╤Г╨╝╨╡╨╜╤В╨░ (╨▓╨╛╨╖╨╝╨╛╨╢╨╜╨╛, ╨┐╤А╨╛╨┐╤Г╤Й╨╡╨╜╨░ ╨┤╨╕╤А╨╡╨║╤В╨╕╨▓╨░ using ╨╕╨╗╨╕ ╤Б╤Б╤Л╨╗╨║╨░ ╨╜╨░ ╤Б╨▒╨╛╤А╨║╤Г). [C:\Users\user\OneDrive\╨а╨░╨▒╨╛╤З╨╕╨╣ ╤Б╤В╨╛╨╗\regi\WebApplication15\WebApplication15.csproj]
C:\Users\user\OneDrive\╨а╨░╨▒╨╛╤З╨╕╨╣ ╤Б╤В╨╛╨╗\regi\WebApplication15\Views\Video\Details.cshtml(74,50): error CS1061: "Video" ╨╜╨╡ ╤Б╨╛╨┤╨╡╤А╨╢╨╕╤В ╨╛╨┐╤А╨╡╨┤╨╡╨╗╨╡╨╜╨╕╤П "LanguageLevel", ╨╕ ╨╜╨╡ ╤Г╨┤╨░╨╗╨╛╤Б╤М ╨╜╨░╨╣╤В╨╕ ╨┤╨╛╤Б╤В╤Г╨┐╨╜╤Л╨╣ ╨╝╨╡╤В╨╛╨┤ ╤А╨░╤Б╤И╨╕╤А╨╡╨╜╨╕╤П "LanguageLevel", ╨┐╤А╨╕╨╜╨╕╨╝╨░╤О╤Й╨╕╨╣ ╤В╨╕╨┐ "Video" ╨▓ ╨║╨░╤З╨╡╤Б╤В╨▓╨╡ ╨┐╨╡╤А╨▓╨╛╨│╨╛ ╨░╤А╨│╤Г╨╝╨╡╨╜╤В╨░ (╨▓╨╛╨╖╨╝╨╛╨╢╨╜╨╛, ╨┐╤А╨╛╨┐╤Г╤Й╨╡╨╜╨░ ╨┤╨╕╤А╨╡╨║╤В╨╕╨▓╨░ using ╨╕╨╗╨╕ ╤Б╤Б╤Л╨╗╨║╨░ ╨╜╨░ ╤Б╨▒╨╛╤А╨║╤Г). [C:\Users\user\OneDrive\╨а╨░╨▒╨╛╤З╨╕╨╣ ╤Б╤В╨╛╨╗\regi\WebApplication15\WebApplication15.csproj]
C:\Users\user\OneDrive\╨а╨░╨▒╨╛╤З╨╕╨╣ ╤Б╤В╨╛╨╗\regi\WebApplication15\Views\Video\Details.cshtml(184,71): error CS1061: "Video" ╨╜╨╡ ╤Б╨╛╨┤╨╡╤А╨╢╨╕╤В ╨╛╨┐╤А╨╡╨┤╨╡╨╗╨╡╨╜╨╕╤П "LanguageLevel", ╨╕ ╨╜╨╡ ╤Г╨┤╨░╨╗╨╛╤Б╤М ╨╜╨░╨╣╤В╨╕ ╨┤╨╛╤Б╤В╤Г╨┐╨╜╤Л╨╣ ╨╝╨╡╤В╨╛╨┤ ╤А╨░╤Б╤И╨╕╤А╨╡╨╜╨╕╤П "LanguageLevel", ╨┐╤А╨╕╨╜╨╕╨╝╨░╤О╤Й╨╕╨╣ ╤В╨╕╨┐ "Video" ╨▓ ╨║╨░╤З╨╡╤Б╤В╨▓╨╡ ╨┐╨╡╤А╨▓╨╛╨│╨╛ ╨░╤А╨│╤Г╨╝╨╡╨╜╤В╨░ (╨▓╨╛╨╖╨╝╨╛╨╢╨╜╨╛, ╨┐╤А╨╛╨┐╤Г╤Й╨╡╨╜╨░ ╨┤╨╕╤А╨╡╨║╤В╨╕╨▓╨░ using ╨╕╨╗╨╕ ╤Б╤Б╤Л╨╗╨║╨░ ╨╜╨░ ╤Б╨▒╨╛╤А╨║╤Г). [C:\Users\user\OneDrive\╨а╨░╨▒╨╛╤З╨╕╨╣ ╤Б╤В╨╛╨╗\regi\WebApplication15\WebApplication15.csproj]
C:\Users\user\OneDrive\╨а╨░╨▒╨╛╤З╨╕╨╣ ╤Б╤В╨╛╨╗\regi\WebApplication15\Views\Video\Details.cshtml(196,85): error CS1061: "Video" ╨╜╨╡ ╤Б╨╛╨┤╨╡╤А╨╢╨╕╤В ╨╛╨┐╤А╨╡╨┤╨╡╨╗╨╡╨╜╨╕╤П "LanguageLevel", ╨╕ ╨╜╨╡ ╤Г╨┤╨░╨╗╨╛╤Б╤М ╨╜╨░╨╣╤В╨╕ ╨┤╨╛╤Б╤В╤Г╨┐╨╜╤Л╨╣ ╨╝╨╡╤В╨╛╨┤ ╤А╨░╤Б╤И╨╕╤А╨╡╨╜╨╕╤П "LanguageLevel", ╨┐╤А╨╕╨╜╨╕╨╝╨░╤О╤Й╨╕╨╣ ╤В╨╕╨┐ "Video" ╨▓ ╨║╨░╤З╨╡╤Б╤В╨▓╨╡ ╨┐╨╡╤А╨▓╨╛╨│╨╛ ╨░╤А╨│╤Г╨╝╨╡╨╜╤В╨░ (╨▓╨╛╨╖╨╝╨╛╨╢╨╜╨╛, ╨┐╤А╨╛╨┐╤Г╤Й╨╡╨╜╨░ ╨┤╨╕╤А╨╡╨║╤В╨╕╨▓╨░ using ╨╕╨╗╨╕ ╤Б╤Б╤Л╨╗╨║╨░ ╨╜╨░ ╤Б╨▒╨╛╤А╨║╤Г). [C:\Users\user\OneDrive\╨а╨░╨▒╨╛╤З╨╕╨╣ ╤Б╤В╨╛╨╗\regi\WebApplication15\WebApplication15.csproj]
C:\Users\user\OneDrive\╨а╨░╨▒╨╛╤З╨╕╨╣ ╤Б╤В╨╛╨╗\regi\WebApplication15\Views\Video\Details.cshtml(209,36): error CS1061: "Video" ╨╜╨╡ ╤Б╨╛╨┤╨╡╤А╨╢╨╕╤В ╨╛╨┐╤А╨╡╨┤╨╡╨╗╨╡╨╜╨╕╤П "LanguageLevel", ╨╕ ╨╜╨╡ ╤Г╨┤╨░╨╗╨╛╤Б╤М ╨╜╨░╨╣╤В╨╕ ╨┤╨╛╤Б╤В╤Г╨┐╨╜╤Л╨╣ ╨╝╨╡╤В╨╛╨┤ ╤А╨░╤Б╤И╨╕╤А╨╡╨╜╨╕╤П "LanguageLevel", ╨┐╤А╨╕╨╜╨╕╨╝╨░╤О╤Й╨╕╨╣ ╤В╨╕╨┐ "Video" ╨▓ ╨║╨░╤З╨╡╤Б╤В╨▓╨╡ ╨┐╨╡╤А╨▓╨╛╨│╨╛ ╨░╤А╨│╤Г╨╝╨╡╨╜╤В╨░ (╨▓╨╛╨╖╨╝╨╛╨╢╨╜╨╛, ╨┐╤А╨╛╨┐╤Г╤Й╨╡╨╜╨░ ╨┤╨╕╤А╨╡╨║╤В╨╕╨▓╨░ using ╨╕╨╗╨╕ ╤Б╤Б╤Л╨╗╨║╨░ ╨╜╨░ ╤Б╨▒╨╛╤А╨║╤Г). [C:\Users\user\OneDrive\╨а╨░╨▒╨╛╤З╨╕╨╣ ╤Б╤В╨╛╨╗\regi\WebApplication15\WebApplication15.csproj]
C:\Users\user\OneDrive\╨а╨░╨▒╨╛╤З╨╕╨╣ ╤Б╤В╨╛╨╗\regi\WebApplication15\Views\Video\Details.cshtml(218,101): error CS1061: "Video" ╨╜╨╡ ╤Б╨╛╨┤╨╡╤А╨╢╨╕╤В ╨╛╨┐╤А╨╡╨┤╨╡╨╗╨╡╨╜╨╕╤П "LanguageLevel", ╨╕ ╨╜╨╡ ╤Г╨┤╨░╨╗╨╛╤Б╤М ╨╜╨░╨╣╤В╨╕ ╨┤╨╛╤Б╤В╤Г╨┐╨╜╤Л╨╣ ╨╝╨╡╤В╨╛╨┤ ╤А╨░╤Б╤И╨╕╤А╨╡╨╜╨╕╤П "LanguageLevel", ╨┐╤А╨╕╨╜╨╕╨╝╨░╤О╤Й╨╕╨╣ ╤В╨╕╨┐ "Video" ╨▓ ╨║╨░╤З╨╡╤Б╤В╨▓╨╡ ╨┐╨╡╤А╨▓╨╛╨│╨╛ ╨░╤А╨│╤Г╨╝╨╡╨╜╤В╨░ (╨▓╨╛╨╖╨╝╨╛╨╢╨╜╨╛, ╨┐╤А╨╛╨┐╤Г╤Й╨╡╨╜╨░ ╨┤╨╕╤А╨╡╨║╤В╨╕╨▓╨░ using ╨╕╨╗╨╕ ╤Б╤Б╤Л╨╗╨║╨░ ╨╜╨░ ╤Б╨▒╨╛╤А╨║╤Г). [C:\Users\user\OneDrive\╨а╨░╨▒╨╛╤З╨╕╨╣ ╤Б╤В╨╛╨╗\regi\WebApplication15\WebApplication15.csproj]
C:\Users\user\OneDrive\╨а╨░╨▒╨╛╤З╨╕╨╣ ╤Б╤В╨╛╨╗\regi\WebApplication15\Views\Video\Details.cshtml(219,78): error CS1061: "Video" ╨╜╨╡ ╤Б╨╛╨┤╨╡╤А╨╢╨╕╤В ╨╛╨┐╤А╨╡╨┤╨╡╨╗╨╡╨╜╨╕╤П "LanguageLevel", ╨╕ ╨╜╨╡ ╤Г╨┤╨░╨╗╨╛╤Б╤М ╨╜╨░╨╣╤В╨╕ ╨┤╨╛╤Б╤В╤Г╨┐╨╜╤Л╨╣ ╨╝╨╡╤В╨╛╨┤ ╤А╨░╤Б╤И╨╕╤А╨╡╨╜╨╕╤П "LanguageLevel", ╨┐╤А╨╕╨╜╨╕╨╝╨░╤О╤Й╨╕╨╣ ╤В╨╕╨┐ "Video" ╨▓ ╨║╨░╤З╨╡╤Б╤В╨▓╨╡ ╨┐╨╡╤А╨▓╨╛╨│╨╛ ╨░╤А╨│╤Г╨╝╨╡╨╜╤В╨░ (╨▓╨╛╨╖╨╝╨╛╨╢╨╜╨╛, ╨┐╤А╨╛╨┐╤Г╤Й╨╡╨╜╨░ ╨┤╨╕╤А╨╡╨║╤В╨╕╨▓╨░ using ╨╕╨╗╨╕ ╤Б╤Б╤Л╨╗╨║╨░ ╨╜╨░ ╤Б╨▒╨╛╤А╨║╤Г). [C:\Users\user\OneDrive\╨а╨░╨▒╨╛╤З╨╕╨╣ ╤Б╤В╨╛╨╗\regi\WebApplication15\WebApplication15.csproj]
C:\Users\user\OneDrive\╨а╨░╨▒╨╛╤З╨╕╨╣ ╤Б╤В╨╛╨╗\regi\WebApplication15\Services\LanguageService.cs(68,35): error CS1061: "ApplicationDbContext" ╨╜╨╡ ╤Б╨╛╨┤╨╡╤А╨╢╨╕╤В ╨╛╨┐╤А╨╡╨┤╨╡╨╗╨╡╨╜╨╕╤П "LanguageLevels", ╨╕ ╨╜╨╡ ╤Г╨┤╨░╨╗╨╛╤Б╤М ╨╜╨░╨╣╤В╨╕ ╨┤╨╛╤Б╤В╤Г╨┐╨╜╤Л╨╣ ╨╝╨╡╤В╨╛╨┤ ╤А╨░╤Б╤И╨╕╤А╨╡╨╜╨╕╤П "LanguageLevels", ╨┐╤А╨╕╨╜╨╕╨╝╨░╤О╤Й╨╕╨╣ ╤В╨╕╨┐ "ApplicationDbContext" ╨▓ ╨║╨░╤З╨╡╤Б╤В╨▓╨╡ ╨┐╨╡╤А╨▓╨╛╨│╨╛ ╨░╤А╨│╤Г╨╝╨╡╨╜╤В╨░ (╨▓╨╛╨╖╨╝╨╛╨╢╨╜╨╛, ╨┐╤А╨╛╨┐╤Г╤Й╨╡╨╜╨░ ╨┤╨╕╤А╨╡╨║╤В╨╕╨▓╨░ using ╨╕╨╗╨╕ ╤Б╤Б╤Л╨╗╨║╨░ ╨╜╨░ ╤Б╨▒╨╛╤А╨║╤Г). [C:\Users\user\OneDrive\╨а╨░╨▒╨╛╤З╨╕╨╣ ╤Б╤В╨╛╨╗\regi\WebApplication15\WebApplication15.csproj]
C:\Users\user\OneDrive\╨а╨░╨▒╨╛╤З╨╕╨╣ ╤Б╤В╨╛╨╗\regi\WebApplication15\Views\Test\Result.cshtml(254,70): error CS1061: "Test" ╨╜╨╡ ╤Б╨╛╨┤╨╡╤А╨╢╨╕╤В ╨╛╨┐╤А╨╡╨┤╨╡╨╗╨╡╨╜╨╕╤П "LanguageLevel", ╨╕ ╨╜╨╡ ╤Г╨┤╨░╨╗╨╛╤Б╤М ╨╜╨░╨╣╤В╨╕ ╨┤╨╛╤Б╤В╤Г╨┐╨╜╤Л╨╣ ╨╝╨╡╤В╨╛╨┤ ╤А╨░╤Б╤И╨╕╤А╨╡╨╜╨╕╤П "LanguageLevel", ╨┐╤А╨╕╨╜╨╕╨╝╨░╤О╤Й╨╕╨╣ ╤В╨╕╨┐ "Test" ╨▓ ╨║╨░╤З╨╡╤Б╤В╨▓╨╡ ╨┐╨╡╤А╨▓╨╛╨│╨╛ ╨░╤А╨│╤Г╨╝╨╡╨╜╤В╨░ (╨▓╨╛╨╖╨╝╨╛╨╢╨╜╨╛, ╨┐╤А╨╛╨┐╤Г╤Й╨╡╨╜╨░ ╨┤╨╕╤А╨╡╨║╤В╨╕╨▓╨░ using ╨╕╨╗╨╕ ╤Б╤Б╤Л╨╗╨║╨░ ╨╜╨░ ╤Б╨▒╨╛╤А╨║╤Г). [C:\Users\user\OneDrive\╨а╨░╨▒╨╛╤З╨╕╨╣ ╤Б╤В╨╛╨╗\regi\WebApplication15\WebApplication15.csproj]
C:\Users\user\OneDrive\╨а╨░╨▒╨╛╤З╨╕╨╣ ╤Б╤В╨╛╨╗\regi\WebApplication15\Views\Test\Result.cshtml(257,76): error CS1061: "Test" ╨╜╨╡ ╤Б╨╛╨┤╨╡╤А╨╢╨╕╤В ╨╛╨┐╤А╨╡╨┤╨╡╨╗╨╡╨╜╨╕╤П "LanguageLevel", ╨╕ ╨╜╨╡ ╤Г╨┤╨░╨╗╨╛╤Б╤М ╨╜╨░╨╣╤В╨╕ ╨┤╨╛╤Б╤В╤Г╨┐╨╜╤Л╨╣ ╨╝╨╡╤В╨╛╨┤ ╤А╨░╤Б╤И╨╕╤А╨╡╨╜╨╕╤П "LanguageLevel", ╨┐╤А╨╕╨╜╨╕╨╝╨░╤О╤Й╨╕╨╣ ╤В╨╕╨┐ "Test" ╨▓ ╨║╨░╤З╨╡╤Б╤В╨▓╨╡ ╨┐╨╡╤А╨▓╨╛╨│╨╛ ╨░╤А╨│╤Г╨╝╨╡╨╜╤В╨░ (╨▓╨╛╨╖╨╝╨╛╨╢╨╜╨╛, ╨┐╤А╨╛╨┐╤Г╤Й╨╡╨╜╨░ ╨┤╨╕╤А╨╡╨║╤В╨╕╨▓╨░ using ╨╕╨╗╨╕ ╤Б╤Б╤Л╨╗╨║╨░ ╨╜╨░ ╤Б╨▒╨╛╤А╨║╤Г). [C:\Users\user\OneDrive\╨а╨░╨▒╨╛╤З╨╕╨╣ ╤Б╤В╨╛╨╗\regi\WebApplication15\WebApplication15.csproj]
C:\Users\user\OneDrive\╨а╨░╨▒╨╛╤З╨╕╨╣ ╤Б╤В╨╛╨╗\regi\WebApplication15\Views\Test\Result.cshtml(260,72): error CS1061: "TestResult" ╨╜╨╡ ╤Б╨╛╨┤╨╡╤А╨╢╨╕╤В ╨╛╨┐╤А╨╡╨┤╨╡╨╗╨╡╨╜╨╕╤П "CompletedDate", ╨╕ ╨╜╨╡ ╤Г╨┤╨░╨╗╨╛╤Б╤М ╨╜╨░╨╣╤В╨╕ ╨┤╨╛╤Б╤В╤Г╨┐╨╜╤Л╨╣ ╨╝╨╡╤В╨╛╨┤ ╤А╨░╤Б╤И╨╕╤А╨╡╨╜╨╕╤П "CompletedDate", ╨┐╤А╨╕╨╜╨╕╨╝╨░╤О╤Й╨╕╨╣ ╤В╨╕╨┐ "TestResult" ╨▓ ╨║╨░╤З╨╡╤Б╤В╨▓╨╡ ╨┐╨╡╤А╨▓╨╛╨│╨╛ ╨░╤А╨│╤Г╨╝╨╡╨╜╤В╨░ (╨▓╨╛╨╖╨╝╨╛╨╢╨╜╨╛, ╨┐╤А╨╛╨┐╤Г╤Й╨╡╨╜╨░ ╨┤╨╕╤А╨╡╨║╤В╨╕╨▓╨░ using ╨╕╨╗╨╕ ╤Б╤Б╤Л╨╗╨║╨░ ╨╜╨░ ╤Б╨▒╨╛╤А╨║╤Г). [C:\Users\user\OneDrive\╨а╨░╨▒╨╛╤З╨╕╨╣ ╤Б╤В╨╛╨╗\regi\WebApplication15\WebApplication15.csproj]
C:\Users\user\OneDrive\╨а╨░╨▒╨╛╤З╨╕╨╣ ╤Б╤В╨╛╨╗\regi\WebApplication15\Views\Test\Result.cshtml(296,65): error CS0121: ╨Э╨╡╨╛╨┤╨╜╨╛╨╖╨╜╨░╤З╨╜╤Л╨╣ ╨▓╤Л╨╖╨╛╨▓ ╤Б╨╗╨╡╨┤╤Г╤О╤Й╨╕╤Е ╨╝╨╡╤В╨╛╨┤╨╛╨▓ ╨╕╨╗╨╕ ╤Б╨▓╨╛╨╣╤Б╤В╨▓: "Math.Round(decimal)" ╨╕ "Math.Round(double)" [C:\Users\user\OneDrive\╨а╨░╨▒╨╛╤З╨╕╨╣ ╤Б╤В╨╛╨╗\regi\WebApplication15\WebApplication15.csproj]
C:\Users\user\OneDrive\╨а╨░╨▒╨╛╤З╨╕╨╣ ╤Б╤В╨╛╨╗\regi\WebApplication15\Views\Test\Result.cshtml(304,71): error CS1061: "Test" ╨╜╨╡ ╤Б╨╛╨┤╨╡╤А╨╢╨╕╤В ╨╛╨┐╤А╨╡╨┤╨╡╨╗╨╡╨╜╨╕╤П "LanguageLevel", ╨╕ ╨╜╨╡ ╤Г╨┤╨░╨╗╨╛╤Б╤М ╨╜╨░╨╣╤В╨╕ ╨┤╨╛╤Б╤В╤Г╨┐╨╜╤Л╨╣ ╨╝╨╡╤В╨╛╨┤ ╤А╨░╤Б╤И╨╕╤А╨╡╨╜╨╕╤П "LanguageLevel", ╨┐╤А╨╕╨╜╨╕╨╝╨░╤О╤Й╨╕╨╣ ╤В╨╕╨┐ "Test" ╨▓ ╨║╨░╤З╨╡╤Б╤В╨▓╨╡ ╨┐╨╡╤А╨▓╨╛╨│╨╛ ╨░╤А╨│╤Г╨╝╨╡╨╜╤В╨░ (╨▓╨╛╨╖╨╝╨╛╨╢╨╜╨╛, ╨┐╤А╨╛╨┐╤Г╤Й╨╡╨╜╨░ ╨┤╨╕╤А╨╡╨║╤В╨╕╨▓╨░ using ╨╕╨╗╨╕ ╤Б╤Б╤Л╨╗╨║╨░ ╨╜╨░ ╤Б╨▒╨╛╤А╨║╤Г). [C:\Users\user\OneDrive\╨а╨░╨▒╨╛╤З╨╕╨╣ ╤Б╤В╨╛╨╗\regi\WebApplication15\WebApplication15.csproj]
C:\Users\user\OneDrive\╨а╨░╨▒╨╛╤З╨╕╨╣ ╤Б╤В╨╛╨╗\regi\WebApplication15\Views\Test\Result.cshtml(308,71): error CS1061: "Test" ╨╜╨╡ ╤Б╨╛╨┤╨╡╤А╨╢╨╕╤В ╨╛╨┐╤А╨╡╨┤╨╡╨╗╨╡╨╜╨╕╤П "LanguageLevel", ╨╕ ╨╜╨╡ ╤Г╨┤╨░╨╗╨╛╤Б╤М ╨╜╨░╨╣╤В╨╕ ╨┤╨╛╤Б╤В╤Г╨┐╨╜╤Л╨╣ ╨╝╨╡╤В╨╛╨┤ ╤А╨░╤Б╤И╨╕╤А╨╡╨╜╨╕╤П "LanguageLevel", ╨┐╤А╨╕╨╜╨╕╨╝╨░╤О╤Й╨╕╨╣ ╤В╨╕╨┐ "Test" ╨▓ ╨║╨░╤З╨╡╤Б╤В╨▓╨╡ ╨┐╨╡╤А╨▓╨╛╨│╨╛ ╨░╤А╨│╤Г╨╝╨╡╨╜╤В╨░ (╨▓╨╛╨╖╨╝╨╛╨╢╨╜╨╛, ╨┐╤А╨╛╨┐╤Г╤Й╨╡╨╜╨░ ╨┤╨╕╤А╨╡╨║╤В╨╕╨▓╨░ using ╨╕╨╗╨╕ ╤Б╤Б╤Л╨╗╨║╨░ ╨╜╨░ ╤Б╨▒╨╛╤А╨║╤Г). [C:\Users\user\OneDrive\╨а╨░╨▒╨╛╤З╨╕╨╣ ╤Б╤В╨╛╨╗\regi\WebApplication15\WebApplication15.csproj]
C:\Users\user\OneDrive\╨а╨░╨▒╨╛╤З╨╕╨╣ ╤Б╤В╨╛╨╗\regi\WebApplication15\Views\Test\Result.cshtml(312,66): error CS1061: "TestResult" ╨╜╨╡ ╤Б╨╛╨┤╨╡╤А╨╢╨╕╤В ╨╛╨┐╤А╨╡╨┤╨╡╨╗╨╡╨╜╨╕╤П "CompletedDate", ╨╕ ╨╜╨╡ ╤Г╨┤╨░╨╗╨╛╤Б╤М ╨╜╨░╨╣╤В╨╕ ╨┤╨╛╤Б╤В╤Г╨┐╨╜╤Л╨╣ ╨╝╨╡╤В╨╛╨┤ ╤А╨░╤Б╤И╨╕╤А╨╡╨╜╨╕╤П "CompletedDate", ╨┐╤А╨╕╨╜╨╕╨╝╨░╤О╤Й╨╕╨╣ ╤В╨╕╨┐ "TestResult" ╨▓ ╨║╨░╤З╨╡╤Б╤В╨▓╨╡ ╨┐╨╡╤А╨▓╨╛╨│╨╛ ╨░╤А╨│╤Г╨╝╨╡╨╜╤В╨░ (╨▓╨╛╨╖╨╝╨╛╨╢╨╜╨╛, ╨┐╤А╨╛╨┐╤Г╤Й╨╡╨╜╨░ ╨┤╨╕╤А╨╡╨║╤В╨╕╨▓╨░ using ╨╕╨╗╨╕ ╤Б╤Б╤Л╨╗╨║╨░ ╨╜╨░ ╤Б╨▒╨╛╤А╨║╤Г). [C:\Users\user\OneDrive\╨а╨░╨▒╨╛╤З╨╕╨╣ ╤Б╤В╨╛╨╗\regi\WebApplication15\WebApplication15.csproj]
C:\Users\user\OneDrive\╨а╨░╨▒╨╛╤З╨╕╨╣ ╤Б╤В╨╛╨╗\regi\WebApplication15\Views\Test\Result.cshtml(316,66): error CS1061: "TestResult" ╨╜╨╡ ╤Б╨╛╨┤╨╡╤А╨╢╨╕╤В ╨╛╨┐╤А╨╡╨┤╨╡╨╗╨╡╨╜╨╕╤П "CompletedDate", ╨╕ ╨╜╨╡ ╤Г╨┤╨░╨╗╨╛╤Б╤М ╨╜╨░╨╣╤В╨╕ ╨┤╨╛╤Б╤В╤Г╨┐╨╜╤Л╨╣ ╨╝╨╡╤В╨╛╨┤ ╤А╨░╤Б╤И╨╕╤А╨╡╨╜╨╕╤П "CompletedDate", ╨┐╤А╨╕╨╜╨╕╨╝╨░╤О╤Й╨╕╨╣ ╤В╨╕╨┐ "TestResult" ╨▓ ╨║╨░╤З╨╡╤Б╤В╨▓╨╡ ╨┐╨╡╤А╨▓╨╛╨│╨╛ ╨░╤А╨│╤Г╨╝╨╡╨╜╤В╨░ (╨▓╨╛╨╖╨╝╨╛╨╢╨╜╨╛, ╨┐╤А╨╛╨┐╤Г╤Й╨╡╨╜╨░ ╨┤╨╕╤А╨╡╨║╤В╨╕╨▓╨░ using ╨╕╨╗╨╕ ╤Б╤Б╤Л╨╗╨║╨░ ╨╜╨░ ╤Б╨▒╨╛╤А╨║╤Г). [C:\Users\user\OneDrive\╨а╨░╨▒╨╛╤З╨╕╨╣ ╤Б╤В╨╛╨╗\regi\WebApplication15\WebApplication15.csproj]
C:\Users\user\OneDrive\╨а╨░╨▒╨╛╤З╨╕╨╣ ╤Б╤В╨╛╨╗\regi\WebApplication15\Views\Shared\_AdminLayout.cshtml(26,30): warning CS8602: ╨а╨░╨╖╤Л╨╝╨╡╨╜╨╛╨▓╨░╨╜╨╕╨╡ ╨▓╨╡╤А╨╛╤П╤В╨╜╨╛╨╣ ╨┐╤Г╤Б╤В╨╛╨╣ ╤Б╤Б╤Л╨╗╨║╨╕. [C:\Users\user\OneDrive\╨а╨░╨▒╨╛╤З╨╕╨╣ ╤Б╤В╨╛╨╗\regi\WebApplication15\WebApplication15.csproj]
C:\Users\user\OneDrive\╨а╨░╨▒╨╛╤З╨╕╨╣ ╤Б╤В╨╛╨╗\regi\WebApplication15\Views\Shared\_AdminLayout.cshtml(32,30): warning CS8602: ╨а╨░╨╖╤Л╨╝╨╡╨╜╨╛╨▓╨░╨╜╨╕╨╡ ╨▓╨╡╤А╨╛╤П╤В╨╜╨╛╨╣ ╨┐╤Г╤Б╤В╨╛╨╣ ╤Б╤Б╤Л╨╗╨║╨╕. [C:\Users\user\OneDrive\╨а╨░╨▒╨╛╤З╨╕╨╣ ╤Б╤В╨╛╨╗\regi\WebApplication15\WebApplication15.csproj]
C:\Users\user\OneDrive\╨а╨░╨▒╨╛╤З╨╕╨╣ ╤Б╤В╨╛╨╗\regi\WebApplication15\Views\Shared\_AdminLayout.cshtml(38,30): warning CS8602: ╨а╨░╨╖╤Л╨╝╨╡╨╜╨╛╨▓╨░╨╜╨╕╨╡ ╨▓╨╡╤А╨╛╤П╤В╨╜╨╛╨╣ ╨┐╤Г╤Б╤В╨╛╨╣ ╤Б╤Б╤Л╨╗╨║╨╕. [C:\Users\user\OneDrive\╨а╨░╨▒╨╛╤З╨╕╨╣ ╤Б╤В╨╛╨╗\regi\WebApplication15\WebApplication15.csproj]
C:\Users\user\OneDrive\╨а╨░╨▒╨╛╤З╨╕╨╣ ╤Б╤В╨╛╨╗\regi\WebApplication15\Views\Shared\_AdminLayout.cshtml(38,94): warning CS8602: ╨а╨░╨╖╤Л╨╝╨╡╨╜╨╛╨▓╨░╨╜╨╕╨╡ ╨▓╨╡╤А╨╛╤П╤В╨╜╨╛╨╣ ╨┐╤Г╤Б╤В╨╛╨╣ ╤Б╤Б╤Л╨╗╨║╨╕. [C:\Users\user\OneDrive\╨а╨░╨▒╨╛╤З╨╕╨╣ ╤Б╤В╨╛╨╗\regi\WebApplication15\WebApplication15.csproj]
C:\Users\user\OneDrive\╨а╨░╨▒╨╛╤З╨╕╨╣ ╤Б╤В╨╛╨╗\regi\WebApplication15\Views\Shared\_AdminLayout.cshtml(43,57): warning CS8602: ╨а╨░╨╖╤Л╨╝╨╡╨╜╨╛╨▓╨░╨╜╨╕╨╡ ╨▓╨╡╤А╨╛╤П╤В╨╜╨╛╨╣ ╨┐╤Г╤Б╤В╨╛╨╣ ╤Б╤Б╤Л╨╗╨║╨╕. [C:\Users\user\OneDrive\╨а╨░╨▒╨╛╤З╨╕╨╣ ╤Б╤В╨╛╨╗\regi\WebApplication15\WebApplication15.csproj]
C:\Users\user\OneDrive\╨а╨░╨▒╨╛╤З╨╕╨╣ ╤Б╤В╨╛╨╗\regi\WebApplication15\Views\Shared\_AdminLayout.cshtml(43,121): warning CS8602: ╨а╨░╨╖╤Л╨╝╨╡╨╜╨╛╨▓╨░╨╜╨╕╨╡ ╨▓╨╡╤А╨╛╤П╤В╨╜╨╛╨╣ ╨┐╤Г╤Б╤В╨╛╨╣ ╤Б╤Б╤Л╨╗╨║╨╕. [C:\Users\user\OneDrive\╨а╨░╨▒╨╛╤З╨╕╨╣ ╤Б╤В╨╛╨╗\regi\WebApplication15\WebApplication15.csproj]
C:\Users\user\OneDrive\╨а╨░╨▒╨╛╤З╨╕╨╣ ╤Б╤В╨╛╨╗\regi\WebApplication15\Views\Shared\_AdminLayout.cshtml(58,30): warning CS8602: ╨а╨░╨╖╤Л╨╝╨╡╨╜╨╛╨▓╨░╨╜╨╕╨╡ ╨▓╨╡╤А╨╛╤П╤В╨╜╨╛╨╣ ╨┐╤Г╤Б╤В╨╛╨╣ ╤Б╤Б╤Л╨╗╨║╨╕. [C:\Users\user\OneDrive\╨а╨░╨▒╨╛╤З╨╕╨╣ ╤Б╤В╨╛╨╗\regi\WebApplication15\WebApplication15.csproj]
C:\Users\user\OneDrive\╨а╨░╨▒╨╛╤З╨╕╨╣ ╤Б╤В╨╛╨╗\regi\WebApplication15\Views\Shared\_AdminLayout.cshtml(58,95): warning CS8602: ╨а╨░╨╖╤Л╨╝╨╡╨╜╨╛╨▓╨░╨╜╨╕╨╡ ╨▓╨╡╤А╨╛╤П╤В╨╜╨╛╨╣ ╨┐╤Г╤Б╤В╨╛╨╣ ╤Б╤Б╤Л╨╗╨║╨╕. [C:\Users\user\OneDrive\╨а╨░╨▒╨╛╤З╨╕╨╣ ╤Б╤В╨╛╨╗\regi\WebApplication15\WebApplication15.csproj]
C:\Users\user\OneDrive\╨а╨░╨▒╨╛╤З╨╕╨╣ ╤Б╤В╨╛╨╗\regi\WebApplication15\Views\Shared\_AdminLayout.cshtml(63,57): warning CS8602: ╨а╨░╨╖╤Л╨╝╨╡╨╜╨╛╨▓╨░╨╜╨╕╨╡ ╨▓╨╡╤А╨╛╤П╤В╨╜╨╛╨╣ ╨┐╤Г╤Б╤В╨╛╨╣ ╤Б╤Б╤Л╨╗╨║╨╕. [C:\Users\user\OneDrive\╨а╨░╨▒╨╛╤З╨╕╨╣ ╤Б╤В╨╛╨╗\regi\WebApplication15\WebApplication15.csproj]
C:\Users\user\OneDrive\╨а╨░╨▒╨╛╤З╨╕╨╣ ╤Б╤В╨╛╨╗\regi\WebApplication15\Views\Shared\_AdminLayout.cshtml(63,122): warning CS8602: ╨а╨░╨╖╤Л╨╝╨╡╨╜╨╛╨▓╨░╨╜╨╕╨╡ ╨▓╨╡╤А╨╛╤П╤В╨╜╨╛╨╣ ╨┐╤Г╤Б╤В╨╛╨╣ ╤Б╤Б╤Л╨╗╨║╨╕. [C:\Users\user\OneDrive\╨а╨░╨▒╨╛╤З╨╕╨╣ ╤Б╤В╨╛╨╗\regi\WebApplication15\WebApplication15.csproj]
C:\Users\user\OneDrive\╨а╨░╨▒╨╛╤З╨╕╨╣ ╤Б╤В╨╛╨╗\regi\WebApplication15\Views\Test\MyResults.cshtml(38,66): error CS1061: "Test" ╨╜╨╡ ╤Б╨╛╨┤╨╡╤А╨╢╨╕╤В ╨╛╨┐╤А╨╡╨┤╨╡╨╗╨╡╨╜╨╕╤П "LanguageLevel", ╨╕ ╨╜╨╡ ╤Г╨┤╨░╨╗╨╛╤Б╤М ╨╜╨░╨╣╤В╨╕ ╨┤╨╛╤Б╤В╤Г╨┐╨╜╤Л╨╣ ╨╝╨╡╤В╨╛╨┤ ╤А╨░╤Б╤И╨╕╤А╨╡╨╜╨╕╤П "LanguageLevel", ╨┐╤А╨╕╨╜╨╕╨╝╨░╤О╤Й╨╕╨╣ ╤В╨╕╨┐ "Test" ╨▓ ╨║╨░╤З╨╡╤Б╤В╨▓╨╡ ╨┐╨╡╤А╨▓╨╛╨│╨╛ ╨░╤А╨│╤Г╨╝╨╡╨╜╤В╨░ (╨▓╨╛╨╖╨╝╨╛╨╢╨╜╨╛, ╨┐╤А╨╛╨┐╤Г╤Й╨╡╨╜╨░ ╨┤╨╕╤А╨╡╨║╤В╨╕╨▓╨░ using ╨╕╨╗╨╕ ╤Б╤Б╤Л╨╗╨║╨░ ╨╜╨░ ╤Б╨▒╨╛╤А╨║╤Г). [C:\Users\user\OneDrive\╨а╨░╨▒╨╛╤З╨╕╨╣ ╤Б╤В╨╛╨╗\regi\WebApplication15\WebApplication15.csproj]
C:\Users\user\OneDrive\╨а╨░╨▒╨╛╤З╨╕╨╣ ╤Б╤В╨╛╨╗\regi\WebApplication15\Views\Test\MyResults.cshtml(42,70): error CS1061: "Test" ╨╜╨╡ ╤Б╨╛╨┤╨╡╤А╨╢╨╕╤В ╨╛╨┐╤А╨╡╨┤╨╡╨╗╨╡╨╜╨╕╤П "LanguageLevel", ╨╕ ╨╜╨╡ ╤Г╨┤╨░╨╗╨╛╤Б╤М ╨╜╨░╨╣╤В╨╕ ╨┤╨╛╤Б╤В╤Г╨┐╨╜╤Л╨╣ ╨╝╨╡╤В╨╛╨┤ ╤А╨░╤Б╤И╨╕╤А╨╡╨╜╨╕╤П "LanguageLevel", ╨┐╤А╨╕╨╜╨╕╨╝╨░╤О╤Й╨╕╨╣ ╤В╨╕╨┐ "Test" ╨▓ ╨║╨░╤З╨╡╤Б╤В╨▓╨╡ ╨┐╨╡╤А╨▓╨╛╨│╨╛ ╨░╤А╨│╤Г╨╝╨╡╨╜╤В╨░ (╨▓╨╛╨╖╨╝╨╛╨╢╨╜╨╛, ╨┐╤А╨╛╨┐╤Г╤Й╨╡╨╜╨░ ╨┤╨╕╤А╨╡╨║╤В╨╕╨▓╨░ using ╨╕╨╗╨╕ ╤Б╤Б╤Л╨╗╨║╨░ ╨╜╨░ ╤Б╨▒╨╛╤А╨║╤Г). [C:\Users\user\OneDrive\╨а╨░╨▒╨╛╤З╨╕╨╣ ╤Б╤В╨╛╨╗\regi\WebApplication15\WebApplication15.csproj]
C:\Users\user\OneDrive\╨а╨░╨▒╨╛╤З╨╕╨╣ ╤Б╤В╨╛╨╗\regi\WebApplication15\Views\Test\MyResults.cshtml(46,70): error CS1061: "Test" ╨╜╨╡ ╤Б╨╛╨┤╨╡╤А╨╢╨╕╤В ╨╛╨┐╤А╨╡╨┤╨╡╨╗╨╡╨╜╨╕╤П "LanguageLevel", ╨╕ ╨╜╨╡ ╤Г╨┤╨░╨╗╨╛╤Б╤М ╨╜╨░╨╣╤В╨╕ ╨┤╨╛╤Б╤В╤Г╨┐╨╜╤Л╨╣ ╨╝╨╡╤В╨╛╨┤ ╤А╨░╤Б╤И╨╕╤А╨╡╨╜╨╕╤П "LanguageLevel", ╨┐╤А╨╕╨╜╨╕╨╝╨░╤О╤Й╨╕╨╣ ╤В╨╕╨┐ "Test" ╨▓ ╨║╨░╤З╨╡╤Б╤В╨▓╨╡ ╨┐╨╡╤А╨▓╨╛╨│╨╛ ╨░╤А╨│╤Г╨╝╨╡╨╜╤В╨░ (╨▓╨╛╨╖╨╝╨╛╨╢╨╜╨╛, ╨┐╤А╨╛╨┐╤Г╤Й╨╡╨╜╨░ ╨┤╨╕╤А╨╡╨║╤В╨╕╨▓╨░ using ╨╕╨╗╨╕ ╤Б╤Б╤Л╨╗╨║╨░ ╨╜╨░ ╤Б╨▒╨╛╤А╨║╤Г). [C:\Users\user\OneDrive\╨а╨░╨▒╨╛╤З╨╕╨╣ ╤Б╤В╨╛╨╗\regi\WebApplication15\WebApplication15.csproj]
C:\Users\user\OneDrive\╨а╨░╨▒╨╛╤З╨╕╨╣ ╤Б╤В╨╛╨╗\regi\WebApplication15\Views\Test\MyResults.cshtml(51,62): error CS1061: "Test" ╨╜╨╡ ╤Б╨╛╨┤╨╡╤А╨╢╨╕╤В ╨╛╨┐╤А╨╡╨┤╨╡╨╗╨╡╨╜╨╕╤П "LanguageLevel", ╨╕ ╨╜╨╡ ╤Г╨┤╨░╨╗╨╛╤Б╤М ╨╜╨░╨╣╤В╨╕ ╨┤╨╛╤Б╤В╤Г╨┐╨╜╤Л╨╣ ╨╝╨╡╤В╨╛╨┤ ╤А╨░╤Б╤И╨╕╤А╨╡╨╜╨╕╤П "LanguageLevel", ╨┐╤А╨╕╨╜╨╕╨╝╨░╤О╤Й╨╕╨╣ ╤В╨╕╨┐ "Test" ╨▓ ╨║╨░╤З╨╡╤Б╤В╨▓╨╡ ╨┐╨╡╤А╨▓╨╛╨│╨╛ ╨░╤А╨│╤Г╨╝╨╡╨╜╤В╨░ (╨▓╨╛╨╖╨╝╨╛╨╢╨╜╨╛, ╨┐╤А╨╛╨┐╤Г╤Й╨╡╨╜╨░ ╨┤╨╕╤А╨╡╨║╤В╨╕╨▓╨░ using ╨╕╨╗╨╕ ╤Б╤Б╤Л╨╗╨║╨░ ╨╜╨░ ╤Б╨▒╨╛╤А╨║╤Г). [C:\Users\user\OneDrive\╨а╨░╨▒╨╛╤З╨╕╨╣ ╤Б╤В╨╛╨╗\regi\WebApplication15\WebApplication15.csproj]
C:\Users\user\OneDrive\╨а╨░╨▒╨╛╤З╨╕╨╣ ╤Б╤В╨╛╨╗\regi\WebApplication15\Views\Test\MyResults.cshtml(66,57): error CS1061: "TestResult" ╨╜╨╡ ╤Б╨╛╨┤╨╡╤А╨╢╨╕╤В ╨╛╨┐╤А╨╡╨┤╨╡╨╗╨╡╨╜╨╕╤П "CompletedDate", ╨╕ ╨╜╨╡ ╤Г╨┤╨░╨╗╨╛╤Б╤М ╨╜╨░╨╣╤В╨╕ ╨┤╨╛╤Б╤В╤Г╨┐╨╜╤Л╨╣ ╨╝╨╡╤В╨╛╨┤ ╤А╨░╤Б╤И╨╕╤А╨╡╨╜╨╕╤П "CompletedDate", ╨┐╤А╨╕╨╜╨╕╨╝╨░╤О╤Й╨╕╨╣ ╤В╨╕╨┐ "TestResult" ╨▓ ╨║╨░╤З╨╡╤Б╤В╨▓╨╡ ╨┐╨╡╤А╨▓╨╛╨│╨╛ ╨░╤А╨│╤Г╨╝╨╡╨╜╤В╨░ (╨▓╨╛╨╖╨╝╨╛╨╢╨╜╨╛, ╨┐╤А╨╛╨┐╤Г╤Й╨╡╨╜╨░ ╨┤╨╕╤А╨╡╨║╤В╨╕╨▓╨░ using ╨╕╨╗╨╕ ╤Б╤Б╤Л╨╗╨║╨░ ╨╜╨░ ╤Б╨▒╨╛╤А╨║╤Г). [C:\Users\user\OneDrive\╨а╨░╨▒╨╛╤З╨╕╨╣ ╤Б╤В╨╛╨╗\regi\WebApplication15\WebApplication15.csproj]
C:\Users\user\OneDrive\╨а╨░╨▒╨╛╤З╨╕╨╣ ╤Б╤В╨╛╨╗\regi\WebApplication15\Services\LanguageService.cs(78,31): error CS1061: "Test" ╨╜╨╡ ╤Б╨╛╨┤╨╡╤А╨╢╨╕╤В ╨╛╨┐╤А╨╡╨┤╨╡╨╗╨╡╨╜╨╕╤П "LanguageLevelId", ╨╕ ╨╜╨╡ ╤Г╨┤╨░╨╗╨╛╤Б╤М ╨╜╨░╨╣╤В╨╕ ╨┤╨╛╤Б╤В╤Г╨┐╨╜╤Л╨╣ ╨╝╨╡╤В╨╛╨┤ ╤А╨░╤Б╤И╨╕╤А╨╡╨╜╨╕╤П "LanguageLevelId", ╨┐╤А╨╕╨╜╨╕╨╝╨░╤О╤Й╨╕╨╣ ╤В╨╕╨┐ "Test" ╨▓ ╨║╨░╤З╨╡╤Б╤В╨▓╨╡ ╨┐╨╡╤А╨▓╨╛╨│╨╛ ╨░╤А╨│╤Г╨╝╨╡╨╜╤В╨░ (╨▓╨╛╨╖╨╝╨╛╨╢╨╜╨╛, ╨┐╤А╨╛╨┐╤Г╤Й╨╡╨╜╨░ ╨┤╨╕╤А╨╡╨║╤В╨╕╨▓╨░ using ╨╕╨╗╨╕ ╤Б╤Б╤Л╨╗╨║╨░ ╨╜╨░ ╤Б╨▒╨╛╤А╨║╤Г). [C:\Users\user\OneDrive\╨а╨░╨▒╨╛╤З╨╕╨╣ ╤Б╤В╨╛╨╗\regi\WebApplication15\WebApplication15.csproj]
C:\Users\user\OneDrive\╨а╨░╨▒╨╛╤З╨╕╨╣ ╤Б╤В╨╛╨╗\regi\WebApplication15\Services\TestService.cs(86,44): error CS1061: "Question" ╨╜╨╡ ╤Б╨╛╨┤╨╡╤А╨╢╨╕╤В ╨╛╨┐╤А╨╡╨┤╨╡╨╗╨╡╨╜╨╕╤П "CorrectAnswer", ╨╕ ╨╜╨╡ ╤Г╨┤╨░╨╗╨╛╤Б╤М ╨╜╨░╨╣╤В╨╕ ╨┤╨╛╤Б╤В╤Г╨┐╨╜╤Л╨╣ ╨╝╨╡╤В╨╛╨┤ ╤А╨░╤Б╤И╨╕╤А╨╡╨╜╨╕╤П "CorrectAnswer", ╨┐╤А╨╕╨╜╨╕╨╝╨░╤О╤Й╨╕╨╣ ╤В╨╕╨┐ "Question" ╨▓ ╨║╨░╤З╨╡╤Б╤В╨▓╨╡ ╨┐╨╡╤А╨▓╨╛╨│╨╛ ╨░╤А╨│╤Г╨╝╨╡╨╜╤В╨░ (╨▓╨╛╨╖╨╝╨╛╨╢╨╜╨╛, ╨┐╤А╨╛╨┐╤Г╤Й╨╡╨╜╨░ ╨┤╨╕╤А╨╡╨║╤В╨╕╨▓╨░ using ╨╕╨╗╨╕ ╤Б╤Б╤Л╨╗╨║╨░ ╨╜╨░ ╤Б╨▒╨╛╤А╨║╤Г). [C:\Users\user\OneDrive\╨а╨░╨▒╨╛╤З╨╕╨╣ ╤Б╤В╨╛╨╗\regi\WebApplication15\WebApplication15.csproj]
C:\Users\user\OneDrive\╨а╨░╨▒╨╛╤З╨╕╨╣ ╤Б╤В╨╛╨╗\regi\WebApplication15\Services\TestService.cs(99,17): error CS0117: "TestResult" ╨╜╨╡ ╤Б╨╛╨┤╨╡╤А╨╢╨╕╤В ╨╛╨┐╤А╨╡╨┤╨╡╨╗╨╡╨╜╨╕╨╡ ╨┤╨╗╤П "CompletedDate". [C:\Users\user\OneDrive\╨а╨░╨▒╨╛╤З╨╕╨╣ ╤Б╤В╨╛╨╗\regi\WebApplication15\WebApplication15.csproj]
C:\Users\user\OneDrive\╨а╨░╨▒╨╛╤З╨╕╨╣ ╤Б╤В╨╛╨╗\regi\WebApplication15\Services\TestDataService.cs(19,49): error CS1061: "ApplicationDbContext" ╨╜╨╡ ╤Б╨╛╨┤╨╡╤А╨╢╨╕╤В ╨╛╨┐╤А╨╡╨┤╨╡╨╗╨╡╨╜╨╕╤П "LanguageLevels", ╨╕ ╨╜╨╡ ╤Г╨┤╨░╨╗╨╛╤Б╤М ╨╜╨░╨╣╤В╨╕ ╨┤╨╛╤Б╤В╤Г╨┐╨╜╤Л╨╣ ╨╝╨╡╤В╨╛╨┤ ╤А╨░╤Б╤И╨╕╤А╨╡╨╜╨╕╤П "LanguageLevels", ╨┐╤А╨╕╨╜╨╕╨╝╨░╤О╤Й╨╕╨╣ ╤В╨╕╨┐ "ApplicationDbContext" ╨▓ ╨║╨░╤З╨╡╤Б╤В╨▓╨╡ ╨┐╨╡╤А╨▓╨╛╨│╨╛ ╨░╤А╨│╤Г╨╝╨╡╨╜╤В╨░ (╨▓╨╛╨╖╨╝╨╛╨╢╨╜╨╛, ╨┐╤А╨╛╨┐╤Г╤Й╨╡╨╜╨░ ╨┤╨╕╤А╨╡╨║╤В╨╕╨▓╨░ using ╨╕╨╗╨╕ ╤Б╤Б╤Л╨╗╨║╨░ ╨╜╨░ ╤Б╨▒╨╛╤А╨║╤Г). [C:\Users\user\OneDrive\╨а╨░╨▒╨╛╤З╨╕╨╣ ╤Б╤В╨╛╨╗\regi\WebApplication15\WebApplication15.csproj]
C:\Users\user\OneDrive\╨а╨░╨▒╨╛╤З╨╕╨╣ ╤Б╤В╨╛╨╗\regi\WebApplication15\Services\LanguageService.cs(86,31): error CS1061: "Video" ╨╜╨╡ ╤Б╨╛╨┤╨╡╤А╨╢╨╕╤В ╨╛╨┐╤А╨╡╨┤╨╡╨╗╨╡╨╜╨╕╤П "LanguageLevelId", ╨╕ ╨╜╨╡ ╤Г╨┤╨░╨╗╨╛╤Б╤М ╨╜╨░╨╣╤В╨╕ ╨┤╨╛╤Б╤В╤Г╨┐╨╜╤Л╨╣ ╨╝╨╡╤В╨╛╨┤ ╤А╨░╤Б╤И╨╕╤А╨╡╨╜╨╕╤П "LanguageLevelId", ╨┐╤А╨╕╨╜╨╕╨╝╨░╤О╤Й╨╕╨╣ ╤В╨╕╨┐ "Video" ╨▓ ╨║╨░╤З╨╡╤Б╤В╨▓╨╡ ╨┐╨╡╤А╨▓╨╛╨│╨╛ ╨░╤А╨│╤Г╨╝╨╡╨╜╤В╨░ (╨▓╨╛╨╖╨╝╨╛╨╢╨╜╨╛, ╨┐╤А╨╛╨┐╤Г╤Й╨╡╨╜╨░ ╨┤╨╕╤А╨╡╨║╤В╨╕╨▓╨░ using ╨╕╨╗╨╕ ╤Б╤Б╤Л╨╗╨║╨░ ╨╜╨░ ╤Б╨▒╨╛╤А╨║╤Г). [C:\Users\user\OneDrive\╨а╨░╨▒╨╛╤З╨╕╨╣ ╤Б╤В╨╛╨╗\regi\WebApplication15\WebApplication15.csproj]
C:\Users\user\OneDrive\╨а╨░╨▒╨╛╤З╨╕╨╣ ╤Б╤В╨╛╨╗\regi\WebApplication15\Services\TestService.cs(120,41): error CS1061: "Test" ╨╜╨╡ ╤Б╨╛╨┤╨╡╤А╨╢╨╕╤В ╨╛╨┐╤А╨╡╨┤╨╡╨╗╨╡╨╜╨╕╤П "LanguageLevel", ╨╕ ╨╜╨╡ ╤Г╨┤╨░╨╗╨╛╤Б╤М ╨╜╨░╨╣╤В╨╕ ╨┤╨╛╤Б╤В╤Г╨┐╨╜╤Л╨╣ ╨╝╨╡╤В╨╛╨┤ ╤А╨░╤Б╤И╨╕╤А╨╡╨╜╨╕╤П "LanguageLevel", ╨┐╤А╨╕╨╜╨╕╨╝╨░╤О╤Й╨╕╨╣ ╤В╨╕╨┐ "Test" ╨▓ ╨║╨░╤З╨╡╤Б╤В╨▓╨╡ ╨┐╨╡╤А╨▓╨╛╨│╨╛ ╨░╤А╨│╤Г╨╝╨╡╨╜╤В╨░ (╨▓╨╛╨╖╨╝╨╛╨╢╨╜╨╛, ╨┐╤А╨╛╨┐╤Г╤Й╨╡╨╜╨░ ╨┤╨╕╤А╨╡╨║╤В╨╕╨▓╨░ using ╨╕╨╗╨╕ ╤Б╤Б╤Л╨╗╨║╨░ ╨╜╨░ ╤Б╨▒╨╛╤А╨║╤Г). [C:\Users\user\OneDrive\╨а╨░╨▒╨╛╤З╨╕╨╣ ╤Б╤В╨╛╨╗\regi\WebApplication15\WebApplication15.csproj]
C:\Users\user\OneDrive\╨а╨░╨▒╨╛╤З╨╕╨╣ ╤Б╤В╨╛╨╗\regi\WebApplication15\Views\Test\Results.cshtml(187,63): error CS1061: "TestResult" ╨╜╨╡ ╤Б╨╛╨┤╨╡╤А╨╢╨╕╤В ╨╛╨┐╤А╨╡╨┤╨╡╨╗╨╡╨╜╨╕╤П "CompletedDate", ╨╕ ╨╜╨╡ ╤Г╨┤╨░╨╗╨╛╤Б╤М ╨╜╨░╨╣╤В╨╕ ╨┤╨╛╤Б╤В╤Г╨┐╨╜╤Л╨╣ ╨╝╨╡╤В╨╛╨┤ ╤А╨░╤Б╤И╨╕╤А╨╡╨╜╨╕╤П "CompletedDate", ╨┐╤А╨╕╨╜╨╕╨╝╨░╤О╤Й╨╕╨╣ ╤В╨╕╨┐ "TestResult" ╨▓ ╨║╨░╤З╨╡╤Б╤В╨▓╨╡ ╨┐╨╡╤А╨▓╨╛╨│╨╛ ╨░╤А╨│╤Г╨╝╨╡╨╜╤В╨░ (╨▓╨╛╨╖╨╝╨╛╨╢╨╜╨╛, ╨┐╤А╨╛╨┐╤Г╤Й╨╡╨╜╨░ ╨┤╨╕╤А╨╡╨║╤В╨╕╨▓╨░ using ╨╕╨╗╨╕ ╤Б╤Б╤Л╨╗╨║╨░ ╨╜╨░ ╤Б╨▒╨╛╤А╨║╤Г). [C:\Users\user\OneDrive\╨а╨░╨▒╨╛╤З╨╕╨╣ ╤Б╤В╨╛╨╗\regi\WebApplication15\WebApplication15.csproj]
C:\Users\user\OneDrive\╨а╨░╨▒╨╛╤З╨╕╨╣ ╤Б╤В╨╛╨╗\regi\WebApplication15\Views\Test\Results.cshtml(196,76): error CS1061: "Test" ╨╜╨╡ ╤Б╨╛╨┤╨╡╤А╨╢╨╕╤В ╨╛╨┐╤А╨╡╨┤╨╡╨╗╨╡╨╜╨╕╤П "LanguageLevel", ╨╕ ╨╜╨╡ ╤Г╨┤╨░╨╗╨╛╤Б╤М ╨╜╨░╨╣╤В╨╕ ╨┤╨╛╤Б╤В╤Г╨┐╨╜╤Л╨╣ ╨╝╨╡╤В╨╛╨┤ ╤А╨░╤Б╤И╨╕╤А╨╡╨╜╨╕╤П "LanguageLevel", ╨┐╤А╨╕╨╜╨╕╨╝╨░╤О╤Й╨╕╨╣ ╤В╨╕╨┐ "Test" ╨▓ ╨║╨░╤З╨╡╤Б╤В╨▓╨╡ ╨┐╨╡╤А╨▓╨╛╨│╨╛ ╨░╤А╨│╤Г╨╝╨╡╨╜╤В╨░ (╨▓╨╛╨╖╨╝╨╛╨╢╨╜╨╛, ╨┐╤А╨╛╨┐╤Г╤Й╨╡╨╜╨░ ╨┤╨╕╤А╨╡╨║╤В╨╕╨▓╨░ using ╨╕╨╗╨╕ ╤Б╤Б╤Л╨╗╨║╨░ ╨╜╨░ ╤Б╨▒╨╛╤А╨║╤Г). [C:\Users\user\OneDrive\╨а╨░╨▒╨╛╤З╨╕╨╣ ╤Б╤В╨╛╨╗\regi\WebApplication15\WebApplication15.csproj]
C:\Users\user\OneDrive\╨а╨░╨▒╨╛╤З╨╕╨╣ ╤Б╤В╨╛╨╗\regi\WebApplication15\Views\Test\Results.cshtml(200,76): error CS1061: "Test" ╨╜╨╡ ╤Б╨╛╨┤╨╡╤А╨╢╨╕╤В ╨╛╨┐╤А╨╡╨┤╨╡╨╗╨╡╨╜╨╕╤П "LanguageLevel", ╨╕ ╨╜╨╡ ╤Г╨┤╨░╨╗╨╛╤Б╤М ╨╜╨░╨╣╤В╨╕ ╨┤╨╛╤Б╤В╤Г╨┐╨╜╤Л╨╣ ╨╝╨╡╤В╨╛╨┤ ╤А╨░╤Б╤И╨╕╤А╨╡╨╜╨╕╤П "LanguageLevel", ╨┐╤А╨╕╨╜╨╕╨╝╨░╤О╤Й╨╕╨╣ ╤В╨╕╨┐ "Test" ╨▓ ╨║╨░╤З╨╡╤Б╤В╨▓╨╡ ╨┐╨╡╤А╨▓╨╛╨│╨╛ ╨░╤А╨│╤Г╨╝╨╡╨╜╤В╨░ (╨▓╨╛╨╖╨╝╨╛╨╢╨╜╨╛, ╨┐╤А╨╛╨┐╤Г╤Й╨╡╨╜╨░ ╨┤╨╕╤А╨╡╨║╤В╨╕╨▓╨░ using ╨╕╨╗╨╕ ╤Б╤Б╤Л╨╗╨║╨░ ╨╜╨░ ╤Б╨▒╨╛╤А╨║╤Г). [C:\Users\user\OneDrive\╨а╨░╨▒╨╛╤З╨╕╨╣ ╤Б╤В╨╛╨╗\regi\WebApplication15\WebApplication15.csproj]
C:\Users\user\OneDrive\╨а╨░╨▒╨╛╤З╨╕╨╣ ╤Б╤В╨╛╨╗\regi\WebApplication15\Services\TestService.cs(132,49): error CS1061: "Test" ╨╜╨╡ ╤Б╨╛╨┤╨╡╤А╨╢╨╕╤В ╨╛╨┐╤А╨╡╨┤╨╡╨╗╨╡╨╜╨╕╤П "LanguageLevel", ╨╕ ╨╜╨╡ ╤Г╨┤╨░╨╗╨╛╤Б╤М ╨╜╨░╨╣╤В╨╕ ╨┤╨╛╤Б╤В╤Г╨┐╨╜╤Л╨╣ ╨╝╨╡╤В╨╛╨┤ ╤А╨░╤Б╤И╨╕╤А╨╡╨╜╨╕╤П "LanguageLevel", ╨┐╤А╨╕╨╜╨╕╨╝╨░╤О╤Й╨╕╨╣ ╤В╨╕╨┐ "Test" ╨▓ ╨║╨░╤З╨╡╤Б╤В╨▓╨╡ ╨┐╨╡╤А╨▓╨╛╨│╨╛ ╨░╤А╨│╤Г╨╝╨╡╨╜╤В╨░ (╨▓╨╛╨╖╨╝╨╛╨╢╨╜╨╛, ╨┐╤А╨╛╨┐╤Г╤Й╨╡╨╜╨░ ╨┤╨╕╤А╨╡╨║╤В╨╕╨▓╨░ using ╨╕╨╗╨╕ ╤Б╤Б╤Л╨╗╨║╨░ ╨╜╨░ ╤Б╨▒╨╛╤А╨║╤Г). [C:\Users\user\OneDrive\╨а╨░╨▒╨╛╤З╨╕╨╣ ╤Б╤В╨╛╨╗\regi\WebApplication15\WebApplication15.csproj]
C:\Users\user\OneDrive\╨а╨░╨▒╨╛╤З╨╕╨╣ ╤Б╤В╨╛╨╗\regi\WebApplication15\Services\TestService.cs(144,29): error CS1061: "Question" ╨╜╨╡ ╤Б╨╛╨┤╨╡╤А╨╢╨╕╤В ╨╛╨┐╤А╨╡╨┤╨╡╨╗╨╡╨╜╨╕╤П "CorrectAnswer", ╨╕ ╨╜╨╡ ╤Г╨┤╨░╨╗╨╛╤Б╤М ╨╜╨░╨╣╤В╨╕ ╨┤╨╛╤Б╤В╤Г╨┐╨╜╤Л╨╣ ╨╝╨╡╤В╨╛╨┤ ╤А╨░╤Б╤И╨╕╤А╨╡╨╜╨╕╤П "CorrectAnswer", ╨┐╤А╨╕╨╜╨╕╨╝╨░╤О╤Й╨╕╨╣ ╤В╨╕╨┐ "Question" ╨▓ ╨║╨░╤З╨╡╤Б╤В╨▓╨╡ ╨┐╨╡╤А╨▓╨╛╨│╨╛ ╨░╤А╨│╤Г╨╝╨╡╨╜╤В╨░ (╨▓╨╛╨╖╨╝╨╛╨╢╨╜╨╛, ╨┐╤А╨╛╨┐╤Г╤Й╨╡╨╜╨░ ╨┤╨╕╤А╨╡╨║╤В╨╕╨▓╨░ using ╨╕╨╗╨╕ ╤Б╤Б╤Л╨╗╨║╨░ ╨╜╨░ ╤Б╨▒╨╛╤А╨║╤Г). [C:\Users\user\OneDrive\╨а╨░╨▒╨╛╤З╨╕╨╣ ╤Б╤В╨╛╨╗\regi\WebApplication15\WebApplication15.csproj]
C:\Users\user\OneDrive\╨а╨░╨▒╨╛╤З╨╕╨╣ ╤Б╤В╨╛╨╗\regi\WebApplication15\Views\Test\Index.cshtml(31,72): error CS1061: "Test" ╨╜╨╡ ╤Б╨╛╨┤╨╡╤А╨╢╨╕╤В ╨╛╨┐╤А╨╡╨┤╨╡╨╗╨╡╨╜╨╕╤П "LanguageLevel", ╨╕ ╨╜╨╡ ╤Г╨┤╨░╨╗╨╛╤Б╤М ╨╜╨░╨╣╤В╨╕ ╨┤╨╛╤Б╤В╤Г╨┐╨╜╤Л╨╣ ╨╝╨╡╤В╨╛╨┤ ╤А╨░╤Б╤И╨╕╤А╨╡╨╜╨╕╤П "LanguageLevel", ╨┐╤А╨╕╨╜╨╕╨╝╨░╤О╤Й╨╕╨╣ ╤В╨╕╨┐ "Test" ╨▓ ╨║╨░╤З╨╡╤Б╤В╨▓╨╡ ╨┐╨╡╤А╨▓╨╛╨│╨╛ ╨░╤А╨│╤Г╨╝╨╡╨╜╤В╨░ (╨▓╨╛╨╖╨╝╨╛╨╢╨╜╨╛, ╨┐╤А╨╛╨┐╤Г╤Й╨╡╨╜╨░ ╨┤╨╕╤А╨╡╨║╤В╨╕╨▓╨░ using ╨╕╨╗╨╕ ╤Б╤Б╤Л╨╗╨║╨░ ╨╜╨░ ╤Б╨▒╨╛╤А╨║╤Г). [C:\Users\user\OneDrive\╨а╨░╨▒╨╛╤З╨╕╨╣ ╤Б╤В╨╛╨╗\regi\WebApplication15\WebApplication15.csproj]
C:\Users\user\OneDrive\╨а╨░╨▒╨╛╤З╨╕╨╣ ╤Б╤В╨╛╨╗\regi\WebApplication15\Views\Test\Index.cshtml(129,112): error CS1061: "Test" ╨╜╨╡ ╤Б╨╛╨┤╨╡╤А╨╢╨╕╤В ╨╛╨┐╤А╨╡╨┤╨╡╨╗╨╡╨╜╨╕╤П "LanguageLevel", ╨╕ ╨╜╨╡ ╤Г╨┤╨░╨╗╨╛╤Б╤М ╨╜╨░╨╣╤В╨╕ ╨┤╨╛╤Б╤В╤Г╨┐╨╜╤Л╨╣ ╨╝╨╡╤В╨╛╨┤ ╤А╨░╤Б╤И╨╕╤А╨╡╨╜╨╕╤П "LanguageLevel", ╨┐╤А╨╕╨╜╨╕╨╝╨░╤О╤Й╨╕╨╣ ╤В╨╕╨┐ "Test" ╨▓ ╨║╨░╤З╨╡╤Б╤В╨▓╨╡ ╨┐╨╡╤А╨▓╨╛╨│╨╛ ╨░╤А╨│╤Г╨╝╨╡╨╜╤В╨░ (╨▓╨╛╨╖╨╝╨╛╨╢╨╜╨╛, ╨┐╤А╨╛╨┐╤Г╤Й╨╡╨╜╨░ ╨┤╨╕╤А╨╡╨║╤В╨╕╨▓╨░ using ╨╕╨╗╨╕ ╤Б╤Б╤Л╨╗╨║╨░ ╨╜╨░ ╤Б╨▒╨╛╤А╨║╤Г). [C:\Users\user\OneDrive\╨а╨░╨▒╨╛╤З╨╕╨╣ ╤Б╤В╨╛╨╗\regi\WebApplication15\WebApplication15.csproj]
C:\Users\user\OneDrive\╨а╨░╨▒╨╛╤З╨╕╨╣ ╤Б╤В╨╛╨╗\regi\WebApplication15\Views\Test\Index.cshtml(129,164): error CS1061: "Test" ╨╜╨╡ ╤Б╨╛╨┤╨╡╤А╨╢╨╕╤В ╨╛╨┐╤А╨╡╨┤╨╡╨╗╨╡╨╜╨╕╤П "LanguageLevel", ╨╕ ╨╜╨╡ ╤Г╨┤╨░╨╗╨╛╤Б╤М ╨╜╨░╨╣╤В╨╕ ╨┤╨╛╤Б╤В╤Г╨┐╨╜╤Л╨╣ ╨╝╨╡╤В╨╛╨┤ ╤А╨░╤Б╤И╨╕╤А╨╡╨╜╨╕╤П "LanguageLevel", ╨┐╤А╨╕╨╜╨╕╨╝╨░╤О╤Й╨╕╨╣ ╤В╨╕╨┐ "Test" ╨▓ ╨║╨░╤З╨╡╤Б╤В╨▓╨╡ ╨┐╨╡╤А╨▓╨╛╨│╨╛ ╨░╤А╨│╤Г╨╝╨╡╨╜╤В╨░ (╨▓╨╛╨╖╨╝╨╛╨╢╨╜╨╛, ╨┐╤А╨╛╨┐╤Г╤Й╨╡╨╜╨░ ╨┤╨╕╤А╨╡╨║╤В╨╕╨▓╨░ using ╨╕╨╗╨╕ ╤Б╤Б╤Л╨╗╨║╨░ ╨╜╨░ ╤Б╨▒╨╛╤А╨║╤Г). [C:\Users\user\OneDrive\╨а╨░╨▒╨╛╤З╨╕╨╣ ╤Б╤В╨╛╨╗\regi\WebApplication15\WebApplication15.csproj]
C:\Users\user\OneDrive\╨а╨░╨▒╨╛╤З╨╕╨╣ ╤Б╤В╨╛╨╗\regi\WebApplication15\Views\Test\Index.cshtml(134,67): error CS1061: "Test" ╨╜╨╡ ╤Б╨╛╨┤╨╡╤А╨╢╨╕╤В ╨╛╨┐╤А╨╡╨┤╨╡╨╗╨╡╨╜╨╕╤П "LanguageLevel", ╨╕ ╨╜╨╡ ╤Г╨┤╨░╨╗╨╛╤Б╤М ╨╜╨░╨╣╤В╨╕ ╨┤╨╛╤Б╤В╤Г╨┐╨╜╤Л╨╣ ╨╝╨╡╤В╨╛╨┤ ╤А╨░╤Б╤И╨╕╤А╨╡╨╜╨╕╤П "LanguageLevel", ╨┐╤А╨╕╨╜╨╕╨╝╨░╤О╤Й╨╕╨╣ ╤В╨╕╨┐ "Test" ╨▓ ╨║╨░╤З╨╡╤Б╤В╨▓╨╡ ╨┐╨╡╤А╨▓╨╛╨│╨╛ ╨░╤А╨│╤Г╨╝╨╡╨╜╤В╨░ (╨▓╨╛╨╖╨╝╨╛╨╢╨╜╨╛, ╨┐╤А╨╛╨┐╤Г╤Й╨╡╨╜╨░ ╨┤╨╕╤А╨╡╨║╤В╨╕╨▓╨░ using ╨╕╨╗╨╕ ╤Б╤Б╤Л╨╗╨║╨░ ╨╜╨░ ╤Б╨▒╨╛╤А╨║╤Г). [C:\Users\user\OneDrive\╨а╨░╨▒╨╛╤З╨╕╨╣ ╤Б╤В╨╛╨╗\regi\WebApplication15\WebApplication15.csproj]
C:\Users\user\OneDrive\╨а╨░╨▒╨╛╤З╨╕╨╣ ╤Б╤В╨╛╨╗\regi\WebApplication15\Views\Test\Index.cshtml(195,71): error CS1061: "Test" ╨╜╨╡ ╤Б╨╛╨┤╨╡╤А╨╢╨╕╤В ╨╛╨┐╤А╨╡╨┤╨╡╨╗╨╡╨╜╨╕╤П "LanguageLevel", ╨╕ ╨╜╨╡ ╤Г╨┤╨░╨╗╨╛╤Б╤М ╨╜╨░╨╣╤В╨╕ ╨┤╨╛╤Б╤В╤Г╨┐╨╜╤Л╨╣ ╨╝╨╡╤В╨╛╨┤ ╤А╨░╤Б╤И╨╕╤А╨╡╨╜╨╕╤П "LanguageLevel", ╨┐╤А╨╕╨╜╨╕╨╝╨░╤О╤Й╨╕╨╣ ╤В╨╕╨┐ "Test" ╨▓ ╨║╨░╤З╨╡╤Б╤В╨▓╨╡ ╨┐╨╡╤А╨▓╨╛╨│╨╛ ╨░╤А╨│╤Г╨╝╨╡╨╜╤В╨░ (╨▓╨╛╨╖╨╝╨╛╨╢╨╜╨╛, ╨┐╤А╨╛╨┐╤Г╤Й╨╡╨╜╨░ ╨┤╨╕╤А╨╡╨║╤В╨╕╨▓╨░ using ╨╕╨╗╨╕ ╤Б╤Б╤Л╨╗╨║╨░ ╨╜╨░ ╤Б╨▒╨╛╤А╨║╤Г). [C:\Users\user\OneDrive\╨а╨░╨▒╨╛╤З╨╕╨╣ ╤Б╤В╨╛╨╗\regi\WebApplication15\WebApplication15.csproj]
C:\Users\user\OneDrive\╨а╨░╨▒╨╛╤З╨╕╨╣ ╤Б╤В╨╛╨╗\regi\WebApplication15\Views\Video\ByLevel.cshtml(103,66): error CS1061: "Video" ╨╜╨╡ ╤Б╨╛╨┤╨╡╤А╨╢╨╕╤В ╨╛╨┐╤А╨╡╨┤╨╡╨╗╨╡╨╜╨╕╤П "LanguageLevel", ╨╕ ╨╜╨╡ ╤Г╨┤╨░╨╗╨╛╤Б╤М ╨╜╨░╨╣╤В╨╕ ╨┤╨╛╤Б╤В╤Г╨┐╨╜╤Л╨╣ ╨╝╨╡╤В╨╛╨┤ ╤А╨░╤Б╤И╨╕╤А╨╡╨╜╨╕╤П "LanguageLevel", ╨┐╤А╨╕╨╜╨╕╨╝╨░╤О╤Й╨╕╨╣ ╤В╨╕╨┐ "Video" ╨▓ ╨║╨░╤З╨╡╤Б╤В╨▓╨╡ ╨┐╨╡╤А╨▓╨╛╨│╨╛ ╨░╤А╨│╤Г╨╝╨╡╨╜╤В╨░ (╨▓╨╛╨╖╨╝╨╛╨╢╨╜╨╛, ╨┐╤А╨╛╨┐╤Г╤Й╨╡╨╜╨░ ╨┤╨╕╤А╨╡╨║╤В╨╕╨▓╨░ using ╨╕╨╗╨╕ ╤Б╤Б╤Л╨╗╨║╨░ ╨╜╨░ ╤Б╨▒╨╛╤А╨║╤Г). [C:\Users\user\OneDrive\╨а╨░╨▒╨╛╤З╨╕╨╣ ╤Б╤В╨╛╨╗\regi\WebApplication15\WebApplication15.csproj]
C:\Users\user\OneDrive\╨а╨░╨▒╨╛╤З╨╕╨╣ ╤Б╤В╨╛╨╗\regi\WebApplication15\Views\Video\ByLevel.cshtml(72,46): warning CS8602: ╨а╨░╨╖╤Л╨╝╨╡╨╜╨╛╨▓╨░╨╜╨╕╨╡ ╨▓╨╡╤А╨╛╤П╤В╨╜╨╛╨╣ ╨┐╤Г╤Б╤В╨╛╨╣ ╤Б╤Б╤Л╨╗╨║╨╕. [C:\Users\user\OneDrive\╨а╨░╨▒╨╛╤З╨╕╨╣ ╤Б╤В╨╛╨╗\regi\WebApplication15\WebApplication15.csproj]
C:\Users\user\OneDrive\╨а╨░╨▒╨╛╤З╨╕╨╣ ╤Б╤В╨╛╨╗\regi\WebApplication15\Services\TestDataService.cs(51,21): error CS0117: "Test" ╨╜╨╡ ╤Б╨╛╨┤╨╡╤А╨╢╨╕╤В ╨╛╨┐╤А╨╡╨┤╨╡╨╗╨╡╨╜╨╕╨╡ ╨┤╨╗╤П "LanguageLevelId". [C:\Users\user\OneDrive\╨а╨░╨▒╨╛╤З╨╕╨╣ ╤Б╤В╨╛╨╗\regi\WebApplication15\WebApplication15.csproj]
C:\Users\user\OneDrive\╨а╨░╨▒╨╛╤З╨╕╨╣ ╤Б╤В╨╛╨╗\regi\WebApplication15\Services\TestDataService.cs(58,29): error CS0117: "Question" ╨╜╨╡ ╤Б╨╛╨┤╨╡╤А╨╢╨╕╤В ╨╛╨┐╤А╨╡╨┤╨╡╨╗╨╡╨╜╨╕╨╡ ╨┤╨╗╤П "Options". [C:\Users\user\OneDrive\╨а╨░╨▒╨╛╤З╨╕╨╣ ╤Б╤В╨╛╨╗\regi\WebApplication15\WebApplication15.csproj]
C:\Users\user\OneDrive\╨а╨░╨▒╨╛╤З╨╕╨╣ ╤Б╤В╨╛╨╗\regi\WebApplication15\Services\TestDataService.cs(69,29): error CS0117: "Question" ╨╜╨╡ ╤Б╨╛╨┤╨╡╤А╨╢╨╕╤В ╨╛╨┐╤А╨╡╨┤╨╡╨╗╨╡╨╜╨╕╨╡ ╨┤╨╗╤П "Options". [C:\Users\user\OneDrive\╨а╨░╨▒╨╛╤З╨╕╨╣ ╤Б╤В╨╛╨╗\regi\WebApplication15\WebApplication15.csproj]
C:\Users\user\OneDrive\╨а╨░╨▒╨╛╤З╨╕╨╣ ╤Б╤В╨╛╨╗\regi\WebApplication15\Services\TestDataService.cs(80,29): error CS0117: "Question" ╨╜╨╡ ╤Б╨╛╨┤╨╡╤А╨╢╨╕╤В ╨╛╨┐╤А╨╡╨┤╨╡╨╗╨╡╨╜╨╕╨╡ ╨┤╨╗╤П "Options". [C:\Users\user\OneDrive\╨а╨░╨▒╨╛╤З╨╕╨╣ ╤Б╤В╨╛╨╗\regi\WebApplication15\WebApplication15.csproj]
C:\Users\user\OneDrive\╨а╨░╨▒╨╛╤З╨╕╨╣ ╤Б╤В╨╛╨╗\regi\WebApplication15\Services\TestDataService.cs(91,29): error CS0117: "Question" ╨╜╨╡ ╤Б╨╛╨┤╨╡╤А╨╢╨╕╤В ╨╛╨┐╤А╨╡╨┤╨╡╨╗╨╡╨╜╨╕╨╡ ╨┤╨╗╤П "Options". [C:\Users\user\OneDrive\╨а╨░╨▒╨╛╤З╨╕╨╣ ╤Б╤В╨╛╨╗\regi\WebApplication15\WebApplication15.csproj]
C:\Users\user\OneDrive\╨а╨░╨▒╨╛╤З╨╕╨╣ ╤Б╤В╨╛╨╗\regi\WebApplication15\Services\TestDataService.cs(102,29): error CS0117: "Question" ╨╜╨╡ ╤Б╨╛╨┤╨╡╤А╨╢╨╕╤В ╨╛╨┐╤А╨╡╨┤╨╡╨╗╨╡╨╜╨╕╨╡ ╨┤╨╗╤П "Options". [C:\Users\user\OneDrive\╨а╨░╨▒╨╛╤З╨╕╨╣ ╤Б╤В╨╛╨╗\regi\WebApplication15\WebApplication15.csproj]
C:\Users\user\OneDrive\╨а╨░╨▒╨╛╤З╨╕╨╣ ╤Б╤В╨╛╨╗\regi\WebApplication15\Services\TestDataService.cs(122,21): error CS0117: "Test" ╨╜╨╡ ╤Б╨╛╨┤╨╡╤А╨╢╨╕╤В ╨╛╨┐╤А╨╡╨┤╨╡╨╗╨╡╨╜╨╕╨╡ ╨┤╨╗╤П "LanguageLevelId". [C:\Users\user\OneDrive\╨а╨░╨▒╨╛╤З╨╕╨╣ ╤Б╤В╨╛╨╗\regi\WebApplication15\WebApplication15.csproj]
C:\Users\user\OneDrive\╨а╨░╨▒╨╛╤З╨╕╨╣ ╤Б╤В╨╛╨╗\regi\WebApplication15\Services\TestDataService.cs(129,29): error CS0117: "Question" ╨╜╨╡ ╤Б╨╛╨┤╨╡╤А╨╢╨╕╤В ╨╛╨┐╤А╨╡╨┤╨╡╨╗╨╡╨╜╨╕╨╡ ╨┤╨╗╤П "Options". [C:\Users\user\OneDrive\╨а╨░╨▒╨╛╤З╨╕╨╣ ╤Б╤В╨╛╨╗\regi\WebApplication15\WebApplication15.csproj]
C:\Users\user\OneDrive\╨а╨░╨▒╨╛╤З╨╕╨╣ ╤Б╤В╨╛╨╗\regi\WebApplication15\Services\TestDataService.cs(140,29): error CS0117: "Question" ╨╜╨╡ ╤Б╨╛╨┤╨╡╤А╨╢╨╕╤В ╨╛╨┐╤А╨╡╨┤╨╡╨╗╨╡╨╜╨╕╨╡ ╨┤╨╗╤П "Options". [C:\Users\user\OneDrive\╨а╨░╨▒╨╛╤З╨╕╨╣ ╤Б╤В╨╛╨╗\regi\WebApplication15\WebApplication15.csproj]
C:\Users\user\OneDrive\╨а╨░╨▒╨╛╤З╨╕╨╣ ╤Б╤В╨╛╨╗\regi\WebApplication15\Services\TestDataService.cs(151,29): error CS0117: "Question" ╨╜╨╡ ╤Б╨╛╨┤╨╡╤А╨╢╨╕╤В ╨╛╨┐╤А╨╡╨┤╨╡╨╗╨╡╨╜╨╕╨╡ ╨┤╨╗╤П "Options". [C:\Users\user\OneDrive\╨а╨░╨▒╨╛╤З╨╕╨╣ ╤Б╤В╨╛╨╗\regi\WebApplication15\WebApplication15.csproj]
C:\Users\user\OneDrive\╨а╨░╨▒╨╛╤З╨╕╨╣ ╤Б╤В╨╛╨╗\regi\WebApplication15\Services\TestDataService.cs(162,29): error CS0117: "Question" ╨╜╨╡ ╤Б╨╛╨┤╨╡╤А╨╢╨╕╤В ╨╛╨┐╤А╨╡╨┤╨╡╨╗╨╡╨╜╨╕╨╡ ╨┤╨╗╤П "Options". [C:\Users\user\OneDrive\╨а╨░╨▒╨╛╤З╨╕╨╣ ╤Б╤В╨╛╨╗\regi\WebApplication15\WebApplication15.csproj]
C:\Users\user\OneDrive\╨а╨░╨▒╨╛╤З╨╕╨╣ ╤Б╤В╨╛╨╗\regi\WebApplication15\Services\TestDataService.cs(173,29): error CS0117: "Question" ╨╜╨╡ ╤Б╨╛╨┤╨╡╤А╨╢╨╕╤В ╨╛╨┐╤А╨╡╨┤╨╡╨╗╨╡╨╜╨╕╨╡ ╨┤╨╗╤П "Options". [C:\Users\user\OneDrive\╨а╨░╨▒╨╛╤З╨╕╨╣ ╤Б╤В╨╛╨╗\regi\WebApplication15\WebApplication15.csproj]
C:\Users\user\OneDrive\╨а╨░╨▒╨╛╤З╨╕╨╣ ╤Б╤В╨╛╨╗\regi\WebApplication15\Services\TestDataService.cs(193,21): error CS0117: "Test" ╨╜╨╡ ╤Б╨╛╨┤╨╡╤А╨╢╨╕╤В ╨╛╨┐╤А╨╡╨┤╨╡╨╗╨╡╨╜╨╕╨╡ ╨┤╨╗╤П "LanguageLevelId". [C:\Users\user\OneDrive\╨а╨░╨▒╨╛╤З╨╕╨╣ ╤Б╤В╨╛╨╗\regi\WebApplication15\WebApplication15.csproj]
C:\Users\user\OneDrive\╨а╨░╨▒╨╛╤З╨╕╨╣ ╤Б╤В╨╛╨╗\regi\WebApplication15\Services\TestDataService.cs(200,29): error CS0117: "Question" ╨╜╨╡ ╤Б╨╛╨┤╨╡╤А╨╢╨╕╤В ╨╛╨┐╤А╨╡╨┤╨╡╨╗╨╡╨╜╨╕╨╡ ╨┤╨╗╤П "Options". [C:\Users\user\OneDrive\╨а╨░╨▒╨╛╤З╨╕╨╣ ╤Б╤В╨╛╨╗\regi\WebApplication15\WebApplication15.csproj]
C:\Users\user\OneDrive\╨а╨░╨▒╨╛╤З╨╕╨╣ ╤Б╤В╨╛╨╗\regi\WebApplication15\Services\TestDataService.cs(211,29): error CS0117: "Question" ╨╜╨╡ ╤Б╨╛╨┤╨╡╤А╨╢╨╕╤В ╨╛╨┐╤А╨╡╨┤╨╡╨╗╨╡╨╜╨╕╨╡ ╨┤╨╗╤П "Options". [C:\Users\user\OneDrive\╨а╨░╨▒╨╛╤З╨╕╨╣ ╤Б╤В╨╛╨╗\regi\WebApplication15\WebApplication15.csproj]
C:\Users\user\OneDrive\╨а╨░╨▒╨╛╤З╨╕╨╣ ╤Б╤В╨╛╨╗\regi\WebApplication15\Services\TestDataService.cs(222,29): error CS0117: "Question" ╨╜╨╡ ╤Б╨╛╨┤╨╡╤А╨╢╨╕╤В ╨╛╨┐╤А╨╡╨┤╨╡╨╗╨╡╨╜╨╕╨╡ ╨┤╨╗╤П "Options". [C:\Users\user\OneDrive\╨а╨░╨▒╨╛╤З╨╕╨╣ ╤Б╤В╨╛╨╗\regi\WebApplication15\WebApplication15.csproj]
C:\Users\user\OneDrive\╨а╨░╨▒╨╛╤З╨╕╨╣ ╤Б╤В╨╛╨╗\regi\WebApplication15\Services\TestDataService.cs(233,29): error CS0117: "Question" ╨╜╨╡ ╤Б╨╛╨┤╨╡╤А╨╢╨╕╤В ╨╛╨┐╤А╨╡╨┤╨╡╨╗╨╡╨╜╨╕╨╡ ╨┤╨╗╤П "Options". [C:\Users\user\OneDrive\╨а╨░╨▒╨╛╤З╨╕╨╣ ╤Б╤В╨╛╨╗\regi\WebApplication15\WebApplication15.csproj]
C:\Users\user\OneDrive\╨а╨░╨▒╨╛╤З╨╕╨╣ ╤Б╤В╨╛╨╗\regi\WebApplication15\Services\TestDataService.cs(244,29): error CS0117: "Question" ╨╜╨╡ ╤Б╨╛╨┤╨╡╤А╨╢╨╕╤В ╨╛╨┐╤А╨╡╨┤╨╡╨╗╨╡╨╜╨╕╨╡ ╨┤╨╗╤П "Options". [C:\Users\user\OneDrive\╨а╨░╨▒╨╛╤З╨╕╨╣ ╤Б╤В╨╛╨╗\regi\WebApplication15\WebApplication15.csproj]
C:\Users\user\OneDrive\╨а╨░╨▒╨╛╤З╨╕╨╣ ╤Б╤В╨╛╨╗\regi\WebApplication15\Services\TestDataService.cs(264,21): error CS0117: "Test" ╨╜╨╡ ╤Б╨╛╨┤╨╡╤А╨╢╨╕╤В ╨╛╨┐╤А╨╡╨┤╨╡╨╗╨╡╨╜╨╕╨╡ ╨┤╨╗╤П "LanguageLevelId". [C:\Users\user\OneDrive\╨а╨░╨▒╨╛╤З╨╕╨╣ ╤Б╤В╨╛╨╗\regi\WebApplication15\WebApplication15.csproj]
C:\Users\user\OneDrive\╨а╨░╨▒╨╛╤З╨╕╨╣ ╤Б╤В╨╛╨╗\regi\WebApplication15\Services\TestDataService.cs(271,29): error CS0117: "Question" ╨╜╨╡ ╤Б╨╛╨┤╨╡╤А╨╢╨╕╤В ╨╛╨┐╤А╨╡╨┤╨╡╨╗╨╡╨╜╨╕╨╡ ╨┤╨╗╤П "Options". [C:\Users\user\OneDrive\╨а╨░╨▒╨╛╤З╨╕╨╣ ╤Б╤В╨╛╨╗\regi\WebApplication15\WebApplication15.csproj]
C:\Users\user\OneDrive\╨а╨░╨▒╨╛╤З╨╕╨╣ ╤Б╤В╨╛╨╗\regi\WebApplication15\Services\TestDataService.cs(282,29): error CS0117: "Question" ╨╜╨╡ ╤Б╨╛╨┤╨╡╤А╨╢╨╕╤В ╨╛╨┐╤А╨╡╨┤╨╡╨╗╨╡╨╜╨╕╨╡ ╨┤╨╗╤П "Options". [C:\Users\user\OneDrive\╨а╨░╨▒╨╛╤З╨╕╨╣ ╤Б╤В╨╛╨╗\regi\WebApplication15\WebApplication15.csproj]
C:\Users\user\OneDrive\╨а╨░╨▒╨╛╤З╨╕╨╣ ╤Б╤В╨╛╨╗\regi\WebApplication15\Services\TestDataService.cs(293,29): error CS0117: "Question" ╨╜╨╡ ╤Б╨╛╨┤╨╡╤А╨╢╨╕╤В ╨╛╨┐╤А╨╡╨┤╨╡╨╗╨╡╨╜╨╕╨╡ ╨┤╨╗╤П "Options". [C:\Users\user\OneDrive\╨а╨░╨▒╨╛╤З╨╕╨╣ ╤Б╤В╨╛╨╗\regi\WebApplication15\WebApplication15.csproj]
C:\Users\user\OneDrive\╨а╨░╨▒╨╛╤З╨╕╨╣ ╤Б╤В╨╛╨╗\regi\WebApplication15\Services\TestDataService.cs(304,29): error CS0117: "Question" ╨╜╨╡ ╤Б╨╛╨┤╨╡╤А╨╢╨╕╤В ╨╛╨┐╤А╨╡╨┤╨╡╨╗╨╡╨╜╨╕╨╡ ╨┤╨╗╤П "Options". [C:\Users\user\OneDrive\╨а╨░╨▒╨╛╤З╨╕╨╣ ╤Б╤В╨╛╨╗\regi\WebApplication15\WebApplication15.csproj]
C:\Users\user\OneDrive\╨а╨░╨▒╨╛╤З╨╕╨╣ ╤Б╤В╨╛╨╗\regi\WebApplication15\Services\TestDataService.cs(315,29): error CS0117: "Question" ╨╜╨╡ ╤Б╨╛╨┤╨╡╤А╨╢╨╕╤В ╨╛╨┐╤А╨╡╨┤╨╡╨╗╨╡╨╜╨╕╨╡ ╨┤╨╗╤П "Options". [C:\Users\user\OneDrive\╨а╨░╨▒╨╛╤З╨╕╨╣ ╤Б╤В╨╛╨╗\regi\WebApplication15\WebApplication15.csproj]
C:\Users\user\OneDrive\╨а╨░╨▒╨╛╤З╨╕╨╣ ╤Б╤В╨╛╨╗\regi\WebApplication15\Services\TestDataService.cs(36,28): warning CS1998: ╨Т ╨┤╨░╨╜╨╜╨╛╨╝ ╨░╤Б╨╕╨╜╤Е╤А╨╛╨╜╨╜╨╛╨╝ ╨╝╨╡╤В╨╛╨┤╨╡ ╨╛╤В╤Б╤Г╤В╤Б╤В╨▓╤Г╤О╤В ╨╛╨┐╨╡╤А╨░╤В╨╛╤А╤Л await, ╨┐╨╛╤Н╤В╨╛╨╝╤Г ╨╝╨╡╤В╨╛╨┤ ╨▒╤Г╨┤╨╡╤В ╨▓╤Л╨┐╨╛╨╗╨╜╤П╤В╤М╤Б╤П ╤Б╨╕╨╜╤Е╤А╨╛╨╜╨╜╨╛. ╨Т╨╛╤Б╨┐╨╛╨╗╤М╨╖╤Г╨╣╤В╨╡╤Б╤М ╨╛╨┐╨╡╤А╨░╤В╨╛╤А╨╛╨╝ await ╨┤╨╗╤П ╨╛╨╢╨╕╨┤╨░╨╜╨╕╤П ╨╜╨╡╨▒╨╗╨╛╨║╨╕╤А╤Г╤О╤Й╨╕╤Е ╨▓╤Л╨╖╨╛╨▓╨╛╨▓ API ╨╕╨╗╨╕ ╨╛╨┐╨╡╤А╨░╤В╨╛╤А╨╛╨╝ await Task.Run(...) ╨┤╨╗╤П ╨▓╤Л╨┐╨╛╨╗╨╜╨╡╨╜╨╕╤П ╤Б╨▓╤П╨╖╨░╨╜╨╜╤Л╤Е ╤Б ╨ж╨Я ╨╖╨░╨┤╨░╨╜╨╕╨╣ ╨▓ ╤Д╨╛╨╜╨╛╨▓╨╛╨╝ ╨┐╨╛╤В╨╛╨║╨╡. [C:\Users\user\OneDrive\╨а╨░╨▒╨╛╤З╨╕╨╣ ╤Б╤В╨╛╨╗\regi\WebApplication15\WebApplication15.csproj]
C:\Users\user\OneDrive\╨а╨░╨▒╨╛╤З╨╕╨╣ ╤Б╤В╨╛╨╗\regi\WebApplication15\Services\TestDataService.cs(345,21): error CS0117: "Test" ╨╜╨╡ ╤Б╨╛╨┤╨╡╤А╨╢╨╕╤В ╨╛╨┐╤А╨╡╨┤╨╡╨╗╨╡╨╜╨╕╨╡ ╨┤╨╗╤П "LanguageLevelId". [C:\Users\user\OneDrive\╨а╨░╨▒╨╛╤З╨╕╨╣ ╤Б╤В╨╛╨╗\regi\WebApplication15\WebApplication15.csproj]
C:\Users\user\OneDrive\╨а╨░╨▒╨╛╤З╨╕╨╣ ╤Б╤В╨╛╨╗\regi\WebApplication15\Services\TestDataService.cs(352,29): error CS0117: "Question" ╨╜╨╡ ╤Б╨╛╨┤╨╡╤А╨╢╨╕╤В ╨╛╨┐╤А╨╡╨┤╨╡╨╗╨╡╨╜╨╕╨╡ ╨┤╨╗╤П "Options". [C:\Users\user\OneDrive\╨а╨░╨▒╨╛╤З╨╕╨╣ ╤Б╤В╨╛╨╗\regi\WebApplication15\WebApplication15.csproj]
C:\Users\user\OneDrive\╨а╨░╨▒╨╛╤З╨╕╨╣ ╤Б╤В╨╛╨╗\regi\WebApplication15\Services\TestDataService.cs(363,29): error CS0117: "Question" ╨╜╨╡ ╤Б╨╛╨┤╨╡╤А╨╢╨╕╤В ╨╛╨┐╤А╨╡╨┤╨╡╨╗╨╡╨╜╨╕╨╡ ╨┤╨╗╤П "Options". [C:\Users\user\OneDrive\╨а╨░╨▒╨╛╤З╨╕╨╣ ╤Б╤В╨╛╨╗\regi\WebApplication15\WebApplication15.csproj]
C:\Users\user\OneDrive\╨а╨░╨▒╨╛╤З╨╕╨╣ ╤Б╤В╨╛╨╗\regi\WebApplication15\Services\TestDataService.cs(374,29): error CS0117: "Question" ╨╜╨╡ ╤Б╨╛╨┤╨╡╤А╨╢╨╕╤В ╨╛╨┐╤А╨╡╨┤╨╡╨╗╨╡╨╜╨╕╨╡ ╨┤╨╗╤П "Options". [C:\Users\user\OneDrive\╨а╨░╨▒╨╛╤З╨╕╨╣ ╤Б╤В╨╛╨╗\regi\WebApplication15\WebApplication15.csproj]
C:\Users\user\OneDrive\╨а╨░╨▒╨╛╤З╨╕╨╣ ╤Б╤В╨╛╨╗\regi\WebApplication15\Services\TestDataService.cs(385,29): error CS0117: "Question" ╨╜╨╡ ╤Б╨╛╨┤╨╡╤А╨╢╨╕╤В ╨╛╨┐╤А╨╡╨┤╨╡╨╗╨╡╨╜╨╕╨╡ ╨┤╨╗╤П "Options". [C:\Users\user\OneDrive\╨а╨░╨▒╨╛╤З╨╕╨╣ ╤Б╤В╨╛╨╗\regi\WebApplication15\WebApplication15.csproj]
C:\Users\user\OneDrive\╨а╨░╨▒╨╛╤З╨╕╨╣ ╤Б╤В╨╛╨╗\regi\WebApplication15\Services\TestDataService.cs(396,29): error CS0117: "Question" ╨╜╨╡ ╤Б╨╛╨┤╨╡╤А╨╢╨╕╤В ╨╛╨┐╤А╨╡╨┤╨╡╨╗╨╡╨╜╨╕╨╡ ╨┤╨╗╤П "Options". [C:\Users\user\OneDrive\╨а╨░╨▒╨╛╤З╨╕╨╣ ╤Б╤В╨╛╨╗\regi\WebApplication15\WebApplication15.csproj]
C:\Users\user\OneDrive\╨а╨░╨▒╨╛╤З╨╕╨╣ ╤Б╤В╨╛╨╗\regi\WebApplication15\Services\TestDataService.cs(416,21): error CS0117: "Test" ╨╜╨╡ ╤Б╨╛╨┤╨╡╤А╨╢╨╕╤В ╨╛╨┐╤А╨╡╨┤╨╡╨╗╨╡╨╜╨╕╨╡ ╨┤╨╗╤П "LanguageLevelId". [C:\Users\user\OneDrive\╨а╨░╨▒╨╛╤З╨╕╨╣ ╤Б╤В╨╛╨╗\regi\WebApplication15\WebApplication15.csproj]
C:\Users\user\OneDrive\╨а╨░╨▒╨╛╤З╨╕╨╣ ╤Б╤В╨╛╨╗\regi\WebApplication15\Services\TestDataService.cs(423,29): error CS0117: "Question" ╨╜╨╡ ╤Б╨╛╨┤╨╡╤А╨╢╨╕╤В ╨╛╨┐╤А╨╡╨┤╨╡╨╗╨╡╨╜╨╕╨╡ ╨┤╨╗╤П "Options". [C:\Users\user\OneDrive\╨а╨░╨▒╨╛╤З╨╕╨╣ ╤Б╤В╨╛╨╗\regi\WebApplication15\WebApplication15.csproj]
C:\Users\user\OneDrive\╨а╨░╨▒╨╛╤З╨╕╨╣ ╤Б╤В╨╛╨╗\regi\WebApplication15\Services\TestDataService.cs(434,29): error CS0117: "Question" ╨╜╨╡ ╤Б╨╛╨┤╨╡╤А╨╢╨╕╤В ╨╛╨┐╤А╨╡╨┤╨╡╨╗╨╡╨╜╨╕╨╡ ╨┤╨╗╤П "Options". [C:\Users\user\OneDrive\╨а╨░╨▒╨╛╤З╨╕╨╣ ╤Б╤В╨╛╨╗\regi\WebApplication15\WebApplication15.csproj]
C:\Users\user\OneDrive\╨а╨░╨▒╨╛╤З╨╕╨╣ ╤Б╤В╨╛╨╗\regi\WebApplication15\Services\TestDataService.cs(445,29): error CS0117: "Question" ╨╜╨╡ ╤Б╨╛╨┤╨╡╤А╨╢╨╕╤В ╨╛╨┐╤А╨╡╨┤╨╡╨╗╨╡╨╜╨╕╨╡ ╨┤╨╗╤П "Options". [C:\Users\user\OneDrive\╨а╨░╨▒╨╛╤З╨╕╨╣ ╤Б╤В╨╛╨╗\regi\WebApplication15\WebApplication15.csproj]
C:\Users\user\OneDrive\╨а╨░╨▒╨╛╤З╨╕╨╣ ╤Б╤В╨╛╨╗\regi\WebApplication15\Services\TestDataService.cs(456,29): error CS0117: "Question" ╨╜╨╡ ╤Б╨╛╨┤╨╡╤А╨╢╨╕╤В ╨╛╨┐╤А╨╡╨┤╨╡╨╗╨╡╨╜╨╕╨╡ ╨┤╨╗╤П "Options". [C:\Users\user\OneDrive\╨а╨░╨▒╨╛╤З╨╕╨╣ ╤Б╤В╨╛╨╗\regi\WebApplication15\WebApplication15.csproj]
C:\Users\user\OneDrive\╨а╨░╨▒╨╛╤З╨╕╨╣ ╤Б╤В╨╛╨╗\regi\WebApplication15\Services\TestDataService.cs(467,29): error CS0117: "Question" ╨╜╨╡ ╤Б╨╛╨┤╨╡╤А╨╢╨╕╤В ╨╛╨┐╤А╨╡╨┤╨╡╨╗╨╡╨╜╨╕╨╡ ╨┤╨╗╤П "Options". [C:\Users\user\OneDrive\╨а╨░╨▒╨╛╤З╨╕╨╣ ╤Б╤В╨╛╨╗\regi\WebApplication15\WebApplication15.csproj]
C:\Users\user\OneDrive\╨а╨░╨▒╨╛╤З╨╕╨╣ ╤Б╤В╨╛╨╗\regi\WebApplication15\Services\TestDataService.cs(329,28): warning CS1998: ╨Т ╨┤╨░╨╜╨╜╨╛╨╝ ╨░╤Б╨╕╨╜╤Е╤А╨╛╨╜╨╜╨╛╨╝ ╨╝╨╡╤В╨╛╨┤╨╡ ╨╛╤В╤Б╤Г╤В╤Б╤В╨▓╤Г╤О╤В ╨╛╨┐╨╡╤А╨░╤В╨╛╤А╤Л await, ╨┐╨╛╤Н╤В╨╛╨╝╤Г ╨╝╨╡╤В╨╛╨┤ ╨▒╤Г╨┤╨╡╤В ╨▓╤Л╨┐╨╛╨╗╨╜╤П╤В╤М╤Б╤П ╤Б╨╕╨╜╤Е╤А╨╛╨╜╨╜╨╛. ╨Т╨╛╤Б╨┐╨╛╨╗╤М╨╖╤Г╨╣╤В╨╡╤Б╤М ╨╛╨┐╨╡╤А╨░╤В╨╛╤А╨╛╨╝ await ╨┤╨╗╤П ╨╛╨╢╨╕╨┤╨░╨╜╨╕╤П ╨╜╨╡╨▒╨╗╨╛╨║╨╕╤А╤Г╤О╤Й╨╕╤Е ╨▓╤Л╨╖╨╛╨▓╨╛╨▓ API ╨╕╨╗╨╕ ╨╛╨┐╨╡╤А╨░╤В╨╛╤А╨╛╨╝ await Task.Run(...) ╨┤╨╗╤П ╨▓╤Л╨┐╨╛╨╗╨╜╨╡╨╜╨╕╤П ╤Б╨▓╤П╨╖╨░╨╜╨╜╤Л╤Е ╤Б ╨ж╨Я ╨╖╨░╨┤╨░╨╜╨╕╨╣ ╨▓ ╤Д╨╛╨╜╨╛╨▓╨╛╨╝ ╨┐╨╛╤В╨╛╨║╨╡. [C:\Users\user\OneDrive\╨а╨░╨▒╨╛╤З╨╕╨╣ ╤Б╤В╨╛╨╗\regi\WebApplication15\WebApplication15.csproj]
C:\Users\user\OneDrive\╨а╨░╨▒╨╛╤З╨╕╨╣ ╤Б╤В╨╛╨╗\regi\WebApplication15\Services\TestDataService.cs(500,21): error CS0117: "Test" ╨╜╨╡ ╤Б╨╛╨┤╨╡╤А╨╢╨╕╤В ╨╛╨┐╤А╨╡╨┤╨╡╨╗╨╡╨╜╨╕╨╡ ╨┤╨╗╤П "LanguageLevelId". [C:\Users\user\OneDrive\╨а╨░╨▒╨╛╤З╨╕╨╣ ╤Б╤В╨╛╨╗\regi\WebApplication15\WebApplication15.csproj]
C:\Users\user\OneDrive\╨а╨░╨▒╨╛╤З╨╕╨╣ ╤Б╤В╨╛╨╗\regi\WebApplication15\Services\TestDataService.cs(507,29): error CS0117: "Question" ╨╜╨╡ ╤Б╨╛╨┤╨╡╤А╨╢╨╕╤В ╨╛╨┐╤А╨╡╨┤╨╡╨╗╨╡╨╜╨╕╨╡ ╨┤╨╗╤П "Options". [C:\Users\user\OneDrive\╨а╨░╨▒╨╛╤З╨╕╨╣ ╤Б╤В╨╛╨╗\regi\WebApplication15\WebApplication15.csproj]
C:\Users\user\OneDrive\╨а╨░╨▒╨╛╤З╨╕╨╣ ╤Б╤В╨╛╨╗\regi\WebApplication15\Services\TestDataService.cs(518,29): error CS0117: "Question" ╨╜╨╡ ╤Б╨╛╨┤╨╡╤А╨╢╨╕╤В ╨╛╨┐╤А╨╡╨┤╨╡╨╗╨╡╨╜╨╕╨╡ ╨┤╨╗╤П "Options". [C:\Users\user\OneDrive\╨а╨░╨▒╨╛╤З╨╕╨╣ ╤Б╤В╨╛╨╗\regi\WebApplication15\WebApplication15.csproj]
C:\Users\user\OneDrive\╨а╨░╨▒╨╛╤З╨╕╨╣ ╤Б╤В╨╛╨╗\regi\WebApplication15\Services\TestDataService.cs(529,29): error CS0117: "Question" ╨╜╨╡ ╤Б╨╛╨┤╨╡╤А╨╢╨╕╤В ╨╛╨┐╤А╨╡╨┤╨╡╨╗╨╡╨╜╨╕╨╡ ╨┤╨╗╤П "Options". [C:\Users\user\OneDrive\╨а╨░╨▒╨╛╤З╨╕╨╣ ╤Б╤В╨╛╨╗\regi\WebApplication15\WebApplication15.csproj]
C:\Users\user\OneDrive\╨а╨░╨▒╨╛╤З╨╕╨╣ ╤Б╤В╨╛╨╗\regi\WebApplication15\Services\TestDataService.cs(540,29): error CS0117: "Question" ╨╜╨╡ ╤Б╨╛╨┤╨╡╤А╨╢╨╕╤В ╨╛╨┐╤А╨╡╨┤╨╡╨╗╨╡╨╜╨╕╨╡ ╨┤╨╗╤П "Options". [C:\Users\user\OneDrive\╨а╨░╨▒╨╛╤З╨╕╨╣ ╤Б╤В╨╛╨╗\regi\WebApplication15\WebApplication15.csproj]
C:\Users\user\OneDrive\╨а╨░╨▒╨╛╤З╨╕╨╣ ╤Б╤В╨╛╨╗\regi\WebApplication15\Services\TestDataService.cs(551,29): error CS0117: "Question" ╨╜╨╡ ╤Б╨╛╨┤╨╡╤А╨╢╨╕╤В ╨╛╨┐╤А╨╡╨┤╨╡╨╗╨╡╨╜╨╕╨╡ ╨┤╨╗╤П "Options". [C:\Users\user\OneDrive\╨а╨░╨▒╨╛╤З╨╕╨╣ ╤Б╤В╨╛╨╗\regi\WebApplication15\WebApplication15.csproj]
C:\Users\user\OneDrive\╨а╨░╨▒╨╛╤З╨╕╨╣ ╤Б╤В╨╛╨╗\regi\WebApplication15\Services\TestDataService.cs(571,21): error CS0117: "Test" ╨╜╨╡ ╤Б╨╛╨┤╨╡╤А╨╢╨╕╤В ╨╛╨┐╤А╨╡╨┤╨╡╨╗╨╡╨╜╨╕╨╡ ╨┤╨╗╤П "LanguageLevelId". [C:\Users\user\OneDrive\╨а╨░╨▒╨╛╤З╨╕╨╣ ╤Б╤В╨╛╨╗\regi\WebApplication15\WebApplication15.csproj]
C:\Users\user\OneDrive\╨а╨░╨▒╨╛╤З╨╕╨╣ ╤Б╤В╨╛╨╗\regi\WebApplication15\Services\TestDataService.cs(578,29): error CS0117: "Question" ╨╜╨╡ ╤Б╨╛╨┤╨╡╤А╨╢╨╕╤В ╨╛╨┐╤А╨╡╨┤╨╡╨╗╨╡╨╜╨╕╨╡ ╨┤╨╗╤П "Options". [C:\Users\user\OneDrive\╨а╨░╨▒╨╛╤З╨╕╨╣ ╤Б╤В╨╛╨╗\regi\WebApplication15\WebApplication15.csproj]
C:\Users\user\OneDrive\╨а╨░╨▒╨╛╤З╨╕╨╣ ╤Б╤В╨╛╨╗\regi\WebApplication15\Services\TestDataService.cs(589,29): error CS0117: "Question" ╨╜╨╡ ╤Б╨╛╨┤╨╡╤А╨╢╨╕╤В ╨╛╨┐╤А╨╡╨┤╨╡╨╗╨╡╨╜╨╕╨╡ ╨┤╨╗╤П "Options". [C:\Users\user\OneDrive\╨а╨░╨▒╨╛╤З╨╕╨╣ ╤Б╤В╨╛╨╗\regi\WebApplication15\WebApplication15.csproj]
C:\Users\user\OneDrive\╨а╨░╨▒╨╛╤З╨╕╨╣ ╤Б╤В╨╛╨╗\regi\WebApplication15\Services\TestDataService.cs(600,29): error CS0117: "Question" ╨╜╨╡ ╤Б╨╛╨┤╨╡╤А╨╢╨╕╤В ╨╛╨┐╤А╨╡╨┤╨╡╨╗╨╡╨╜╨╕╨╡ ╨┤╨╗╤П "Options". [C:\Users\user\OneDrive\╨а╨░╨▒╨╛╤З╨╕╨╣ ╤Б╤В╨╛╨╗\regi\WebApplication15\WebApplication15.csproj]
C:\Users\user\OneDrive\╨а╨░╨▒╨╛╤З╨╕╨╣ ╤Б╤В╨╛╨╗\regi\WebApplication15\Services\TestDataService.cs(611,29): error CS0117: "Question" ╨╜╨╡ ╤Б╨╛╨┤╨╡╤А╨╢╨╕╤В ╨╛╨┐╤А╨╡╨┤╨╡╨╗╨╡╨╜╨╕╨╡ ╨┤╨╗╤П "Options". [C:\Users\user\OneDrive\╨а╨░╨▒╨╛╤З╨╕╨╣ ╤Б╤В╨╛╨╗\regi\WebApplication15\WebApplication15.csproj]
C:\Users\user\OneDrive\╨а╨░╨▒╨╛╤З╨╕╨╣ ╤Б╤В╨╛╨╗\regi\WebApplication15\Services\TestDataService.cs(622,29): error CS0117: "Question" ╨╜╨╡ ╤Б╨╛╨┤╨╡╤А╨╢╨╕╤В ╨╛╨┐╤А╨╡╨┤╨╡╨╗╨╡╨╜╨╕╨╡ ╨┤╨╗╤П "Options". [C:\Users\user\OneDrive\╨а╨░╨▒╨╛╤З╨╕╨╣ ╤Б╤В╨╛╨╗\regi\WebApplication15\WebApplication15.csproj]
C:\Users\user\OneDrive\╨а╨░╨▒╨╛╤З╨╕╨╣ ╤Б╤В╨╛╨╗\regi\WebApplication15\Services\TestDataService.cs(484,28): warning CS1998: ╨Т ╨┤╨░╨╜╨╜╨╛╨╝ ╨░╤Б╨╕╨╜╤Е╤А╨╛╨╜╨╜╨╛╨╝ ╨╝╨╡╤В╨╛╨┤╨╡ ╨╛╤В╤Б╤Г╤В╤Б╤В╨▓╤Г╤О╤В ╨╛╨┐╨╡╤А╨░╤В╨╛╤А╤Л await, ╨┐╨╛╤Н╤В╨╛╨╝╤Г ╨╝╨╡╤В╨╛╨┤ ╨▒╤Г╨┤╨╡╤В ╨▓╤Л╨┐╨╛╨╗╨╜╤П╤В╤М╤Б╤П ╤Б╨╕╨╜╤Е╤А╨╛╨╜╨╜╨╛. ╨Т╨╛╤Б╨┐╨╛╨╗╤М╨╖╤Г╨╣╤В╨╡╤Б╤М ╨╛╨┐╨╡╤А╨░╤В╨╛╤А╨╛╨╝ await ╨┤╨╗╤П ╨╛╨╢╨╕╨┤╨░╨╜╨╕╤П ╨╜╨╡╨▒╨╗╨╛╨║╨╕╤А╤Г╤О╤Й╨╕╤Е ╨▓╤Л╨╖╨╛╨▓╨╛╨▓ API ╨╕╨╗╨╕ ╨╛╨┐╨╡╤А╨░╤В╨╛╤А╨╛╨╝ await Task.Run(...) ╨┤╨╗╤П ╨▓╤Л╨┐╨╛╨╗╨╜╨╡╨╜╨╕╤П ╤Б╨▓╤П╨╖╨░╨╜╨╜╤Л╤Е ╤Б ╨ж╨Я ╨╖╨░╨┤╨░╨╜╨╕╨╣ ╨▓ ╤Д╨╛╨╜╨╛╨▓╨╛╨╝ ╨┐╨╛╤В╨╛╨║╨╡. [C:\Users\user\OneDrive\╨а╨░╨▒╨╛╤З╨╕╨╣ ╤Б╤В╨╛╨╗\regi\WebApplication15\WebApplication15.csproj]

╨Ю╤И╨╕╨▒╨║╨░ ╤Б╨▒╨╛╤А╨║╨╕.

C:\Users\user\OneDrive\╨а╨░╨▒╨╛╤З╨╕╨╣ ╤Б╤В╨╛╨╗\regi\WebApplication15\Controllers\TestController.cs(39,91): warning CS8625: ╨Ы╨╕╤В╨╡╤А╨░╨╗, ╤А╨░╨▓╨╜╤Л╨╣ NULL, ╨╜╨╡ ╨╝╨╛╨╢╨╡╤В ╨▒╤Л╤В╤М ╨┐╤А╨╡╨╛╨▒╤А╨░╨╖╨╛╨▓╨░╨╜ ╨▓ ╤Б╤Б╤Л╨╗╨╛╤З╨╜╤Л╨╣ ╤В╨╕╨┐, ╨╜╨╡ ╨┤╨╛╨┐╤Г╤Б╨║╨░╤О╤Й╨╕╨╣ ╨╖╨╜╨░╤З╨╡╨╜╨╕╨╡ NULL. [C:\Users\user\OneDrive\╨а╨░╨▒╨╛╤З╨╕╨╣ ╤Б╤В╨╛╨╗\regi\WebApplication15\WebApplication15.csproj]
C:\Users\user\OneDrive\╨а╨░╨▒╨╛╤З╨╕╨╣ ╤Б╤В╨╛╨╗\regi\WebApplication15\Controllers\AdminController.cs(51,55): warning CS8625: ╨Ы╨╕╤В╨╡╤А╨░╨╗, ╤А╨░╨▓╨╜╤Л╨╣ NULL, ╨╜╨╡ ╨╝╨╛╨╢╨╡╤В ╨▒╤Л╤В╤М ╨┐╤А╨╡╨╛╨▒╤А╨░╨╖╨╛╨▓╨░╨╜ ╨▓ ╤Б╤Б╤Л╨╗╨╛╤З╨╜╤Л╨╣ ╤В╨╕╨┐, ╨╜╨╡ ╨┤╨╛╨┐╤Г╤Б╨║╨░╤О╤Й╨╕╨╣ ╨╖╨╜╨░╤З╨╡╨╜╨╕╨╡ NULL. [C:\Users\user\OneDrive\╨а╨░╨▒╨╛╤З╨╕╨╣ ╤Б╤В╨╛╨╗\regi\WebApplication15\WebApplication15.csproj]
C:\Users\user\OneDrive\╨а╨░╨▒╨╛╤З╨╕╨╣ ╤Б╤В╨╛╨╗\regi\WebApplication15\Controllers\AdminController.cs(62,94): warning CS8625: ╨Ы╨╕╤В╨╡╤А╨░╨╗, ╤А╨░╨▓╨╜╤Л╨╣ NULL, ╨╜╨╡ ╨╝╨╛╨╢╨╡╤В ╨▒╤Л╤В╤М ╨┐╤А╨╡╨╛╨▒╤А╨░╨╖╨╛╨▓╨░╨╜ ╨▓ ╤Б╤Б╤Л╨╗╨╛╤З╨╜╤Л╨╣ ╤В╨╕╨┐, ╨╜╨╡ ╨┤╨╛╨┐╤Г╤Б╨║╨░╤О╤Й╨╕╨╣ ╨╖╨╜╨░╤З╨╡╨╜╨╕╨╡ NULL. [C:\Users\user\OneDrive\╨а╨░╨▒╨╛╤З╨╕╨╣ ╤Б╤В╨╛╨╗\regi\WebApplication15\WebApplication15.csproj]
C:\Users\user\OneDrive\╨а╨░╨▒╨╛╤З╨╕╨╣ ╤Б╤В╨╛╨╗\regi\WebApplication15\Services\VideoService.cs(57,76): warning CS8625: ╨Ы╨╕╤В╨╡╤А╨░╨╗, ╤А╨░╨▓╨╜╤Л╨╣ NULL, ╨╜╨╡ ╨╝╨╛╨╢╨╡╤В ╨▒╤Л╤В╤М ╨┐╤А╨╡╨╛╨▒╤А╨░╨╖╨╛╨▓╨░╨╜ ╨▓ ╤Б╤Б╤Л╨╗╨╛╤З╨╜╤Л╨╣ ╤В╨╕╨┐, ╨╜╨╡ ╨┤╨╛╨┐╤Г╤Б╨║╨░╤О╤Й╨╕╨╣ ╨╖╨╜╨░╤З╨╡╨╜╨╕╨╡ NULL. [C:\Users\user\OneDrive\╨а╨░╨▒╨╛╤З╨╕╨╣ ╤Б╤В╨╛╨╗\regi\WebApplication15\WebApplication15.csproj]
C:\Users\user\OneDrive\╨а╨░╨▒╨╛╤З╨╕╨╣ ╤Б╤В╨╛╨╗\regi\WebApplication15\Services\VideoService.cs(73,91): warning CS8625: ╨Ы╨╕╤В╨╡╤А╨░╨╗, ╤А╨░╨▓╨╜╤Л╨╣ NULL, ╨╜╨╡ ╨╝╨╛╨╢╨╡╤В ╨▒╤Л╤В╤М ╨┐╤А╨╡╨╛╨▒╤А╨░╨╖╨╛╨▓╨░╨╜ ╨▓ ╤Б╤Б╤Л╨╗╨╛╤З╨╜╤Л╨╣ ╤В╨╕╨┐, ╨╜╨╡ ╨┤╨╛╨┐╤Г╤Б╨║╨░╤О╤Й╨╕╨╣ ╨╖╨╜╨░╤З╨╡╨╜╨╕╨╡ NULL. [C:\Users\user\OneDrive\╨а╨░╨▒╨╛╤З╨╕╨╣ ╤Б╤В╨╛╨╗\regi\WebApplication15\WebApplication15.csproj]
C:\Users\user\OneDrive\╨а╨░╨▒╨╛╤З╨╕╨╣ ╤Б╤В╨╛╨╗\regi\WebApplication15\Controllers\AdminController.cs(586,23): warning CS8618: ╤Б╨▓╨╛╨╣╤Б╤В╨▓╨╛ "Username", ╨╜╨╡ ╨┤╨╛╨┐╤Г╤Б╨║╨░╤О╤Й╨╕╨╣ ╨╖╨╜╨░╤З╨╡╨╜╨╕╤П NULL, ╨┤╨╛╨╗╨╢╨╡╨╜ ╤Б╨╛╨┤╨╡╤А╨╢╨░╤В╤М ╨╖╨╜╨░╤З╨╡╨╜╨╕╨╡, ╨╛╤В╨╗╨╕╤З╨╜╨╛╨╡ ╨╛╤В NULL, ╨┐╤А╨╕ ╨▓╤Л╤Е╨╛╨┤╨╡ ╨╕╨╖ ╨║╨╛╨╜╤Б╤В╤А╤Г╨║╤В╨╛╤А╨░. ╨а╨░╤Б╤Б╨╝╨╛╤В╤А╨╕╤В╨╡ ╨▓╨╛╨╖╨╝╨╛╨╢╨╜╨╛╤Б╤В╤М ╨┤╨╛╨▒╨░╨▓╨╗╨╡╨╜╨╕╤П ╨╝╨╛╨┤╨╕╤Д╨╕╨║╨░╤В╨╛╤А╨░ "required" ╨╕╨╗╨╕ ╨╛╨▒╤К╤П╨▓╨╗╨╡╨╜╨╕╤П ╨╖╨╜╨░╤З╨╡╨╜╨╕╤П ╤Б╨▓╨╛╨╣╤Б╤В╨▓╨╛, ╨┤╨╛╨┐╤Г╤Б╨║╨░╤О╤Й╨╡╨│╨╛ ╨╖╨╜╨░╤З╨╡╨╜╨╕╨╡ NULL. [C:\Users\user\OneDrive\╨а╨░╨▒╨╛╤З╨╕╨╣ ╤Б╤В╨╛╨╗\regi\WebApplication15\WebApplication15.csproj]
C:\Users\user\OneDrive\╨а╨░╨▒╨╛╤З╨╕╨╣ ╤Б╤В╨╛╨╗\regi\WebApplication15\Controllers\AdminController.cs(591,23): warning CS8618: ╤Б╨▓╨╛╨╣╤Б╤В╨▓╨╛ "Password", ╨╜╨╡ ╨┤╨╛╨┐╤Г╤Б╨║╨░╤О╤Й╨╕╨╣ ╨╖╨╜╨░╤З╨╡╨╜╨╕╤П NULL, ╨┤╨╛╨╗╨╢╨╡╨╜ ╤Б╨╛╨┤╨╡╤А╨╢╨░╤В╤М ╨╖╨╜╨░╤З╨╡╨╜╨╕╨╡, ╨╛╤В╨╗╨╕╤З╨╜╨╛╨╡ ╨╛╤В NULL, ╨┐╤А╨╕ ╨▓╤Л╤Е╨╛╨┤╨╡ ╨╕╨╖ ╨║╨╛╨╜╤Б╤В╤А╤Г╨║╤В╨╛╤А╨░. ╨а╨░╤Б╤Б╨╝╨╛╤В╤А╨╕╤В╨╡ ╨▓╨╛╨╖╨╝╨╛╨╢╨╜╨╛╤Б╤В╤М ╨┤╨╛╨▒╨░╨▓╨╗╨╡╨╜╨╕╤П ╨╝╨╛╨┤╨╕╤Д╨╕╨║╨░╤В╨╛╤А╨░ "required" ╨╕╨╗╨╕ ╨╛╨▒╤К╤П╨▓╨╗╨╡╨╜╨╕╤П ╨╖╨╜╨░╤З╨╡╨╜╨╕╤П ╤Б╨▓╨╛╨╣╤Б╤В╨▓╨╛, ╨┤╨╛╨┐╤Г╤Б╨║╨░╤О╤Й╨╡╨│╨╛ ╨╖╨╜╨░╤З╨╡╨╜╨╕╨╡ NULL. [C:\Users\user\OneDrive\╨а╨░╨▒╨╛╤З╨╕╨╣ ╤Б╤В╨╛╨╗\regi\WebApplication15\WebApplication15.csproj]
C:\Users\user\OneDrive\╨а╨░╨▒╨╛╤З╨╕╨╣ ╤Б╤В╨╛╨╗\regi\WebApplication15\Controllers\AdminController.cs(600,21): warning CS8618: ╤Б╨▓╨╛╨╣╤Б╤В╨▓╨╛ "User", ╨╜╨╡ ╨┤╨╛╨┐╤Г╤Б╨║╨░╤О╤Й╨╕╨╣ ╨╖╨╜╨░╤З╨╡╨╜╨╕╤П NULL, ╨┤╨╛╨╗╨╢╨╡╨╜ ╤Б╨╛╨┤╨╡╤А╨╢╨░╤В╤М ╨╖╨╜╨░╤З╨╡╨╜╨╕╨╡, ╨╛╤В╨╗╨╕╤З╨╜╨╛╨╡ ╨╛╤В NULL, ╨┐╤А╨╕ ╨▓╤Л╤Е╨╛╨┤╨╡ ╨╕╨╖ ╨║╨╛╨╜╤Б╤В╤А╤Г╨║╤В╨╛╤А╨░. ╨а╨░╤Б╤Б╨╝╨╛╤В╤А╨╕╤В╨╡ ╨▓╨╛╨╖╨╝╨╛╨╢╨╜╨╛╤Б╤В╤М ╨┤╨╛╨▒╨░╨▓╨╗╨╡╨╜╨╕╤П ╨╝╨╛╨┤╨╕╤Д╨╕╨║╨░╤В╨╛╤А╨░ "required" ╨╕╨╗╨╕ ╨╛╨▒╤К╤П╨▓╨╗╨╡╨╜╨╕╤П ╨╖╨╜╨░╤З╨╡╨╜╨╕╤П ╤Б╨▓╨╛╨╣╤Б╤В╨▓╨╛, ╨┤╨╛╨┐╤Г╤Б╨║╨░╤О╤Й╨╡╨│╨╛ ╨╖╨╜╨░╤З╨╡╨╜╨╕╨╡ NULL. [C:\Users\user\OneDrive\╨а╨░╨▒╨╛╤З╨╕╨╣ ╤Б╤В╨╛╨╗\regi\WebApplication15\WebApplication15.csproj]
C:\Users\user\OneDrive\╨а╨░╨▒╨╛╤З╨╕╨╣ ╤Б╤В╨╛╨╗\regi\WebApplication15\Controllers\AdminController.cs(601,30): warning CS8618: ╤Б╨▓╨╛╨╣╤Б╤В╨▓╨╛ "Roles", ╨╜╨╡ ╨┤╨╛╨┐╤Г╤Б╨║╨░╤О╤Й╨╕╨╣ ╨╖╨╜╨░╤З╨╡╨╜╨╕╤П NULL, ╨┤╨╛╨╗╨╢╨╡╨╜ ╤Б╨╛╨┤╨╡╤А╨╢╨░╤В╤М ╨╖╨╜╨░╤З╨╡╨╜╨╕╨╡, ╨╛╤В╨╗╨╕╤З╨╜╨╛╨╡ ╨╛╤В NULL, ╨┐╤А╨╕ ╨▓╤Л╤Е╨╛╨┤╨╡ ╨╕╨╖ ╨║╨╛╨╜╤Б╤В╤А╤Г╨║╤В╨╛╤А╨░. ╨а╨░╤Б╤Б╨╝╨╛╤В╤А╨╕╤В╨╡ ╨▓╨╛╨╖╨╝╨╛╨╢╨╜╨╛╤Б╤В╤М ╨┤╨╛╨▒╨░╨▓╨╗╨╡╨╜╨╕╤П ╨╝╨╛╨┤╨╕╤Д╨╕╨║╨░╤В╨╛╤А╨░ "required" ╨╕╨╗╨╕ ╨╛╨▒╤К╤П╨▓╨╗╨╡╨╜╨╕╤П ╨╖╨╜╨░╤З╨╡╨╜╨╕╤П ╤Б╨▓╨╛╨╣╤Б╤В╨▓╨╛, ╨┤╨╛╨┐╤Г╤Б╨║╨░╤О╤Й╨╡╨│╨╛ ╨╖╨╜╨░╤З╨╡╨╜╨╕╨╡ NULL. [C:\Users\user\OneDrive\╨а╨░╨▒╨╛╤З╨╕╨╣ ╤Б╤В╨╛╨╗\regi\WebApplication15\WebApplication15.csproj]
C:\Users\user\OneDrive\╨а╨░╨▒╨╛╤З╨╕╨╣ ╤Б╤В╨╛╨╗\regi\WebApplication15\Controllers\AdminController.cs(607,21): warning CS8618: ╤Б╨▓╨╛╨╣╤Б╤В╨▓╨╛ "User", ╨╜╨╡ ╨┤╨╛╨┐╤Г╤Б╨║╨░╤О╤Й╨╕╨╣ ╨╖╨╜╨░╤З╨╡╨╜╨╕╤П NULL, ╨┤╨╛╨╗╨╢╨╡╨╜ ╤Б╨╛╨┤╨╡╤А╨╢╨░╤В╤М ╨╖╨╜╨░╤З╨╡╨╜╨╕╨╡, ╨╛╤В╨╗╨╕╤З╨╜╨╛╨╡ ╨╛╤В NULL, ╨┐╤А╨╕ ╨▓╤Л╤Е╨╛╨┤╨╡ ╨╕╨╖ ╨║╨╛╨╜╤Б╤В╤А╤Г╨║╤В╨╛╤А╨░. ╨а╨░╤Б╤Б╨╝╨╛╤В╤А╨╕╤В╨╡ ╨▓╨╛╨╖╨╝╨╛╨╢╨╜╨╛╤Б╤В╤М ╨┤╨╛╨▒╨░╨▓╨╗╨╡╨╜╨╕╤П ╨╝╨╛╨┤╨╕╤Д╨╕╨║╨░╤В╨╛╤А╨░ "required" ╨╕╨╗╨╕ ╨╛╨▒╤К╤П╨▓╨╗╨╡╨╜╨╕╤П ╨╖╨╜╨░╤З╨╡╨╜╨╕╤П ╤Б╨▓╨╛╨╣╤Б╤В╨▓╨╛, ╨┤╨╛╨┐╤Г╤Б╨║╨░╤О╤Й╨╡╨│╨╛ ╨╖╨╜╨░╤З╨╡╨╜╨╕╨╡ NULL. [C:\Users\user\OneDrive\╨а╨░╨▒╨╛╤З╨╕╨╣ ╤Б╤В╨╛╨╗\regi\WebApplication15\WebApplication15.csproj]
C:\Users\user\OneDrive\╨а╨░╨▒╨╛╤З╨╕╨╣ ╤Б╤В╨╛╨╗\regi\WebApplication15\Controllers\AdminController.cs(608,30): warning CS8618: ╤Б╨▓╨╛╨╣╤Б╤В╨▓╨╛ "UserRoles", ╨╜╨╡ ╨┤╨╛╨┐╤Г╤Б╨║╨░╤О╤Й╨╕╨╣ ╨╖╨╜╨░╤З╨╡╨╜╨╕╤П NULL, ╨┤╨╛╨╗╨╢╨╡╨╜ ╤Б╨╛╨┤╨╡╤А╨╢╨░╤В╤М ╨╖╨╜╨░╤З╨╡╨╜╨╕╨╡, ╨╛╤В╨╗╨╕╤З╨╜╨╛╨╡ ╨╛╤В NULL, ╨┐╤А╨╕ ╨▓╤Л╤Е╨╛╨┤╨╡ ╨╕╨╖ ╨║╨╛╨╜╤Б╤В╤А╤Г╨║╤В╨╛╤А╨░. ╨а╨░╤Б╤Б╨╝╨╛╤В╤А╨╕╤В╨╡ ╨▓╨╛╨╖╨╝╨╛╨╢╨╜╨╛╤Б╤В╤М ╨┤╨╛╨▒╨░╨▓╨╗╨╡╨╜╨╕╤П ╨╝╨╛╨┤╨╕╤Д╨╕╨║╨░╤В╨╛╤А╨░ "required" ╨╕╨╗╨╕ ╨╛╨▒╤К╤П╨▓╨╗╨╡╨╜╨╕╤П ╨╖╨╜╨░╤З╨╡╨╜╨╕╤П ╤Б╨▓╨╛╨╣╤Б╤В╨▓╨╛, ╨┤╨╛╨┐╤Г╤Б╨║╨░╤О╤Й╨╡╨│╨╛ ╨╖╨╜╨░╤З╨╡╨╜╨╕╨╡ NULL. [C:\Users\user\OneDrive\╨а╨░╨▒╨╛╤З╨╕╨╣ ╤Б╤В╨╛╨╗\regi\WebApplication15\WebApplication15.csproj]
C:\Users\user\OneDrive\╨а╨░╨▒╨╛╤З╨╕╨╣ ╤Б╤В╨╛╨╗\regi\WebApplication15\Controllers\AdminController.cs(609,34): warning CS8618: ╤Б╨▓╨╛╨╣╤Б╤В╨▓╨╛ "TestResults", ╨╜╨╡ ╨┤╨╛╨┐╤Г╤Б╨║╨░╤О╤Й╨╕╨╣ ╨╖╨╜╨░╤З╨╡╨╜╨╕╤П NULL, ╨┤╨╛╨╗╨╢╨╡╨╜ ╤Б╨╛╨┤╨╡╤А╨╢╨░╤В╤М ╨╖╨╜╨░╤З╨╡╨╜╨╕╨╡, ╨╛╤В╨╗╨╕╤З╨╜╨╛╨╡ ╨╛╤В NULL, ╨┐╤А╨╕ ╨▓╤Л╤Е╨╛╨┤╨╡ ╨╕╨╖ ╨║╨╛╨╜╤Б╤В╤А╤Г╨║╤В╨╛╤А╨░. ╨а╨░╤Б╤Б╨╝╨╛╤В╤А╨╕╤В╨╡ ╨▓╨╛╨╖╨╝╨╛╨╢╨╜╨╛╤Б╤В╤М ╨┤╨╛╨▒╨░╨▓╨╗╨╡╨╜╨╕╤П ╨╝╨╛╨┤╨╕╤Д╨╕╨║╨░╤В╨╛╤А╨░ "required" ╨╕╨╗╨╕ ╨╛╨▒╤К╤П╨▓╨╗╨╡╨╜╨╕╤П ╨╖╨╜╨░╤З╨╡╨╜╨╕╤П ╤Б╨▓╨╛╨╣╤Б╤В╨▓╨╛, ╨┤╨╛╨┐╤Г╤Б╨║╨░╤О╤Й╨╡╨│╨╛ ╨╖╨╜╨░╤З╨╡╨╜╨╕╨╡ NULL. [C:\Users\user\OneDrive\╨а╨░╨▒╨╛╤З╨╕╨╣ ╤Б╤В╨╛╨╗\regi\WebApplication15\WebApplication15.csproj]
C:\Users\user\OneDrive\╨а╨░╨▒╨╛╤З╨╕╨╣ ╤Б╤В╨╛╨╗\regi\WebApplication15\Controllers\AdminController.cs(610,36): warning CS8618: ╤Б╨▓╨╛╨╣╤Б╤В╨▓╨╛ "WatchedVideos", ╨╜╨╡ ╨┤╨╛╨┐╤Г╤Б╨║╨░╤О╤Й╨╕╨╣ ╨╖╨╜╨░╤З╨╡╨╜╨╕╤П NULL, ╨┤╨╛╨╗╨╢╨╡╨╜ ╤Б╨╛╨┤╨╡╤А╨╢╨░╤В╤М ╨╖╨╜╨░╤З╨╡╨╜╨╕╨╡, ╨╛╤В╨╗╨╕╤З╨╜╨╛╨╡ ╨╛╤В NULL, ╨┐╤А╨╕ ╨▓╤Л╤Е╨╛╨┤╨╡ ╨╕╨╖ ╨║╨╛╨╜╤Б╤В╤А╤Г╨║╤В╨╛╤А╨░. ╨а╨░╤Б╤Б╨╝╨╛╤В╤А╨╕╤В╨╡ ╨▓╨╛╨╖╨╝╨╛╨╢╨╜╨╛╤Б╤В╤М ╨┤╨╛╨▒╨░╨▓╨╗╨╡╨╜╨╕╤П ╨╝╨╛╨┤╨╕╤Д╨╕╨║╨░╤В╨╛╤А╨░ "required" ╨╕╨╗╨╕ ╨╛╨▒╤К╤П╨▓╨╗╨╡╨╜╨╕╤П ╨╖╨╜╨░╤З╨╡╨╜╨╕╤П ╤Б╨▓╨╛╨╣╤Б╤В╨▓╨╛, ╨┤╨╛╨┐╤Г╤Б╨║╨░╤О╤Й╨╡╨│╨╛ ╨╖╨╜╨░╤З╨╡╨╜╨╕╨╡ NULL. [C:\Users\user\OneDrive\╨а╨░╨▒╨╛╤З╨╕╨╣ ╤Б╤В╨╛╨╗\regi\WebApplication15\WebApplication15.csproj]
C:\Users\user\OneDrive\╨а╨░╨▒╨╛╤З╨╕╨╣ ╤Б╤В╨╛╨╗\regi\WebApplication15\Controllers\LanguageController.cs(79,29): warning CS8619: ╨Ф╨╛╨┐╤Г╤Б╤В╨╕╨╝╨╛╤Б╤В╤М ╨╖╨╜╨░╤З╨╡╨╜╨╕╤П NULL ╨▓ ╨╖╨╜╨░╤З╨╡╨╜╨╕╨╕ ╤В╨╕╨┐╨░ "?" ╨╜╨╡ ╤Б╨╛╨╛╤В╨▓╨╡╤В╤Б╤В╨▓╤Г╨╡╤В ╤Ж╨╡╨╗╨╡╨▓╨╛╨╝╤Г ╤В╨╕╨┐╤Г "dynamic". [C:\Users\user\OneDrive\╨а╨░╨▒╨╛╤З╨╕╨╣ ╤Б╤В╨╛╨╗\regi\WebApplication15\WebApplication15.csproj]
C:\Users\user\OneDrive\╨а╨░╨▒╨╛╤З╨╕╨╣ ╤Б╤В╨╛╨╗\regi\WebApplication15\Controllers\VideoController.cs(45,29): warning CS8600: ╨Я╤А╨╡╨╛╨▒╤А╨░╨╖╨╛╨▓╨░╨╜╨╕╨╡ ╨╗╨╕╤В╨╡╤А╨░╨╗╨░, ╨┤╨╛╨┐╤Г╤Б╨║╨░╤О╤Й╨╡╨│╨╛ ╨╖╨╜╨░╤З╨╡╨╜╨╕╨╡ NULL ╨╕╨╗╨╕ ╨▓╨╛╨╖╨╝╨╛╨╢╨╜╨╛╨│╨╛ ╨╖╨╜╨░╤З╨╡╨╜╨╕╤П NULL ╨▓ ╤В╨╕╨┐, ╨╜╨╡ ╨┤╨╛╨┐╤Г╤Б╨║╨░╤О╤Й╨╕╨╣ ╨╖╨╜╨░╤З╨╡╨╜╨╕╨╡ NULL. [C:\Users\user\OneDrive\╨а╨░╨▒╨╛╤З╨╕╨╣ ╤Б╤В╨╛╨╗\regi\WebApplication15\WebApplication15.csproj]
C:\Users\user\OneDrive\╨а╨░╨▒╨╛╤З╨╕╨╣ ╤Б╤В╨╛╨╗\regi\WebApplication15\Controllers\VideoController.cs(50,26): warning CS8600: ╨Я╤А╨╡╨╛╨▒╤А╨░╨╖╨╛╨▓╨░╨╜╨╕╨╡ ╨╗╨╕╤В╨╡╤А╨░╨╗╨░, ╨┤╨╛╨┐╤Г╤Б╨║╨░╤О╤Й╨╡╨│╨╛ ╨╖╨╜╨░╤З╨╡╨╜╨╕╨╡ NULL ╨╕╨╗╨╕ ╨▓╨╛╨╖╨╝╨╛╨╢╨╜╨╛╨│╨╛ ╨╖╨╜╨░╤З╨╡╨╜╨╕╤П NULL ╨▓ ╤В╨╕╨┐, ╨╜╨╡ ╨┤╨╛╨┐╤Г╤Б╨║╨░╤О╤Й╨╕╨╣ ╨╖╨╜╨░╤З╨╡╨╜╨╕╨╡ NULL. [C:\Users\user\OneDrive\╨а╨░╨▒╨╛╤З╨╕╨╣ ╤Б╤В╨╛╨╗\regi\WebApplication15\WebApplication15.csproj]
C:\Users\user\OneDrive\╨а╨░╨▒╨╛╤З╨╕╨╣ ╤Б╤В╨╛╨╗\regi\WebApplication15\Controllers\VideoController.cs(58,30): warning CS8619: ╨Ф╨╛╨┐╤Г╤Б╤В╨╕╨╝╨╛╤Б╤В╤М ╨╖╨╜╨░╤З╨╡╨╜╨╕╤П NULL ╨▓ ╨╖╨╜╨░╤З╨╡╨╜╨╕╨╕ ╤В╨╕╨┐╨░ "?" ╨╜╨╡ ╤Б╨╛╨╛╤В╨▓╨╡╤В╤Б╤В╨▓╤Г╨╡╤В ╤Ж╨╡╨╗╨╡╨▓╨╛╨╝╤Г ╤В╨╕╨┐╤Г "dynamic". [C:\Users\user\OneDrive\╨а╨░╨▒╨╛╤З╨╕╨╣ ╤Б╤В╨╛╨╗\regi\WebApplication15\WebApplication15.csproj]
C:\Users\user\OneDrive\╨а╨░╨▒╨╛╤З╨╕╨╣ ╤Б╤В╨╛╨╗\regi\WebApplication15\Controllers\LanguageController.cs(116,29): warning CS8619: ╨Ф╨╛╨┐╤Г╤Б╤В╨╕╨╝╨╛╤Б╤В╤М ╨╖╨╜╨░╤З╨╡╨╜╨╕╤П NULL ╨▓ ╨╖╨╜╨░╤З╨╡╨╜╨╕╨╕ ╤В╨╕╨┐╨░ "?" ╨╜╨╡ ╤Б╨╛╨╛╤В╨▓╨╡╤В╤Б╤В╨▓╤Г╨╡╤В ╤Ж╨╡╨╗╨╡╨▓╨╛╨╝╤Г ╤В╨╕╨┐╤Г "dynamic". [C:\Users\user\OneDrive\╨а╨░╨▒╨╛╤З╨╕╨╣ ╤Б╤В╨╛╨╗\regi\WebApplication15\WebApplication15.csproj]
C:\Users\user\OneDrive\╨а╨░╨▒╨╛╤З╨╕╨╣ ╤Б╤В╨╛╨╗\regi\WebApplication15\Controllers\AccountController.cs(130,29): warning CS8600: ╨Я╤А╨╡╨╛╨▒╤А╨░╨╖╨╛╨▓╨░╨╜╨╕╨╡ ╨╗╨╕╤В╨╡╤А╨░╨╗╨░, ╨┤╨╛╨┐╤Г╤Б╨║╨░╤О╤Й╨╡╨│╨╛ ╨╖╨╜╨░╤З╨╡╨╜╨╕╨╡ NULL ╨╕╨╗╨╕ ╨▓╨╛╨╖╨╝╨╛╨╢╨╜╨╛╨│╨╛ ╨╖╨╜╨░╤З╨╡╨╜╨╕╤П NULL ╨▓ ╤В╨╕╨┐, ╨╜╨╡ ╨┤╨╛╨┐╤Г╤Б╨║╨░╤О╤Й╨╕╨╣ ╨╖╨╜╨░╤З╨╡╨╜╨╕╨╡ NULL. [C:\Users\user\OneDrive\╨а╨░╨▒╨╛╤З╨╕╨╣ ╤Б╤В╨╛╨╗\regi\WebApplication15\WebApplication15.csproj]
C:\Users\user\OneDrive\╨а╨░╨▒╨╛╤З╨╕╨╣ ╤Б╤В╨╛╨╗\regi\WebApplication15\Controllers\AccountController.cs(133,65): warning CS8604: ╨Т╨╛╨╖╨╝╨╛╨╢╨╜╨╛, ╨░╤А╨│╤Г╨╝╨╡╨╜╤В-╤Б╤Б╤Л╨╗╨║╨░, ╨┤╨╛╨┐╤Г╤Б╨║╨░╤О╤Й╨╕╨╣ ╨╖╨╜╨░╤З╨╡╨╜╨╕╨╡ NULL, ╨┤╨╗╤П ╨┐╨░╤А╨░╨╝╨╡╤В╤А╨░ "userId" ╨▓ "Task<List<TestResult>> TestService.GetUserResults(string userId)". [C:\Users\user\OneDrive\╨а╨░╨▒╨╛╤З╨╕╨╣ ╤Б╤В╨╛╨╗\regi\WebApplication15\WebApplication15.csproj]
C:\Users\user\OneDrive\╨а╨░╨▒╨╛╤З╨╕╨╣ ╤Б╤В╨╛╨╗\regi\WebApplication15\Controllers\AccountController.cs(144,42): warning CS1998: ╨Т ╨┤╨░╨╜╨╜╨╛╨╝ ╨░╤Б╨╕╨╜╤Е╤А╨╛╨╜╨╜╨╛╨╝ ╨╝╨╡╤В╨╛╨┤╨╡ ╨╛╤В╤Б╤Г╤В╤Б╤В╨▓╤Г╤О╤В ╨╛╨┐╨╡╤А╨░╤В╨╛╤А╤Л await, ╨┐╨╛╤Н╤В╨╛╨╝╤Г ╨╝╨╡╤В╨╛╨┤ ╨▒╤Г╨┤╨╡╤В ╨▓╤Л╨┐╨╛╨╗╨╜╤П╤В╤М╤Б╤П ╤Б╨╕╨╜╤Е╤А╨╛╨╜╨╜╨╛. ╨Т╨╛╤Б╨┐╨╛╨╗╤М╨╖╤Г╨╣╤В╨╡╤Б╤М ╨╛╨┐╨╡╤А╨░╤В╨╛╤А╨╛╨╝ await ╨┤╨╗╤П ╨╛╨╢╨╕╨┤╨░╨╜╨╕╤П ╨╜╨╡╨▒╨╗╨╛╨║╨╕╤А╤Г╤О╤Й╨╕╤Е ╨▓╤Л╨╖╨╛╨▓╨╛╨▓ API ╨╕╨╗╨╕ ╨╛╨┐╨╡╤А╨░╤В╨╛╤А╨╛╨╝ await Task.Run(...) ╨┤╨╗╤П ╨▓╤Л╨┐╨╛╨╗╨╜╨╡╨╜╨╕╤П ╤Б╨▓╤П╨╖╨░╨╜╨╜╤Л╤Е ╤Б ╨ж╨Я ╨╖╨░╨┤╨░╨╜╨╕╨╣ ╨▓ ╤Д╨╛╨╜╨╛╨▓╨╛╨╝ ╨┐╨╛╤В╨╛╨║╨╡. [C:\Users\user\OneDrive\╨а╨░╨▒╨╛╤З╨╕╨╣ ╤Б╤В╨╛╨╗\regi\WebApplication15\WebApplication15.csproj]
C:\Users\user\OneDrive\╨а╨░╨▒╨╛╤З╨╕╨╣ ╤Б╤В╨╛╨╗\regi\WebApplication15\Services\VideoService.cs(69,20): warning CS8603: ╨Т╨╛╨╖╨╝╨╛╨╢╨╜╨╛, ╨▓╨╛╨╖╨▓╤А╨░╤В ╤Б╤Б╤Л╨╗╨║╨╕, ╨┤╨╛╨┐╤Г╤Б╨║╨░╤О╤Й╨╡╨╣ ╨╖╨╜╨░╤З╨╡╨╜╨╕╨╡ NULL. [C:\Users\user\OneDrive\╨а╨░╨▒╨╛╤З╨╕╨╣ ╤Б╤В╨╛╨╗\regi\WebApplication15\WebApplication15.csproj]
C:\Users\user\OneDrive\╨а╨░╨▒╨╛╤З╨╕╨╣ ╤Б╤В╨╛╨╗\regi\WebApplication15\Controllers\VideoController.cs(112,29): warning CS8600: ╨Я╤А╨╡╨╛╨▒╤А╨░╨╖╨╛╨▓╨░╨╜╨╕╨╡ ╨╗╨╕╤В╨╡╤А╨░╨╗╨░, ╨┤╨╛╨┐╤Г╤Б╨║╨░╤О╤Й╨╡╨│╨╛ ╨╖╨╜╨░╤З╨╡╨╜╨╕╨╡ NULL ╨╕╨╗╨╕ ╨▓╨╛╨╖╨╝╨╛╨╢╨╜╨╛╨│╨╛ ╨╖╨╜╨░╤З╨╡╨╜╨╕╤П NULL ╨▓ ╤В╨╕╨┐, ╨╜╨╡ ╨┤╨╛╨┐╤Г╤Б╨║╨░╤О╤Й╨╕╨╣ ╨╖╨╜╨░╤З╨╡╨╜╨╕╨╡ NULL. [C:\Users\user\OneDrive\╨а╨░╨▒╨╛╤З╨╕╨╣ ╤Б╤В╨╛╨╗\regi\WebApplication15\WebApplication15.csproj]
C:\Users\user\OneDrive\╨а╨░╨▒╨╛╤З╨╕╨╣ ╤Б╤В╨╛╨╗\regi\WebApplication15\Controllers\VideoController.cs(117,26): warning CS8600: ╨Я╤А╨╡╨╛╨▒╤А╨░╨╖╨╛╨▓╨░╨╜╨╕╨╡ ╨╗╨╕╤В╨╡╤А╨░╨╗╨░, ╨┤╨╛╨┐╤Г╤Б╨║╨░╤О╤Й╨╡╨│╨╛ ╨╖╨╜╨░╤З╨╡╨╜╨╕╨╡ NULL ╨╕╨╗╨╕ ╨▓╨╛╨╖╨╝╨╛╨╢╨╜╨╛╨│╨╛ ╨╖╨╜╨░╤З╨╡╨╜╨╕╤П NULL ╨▓ ╤В╨╕╨┐, ╨╜╨╡ ╨┤╨╛╨┐╤Г╤Б╨║╨░╤О╤Й╨╕╨╣ ╨╖╨╜╨░╤З╨╡╨╜╨╕╨╡ NULL. [C:\Users\user\OneDrive\╨а╨░╨▒╨╛╤З╨╕╨╣ ╤Б╤В╨╛╨╗\regi\WebApplication15\WebApplication15.csproj]
C:\Users\user\OneDrive\╨а╨░╨▒╨╛╤З╨╕╨╣ ╤Б╤В╨╛╨╗\regi\WebApplication15\Controllers\VideoController.cs(132,30): warning CS8619: ╨Ф╨╛╨┐╤Г╤Б╤В╨╕╨╝╨╛╤Б╤В╤М ╨╖╨╜╨░╤З╨╡╨╜╨╕╤П NULL ╨▓ ╨╖╨╜╨░╤З╨╡╨╜╨╕╨╕ ╤В╨╕╨┐╨░ "?" ╨╜╨╡ ╤Б╨╛╨╛╤В╨▓╨╡╤В╤Б╤В╨▓╤Г╨╡╤В ╤Ж╨╡╨╗╨╡╨▓╨╛╨╝╤Г ╤В╨╕╨┐╤Г "dynamic". [C:\Users\user\OneDrive\╨а╨░╨▒╨╛╤З╨╕╨╣ ╤Б╤В╨╛╨╗\regi\WebApplication15\WebApplication15.csproj]
C:\Users\user\OneDrive\╨а╨░╨▒╨╛╤З╨╕╨╣ ╤Б╤В╨╛╨╗\regi\WebApplication15\Controllers\VideoController.cs(140,29): warning CS8619: ╨Ф╨╛╨┐╤Г╤Б╤В╨╕╨╝╨╛╤Б╤В╤М ╨╖╨╜╨░╤З╨╡╨╜╨╕╤П NULL ╨▓ ╨╖╨╜╨░╤З╨╡╨╜╨╕╨╕ ╤В╨╕╨┐╨░ "?" ╨╜╨╡ ╤Б╨╛╨╛╤В╨▓╨╡╤В╤Б╤В╨▓╤Г╨╡╤В ╤Ж╨╡╨╗╨╡╨▓╨╛╨╝╤Г ╤В╨╕╨┐╤Г "dynamic". [C:\Users\user\OneDrive\╨а╨░╨▒╨╛╤З╨╕╨╣ ╤Б╤В╨╛╨╗\regi\WebApplication15\WebApplication15.csproj]
C:\Users\user\OneDrive\╨а╨░╨▒╨╛╤З╨╕╨╣ ╤Б╤В╨╛╨╗\regi\WebApplication15\Controllers\AccountController.cs(166,42): warning CS1998: ╨Т ╨┤╨░╨╜╨╜╨╛╨╝ ╨░╤Б╨╕╨╜╤Е╤А╨╛╨╜╨╜╨╛╨╝ ╨╝╨╡╤В╨╛╨┤╨╡ ╨╛╤В╤Б╤Г╤В╤Б╤В╨▓╤Г╤О╤В ╨╛╨┐╨╡╤А╨░╤В╨╛╤А╤Л await, ╨┐╨╛╤Н╤В╨╛╨╝╤Г ╨╝╨╡╤В╨╛╨┤ ╨▒╤Г╨┤╨╡╤В ╨▓╤Л╨┐╨╛╨╗╨╜╤П╤В╤М╤Б╤П ╤Б╨╕╨╜╤Е╤А╨╛╨╜╨╜╨╛. ╨Т╨╛╤Б╨┐╨╛╨╗╤М╨╖╤Г╨╣╤В╨╡╤Б╤М ╨╛╨┐╨╡╤А╨░╤В╨╛╤А╨╛╨╝ await ╨┤╨╗╤П ╨╛╨╢╨╕╨┤╨░╨╜╨╕╤П ╨╜╨╡╨▒╨╗╨╛╨║╨╕╤А╤Г╤О╤Й╨╕╤Е ╨▓╤Л╨╖╨╛╨▓╨╛╨▓ API ╨╕╨╗╨╕ ╨╛╨┐╨╡╤А╨░╤В╨╛╤А╨╛╨╝ await Task.Run(...) ╨┤╨╗╤П ╨▓╤Л╨┐╨╛╨╗╨╜╨╡╨╜╨╕╤П ╤Б╨▓╤П╨╖╨░╨╜╨╜╤Л╤Е ╤Б ╨ж╨Я ╨╖╨░╨┤╨░╨╜╨╕╨╣ ╨▓ ╤Д╨╛╨╜╨╛╨▓╨╛╨╝ ╨┐╨╛╤В╨╛╨║╨╡. [C:\Users\user\OneDrive\╨а╨░╨▒╨╛╤З╨╕╨╣ ╤Б╤В╨╛╨╗\regi\WebApplication15\WebApplication15.csproj]
C:\Users\user\OneDrive\╨а╨░╨▒╨╛╤З╨╕╨╣ ╤Б╤В╨╛╨╗\regi\WebApplication15\Views\Account\Profile.cshtml(10,36): warning CS8604: ╨Т╨╛╨╖╨╝╨╛╨╢╨╜╨╛, ╨░╤А╨│╤Г╨╝╨╡╨╜╤В-╤Б╤Б╤Л╨╗╨║╨░, ╨┤╨╛╨┐╤Г╤Б╨║╨░╤О╤Й╨╕╨╣ ╨╖╨╜╨░╤З╨╡╨╜╨╕╨╡ NULL, ╨┤╨╗╤П ╨┐╨░╤А╨░╨╝╨╡╤В╤А╨░ "source" ╨▓ "double Enumerable.Average<TestResult>(IEnumerable<TestResult> source, Func<TestResult, int> selector)". [C:\Users\user\OneDrive\╨а╨░╨▒╨╛╤З╨╕╨╣ ╤Б╤В╨╛╨╗\regi\WebApplication15\WebApplication15.csproj]
C:\Users\user\OneDrive\╨а╨░╨▒╨╛╤З╨╕╨╣ ╤Б╤В╨╛╨╗\regi\WebApplication15\Controllers\VideoController.cs(177,29): warning CS8600: ╨Я╤А╨╡╨╛╨▒╤А╨░╨╖╨╛╨▓╨░╨╜╨╕╨╡ ╨╗╨╕╤В╨╡╤А╨░╨╗╨░, ╨┤╨╛╨┐╤Г╤Б╨║╨░╤О╤Й╨╡╨│╨╛ ╨╖╨╜╨░╤З╨╡╨╜╨╕╨╡ NULL ╨╕╨╗╨╕ ╨▓╨╛╨╖╨╝╨╛╨╢╨╜╨╛╨│╨╛ ╨╖╨╜╨░╤З╨╡╨╜╨╕╤П NULL ╨▓ ╤В╨╕╨┐, ╨╜╨╡ ╨┤╨╛╨┐╤Г╤Б╨║╨░╤О╤Й╨╕╨╣ ╨╖╨╜╨░╤З╨╡╨╜╨╕╨╡ NULL. [C:\Users\user\OneDrive\╨а╨░╨▒╨╛╤З╨╕╨╣ ╤Б╤В╨╛╨╗\regi\WebApplication15\WebApplication15.csproj]
C:\Users\user\OneDrive\╨а╨░╨▒╨╛╤З╨╕╨╣ ╤Б╤В╨╛╨╗\regi\WebApplication15\Controllers\VideoController.cs(182,26): warning CS8600: ╨Я╤А╨╡╨╛╨▒╤А╨░╨╖╨╛╨▓╨░╨╜╨╕╨╡ ╨╗╨╕╤В╨╡╤А╨░╨╗╨░, ╨┤╨╛╨┐╤Г╤Б╨║╨░╤О╤Й╨╡╨│╨╛ ╨╖╨╜╨░╤З╨╡╨╜╨╕╨╡ NULL ╨╕╨╗╨╕ ╨▓╨╛╨╖╨╝╨╛╨╢╨╜╨╛╨│╨╛ ╨╖╨╜╨░╤З╨╡╨╜╨╕╤П NULL ╨▓ ╤В╨╕╨┐, ╨╜╨╡ ╨┤╨╛╨┐╤Г╤Б╨║╨░╤О╤Й╨╕╨╣ ╨╖╨╜╨░╤З╨╡╨╜╨╕╨╡ NULL. [C:\Users\user\OneDrive\╨а╨░╨▒╨╛╤З╨╕╨╣ ╤Б╤В╨╛╨╗\regi\WebApplication15\WebApplication15.csproj]
C:\Users\user\OneDrive\╨а╨░╨▒╨╛╤З╨╕╨╣ ╤Б╤В╨╛╨╗\regi\WebApplication15\Controllers\VideoController.cs(186,67): warning CS8604: ╨Т╨╛╨╖╨╝╨╛╨╢╨╜╨╛, ╨░╤А╨│╤Г╨╝╨╡╨╜╤В-╤Б╤Б╤Л╨╗╨║╨░, ╨┤╨╛╨┐╤Г╤Б╨║╨░╤О╤Й╨╕╨╣ ╨╖╨╜╨░╤З╨╡╨╜╨╕╨╡ NULL, ╨┤╨╗╤П ╨┐╨░╤А╨░╨╝╨╡╤В╤А╨░ "userId" ╨▓ "Task<Video> VideoService.GetVideoByIdAsync(int id, string userId = null)". [C:\Users\user\OneDrive\╨а╨░╨▒╨╛╤З╨╕╨╣ ╤Б╤В╨╛╨╗\regi\WebApplication15\WebApplication15.csproj]
C:\Users\user\OneDrive\╨а╨░╨▒╨╛╤З╨╕╨╣ ╤Б╤В╨╛╨╗\regi\WebApplication15\Controllers\VideoController.cs(204,34): warning CS8619: ╨Ф╨╛╨┐╤Г╤Б╤В╨╕╨╝╨╛╤Б╤В╤М ╨╖╨╜╨░╤З╨╡╨╜╨╕╤П NULL ╨▓ ╨╖╨╜╨░╤З╨╡╨╜╨╕╨╕ ╤В╨╕╨┐╨░ "?" ╨╜╨╡ ╤Б╨╛╨╛╤В╨▓╨╡╤В╤Б╤В╨▓╤Г╨╡╤В ╤Ж╨╡╨╗╨╡╨▓╨╛╨╝╤Г ╤В╨╕╨┐╤Г "dynamic". [C:\Users\user\OneDrive\╨а╨░╨▒╨╛╤З╨╕╨╣ ╤Б╤В╨╛╨╗\regi\WebApplication15\WebApplication15.csproj]
C:\Users\user\OneDrive\╨а╨░╨▒╨╛╤З╨╕╨╣ ╤Б╤В╨╛╨╗\regi\WebApplication15\Controllers\TestController.cs(49,30): warning CS8619: ╨Ф╨╛╨┐╤Г╤Б╤В╨╕╨╝╨╛╤Б╤В╤М ╨╖╨╜╨░╤З╨╡╨╜╨╕╤П NULL ╨▓ ╨╖╨╜╨░╤З╨╡╨╜╨╕╨╕ ╤В╨╕╨┐╨░ "?" ╨╜╨╡ ╤Б╨╛╨╛╤В╨▓╨╡╤В╤Б╤В╨▓╤Г╨╡╤В ╤Ж╨╡╨╗╨╡╨▓╨╛╨╝╤Г ╤В╨╕╨┐╤Г "dynamic". [C:\Users\user\OneDrive\╨а╨░╨▒╨╛╤З╨╕╨╣ ╤Б╤В╨╛╨╗\regi\WebApplication15\WebApplication15.csproj]
C:\Users\user\OneDrive\╨а╨░╨▒╨╛╤З╨╕╨╣ ╤Б╤В╨╛╨╗\regi\WebApplication15\Controllers\TestController.cs(74,17): warning CS8602: ╨а╨░╨╖╤Л╨╝╨╡╨╜╨╛╨▓╨░╨╜╨╕╨╡ ╨▓╨╡╤А╨╛╤П╤В╨╜╨╛╨╣ ╨┐╤Г╤Б╤В╨╛╨╣ ╤Б╤Б╤Л╨╗╨║╨╕. [C:\Users\user\OneDrive\╨а╨░╨▒╨╛╤З╨╕╨╣ ╤Б╤В╨╛╨╗\regi\WebApplication15\WebApplication15.csproj]
C:\Users\user\OneDrive\╨а╨░╨▒╨╛╤З╨╕╨╣ ╤Б╤В╨╛╨╗\regi\WebApplication15\Controllers\VideoController.cs(258,79): warning CS8604: ╨Т╨╛╨╖╨╝╨╛╨╢╨╜╨╛, ╨░╤А╨│╤Г╨╝╨╡╨╜╤В-╤Б╤Б╤Л╨╗╨║╨░, ╨┤╨╛╨┐╤Г╤Б╨║╨░╤О╤Й╨╕╨╣ ╨╖╨╜╨░╤З╨╡╨╜╨╕╨╡ NULL, ╨┤╨╗╤П ╨┐╨░╤А╨░╨╝╨╡╤В╤А╨░ "userId" ╨▓ "Task<List<WatchedVideo>> VideoService.GetUserWatchedVideosAsync(string userId)". [C:\Users\user\OneDrive\╨а╨░╨▒╨╛╤З╨╕╨╣ ╤Б╤В╨╛╨╗\regi\WebApplication15\WebApplication15.csproj]
C:\Users\user\OneDrive\╨а╨░╨▒╨╛╤З╨╕╨╣ ╤Б╤В╨╛╨╗\regi\WebApplication15\Program.cs(27,27): warning CS8600: ╨Я╤А╨╡╨╛╨▒╤А╨░╨╖╨╛╨▓╨░╨╜╨╕╨╡ ╨╗╨╕╤В╨╡╤А╨░╨╗╨░, ╨┤╨╛╨┐╤Г╤Б╨║╨░╤О╤Й╨╡╨│╨╛ ╨╖╨╜╨░╤З╨╡╨╜╨╕╨╡ NULL ╨╕╨╗╨╕ ╨▓╨╛╨╖╨╝╨╛╨╢╨╜╨╛╨│╨╛ ╨╖╨╜╨░╤З╨╡╨╜╨╕╤П NULL ╨▓ ╤В╨╕╨┐, ╨╜╨╡ ╨┤╨╛╨┐╤Г╤Б╨║╨░╤О╤Й╨╕╨╣ ╨╖╨╜╨░╤З╨╡╨╜╨╕╨╡ NULL. [C:\Users\user\OneDrive\╨а╨░╨▒╨╛╤З╨╕╨╣ ╤Б╤В╨╛╨╗\regi\WebApplication15\WebApplication15.csproj]
C:\Users\user\OneDrive\╨а╨░╨▒╨╛╤З╨╕╨╣ ╤Б╤В╨╛╨╗\regi\WebApplication15\Controllers\TestController.cs(154,73): warning CS8600: ╨Я╤А╨╡╨╛╨▒╤А╨░╨╖╨╛╨▓╨░╨╜╨╕╨╡ ╨╗╨╕╤В╨╡╤А╨░╨╗╨░, ╨┤╨╛╨┐╤Г╤Б╨║╨░╤О╤Й╨╡╨│╨╛ ╨╖╨╜╨░╤З╨╡╨╜╨╕╨╡ NULL ╨╕╨╗╨╕ ╨▓╨╛╨╖╨╝╨╛╨╢╨╜╨╛╨│╨╛ ╨╖╨╜╨░╤З╨╡╨╜╨╕╤П NULL ╨▓ ╤В╨╕╨┐, ╨╜╨╡ ╨┤╨╛╨┐╤Г╤Б╨║╨░╤О╤Й╨╕╨╣ ╨╖╨╜╨░╤З╨╡╨╜╨╕╨╡ NULL. [C:\Users\user\OneDrive\╨а╨░╨▒╨╛╤З╨╕╨╣ ╤Б╤В╨╛╨╗\regi\WebApplication15\WebApplication15.csproj]
C:\Users\user\OneDrive\╨а╨░╨▒╨╛╤З╨╕╨╣ ╤Б╤В╨╛╨╗\regi\WebApplication15\Controllers\TestController.cs(202,18): warning CS8602: ╨а╨░╨╖╤Л╨╝╨╡╨╜╨╛╨▓╨░╨╜╨╕╨╡ ╨▓╨╡╤А╨╛╤П╤В╨╜╨╛╨╣ ╨┐╤Г╤Б╤В╨╛╨╣ ╤Б╤Б╤Л╨╗╨║╨╕. [C:\Users\user\OneDrive\╨а╨░╨▒╨╛╤З╨╕╨╣ ╤Б╤В╨╛╨╗\regi\WebApplication15\WebApplication15.csproj]
C:\Users\user\OneDrive\╨а╨░╨▒╨╛╤З╨╕╨╣ ╤Б╤В╨╛╨╗\regi\WebApplication15\Models\WatchedVideo.cs(13,23): warning CS8618: ╤Б╨▓╨╛╨╣╤Б╤В╨▓╨╛ "UserId", ╨╜╨╡ ╨┤╨╛╨┐╤Г╤Б╨║╨░╤О╤Й╨╕╨╣ ╨╖╨╜╨░╤З╨╡╨╜╨╕╤П NULL, ╨┤╨╛╨╗╨╢╨╡╨╜ ╤Б╨╛╨┤╨╡╤А╨╢╨░╤В╤М ╨╖╨╜╨░╤З╨╡╨╜╨╕╨╡, ╨╛╤В╨╗╨╕╤З╨╜╨╛╨╡ ╨╛╤В NULL, ╨┐╤А╨╕ ╨▓╤Л╤Е╨╛╨┤╨╡ ╨╕╨╖ ╨║╨╛╨╜╤Б╤В╤А╤Г╨║╤В╨╛╤А╨░. ╨а╨░╤Б╤Б╨╝╨╛╤В╤А╨╕╤В╨╡ ╨▓╨╛╨╖╨╝╨╛╨╢╨╜╨╛╤Б╤В╤М ╨┤╨╛╨▒╨░╨▓╨╗╨╡╨╜╨╕╤П ╨╝╨╛╨┤╨╕╤Д╨╕╨║╨░╤В╨╛╤А╨░ "required" ╨╕╨╗╨╕ ╨╛╨▒╤К╤П╨▓╨╗╨╡╨╜╨╕╤П ╨╖╨╜╨░╤З╨╡╨╜╨╕╤П ╤Б╨▓╨╛╨╣╤Б╤В╨▓╨╛, ╨┤╨╛╨┐╤Г╤Б╨║╨░╤О╤Й╨╡╨│╨╛ ╨╖╨╜╨░╤З╨╡╨╜╨╕╨╡ NULL. [C:\Users\user\OneDrive\╨а╨░╨▒╨╛╤З╨╕╨╣ ╤Б╤В╨╛╨╗\regi\WebApplication15\WebApplication15.csproj]
C:\Users\user\OneDrive\╨а╨░╨▒╨╛╤З╨╕╨╣ ╤Б╤В╨╛╨╗\regi\WebApplication15\Models\WatchedVideo.cs(22,29): warning CS8618: ╤Б╨▓╨╛╨╣╤Б╤В╨▓╨╛ "User", ╨╜╨╡ ╨┤╨╛╨┐╤Г╤Б╨║╨░╤О╤Й╨╕╨╣ ╨╖╨╜╨░╤З╨╡╨╜╨╕╤П NULL, ╨┤╨╛╨╗╨╢╨╡╨╜ ╤Б╨╛╨┤╨╡╤А╨╢╨░╤В╤М ╨╖╨╜╨░╤З╨╡╨╜╨╕╨╡, ╨╛╤В╨╗╨╕╤З╨╜╨╛╨╡ ╨╛╤В NULL, ╨┐╤А╨╕ ╨▓╤Л╤Е╨╛╨┤╨╡ ╨╕╨╖ ╨║╨╛╨╜╤Б╤В╤А╤Г╨║╤В╨╛╤А╨░. ╨а╨░╤Б╤Б╨╝╨╛╤В╤А╨╕╤В╨╡ ╨▓╨╛╨╖╨╝╨╛╨╢╨╜╨╛╤Б╤В╤М ╨┤╨╛╨▒╨░╨▓╨╗╨╡╨╜╨╕╤П ╨╝╨╛╨┤╨╕╤Д╨╕╨║╨░╤В╨╛╤А╨░ "required" ╨╕╨╗╨╕ ╨╛╨▒╤К╤П╨▓╨╗╨╡╨╜╨╕╤П ╨╖╨╜╨░╤З╨╡╨╜╨╕╤П ╤Б╨▓╨╛╨╣╤Б╤В╨▓╨╛, ╨┤╨╛╨┐╤Г╤Б╨║╨░╤О╤Й╨╡╨│╨╛ ╨╖╨╜╨░╤З╨╡╨╜╨╕╨╡ NULL. [C:\Users\user\OneDrive\╨а╨░╨▒╨╛╤З╨╕╨╣ ╤Б╤В╨╛╨╗\regi\WebApplication15\WebApplication15.csproj]
C:\Users\user\OneDrive\╨а╨░╨▒╨╛╤З╨╕╨╣ ╤Б╤В╨╛╨╗\regi\WebApplication15\Models\WatchedVideo.cs(25,30): warning CS8618: ╤Б╨▓╨╛╨╣╤Б╤В╨▓╨╛ "Video", ╨╜╨╡ ╨┤╨╛╨┐╤Г╤Б╨║╨░╤О╤Й╨╕╨╣ ╨╖╨╜╨░╤З╨╡╨╜╨╕╤П NULL, ╨┤╨╛╨╗╨╢╨╡╨╜ ╤Б╨╛╨┤╨╡╤А╨╢╨░╤В╤М ╨╖╨╜╨░╤З╨╡╨╜╨╕╨╡, ╨╛╤В╨╗╨╕╤З╨╜╨╛╨╡ ╨╛╤В NULL, ╨┐╤А╨╕ ╨▓╤Л╤Е╨╛╨┤╨╡ ╨╕╨╖ ╨║╨╛╨╜╤Б╤В╤А╤Г╨║╤В╨╛╤А╨░. ╨а╨░╤Б╤Б╨╝╨╛╤В╤А╨╕╤В╨╡ ╨▓╨╛╨╖╨╝╨╛╨╢╨╜╨╛╤Б╤В╤М ╨┤╨╛╨▒╨░╨▓╨╗╨╡╨╜╨╕╤П ╨╝╨╛╨┤╨╕╤Д╨╕╨║╨░╤В╨╛╤А╨░ "required" ╨╕╨╗╨╕ ╨╛╨▒╤К╤П╨▓╨╗╨╡╨╜╨╕╤П ╨╖╨╜╨░╤З╨╡╨╜╨╕╤П ╤Б╨▓╨╛╨╣╤Б╤В╨▓╨╛, ╨┤╨╛╨┐╤Г╤Б╨║╨░╤О╤Й╨╡╨│╨╛ ╨╖╨╜╨░╤З╨╡╨╜╨╕╨╡ NULL. [C:\Users\user\OneDrive\╨а╨░╨▒╨╛╤З╨╕╨╣ ╤Б╤В╨╛╨╗\regi\WebApplication15\WebApplication15.csproj]
C:\Users\user\OneDrive\╨а╨░╨▒╨╛╤З╨╕╨╣ ╤Б╤В╨╛╨╗\regi\WebApplication15\Models\Video.cs(56,16): warning CS8618: ╤Б╨▓╨╛╨╣╤Б╤В╨▓╨╛ "Title", ╨╜╨╡ ╨┤╨╛╨┐╤Г╤Б╨║╨░╤О╤Й╨╕╨╣ ╨╖╨╜╨░╤З╨╡╨╜╨╕╤П NULL, ╨┤╨╛╨╗╨╢╨╡╨╜ ╤Б╨╛╨┤╨╡╤А╨╢╨░╤В╤М ╨╖╨╜╨░╤З╨╡╨╜╨╕╨╡, ╨╛╤В╨╗╨╕╤З╨╜╨╛╨╡ ╨╛╤В NULL, ╨┐╤А╨╕ ╨▓╤Л╤Е╨╛╨┤╨╡ ╨╕╨╖ ╨║╨╛╨╜╤Б╤В╤А╤Г╨║╤В╨╛╤А╨░. ╨а╨░╤Б╤Б╨╝╨╛╤В╤А╨╕╤В╨╡ ╨▓╨╛╨╖╨╝╨╛╨╢╨╜╨╛╤Б╤В╤М ╨┤╨╛╨▒╨░╨▓╨╗╨╡╨╜╨╕╤П ╨╝╨╛╨┤╨╕╤Д╨╕╨║╨░╤В╨╛╤А╨░ "required" ╨╕╨╗╨╕ ╨╛╨▒╤К╤П╨▓╨╗╨╡╨╜╨╕╤П ╨╖╨╜╨░╤З╨╡╨╜╨╕╤П ╤Б╨▓╨╛╨╣╤Б╤В╨▓╨╛, ╨┤╨╛╨┐╤Г╤Б╨║╨░╤О╤Й╨╡╨│╨╛ ╨╖╨╜╨░╤З╨╡╨╜╨╕╨╡ NULL. [C:\Users\user\OneDrive\╨а╨░╨▒╨╛╤З╨╕╨╣ ╤Б╤В╨╛╨╗\regi\WebApplication15\WebApplication15.csproj]
C:\Users\user\OneDrive\╨а╨░╨▒╨╛╤З╨╕╨╣ ╤Б╤В╨╛╨╗\regi\WebApplication15\Models\Video.cs(56,16): warning CS8618: ╤Б╨▓╨╛╨╣╤Б╤В╨▓╨╛ "Description", ╨╜╨╡ ╨┤╨╛╨┐╤Г╤Б╨║╨░╤О╤Й╨╕╨╣ ╨╖╨╜╨░╤З╨╡╨╜╨╕╤П NULL, ╨┤╨╛╨╗╨╢╨╡╨╜ ╤Б╨╛╨┤╨╡╤А╨╢╨░╤В╤М ╨╖╨╜╨░╤З╨╡╨╜╨╕╨╡, ╨╛╤В╨╗╨╕╤З╨╜╨╛╨╡ ╨╛╤В NULL, ╨┐╤А╨╕ ╨▓╤Л╤Е╨╛╨┤╨╡ ╨╕╨╖ ╨║╨╛╨╜╤Б╤В╤А╤Г╨║╤В╨╛╤А╨░. ╨а╨░╤Б╤Б╨╝╨╛╤В╤А╨╕╤В╨╡ ╨▓╨╛╨╖╨╝╨╛╨╢╨╜╨╛╤Б╤В╤М ╨┤╨╛╨▒╨░╨▓╨╗╨╡╨╜╨╕╤П ╨╝╨╛╨┤╨╕╤Д╨╕╨║╨░╤В╨╛╤А╨░ "required" ╨╕╨╗╨╕ ╨╛╨▒╤К╤П╨▓╨╗╨╡╨╜╨╕╤П ╨╖╨╜╨░╤З╨╡╨╜╨╕╤П ╤Б╨▓╨╛╨╣╤Б╤В╨▓╨╛, ╨┤╨╛╨┐╤Г╤Б╨║╨░╤О╤Й╨╡╨│╨╛ ╨╖╨╜╨░╤З╨╡╨╜╨╕╨╡ NULL. [C:\Users\user\OneDrive\╨а╨░╨▒╨╛╤З╨╕╨╣ ╤Б╤В╨╛╨╗\regi\WebApplication15\WebApplication15.csproj]
C:\Users\user\OneDrive\╨а╨░╨▒╨╛╤З╨╕╨╣ ╤Б╤В╨╛╨╗\regi\WebApplication15\Models\Video.cs(56,16): warning CS8618: ╤Б╨▓╨╛╨╣╤Б╤В╨▓╨╛ "Level", ╨╜╨╡ ╨┤╨╛╨┐╤Г╤Б╨║╨░╤О╤Й╨╕╨╣ ╨╖╨╜╨░╤З╨╡╨╜╨╕╤П NULL, ╨┤╨╛╨╗╨╢╨╡╨╜ ╤Б╨╛╨┤╨╡╤А╨╢╨░╤В╤М ╨╖╨╜╨░╤З╨╡╨╜╨╕╨╡, ╨╛╤В╨╗╨╕╤З╨╜╨╛╨╡ ╨╛╤В NULL, ╨┐╤А╨╕ ╨▓╤Л╤Е╨╛╨┤╨╡ ╨╕╨╖ ╨║╨╛╨╜╤Б╤В╤А╤Г╨║╤В╨╛╤А╨░. ╨а╨░╤Б╤Б╨╝╨╛╤В╤А╨╕╤В╨╡ ╨▓╨╛╨╖╨╝╨╛╨╢╨╜╨╛╤Б╤В╤М ╨┤╨╛╨▒╨░╨▓╨╗╨╡╨╜╨╕╤П ╨╝╨╛╨┤╨╕╤Д╨╕╨║╨░╤В╨╛╤А╨░ "required" ╨╕╨╗╨╕ ╨╛╨▒╤К╤П╨▓╨╗╨╡╨╜╨╕╤П ╨╖╨╜╨░╤З╨╡╨╜╨╕╤П ╤Б╨▓╨╛╨╣╤Б╤В╨▓╨╛, ╨┤╨╛╨┐╤Г╤Б╨║╨░╤О╤Й╨╡╨│╨╛ ╨╖╨╜╨░╤З╨╡╨╜╨╕╨╡ NULL. [C:\Users\user\OneDrive\╨а╨░╨▒╨╛╤З╨╕╨╣ ╤Б╤В╨╛╨╗\regi\WebApplication15\WebApplication15.csproj]
C:\Users\user\OneDrive\╨а╨░╨▒╨╛╤З╨╕╨╣ ╤Б╤В╨╛╨╗\regi\WebApplication15\Models\Video.cs(56,16): warning CS8618: ╤Б╨▓╨╛╨╣╤Б╤В╨▓╨╛ "VideoUrl", ╨╜╨╡ ╨┤╨╛╨┐╤Г╤Б╨║╨░╤О╤Й╨╕╨╣ ╨╖╨╜╨░╤З╨╡╨╜╨╕╤П NULL, ╨┤╨╛╨╗╨╢╨╡╨╜ ╤Б╨╛╨┤╨╡╤А╨╢╨░╤В╤М ╨╖╨╜╨░╤З╨╡╨╜╨╕╨╡, ╨╛╤В╨╗╨╕╤З╨╜╨╛╨╡ ╨╛╤В NULL, ╨┐╤А╨╕ ╨▓╤Л╤Е╨╛╨┤╨╡ ╨╕╨╖ ╨║╨╛╨╜╤Б╤В╤А╤Г╨║╤В╨╛╤А╨░. ╨а╨░╤Б╤Б╨╝╨╛╤В╤А╨╕╤В╨╡ ╨▓╨╛╨╖╨╝╨╛╨╢╨╜╨╛╤Б╤В╤М ╨┤╨╛╨▒╨░╨▓╨╗╨╡╨╜╨╕╤П ╨╝╨╛╨┤╨╕╤Д╨╕╨║╨░╤В╨╛╤А╨░ "required" ╨╕╨╗╨╕ ╨╛╨▒╤К╤П╨▓╨╗╨╡╨╜╨╕╤П ╨╖╨╜╨░╤З╨╡╨╜╨╕╤П ╤Б╨▓╨╛╨╣╤Б╤В╨▓╨╛, ╨┤╨╛╨┐╤Г╤Б╨║╨░╤О╤Й╨╡╨│╨╛ ╨╖╨╜╨░╤З╨╡╨╜╨╕╨╡ NULL. [C:\Users\user\OneDrive\╨а╨░╨▒╨╛╤З╨╕╨╣ ╤Б╤В╨╛╨╗\regi\WebApplication15\WebApplication15.csproj]
C:\Users\user\OneDrive\╨а╨░╨▒╨╛╤З╨╕╨╣ ╤Б╤В╨╛╨╗\regi\WebApplication15\Models\Video.cs(56,16): warning CS8618: ╤Б╨▓╨╛╨╣╤Б╤В╨▓╨╛ "ThumbnailUrl", ╨╜╨╡ ╨┤╨╛╨┐╤Г╤Б╨║╨░╤О╤Й╨╕╨╣ ╨╖╨╜╨░╤З╨╡╨╜╨╕╤П NULL, ╨┤╨╛╨╗╨╢╨╡╨╜ ╤Б╨╛╨┤╨╡╤А╨╢╨░╤В╤М ╨╖╨╜╨░╤З╨╡╨╜╨╕╨╡, ╨╛╤В╨╗╨╕╤З╨╜╨╛╨╡ ╨╛╤В NULL, ╨┐╤А╨╕ ╨▓╤Л╤Е╨╛╨┤╨╡ ╨╕╨╖ ╨║╨╛╨╜╤Б╤В╤А╤Г╨║╤В╨╛╤А╨░. ╨а╨░╤Б╤Б╨╝╨╛╤В╤А╨╕╤В╨╡ ╨▓╨╛╨╖╨╝╨╛╨╢╨╜╨╛╤Б╤В╤М ╨┤╨╛╨▒╨░╨▓╨╗╨╡╨╜╨╕╤П ╨╝╨╛╨┤╨╕╤Д╨╕╨║╨░╤В╨╛╤А╨░ "required" ╨╕╨╗╨╕ ╨╛╨▒╤К╤П╨▓╨╗╨╡╨╜╨╕╤П ╨╖╨╜╨░╤З╨╡╨╜╨╕╤П ╤Б╨▓╨╛╨╣╤Б╤В╨▓╨╛, ╨┤╨╛╨┐╤Г╤Б╨║╨░╤О╤Й╨╡╨│╨╛ ╨╖╨╜╨░╤З╨╡╨╜╨╕╨╡ NULL. [C:\Users\user\OneDrive\╨а╨░╨▒╨╛╤З╨╕╨╣ ╤Б╤В╨╛╨╗\regi\WebApplication15\WebApplication15.csproj]
C:\Users\user\OneDrive\╨а╨░╨▒╨╛╤З╨╕╨╣ ╤Б╤В╨╛╨╗\regi\WebApplication15\Models\Video.cs(56,16): warning CS8618: ╤Б╨▓╨╛╨╣╤Б╤В╨▓╨╛ "Duration", ╨╜╨╡ ╨┤╨╛╨┐╤Г╤Б╨║╨░╤О╤Й╨╕╨╣ ╨╖╨╜╨░╤З╨╡╨╜╨╕╤П NULL, ╨┤╨╛╨╗╨╢╨╡╨╜ ╤Б╨╛╨┤╨╡╤А╨╢╨░╤В╤М ╨╖╨╜╨░╤З╨╡╨╜╨╕╨╡, ╨╛╤В╨╗╨╕╤З╨╜╨╛╨╡ ╨╛╤В NULL, ╨┐╤А╨╕ ╨▓╤Л╤Е╨╛╨┤╨╡ ╨╕╨╖ ╨║╨╛╨╜╤Б╤В╤А╤Г╨║╤В╨╛╤А╨░. ╨а╨░╤Б╤Б╨╝╨╛╤В╤А╨╕╤В╨╡ ╨▓╨╛╨╖╨╝╨╛╨╢╨╜╨╛╤Б╤В╤М ╨┤╨╛╨▒╨░╨▓╨╗╨╡╨╜╨╕╤П ╨╝╨╛╨┤╨╕╤Д╨╕╨║╨░╤В╨╛╤А╨░ "required" ╨╕╨╗╨╕ ╨╛╨▒╤К╤П╨▓╨╗╨╡╨╜╨╕╤П ╨╖╨╜╨░╤З╨╡╨╜╨╕╤П ╤Б╨▓╨╛╨╣╤Б╤В╨▓╨╛, ╨┤╨╛╨┐╤Г╤Б╨║╨░╤О╤Й╨╡╨│╨╛ ╨╖╨╜╨░╤З╨╡╨╜╨╕╨╡ NULL. [C:\Users\user\OneDrive\╨а╨░╨▒╨╛╤З╨╕╨╣ ╤Б╤В╨╛╨╗\regi\WebApplication15\WebApplication15.csproj]
C:\Users\user\OneDrive\╨а╨░╨▒╨╛╤З╨╕╨╣ ╤Б╤В╨╛╨╗\regi\WebApplication15\Models\Video.cs(56,16): warning CS8618: ╤Б╨▓╨╛╨╣╤Б╤В╨▓╨╛ "Language", ╨╜╨╡ ╨┤╨╛╨┐╤Г╤Б╨║╨░╤О╤Й╨╕╨╣ ╨╖╨╜╨░╤З╨╡╨╜╨╕╤П NULL, ╨┤╨╛╨╗╨╢╨╡╨╜ ╤Б╨╛╨┤╨╡╤А╨╢╨░╤В╤М ╨╖╨╜╨░╤З╨╡╨╜╨╕╨╡, ╨╛╤В╨╗╨╕╤З╨╜╨╛╨╡ ╨╛╤В NULL, ╨┐╤А╨╕ ╨▓╤Л╤Е╨╛╨┤╨╡ ╨╕╨╖ ╨║╨╛╨╜╤Б╤В╤А╤Г╨║╤В╨╛╤А╨░. ╨а╨░╤Б╤Б╨╝╨╛╤В╤А╨╕╤В╨╡ ╨▓╨╛╨╖╨╝╨╛╨╢╨╜╨╛╤Б╤В╤М ╨┤╨╛╨▒╨░╨▓╨╗╨╡╨╜╨╕╤П ╨╝╨╛╨┤╨╕╤Д╨╕╨║╨░╤В╨╛╤А╨░ "required" ╨╕╨╗╨╕ ╨╛╨▒╤К╤П╨▓╨╗╨╡╨╜╨╕╤П ╨╖╨╜╨░╤З╨╡╨╜╨╕╤П ╤Б╨▓╨╛╨╣╤Б╤В╨▓╨╛, ╨┤╨╛╨┐╤Г╤Б╨║╨░╤О╤Й╨╡╨│╨╛ ╨╖╨╜╨░╤З╨╡╨╜╨╕╨╡ NULL. [C:\Users\user\OneDrive\╨а╨░╨▒╨╛╤З╨╕╨╣ ╤Б╤В╨╛╨╗\regi\WebApplication15\WebApplication15.csproj]
C:\Users\user\OneDrive\╨а╨░╨▒╨╛╤З╨╕╨╣ ╤Б╤В╨╛╨╗\regi\WebApplication15\Services\VideoService.cs(202,35): warning CS1998: ╨Т ╨┤╨░╨╜╨╜╨╛╨╝ ╨░╤Б╨╕╨╜╤Е╤А╨╛╨╜╨╜╨╛╨╝ ╨╝╨╡╤В╨╛╨┤╨╡ ╨╛╤В╤Б╤Г╤В╤Б╤В╨▓╤Г╤О╤В ╨╛╨┐╨╡╤А╨░╤В╨╛╤А╤Л await, ╨┐╨╛╤Н╤В╨╛╨╝╤Г ╨╝╨╡╤В╨╛╨┤ ╨▒╤Г╨┤╨╡╤В ╨▓╤Л╨┐╨╛╨╗╨╜╤П╤В╤М╤Б╤П ╤Б╨╕╨╜╤Е╤А╨╛╨╜╨╜╨╛. ╨Т╨╛╤Б╨┐╨╛╨╗╤М╨╖╤Г╨╣╤В╨╡╤Б╤М ╨╛╨┐╨╡╤А╨░╤В╨╛╤А╨╛╨╝ await ╨┤╨╗╤П ╨╛╨╢╨╕╨┤╨░╨╜╨╕╤П ╨╜╨╡╨▒╨╗╨╛╨║╨╕╤А╤Г╤О╤Й╨╕╤Е ╨▓╤Л╨╖╨╛╨▓╨╛╨▓ API ╨╕╨╗╨╕ ╨╛╨┐╨╡╤А╨░╤В╨╛╤А╨╛╨╝ await Task.Run(...) ╨┤╨╗╤П ╨▓╤Л╨┐╨╛╨╗╨╜╨╡╨╜╨╕╤П ╤Б╨▓╤П╨╖╨░╨╜╨╜╤Л╤Е ╤Б ╨ж╨Я ╨╖╨░╨┤╨░╨╜╨╕╨╣ ╨▓ ╤Д╨╛╨╜╨╛╨▓╨╛╨╝ ╨┐╨╛╤В╨╛╨║╨╡. [C:\Users\user\OneDrive\╨а╨░╨▒╨╛╤З╨╕╨╣ ╤Б╤В╨╛╨╗\regi\WebApplication15\WebApplication15.csproj]
C:\Users\user\OneDrive\╨а╨░╨▒╨╛╤З╨╕╨╣ ╤Б╤В╨╛╨╗\regi\WebApplication15\Services\VideoService.cs(217,35): warning CS1998: ╨Т ╨┤╨░╨╜╨╜╨╛╨╝ ╨░╤Б╨╕╨╜╤Е╤А╨╛╨╜╨╜╨╛╨╝ ╨╝╨╡╤В╨╛╨┤╨╡ ╨╛╤В╤Б╤Г╤В╤Б╤В╨▓╤Г╤О╤В ╨╛╨┐╨╡╤А╨░╤В╨╛╤А╤Л await, ╨┐╨╛╤Н╤В╨╛╨╝╤Г ╨╝╨╡╤В╨╛╨┤ ╨▒╤Г╨┤╨╡╤В ╨▓╤Л╨┐╨╛╨╗╨╜╤П╤В╤М╤Б╤П ╤Б╨╕╨╜╤Е╤А╨╛╨╜╨╜╨╛. ╨Т╨╛╤Б╨┐╨╛╨╗╤М╨╖╤Г╨╣╤В╨╡╤Б╤М ╨╛╨┐╨╡╤А╨░╤В╨╛╤А╨╛╨╝ await ╨┤╨╗╤П ╨╛╨╢╨╕╨┤╨░╨╜╨╕╤П ╨╜╨╡╨▒╨╗╨╛╨║╨╕╤А╤Г╤О╤Й╨╕╤Е ╨▓╤Л╨╖╨╛╨▓╨╛╨▓ API ╨╕╨╗╨╕ ╨╛╨┐╨╡╤А╨░╤В╨╛╤А╨╛╨╝ await Task.Run(...) ╨┤╨╗╤П ╨▓╤Л╨┐╨╛╨╗╨╜╨╡╨╜╨╕╤П ╤Б╨▓╤П╨╖╨░╨╜╨╜╤Л╤Е ╤Б ╨ж╨Я ╨╖╨░╨┤╨░╨╜╨╕╨╣ ╨▓ ╤Д╨╛╨╜╨╛╨▓╨╛╨╝ ╨┐╨╛╤В╨╛╨║╨╡. [C:\Users\user\OneDrive\╨а╨░╨▒╨╛╤З╨╕╨╣ ╤Б╤В╨╛╨╗\regi\WebApplication15\WebApplication15.csproj]
C:\Users\user\OneDrive\╨а╨░╨▒╨╛╤З╨╕╨╣ ╤Б╤В╨╛╨╗\regi\WebApplication15\Models\AdminLoginViewModel.cs(9,23): warning CS8618: ╤Б╨▓╨╛╨╣╤Б╤В╨▓╨╛ "Username", ╨╜╨╡ ╨┤╨╛╨┐╤Г╤Б╨║╨░╤О╤Й╨╕╨╣ ╨╖╨╜╨░╤З╨╡╨╜╨╕╤П NULL, ╨┤╨╛╨╗╨╢╨╡╨╜ ╤Б╨╛╨┤╨╡╤А╨╢╨░╤В╤М ╨╖╨╜╨░╤З╨╡╨╜╨╕╨╡, ╨╛╤В╨╗╨╕╤З╨╜╨╛╨╡ ╨╛╤В NULL, ╨┐╤А╨╕ ╨▓╤Л╤Е╨╛╨┤╨╡ ╨╕╨╖ ╨║╨╛╨╜╤Б╤В╤А╤Г╨║╤В╨╛╤А╨░. ╨а╨░╤Б╤Б╨╝╨╛╤В╤А╨╕╤В╨╡ ╨▓╨╛╨╖╨╝╨╛╨╢╨╜╨╛╤Б╤В╤М ╨┤╨╛╨▒╨░╨▓╨╗╨╡╨╜╨╕╤П ╨╝╨╛╨┤╨╕╤Д╨╕╨║╨░╤В╨╛╤А╨░ "required" ╨╕╨╗╨╕ ╨╛╨▒╤К╤П╨▓╨╗╨╡╨╜╨╕╤П ╨╖╨╜╨░╤З╨╡╨╜╨╕╤П ╤Б╨▓╨╛╨╣╤Б╤В╨▓╨╛, ╨┤╨╛╨┐╤Г╤Б╨║╨░╤О╤Й╨╡╨│╨╛ ╨╖╨╜╨░╤З╨╡╨╜╨╕╨╡ NULL. [C:\Users\user\OneDrive\╨а╨░╨▒╨╛╤З╨╕╨╣ ╤Б╤В╨╛╨╗\regi\WebApplication15\WebApplication15.csproj]
C:\Users\user\OneDrive\╨а╨░╨▒╨╛╤З╨╕╨╣ ╤Б╤В╨╛╨╗\regi\WebApplication15\Models\AdminLoginViewModel.cs(14,23): warning CS8618: ╤Б╨▓╨╛╨╣╤Б╤В╨▓╨╛ "Password", ╨╜╨╡ ╨┤╨╛╨┐╤Г╤Б╨║╨░╤О╤Й╨╕╨╣ ╨╖╨╜╨░╤З╨╡╨╜╨╕╤П NULL, ╨┤╨╛╨╗╨╢╨╡╨╜ ╤Б╨╛╨┤╨╡╤А╨╢╨░╤В╤М ╨╖╨╜╨░╤З╨╡╨╜╨╕╨╡, ╨╛╤В╨╗╨╕╤З╨╜╨╛╨╡ ╨╛╤В NULL, ╨┐╤А╨╕ ╨▓╤Л╤Е╨╛╨┤╨╡ ╨╕╨╖ ╨║╨╛╨╜╤Б╤В╤А╤Г╨║╤В╨╛╤А╨░. ╨а╨░╤Б╤Б╨╝╨╛╤В╤А╨╕╤В╨╡ ╨▓╨╛╨╖╨╝╨╛╨╢╨╜╨╛╤Б╤В╤М ╨┤╨╛╨▒╨░╨▓╨╗╨╡╨╜╨╕╤П ╨╝╨╛╨┤╨╕╤Д╨╕╨║╨░╤В╨╛╤А╨░ "required" ╨╕╨╗╨╕ ╨╛╨▒╤К╤П╨▓╨╗╨╡╨╜╨╕╤П ╨╖╨╜╨░╤З╨╡╨╜╨╕╤П ╤Б╨▓╨╛╨╣╤Б╤В╨▓╨╛, ╨┤╨╛╨┐╤Г╤Б╨║╨░╤О╤Й╨╡╨│╨╛ ╨╖╨╜╨░╤З╨╡╨╜╨╕╨╡ NULL. [C:\Users\user\OneDrive\╨а╨░╨▒╨╛╤З╨╕╨╣ ╤Б╤В╨╛╨╗\regi\WebApplication15\WebApplication15.csproj]
C:\Users\user\OneDrive\╨а╨░╨▒╨╛╤З╨╕╨╣ ╤Б╤В╨╛╨╗\regi\WebApplication15\Models\Answer.cs(13,23): warning CS8618: ╤Б╨▓╨╛╨╣╤Б╤В╨▓╨╛ "Text", ╨╜╨╡ ╨┤╨╛╨┐╤Г╤Б╨║╨░╤О╤Й╨╕╨╣ ╨╖╨╜╨░╤З╨╡╨╜╨╕╤П NULL, ╨┤╨╛╨╗╨╢╨╡╨╜ ╤Б╨╛╨┤╨╡╤А╨╢╨░╤В╤М ╨╖╨╜╨░╤З╨╡╨╜╨╕╨╡, ╨╛╤В╨╗╨╕╤З╨╜╨╛╨╡ ╨╛╤В NULL, ╨┐╤А╨╕ ╨▓╤Л╤Е╨╛╨┤╨╡ ╨╕╨╖ ╨║╨╛╨╜╤Б╤В╤А╤Г╨║╤В╨╛╤А╨░. ╨а╨░╤Б╤Б╨╝╨╛╤В╤А╨╕╤В╨╡ ╨▓╨╛╨╖╨╝╨╛╨╢╨╜╨╛╤Б╤В╤М ╨┤╨╛╨▒╨░╨▓╨╗╨╡╨╜╨╕╤П ╨╝╨╛╨┤╨╕╤Д╨╕╨║╨░╤В╨╛╤А╨░ "required" ╨╕╨╗╨╕ ╨╛╨▒╤К╤П╨▓╨╗╨╡╨╜╨╕╤П ╨╖╨╜╨░╤З╨╡╨╜╨╕╤П ╤Б╨▓╨╛╨╣╤Б╤В╨▓╨╛, ╨┤╨╛╨┐╤Г╤Б╨║╨░╤О╤Й╨╡╨│╨╛ ╨╖╨╜╨░╤З╨╡╨╜╨╕╨╡ NULL. [C:\Users\user\OneDrive\╨а╨░╨▒╨╛╤З╨╕╨╣ ╤Б╤В╨╛╨╗\regi\WebApplication15\WebApplication15.csproj]
C:\Users\user\OneDrive\╨а╨░╨▒╨╛╤З╨╕╨╣ ╤Б╤В╨╛╨╗\regi\WebApplication15\Models\Answer.cs(23,33): warning CS8618: ╤Б╨▓╨╛╨╣╤Б╤В╨▓╨╛ "Question", ╨╜╨╡ ╨┤╨╛╨┐╤Г╤Б╨║╨░╤О╤Й╨╕╨╣ ╨╖╨╜╨░╤З╨╡╨╜╨╕╤П NULL, ╨┤╨╛╨╗╨╢╨╡╨╜ ╤Б╨╛╨┤╨╡╤А╨╢╨░╤В╤М ╨╖╨╜╨░╤З╨╡╨╜╨╕╨╡, ╨╛╤В╨╗╨╕╤З╨╜╨╛╨╡ ╨╛╤В NULL, ╨┐╤А╨╕ ╨▓╤Л╤Е╨╛╨┤╨╡ ╨╕╨╖ ╨║╨╛╨╜╤Б╤В╤А╤Г╨║╤В╨╛╤А╨░. ╨а╨░╤Б╤Б╨╝╨╛╤В╤А╨╕╤В╨╡ ╨▓╨╛╨╖╨╝╨╛╨╢╨╜╨╛╤Б╤В╤М ╨┤╨╛╨▒╨░╨▓╨╗╨╡╨╜╨╕╤П ╨╝╨╛╨┤╨╕╤Д╨╕╨║╨░╤В╨╛╤А╨░ "required" ╨╕╨╗╨╕ ╨╛╨▒╤К╤П╨▓╨╗╨╡╨╜╨╕╤П ╨╖╨╜╨░╤З╨╡╨╜╨╕╤П ╤Б╨▓╨╛╨╣╤Б╤В╨▓╨╛, ╨┤╨╛╨┐╤Г╤Б╨║╨░╤О╤Й╨╡╨│╨╛ ╨╖╨╜╨░╤З╨╡╨╜╨╕╨╡ NULL. [C:\Users\user\OneDrive\╨а╨░╨▒╨╛╤З╨╕╨╣ ╤Б╤В╨╛╨╗\regi\WebApplication15\WebApplication15.csproj]
C:\Users\user\OneDrive\╨а╨░╨▒╨╛╤З╨╕╨╣ ╤Б╤В╨╛╨╗\regi\WebApplication15\Services\VideoService.cs(235,24): warning CS8603: ╨Т╨╛╨╖╨╝╨╛╨╢╨╜╨╛, ╨▓╨╛╨╖╨▓╤А╨░╤В ╤Б╤Б╤Л╨╗╨║╨╕, ╨┤╨╛╨┐╤Г╤Б╨║╨░╤О╤Й╨╡╨╣ ╨╖╨╜╨░╤З╨╡╨╜╨╕╨╡ NULL. [C:\Users\user\OneDrive\╨а╨░╨▒╨╛╤З╨╕╨╣ ╤Б╤В╨╛╨╗\regi\WebApplication15\WebApplication15.csproj]
C:\Users\user\OneDrive\╨а╨░╨▒╨╛╤З╨╕╨╣ ╤Б╤В╨╛╨╗\regi\WebApplication15\Services\VideoService.cs(241,20): warning CS8603: ╨Т╨╛╨╖╨╝╨╛╨╢╨╜╨╛, ╨▓╨╛╨╖╨▓╤А╨░╤В ╤Б╤Б╤Л╨╗╨║╨╕, ╨┤╨╛╨┐╤Г╤Б╨║╨░╤О╤Й╨╡╨╣ ╨╖╨╜╨░╤З╨╡╨╜╨╕╨╡ NULL. [C:\Users\user\OneDrive\╨а╨░╨▒╨╛╤З╨╕╨╣ ╤Б╤В╨╛╨╗\regi\WebApplication15\WebApplication15.csproj]
C:\Users\user\OneDrive\╨а╨░╨▒╨╛╤З╨╕╨╣ ╤Б╤В╨╛╨╗\regi\WebApplication15\Models\User.cs(51,16): warning CS8618: ╤Б╨▓╨╛╨╣╤Б╤В╨▓╨╛ "FirstName", ╨╜╨╡ ╨┤╨╛╨┐╤Г╤Б╨║╨░╤О╤Й╨╕╨╣ ╨╖╨╜╨░╤З╨╡╨╜╨╕╤П NULL, ╨┤╨╛╨╗╨╢╨╡╨╜ ╤Б╨╛╨┤╨╡╤А╨╢╨░╤В╤М ╨╖╨╜╨░╤З╨╡╨╜╨╕╨╡, ╨╛╤В╨╗╨╕╤З╨╜╨╛╨╡ ╨╛╤В NULL, ╨┐╤А╨╕ ╨▓╤Л╤Е╨╛╨┤╨╡ ╨╕╨╖ ╨║╨╛╨╜╤Б╤В╤А╤Г╨║╤В╨╛╤А╨░. ╨а╨░╤Б╤Б╨╝╨╛╤В╤А╨╕╤В╨╡ ╨▓╨╛╨╖╨╝╨╛╨╢╨╜╨╛╤Б╤В╤М ╨┤╨╛╨▒╨░╨▓╨╗╨╡╨╜╨╕╤П ╨╝╨╛╨┤╨╕╤Д╨╕╨║╨░╤В╨╛╤А╨░ "required" ╨╕╨╗╨╕ ╨╛╨▒╤К╤П╨▓╨╗╨╡╨╜╨╕╤П ╨╖╨╜╨░╤З╨╡╨╜╨╕╤П ╤Б╨▓╨╛╨╣╤Б╤В╨▓╨╛, ╨┤╨╛╨┐╤Г╤Б╨║╨░╤О╤Й╨╡╨│╨╛ ╨╖╨╜╨░╤З╨╡╨╜╨╕╨╡ NULL. [C:\Users\user\OneDrive\╨а╨░╨▒╨╛╤З╨╕╨╣ ╤Б╤В╨╛╨╗\regi\WebApplication15\WebApplication15.csproj]
C:\Users\user\OneDrive\╨а╨░╨▒╨╛╤З╨╕╨╣ ╤Б╤В╨╛╨╗\regi\WebApplication15\Models\User.cs(51,16): warning CS8618: ╤Б╨▓╨╛╨╣╤Б╤В╨▓╨╛ "LastName", ╨╜╨╡ ╨┤╨╛╨┐╤Г╤Б╨║╨░╤О╤Й╨╕╨╣ ╨╖╨╜╨░╤З╨╡╨╜╨╕╤П NULL, ╨┤╨╛╨╗╨╢╨╡╨╜ ╤Б╨╛╨┤╨╡╤А╨╢╨░╤В╤М ╨╖╨╜╨░╤З╨╡╨╜╨╕╨╡, ╨╛╤В╨╗╨╕╤З╨╜╨╛╨╡ ╨╛╤В NULL, ╨┐╤А╨╕ ╨▓╤Л╤Е╨╛╨┤╨╡ ╨╕╨╖ ╨║╨╛╨╜╤Б╤В╤А╤Г╨║╤В╨╛╤А╨░. ╨а╨░╤Б╤Б╨╝╨╛╤В╤А╨╕╤В╨╡ ╨▓╨╛╨╖╨╝╨╛╨╢╨╜╨╛╤Б╤В╤М ╨┤╨╛╨▒╨░╨▓╨╗╨╡╨╜╨╕╤П ╨╝╨╛╨┤╨╕╤Д╨╕╨║╨░╤В╨╛╤А╨░ "required" ╨╕╨╗╨╕ ╨╛╨▒╤К╤П╨▓╨╗╨╡╨╜╨╕╤П ╨╖╨╜╨░╤З╨╡╨╜╨╕╤П ╤Б╨▓╨╛╨╣╤Б╤В╨▓╨╛, ╨┤╨╛╨┐╤Г╤Б╨║╨░╤О╤Й╨╡╨│╨╛ ╨╖╨╜╨░╤З╨╡╨╜╨╕╨╡ NULL. [C:\Users\user\OneDrive\╨а╨░╨▒╨╛╤З╨╕╨╣ ╤Б╤В╨╛╨╗\regi\WebApplication15\WebApplication15.csproj]
C:\Users\user\OneDrive\╨а╨░╨▒╨╛╤З╨╕╨╣ ╤Б╤В╨╛╨╗\regi\WebApplication15\Models\User.cs(51,16): warning CS8618: ╤Б╨▓╨╛╨╣╤Б╤В╨▓╨╛ "ProfilePictureUrl", ╨╜╨╡ ╨┤╨╛╨┐╤Г╤Б╨║╨░╤О╤Й╨╕╨╣ ╨╖╨╜╨░╤З╨╡╨╜╨╕╤П NULL, ╨┤╨╛╨╗╨╢╨╡╨╜ ╤Б╨╛╨┤╨╡╤А╨╢╨░╤В╤М ╨╖╨╜╨░╤З╨╡╨╜╨╕╨╡, ╨╛╤В╨╗╨╕╤З╨╜╨╛╨╡ ╨╛╤В NULL, ╨┐╤А╨╕ ╨▓╤Л╤Е╨╛╨┤╨╡ ╨╕╨╖ ╨║╨╛╨╜╤Б╤В╤А╤Г╨║╤В╨╛╤А╨░. ╨а╨░╤Б╤Б╨╝╨╛╤В╤А╨╕╤В╨╡ ╨▓╨╛╨╖╨╝╨╛╨╢╨╜╨╛╤Б╤В╤М ╨┤╨╛╨▒╨░╨▓╨╗╨╡╨╜╨╕╤П ╨╝╨╛╨┤╨╕╤Д╨╕╨║╨░╤В╨╛╤А╨░ "required" ╨╕╨╗╨╕ ╨╛╨▒╤К╤П╨▓╨╗╨╡╨╜╨╕╤П ╨╖╨╜╨░╤З╨╡╨╜╨╕╤П ╤Б╨▓╨╛╨╣╤Б╤В╨▓╨╛, ╨┤╨╛╨┐╤Г╤Б╨║╨░╤О╤Й╨╡╨│╨╛ ╨╖╨╜╨░╤З╨╡╨╜╨╕╨╡ NULL. [C:\Users\user\OneDrive\╨а╨░╨▒╨╛╤З╨╕╨╣ ╤Б╤В╨╛╨╗\regi\WebApplication15\WebApplication15.csproj]
C:\Users\user\OneDrive\╨а╨░╨▒╨╛╤З╨╕╨╣ ╤Б╤В╨╛╨╗\regi\WebApplication15\Models\TestResult.cs(13,23): warning CS8618: ╤Б╨▓╨╛╨╣╤Б╤В╨▓╨╛ "UserId", ╨╜╨╡ ╨┤╨╛╨┐╤Г╤Б╨║╨░╤О╤Й╨╕╨╣ ╨╖╨╜╨░╤З╨╡╨╜╨╕╤П NULL, ╨┤╨╛╨╗╨╢╨╡╨╜ ╤Б╨╛╨┤╨╡╤А╨╢╨░╤В╤М ╨╖╨╜╨░╤З╨╡╨╜╨╕╨╡, ╨╛╤В╨╗╨╕╤З╨╜╨╛╨╡ ╨╛╤В NULL, ╨┐╤А╨╕ ╨▓╤Л╤Е╨╛╨┤╨╡ ╨╕╨╖ ╨║╨╛╨╜╤Б╤В╤А╤Г╨║╤В╨╛╤А╨░. ╨а╨░╤Б╤Б╨╝╨╛╤В╤А╨╕╤В╨╡ ╨▓╨╛╨╖╨╝╨╛╨╢╨╜╨╛╤Б╤В╤М ╨┤╨╛╨▒╨░╨▓╨╗╨╡╨╜╨╕╤П ╨╝╨╛╨┤╨╕╤Д╨╕╨║╨░╤В╨╛╤А╨░ "required" ╨╕╨╗╨╕ ╨╛╨▒╤К╤П╨▓╨╗╨╡╨╜╨╕╤П ╨╖╨╜╨░╤З╨╡╨╜╨╕╤П ╤Б╨▓╨╛╨╣╤Б╤В╨▓╨╛, ╨┤╨╛╨┐╤Г╤Б╨║╨░╤О╤Й╨╡╨│╨╛ ╨╖╨╜╨░╤З╨╡╨╜╨╕╨╡ NULL. [C:\Users\user\OneDrive\╨а╨░╨▒╨╛╤З╨╕╨╣ ╤Б╤В╨╛╨╗\regi\WebApplication15\WebApplication15.csproj]
C:\Users\user\OneDrive\╨а╨░╨▒╨╛╤З╨╕╨╣ ╤Б╤В╨╛╨╗\regi\WebApplication15\Models\TestResult.cs(34,29): warning CS8618: ╤Б╨▓╨╛╨╣╤Б╤В╨▓╨╛ "User", ╨╜╨╡ ╨┤╨╛╨┐╤Г╤Б╨║╨░╤О╤Й╨╕╨╣ ╨╖╨╜╨░╤З╨╡╨╜╨╕╤П NULL, ╨┤╨╛╨╗╨╢╨╡╨╜ ╤Б╨╛╨┤╨╡╤А╨╢╨░╤В╤М ╨╖╨╜╨░╤З╨╡╨╜╨╕╨╡, ╨╛╤В╨╗╨╕╤З╨╜╨╛╨╡ ╨╛╤В NULL, ╨┐╤А╨╕ ╨▓╤Л╤Е╨╛╨┤╨╡ ╨╕╨╖ ╨║╨╛╨╜╤Б╤В╤А╤Г╨║╤В╨╛╤А╨░. ╨а╨░╤Б╤Б╨╝╨╛╤В╤А╨╕╤В╨╡ ╨▓╨╛╨╖╨╝╨╛╨╢╨╜╨╛╤Б╤В╤М ╨┤╨╛╨▒╨░╨▓╨╗╨╡╨╜╨╕╤П ╨╝╨╛╨┤╨╕╤Д╨╕╨║╨░╤В╨╛╤А╨░ "required" ╨╕╨╗╨╕ ╨╛╨▒╤К╤П╨▓╨╗╨╡╨╜╨╕╤П ╨╖╨╜╨░╤З╨╡╨╜╨╕╤П ╤Б╨▓╨╛╨╣╤Б╤В╨▓╨╛, ╨┤╨╛╨┐╤Г╤Б╨║╨░╤О╤Й╨╡╨│╨╛ ╨╖╨╜╨░╤З╨╡╨╜╨╕╨╡ NULL. [C:\Users\user\OneDrive\╨а╨░╨▒╨╛╤З╨╕╨╣ ╤Б╤В╨╛╨╗\regi\WebApplication15\WebApplication15.csproj]
C:\Users\user\OneDrive\╨а╨░╨▒╨╛╤З╨╕╨╣ ╤Б╤В╨╛╨╗\regi\WebApplication15\Models\TestResult.cs(37,29): warning CS8618: ╤Б╨▓╨╛╨╣╤Б╤В╨▓╨╛ "Test", ╨╜╨╡ ╨┤╨╛╨┐╤Г╤Б╨║╨░╤О╤Й╨╕╨╣ ╨╖╨╜╨░╤З╨╡╨╜╨╕╤П NULL, ╨┤╨╛╨╗╨╢╨╡╨╜ ╤Б╨╛╨┤╨╡╤А╨╢╨░╤В╤М ╨╖╨╜╨░╤З╨╡╨╜╨╕╨╡, ╨╛╤В╨╗╨╕╤З╨╜╨╛╨╡ ╨╛╤В NULL, ╨┐╤А╨╕ ╨▓╤Л╤Е╨╛╨┤╨╡ ╨╕╨╖ ╨║╨╛╨╜╤Б╤В╤А╤Г╨║╤В╨╛╤А╨░. ╨а╨░╤Б╤Б╨╝╨╛╤В╤А╨╕╤В╨╡ ╨▓╨╛╨╖╨╝╨╛╨╢╨╜╨╛╤Б╤В╤М ╨┤╨╛╨▒╨░╨▓╨╗╨╡╨╜╨╕╤П ╨╝╨╛╨┤╨╕╤Д╨╕╨║╨░╤В╨╛╤А╨░ "required" ╨╕╨╗╨╕ ╨╛╨▒╤К╤П╨▓╨╗╨╡╨╜╨╕╤П ╨╖╨╜╨░╤З╨╡╨╜╨╕╤П ╤Б╨▓╨╛╨╣╤Б╤В╨▓╨╛, ╨┤╨╛╨┐╤Г╤Б╨║╨░╤О╤Й╨╡╨│╨╛ ╨╖╨╜╨░╤З╨╡╨╜╨╕╨╡ NULL. [C:\Users\user\OneDrive\╨а╨░╨▒╨╛╤З╨╕╨╣ ╤Б╤В╨╛╨╗\regi\WebApplication15\WebApplication15.csproj]
C:\Users\user\OneDrive\╨а╨░╨▒╨╛╤З╨╕╨╣ ╤Б╤В╨╛╨╗\regi\WebApplication15\Models\Language.cs(24,16): warning CS8618: ╤Б╨▓╨╛╨╣╤Б╤В╨▓╨╛ "Name", ╨╜╨╡ ╨┤╨╛╨┐╤Г╤Б╨║╨░╤О╤Й╨╕╨╣ ╨╖╨╜╨░╤З╨╡╨╜╨╕╤П NULL, ╨┤╨╛╨╗╨╢╨╡╨╜ ╤Б╨╛╨┤╨╡╤А╨╢╨░╤В╤М ╨╖╨╜╨░╤З╨╡╨╜╨╕╨╡, ╨╛╤В╨╗╨╕╤З╨╜╨╛╨╡ ╨╛╤В NULL, ╨┐╤А╨╕ ╨▓╤Л╤Е╨╛╨┤╨╡ ╨╕╨╖ ╨║╨╛╨╜╤Б╤В╤А╤Г╨║╤В╨╛╤А╨░. ╨а╨░╤Б╤Б╨╝╨╛╤В╤А╨╕╤В╨╡ ╨▓╨╛╨╖╨╝╨╛╨╢╨╜╨╛╤Б╤В╤М ╨┤╨╛╨▒╨░╨▓╨╗╨╡╨╜╨╕╤П ╨╝╨╛╨┤╨╕╤Д╨╕╨║╨░╤В╨╛╤А╨░ "required" ╨╕╨╗╨╕ ╨╛╨▒╤К╤П╨▓╨╗╨╡╨╜╨╕╤П ╨╖╨╜╨░╤З╨╡╨╜╨╕╤П ╤Б╨▓╨╛╨╣╤Б╤В╨▓╨╛, ╨┤╨╛╨┐╤Г╤Б╨║╨░╤О╤Й╨╡╨│╨╛ ╨╖╨╜╨░╤З╨╡╨╜╨╕╨╡ NULL. [C:\Users\user\OneDrive\╨а╨░╨▒╨╛╤З╨╕╨╣ ╤Б╤В╨╛╨╗\regi\WebApplication15\WebApplication15.csproj]
C:\Users\user\OneDrive\╨а╨░╨▒╨╛╤З╨╕╨╣ ╤Б╤В╨╛╨╗\regi\WebApplication15\Models\Language.cs(24,16): warning CS8618: ╤Б╨▓╨╛╨╣╤Б╤В╨▓╨╛ "Code", ╨╜╨╡ ╨┤╨╛╨┐╤Г╤Б╨║╨░╤О╤Й╨╕╨╣ ╨╖╨╜╨░╤З╨╡╨╜╨╕╤П NULL, ╨┤╨╛╨╗╨╢╨╡╨╜ ╤Б╨╛╨┤╨╡╤А╨╢╨░╤В╤М ╨╖╨╜╨░╤З╨╡╨╜╨╕╨╡, ╨╛╤В╨╗╨╕╤З╨╜╨╛╨╡ ╨╛╤В NULL, ╨┐╤А╨╕ ╨▓╤Л╤Е╨╛╨┤╨╡ ╨╕╨╖ ╨║╨╛╨╜╤Б╤В╤А╤Г╨║╤В╨╛╤А╨░. ╨а╨░╤Б╤Б╨╝╨╛╤В╤А╨╕╤В╨╡ ╨▓╨╛╨╖╨╝╨╛╨╢╨╜╨╛╤Б╤В╤М ╨┤╨╛╨▒╨░╨▓╨╗╨╡╨╜╨╕╤П ╨╝╨╛╨┤╨╕╤Д╨╕╨║╨░╤В╨╛╤А╨░ "required" ╨╕╨╗╨╕ ╨╛╨▒╤К╤П╨▓╨╗╨╡╨╜╨╕╤П ╨╖╨╜╨░╤З╨╡╨╜╨╕╤П ╤Б╨▓╨╛╨╣╤Б╤В╨▓╨╛, ╨┤╨╛╨┐╤Г╤Б╨║╨░╤О╤Й╨╡╨│╨╛ ╨╖╨╜╨░╤З╨╡╨╜╨╕╨╡ NULL. [C:\Users\user\OneDrive\╨а╨░╨▒╨╛╤З╨╕╨╣ ╤Б╤В╨╛╨╗\regi\WebApplication15\WebApplication15.csproj]
C:\Users\user\OneDrive\╨а╨░╨▒╨╛╤З╨╕╨╣ ╤Б╤В╨╛╨╗\regi\WebApplication15\Models\Language.cs(24,16): warning CS8618: ╤Б╨▓╨╛╨╣╤Б╤В╨▓╨╛ "Icon", ╨╜╨╡ ╨┤╨╛╨┐╤Г╤Б╨║╨░╤О╤Й╨╕╨╣ ╨╖╨╜╨░╤З╨╡╨╜╨╕╤П NULL, ╨┤╨╛╨╗╨╢╨╡╨╜ ╤Б╨╛╨┤╨╡╤А╨╢╨░╤В╤М ╨╖╨╜╨░╤З╨╡╨╜╨╕╨╡, ╨╛╤В╨╗╨╕╤З╨╜╨╛╨╡ ╨╛╤В NULL, ╨┐╤А╨╕ ╨▓╤Л╤Е╨╛╨┤╨╡ ╨╕╨╖ ╨║╨╛╨╜╤Б╤В╤А╤Г╨║╤В╨╛╤А╨░. ╨а╨░╤Б╤Б╨╝╨╛╤В╤А╨╕╤В╨╡ ╨▓╨╛╨╖╨╝╨╛╨╢╨╜╨╛╤Б╤В╤М ╨┤╨╛╨▒╨░╨▓╨╗╨╡╨╜╨╕╤П ╨╝╨╛╨┤╨╕╤Д╨╕╨║╨░╤В╨╛╤А╨░ "required" ╨╕╨╗╨╕ ╨╛╨▒╤К╤П╨▓╨╗╨╡╨╜╨╕╤П ╨╖╨╜╨░╤З╨╡╨╜╨╕╤П ╤Б╨▓╨╛╨╣╤Б╤В╨▓╨╛, ╨┤╨╛╨┐╤Г╤Б╨║╨░╤О╤Й╨╡╨│╨╛ ╨╖╨╜╨░╤З╨╡╨╜╨╕╨╡ NULL. [C:\Users\user\OneDrive\╨а╨░╨▒╨╛╤З╨╕╨╣ ╤Б╤В╨╛╨╗\regi\WebApplication15\WebApplication15.csproj]
C:\Users\user\OneDrive\╨а╨░╨▒╨╛╤З╨╕╨╣ ╤Б╤В╨╛╨╗\regi\WebApplication15\Models\Test.cs(53,16): warning CS8618: ╤Б╨▓╨╛╨╣╤Б╤В╨▓╨╛ "Title", ╨╜╨╡ ╨┤╨╛╨┐╤Г╤Б╨║╨░╤О╤Й╨╕╨╣ ╨╖╨╜╨░╤З╨╡╨╜╨╕╤П NULL, ╨┤╨╛╨╗╨╢╨╡╨╜ ╤Б╨╛╨┤╨╡╤А╨╢╨░╤В╤М ╨╖╨╜╨░╤З╨╡╨╜╨╕╨╡, ╨╛╤В╨╗╨╕╤З╨╜╨╛╨╡ ╨╛╤В NULL, ╨┐╤А╨╕ ╨▓╤Л╤Е╨╛╨┤╨╡ ╨╕╨╖ ╨║╨╛╨╜╤Б╤В╤А╤Г╨║╤В╨╛╤А╨░. ╨а╨░╤Б╤Б╨╝╨╛╤В╤А╨╕╤В╨╡ ╨▓╨╛╨╖╨╝╨╛╨╢╨╜╨╛╤Б╤В╤М ╨┤╨╛╨▒╨░╨▓╨╗╨╡╨╜╨╕╤П ╨╝╨╛╨┤╨╕╤Д╨╕╨║╨░╤В╨╛╤А╨░ "required" ╨╕╨╗╨╕ ╨╛╨▒╤К╤П╨▓╨╗╨╡╨╜╨╕╤П ╨╖╨╜╨░╤З╨╡╨╜╨╕╤П ╤Б╨▓╨╛╨╣╤Б╤В╨▓╨╛, ╨┤╨╛╨┐╤Г╤Б╨║╨░╤О╤Й╨╡╨│╨╛ ╨╖╨╜╨░╤З╨╡╨╜╨╕╨╡ NULL. [C:\Users\user\OneDrive\╨а╨░╨▒╨╛╤З╨╕╨╣ ╤Б╤В╨╛╨╗\regi\WebApplication15\WebApplication15.csproj]
C:\Users\user\OneDrive\╨а╨░╨▒╨╛╤З╨╕╨╣ ╤Б╤В╨╛╨╗\regi\WebApplication15\Models\Test.cs(53,16): warning CS8618: ╤Б╨▓╨╛╨╣╤Б╤В╨▓╨╛ "Description", ╨╜╨╡ ╨┤╨╛╨┐╤Г╤Б╨║╨░╤О╤Й╨╕╨╣ ╨╖╨╜╨░╤З╨╡╨╜╨╕╤П NULL, ╨┤╨╛╨╗╨╢╨╡╨╜ ╤Б╨╛╨┤╨╡╤А╨╢╨░╤В╤М ╨╖╨╜╨░╤З╨╡╨╜╨╕╨╡, ╨╛╤В╨╗╨╕╤З╨╜╨╛╨╡ ╨╛╤В NULL, ╨┐╤А╨╕ ╨▓╤Л╤Е╨╛╨┤╨╡ ╨╕╨╖ ╨║╨╛╨╜╤Б╤В╤А╤Г╨║╤В╨╛╤А╨░. ╨а╨░╤Б╤Б╨╝╨╛╤В╤А╨╕╤В╨╡ ╨▓╨╛╨╖╨╝╨╛╨╢╨╜╨╛╤Б╤В╤М ╨┤╨╛╨▒╨░╨▓╨╗╨╡╨╜╨╕╤П ╨╝╨╛╨┤╨╕╤Д╨╕╨║╨░╤В╨╛╤А╨░ "required" ╨╕╨╗╨╕ ╨╛╨▒╤К╤П╨▓╨╗╨╡╨╜╨╕╤П ╨╖╨╜╨░╤З╨╡╨╜╨╕╤П ╤Б╨▓╨╛╨╣╤Б╤В╨▓╨╛, ╨┤╨╛╨┐╤Г╤Б╨║╨░╤О╤Й╨╡╨│╨╛ ╨╖╨╜╨░╤З╨╡╨╜╨╕╨╡ NULL. [C:\Users\user\OneDrive\╨а╨░╨▒╨╛╤З╨╕╨╣ ╤Б╤В╨╛╨╗\regi\WebApplication15\WebApplication15.csproj]
C:\Users\user\OneDrive\╨а╨░╨▒╨╛╤З╨╕╨╣ ╤Б╤В╨╛╨╗\regi\WebApplication15\Models\Test.cs(53,16): warning CS8618: ╤Б╨▓╨╛╨╣╤Б╤В╨▓╨╛ "Level", ╨╜╨╡ ╨┤╨╛╨┐╤Г╤Б╨║╨░╤О╤Й╨╕╨╣ ╨╖╨╜╨░╤З╨╡╨╜╨╕╤П NULL, ╨┤╨╛╨╗╨╢╨╡╨╜ ╤Б╨╛╨┤╨╡╤А╨╢╨░╤В╤М ╨╖╨╜╨░╤З╨╡╨╜╨╕╨╡, ╨╛╤В╨╗╨╕╤З╨╜╨╛╨╡ ╨╛╤В NULL, ╨┐╤А╨╕ ╨▓╤Л╤Е╨╛╨┤╨╡ ╨╕╨╖ ╨║╨╛╨╜╤Б╤В╤А╤Г╨║╤В╨╛╤А╨░. ╨а╨░╤Б╤Б╨╝╨╛╤В╤А╨╕╤В╨╡ ╨▓╨╛╨╖╨╝╨╛╨╢╨╜╨╛╤Б╤В╤М ╨┤╨╛╨▒╨░╨▓╨╗╨╡╨╜╨╕╤П ╨╝╨╛╨┤╨╕╤Д╨╕╨║╨░╤В╨╛╤А╨░ "required" ╨╕╨╗╨╕ ╨╛╨▒╤К╤П╨▓╨╗╨╡╨╜╨╕╤П ╨╖╨╜╨░╤З╨╡╨╜╨╕╤П ╤Б╨▓╨╛╨╣╤Б╤В╨▓╨╛, ╨┤╨╛╨┐╤Г╤Б╨║╨░╤О╤Й╨╡╨│╨╛ ╨╖╨╜╨░╤З╨╡╨╜╨╕╨╡ NULL. [C:\Users\user\OneDrive\╨а╨░╨▒╨╛╤З╨╕╨╣ ╤Б╤В╨╛╨╗\regi\WebApplication15\WebApplication15.csproj]
C:\Users\user\OneDrive\╨а╨░╨▒╨╛╤З╨╕╨╣ ╤Б╤В╨╛╨╗\regi\WebApplication15\Models\Test.cs(53,16): warning CS8618: ╤Б╨▓╨╛╨╣╤Б╤В╨▓╨╛ "Language", ╨╜╨╡ ╨┤╨╛╨┐╤Г╤Б╨║╨░╤О╤Й╨╕╨╣ ╨╖╨╜╨░╤З╨╡╨╜╨╕╤П NULL, ╨┤╨╛╨╗╨╢╨╡╨╜ ╤Б╨╛╨┤╨╡╤А╨╢╨░╤В╤М ╨╖╨╜╨░╤З╨╡╨╜╨╕╨╡, ╨╛╤В╨╗╨╕╤З╨╜╨╛╨╡ ╨╛╤В NULL, ╨┐╤А╨╕ ╨▓╤Л╤Е╨╛╨┤╨╡ ╨╕╨╖ ╨║╨╛╨╜╤Б╤В╤А╤Г╨║╤В╨╛╤А╨░. ╨а╨░╤Б╤Б╨╝╨╛╤В╤А╨╕╤В╨╡ ╨▓╨╛╨╖╨╝╨╛╨╢╨╜╨╛╤Б╤В╤М ╨┤╨╛╨▒╨░╨▓╨╗╨╡╨╜╨╕╤П ╨╝╨╛╨┤╨╕╤Д╨╕╨║╨░╤В╨╛╤А╨░ "required" ╨╕╨╗╨╕ ╨╛╨▒╤К╤П╨▓╨╗╨╡╨╜╨╕╤П ╨╖╨╜╨░╤З╨╡╨╜╨╕╤П ╤Б╨▓╨╛╨╣╤Б╤В╨▓╨╛, ╨┤╨╛╨┐╤Г╤Б╨║╨░╤О╤Й╨╡╨│╨╛ ╨╖╨╜╨░╤З╨╡╨╜╨╕╨╡ NULL. [C:\Users\user\OneDrive\╨а╨░╨▒╨╛╤З╨╕╨╣ ╤Б╤В╨╛╨╗\regi\WebApplication15\WebApplication15.csproj]
C:\Users\user\OneDrive\╨а╨░╨▒╨╛╤З╨╕╨╣ ╤Б╤В╨╛╨╗\regi\WebApplication15\Models\Question.cs(25,16): warning CS8618: ╤Б╨▓╨╛╨╣╤Б╤В╨▓╨╛ "Text", ╨╜╨╡ ╨┤╨╛╨┐╤Г╤Б╨║╨░╤О╤Й╨╕╨╣ ╨╖╨╜╨░╤З╨╡╨╜╨╕╤П NULL, ╨┤╨╛╨╗╨╢╨╡╨╜ ╤Б╨╛╨┤╨╡╤А╨╢╨░╤В╤М ╨╖╨╜╨░╤З╨╡╨╜╨╕╨╡, ╨╛╤В╨╗╨╕╤З╨╜╨╛╨╡ ╨╛╤В NULL, ╨┐╤А╨╕ ╨▓╤Л╤Е╨╛╨┤╨╡ ╨╕╨╖ ╨║╨╛╨╜╤Б╤В╤А╤Г╨║╤В╨╛╤А╨░. ╨а╨░╤Б╤Б╨╝╨╛╤В╤А╨╕╤В╨╡ ╨▓╨╛╨╖╨╝╨╛╨╢╨╜╨╛╤Б╤В╤М ╨┤╨╛╨▒╨░╨▓╨╗╨╡╨╜╨╕╤П ╨╝╨╛╨┤╨╕╤Д╨╕╨║╨░╤В╨╛╤А╨░ "required" ╨╕╨╗╨╕ ╨╛╨▒╤К╤П╨▓╨╗╨╡╨╜╨╕╤П ╨╖╨╜╨░╤З╨╡╨╜╨╕╤П ╤Б╨▓╨╛╨╣╤Б╤В╨▓╨╛, ╨┤╨╛╨┐╤Г╤Б╨║╨░╤О╤Й╨╡╨│╨╛ ╨╖╨╜╨░╤З╨╡╨╜╨╕╨╡ NULL. [C:\Users\user\OneDrive\╨а╨░╨▒╨╛╤З╨╕╨╣ ╤Б╤В╨╛╨╗\regi\WebApplication15\WebApplication15.csproj]
C:\Users\user\OneDrive\╨а╨░╨▒╨╛╤З╨╕╨╣ ╤Б╤В╨╛╨╗\regi\WebApplication15\Models\Question.cs(25,16): warning CS8618: ╤Б╨▓╨╛╨╣╤Б╤В╨▓╨╛ "Test", ╨╜╨╡ ╨┤╨╛╨┐╤Г╤Б╨║╨░╤О╤Й╨╕╨╣ ╨╖╨╜╨░╤З╨╡╨╜╨╕╤П NULL, ╨┤╨╛╨╗╨╢╨╡╨╜ ╤Б╨╛╨┤╨╡╤А╨╢╨░╤В╤М ╨╖╨╜╨░╤З╨╡╨╜╨╕╨╡, ╨╛╤В╨╗╨╕╤З╨╜╨╛╨╡ ╨╛╤В NULL, ╨┐╤А╨╕ ╨▓╤Л╤Е╨╛╨┤╨╡ ╨╕╨╖ ╨║╨╛╨╜╤Б╤В╤А╤Г╨║╤В╨╛╤А╨░. ╨а╨░╤Б╤Б╨╝╨╛╤В╤А╨╕╤В╨╡ ╨▓╨╛╨╖╨╝╨╛╨╢╨╜╨╛╤Б╤В╤М ╨┤╨╛╨▒╨░╨▓╨╗╨╡╨╜╨╕╤П ╨╝╨╛╨┤╨╕╤Д╨╕╨║╨░╤В╨╛╤А╨░ "required" ╨╕╨╗╨╕ ╨╛╨▒╤К╤П╨▓╨╗╨╡╨╜╨╕╤П ╨╖╨╜╨░╤З╨╡╨╜╨╕╤П ╤Б╨▓╨╛╨╣╤Б╤В╨▓╨╛, ╨┤╨╛╨┐╤Г╤Б╨║╨░╤О╤Й╨╡╨│╨╛ ╨╖╨╜╨░╤З╨╡╨╜╨╕╨╡ NULL. [C:\Users\user\OneDrive\╨а╨░╨▒╨╛╤З╨╕╨╣ ╤Б╤В╨╛╨╗\regi\WebApplication15\WebApplication15.csproj]
C:\Users\user\OneDrive\╨а╨░╨▒╨╛╤З╨╕╨╣ ╤Б╤В╨╛╨╗\regi\WebApplication15\Services\AuthService.cs(87,34): warning CS1998: ╨Т ╨┤╨░╨╜╨╜╨╛╨╝ ╨░╤Б╨╕╨╜╤Е╤А╨╛╨╜╨╜╨╛╨╝ ╨╝╨╡╤В╨╛╨┤╨╡ ╨╛╤В╤Б╤Г╤В╤Б╤В╨▓╤Г╤О╤В ╨╛╨┐╨╡╤А╨░╤В╨╛╤А╤Л await, ╨┐╨╛╤Н╤В╨╛╨╝╤Г ╨╝╨╡╤В╨╛╨┤ ╨▒╤Г╨┤╨╡╤В ╨▓╤Л╨┐╨╛╨╗╨╜╤П╤В╤М╤Б╤П ╤Б╨╕╨╜╤Е╤А╨╛╨╜╨╜╨╛. ╨Т╨╛╤Б╨┐╨╛╨╗╤М╨╖╤Г╨╣╤В╨╡╤Б╤М ╨╛╨┐╨╡╤А╨░╤В╨╛╤А╨╛╨╝ await ╨┤╨╗╤П ╨╛╨╢╨╕╨┤╨░╨╜╨╕╤П ╨╜╨╡╨▒╨╗╨╛╨║╨╕╤А╤Г╤О╤Й╨╕╤Е ╨▓╤Л╨╖╨╛╨▓╨╛╨▓ API ╨╕╨╗╨╕ ╨╛╨┐╨╡╤А╨░╤В╨╛╤А╨╛╨╝ await Task.Run(...) ╨┤╨╗╤П ╨▓╤Л╨┐╨╛╨╗╨╜╨╡╨╜╨╕╤П ╤Б╨▓╤П╨╖╨░╨╜╨╜╤Л╤Е ╤Б ╨ж╨Я ╨╖╨░╨┤╨░╨╜╨╕╨╣ ╨▓ ╤Д╨╛╨╜╨╛╨▓╨╛╨╝ ╨┐╨╛╤В╨╛╨║╨╡. [C:\Users\user\OneDrive\╨а╨░╨▒╨╛╤З╨╕╨╣ ╤Б╤В╨╛╨╗\regi\WebApplication15\WebApplication15.csproj]
C:\Users\user\OneDrive\╨а╨░╨▒╨╛╤З╨╕╨╣ ╤Б╤В╨╛╨╗\regi\WebApplication15\Views\Shared\_AdminLayout.cshtml(26,30): warning CS8602: ╨а╨░╨╖╤Л╨╝╨╡╨╜╨╛╨▓╨░╨╜╨╕╨╡ ╨▓╨╡╤А╨╛╤П╤В╨╜╨╛╨╣ ╨┐╤Г╤Б╤В╨╛╨╣ ╤Б╤Б╤Л╨╗╨║╨╕. [C:\Users\user\OneDrive\╨а╨░╨▒╨╛╤З╨╕╨╣ ╤Б╤В╨╛╨╗\regi\WebApplication15\WebApplication15.csproj]
C:\Users\user\OneDrive\╨а╨░╨▒╨╛╤З╨╕╨╣ ╤Б╤В╨╛╨╗\regi\WebApplication15\Views\Shared\_AdminLayout.cshtml(32,30): warning CS8602: ╨а╨░╨╖╤Л╨╝╨╡╨╜╨╛╨▓╨░╨╜╨╕╨╡ ╨▓╨╡╤А╨╛╤П╤В╨╜╨╛╨╣ ╨┐╤Г╤Б╤В╨╛╨╣ ╤Б╤Б╤Л╨╗╨║╨╕. [C:\Users\user\OneDrive\╨а╨░╨▒╨╛╤З╨╕╨╣ ╤Б╤В╨╛╨╗\regi\WebApplication15\WebApplication15.csproj]
C:\Users\user\OneDrive\╨а╨░╨▒╨╛╤З╨╕╨╣ ╤Б╤В╨╛╨╗\regi\WebApplication15\Views\Shared\_AdminLayout.cshtml(38,30): warning CS8602: ╨а╨░╨╖╤Л╨╝╨╡╨╜╨╛╨▓╨░╨╜╨╕╨╡ ╨▓╨╡╤А╨╛╤П╤В╨╜╨╛╨╣ ╨┐╤Г╤Б╤В╨╛╨╣ ╤Б╤Б╤Л╨╗╨║╨╕. [C:\Users\user\OneDrive\╨а╨░╨▒╨╛╤З╨╕╨╣ ╤Б╤В╨╛╨╗\regi\WebApplication15\WebApplication15.csproj]
C:\Users\user\OneDrive\╨а╨░╨▒╨╛╤З╨╕╨╣ ╤Б╤В╨╛╨╗\regi\WebApplication15\Views\Shared\_AdminLayout.cshtml(38,94): warning CS8602: ╨а╨░╨╖╤Л╨╝╨╡╨╜╨╛╨▓╨░╨╜╨╕╨╡ ╨▓╨╡╤А╨╛╤П╤В╨╜╨╛╨╣ ╨┐╤Г╤Б╤В╨╛╨╣ ╤Б╤Б╤Л╨╗╨║╨╕. [C:\Users\user\OneDrive\╨а╨░╨▒╨╛╤З╨╕╨╣ ╤Б╤В╨╛╨╗\regi\WebApplication15\WebApplication15.csproj]
C:\Users\user\OneDrive\╨а╨░╨▒╨╛╤З╨╕╨╣ ╤Б╤В╨╛╨╗\regi\WebApplication15\Views\Shared\_AdminLayout.cshtml(43,57): warning CS8602: ╨а╨░╨╖╤Л╨╝╨╡╨╜╨╛╨▓╨░╨╜╨╕╨╡ ╨▓╨╡╤А╨╛╤П╤В╨╜╨╛╨╣ ╨┐╤Г╤Б╤В╨╛╨╣ ╤Б╤Б╤Л╨╗╨║╨╕. [C:\Users\user\OneDrive\╨а╨░╨▒╨╛╤З╨╕╨╣ ╤Б╤В╨╛╨╗\regi\WebApplication15\WebApplication15.csproj]
C:\Users\user\OneDrive\╨а╨░╨▒╨╛╤З╨╕╨╣ ╤Б╤В╨╛╨╗\regi\WebApplication15\Views\Shared\_AdminLayout.cshtml(43,121): warning CS8602: ╨а╨░╨╖╤Л╨╝╨╡╨╜╨╛╨▓╨░╨╜╨╕╨╡ ╨▓╨╡╤А╨╛╤П╤В╨╜╨╛╨╣ ╨┐╤Г╤Б╤В╨╛╨╣ ╤Б╤Б╤Л╨╗╨║╨╕. [C:\Users\user\OneDrive\╨а╨░╨▒╨╛╤З╨╕╨╣ ╤Б╤В╨╛╨╗\regi\WebApplication15\WebApplication15.csproj]
C:\Users\user\OneDrive\╨а╨░╨▒╨╛╤З╨╕╨╣ ╤Б╤В╨╛╨╗\regi\WebApplication15\Views\Shared\_AdminLayout.cshtml(58,30): warning CS8602: ╨а╨░╨╖╤Л╨╝╨╡╨╜╨╛╨▓╨░╨╜╨╕╨╡ ╨▓╨╡╤А╨╛╤П╤В╨╜╨╛╨╣ ╨┐╤Г╤Б╤В╨╛╨╣ ╤Б╤Б╤Л╨╗╨║╨╕. [C:\Users\user\OneDrive\╨а╨░╨▒╨╛╤З╨╕╨╣ ╤Б╤В╨╛╨╗\regi\WebApplication15\WebApplication15.csproj]
C:\Users\user\OneDrive\╨а╨░╨▒╨╛╤З╨╕╨╣ ╤Б╤В╨╛╨╗\regi\WebApplication15\Views\Shared\_AdminLayout.cshtml(58,95): warning CS8602: ╨а╨░╨╖╤Л╨╝╨╡╨╜╨╛╨▓╨░╨╜╨╕╨╡ ╨▓╨╡╤А╨╛╤П╤В╨╜╨╛╨╣ ╨┐╤Г╤Б╤В╨╛╨╣ ╤Б╤Б╤Л╨╗╨║╨╕. [C:\Users\user\OneDrive\╨а╨░╨▒╨╛╤З╨╕╨╣ ╤Б╤В╨╛╨╗\regi\WebApplication15\WebApplication15.csproj]
C:\Users\user\OneDrive\╨а╨░╨▒╨╛╤З╨╕╨╣ ╤Б╤В╨╛╨╗\regi\WebApplication15\Views\Shared\_AdminLayout.cshtml(63,57): warning CS8602: ╨а╨░╨╖╤Л╨╝╨╡╨╜╨╛╨▓╨░╨╜╨╕╨╡ ╨▓╨╡╤А╨╛╤П╤В╨╜╨╛╨╣ ╨┐╤Г╤Б╤В╨╛╨╣ ╤Б╤Б╤Л╨╗╨║╨╕. [C:\Users\user\OneDrive\╨а╨░╨▒╨╛╤З╨╕╨╣ ╤Б╤В╨╛╨╗\regi\WebApplication15\WebApplication15.csproj]
C:\Users\user\OneDrive\╨а╨░╨▒╨╛╤З╨╕╨╣ ╤Б╤В╨╛╨╗\regi\WebApplication15\Views\Shared\_AdminLayout.cshtml(63,122): warning CS8602: ╨а╨░╨╖╤Л╨╝╨╡╨╜╨╛╨▓╨░╨╜╨╕╨╡ ╨▓╨╡╤А╨╛╤П╤В╨╜╨╛╨╣ ╨┐╤Г╤Б╤В╨╛╨╣ ╤Б╤Б╤Л╨╗╨║╨╕. [C:\Users\user\OneDrive\╨а╨░╨▒╨╛╤З╨╕╨╣ ╤Б╤В╨╛╨╗\regi\WebApplication15\WebApplication15.csproj]
C:\Users\user\OneDrive\╨а╨░╨▒╨╛╤З╨╕╨╣ ╤Б╤В╨╛╨╗\regi\WebApplication15\Views\Video\ByLevel.cshtml(72,46): warning CS8602: ╨а╨░╨╖╤Л╨╝╨╡╨╜╨╛╨▓╨░╨╜╨╕╨╡ ╨▓╨╡╤А╨╛╤П╤В╨╜╨╛╨╣ ╨┐╤Г╤Б╤В╨╛╨╣ ╤Б╤Б╤Л╨╗╨║╨╕. [C:\Users\user\OneDrive\╨а╨░╨▒╨╛╤З╨╕╨╣ ╤Б╤В╨╛╨╗\regi\WebApplication15\WebApplication15.csproj]
C:\Users\user\OneDrive\╨а╨░╨▒╨╛╤З╨╕╨╣ ╤Б╤В╨╛╨╗\regi\WebApplication15\Services\TestDataService.cs(36,28): warning CS1998: ╨Т ╨┤╨░╨╜╨╜╨╛╨╝ ╨░╤Б╨╕╨╜╤Е╤А╨╛╨╜╨╜╨╛╨╝ ╨╝╨╡╤В╨╛╨┤╨╡ ╨╛╤В╤Б╤Г╤В╤Б╤В╨▓╤Г╤О╤В ╨╛╨┐╨╡╤А╨░╤В╨╛╤А╤Л await, ╨┐╨╛╤Н╤В╨╛╨╝╤Г ╨╝╨╡╤В╨╛╨┤ ╨▒╤Г╨┤╨╡╤В ╨▓╤Л╨┐╨╛╨╗╨╜╤П╤В╤М╤Б╤П ╤Б╨╕╨╜╤Е╤А╨╛╨╜╨╜╨╛. ╨Т╨╛╤Б╨┐╨╛╨╗╤М╨╖╤Г╨╣╤В╨╡╤Б╤М ╨╛╨┐╨╡╤А╨░╤В╨╛╤А╨╛╨╝ await ╨┤╨╗╤П ╨╛╨╢╨╕╨┤╨░╨╜╨╕╤П ╨╜╨╡╨▒╨╗╨╛╨║╨╕╤А╤Г╤О╤Й╨╕╤Е ╨▓╤Л╨╖╨╛╨▓╨╛╨▓ API ╨╕╨╗╨╕ ╨╛╨┐╨╡╤А╨░╤В╨╛╤А╨╛╨╝ await Task.Run(...) ╨┤╨╗╤П ╨▓╤Л╨┐╨╛╨╗╨╜╨╡╨╜╨╕╤П ╤Б╨▓╤П╨╖╨░╨╜╨╜╤Л╤Е ╤Б ╨ж╨Я ╨╖╨░╨┤╨░╨╜╨╕╨╣ ╨▓ ╤Д╨╛╨╜╨╛╨▓╨╛╨╝ ╨┐╨╛╤В╨╛╨║╨╡. [C:\Users\user\OneDrive\╨а╨░╨▒╨╛╤З╨╕╨╣ ╤Б╤В╨╛╨╗\regi\WebApplication15\WebApplication15.csproj]
C:\Users\user\OneDrive\╨а╨░╨▒╨╛╤З╨╕╨╣ ╤Б╤В╨╛╨╗\regi\WebApplication15\Services\TestDataService.cs(329,28): warning CS1998: ╨Т ╨┤╨░╨╜╨╜╨╛╨╝ ╨░╤Б╨╕╨╜╤Е╤А╨╛╨╜╨╜╨╛╨╝ ╨╝╨╡╤В╨╛╨┤╨╡ ╨╛╤В╤Б╤Г╤В╤Б╤В╨▓╤Г╤О╤В ╨╛╨┐╨╡╤А╨░╤В╨╛╤А╤Л await, ╨┐╨╛╤Н╤В╨╛╨╝╤Г ╨╝╨╡╤В╨╛╨┤ ╨▒╤Г╨┤╨╡╤В ╨▓╤Л╨┐╨╛╨╗╨╜╤П╤В╤М╤Б╤П ╤Б╨╕╨╜╤Е╤А╨╛╨╜╨╜╨╛. ╨Т╨╛╤Б╨┐╨╛╨╗╤М╨╖╤Г╨╣╤В╨╡╤Б╤М ╨╛╨┐╨╡╤А╨░╤В╨╛╤А╨╛╨╝ await ╨┤╨╗╤П ╨╛╨╢╨╕╨┤╨░╨╜╨╕╤П ╨╜╨╡╨▒╨╗╨╛╨║╨╕╤А╤Г╤О╤Й╨╕╤Е ╨▓╤Л╨╖╨╛╨▓╨╛╨▓ API ╨╕╨╗╨╕ ╨╛╨┐╨╡╤А╨░╤В╨╛╤А╨╛╨╝ await Task.Run(...) ╨┤╨╗╤П ╨▓╤Л╨┐╨╛╨╗╨╜╨╡╨╜╨╕╤П ╤Б╨▓╤П╨╖╨░╨╜╨╜╤Л╤Е ╤Б ╨ж╨Я ╨╖╨░╨┤╨░╨╜╨╕╨╣ ╨▓ ╤Д╨╛╨╜╨╛╨▓╨╛╨╝ ╨┐╨╛╤В╨╛╨║╨╡. [C:\Users\user\OneDrive\╨а╨░╨▒╨╛╤З╨╕╨╣ ╤Б╤В╨╛╨╗\regi\WebApplication15\WebApplication15.csproj]
C:\Users\user\OneDrive\╨а╨░╨▒╨╛╤З╨╕╨╣ ╤Б╤В╨╛╨╗\regi\WebApplication15\Services\TestDataService.cs(484,28): warning CS1998: ╨Т ╨┤╨░╨╜╨╜╨╛╨╝ ╨░╤Б╨╕╨╜╤Е╤А╨╛╨╜╨╜╨╛╨╝ ╨╝╨╡╤В╨╛╨┤╨╡ ╨╛╤В╤Б╤Г╤В╤Б╤В╨▓╤Г╤О╤В ╨╛╨┐╨╡╤А╨░╤В╨╛╤А╤Л await, ╨┐╨╛╤Н╤В╨╛╨╝╤Г ╨╝╨╡╤В╨╛╨┤ ╨▒╤Г╨┤╨╡╤В ╨▓╤Л╨┐╨╛╨╗╨╜╤П╤В╤М╤Б╤П ╤Б╨╕╨╜╤Е╤А╨╛╨╜╨╜╨╛. ╨Т╨╛╤Б╨┐╨╛╨╗╤М╨╖╤Г╨╣╤В╨╡╤Б╤М ╨╛╨┐╨╡╤А╨░╤В╨╛╤А╨╛╨╝ await ╨┤╨╗╤П ╨╛╨╢╨╕╨┤╨░╨╜╨╕╤П ╨╜╨╡╨▒╨╗╨╛╨║╨╕╤А╤Г╤О╤Й╨╕╤Е ╨▓╤Л╨╖╨╛╨▓╨╛╨▓ API ╨╕╨╗╨╕ ╨╛╨┐╨╡╤А╨░╤В╨╛╤А╨╛╨╝ await Task.Run(...) ╨┤╨╗╤П ╨▓╤Л╨┐╨╛╨╗╨╜╨╡╨╜╨╕╤П ╤Б╨▓╤П╨╖╨░╨╜╨╜╤Л╤Е ╤Б ╨ж╨Я ╨╖╨░╨┤╨░╨╜╨╕╨╣ ╨▓ ╤Д╨╛╨╜╨╛╨▓╨╛╨╝ ╨┐╨╛╤В╨╛╨║╨╡. [C:\Users\user\OneDrive\╨а╨░╨▒╨╛╤З╨╕╨╣ ╤Б╤В╨╛╨╗\regi\WebApplication15\WebApplication15.csproj]
C:\Users\user\OneDrive\╨а╨░╨▒╨╛╤З╨╕╨╣ ╤Б╤В╨╛╨╗\regi\WebApplication15\Controllers\LanguageController.cs(46,35): error CS1061: "ApplicationDbContext" ╨╜╨╡ ╤Б╨╛╨┤╨╡╤А╨╢╨╕╤В ╨╛╨┐╤А╨╡╨┤╨╡╨╗╨╡╨╜╨╕╤П "LanguageLevels", ╨╕ ╨╜╨╡ ╤Г╨┤╨░╨╗╨╛╤Б╤М ╨╜╨░╨╣╤В╨╕ ╨┤╨╛╤Б╤В╤Г╨┐╨╜╤Л╨╣ ╨╝╨╡╤В╨╛╨┤ ╤А╨░╤Б╤И╨╕╤А╨╡╨╜╨╕╤П "LanguageLevels", ╨┐╤А╨╕╨╜╨╕╨╝╨░╤О╤Й╨╕╨╣ ╤В╨╕╨┐ "ApplicationDbContext" ╨▓ ╨║╨░╤З╨╡╤Б╤В╨▓╨╡ ╨┐╨╡╤А╨▓╨╛╨│╨╛ ╨░╤А╨│╤Г╨╝╨╡╨╜╤В╨░ (╨▓╨╛╨╖╨╝╨╛╨╢╨╜╨╛, ╨┐╤А╨╛╨┐╤Г╤Й╨╡╨╜╨░ ╨┤╨╕╤А╨╡╨║╤В╨╕╨▓╨░ using ╨╕╨╗╨╕ ╤Б╤Б╤Л╨╗╨║╨░ ╨╜╨░ ╤Б╨▒╨╛╤А╨║╤Г). [C:\Users\user\OneDrive\╨а╨░╨▒╨╛╤З╨╕╨╣ ╤Б╤В╨╛╨╗\regi\WebApplication15\WebApplication15.csproj]
C:\Users\user\OneDrive\╨а╨░╨▒╨╛╤З╨╕╨╣ ╤Б╤В╨╛╨╗\regi\WebApplication15\Controllers\LanguageController.cs(69,40): error CS1061: "ApplicationDbContext" ╨╜╨╡ ╤Б╨╛╨┤╨╡╤А╨╢╨╕╤В ╨╛╨┐╤А╨╡╨┤╨╡╨╗╨╡╨╜╨╕╤П "LanguageLevels", ╨╕ ╨╜╨╡ ╤Г╨┤╨░╨╗╨╛╤Б╤М ╨╜╨░╨╣╤В╨╕ ╨┤╨╛╤Б╤В╤Г╨┐╨╜╤Л╨╣ ╨╝╨╡╤В╨╛╨┤ ╤А╨░╤Б╤И╨╕╤А╨╡╨╜╨╕╤П "LanguageLevels", ╨┐╤А╨╕╨╜╨╕╨╝╨░╤О╤Й╨╕╨╣ ╤В╨╕╨┐ "ApplicationDbContext" ╨▓ ╨║╨░╤З╨╡╤Б╤В╨▓╨╡ ╨┐╨╡╤А╨▓╨╛╨│╨╛ ╨░╤А╨│╤Г╨╝╨╡╨╜╤В╨░ (╨▓╨╛╨╖╨╝╨╛╨╢╨╜╨╛, ╨┐╤А╨╛╨┐╤Г╤Й╨╡╨╜╨░ ╨┤╨╕╤А╨╡╨║╤В╨╕╨▓╨░ using ╨╕╨╗╨╕ ╤Б╤Б╤Л╨╗╨║╨░ ╨╜╨░ ╤Б╨▒╨╛╤А╨║╤Г). [C:\Users\user\OneDrive\╨а╨░╨▒╨╛╤З╨╕╨╣ ╤Б╤В╨╛╨╗\regi\WebApplication15\WebApplication15.csproj]
C:\Users\user\OneDrive\╨а╨░╨▒╨╛╤З╨╕╨╣ ╤Б╤В╨╛╨╗\regi\WebApplication15\Controllers\VideoController.cs(57,41): error CS1061: "ApplicationDbContext" ╨╜╨╡ ╤Б╨╛╨┤╨╡╤А╨╢╨╕╤В ╨╛╨┐╤А╨╡╨┤╨╡╨╗╨╡╨╜╨╕╤П "LanguageLevels", ╨╕ ╨╜╨╡ ╤Г╨┤╨░╨╗╨╛╤Б╤М ╨╜╨░╨╣╤В╨╕ ╨┤╨╛╤Б╤В╤Г╨┐╨╜╤Л╨╣ ╨╝╨╡╤В╨╛╨┤ ╤А╨░╤Б╤И╨╕╤А╨╡╨╜╨╕╤П "LanguageLevels", ╨┐╤А╨╕╨╜╨╕╨╝╨░╤О╤Й╨╕╨╣ ╤В╨╕╨┐ "ApplicationDbContext" ╨▓ ╨║╨░╤З╨╡╤Б╤В╨▓╨╡ ╨┐╨╡╤А╨▓╨╛╨│╨╛ ╨░╤А╨│╤Г╨╝╨╡╨╜╤В╨░ (╨▓╨╛╨╖╨╝╨╛╨╢╨╜╨╛, ╨┐╤А╨╛╨┐╤Г╤Й╨╡╨╜╨░ ╨┤╨╕╤А╨╡╨║╤В╨╕╨▓╨░ using ╨╕╨╗╨╕ ╤Б╤Б╤Л╨╗╨║╨░ ╨╜╨░ ╤Б╨▒╨╛╤А╨║╤Г). [C:\Users\user\OneDrive\╨а╨░╨▒╨╛╤З╨╕╨╣ ╤Б╤В╨╛╨╗\regi\WebApplication15\WebApplication15.csproj]
C:\Users\user\OneDrive\╨а╨░╨▒╨╛╤З╨╕╨╣ ╤Б╤В╨╛╨╗\regi\WebApplication15\Controllers\VideoController.cs(62,33): error CS1061: "Video" ╨╜╨╡ ╤Б╨╛╨┤╨╡╤А╨╢╨╕╤В ╨╛╨┐╤А╨╡╨┤╨╡╨╗╨╡╨╜╨╕╤П "LanguageLevel", ╨╕ ╨╜╨╡ ╤Г╨┤╨░╨╗╨╛╤Б╤М ╨╜╨░╨╣╤В╨╕ ╨┤╨╛╤Б╤В╤Г╨┐╨╜╤Л╨╣ ╨╝╨╡╤В╨╛╨┤ ╤А╨░╤Б╤И╨╕╤А╨╡╨╜╨╕╤П "LanguageLevel", ╨┐╤А╨╕╨╜╨╕╨╝╨░╤О╤Й╨╕╨╣ ╤В╨╕╨┐ "Video" ╨▓ ╨║╨░╤З╨╡╤Б╤В╨▓╨╡ ╨┐╨╡╤А╨▓╨╛╨│╨╛ ╨░╤А╨│╤Г╨╝╨╡╨╜╤В╨░ (╨▓╨╛╨╖╨╝╨╛╨╢╨╜╨╛, ╨┐╤А╨╛╨┐╤Г╤Й╨╡╨╜╨░ ╨┤╨╕╤А╨╡╨║╤В╨╕╨▓╨░ using ╨╕╨╗╨╕ ╤Б╤Б╤Л╨╗╨║╨░ ╨╜╨░ ╤Б╨▒╨╛╤А╨║╤Г). [C:\Users\user\OneDrive\╨а╨░╨▒╨╛╤З╨╕╨╣ ╤Б╤В╨╛╨╗\regi\WebApplication15\WebApplication15.csproj]
C:\Users\user\OneDrive\╨а╨░╨▒╨╛╤З╨╕╨╣ ╤Б╤В╨╛╨╗\regi\WebApplication15\Controllers\LanguageController.cs(106,40): error CS1061: "ApplicationDbContext" ╨╜╨╡ ╤Б╨╛╨┤╨╡╤А╨╢╨╕╤В ╨╛╨┐╤А╨╡╨┤╨╡╨╗╨╡╨╜╨╕╤П "LanguageLevels", ╨╕ ╨╜╨╡ ╤Г╨┤╨░╨╗╨╛╤Б╤М ╨╜╨░╨╣╤В╨╕ ╨┤╨╛╤Б╤В╤Г╨┐╨╜╤Л╨╣ ╨╝╨╡╤В╨╛╨┤ ╤А╨░╤Б╤И╨╕╤А╨╡╨╜╨╕╤П "LanguageLevels", ╨┐╤А╨╕╨╜╨╕╨╝╨░╤О╤Й╨╕╨╣ ╤В╨╕╨┐ "ApplicationDbContext" ╨▓ ╨║╨░╤З╨╡╤Б╤В╨▓╨╡ ╨┐╨╡╤А╨▓╨╛╨│╨╛ ╨░╤А╨│╤Г╨╝╨╡╨╜╤В╨░ (╨▓╨╛╨╖╨╝╨╛╨╢╨╜╨╛, ╨┐╤А╨╛╨┐╤Г╤Й╨╡╨╜╨░ ╨┤╨╕╤А╨╡╨║╤В╨╕╨▓╨░ using ╨╕╨╗╨╕ ╤Б╤Б╤Л╨╗╨║╨░ ╨╜╨░ ╤Б╨▒╨╛╤А╨║╤Г). [C:\Users\user\OneDrive\╨а╨░╨▒╨╛╤З╨╕╨╣ ╤Б╤В╨╛╨╗\regi\WebApplication15\WebApplication15.csproj]
C:\Users\user\OneDrive\╨а╨░╨▒╨╛╤З╨╕╨╣ ╤Б╤В╨╛╨╗\regi\WebApplication15\Controllers\HomeController.cs(126,29): error CS1061: "Video" ╨╜╨╡ ╤Б╨╛╨┤╨╡╤А╨╢╨╕╤В ╨╛╨┐╤А╨╡╨┤╨╡╨╗╨╡╨╜╨╕╤П "LanguageLevel", ╨╕ ╨╜╨╡ ╤Г╨┤╨░╨╗╨╛╤Б╤М ╨╜╨░╨╣╤В╨╕ ╨┤╨╛╤Б╤В╤Г╨┐╨╜╤Л╨╣ ╨╝╨╡╤В╨╛╨┤ ╤А╨░╤Б╤И╨╕╤А╨╡╨╜╨╕╤П "LanguageLevel", ╨┐╤А╨╕╨╜╨╕╨╝╨░╤О╤Й╨╕╨╣ ╤В╨╕╨┐ "Video" ╨▓ ╨║╨░╤З╨╡╤Б╤В╨▓╨╡ ╨┐╨╡╤А╨▓╨╛╨│╨╛ ╨░╤А╨│╤Г╨╝╨╡╨╜╤В╨░ (╨▓╨╛╨╖╨╝╨╛╨╢╨╜╨╛, ╨┐╤А╨╛╨┐╤Г╤Й╨╡╨╜╨░ ╨┤╨╕╤А╨╡╨║╤В╨╕╨▓╨░ using ╨╕╨╗╨╕ ╤Б╤Б╤Л╨╗╨║╨░ ╨╜╨░ ╤Б╨▒╨╛╤А╨║╤Г). [C:\Users\user\OneDrive\╨а╨░╨▒╨╛╤З╨╕╨╣ ╤Б╤В╨╛╨╗\regi\WebApplication15\WebApplication15.csproj]
C:\Users\user\OneDrive\╨а╨░╨▒╨╛╤З╨╕╨╣ ╤Б╤В╨╛╨╗\regi\WebApplication15\Controllers\VideoController.cs(129,41): error CS1061: "ApplicationDbContext" ╨╜╨╡ ╤Б╨╛╨┤╨╡╤А╨╢╨╕╤В ╨╛╨┐╤А╨╡╨┤╨╡╨╗╨╡╨╜╨╕╤П "LanguageLevels", ╨╕ ╨╜╨╡ ╤Г╨┤╨░╨╗╨╛╤Б╤М ╨╜╨░╨╣╤В╨╕ ╨┤╨╛╤Б╤В╤Г╨┐╨╜╤Л╨╣ ╨╝╨╡╤В╨╛╨┤ ╤А╨░╤Б╤И╨╕╤А╨╡╨╜╨╕╤П "LanguageLevels", ╨┐╤А╨╕╨╜╨╕╨╝╨░╤О╤Й╨╕╨╣ ╤В╨╕╨┐ "ApplicationDbContext" ╨▓ ╨║╨░╤З╨╡╤Б╤В╨▓╨╡ ╨┐╨╡╤А╨▓╨╛╨│╨╛ ╨░╤А╨│╤Г╨╝╨╡╨╜╤В╨░ (╨▓╨╛╨╖╨╝╨╛╨╢╨╜╨╛, ╨┐╤А╨╛╨┐╤Г╤Й╨╡╨╜╨░ ╨┤╨╕╤А╨╡╨║╤В╨╕╨▓╨░ using ╨╕╨╗╨╕ ╤Б╤Б╤Л╨╗╨║╨░ ╨╜╨░ ╤Б╨▒╨╛╤А╨║╤Г). [C:\Users\user\OneDrive\╨а╨░╨▒╨╛╤З╨╕╨╣ ╤Б╤В╨╛╨╗\regi\WebApplication15\WebApplication15.csproj]
C:\Users\user\OneDrive\╨а╨░╨▒╨╛╤З╨╕╨╣ ╤Б╤В╨╛╨╗\regi\WebApplication15\Controllers\VideoController.cs(134,40): error CS1061: "ApplicationDbContext" ╨╜╨╡ ╤Б╨╛╨┤╨╡╤А╨╢╨╕╤В ╨╛╨┐╤А╨╡╨┤╨╡╨╗╨╡╨╜╨╕╤П "LanguageLevels", ╨╕ ╨╜╨╡ ╤Г╨┤╨░╨╗╨╛╤Б╤М ╨╜╨░╨╣╤В╨╕ ╨┤╨╛╤Б╤В╤Г╨┐╨╜╤Л╨╣ ╨╝╨╡╤В╨╛╨┤ ╤А╨░╤Б╤И╨╕╤А╨╡╨╜╨╕╤П "LanguageLevels", ╨┐╤А╨╕╨╜╨╕╨╝╨░╤О╤Й╨╕╨╣ ╤В╨╕╨┐ "ApplicationDbContext" ╨▓ ╨║╨░╤З╨╡╤Б╤В╨▓╨╡ ╨┐╨╡╤А╨▓╨╛╨│╨╛ ╨░╤А╨│╤Г╨╝╨╡╨╜╤В╨░ (╨▓╨╛╨╖╨╝╨╛╨╢╨╜╨╛, ╨┐╤А╨╛╨┐╤Г╤Й╨╡╨╜╨░ ╨┤╨╕╤А╨╡╨║╤В╨╕╨▓╨░ using ╨╕╨╗╨╕ ╤Б╤Б╤Л╨╗╨║╨░ ╨╜╨░ ╤Б╨▒╨╛╤А╨║╤Г). [C:\Users\user\OneDrive\╨а╨░╨▒╨╛╤З╨╕╨╣ ╤Б╤В╨╛╨╗\regi\WebApplication15\WebApplication15.csproj]
C:\Users\user\OneDrive\╨а╨░╨▒╨╛╤З╨╕╨╣ ╤Б╤В╨╛╨╗\regi\WebApplication15\Controllers\VideoController.cs(144,33): error CS1061: "Video" ╨╜╨╡ ╤Б╨╛╨┤╨╡╤А╨╢╨╕╤В ╨╛╨┐╤А╨╡╨┤╨╡╨╗╨╡╨╜╨╕╤П "LanguageLevel", ╨╕ ╨╜╨╡ ╤Г╨┤╨░╨╗╨╛╤Б╤М ╨╜╨░╨╣╤В╨╕ ╨┤╨╛╤Б╤В╤Г╨┐╨╜╤Л╨╣ ╨╝╨╡╤В╨╛╨┤ ╤А╨░╤Б╤И╨╕╤А╨╡╨╜╨╕╤П "LanguageLevel", ╨┐╤А╨╕╨╜╨╕╨╝╨░╤О╤Й╨╕╨╣ ╤В╨╕╨┐ "Video" ╨▓ ╨║╨░╤З╨╡╤Б╤В╨▓╨╡ ╨┐╨╡╤А╨▓╨╛╨│╨╛ ╨░╤А╨│╤Г╨╝╨╡╨╜╤В╨░ (╨▓╨╛╨╖╨╝╨╛╨╢╨╜╨╛, ╨┐╤А╨╛╨┐╤Г╤Й╨╡╨╜╨░ ╨┤╨╕╤А╨╡╨║╤В╨╕╨▓╨░ using ╨╕╨╗╨╕ ╤Б╤Б╤Л╨╗╨║╨░ ╨╜╨░ ╤Б╨▒╨╛╤А╨║╤Г). [C:\Users\user\OneDrive\╨а╨░╨▒╨╛╤З╨╕╨╣ ╤Б╤В╨╛╨╗\regi\WebApplication15\WebApplication15.csproj]
C:\Users\user\OneDrive\╨а╨░╨▒╨╛╤З╨╕╨╣ ╤Б╤В╨╛╨╗\regi\WebApplication15\Views\Account\Profile.cshtml(313,90): error CS1061: "TestResult" ╨╜╨╡ ╤Б╨╛╨┤╨╡╤А╨╢╨╕╤В ╨╛╨┐╤А╨╡╨┤╨╡╨╗╨╡╨╜╨╕╤П "CompletedDate", ╨╕ ╨╜╨╡ ╤Г╨┤╨░╨╗╨╛╤Б╤М ╨╜╨░╨╣╤В╨╕ ╨┤╨╛╤Б╤В╤Г╨┐╨╜╤Л╨╣ ╨╝╨╡╤В╨╛╨┤ ╤А╨░╤Б╤И╨╕╤А╨╡╨╜╨╕╤П "CompletedDate", ╨┐╤А╨╕╨╜╨╕╨╝╨░╤О╤Й╨╕╨╣ ╤В╨╕╨┐ "TestResult" ╨▓ ╨║╨░╤З╨╡╤Б╤В╨▓╨╡ ╨┐╨╡╤А╨▓╨╛╨│╨╛ ╨░╤А╨│╤Г╨╝╨╡╨╜╤В╨░ (╨▓╨╛╨╖╨╝╨╛╨╢╨╜╨╛, ╨┐╤А╨╛╨┐╤Г╤Й╨╡╨╜╨░ ╨┤╨╕╤А╨╡╨║╤В╨╕╨▓╨░ using ╨╕╨╗╨╕ ╤Б╤Б╤Л╨╗╨║╨░ ╨╜╨░ ╤Б╨▒╨╛╤А╨║╤Г). [C:\Users\user\OneDrive\╨а╨░╨▒╨╛╤З╨╕╨╣ ╤Б╤В╨╛╨╗\regi\WebApplication15\WebApplication15.csproj]
C:\Users\user\OneDrive\╨а╨░╨▒╨╛╤З╨╕╨╣ ╤Б╤В╨╛╨╗\regi\WebApplication15\Views\Account\Profile.cshtml(396,87): error CS1061: "TestResult" ╨╜╨╡ ╤Б╨╛╨┤╨╡╤А╨╢╨╕╤В ╨╛╨┐╤А╨╡╨┤╨╡╨╗╨╡╨╜╨╕╤П "CompletedDate", ╨╕ ╨╜╨╡ ╤Г╨┤╨░╨╗╨╛╤Б╤М ╨╜╨░╨╣╤В╨╕ ╨┤╨╛╤Б╤В╤Г╨┐╨╜╤Л╨╣ ╨╝╨╡╤В╨╛╨┤ ╤А╨░╤Б╤И╨╕╤А╨╡╨╜╨╕╤П "CompletedDate", ╨┐╤А╨╕╨╜╨╕╨╝╨░╤О╤Й╨╕╨╣ ╤В╨╕╨┐ "TestResult" ╨▓ ╨║╨░╤З╨╡╤Б╤В╨▓╨╡ ╨┐╨╡╤А╨▓╨╛╨│╨╛ ╨░╤А╨│╤Г╨╝╨╡╨╜╤В╨░ (╨▓╨╛╨╖╨╝╨╛╨╢╨╜╨╛, ╨┐╤А╨╛╨┐╤Г╤Й╨╡╨╜╨░ ╨┤╨╕╤А╨╡╨║╤В╨╕╨▓╨░ using ╨╕╨╗╨╕ ╤Б╤Б╤Л╨╗╨║╨░ ╨╜╨░ ╤Б╨▒╨╛╤А╨║╤Г). [C:\Users\user\OneDrive\╨а╨░╨▒╨╛╤З╨╕╨╣ ╤Б╤В╨╛╨╗\regi\WebApplication15\WebApplication15.csproj]
C:\Users\user\OneDrive\╨а╨░╨▒╨╛╤З╨╕╨╣ ╤Б╤В╨╛╨╗\regi\WebApplication15\Controllers\LanguageController.cs(132,41): error CS1061: "ApplicationDbContext" ╨╜╨╡ ╤Б╨╛╨┤╨╡╤А╨╢╨╕╤В ╨╛╨┐╤А╨╡╨┤╨╡╨╗╨╡╨╜╨╕╤П "LanguageLevels", ╨╕ ╨╜╨╡ ╤Г╨┤╨░╨╗╨╛╤Б╤М ╨╜╨░╨╣╤В╨╕ ╨┤╨╛╤Б╤В╤Г╨┐╨╜╤Л╨╣ ╨╝╨╡╤В╨╛╨┤ ╤А╨░╤Б╤И╨╕╤А╨╡╨╜╨╕╤П "LanguageLevels", ╨┐╤А╨╕╨╜╨╕╨╝╨░╤О╤Й╨╕╨╣ ╤В╨╕╨┐ "ApplicationDbContext" ╨▓ ╨║╨░╤З╨╡╤Б╤В╨▓╨╡ ╨┐╨╡╤А╨▓╨╛╨│╨╛ ╨░╤А╨│╤Г╨╝╨╡╨╜╤В╨░ (╨▓╨╛╨╖╨╝╨╛╨╢╨╜╨╛, ╨┐╤А╨╛╨┐╤Г╤Й╨╡╨╜╨░ ╨┤╨╕╤А╨╡╨║╤В╨╕╨▓╨░ using ╨╕╨╗╨╕ ╤Б╤Б╤Л╨╗╨║╨░ ╨╜╨░ ╤Б╨▒╨╛╤А╨║╤Г). [C:\Users\user\OneDrive\╨а╨░╨▒╨╛╤З╨╕╨╣ ╤Б╤В╨╛╨╗\regi\WebApplication15\WebApplication15.csproj]
C:\Users\user\OneDrive\╨а╨░╨▒╨╛╤З╨╕╨╣ ╤Б╤В╨╛╨╗\regi\WebApplication15\Controllers\VideoController.cs(198,23): error CS1061: "Video" ╨╜╨╡ ╤Б╨╛╨┤╨╡╤А╨╢╨╕╤В ╨╛╨┐╤А╨╡╨┤╨╡╨╗╨╡╨╜╨╕╤П "LanguageLevel", ╨╕ ╨╜╨╡ ╤Г╨┤╨░╨╗╨╛╤Б╤М ╨╜╨░╨╣╤В╨╕ ╨┤╨╛╤Б╤В╤Г╨┐╨╜╤Л╨╣ ╨╝╨╡╤В╨╛╨┤ ╤А╨░╤Б╤И╨╕╤А╨╡╨╜╨╕╤П "LanguageLevel", ╨┐╤А╨╕╨╜╨╕╨╝╨░╤О╤Й╨╕╨╣ ╤В╨╕╨┐ "Video" ╨▓ ╨║╨░╤З╨╡╤Б╤В╨▓╨╡ ╨┐╨╡╤А╨▓╨╛╨│╨╛ ╨░╤А╨│╤Г╨╝╨╡╨╜╤В╨░ (╨▓╨╛╨╖╨╝╨╛╨╢╨╜╨╛, ╨┐╤А╨╛╨┐╤Г╤Й╨╡╨╜╨░ ╨┤╨╕╤А╨╡╨║╤В╨╕╨▓╨░ using ╨╕╨╗╨╕ ╤Б╤Б╤Л╨╗╨║╨░ ╨╜╨░ ╤Б╨▒╨╛╤А╨║╤Г). [C:\Users\user\OneDrive\╨а╨░╨▒╨╛╤З╨╕╨╣ ╤Б╤В╨╛╨╗\regi\WebApplication15\WebApplication15.csproj]
C:\Users\user\OneDrive\╨а╨░╨▒╨╛╤З╨╕╨╣ ╤Б╤В╨╛╨╗\regi\WebApplication15\Controllers\VideoController.cs(200,45): error CS1061: "ApplicationDbContext" ╨╜╨╡ ╤Б╨╛╨┤╨╡╤А╨╢╨╕╤В ╨╛╨┐╤А╨╡╨┤╨╡╨╗╨╡╨╜╨╕╤П "LanguageLevels", ╨╕ ╨╜╨╡ ╤Г╨┤╨░╨╗╨╛╤Б╤М ╨╜╨░╨╣╤В╨╕ ╨┤╨╛╤Б╤В╤Г╨┐╨╜╤Л╨╣ ╨╝╨╡╤В╨╛╨┤ ╤А╨░╤Б╤И╨╕╤А╨╡╨╜╨╕╤П "LanguageLevels", ╨┐╤А╨╕╨╜╨╕╨╝╨░╤О╤Й╨╕╨╣ ╤В╨╕╨┐ "ApplicationDbContext" ╨▓ ╨║╨░╤З╨╡╤Б╤В╨▓╨╡ ╨┐╨╡╤А╨▓╨╛╨│╨╛ ╨░╤А╨│╤Г╨╝╨╡╨╜╤В╨░ (╨▓╨╛╨╖╨╝╨╛╨╢╨╜╨╛, ╨┐╤А╨╛╨┐╤Г╤Й╨╡╨╜╨░ ╨┤╨╕╤А╨╡╨║╤В╨╕╨▓╨░ using ╨╕╨╗╨╕ ╤Б╤Б╤Л╨╗╨║╨░ ╨╜╨░ ╤Б╨▒╨╛╤А╨║╤Г). [C:\Users\user\OneDrive\╨а╨░╨▒╨╛╤З╨╕╨╣ ╤Б╤В╨╛╨╗\regi\WebApplication15\WebApplication15.csproj]
C:\Users\user\OneDrive\╨а╨░╨▒╨╛╤З╨╕╨╣ ╤Б╤В╨╛╨╗\regi\WebApplication15\Controllers\VideoController.cs(201,55): error CS1061: "Video" ╨╜╨╡ ╤Б╨╛╨┤╨╡╤А╨╢╨╕╤В ╨╛╨┐╤А╨╡╨┤╨╡╨╗╨╡╨╜╨╕╤П "LanguageLevel", ╨╕ ╨╜╨╡ ╤Г╨┤╨░╨╗╨╛╤Б╤М ╨╜╨░╨╣╤В╨╕ ╨┤╨╛╤Б╤В╤Г╨┐╨╜╤Л╨╣ ╨╝╨╡╤В╨╛╨┤ ╤А╨░╤Б╤И╨╕╤А╨╡╨╜╨╕╤П "LanguageLevel", ╨┐╤А╨╕╨╜╨╕╨╝╨░╤О╤Й╨╕╨╣ ╤В╨╕╨┐ "Video" ╨▓ ╨║╨░╤З╨╡╤Б╤В╨▓╨╡ ╨┐╨╡╤А╨▓╨╛╨│╨╛ ╨░╤А╨│╤Г╨╝╨╡╨╜╤В╨░ (╨▓╨╛╨╖╨╝╨╛╨╢╨╜╨╛, ╨┐╤А╨╛╨┐╤Г╤Й╨╡╨╜╨░ ╨┤╨╕╤А╨╡╨║╤В╨╕╨▓╨░ using ╨╕╨╗╨╕ ╤Б╤Б╤Л╨╗╨║╨░ ╨╜╨░ ╤Б╨▒╨╛╤А╨║╤Г). [C:\Users\user\OneDrive\╨а╨░╨▒╨╛╤З╨╕╨╣ ╤Б╤В╨╛╨╗\regi\WebApplication15\WebApplication15.csproj]
C:\Users\user\OneDrive\╨а╨░╨▒╨╛╤З╨╕╨╣ ╤Б╤В╨╛╨╗\regi\WebApplication15\Controllers\TestController.cs(48,41): error CS1061: "ApplicationDbContext" ╨╜╨╡ ╤Б╨╛╨┤╨╡╤А╨╢╨╕╤В ╨╛╨┐╤А╨╡╨┤╨╡╨╗╨╡╨╜╨╕╤П "LanguageLevels", ╨╕ ╨╜╨╡ ╤Г╨┤╨░╨╗╨╛╤Б╤М ╨╜╨░╨╣╤В╨╕ ╨┤╨╛╤Б╤В╤Г╨┐╨╜╤Л╨╣ ╨╝╨╡╤В╨╛╨┤ ╤А╨░╤Б╤И╨╕╤А╨╡╨╜╨╕╤П "LanguageLevels", ╨┐╤А╨╕╨╜╨╕╨╝╨░╤О╤Й╨╕╨╣ ╤В╨╕╨┐ "ApplicationDbContext" ╨▓ ╨║╨░╤З╨╡╤Б╤В╨▓╨╡ ╨┐╨╡╤А╨▓╨╛╨│╨╛ ╨░╤А╨│╤Г╨╝╨╡╨╜╤В╨░ (╨▓╨╛╨╖╨╝╨╛╨╢╨╜╨╛, ╨┐╤А╨╛╨┐╤Г╤Й╨╡╨╜╨░ ╨┤╨╕╤А╨╡╨║╤В╨╕╨▓╨░ using ╨╕╨╗╨╕ ╤Б╤Б╤Л╨╗╨║╨░ ╨╜╨░ ╤Б╨▒╨╛╤А╨║╤Г). [C:\Users\user\OneDrive\╨а╨░╨▒╨╛╤З╨╕╨╣ ╤Б╤В╨╛╨╗\regi\WebApplication15\WebApplication15.csproj]
C:\Users\user\OneDrive\╨а╨░╨▒╨╛╤З╨╕╨╣ ╤Б╤В╨╛╨╗\regi\WebApplication15\Controllers\TestController.cs(52,33): error CS1061: "Test" ╨╜╨╡ ╤Б╨╛╨┤╨╡╤А╨╢╨╕╤В ╨╛╨┐╤А╨╡╨┤╨╡╨╗╨╡╨╜╨╕╤П "LanguageLevel", ╨╕ ╨╜╨╡ ╤Г╨┤╨░╨╗╨╛╤Б╤М ╨╜╨░╨╣╤В╨╕ ╨┤╨╛╤Б╤В╤Г╨┐╨╜╤Л╨╣ ╨╝╨╡╤В╨╛╨┤ ╤А╨░╤Б╤И╨╕╤А╨╡╨╜╨╕╤П "LanguageLevel", ╨┐╤А╨╕╨╜╨╕╨╝╨░╤О╤Й╨╕╨╣ ╤В╨╕╨┐ "Test" ╨▓ ╨║╨░╤З╨╡╤Б╤В╨▓╨╡ ╨┐╨╡╤А╨▓╨╛╨│╨╛ ╨░╤А╨│╤Г╨╝╨╡╨╜╤В╨░ (╨▓╨╛╨╖╨╝╨╛╨╢╨╜╨╛, ╨┐╤А╨╛╨┐╤Г╤Й╨╡╨╜╨░ ╨┤╨╕╤А╨╡╨║╤В╨╕╨▓╨░ using ╨╕╨╗╨╕ ╤Б╤Б╤Л╨╗╨║╨░ ╨╜╨░ ╤Б╨▒╨╛╤А╨║╤Г). [C:\Users\user\OneDrive\╨а╨░╨▒╨╛╤З╨╕╨╣ ╤Б╤В╨╛╨╗\regi\WebApplication15\WebApplication15.csproj]
C:\Users\user\OneDrive\╨а╨░╨▒╨╛╤З╨╕╨╣ ╤Б╤В╨╛╨╗\regi\WebApplication15\Controllers\TestController.cs(59,54): error CS1061: "Test" ╨╜╨╡ ╤Б╨╛╨┤╨╡╤А╨╢╨╕╤В ╨╛╨┐╤А╨╡╨┤╨╡╨╗╨╡╨╜╨╕╤П "LanguageLevel", ╨╕ ╨╜╨╡ ╤Г╨┤╨░╨╗╨╛╤Б╤М ╨╜╨░╨╣╤В╨╕ ╨┤╨╛╤Б╤В╤Г╨┐╨╜╤Л╨╣ ╨╝╨╡╤В╨╛╨┤ ╤А╨░╤Б╤И╨╕╤А╨╡╨╜╨╕╤П "LanguageLevel", ╨┐╤А╨╕╨╜╨╕╨╝╨░╤О╤Й╨╕╨╣ ╤В╨╕╨┐ "Test" ╨▓ ╨║╨░╤З╨╡╤Б╤В╨▓╨╡ ╨┐╨╡╤А╨▓╨╛╨│╨╛ ╨░╤А╨│╤Г╨╝╨╡╨╜╤В╨░ (╨▓╨╛╨╖╨╝╨╛╨╢╨╜╨╛, ╨┐╤А╨╛╨┐╤Г╤Й╨╡╨╜╨░ ╨┤╨╕╤А╨╡╨║╤В╨╕╨▓╨░ using ╨╕╨╗╨╕ ╤Б╤Б╤Л╨╗╨║╨░ ╨╜╨░ ╤Б╨▒╨╛╤А╨║╤Г). [C:\Users\user\OneDrive\╨а╨░╨▒╨╛╤З╨╕╨╣ ╤Б╤В╨╛╨╗\regi\WebApplication15\WebApplication15.csproj]
C:\Users\user\OneDrive\╨а╨░╨▒╨╛╤З╨╕╨╣ ╤Б╤В╨╛╨╗\regi\WebApplication15\Controllers\TestController.cs(67,54): error CS1061: "Test" ╨╜╨╡ ╤Б╨╛╨┤╨╡╤А╨╢╨╕╤В ╨╛╨┐╤А╨╡╨┤╨╡╨╗╨╡╨╜╨╕╤П "LanguageLevel", ╨╕ ╨╜╨╡ ╤Г╨┤╨░╨╗╨╛╤Б╤М ╨╜╨░╨╣╤В╨╕ ╨┤╨╛╤Б╤В╤Г╨┐╨╜╤Л╨╣ ╨╝╨╡╤В╨╛╨┤ ╤А╨░╤Б╤И╨╕╤А╨╡╨╜╨╕╤П "LanguageLevel", ╨┐╤А╨╕╨╜╨╕╨╝╨░╤О╤Й╨╕╨╣ ╤В╨╕╨┐ "Test" ╨▓ ╨║╨░╤З╨╡╤Б╤В╨▓╨╡ ╨┐╨╡╤А╨▓╨╛╨│╨╛ ╨░╤А╨│╤Г╨╝╨╡╨╜╤В╨░ (╨▓╨╛╨╖╨╝╨╛╨╢╨╜╨╛, ╨┐╤А╨╛╨┐╤Г╤Й╨╡╨╜╨░ ╨┤╨╕╤А╨╡╨║╤В╨╕╨▓╨░ using ╨╕╨╗╨╕ ╤Б╤Б╤Л╨╗╨║╨░ ╨╜╨░ ╤Б╨▒╨╛╤А╨║╤Г). [C:\Users\user\OneDrive\╨а╨░╨▒╨╛╤З╨╕╨╣ ╤Б╤В╨╛╨╗\regi\WebApplication15\WebApplication15.csproj]
C:\Users\user\OneDrive\╨а╨░╨▒╨╛╤З╨╕╨╣ ╤Б╤В╨╛╨╗\regi\WebApplication15\Controllers\LanguageController.cs(174,41): error CS1061: "ApplicationDbContext" ╨╜╨╡ ╤Б╨╛╨┤╨╡╤А╨╢╨╕╤В ╨╛╨┐╤А╨╡╨┤╨╡╨╗╨╡╨╜╨╕╤П "LanguageLevels", ╨╕ ╨╜╨╡ ╤Г╨┤╨░╨╗╨╛╤Б╤М ╨╜╨░╨╣╤В╨╕ ╨┤╨╛╤Б╤В╤Г╨┐╨╜╤Л╨╣ ╨╝╨╡╤В╨╛╨┤ ╤А╨░╤Б╤И╨╕╤А╨╡╨╜╨╕╤П "LanguageLevels", ╨┐╤А╨╕╨╜╨╕╨╝╨░╤О╤Й╨╕╨╣ ╤В╨╕╨┐ "ApplicationDbContext" ╨▓ ╨║╨░╤З╨╡╤Б╤В╨▓╨╡ ╨┐╨╡╤А╨▓╨╛╨│╨╛ ╨░╤А╨│╤Г╨╝╨╡╨╜╤В╨░ (╨▓╨╛╨╖╨╝╨╛╨╢╨╜╨╛, ╨┐╤А╨╛╨┐╤Г╤Й╨╡╨╜╨░ ╨┤╨╕╤А╨╡╨║╤В╨╕╨▓╨░ using ╨╕╨╗╨╕ ╤Б╤Б╤Л╨╗╨║╨░ ╨╜╨░ ╤Б╨▒╨╛╤А╨║╤Г). [C:\Users\user\OneDrive\╨а╨░╨▒╨╛╤З╨╕╨╣ ╤Б╤В╨╛╨╗\regi\WebApplication15\WebApplication15.csproj]
C:\Users\user\OneDrive\╨а╨░╨▒╨╛╤З╨╕╨╣ ╤Б╤В╨╛╨╗\regi\WebApplication15\Controllers\TestController.cs(103,33): error CS1061: "Test" ╨╜╨╡ ╤Б╨╛╨┤╨╡╤А╨╢╨╕╤В ╨╛╨┐╤А╨╡╨┤╨╡╨╗╨╡╨╜╨╕╤П "LanguageLevel", ╨╕ ╨╜╨╡ ╤Г╨┤╨░╨╗╨╛╤Б╤М ╨╜╨░╨╣╤В╨╕ ╨┤╨╛╤Б╤В╤Г╨┐╨╜╤Л╨╣ ╨╝╨╡╤В╨╛╨┤ ╤А╨░╤Б╤И╨╕╤А╨╡╨╜╨╕╤П "LanguageLevel", ╨┐╤А╨╕╨╜╨╕╨╝╨░╤О╤Й╨╕╨╣ ╤В╨╕╨┐ "Test" ╨▓ ╨║╨░╤З╨╡╤Б╤В╨▓╨╡ ╨┐╨╡╤А╨▓╨╛╨│╨╛ ╨░╤А╨│╤Г╨╝╨╡╨╜╤В╨░ (╨▓╨╛╨╖╨╝╨╛╨╢╨╜╨╛, ╨┐╤А╨╛╨┐╤Г╤Й╨╡╨╜╨░ ╨┤╨╕╤А╨╡╨║╤В╨╕╨▓╨░ using ╨╕╨╗╨╕ ╤Б╤Б╤Л╨╗╨║╨░ ╨╜╨░ ╤Б╨▒╨╛╤А╨║╤Г). [C:\Users\user\OneDrive\╨а╨░╨▒╨╛╤З╨╕╨╣ ╤Б╤В╨╛╨╗\regi\WebApplication15\WebApplication15.csproj]
C:\Users\user\OneDrive\╨а╨░╨▒╨╛╤З╨╕╨╣ ╤Б╤В╨╛╨╗\regi\WebApplication15\Controllers\TestController.cs(104,30): error CS1061: "Test" ╨╜╨╡ ╤Б╨╛╨┤╨╡╤А╨╢╨╕╤В ╨╛╨┐╤А╨╡╨┤╨╡╨╗╨╡╨╜╨╕╤П "LanguageLevel", ╨╕ ╨╜╨╡ ╤Г╨┤╨░╨╗╨╛╤Б╤М ╨╜╨░╨╣╤В╨╕ ╨┤╨╛╤Б╤В╤Г╨┐╨╜╤Л╨╣ ╨╝╨╡╤В╨╛╨┤ ╤А╨░╤Б╤И╨╕╤А╨╡╨╜╨╕╤П "LanguageLevel", ╨┐╤А╨╕╨╜╨╕╨╝╨░╤О╤Й╨╕╨╣ ╤В╨╕╨┐ "Test" ╨▓ ╨║╨░╤З╨╡╤Б╤В╨▓╨╡ ╨┐╨╡╤А╨▓╨╛╨│╨╛ ╨░╤А╨│╤Г╨╝╨╡╨╜╤В╨░ (╨▓╨╛╨╖╨╝╨╛╨╢╨╜╨╛, ╨┐╤А╨╛╨┐╤Г╤Й╨╡╨╜╨░ ╨┤╨╕╤А╨╡╨║╤В╨╕╨▓╨░ using ╨╕╨╗╨╕ ╤Б╤Б╤Л╨╗╨║╨░ ╨╜╨░ ╤Б╨▒╨╛╤А╨║╤Г). [C:\Users\user\OneDrive\╨а╨░╨▒╨╛╤З╨╕╨╣ ╤Б╤В╨╛╨╗\regi\WebApplication15\WebApplication15.csproj]
C:\Users\user\OneDrive\╨а╨░╨▒╨╛╤З╨╕╨╣ ╤Б╤В╨╛╨╗\regi\WebApplication15\Controllers\TestController.cs(110,33): error CS1061: "Question" ╨╜╨╡ ╤Б╨╛╨┤╨╡╤А╨╢╨╕╤В ╨╛╨┐╤А╨╡╨┤╨╡╨╗╨╡╨╜╨╕╤П "Options", ╨╕ ╨╜╨╡ ╤Г╨┤╨░╨╗╨╛╤Б╤М ╨╜╨░╨╣╤В╨╕ ╨┤╨╛╤Б╤В╤Г╨┐╨╜╤Л╨╣ ╨╝╨╡╤В╨╛╨┤ ╤А╨░╤Б╤И╨╕╤А╨╡╨╜╨╕╤П "Options", ╨┐╤А╨╕╨╜╨╕╨╝╨░╤О╤Й╨╕╨╣ ╤В╨╕╨┐ "Question" ╨▓ ╨║╨░╤З╨╡╤Б╤В╨▓╨╡ ╨┐╨╡╤А╨▓╨╛╨│╨╛ ╨░╤А╨│╤Г╨╝╨╡╨╜╤В╨░ (╨▓╨╛╨╖╨╝╨╛╨╢╨╜╨╛, ╨┐╤А╨╛╨┐╤Г╤Й╨╡╨╜╨░ ╨┤╨╕╤А╨╡╨║╤В╨╕╨▓╨░ using ╨╕╨╗╨╕ ╤Б╤Б╤Л╨╗╨║╨░ ╨╜╨░ ╤Б╨▒╨╛╤А╨║╤Г). [C:\Users\user\OneDrive\╨а╨░╨▒╨╛╤З╨╕╨╣ ╤Б╤В╨╛╨╗\regi\WebApplication15\WebApplication15.csproj]
C:\Users\user\OneDrive\╨а╨░╨▒╨╛╤З╨╕╨╣ ╤Б╤В╨╛╨╗\regi\WebApplication15\Controllers\LanguageController.cs(216,41): error CS1061: "ApplicationDbContext" ╨╜╨╡ ╤Б╨╛╨┤╨╡╤А╨╢╨╕╤В ╨╛╨┐╤А╨╡╨┤╨╡╨╗╨╡╨╜╨╕╤П "LanguageLevels", ╨╕ ╨╜╨╡ ╤Г╨┤╨░╨╗╨╛╤Б╤М ╨╜╨░╨╣╤В╨╕ ╨┤╨╛╤Б╤В╤Г╨┐╨╜╤Л╨╣ ╨╝╨╡╤В╨╛╨┤ ╤А╨░╤Б╤И╨╕╤А╨╡╨╜╨╕╤П "LanguageLevels", ╨┐╤А╨╕╨╜╨╕╨╝╨░╤О╤Й╨╕╨╣ ╤В╨╕╨┐ "ApplicationDbContext" ╨▓ ╨║╨░╤З╨╡╤Б╤В╨▓╨╡ ╨┐╨╡╤А╨▓╨╛╨│╨╛ ╨░╤А╨│╤Г╨╝╨╡╨╜╤В╨░ (╨▓╨╛╨╖╨╝╨╛╨╢╨╜╨╛, ╨┐╤А╨╛╨┐╤Г╤Й╨╡╨╜╨░ ╨┤╨╕╤А╨╡╨║╤В╨╕╨▓╨░ using ╨╕╨╗╨╕ ╤Б╤Б╤Л╨╗╨║╨░ ╨╜╨░ ╤Б╨▒╨╛╤А╨║╤Г). [C:\Users\user\OneDrive\╨а╨░╨▒╨╛╤З╨╕╨╣ ╤Б╤В╨╛╨╗\regi\WebApplication15\WebApplication15.csproj]
C:\Users\user\OneDrive\╨а╨░╨▒╨╛╤З╨╕╨╣ ╤Б╤В╨╛╨╗\regi\WebApplication15\Controllers\TestController.cs(157,54): error CS1061: "Question" ╨╜╨╡ ╤Б╨╛╨┤╨╡╤А╨╢╨╕╤В ╨╛╨┐╤А╨╡╨┤╨╡╨╗╨╡╨╜╨╕╤П "Options", ╨╕ ╨╜╨╡ ╤Г╨┤╨░╨╗╨╛╤Б╤М ╨╜╨░╨╣╤В╨╕ ╨┤╨╛╤Б╤В╤Г╨┐╨╜╤Л╨╣ ╨╝╨╡╤В╨╛╨┤ ╤А╨░╤Б╤И╨╕╤А╨╡╨╜╨╕╤П "Options", ╨┐╤А╨╕╨╜╨╕╨╝╨░╤О╤Й╨╕╨╣ ╤В╨╕╨┐ "Question" ╨▓ ╨║╨░╤З╨╡╤Б╤В╨▓╨╡ ╨┐╨╡╤А╨▓╨╛╨│╨╛ ╨░╤А╨│╤Г╨╝╨╡╨╜╤В╨░ (╨▓╨╛╨╖╨╝╨╛╨╢╨╜╨╛, ╨┐╤А╨╛╨┐╤Г╤Й╨╡╨╜╨░ ╨┤╨╕╤А╨╡╨║╤В╨╕╨▓╨░ using ╨╕╨╗╨╕ ╤Б╤Б╤Л╨╗╨║╨░ ╨╜╨░ ╤Б╨▒╨╛╤А╨║╤Г). [C:\Users\user\OneDrive\╨а╨░╨▒╨╛╤З╨╕╨╣ ╤Б╤В╨╛╨╗\regi\WebApplication15\WebApplication15.csproj]
C:\Users\user\OneDrive\╨а╨░╨▒╨╛╤З╨╕╨╣ ╤Б╤В╨╛╨╗\regi\WebApplication15\Controllers\TestController.cs(175,29): error CS0266: ╨Э╨╡ ╤Г╨┤╨░╨╡╤В╤Б╤П ╨╜╨╡╤П╨▓╨╜╨╛ ╨┐╤А╨╡╨╛╨▒╤А╨░╨╖╨╛╨▓╨░╤В╤М ╤В╨╕╨┐ "decimal" ╨▓ "int". ╨б╤Г╤Й╨╡╤Б╤В╨▓╤Г╨╡╤В ╤П╨▓╨╜╨╛╨╡ ╨┐╤А╨╡╨╛╨▒╤А╨░╨╖╨╛╨▓╨░╨╜╨╕╨╡ (╨▓╨╛╨╖╨╝╨╛╨╢╨╜╨╛, ╨┐╤А╨╛╨┐╤Г╤Й╨╡╨╜╨╛ ╨┐╤А╨╕╨▓╨╡╨┤╨╡╨╜╨╕╨╡ ╤В╨╕╨┐╨╛╨▓). [C:\Users\user\OneDrive\╨а╨░╨▒╨╛╤З╨╕╨╣ ╤Б╤В╨╛╨╗\regi\WebApplication15\WebApplication15.csproj]
C:\Users\user\OneDrive\╨а╨░╨▒╨╛╤З╨╕╨╣ ╤Б╤В╨╛╨╗\regi\WebApplication15\Controllers\TestController.cs(176,21): error CS0117: "TestResult" ╨╜╨╡ ╤Б╨╛╨┤╨╡╤А╨╢╨╕╤В ╨╛╨┐╤А╨╡╨┤╨╡╨╗╨╡╨╜╨╕╨╡ ╨┤╨╗╤П "CompletedDate". [C:\Users\user\OneDrive\╨а╨░╨▒╨╛╤З╨╕╨╣ ╤Б╤В╨╛╨╗\regi\WebApplication15\WebApplication15.csproj]
C:\Users\user\OneDrive\╨а╨░╨▒╨╛╤З╨╕╨╣ ╤Б╤В╨╛╨╗\regi\WebApplication15\Controllers\TestController.cs(188,37): error CS1061: "Test" ╨╜╨╡ ╤Б╨╛╨┤╨╡╤А╨╢╨╕╤В ╨╛╨┐╤А╨╡╨┤╨╡╨╗╨╡╨╜╨╕╤П "LanguageLevel", ╨╕ ╨╜╨╡ ╤Г╨┤╨░╨╗╨╛╤Б╤М ╨╜╨░╨╣╤В╨╕ ╨┤╨╛╤Б╤В╤Г╨┐╨╜╤Л╨╣ ╨╝╨╡╤В╨╛╨┤ ╤А╨░╤Б╤И╨╕╤А╨╡╨╜╨╕╤П "LanguageLevel", ╨┐╤А╨╕╨╜╨╕╨╝╨░╤О╤Й╨╕╨╣ ╤В╨╕╨┐ "Test" ╨▓ ╨║╨░╤З╨╡╤Б╤В╨▓╨╡ ╨┐╨╡╤А╨▓╨╛╨│╨╛ ╨░╤А╨│╤Г╨╝╨╡╨╜╤В╨░ (╨▓╨╛╨╖╨╝╨╛╨╢╨╜╨╛, ╨┐╤А╨╛╨┐╤Г╤Й╨╡╨╜╨░ ╨┤╨╕╤А╨╡╨║╤В╨╕╨▓╨░ using ╨╕╨╗╨╕ ╤Б╤Б╤Л╨╗╨║╨░ ╨╜╨░ ╤Б╨▒╨╛╤А╨║╤Г). [C:\Users\user\OneDrive\╨а╨░╨▒╨╛╤З╨╕╨╣ ╤Б╤В╨╛╨╗\regi\WebApplication15\WebApplication15.csproj]
C:\Users\user\OneDrive\╨а╨░╨▒╨╛╤З╨╕╨╣ ╤Б╤В╨╛╨╗\regi\WebApplication15\Controllers\TestController.cs(189,34): error CS1061: "Test" ╨╜╨╡ ╤Б╨╛╨┤╨╡╤А╨╢╨╕╤В ╨╛╨┐╤А╨╡╨┤╨╡╨╗╨╡╨╜╨╕╤П "LanguageLevel", ╨╕ ╨╜╨╡ ╤Г╨┤╨░╨╗╨╛╤Б╤М ╨╜╨░╨╣╤В╨╕ ╨┤╨╛╤Б╤В╤Г╨┐╨╜╤Л╨╣ ╨╝╨╡╤В╨╛╨┤ ╤А╨░╤Б╤И╨╕╤А╨╡╨╜╨╕╤П "LanguageLevel", ╨┐╤А╨╕╨╜╨╕╨╝╨░╤О╤Й╨╕╨╣ ╤В╨╕╨┐ "Test" ╨▓ ╨║╨░╤З╨╡╤Б╤В╨▓╨╡ ╨┐╨╡╤А╨▓╨╛╨│╨╛ ╨░╤А╨│╤Г╨╝╨╡╨╜╤В╨░ (╨▓╨╛╨╖╨╝╨╛╨╢╨╜╨╛, ╨┐╤А╨╛╨┐╤Г╤Й╨╡╨╜╨░ ╨┤╨╕╤А╨╡╨║╤В╨╕╨▓╨░ using ╨╕╨╗╨╕ ╤Б╤Б╤Л╨╗╨║╨░ ╨╜╨░ ╤Б╨▒╨╛╤А╨║╤Г). [C:\Users\user\OneDrive\╨а╨░╨▒╨╛╤З╨╕╨╣ ╤Б╤В╨╛╨╗\regi\WebApplication15\WebApplication15.csproj]
C:\Users\user\OneDrive\╨а╨░╨▒╨╛╤З╨╕╨╣ ╤Б╤В╨╛╨╗\regi\WebApplication15\Views\Home\AboutUs.cshtml(71,57): error CS1061: "Video" ╨╜╨╡ ╤Б╨╛╨┤╨╡╤А╨╢╨╕╤В ╨╛╨┐╤А╨╡╨┤╨╡╨╗╨╡╨╜╨╕╤П "Url", ╨╕ ╨╜╨╡ ╤Г╨┤╨░╨╗╨╛╤Б╤М ╨╜╨░╨╣╤В╨╕ ╨┤╨╛╤Б╤В╤Г╨┐╨╜╤Л╨╣ ╨╝╨╡╤В╨╛╨┤ ╤А╨░╤Б╤И╨╕╤А╨╡╨╜╨╕╤П "Url", ╨┐╤А╨╕╨╜╨╕╨╝╨░╤О╤Й╨╕╨╣ ╤В╨╕╨┐ "Video" ╨▓ ╨║╨░╤З╨╡╤Б╤В╨▓╨╡ ╨┐╨╡╤А╨▓╨╛╨│╨╛ ╨░╤А╨│╤Г╨╝╨╡╨╜╤В╨░ (╨▓╨╛╨╖╨╝╨╛╨╢╨╜╨╛, ╨┐╤А╨╛╨┐╤Г╤Й╨╡╨╜╨░ ╨┤╨╕╤А╨╡╨║╤В╨╕╨▓╨░ using ╨╕╨╗╨╕ ╤Б╤Б╤Л╨╗╨║╨░ ╨╜╨░ ╤Б╨▒╨╛╤А╨║╤Г). [C:\Users\user\OneDrive\╨а╨░╨▒╨╛╤З╨╕╨╣ ╤Б╤В╨╛╨╗\regi\WebApplication15\WebApplication15.csproj]
C:\Users\user\OneDrive\╨а╨░╨▒╨╛╤З╨╕╨╣ ╤Б╤В╨╛╨╗\regi\WebApplication15\Views\Home\AboutUs.cshtml(77,79): error CS1061: "Video" ╨╜╨╡ ╤Б╨╛╨┤╨╡╤А╨╢╨╕╤В ╨╛╨┐╤А╨╡╨┤╨╡╨╗╨╡╨╜╨╕╤П "LanguageLevel", ╨╕ ╨╜╨╡ ╤Г╨┤╨░╨╗╨╛╤Б╤М ╨╜╨░╨╣╤В╨╕ ╨┤╨╛╤Б╤В╤Г╨┐╨╜╤Л╨╣ ╨╝╨╡╤В╨╛╨┤ ╤А╨░╤Б╤И╨╕╤А╨╡╨╜╨╕╤П "LanguageLevel", ╨┐╤А╨╕╨╜╨╕╨╝╨░╤О╤Й╨╕╨╣ ╤В╨╕╨┐ "Video" ╨▓ ╨║╨░╤З╨╡╤Б╤В╨▓╨╡ ╨┐╨╡╤А╨▓╨╛╨│╨╛ ╨░╤А╨│╤Г╨╝╨╡╨╜╤В╨░ (╨▓╨╛╨╖╨╝╨╛╨╢╨╜╨╛, ╨┐╤А╨╛╨┐╤Г╤Й╨╡╨╜╨░ ╨┤╨╕╤А╨╡╨║╤В╨╕╨▓╨░ using ╨╕╨╗╨╕ ╤Б╤Б╤Л╨╗╨║╨░ ╨╜╨░ ╤Б╨▒╨╛╤А╨║╤Г). [C:\Users\user\OneDrive\╨а╨░╨▒╨╛╤З╨╕╨╣ ╤Б╤В╨╛╨╗\regi\WebApplication15\WebApplication15.csproj]
C:\Users\user\OneDrive\╨а╨░╨▒╨╛╤З╨╕╨╣ ╤Б╤В╨╛╨╗\regi\WebApplication15\Views\Home\AboutUs.cshtml(78,90): error CS1061: "Video" ╨╜╨╡ ╤Б╨╛╨┤╨╡╤А╨╢╨╕╤В ╨╛╨┐╤А╨╡╨┤╨╡╨╗╨╡╨╜╨╕╤П "LanguageLevel", ╨╕ ╨╜╨╡ ╤Г╨┤╨░╨╗╨╛╤Б╤М ╨╜╨░╨╣╤В╨╕ ╨┤╨╛╤Б╤В╤Г╨┐╨╜╤Л╨╣ ╨╝╨╡╤В╨╛╨┤ ╤А╨░╤Б╤И╨╕╤А╨╡╨╜╨╕╤П "LanguageLevel", ╨┐╤А╨╕╨╜╨╕╨╝╨░╤О╤Й╨╕╨╣ ╤В╨╕╨┐ "Video" ╨▓ ╨║╨░╤З╨╡╤Б╤В╨▓╨╡ ╨┐╨╡╤А╨▓╨╛╨│╨╛ ╨░╤А╨│╤Г╨╝╨╡╨╜╤В╨░ (╨▓╨╛╨╖╨╝╨╛╨╢╨╜╨╛, ╨┐╤А╨╛╨┐╤Г╤Й╨╡╨╜╨░ ╨┤╨╕╤А╨╡╨║╤В╨╕╨▓╨░ using ╨╕╨╗╨╕ ╤Б╤Б╤Л╨╗╨║╨░ ╨╜╨░ ╤Б╨▒╨╛╤А╨║╤Г). [C:\Users\user\OneDrive\╨а╨░╨▒╨╛╤З╨╕╨╣ ╤Б╤В╨╛╨╗\regi\WebApplication15\WebApplication15.csproj]
C:\Users\user\OneDrive\╨а╨░╨▒╨╛╤З╨╕╨╣ ╤Б╤В╨╛╨╗\regi\WebApplication15\Controllers\TestController.cs(218,45): error CS1061: "Test" ╨╜╨╡ ╤Б╨╛╨┤╨╡╤А╨╢╨╕╤В ╨╛╨┐╤А╨╡╨┤╨╡╨╗╨╡╨╜╨╕╤П "LanguageLevel", ╨╕ ╨╜╨╡ ╤Г╨┤╨░╨╗╨╛╤Б╤М ╨╜╨░╨╣╤В╨╕ ╨┤╨╛╤Б╤В╤Г╨┐╨╜╤Л╨╣ ╨╝╨╡╤В╨╛╨┤ ╤А╨░╤Б╤И╨╕╤А╨╡╨╜╨╕╤П "LanguageLevel", ╨┐╤А╨╕╨╜╨╕╨╝╨░╤О╤Й╨╕╨╣ ╤В╨╕╨┐ "Test" ╨▓ ╨║╨░╤З╨╡╤Б╤В╨▓╨╡ ╨┐╨╡╤А╨▓╨╛╨│╨╛ ╨░╤А╨│╤Г╨╝╨╡╨╜╤В╨░ (╨▓╨╛╨╖╨╝╨╛╨╢╨╜╨╛, ╨┐╤А╨╛╨┐╤Г╤Й╨╡╨╜╨░ ╨┤╨╕╤А╨╡╨║╤В╨╕╨▓╨░ using ╨╕╨╗╨╕ ╤Б╤Б╤Л╨╗╨║╨░ ╨╜╨░ ╤Б╨▒╨╛╤А╨║╤Г). [C:\Users\user\OneDrive\╨а╨░╨▒╨╛╤З╨╕╨╣ ╤Б╤В╨╛╨╗\regi\WebApplication15\WebApplication15.csproj]
C:\Users\user\OneDrive\╨а╨░╨▒╨╛╤З╨╕╨╣ ╤Б╤В╨╛╨╗\regi\WebApplication15\Controllers\TestController.cs(234,45): error CS1061: "Test" ╨╜╨╡ ╤Б╨╛╨┤╨╡╤А╨╢╨╕╤В ╨╛╨┐╤А╨╡╨┤╨╡╨╗╨╡╨╜╨╕╤П "LanguageLevel", ╨╕ ╨╜╨╡ ╤Г╨┤╨░╨╗╨╛╤Б╤М ╨╜╨░╨╣╤В╨╕ ╨┤╨╛╤Б╤В╤Г╨┐╨╜╤Л╨╣ ╨╝╨╡╤В╨╛╨┤ ╤А╨░╤Б╤И╨╕╤А╨╡╨╜╨╕╤П "LanguageLevel", ╨┐╤А╨╕╨╜╨╕╨╝╨░╤О╤Й╨╕╨╣ ╤В╨╕╨┐ "Test" ╨▓ ╨║╨░╤З╨╡╤Б╤В╨▓╨╡ ╨┐╨╡╤А╨▓╨╛╨│╨╛ ╨░╤А╨│╤Г╨╝╨╡╨╜╤В╨░ (╨▓╨╛╨╖╨╝╨╛╨╢╨╜╨╛, ╨┐╤А╨╛╨┐╤Г╤Й╨╡╨╜╨░ ╨┤╨╕╤А╨╡╨║╤В╨╕╨▓╨░ using ╨╕╨╗╨╕ ╤Б╤Б╤Л╨╗╨║╨░ ╨╜╨░ ╤Б╨▒╨╛╤А╨║╤Г). [C:\Users\user\OneDrive\╨а╨░╨▒╨╛╤З╨╕╨╣ ╤Б╤В╨╛╨╗\regi\WebApplication15\WebApplication15.csproj]
C:\Users\user\OneDrive\╨а╨░╨▒╨╛╤З╨╕╨╣ ╤Б╤В╨╛╨╗\regi\WebApplication15\Views\Video\Index.cshtml(30,73): error CS1061: "Video" ╨╜╨╡ ╤Б╨╛╨┤╨╡╤А╨╢╨╕╤В ╨╛╨┐╤А╨╡╨┤╨╡╨╗╨╡╨╜╨╕╤П "LanguageLevel", ╨╕ ╨╜╨╡ ╤Г╨┤╨░╨╗╨╛╤Б╤М ╨╜╨░╨╣╤В╨╕ ╨┤╨╛╤Б╤В╤Г╨┐╨╜╤Л╨╣ ╨╝╨╡╤В╨╛╨┤ ╤А╨░╤Б╤И╨╕╤А╨╡╨╜╨╕╤П "LanguageLevel", ╨┐╤А╨╕╨╜╨╕╨╝╨░╤О╤Й╨╕╨╣ ╤В╨╕╨┐ "Video" ╨▓ ╨║╨░╤З╨╡╤Б╤В╨▓╨╡ ╨┐╨╡╤А╨▓╨╛╨│╨╛ ╨░╤А╨│╤Г╨╝╨╡╨╜╤В╨░ (╨▓╨╛╨╖╨╝╨╛╨╢╨╜╨╛, ╨┐╤А╨╛╨┐╤Г╤Й╨╡╨╜╨░ ╨┤╨╕╤А╨╡╨║╤В╨╕╨▓╨░ using ╨╕╨╗╨╕ ╤Б╤Б╤Л╨╗╨║╨░ ╨╜╨░ ╤Б╨▒╨╛╤А╨║╤Г). [C:\Users\user\OneDrive\╨а╨░╨▒╨╛╤З╨╕╨╣ ╤Б╤В╨╛╨╗\regi\WebApplication15\WebApplication15.csproj]
C:\Users\user\OneDrive\╨а╨░╨▒╨╛╤З╨╕╨╣ ╤Б╤В╨╛╨╗\regi\WebApplication15\Views\Video\Index.cshtml(122,114): error CS1061: "Video" ╨╜╨╡ ╤Б╨╛╨┤╨╡╤А╨╢╨╕╤В ╨╛╨┐╤А╨╡╨┤╨╡╨╗╨╡╨╜╨╕╤П "LanguageLevel", ╨╕ ╨╜╨╡ ╤Г╨┤╨░╨╗╨╛╤Б╤М ╨╜╨░╨╣╤В╨╕ ╨┤╨╛╤Б╤В╤Г╨┐╨╜╤Л╨╣ ╨╝╨╡╤В╨╛╨┤ ╤А╨░╤Б╤И╨╕╤А╨╡╨╜╨╕╤П "LanguageLevel", ╨┐╤А╨╕╨╜╨╕╨╝╨░╤О╤Й╨╕╨╣ ╤В╨╕╨┐ "Video" ╨▓ ╨║╨░╤З╨╡╤Б╤В╨▓╨╡ ╨┐╨╡╤А╨▓╨╛╨│╨╛ ╨░╤А╨│╤Г╨╝╨╡╨╜╤В╨░ (╨▓╨╛╨╖╨╝╨╛╨╢╨╜╨╛, ╨┐╤А╨╛╨┐╤Г╤Й╨╡╨╜╨░ ╨┤╨╕╤А╨╡╨║╤В╨╕╨▓╨░ using ╨╕╨╗╨╕ ╤Б╤Б╤Л╨╗╨║╨░ ╨╜╨░ ╤Б╨▒╨╛╤А╨║╤Г). [C:\Users\user\OneDrive\╨а╨░╨▒╨╛╤З╨╕╨╣ ╤Б╤В╨╛╨╗\regi\WebApplication15\WebApplication15.csproj]
C:\Users\user\OneDrive\╨а╨░╨▒╨╛╤З╨╕╨╣ ╤Б╤В╨╛╨╗\regi\WebApplication15\Views\Video\Index.cshtml(122,167): error CS1061: "Video" ╨╜╨╡ ╤Б╨╛╨┤╨╡╤А╨╢╨╕╤В ╨╛╨┐╤А╨╡╨┤╨╡╨╗╨╡╨╜╨╕╤П "LanguageLevel", ╨╕ ╨╜╨╡ ╤Г╨┤╨░╨╗╨╛╤Б╤М ╨╜╨░╨╣╤В╨╕ ╨┤╨╛╤Б╤В╤Г╨┐╨╜╤Л╨╣ ╨╝╨╡╤В╨╛╨┤ ╤А╨░╤Б╤И╨╕╤А╨╡╨╜╨╕╤П "LanguageLevel", ╨┐╤А╨╕╨╜╨╕╨╝╨░╤О╤Й╨╕╨╣ ╤В╨╕╨┐ "Video" ╨▓ ╨║╨░╤З╨╡╤Б╤В╨▓╨╡ ╨┐╨╡╤А╨▓╨╛╨│╨╛ ╨░╤А╨│╤Г╨╝╨╡╨╜╤В╨░ (╨▓╨╛╨╖╨╝╨╛╨╢╨╜╨╛, ╨┐╤А╨╛╨┐╤Г╤Й╨╡╨╜╨░ ╨┤╨╕╤А╨╡╨║╤В╨╕╨▓╨░ using ╨╕╨╗╨╕ ╤Б╤Б╤Л╨╗╨║╨░ ╨╜╨░ ╤Б╨▒╨╛╤А╨║╤Г). [C:\Users\user\OneDrive\╨а╨░╨▒╨╛╤З╨╕╨╣ ╤Б╤В╨╛╨╗\regi\WebApplication15\WebApplication15.csproj]
C:\Users\user\OneDrive\╨а╨░╨▒╨╛╤З╨╕╨╣ ╤Б╤В╨╛╨╗\regi\WebApplication15\Views\Video\Index.cshtml(128,69): error CS1061: "Video" ╨╜╨╡ ╤Б╨╛╨┤╨╡╤А╨╢╨╕╤В ╨╛╨┐╤А╨╡╨┤╨╡╨╗╨╡╨╜╨╕╤П "LanguageLevel", ╨╕ ╨╜╨╡ ╤Г╨┤╨░╨╗╨╛╤Б╤М ╨╜╨░╨╣╤В╨╕ ╨┤╨╛╤Б╤В╤Г╨┐╨╜╤Л╨╣ ╨╝╨╡╤В╨╛╨┤ ╤А╨░╤Б╤И╨╕╤А╨╡╨╜╨╕╤П "LanguageLevel", ╨┐╤А╨╕╨╜╨╕╨╝╨░╤О╤Й╨╕╨╣ ╤В╨╕╨┐ "Video" ╨▓ ╨║╨░╤З╨╡╤Б╤В╨▓╨╡ ╨┐╨╡╤А╨▓╨╛╨│╨╛ ╨░╤А╨│╤Г╨╝╨╡╨╜╤В╨░ (╨▓╨╛╨╖╨╝╨╛╨╢╨╜╨╛, ╨┐╤А╨╛╨┐╤Г╤Й╨╡╨╜╨░ ╨┤╨╕╤А╨╡╨║╤В╨╕╨▓╨░ using ╨╕╨╗╨╕ ╤Б╤Б╤Л╨╗╨║╨░ ╨╜╨░ ╤Б╨▒╨╛╤А╨║╤Г). [C:\Users\user\OneDrive\╨а╨░╨▒╨╛╤З╨╕╨╣ ╤Б╤В╨╛╨╗\regi\WebApplication15\WebApplication15.csproj]
C:\Users\user\OneDrive\╨а╨░╨▒╨╛╤З╨╕╨╣ ╤Б╤В╨╛╨╗\regi\WebApplication15\Views\Video\Index.cshtml(176,73): error CS1061: "Video" ╨╜╨╡ ╤Б╨╛╨┤╨╡╤А╨╢╨╕╤В ╨╛╨┐╤А╨╡╨┤╨╡╨╗╨╡╨╜╨╕╤П "LanguageLevel", ╨╕ ╨╜╨╡ ╤Г╨┤╨░╨╗╨╛╤Б╤М ╨╜╨░╨╣╤В╨╕ ╨┤╨╛╤Б╤В╤Г╨┐╨╜╤Л╨╣ ╨╝╨╡╤В╨╛╨┤ ╤А╨░╤Б╤И╨╕╤А╨╡╨╜╨╕╤П "LanguageLevel", ╨┐╤А╨╕╨╜╨╕╨╝╨░╤О╤Й╨╕╨╣ ╤В╨╕╨┐ "Video" ╨▓ ╨║╨░╤З╨╡╤Б╤В╨▓╨╡ ╨┐╨╡╤А╨▓╨╛╨│╨╛ ╨░╤А╨│╤Г╨╝╨╡╨╜╤В╨░ (╨▓╨╛╨╖╨╝╨╛╨╢╨╜╨╛, ╨┐╤А╨╛╨┐╤Г╤Й╨╡╨╜╨░ ╨┤╨╕╤А╨╡╨║╤В╨╕╨▓╨░ using ╨╕╨╗╨╕ ╤Б╤Б╤Л╨╗╨║╨░ ╨╜╨░ ╤Б╨▒╨╛╤А╨║╤Г). [C:\Users\user\OneDrive\╨а╨░╨▒╨╛╤З╨╕╨╣ ╤Б╤В╨╛╨╗\regi\WebApplication15\WebApplication15.csproj]
C:\Users\user\OneDrive\╨а╨░╨▒╨╛╤З╨╕╨╣ ╤Б╤В╨╛╨╗\regi\WebApplication15\Services\TestService.cs(23,33): error CS1061: "Test" ╨╜╨╡ ╤Б╨╛╨┤╨╡╤А╨╢╨╕╤В ╨╛╨┐╤А╨╡╨┤╨╡╨╗╨╡╨╜╨╕╤П "LanguageLevel", ╨╕ ╨╜╨╡ ╤Г╨┤╨░╨╗╨╛╤Б╤М ╨╜╨░╨╣╤В╨╕ ╨┤╨╛╤Б╤В╤Г╨┐╨╜╤Л╨╣ ╨╝╨╡╤В╨╛╨┤ ╤А╨░╤Б╤И╨╕╤А╨╡╨╜╨╕╤П "LanguageLevel", ╨┐╤А╨╕╨╜╨╕╨╝╨░╤О╤Й╨╕╨╣ ╤В╨╕╨┐ "Test" ╨▓ ╨║╨░╤З╨╡╤Б╤В╨▓╨╡ ╨┐╨╡╤А╨▓╨╛╨│╨╛ ╨░╤А╨│╤Г╨╝╨╡╨╜╤В╨░ (╨▓╨╛╨╖╨╝╨╛╨╢╨╜╨╛, ╨┐╤А╨╛╨┐╤Г╤Й╨╡╨╜╨░ ╨┤╨╕╤А╨╡╨║╤В╨╕╨▓╨░ using ╨╕╨╗╨╕ ╤Б╤Б╤Л╨╗╨║╨░ ╨╜╨░ ╤Б╨▒╨╛╤А╨║╤Г). [C:\Users\user\OneDrive\╨а╨░╨▒╨╛╤З╨╕╨╣ ╤Б╤В╨╛╨╗\regi\WebApplication15\WebApplication15.csproj]
C:\Users\user\OneDrive\╨а╨░╨▒╨╛╤З╨╕╨╣ ╤Б╤В╨╛╨╗\regi\WebApplication15\Views\Test\Details.cshtml(11,32): error CS1061: "Test" ╨╜╨╡ ╤Б╨╛╨┤╨╡╤А╨╢╨╕╤В ╨╛╨┐╤А╨╡╨┤╨╡╨╗╨╡╨╜╨╕╤П "LanguageLevel", ╨╕ ╨╜╨╡ ╤Г╨┤╨░╨╗╨╛╤Б╤М ╨╜╨░╨╣╤В╨╕ ╨┤╨╛╤Б╤В╤Г╨┐╨╜╤Л╨╣ ╨╝╨╡╤В╨╛╨┤ ╤А╨░╤Б╤И╨╕╤А╨╡╨╜╨╕╤П "LanguageLevel", ╨┐╤А╨╕╨╜╨╕╨╝╨░╤О╤Й╨╕╨╣ ╤В╨╕╨┐ "Test" ╨▓ ╨║╨░╤З╨╡╤Б╤В╨▓╨╡ ╨┐╨╡╤А╨▓╨╛╨│╨╛ ╨░╤А╨│╤Г╨╝╨╡╨╜╤В╨░ (╨▓╨╛╨╖╨╝╨╛╨╢╨╜╨╛, ╨┐╤А╨╛╨┐╤Г╤Й╨╡╨╜╨░ ╨┤╨╕╤А╨╡╨║╤В╨╕╨▓╨░ using ╨╕╨╗╨╕ ╤Б╤Б╤Л╨╗╨║╨░ ╨╜╨░ ╤Б╨▒╨╛╤А╨║╤Г). [C:\Users\user\OneDrive\╨а╨░╨▒╨╛╤З╨╕╨╣ ╤Б╤В╨╛╨╗\regi\WebApplication15\WebApplication15.csproj]
C:\Users\user\OneDrive\╨а╨░╨▒╨╛╤З╨╕╨╣ ╤Б╤В╨╛╨╗\regi\WebApplication15\Views\Test\Details.cshtml(30,74): error CS1061: "Question" ╨╜╨╡ ╤Б╨╛╨┤╨╡╤А╨╢╨╕╤В ╨╛╨┐╤А╨╡╨┤╨╡╨╗╨╡╨╜╨╕╤П "Options", ╨╕ ╨╜╨╡ ╤Г╨┤╨░╨╗╨╛╤Б╤М ╨╜╨░╨╣╤В╨╕ ╨┤╨╛╤Б╤В╤Г╨┐╨╜╤Л╨╣ ╨╝╨╡╤В╨╛╨┤ ╤А╨░╤Б╤И╨╕╤А╨╡╨╜╨╕╤П "Options", ╨┐╤А╨╕╨╜╨╕╨╝╨░╤О╤Й╨╕╨╣ ╤В╨╕╨┐ "Question" ╨▓ ╨║╨░╤З╨╡╤Б╤В╨▓╨╡ ╨┐╨╡╤А╨▓╨╛╨│╨╛ ╨░╤А╨│╤Г╨╝╨╡╨╜╤В╨░ (╨▓╨╛╨╖╨╝╨╛╨╢╨╜╨╛, ╨┐╤А╨╛╨┐╤Г╤Й╨╡╨╜╨░ ╨┤╨╕╤А╨╡╨║╤В╨╕╨▓╨░ using ╨╕╨╗╨╕ ╤Б╤Б╤Л╨╗╨║╨░ ╨╜╨░ ╤Б╨▒╨╛╤А╨║╤Г). [C:\Users\user\OneDrive\╨а╨░╨▒╨╛╤З╨╕╨╣ ╤Б╤В╨╛╨╗\regi\WebApplication15\WebApplication15.csproj]
C:\Users\user\OneDrive\╨а╨░╨▒╨╛╤З╨╕╨╣ ╤Б╤В╨╛╨╗\regi\WebApplication15\Views\Test\Details.cshtml(50,102): error CS1061: "Test" ╨╜╨╡ ╤Б╨╛╨┤╨╡╤А╨╢╨╕╤В ╨╛╨┐╤А╨╡╨┤╨╡╨╗╨╡╨╜╨╕╤П "LanguageLevel", ╨╕ ╨╜╨╡ ╤Г╨┤╨░╨╗╨╛╤Б╤М ╨╜╨░╨╣╤В╨╕ ╨┤╨╛╤Б╤В╤Г╨┐╨╜╤Л╨╣ ╨╝╨╡╤В╨╛╨┤ ╤А╨░╤Б╤И╨╕╤А╨╡╨╜╨╕╤П "LanguageLevel", ╨┐╤А╨╕╨╜╨╕╨╝╨░╤О╤Й╨╕╨╣ ╤В╨╕╨┐ "Test" ╨▓ ╨║╨░╤З╨╡╤Б╤В╨▓╨╡ ╨┐╨╡╤А╨▓╨╛╨│╨╛ ╨░╤А╨│╤Г╨╝╨╡╨╜╤В╨░ (╨▓╨╛╨╖╨╝╨╛╨╢╨╜╨╛, ╨┐╤А╨╛╨┐╤Г╤Й╨╡╨╜╨░ ╨┤╨╕╤А╨╡╨║╤В╨╕╨▓╨░ using ╨╕╨╗╨╕ ╤Б╤Б╤Л╨╗╨║╨░ ╨╜╨░ ╤Б╨▒╨╛╤А╨║╤Г). [C:\Users\user\OneDrive\╨а╨░╨▒╨╛╤З╨╕╨╣ ╤Б╤В╨╛╨╗\regi\WebApplication15\WebApplication15.csproj]
C:\Users\user\OneDrive\╨а╨░╨▒╨╛╤З╨╕╨╣ ╤Б╤В╨╛╨╗\regi\WebApplication15\Views\Test\Details.cshtml(50,155): error CS1061: "Test" ╨╜╨╡ ╤Б╨╛╨┤╨╡╤А╨╢╨╕╤В ╨╛╨┐╤А╨╡╨┤╨╡╨╗╨╡╨╜╨╕╤П "LanguageLevelId", ╨╕ ╨╜╨╡ ╤Г╨┤╨░╨╗╨╛╤Б╤М ╨╜╨░╨╣╤В╨╕ ╨┤╨╛╤Б╤В╤Г╨┐╨╜╤Л╨╣ ╨╝╨╡╤В╨╛╨┤ ╤А╨░╤Б╤И╨╕╤А╨╡╨╜╨╕╤П "LanguageLevelId", ╨┐╤А╨╕╨╜╨╕╨╝╨░╤О╤Й╨╕╨╣ ╤В╨╕╨┐ "Test" ╨▓ ╨║╨░╤З╨╡╤Б╤В╨▓╨╡ ╨┐╨╡╤А╨▓╨╛╨│╨╛ ╨░╤А╨│╤Г╨╝╨╡╨╜╤В╨░ (╨▓╨╛╨╖╨╝╨╛╨╢╨╜╨╛, ╨┐╤А╨╛╨┐╤Г╤Й╨╡╨╜╨░ ╨┤╨╕╤А╨╡╨║╤В╨╕╨▓╨░ using ╨╕╨╗╨╕ ╤Б╤Б╤Л╨╗╨║╨░ ╨╜╨░ ╤Б╨▒╨╛╤А╨║╤Г). [C:\Users\user\OneDrive\╨а╨░╨▒╨╛╤З╨╕╨╣ ╤Б╤В╨╛╨╗\regi\WebApplication15\WebApplication15.csproj]
C:\Users\user\OneDrive\╨а╨░╨▒╨╛╤З╨╕╨╣ ╤Б╤В╨╛╨╗\regi\WebApplication15\Services\TestService.cs(35,33): error CS1061: "Test" ╨╜╨╡ ╤Б╨╛╨┤╨╡╤А╨╢╨╕╤В ╨╛╨┐╤А╨╡╨┤╨╡╨╗╨╡╨╜╨╕╤П "LanguageLevel", ╨╕ ╨╜╨╡ ╤Г╨┤╨░╨╗╨╛╤Б╤М ╨╜╨░╨╣╤В╨╕ ╨┤╨╛╤Б╤В╤Г╨┐╨╜╤Л╨╣ ╨╝╨╡╤В╨╛╨┤ ╤А╨░╤Б╤И╨╕╤А╨╡╨╜╨╕╤П "LanguageLevel", ╨┐╤А╨╕╨╜╨╕╨╝╨░╤О╤Й╨╕╨╣ ╤В╨╕╨┐ "Test" ╨▓ ╨║╨░╤З╨╡╤Б╤В╨▓╨╡ ╨┐╨╡╤А╨▓╨╛╨│╨╛ ╨░╤А╨│╤Г╨╝╨╡╨╜╤В╨░ (╨▓╨╛╨╖╨╝╨╛╨╢╨╜╨╛, ╨┐╤А╨╛╨┐╤Г╤Й╨╡╨╜╨░ ╨┤╨╕╤А╨╡╨║╤В╨╕╨▓╨░ using ╨╕╨╗╨╕ ╤Б╤Б╤Л╨╗╨║╨░ ╨╜╨░ ╤Б╨▒╨╛╤А╨║╤Г). [C:\Users\user\OneDrive\╨а╨░╨▒╨╛╤З╨╕╨╣ ╤Б╤В╨╛╨╗\regi\WebApplication15\WebApplication15.csproj]
C:\Users\user\OneDrive\╨а╨░╨▒╨╛╤З╨╕╨╣ ╤Б╤В╨╛╨╗\regi\WebApplication15\Services\TestService.cs(48,37): error CS1061: "Question" ╨╜╨╡ ╤Б╨╛╨┤╨╡╤А╨╢╨╕╤В ╨╛╨┐╤А╨╡╨┤╨╡╨╗╨╡╨╜╨╕╤П "Options", ╨╕ ╨╜╨╡ ╤Г╨┤╨░╨╗╨╛╤Б╤М ╨╜╨░╨╣╤В╨╕ ╨┤╨╛╤Б╤В╤Г╨┐╨╜╤Л╨╣ ╨╝╨╡╤В╨╛╨┤ ╤А╨░╤Б╤И╨╕╤А╨╡╨╜╨╕╤П "Options", ╨┐╤А╨╕╨╜╨╕╨╝╨░╤О╤Й╨╕╨╣ ╤В╨╕╨┐ "Question" ╨▓ ╨║╨░╤З╨╡╤Б╤В╨▓╨╡ ╨┐╨╡╤А╨▓╨╛╨│╨╛ ╨░╤А╨│╤Г╨╝╨╡╨╜╤В╨░ (╨▓╨╛╨╖╨╝╨╛╨╢╨╜╨╛, ╨┐╤А╨╛╨┐╤Г╤Й╨╡╨╜╨░ ╨┤╨╕╤А╨╡╨║╤В╨╕╨▓╨░ using ╨╕╨╗╨╕ ╤Б╤Б╤Л╨╗╨║╨░ ╨╜╨░ ╤Б╨▒╨╛╤А╨║╤Г). [C:\Users\user\OneDrive\╨а╨░╨▒╨╛╤З╨╕╨╣ ╤Б╤В╨╛╨╗\regi\WebApplication15\WebApplication15.csproj]
C:\Users\user\OneDrive\╨а╨░╨▒╨╛╤З╨╕╨╣ ╤Б╤В╨╛╨╗\regi\WebApplication15\Services\TestService.cs(49,31): error CS1061: "Test" ╨╜╨╡ ╤Б╨╛╨┤╨╡╤А╨╢╨╕╤В ╨╛╨┐╤А╨╡╨┤╨╡╨╗╨╡╨╜╨╕╤П "LanguageLevelId", ╨╕ ╨╜╨╡ ╤Г╨┤╨░╨╗╨╛╤Б╤М ╨╜╨░╨╣╤В╨╕ ╨┤╨╛╤Б╤В╤Г╨┐╨╜╤Л╨╣ ╨╝╨╡╤В╨╛╨┤ ╤А╨░╤Б╤И╨╕╤А╨╡╨╜╨╕╤П "LanguageLevelId", ╨┐╤А╨╕╨╜╨╕╨╝╨░╤О╤Й╨╕╨╣ ╤В╨╕╨┐ "Test" ╨▓ ╨║╨░╤З╨╡╤Б╤В╨▓╨╡ ╨┐╨╡╤А╨▓╨╛╨│╨╛ ╨░╤А╨│╤Г╨╝╨╡╨╜╤В╨░ (╨▓╨╛╨╖╨╝╨╛╨╢╨╜╨╛, ╨┐╤А╨╛╨┐╤Г╤Й╨╡╨╜╨░ ╨┤╨╕╤А╨╡╨║╤В╨╕╨▓╨░ using ╨╕╨╗╨╕ ╤Б╤Б╤Л╨╗╨║╨░ ╨╜╨░ ╤Б╨▒╨╛╤А╨║╤Г). [C:\Users\user\OneDrive\╨а╨░╨▒╨╛╤З╨╕╨╣ ╤Б╤В╨╛╨╗\regi\WebApplication15\WebApplication15.csproj]
C:\Users\user\OneDrive\╨а╨░╨▒╨╛╤З╨╕╨╣ ╤Б╤В╨╛╨╗\regi\WebApplication15\Services\TestService.cs(58,37): error CS1061: "Question" ╨╜╨╡ ╤Б╨╛╨┤╨╡╤А╨╢╨╕╤В ╨╛╨┐╤А╨╡╨┤╨╡╨╗╨╡╨╜╨╕╤П "Options", ╨╕ ╨╜╨╡ ╤Г╨┤╨░╨╗╨╛╤Б╤М ╨╜╨░╨╣╤В╨╕ ╨┤╨╛╤Б╤В╤Г╨┐╨╜╤Л╨╣ ╨╝╨╡╤В╨╛╨┤ ╤А╨░╤Б╤И╨╕╤А╨╡╨╜╨╕╤П "Options", ╨┐╤А╨╕╨╜╨╕╨╝╨░╤О╤Й╨╕╨╣ ╤В╨╕╨┐ "Question" ╨▓ ╨║╨░╤З╨╡╤Б╤В╨▓╨╡ ╨┐╨╡╤А╨▓╨╛╨│╨╛ ╨░╤А╨│╤Г╨╝╨╡╨╜╤В╨░ (╨▓╨╛╨╖╨╝╨╛╨╢╨╜╨╛, ╨┐╤А╨╛╨┐╤Г╤Й╨╡╨╜╨░ ╨┤╨╕╤А╨╡╨║╤В╨╕╨▓╨░ using ╨╕╨╗╨╕ ╤Б╤Б╤Л╨╗╨║╨░ ╨╜╨░ ╤Б╨▒╨╛╤А╨║╤Г). [C:\Users\user\OneDrive\╨а╨░╨▒╨╛╤З╨╕╨╣ ╤Б╤В╨╛╨╗\regi\WebApplication15\WebApplication15.csproj]
C:\Users\user\OneDrive\╨а╨░╨▒╨╛╤З╨╕╨╣ ╤Б╤В╨╛╨╗\regi\WebApplication15\Services\TestService.cs(66,33): error CS1061: "Test" ╨╜╨╡ ╤Б╨╛╨┤╨╡╤А╨╢╨╕╤В ╨╛╨┐╤А╨╡╨┤╨╡╨╗╨╡╨╜╨╕╤П "LanguageLevel", ╨╕ ╨╜╨╡ ╤Г╨┤╨░╨╗╨╛╤Б╤М ╨╜╨░╨╣╤В╨╕ ╨┤╨╛╤Б╤В╤Г╨┐╨╜╤Л╨╣ ╨╝╨╡╤В╨╛╨┤ ╤А╨░╤Б╤И╨╕╤А╨╡╨╜╨╕╤П "LanguageLevel", ╨┐╤А╨╕╨╜╨╕╨╝╨░╤О╤Й╨╕╨╣ ╤В╨╕╨┐ "Test" ╨▓ ╨║╨░╤З╨╡╤Б╤В╨▓╨╡ ╨┐╨╡╤А╨▓╨╛╨│╨╛ ╨░╤А╨│╤Г╨╝╨╡╨╜╤В╨░ (╨▓╨╛╨╖╨╝╨╛╨╢╨╜╨╛, ╨┐╤А╨╛╨┐╤Г╤Й╨╡╨╜╨░ ╨┤╨╕╤А╨╡╨║╤В╨╕╨▓╨░ using ╨╕╨╗╨╕ ╤Б╤Б╤Л╨╗╨║╨░ ╨╜╨░ ╤Б╨▒╨╛╤А╨║╤Г). [C:\Users\user\OneDrive\╨а╨░╨▒╨╛╤З╨╕╨╣ ╤Б╤В╨╛╨╗\regi\WebApplication15\WebApplication15.csproj]
C:\Users\user\OneDrive\╨а╨░╨▒╨╛╤З╨╕╨╣ ╤Б╤В╨╛╨╗\regi\WebApplication15\Views\Video\Details.cshtml(7,28): error CS1061: "Video" ╨╜╨╡ ╤Б╨╛╨┤╨╡╤А╨╢╨╕╤В ╨╛╨┐╤А╨╡╨┤╨╡╨╗╨╡╨╜╨╕╤П "Url", ╨╕ ╨╜╨╡ ╤Г╨┤╨░╨╗╨╛╤Б╤М ╨╜╨░╨╣╤В╨╕ ╨┤╨╛╤Б╤В╤Г╨┐╨╜╤Л╨╣ ╨╝╨╡╤В╨╛╨┤ ╤А╨░╤Б╤И╨╕╤А╨╡╨╜╨╕╤П "Url", ╨┐╤А╨╕╨╜╨╕╨╝╨░╤О╤Й╨╕╨╣ ╤В╨╕╨┐ "Video" ╨▓ ╨║╨░╤З╨╡╤Б╤В╨▓╨╡ ╨┐╨╡╤А╨▓╨╛╨│╨╛ ╨░╤А╨│╤Г╨╝╨╡╨╜╤В╨░ (╨▓╨╛╨╖╨╝╨╛╨╢╨╜╨╛, ╨┐╤А╨╛╨┐╤Г╤Й╨╡╨╜╨░ ╨┤╨╕╤А╨╡╨║╤В╨╕╨▓╨░ using ╨╕╨╗╨╕ ╤Б╤Б╤Л╨╗╨║╨░ ╨╜╨░ ╤Б╨▒╨╛╤А╨║╤Г). [C:\Users\user\OneDrive\╨а╨░╨▒╨╛╤З╨╕╨╣ ╤Б╤В╨╛╨╗\regi\WebApplication15\WebApplication15.csproj]
C:\Users\user\OneDrive\╨а╨░╨▒╨╛╤З╨╕╨╣ ╤Б╤В╨╛╨╗\regi\WebApplication15\Views\Video\Details.cshtml(7,61): error CS1061: "Video" ╨╜╨╡ ╤Б╨╛╨┤╨╡╤А╨╢╨╕╤В ╨╛╨┐╤А╨╡╨┤╨╡╨╗╨╡╨╜╨╕╤П "Url", ╨╕ ╨╜╨╡ ╤Г╨┤╨░╨╗╨╛╤Б╤М ╨╜╨░╨╣╤В╨╕ ╨┤╨╛╤Б╤В╤Г╨┐╨╜╤Л╨╣ ╨╝╨╡╤В╨╛╨┤ ╤А╨░╤Б╤И╨╕╤А╨╡╨╜╨╕╤П "Url", ╨┐╤А╨╕╨╜╨╕╨╝╨░╤О╤Й╨╕╨╣ ╤В╨╕╨┐ "Video" ╨▓ ╨║╨░╤З╨╡╤Б╤В╨▓╨╡ ╨┐╨╡╤А╨▓╨╛╨│╨╛ ╨░╤А╨│╤Г╨╝╨╡╨╜╤В╨░ (╨▓╨╛╨╖╨╝╨╛╨╢╨╜╨╛, ╨┐╤А╨╛╨┐╤Г╤Й╨╡╨╜╨░ ╨┤╨╕╤А╨╡╨║╤В╨╕╨▓╨░ using ╨╕╨╗╨╕ ╤Б╤Б╤Л╨╗╨║╨░ ╨╜╨░ ╤Б╨▒╨╛╤А╨║╤Г). [C:\Users\user\OneDrive\╨а╨░╨▒╨╛╤З╨╕╨╣ ╤Б╤В╨╛╨╗\regi\WebApplication15\WebApplication15.csproj]
C:\Users\user\OneDrive\╨а╨░╨▒╨╛╤З╨╕╨╣ ╤Б╤В╨╛╨╗\regi\WebApplication15\Views\Video\Details.cshtml(8,26): error CS1061: "Video" ╨╜╨╡ ╤Б╨╛╨┤╨╡╤А╨╢╨╕╤В ╨╛╨┐╤А╨╡╨┤╨╡╨╗╨╡╨╜╨╕╤П "Url", ╨╕ ╨╜╨╡ ╤Г╨┤╨░╨╗╨╛╤Б╤М ╨╜╨░╨╣╤В╨╕ ╨┤╨╛╤Б╤В╤Г╨┐╨╜╤Л╨╣ ╨╝╨╡╤В╨╛╨┤ ╤А╨░╤Б╤И╨╕╤А╨╡╨╜╨╕╤П "Url", ╨┐╤А╨╕╨╜╨╕╨╝╨░╤О╤Й╨╕╨╣ ╤В╨╕╨┐ "Video" ╨▓ ╨║╨░╤З╨╡╤Б╤В╨▓╨╡ ╨┐╨╡╤А╨▓╨╛╨│╨╛ ╨░╤А╨│╤Г╨╝╨╡╨╜╤В╨░ (╨▓╨╛╨╖╨╝╨╛╨╢╨╜╨╛, ╨┐╤А╨╛╨┐╤Г╤Й╨╡╨╜╨░ ╨┤╨╕╤А╨╡╨║╤В╨╕╨▓╨░ using ╨╕╨╗╨╕ ╤Б╤Б╤Л╨╗╨║╨░ ╨╜╨░ ╤Б╨▒╨╛╤А╨║╤Г). [C:\Users\user\OneDrive\╨а╨░╨▒╨╛╤З╨╕╨╣ ╤Б╤В╨╛╨╗\regi\WebApplication15\WebApplication15.csproj]
C:\Users\user\OneDrive\╨а╨░╨▒╨╛╤З╨╕╨╣ ╤Б╤В╨╛╨╗\regi\WebApplication15\Views\Video\Details.cshtml(15,19): error CS1061: "Video" ╨╜╨╡ ╤Б╨╛╨┤╨╡╤А╨╢╨╕╤В ╨╛╨┐╤А╨╡╨┤╨╡╨╗╨╡╨╜╨╕╤П "Url", ╨╕ ╨╜╨╡ ╤Г╨┤╨░╨╗╨╛╤Б╤М ╨╜╨░╨╣╤В╨╕ ╨┤╨╛╤Б╤В╤Г╨┐╨╜╤Л╨╣ ╨╝╨╡╤В╨╛╨┤ ╤А╨░╤Б╤И╨╕╤А╨╡╨╜╨╕╤П "Url", ╨┐╤А╨╕╨╜╨╕╨╝╨░╤О╤Й╨╕╨╣ ╤В╨╕╨┐ "Video" ╨▓ ╨║╨░╤З╨╡╤Б╤В╨▓╨╡ ╨┐╨╡╤А╨▓╨╛╨│╨╛ ╨░╤А╨│╤Г╨╝╨╡╨╜╤В╨░ (╨▓╨╛╨╖╨╝╨╛╨╢╨╜╨╛, ╨┐╤А╨╛╨┐╤Г╤Й╨╡╨╜╨░ ╨┤╨╕╤А╨╡╨║╤В╨╕╨▓╨░ using ╨╕╨╗╨╕ ╤Б╤Б╤Л╨╗╨║╨░ ╨╜╨░ ╤Б╨▒╨╛╤А╨║╤Г). [C:\Users\user\OneDrive\╨а╨░╨▒╨╛╤З╨╕╨╣ ╤Б╤В╨╛╨╗\regi\WebApplication15\WebApplication15.csproj]
C:\Users\user\OneDrive\╨а╨░╨▒╨╛╤З╨╕╨╣ ╤Б╤В╨╛╨╗\regi\WebApplication15\Views\Video\Details.cshtml(17,31): error CS1061: "Video" ╨╜╨╡ ╤Б╨╛╨┤╨╡╤А╨╢╨╕╤В ╨╛╨┐╤А╨╡╨┤╨╡╨╗╨╡╨╜╨╕╤П "Url", ╨╕ ╨╜╨╡ ╤Г╨┤╨░╨╗╨╛╤Б╤М ╨╜╨░╨╣╤В╨╕ ╨┤╨╛╤Б╤В╤Г╨┐╨╜╤Л╨╣ ╨╝╨╡╤В╨╛╨┤ ╤А╨░╤Б╤И╨╕╤А╨╡╨╜╨╕╤П "Url", ╨┐╤А╨╕╨╜╨╕╨╝╨░╤О╤Й╨╕╨╣ ╤В╨╕╨┐ "Video" ╨▓ ╨║╨░╤З╨╡╤Б╤В╨▓╨╡ ╨┐╨╡╤А╨▓╨╛╨│╨╛ ╨░╤А╨│╤Г╨╝╨╡╨╜╤В╨░ (╨▓╨╛╨╖╨╝╨╛╨╢╨╜╨╛, ╨┐╤А╨╛╨┐╤Г╤Й╨╡╨╜╨░ ╨┤╨╕╤А╨╡╨║╤В╨╕╨▓╨░ using ╨╕╨╗╨╕ ╤Б╤Б╤Л╨╗╨║╨░ ╨╜╨░ ╤Б╨▒╨╛╤А╨║╤Г). [C:\Users\user\OneDrive\╨а╨░╨▒╨╛╤З╨╕╨╣ ╤Б╤В╨╛╨╗\regi\WebApplication15\WebApplication15.csproj]
C:\Users\user\OneDrive\╨а╨░╨▒╨╛╤З╨╕╨╣ ╤Б╤В╨╛╨╗\regi\WebApplication15\Views\Video\Details.cshtml(19,24): error CS1061: "Video" ╨╜╨╡ ╤Б╨╛╨┤╨╡╤А╨╢╨╕╤В ╨╛╨┐╤А╨╡╨┤╨╡╨╗╨╡╨╜╨╕╤П "Url", ╨╕ ╨╜╨╡ ╤Г╨┤╨░╨╗╨╛╤Б╤М ╨╜╨░╨╣╤В╨╕ ╨┤╨╛╤Б╤В╤Г╨┐╨╜╤Л╨╣ ╨╝╨╡╤В╨╛╨┤ ╤А╨░╤Б╤И╨╕╤А╨╡╨╜╨╕╤П "Url", ╨┐╤А╨╕╨╜╨╕╨╝╨░╤О╤Й╨╕╨╣ ╤В╨╕╨┐ "Video" ╨▓ ╨║╨░╤З╨╡╤Б╤В╨▓╨╡ ╨┐╨╡╤А╨▓╨╛╨│╨╛ ╨░╤А╨│╤Г╨╝╨╡╨╜╤В╨░ (╨▓╨╛╨╖╨╝╨╛╨╢╨╜╨╛, ╨┐╤А╨╛╨┐╤Г╤Й╨╡╨╜╨░ ╨┤╨╕╤А╨╡╨║╤В╨╕╨▓╨░ using ╨╕╨╗╨╕ ╤Б╤Б╤Л╨╗╨║╨░ ╨╜╨░ ╤Б╨▒╨╛╤А╨║╤Г). [C:\Users\user\OneDrive\╨а╨░╨▒╨╛╤З╨╕╨╣ ╤Б╤В╨╛╨╗\regi\WebApplication15\WebApplication15.csproj]
C:\Users\user\OneDrive\╨а╨░╨▒╨╛╤З╨╕╨╣ ╤Б╤В╨╛╨╗\regi\WebApplication15\Views\Video\Details.cshtml(21,31): error CS1061: "Video" ╨╜╨╡ ╤Б╨╛╨┤╨╡╤А╨╢╨╕╤В ╨╛╨┐╤А╨╡╨┤╨╡╨╗╨╡╨╜╨╕╤П "Url", ╨╕ ╨╜╨╡ ╤Г╨┤╨░╨╗╨╛╤Б╤М ╨╜╨░╨╣╤В╨╕ ╨┤╨╛╤Б╤В╤Г╨┐╨╜╤Л╨╣ ╨╝╨╡╤В╨╛╨┤ ╤А╨░╤Б╤И╨╕╤А╨╡╨╜╨╕╤П "Url", ╨┐╤А╨╕╨╜╨╕╨╝╨░╤О╤Й╨╕╨╣ ╤В╨╕╨┐ "Video" ╨▓ ╨║╨░╤З╨╡╤Б╤В╨▓╨╡ ╨┐╨╡╤А╨▓╨╛╨│╨╛ ╨░╤А╨│╤Г╨╝╨╡╨╜╤В╨░ (╨▓╨╛╨╖╨╝╨╛╨╢╨╜╨╛, ╨┐╤А╨╛╨┐╤Г╤Й╨╡╨╜╨░ ╨┤╨╕╤А╨╡╨║╤В╨╕╨▓╨░ using ╨╕╨╗╨╕ ╤Б╤Б╤Л╨╗╨║╨░ ╨╜╨░ ╤Б╨▒╨╛╤А╨║╤Г). [C:\Users\user\OneDrive\╨а╨░╨▒╨╛╤З╨╕╨╣ ╤Б╤В╨╛╨╗\regi\WebApplication15\WebApplication15.csproj]
C:\Users\user\OneDrive\╨а╨░╨▒╨╛╤З╨╕╨╣ ╤Б╤В╨╛╨╗\regi\WebApplication15\Views\Video\Details.cshtml(23,24): error CS1061: "Video" ╨╜╨╡ ╤Б╨╛╨┤╨╡╤А╨╢╨╕╤В ╨╛╨┐╤А╨╡╨┤╨╡╨╗╨╡╨╜╨╕╤П "Url", ╨╕ ╨╜╨╡ ╤Г╨┤╨░╨╗╨╛╤Б╤М ╨╜╨░╨╣╤В╨╕ ╨┤╨╛╤Б╤В╤Г╨┐╨╜╤Л╨╣ ╨╝╨╡╤В╨╛╨┤ ╤А╨░╤Б╤И╨╕╤А╨╡╨╜╨╕╤П "Url", ╨┐╤А╨╕╨╜╨╕╨╝╨░╤О╤Й╨╕╨╣ ╤В╨╕╨┐ "Video" ╨▓ ╨║╨░╤З╨╡╤Б╤В╨▓╨╡ ╨┐╨╡╤А╨▓╨╛╨│╨╛ ╨░╤А╨│╤Г╨╝╨╡╨╜╤В╨░ (╨▓╨╛╨╖╨╝╨╛╨╢╨╜╨╛, ╨┐╤А╨╛╨┐╤Г╤Й╨╡╨╜╨░ ╨┤╨╕╤А╨╡╨║╤В╨╕╨▓╨░ using ╨╕╨╗╨╕ ╤Б╤Б╤Л╨╗╨║╨░ ╨╜╨░ ╤Б╨▒╨╛╤А╨║╤Г). [C:\Users\user\OneDrive\╨а╨░╨▒╨╛╤З╨╕╨╣ ╤Б╤В╨╛╨╗\regi\WebApplication15\WebApplication15.csproj]
C:\Users\user\OneDrive\╨а╨░╨▒╨╛╤З╨╕╨╣ ╤Б╤В╨╛╨╗\regi\WebApplication15\Views\Video\Details.cshtml(25,31): error CS1061: "Video" ╨╜╨╡ ╤Б╨╛╨┤╨╡╤А╨╢╨╕╤В ╨╛╨┐╤А╨╡╨┤╨╡╨╗╨╡╨╜╨╕╤П "Url", ╨╕ ╨╜╨╡ ╤Г╨┤╨░╨╗╨╛╤Б╤М ╨╜╨░╨╣╤В╨╕ ╨┤╨╛╤Б╤В╤Г╨┐╨╜╤Л╨╣ ╨╝╨╡╤В╨╛╨┤ ╤А╨░╤Б╤И╨╕╤А╨╡╨╜╨╕╤П "Url", ╨┐╤А╨╕╨╜╨╕╨╝╨░╤О╤Й╨╕╨╣ ╤В╨╕╨┐ "Video" ╨▓ ╨║╨░╤З╨╡╤Б╤В╨▓╨╡ ╨┐╨╡╤А╨▓╨╛╨│╨╛ ╨░╤А╨│╤Г╨╝╨╡╨╜╤В╨░ (╨▓╨╛╨╖╨╝╨╛╨╢╨╜╨╛, ╨┐╤А╨╛╨┐╤Г╤Й╨╡╨╜╨░ ╨┤╨╕╤А╨╡╨║╤В╨╕╨▓╨░ using ╨╕╨╗╨╕ ╤Б╤Б╤Л╨╗╨║╨░ ╨╜╨░ ╤Б╨▒╨╛╤А╨║╤Г). [C:\Users\user\OneDrive\╨а╨░╨▒╨╛╤З╨╕╨╣ ╤Б╤В╨╛╨╗\regi\WebApplication15\WebApplication15.csproj]
C:\Users\user\OneDrive\╨а╨░╨▒╨╛╤З╨╕╨╣ ╤Б╤В╨╛╨╗\regi\WebApplication15\Views\Video\Details.cshtml(40,19): error CS1061: "Video" ╨╜╨╡ ╤Б╨╛╨┤╨╡╤А╨╢╨╕╤В ╨╛╨┐╤А╨╡╨┤╨╡╨╗╨╡╨╜╨╕╤П "Url", ╨╕ ╨╜╨╡ ╤Г╨┤╨░╨╗╨╛╤Б╤М ╨╜╨░╨╣╤В╨╕ ╨┤╨╛╤Б╤В╤Г╨┐╨╜╤Л╨╣ ╨╝╨╡╤В╨╛╨┤ ╤А╨░╤Б╤И╨╕╤А╨╡╨╜╨╕╤П "Url", ╨┐╤А╨╕╨╜╨╕╨╝╨░╤О╤Й╨╕╨╣ ╤В╨╕╨┐ "Video" ╨▓ ╨║╨░╤З╨╡╤Б╤В╨▓╨╡ ╨┐╨╡╤А╨▓╨╛╨│╨╛ ╨░╤А╨│╤Г╨╝╨╡╨╜╤В╨░ (╨▓╨╛╨╖╨╝╨╛╨╢╨╜╨╛, ╨┐╤А╨╛╨┐╤Г╤Й╨╡╨╜╨░ ╨┤╨╕╤А╨╡╨║╤В╨╕╨▓╨░ using ╨╕╨╗╨╕ ╤Б╤Б╤Л╨╗╨║╨░ ╨╜╨░ ╤Б╨▒╨╛╤А╨║╤Г). [C:\Users\user\OneDrive\╨а╨░╨▒╨╛╤З╨╕╨╣ ╤Б╤В╨╛╨╗\regi\WebApplication15\WebApplication15.csproj]
C:\Users\user\OneDrive\╨а╨░╨▒╨╛╤З╨╕╨╣ ╤Б╤В╨╛╨╗\regi\WebApplication15\Views\Video\Details.cshtml(42,29): error CS1061: "Video" ╨╜╨╡ ╤Б╨╛╨┤╨╡╤А╨╢╨╕╤В ╨╛╨┐╤А╨╡╨┤╨╡╨╗╨╡╨╜╨╕╤П "Url", ╨╕ ╨╜╨╡ ╤Г╨┤╨░╨╗╨╛╤Б╤М ╨╜╨░╨╣╤В╨╕ ╨┤╨╛╤Б╤В╤Г╨┐╨╜╤Л╨╣ ╨╝╨╡╤В╨╛╨┤ ╤А╨░╤Б╤И╨╕╤А╨╡╨╜╨╕╤П "Url", ╨┐╤А╨╕╨╜╨╕╨╝╨░╤О╤Й╨╕╨╣ ╤В╨╕╨┐ "Video" ╨▓ ╨║╨░╤З╨╡╤Б╤В╨▓╨╡ ╨┐╨╡╤А╨▓╨╛╨│╨╛ ╨░╤А╨│╤Г╨╝╨╡╨╜╤В╨░ (╨▓╨╛╨╖╨╝╨╛╨╢╨╜╨╛, ╨┐╤А╨╛╨┐╤Г╤Й╨╡╨╜╨░ ╨┤╨╕╤А╨╡╨║╤В╨╕╨▓╨░ using ╨╕╨╗╨╕ ╤Б╤Б╤Л╨╗╨║╨░ ╨╜╨░ ╤Б╨▒╨╛╤А╨║╤Г). [C:\Users\user\OneDrive\╨а╨░╨▒╨╛╤З╨╕╨╣ ╤Б╤В╨╛╨╗\regi\WebApplication15\WebApplication15.csproj]
C:\Users\user\OneDrive\╨а╨░╨▒╨╛╤З╨╕╨╣ ╤Б╤В╨╛╨╗\regi\WebApplication15\Views\Video\Details.cshtml(71,33): error CS1061: "Video" ╨╜╨╡ ╤Б╨╛╨┤╨╡╤А╨╢╨╕╤В ╨╛╨┐╤А╨╡╨┤╨╡╨╗╨╡╨╜╨╕╤П "LanguageLevel", ╨╕ ╨╜╨╡ ╤Г╨┤╨░╨╗╨╛╤Б╤М ╨╜╨░╨╣╤В╨╕ ╨┤╨╛╤Б╤В╤Г╨┐╨╜╤Л╨╣ ╨╝╨╡╤В╨╛╨┤ ╤А╨░╤Б╤И╨╕╤А╨╡╨╜╨╕╤П "LanguageLevel", ╨┐╤А╨╕╨╜╨╕╨╝╨░╤О╤Й╨╕╨╣ ╤В╨╕╨┐ "Video" ╨▓ ╨║╨░╤З╨╡╤Б╤В╨▓╨╡ ╨┐╨╡╤А╨▓╨╛╨│╨╛ ╨░╤А╨│╤Г╨╝╨╡╨╜╤В╨░ (╨▓╨╛╨╖╨╝╨╛╨╢╨╜╨╛, ╨┐╤А╨╛╨┐╤Г╤Й╨╡╨╜╨░ ╨┤╨╕╤А╨╡╨║╤В╨╕╨▓╨░ using ╨╕╨╗╨╕ ╤Б╤Б╤Л╨╗╨║╨░ ╨╜╨░ ╤Б╨▒╨╛╤А╨║╤Г). [C:\Users\user\OneDrive\╨а╨░╨▒╨╛╤З╨╕╨╣ ╤Б╤В╨╛╨╗\regi\WebApplication15\WebApplication15.csproj]
C:\Users\user\OneDrive\╨а╨░╨▒╨╛╤З╨╕╨╣ ╤Б╤В╨╛╨╗\regi\WebApplication15\Views\Video\Details.cshtml(74,50): error CS1061: "Video" ╨╜╨╡ ╤Б╨╛╨┤╨╡╤А╨╢╨╕╤В ╨╛╨┐╤А╨╡╨┤╨╡╨╗╨╡╨╜╨╕╤П "LanguageLevel", ╨╕ ╨╜╨╡ ╤Г╨┤╨░╨╗╨╛╤Б╤М ╨╜╨░╨╣╤В╨╕ ╨┤╨╛╤Б╤В╤Г╨┐╨╜╤Л╨╣ ╨╝╨╡╤В╨╛╨┤ ╤А╨░╤Б╤И╨╕╤А╨╡╨╜╨╕╤П "LanguageLevel", ╨┐╤А╨╕╨╜╨╕╨╝╨░╤О╤Й╨╕╨╣ ╤В╨╕╨┐ "Video" ╨▓ ╨║╨░╤З╨╡╤Б╤В╨▓╨╡ ╨┐╨╡╤А╨▓╨╛╨│╨╛ ╨░╤А╨│╤Г╨╝╨╡╨╜╤В╨░ (╨▓╨╛╨╖╨╝╨╛╨╢╨╜╨╛, ╨┐╤А╨╛╨┐╤Г╤Й╨╡╨╜╨░ ╨┤╨╕╤А╨╡╨║╤В╨╕╨▓╨░ using ╨╕╨╗╨╕ ╤Б╤Б╤Л╨╗╨║╨░ ╨╜╨░ ╤Б╨▒╨╛╤А╨║╤Г). [C:\Users\user\OneDrive\╨а╨░╨▒╨╛╤З╨╕╨╣ ╤Б╤В╨╛╨╗\regi\WebApplication15\WebApplication15.csproj]
C:\Users\user\OneDrive\╨а╨░╨▒╨╛╤З╨╕╨╣ ╤Б╤В╨╛╨╗\regi\WebApplication15\Views\Video\Details.cshtml(184,71): error CS1061: "Video" ╨╜╨╡ ╤Б╨╛╨┤╨╡╤А╨╢╨╕╤В ╨╛╨┐╤А╨╡╨┤╨╡╨╗╨╡╨╜╨╕╤П "LanguageLevel", ╨╕ ╨╜╨╡ ╤Г╨┤╨░╨╗╨╛╤Б╤М ╨╜╨░╨╣╤В╨╕ ╨┤╨╛╤Б╤В╤Г╨┐╨╜╤Л╨╣ ╨╝╨╡╤В╨╛╨┤ ╤А╨░╤Б╤И╨╕╤А╨╡╨╜╨╕╤П "LanguageLevel", ╨┐╤А╨╕╨╜╨╕╨╝╨░╤О╤Й╨╕╨╣ ╤В╨╕╨┐ "Video" ╨▓ ╨║╨░╤З╨╡╤Б╤В╨▓╨╡ ╨┐╨╡╤А╨▓╨╛╨│╨╛ ╨░╤А╨│╤Г╨╝╨╡╨╜╤В╨░ (╨▓╨╛╨╖╨╝╨╛╨╢╨╜╨╛, ╨┐╤А╨╛╨┐╤Г╤Й╨╡╨╜╨░ ╨┤╨╕╤А╨╡╨║╤В╨╕╨▓╨░ using ╨╕╨╗╨╕ ╤Б╤Б╤Л╨╗╨║╨░ ╨╜╨░ ╤Б╨▒╨╛╤А╨║╤Г). [C:\Users\user\OneDrive\╨а╨░╨▒╨╛╤З╨╕╨╣ ╤Б╤В╨╛╨╗\regi\WebApplication15\WebApplication15.csproj]
C:\Users\user\OneDrive\╨а╨░╨▒╨╛╤З╨╕╨╣ ╤Б╤В╨╛╨╗\regi\WebApplication15\Views\Video\Details.cshtml(196,85): error CS1061: "Video" ╨╜╨╡ ╤Б╨╛╨┤╨╡╤А╨╢╨╕╤В ╨╛╨┐╤А╨╡╨┤╨╡╨╗╨╡╨╜╨╕╤П "LanguageLevel", ╨╕ ╨╜╨╡ ╤Г╨┤╨░╨╗╨╛╤Б╤М ╨╜╨░╨╣╤В╨╕ ╨┤╨╛╤Б╤В╤Г╨┐╨╜╤Л╨╣ ╨╝╨╡╤В╨╛╨┤ ╤А╨░╤Б╤И╨╕╤А╨╡╨╜╨╕╤П "LanguageLevel", ╨┐╤А╨╕╨╜╨╕╨╝╨░╤О╤Й╨╕╨╣ ╤В╨╕╨┐ "Video" ╨▓ ╨║╨░╤З╨╡╤Б╤В╨▓╨╡ ╨┐╨╡╤А╨▓╨╛╨│╨╛ ╨░╤А╨│╤Г╨╝╨╡╨╜╤В╨░ (╨▓╨╛╨╖╨╝╨╛╨╢╨╜╨╛, ╨┐╤А╨╛╨┐╤Г╤Й╨╡╨╜╨░ ╨┤╨╕╤А╨╡╨║╤В╨╕╨▓╨░ using ╨╕╨╗╨╕ ╤Б╤Б╤Л╨╗╨║╨░ ╨╜╨░ ╤Б╨▒╨╛╤А╨║╤Г). [C:\Users\user\OneDrive\╨а╨░╨▒╨╛╤З╨╕╨╣ ╤Б╤В╨╛╨╗\regi\WebApplication15\WebApplication15.csproj]
C:\Users\user\OneDrive\╨а╨░╨▒╨╛╤З╨╕╨╣ ╤Б╤В╨╛╨╗\regi\WebApplication15\Views\Video\Details.cshtml(209,36): error CS1061: "Video" ╨╜╨╡ ╤Б╨╛╨┤╨╡╤А╨╢╨╕╤В ╨╛╨┐╤А╨╡╨┤╨╡╨╗╨╡╨╜╨╕╤П "LanguageLevel", ╨╕ ╨╜╨╡ ╤Г╨┤╨░╨╗╨╛╤Б╤М ╨╜╨░╨╣╤В╨╕ ╨┤╨╛╤Б╤В╤Г╨┐╨╜╤Л╨╣ ╨╝╨╡╤В╨╛╨┤ ╤А╨░╤Б╤И╨╕╤А╨╡╨╜╨╕╤П "LanguageLevel", ╨┐╤А╨╕╨╜╨╕╨╝╨░╤О╤Й╨╕╨╣ ╤В╨╕╨┐ "Video" ╨▓ ╨║╨░╤З╨╡╤Б╤В╨▓╨╡ ╨┐╨╡╤А╨▓╨╛╨│╨╛ ╨░╤А╨│╤Г╨╝╨╡╨╜╤В╨░ (╨▓╨╛╨╖╨╝╨╛╨╢╨╜╨╛, ╨┐╤А╨╛╨┐╤Г╤Й╨╡╨╜╨░ ╨┤╨╕╤А╨╡╨║╤В╨╕╨▓╨░ using ╨╕╨╗╨╕ ╤Б╤Б╤Л╨╗╨║╨░ ╨╜╨░ ╤Б╨▒╨╛╤А╨║╤Г). [C:\Users\user\OneDrive\╨а╨░╨▒╨╛╤З╨╕╨╣ ╤Б╤В╨╛╨╗\regi\WebApplication15\WebApplication15.csproj]
C:\Users\user\OneDrive\╨а╨░╨▒╨╛╤З╨╕╨╣ ╤Б╤В╨╛╨╗\regi\WebApplication15\Views\Video\Details.cshtml(218,101): error CS1061: "Video" ╨╜╨╡ ╤Б╨╛╨┤╨╡╤А╨╢╨╕╤В ╨╛╨┐╤А╨╡╨┤╨╡╨╗╨╡╨╜╨╕╤П "LanguageLevel", ╨╕ ╨╜╨╡ ╤Г╨┤╨░╨╗╨╛╤Б╤М ╨╜╨░╨╣╤В╨╕ ╨┤╨╛╤Б╤В╤Г╨┐╨╜╤Л╨╣ ╨╝╨╡╤В╨╛╨┤ ╤А╨░╤Б╤И╨╕╤А╨╡╨╜╨╕╤П "LanguageLevel", ╨┐╤А╨╕╨╜╨╕╨╝╨░╤О╤Й╨╕╨╣ ╤В╨╕╨┐ "Video" ╨▓ ╨║╨░╤З╨╡╤Б╤В╨▓╨╡ ╨┐╨╡╤А╨▓╨╛╨│╨╛ ╨░╤А╨│╤Г╨╝╨╡╨╜╤В╨░ (╨▓╨╛╨╖╨╝╨╛╨╢╨╜╨╛, ╨┐╤А╨╛╨┐╤Г╤Й╨╡╨╜╨░ ╨┤╨╕╤А╨╡╨║╤В╨╕╨▓╨░ using ╨╕╨╗╨╕ ╤Б╤Б╤Л╨╗╨║╨░ ╨╜╨░ ╤Б╨▒╨╛╤А╨║╤Г). [C:\Users\user\OneDrive\╨а╨░╨▒╨╛╤З╨╕╨╣ ╤Б╤В╨╛╨╗\regi\WebApplication15\WebApplication15.csproj]
C:\Users\user\OneDrive\╨а╨░╨▒╨╛╤З╨╕╨╣ ╤Б╤В╨╛╨╗\regi\WebApplication15\Views\Video\Details.cshtml(219,78): error CS1061: "Video" ╨╜╨╡ ╤Б╨╛╨┤╨╡╤А╨╢╨╕╤В ╨╛╨┐╤А╨╡╨┤╨╡╨╗╨╡╨╜╨╕╤П "LanguageLevel", ╨╕ ╨╜╨╡ ╤Г╨┤╨░╨╗╨╛╤Б╤М ╨╜╨░╨╣╤В╨╕ ╨┤╨╛╤Б╤В╤Г╨┐╨╜╤Л╨╣ ╨╝╨╡╤В╨╛╨┤ ╤А╨░╤Б╤И╨╕╤А╨╡╨╜╨╕╤П "LanguageLevel", ╨┐╤А╨╕╨╜╨╕╨╝╨░╤О╤Й╨╕╨╣ ╤В╨╕╨┐ "Video" ╨▓ ╨║╨░╤З╨╡╤Б╤В╨▓╨╡ ╨┐╨╡╤А╨▓╨╛╨│╨╛ ╨░╤А╨│╤Г╨╝╨╡╨╜╤В╨░ (╨▓╨╛╨╖╨╝╨╛╨╢╨╜╨╛, ╨┐╤А╨╛╨┐╤Г╤Й╨╡╨╜╨░ ╨┤╨╕╤А╨╡╨║╤В╨╕╨▓╨░ using ╨╕╨╗╨╕ ╤Б╤Б╤Л╨╗╨║╨░ ╨╜╨░ ╤Б╨▒╨╛╤А╨║╤Г). [C:\Users\user\OneDrive\╨а╨░╨▒╨╛╤З╨╕╨╣ ╤Б╤В╨╛╨╗\regi\WebApplication15\WebApplication15.csproj]
C:\Users\user\OneDrive\╨а╨░╨▒╨╛╤З╨╕╨╣ ╤Б╤В╨╛╨╗\regi\WebApplication15\Services\LanguageService.cs(68,35): error CS1061: "ApplicationDbContext" ╨╜╨╡ ╤Б╨╛╨┤╨╡╤А╨╢╨╕╤В ╨╛╨┐╤А╨╡╨┤╨╡╨╗╨╡╨╜╨╕╤П "LanguageLevels", ╨╕ ╨╜╨╡ ╤Г╨┤╨░╨╗╨╛╤Б╤М ╨╜╨░╨╣╤В╨╕ ╨┤╨╛╤Б╤В╤Г╨┐╨╜╤Л╨╣ ╨╝╨╡╤В╨╛╨┤ ╤А╨░╤Б╤И╨╕╤А╨╡╨╜╨╕╤П "LanguageLevels", ╨┐╤А╨╕╨╜╨╕╨╝╨░╤О╤Й╨╕╨╣ ╤В╨╕╨┐ "ApplicationDbContext" ╨▓ ╨║╨░╤З╨╡╤Б╤В╨▓╨╡ ╨┐╨╡╤А╨▓╨╛╨│╨╛ ╨░╤А╨│╤Г╨╝╨╡╨╜╤В╨░ (╨▓╨╛╨╖╨╝╨╛╨╢╨╜╨╛, ╨┐╤А╨╛╨┐╤Г╤Й╨╡╨╜╨░ ╨┤╨╕╤А╨╡╨║╤В╨╕╨▓╨░ using ╨╕╨╗╨╕ ╤Б╤Б╤Л╨╗╨║╨░ ╨╜╨░ ╤Б╨▒╨╛╤А╨║╤Г). [C:\Users\user\OneDrive\╨а╨░╨▒╨╛╤З╨╕╨╣ ╤Б╤В╨╛╨╗\regi\WebApplication15\WebApplication15.csproj]
C:\Users\user\OneDrive\╨а╨░╨▒╨╛╤З╨╕╨╣ ╤Б╤В╨╛╨╗\regi\WebApplication15\Views\Test\Result.cshtml(254,70): error CS1061: "Test" ╨╜╨╡ ╤Б╨╛╨┤╨╡╤А╨╢╨╕╤В ╨╛╨┐╤А╨╡╨┤╨╡╨╗╨╡╨╜╨╕╤П "LanguageLevel", ╨╕ ╨╜╨╡ ╤Г╨┤╨░╨╗╨╛╤Б╤М ╨╜╨░╨╣╤В╨╕ ╨┤╨╛╤Б╤В╤Г╨┐╨╜╤Л╨╣ ╨╝╨╡╤В╨╛╨┤ ╤А╨░╤Б╤И╨╕╤А╨╡╨╜╨╕╤П "LanguageLevel", ╨┐╤А╨╕╨╜╨╕╨╝╨░╤О╤Й╨╕╨╣ ╤В╨╕╨┐ "Test" ╨▓ ╨║╨░╤З╨╡╤Б╤В╨▓╨╡ ╨┐╨╡╤А╨▓╨╛╨│╨╛ ╨░╤А╨│╤Г╨╝╨╡╨╜╤В╨░ (╨▓╨╛╨╖╨╝╨╛╨╢╨╜╨╛, ╨┐╤А╨╛╨┐╤Г╤Й╨╡╨╜╨░ ╨┤╨╕╤А╨╡╨║╤В╨╕╨▓╨░ using ╨╕╨╗╨╕ ╤Б╤Б╤Л╨╗╨║╨░ ╨╜╨░ ╤Б╨▒╨╛╤А╨║╤Г). [C:\Users\user\OneDrive\╨а╨░╨▒╨╛╤З╨╕╨╣ ╤Б╤В╨╛╨╗\regi\WebApplication15\WebApplication15.csproj]
C:\Users\user\OneDrive\╨а╨░╨▒╨╛╤З╨╕╨╣ ╤Б╤В╨╛╨╗\regi\WebApplication15\Views\Test\Result.cshtml(257,76): error CS1061: "Test" ╨╜╨╡ ╤Б╨╛╨┤╨╡╤А╨╢╨╕╤В ╨╛╨┐╤А╨╡╨┤╨╡╨╗╨╡╨╜╨╕╤П "LanguageLevel", ╨╕ ╨╜╨╡ ╤Г╨┤╨░╨╗╨╛╤Б╤М ╨╜╨░╨╣╤В╨╕ ╨┤╨╛╤Б╤В╤Г╨┐╨╜╤Л╨╣ ╨╝╨╡╤В╨╛╨┤ ╤А╨░╤Б╤И╨╕╤А╨╡╨╜╨╕╤П "LanguageLevel", ╨┐╤А╨╕╨╜╨╕╨╝╨░╤О╤Й╨╕╨╣ ╤В╨╕╨┐ "Test" ╨▓ ╨║╨░╤З╨╡╤Б╤В╨▓╨╡ ╨┐╨╡╤А╨▓╨╛╨│╨╛ ╨░╤А╨│╤Г╨╝╨╡╨╜╤В╨░ (╨▓╨╛╨╖╨╝╨╛╨╢╨╜╨╛, ╨┐╤А╨╛╨┐╤Г╤Й╨╡╨╜╨░ ╨┤╨╕╤А╨╡╨║╤В╨╕╨▓╨░ using ╨╕╨╗╨╕ ╤Б╤Б╤Л╨╗╨║╨░ ╨╜╨░ ╤Б╨▒╨╛╤А╨║╤Г). [C:\Users\user\OneDrive\╨а╨░╨▒╨╛╤З╨╕╨╣ ╤Б╤В╨╛╨╗\regi\WebApplication15\WebApplication15.csproj]
C:\Users\user\OneDrive\╨а╨░╨▒╨╛╤З╨╕╨╣ ╤Б╤В╨╛╨╗\regi\WebApplication15\Views\Test\Result.cshtml(260,72): error CS1061: "TestResult" ╨╜╨╡ ╤Б╨╛╨┤╨╡╤А╨╢╨╕╤В ╨╛╨┐╤А╨╡╨┤╨╡╨╗╨╡╨╜╨╕╤П "CompletedDate", ╨╕ ╨╜╨╡ ╤Г╨┤╨░╨╗╨╛╤Б╤М ╨╜╨░╨╣╤В╨╕ ╨┤╨╛╤Б╤В╤Г╨┐╨╜╤Л╨╣ ╨╝╨╡╤В╨╛╨┤ ╤А╨░╤Б╤И╨╕╤А╨╡╨╜╨╕╤П "CompletedDate", ╨┐╤А╨╕╨╜╨╕╨╝╨░╤О╤Й╨╕╨╣ ╤В╨╕╨┐ "TestResult" ╨▓ ╨║╨░╤З╨╡╤Б╤В╨▓╨╡ ╨┐╨╡╤А╨▓╨╛╨│╨╛ ╨░╤А╨│╤Г╨╝╨╡╨╜╤В╨░ (╨▓╨╛╨╖╨╝╨╛╨╢╨╜╨╛, ╨┐╤А╨╛╨┐╤Г╤Й╨╡╨╜╨░ ╨┤╨╕╤А╨╡╨║╤В╨╕╨▓╨░ using ╨╕╨╗╨╕ ╤Б╤Б╤Л╨╗╨║╨░ ╨╜╨░ ╤Б╨▒╨╛╤А╨║╤Г). [C:\Users\user\OneDrive\╨а╨░╨▒╨╛╤З╨╕╨╣ ╤Б╤В╨╛╨╗\regi\WebApplication15\WebApplication15.csproj]
C:\Users\user\OneDrive\╨а╨░╨▒╨╛╤З╨╕╨╣ ╤Б╤В╨╛╨╗\regi\WebApplication15\Views\Test\Result.cshtml(296,65): error CS0121: ╨Э╨╡╨╛╨┤╨╜╨╛╨╖╨╜╨░╤З╨╜╤Л╨╣ ╨▓╤Л╨╖╨╛╨▓ ╤Б╨╗╨╡╨┤╤Г╤О╤Й╨╕╤Е ╨╝╨╡╤В╨╛╨┤╨╛╨▓ ╨╕╨╗╨╕ ╤Б╨▓╨╛╨╣╤Б╤В╨▓: "Math.Round(decimal)" ╨╕ "Math.Round(double)" [C:\Users\user\OneDrive\╨а╨░╨▒╨╛╤З╨╕╨╣ ╤Б╤В╨╛╨╗\regi\WebApplication15\WebApplication15.csproj]
C:\Users\user\OneDrive\╨а╨░╨▒╨╛╤З╨╕╨╣ ╤Б╤В╨╛╨╗\regi\WebApplication15\Views\Test\Result.cshtml(304,71): error CS1061: "Test" ╨╜╨╡ ╤Б╨╛╨┤╨╡╤А╨╢╨╕╤В ╨╛╨┐╤А╨╡╨┤╨╡╨╗╨╡╨╜╨╕╤П "LanguageLevel", ╨╕ ╨╜╨╡ ╤Г╨┤╨░╨╗╨╛╤Б╤М ╨╜╨░╨╣╤В╨╕ ╨┤╨╛╤Б╤В╤Г╨┐╨╜╤Л╨╣ ╨╝╨╡╤В╨╛╨┤ ╤А╨░╤Б╤И╨╕╤А╨╡╨╜╨╕╤П "LanguageLevel", ╨┐╤А╨╕╨╜╨╕╨╝╨░╤О╤Й╨╕╨╣ ╤В╨╕╨┐ "Test" ╨▓ ╨║╨░╤З╨╡╤Б╤В╨▓╨╡ ╨┐╨╡╤А╨▓╨╛╨│╨╛ ╨░╤А╨│╤Г╨╝╨╡╨╜╤В╨░ (╨▓╨╛╨╖╨╝╨╛╨╢╨╜╨╛, ╨┐╤А╨╛╨┐╤Г╤Й╨╡╨╜╨░ ╨┤╨╕╤А╨╡╨║╤В╨╕╨▓╨░ using ╨╕╨╗╨╕ ╤Б╤Б╤Л╨╗╨║╨░ ╨╜╨░ ╤Б╨▒╨╛╤А╨║╤Г). [C:\Users\user\OneDrive\╨а╨░╨▒╨╛╤З╨╕╨╣ ╤Б╤В╨╛╨╗\regi\WebApplication15\WebApplication15.csproj]
C:\Users\user\OneDrive\╨а╨░╨▒╨╛╤З╨╕╨╣ ╤Б╤В╨╛╨╗\regi\WebApplication15\Views\Test\Result.cshtml(308,71): error CS1061: "Test" ╨╜╨╡ ╤Б╨╛╨┤╨╡╤А╨╢╨╕╤В ╨╛╨┐╤А╨╡╨┤╨╡╨╗╨╡╨╜╨╕╤П "LanguageLevel", ╨╕ ╨╜╨╡ ╤Г╨┤╨░╨╗╨╛╤Б╤М ╨╜╨░╨╣╤В╨╕ ╨┤╨╛╤Б╤В╤Г╨┐╨╜╤Л╨╣ ╨╝╨╡╤В╨╛╨┤ ╤А╨░╤Б╤И╨╕╤А╨╡╨╜╨╕╤П "LanguageLevel", ╨┐╤А╨╕╨╜╨╕╨╝╨░╤О╤Й╨╕╨╣ ╤В╨╕╨┐ "Test" ╨▓ ╨║╨░╤З╨╡╤Б╤В╨▓╨╡ ╨┐╨╡╤А╨▓╨╛╨│╨╛ ╨░╤А╨│╤Г╨╝╨╡╨╜╤В╨░ (╨▓╨╛╨╖╨╝╨╛╨╢╨╜╨╛, ╨┐╤А╨╛╨┐╤Г╤Й╨╡╨╜╨░ ╨┤╨╕╤А╨╡╨║╤В╨╕╨▓╨░ using ╨╕╨╗╨╕ ╤Б╤Б╤Л╨╗╨║╨░ ╨╜╨░ ╤Б╨▒╨╛╤А╨║╤Г). [C:\Users\user\OneDrive\╨а╨░╨▒╨╛╤З╨╕╨╣ ╤Б╤В╨╛╨╗\regi\WebApplication15\WebApplication15.csproj]
C:\Users\user\OneDrive\╨а╨░╨▒╨╛╤З╨╕╨╣ ╤Б╤В╨╛╨╗\regi\WebApplication15\Views\Test\Result.cshtml(312,66): error CS1061: "TestResult" ╨╜╨╡ ╤Б╨╛╨┤╨╡╤А╨╢╨╕╤В ╨╛╨┐╤А╨╡╨┤╨╡╨╗╨╡╨╜╨╕╤П "CompletedDate", ╨╕ ╨╜╨╡ ╤Г╨┤╨░╨╗╨╛╤Б╤М ╨╜╨░╨╣╤В╨╕ ╨┤╨╛╤Б╤В╤Г╨┐╨╜╤Л╨╣ ╨╝╨╡╤В╨╛╨┤ ╤А╨░╤Б╤И╨╕╤А╨╡╨╜╨╕╤П "CompletedDate", ╨┐╤А╨╕╨╜╨╕╨╝╨░╤О╤Й╨╕╨╣ ╤В╨╕╨┐ "TestResult" ╨▓ ╨║╨░╤З╨╡╤Б╤В╨▓╨╡ ╨┐╨╡╤А╨▓╨╛╨│╨╛ ╨░╤А╨│╤Г╨╝╨╡╨╜╤В╨░ (╨▓╨╛╨╖╨╝╨╛╨╢╨╜╨╛, ╨┐╤А╨╛╨┐╤Г╤Й╨╡╨╜╨░ ╨┤╨╕╤А╨╡╨║╤В╨╕╨▓╨░ using ╨╕╨╗╨╕ ╤Б╤Б╤Л╨╗╨║╨░ ╨╜╨░ ╤Б╨▒╨╛╤А╨║╤Г). [C:\Users\user\OneDrive\╨а╨░╨▒╨╛╤З╨╕╨╣ ╤Б╤В╨╛╨╗\regi\WebApplication15\WebApplication15.csproj]
C:\Users\user\OneDrive\╨а╨░╨▒╨╛╤З╨╕╨╣ ╤Б╤В╨╛╨╗\regi\WebApplication15\Views\Test\Result.cshtml(316,66): error CS1061: "TestResult" ╨╜╨╡ ╤Б╨╛╨┤╨╡╤А╨╢╨╕╤В ╨╛╨┐╤А╨╡╨┤╨╡╨╗╨╡╨╜╨╕╤П "CompletedDate", ╨╕ ╨╜╨╡ ╤Г╨┤╨░╨╗╨╛╤Б╤М ╨╜╨░╨╣╤В╨╕ ╨┤╨╛╤Б╤В╤Г╨┐╨╜╤Л╨╣ ╨╝╨╡╤В╨╛╨┤ ╤А╨░╤Б╤И╨╕╤А╨╡╨╜╨╕╤П "CompletedDate", ╨┐╤А╨╕╨╜╨╕╨╝╨░╤О╤Й╨╕╨╣ ╤В╨╕╨┐ "TestResult" ╨▓ ╨║╨░╤З╨╡╤Б╤В╨▓╨╡ ╨┐╨╡╤А╨▓╨╛╨│╨╛ ╨░╤А╨│╤Г╨╝╨╡╨╜╤В╨░ (╨▓╨╛╨╖╨╝╨╛╨╢╨╜╨╛, ╨┐╤А╨╛╨┐╤Г╤Й╨╡╨╜╨░ ╨┤╨╕╤А╨╡╨║╤В╨╕╨▓╨░ using ╨╕╨╗╨╕ ╤Б╤Б╤Л╨╗╨║╨░ ╨╜╨░ ╤Б╨▒╨╛╤А╨║╤Г). [C:\Users\user\OneDrive\╨а╨░╨▒╨╛╤З╨╕╨╣ ╤Б╤В╨╛╨╗\regi\WebApplication15\WebApplication15.csproj]
C:\Users\user\OneDrive\╨а╨░╨▒╨╛╤З╨╕╨╣ ╤Б╤В╨╛╨╗\regi\WebApplication15\Views\Test\MyResults.cshtml(38,66): error CS1061: "Test" ╨╜╨╡ ╤Б╨╛╨┤╨╡╤А╨╢╨╕╤В ╨╛╨┐╤А╨╡╨┤╨╡╨╗╨╡╨╜╨╕╤П "LanguageLevel", ╨╕ ╨╜╨╡ ╤Г╨┤╨░╨╗╨╛╤Б╤М ╨╜╨░╨╣╤В╨╕ ╨┤╨╛╤Б╤В╤Г╨┐╨╜╤Л╨╣ ╨╝╨╡╤В╨╛╨┤ ╤А╨░╤Б╤И╨╕╤А╨╡╨╜╨╕╤П "LanguageLevel", ╨┐╤А╨╕╨╜╨╕╨╝╨░╤О╤Й╨╕╨╣ ╤В╨╕╨┐ "Test" ╨▓ ╨║╨░╤З╨╡╤Б╤В╨▓╨╡ ╨┐╨╡╤А╨▓╨╛╨│╨╛ ╨░╤А╨│╤Г╨╝╨╡╨╜╤В╨░ (╨▓╨╛╨╖╨╝╨╛╨╢╨╜╨╛, ╨┐╤А╨╛╨┐╤Г╤Й╨╡╨╜╨░ ╨┤╨╕╤А╨╡╨║╤В╨╕╨▓╨░ using ╨╕╨╗╨╕ ╤Б╤Б╤Л╨╗╨║╨░ ╨╜╨░ ╤Б╨▒╨╛╤А╨║╤Г). [C:\Users\user\OneDrive\╨а╨░╨▒╨╛╤З╨╕╨╣ ╤Б╤В╨╛╨╗\regi\WebApplication15\WebApplication15.csproj]
C:\Users\user\OneDrive\╨а╨░╨▒╨╛╤З╨╕╨╣ ╤Б╤В╨╛╨╗\regi\WebApplication15\Views\Test\MyResults.cshtml(42,70): error CS1061: "Test" ╨╜╨╡ ╤Б╨╛╨┤╨╡╤А╨╢╨╕╤В ╨╛╨┐╤А╨╡╨┤╨╡╨╗╨╡╨╜╨╕╤П "LanguageLevel", ╨╕ ╨╜╨╡ ╤Г╨┤╨░╨╗╨╛╤Б╤М ╨╜╨░╨╣╤В╨╕ ╨┤╨╛╤Б╤В╤Г╨┐╨╜╤Л╨╣ ╨╝╨╡╤В╨╛╨┤ ╤А╨░╤Б╤И╨╕╤А╨╡╨╜╨╕╤П "LanguageLevel", ╨┐╤А╨╕╨╜╨╕╨╝╨░╤О╤Й╨╕╨╣ ╤В╨╕╨┐ "Test" ╨▓ ╨║╨░╤З╨╡╤Б╤В╨▓╨╡ ╨┐╨╡╤А╨▓╨╛╨│╨╛ ╨░╤А╨│╤Г╨╝╨╡╨╜╤В╨░ (╨▓╨╛╨╖╨╝╨╛╨╢╨╜╨╛, ╨┐╤А╨╛╨┐╤Г╤Й╨╡╨╜╨░ ╨┤╨╕╤А╨╡╨║╤В╨╕╨▓╨░ using ╨╕╨╗╨╕ ╤Б╤Б╤Л╨╗╨║╨░ ╨╜╨░ ╤Б╨▒╨╛╤А╨║╤Г). [C:\Users\user\OneDrive\╨а╨░╨▒╨╛╤З╨╕╨╣ ╤Б╤В╨╛╨╗\regi\WebApplication15\WebApplication15.csproj]
C:\Users\user\OneDrive\╨а╨░╨▒╨╛╤З╨╕╨╣ ╤Б╤В╨╛╨╗\regi\WebApplication15\Views\Test\MyResults.cshtml(46,70): error CS1061: "Test" ╨╜╨╡ ╤Б╨╛╨┤╨╡╤А╨╢╨╕╤В ╨╛╨┐╤А╨╡╨┤╨╡╨╗╨╡╨╜╨╕╤П "LanguageLevel", ╨╕ ╨╜╨╡ ╤Г╨┤╨░╨╗╨╛╤Б╤М ╨╜╨░╨╣╤В╨╕ ╨┤╨╛╤Б╤В╤Г╨┐╨╜╤Л╨╣ ╨╝╨╡╤В╨╛╨┤ ╤А╨░╤Б╤И╨╕╤А╨╡╨╜╨╕╤П "LanguageLevel", ╨┐╤А╨╕╨╜╨╕╨╝╨░╤О╤Й╨╕╨╣ ╤В╨╕╨┐ "Test" ╨▓ ╨║╨░╤З╨╡╤Б╤В╨▓╨╡ ╨┐╨╡╤А╨▓╨╛╨│╨╛ ╨░╤А╨│╤Г╨╝╨╡╨╜╤В╨░ (╨▓╨╛╨╖╨╝╨╛╨╢╨╜╨╛, ╨┐╤А╨╛╨┐╤Г╤Й╨╡╨╜╨░ ╨┤╨╕╤А╨╡╨║╤В╨╕╨▓╨░ using ╨╕╨╗╨╕ ╤Б╤Б╤Л╨╗╨║╨░ ╨╜╨░ ╤Б╨▒╨╛╤А╨║╤Г). [C:\Users\user\OneDrive\╨а╨░╨▒╨╛╤З╨╕╨╣ ╤Б╤В╨╛╨╗\regi\WebApplication15\WebApplication15.csproj]
C:\Users\user\OneDrive\╨а╨░╨▒╨╛╤З╨╕╨╣ ╤Б╤В╨╛╨╗\regi\WebApplication15\Views\Test\MyResults.cshtml(51,62): error CS1061: "Test" ╨╜╨╡ ╤Б╨╛╨┤╨╡╤А╨╢╨╕╤В ╨╛╨┐╤А╨╡╨┤╨╡╨╗╨╡╨╜╨╕╤П "LanguageLevel", ╨╕ ╨╜╨╡ ╤Г╨┤╨░╨╗╨╛╤Б╤М ╨╜╨░╨╣╤В╨╕ ╨┤╨╛╤Б╤В╤Г╨┐╨╜╤Л╨╣ ╨╝╨╡╤В╨╛╨┤ ╤А╨░╤Б╤И╨╕╤А╨╡╨╜╨╕╤П "LanguageLevel", ╨┐╤А╨╕╨╜╨╕╨╝╨░╤О╤Й╨╕╨╣ ╤В╨╕╨┐ "Test" ╨▓ ╨║╨░╤З╨╡╤Б╤В╨▓╨╡ ╨┐╨╡╤А╨▓╨╛╨│╨╛ ╨░╤А╨│╤Г╨╝╨╡╨╜╤В╨░ (╨▓╨╛╨╖╨╝╨╛╨╢╨╜╨╛, ╨┐╤А╨╛╨┐╤Г╤Й╨╡╨╜╨░ ╨┤╨╕╤А╨╡╨║╤В╨╕╨▓╨░ using ╨╕╨╗╨╕ ╤Б╤Б╤Л╨╗╨║╨░ ╨╜╨░ ╤Б╨▒╨╛╤А╨║╤Г). [C:\Users\user\OneDrive\╨а╨░╨▒╨╛╤З╨╕╨╣ ╤Б╤В╨╛╨╗\regi\WebApplication15\WebApplication15.csproj]
C:\Users\user\OneDrive\╨а╨░╨▒╨╛╤З╨╕╨╣ ╤Б╤В╨╛╨╗\regi\WebApplication15\Views\Test\MyResults.cshtml(66,57): error CS1061: "TestResult" ╨╜╨╡ ╤Б╨╛╨┤╨╡╤А╨╢╨╕╤В ╨╛╨┐╤А╨╡╨┤╨╡╨╗╨╡╨╜╨╕╤П "CompletedDate", ╨╕ ╨╜╨╡ ╤Г╨┤╨░╨╗╨╛╤Б╤М ╨╜╨░╨╣╤В╨╕ ╨┤╨╛╤Б╤В╤Г╨┐╨╜╤Л╨╣ ╨╝╨╡╤В╨╛╨┤ ╤А╨░╤Б╤И╨╕╤А╨╡╨╜╨╕╤П "CompletedDate", ╨┐╤А╨╕╨╜╨╕╨╝╨░╤О╤Й╨╕╨╣ ╤В╨╕╨┐ "TestResult" ╨▓ ╨║╨░╤З╨╡╤Б╤В╨▓╨╡ ╨┐╨╡╤А╨▓╨╛╨│╨╛ ╨░╤А╨│╤Г╨╝╨╡╨╜╤В╨░ (╨▓╨╛╨╖╨╝╨╛╨╢╨╜╨╛, ╨┐╤А╨╛╨┐╤Г╤Й╨╡╨╜╨░ ╨┤╨╕╤А╨╡╨║╤В╨╕╨▓╨░ using ╨╕╨╗╨╕ ╤Б╤Б╤Л╨╗╨║╨░ ╨╜╨░ ╤Б╨▒╨╛╤А╨║╤Г). [C:\Users\user\OneDrive\╨а╨░╨▒╨╛╤З╨╕╨╣ ╤Б╤В╨╛╨╗\regi\WebApplication15\WebApplication15.csproj]
C:\Users\user\OneDrive\╨а╨░╨▒╨╛╤З╨╕╨╣ ╤Б╤В╨╛╨╗\regi\WebApplication15\Services\LanguageService.cs(78,31): error CS1061: "Test" ╨╜╨╡ ╤Б╨╛╨┤╨╡╤А╨╢╨╕╤В ╨╛╨┐╤А╨╡╨┤╨╡╨╗╨╡╨╜╨╕╤П "LanguageLevelId", ╨╕ ╨╜╨╡ ╤Г╨┤╨░╨╗╨╛╤Б╤М ╨╜╨░╨╣╤В╨╕ ╨┤╨╛╤Б╤В╤Г╨┐╨╜╤Л╨╣ ╨╝╨╡╤В╨╛╨┤ ╤А╨░╤Б╤И╨╕╤А╨╡╨╜╨╕╤П "LanguageLevelId", ╨┐╤А╨╕╨╜╨╕╨╝╨░╤О╤Й╨╕╨╣ ╤В╨╕╨┐ "Test" ╨▓ ╨║╨░╤З╨╡╤Б╤В╨▓╨╡ ╨┐╨╡╤А╨▓╨╛╨│╨╛ ╨░╤А╨│╤Г╨╝╨╡╨╜╤В╨░ (╨▓╨╛╨╖╨╝╨╛╨╢╨╜╨╛, ╨┐╤А╨╛╨┐╤Г╤Й╨╡╨╜╨░ ╨┤╨╕╤А╨╡╨║╤В╨╕╨▓╨░ using ╨╕╨╗╨╕ ╤Б╤Б╤Л╨╗╨║╨░ ╨╜╨░ ╤Б╨▒╨╛╤А╨║╤Г). [C:\Users\user\OneDrive\╨а╨░╨▒╨╛╤З╨╕╨╣ ╤Б╤В╨╛╨╗\regi\WebApplication15\WebApplication15.csproj]
C:\Users\user\OneDrive\╨а╨░╨▒╨╛╤З╨╕╨╣ ╤Б╤В╨╛╨╗\regi\WebApplication15\Services\TestService.cs(86,44): error CS1061: "Question" ╨╜╨╡ ╤Б╨╛╨┤╨╡╤А╨╢╨╕╤В ╨╛╨┐╤А╨╡╨┤╨╡╨╗╨╡╨╜╨╕╤П "CorrectAnswer", ╨╕ ╨╜╨╡ ╤Г╨┤╨░╨╗╨╛╤Б╤М ╨╜╨░╨╣╤В╨╕ ╨┤╨╛╤Б╤В╤Г╨┐╨╜╤Л╨╣ ╨╝╨╡╤В╨╛╨┤ ╤А╨░╤Б╤И╨╕╤А╨╡╨╜╨╕╤П "CorrectAnswer", ╨┐╤А╨╕╨╜╨╕╨╝╨░╤О╤Й╨╕╨╣ ╤В╨╕╨┐ "Question" ╨▓ ╨║╨░╤З╨╡╤Б╤В╨▓╨╡ ╨┐╨╡╤А╨▓╨╛╨│╨╛ ╨░╤А╨│╤Г╨╝╨╡╨╜╤В╨░ (╨▓╨╛╨╖╨╝╨╛╨╢╨╜╨╛, ╨┐╤А╨╛╨┐╤Г╤Й╨╡╨╜╨░ ╨┤╨╕╤А╨╡╨║╤В╨╕╨▓╨░ using ╨╕╨╗╨╕ ╤Б╤Б╤Л╨╗╨║╨░ ╨╜╨░ ╤Б╨▒╨╛╤А╨║╤Г). [C:\Users\user\OneDrive\╨а╨░╨▒╨╛╤З╨╕╨╣ ╤Б╤В╨╛╨╗\regi\WebApplication15\WebApplication15.csproj]
C:\Users\user\OneDrive\╨а╨░╨▒╨╛╤З╨╕╨╣ ╤Б╤В╨╛╨╗\regi\WebApplication15\Services\TestService.cs(99,17): error CS0117: "TestResult" ╨╜╨╡ ╤Б╨╛╨┤╨╡╤А╨╢╨╕╤В ╨╛╨┐╤А╨╡╨┤╨╡╨╗╨╡╨╜╨╕╨╡ ╨┤╨╗╤П "CompletedDate". [C:\Users\user\OneDrive\╨а╨░╨▒╨╛╤З╨╕╨╣ ╤Б╤В╨╛╨╗\regi\WebApplication15\WebApplication15.csproj]
C:\Users\user\OneDrive\╨а╨░╨▒╨╛╤З╨╕╨╣ ╤Б╤В╨╛╨╗\regi\WebApplication15\Services\TestDataService.cs(19,49): error CS1061: "ApplicationDbContext" ╨╜╨╡ ╤Б╨╛╨┤╨╡╤А╨╢╨╕╤В ╨╛╨┐╤А╨╡╨┤╨╡╨╗╨╡╨╜╨╕╤П "LanguageLevels", ╨╕ ╨╜╨╡ ╤Г╨┤╨░╨╗╨╛╤Б╤М ╨╜╨░╨╣╤В╨╕ ╨┤╨╛╤Б╤В╤Г╨┐╨╜╤Л╨╣ ╨╝╨╡╤В╨╛╨┤ ╤А╨░╤Б╤И╨╕╤А╨╡╨╜╨╕╤П "LanguageLevels", ╨┐╤А╨╕╨╜╨╕╨╝╨░╤О╤Й╨╕╨╣ ╤В╨╕╨┐ "ApplicationDbContext" ╨▓ ╨║╨░╤З╨╡╤Б╤В╨▓╨╡ ╨┐╨╡╤А╨▓╨╛╨│╨╛ ╨░╤А╨│╤Г╨╝╨╡╨╜╤В╨░ (╨▓╨╛╨╖╨╝╨╛╨╢╨╜╨╛, ╨┐╤А╨╛╨┐╤Г╤Й╨╡╨╜╨░ ╨┤╨╕╤А╨╡╨║╤В╨╕╨▓╨░ using ╨╕╨╗╨╕ ╤Б╤Б╤Л╨╗╨║╨░ ╨╜╨░ ╤Б╨▒╨╛╤А╨║╤Г). [C:\Users\user\OneDrive\╨а╨░╨▒╨╛╤З╨╕╨╣ ╤Б╤В╨╛╨╗\regi\WebApplication15\WebApplication15.csproj]
C:\Users\user\OneDrive\╨а╨░╨▒╨╛╤З╨╕╨╣ ╤Б╤В╨╛╨╗\regi\WebApplication15\Services\LanguageService.cs(86,31): error CS1061: "Video" ╨╜╨╡ ╤Б╨╛╨┤╨╡╤А╨╢╨╕╤В ╨╛╨┐╤А╨╡╨┤╨╡╨╗╨╡╨╜╨╕╤П "LanguageLevelId", ╨╕ ╨╜╨╡ ╤Г╨┤╨░╨╗╨╛╤Б╤М ╨╜╨░╨╣╤В╨╕ ╨┤╨╛╤Б╤В╤Г╨┐╨╜╤Л╨╣ ╨╝╨╡╤В╨╛╨┤ ╤А╨░╤Б╤И╨╕╤А╨╡╨╜╨╕╤П "LanguageLevelId", ╨┐╤А╨╕╨╜╨╕╨╝╨░╤О╤Й╨╕╨╣ ╤В╨╕╨┐ "Video" ╨▓ ╨║╨░╤З╨╡╤Б╤В╨▓╨╡ ╨┐╨╡╤А╨▓╨╛╨│╨╛ ╨░╤А╨│╤Г╨╝╨╡╨╜╤В╨░ (╨▓╨╛╨╖╨╝╨╛╨╢╨╜╨╛, ╨┐╤А╨╛╨┐╤Г╤Й╨╡╨╜╨░ ╨┤╨╕╤А╨╡╨║╤В╨╕╨▓╨░ using ╨╕╨╗╨╕ ╤Б╤Б╤Л╨╗╨║╨░ ╨╜╨░ ╤Б╨▒╨╛╤А╨║╤Г). [C:\Users\user\OneDrive\╨а╨░╨▒╨╛╤З╨╕╨╣ ╤Б╤В╨╛╨╗\regi\WebApplication15\WebApplication15.csproj]
C:\Users\user\OneDrive\╨а╨░╨▒╨╛╤З╨╕╨╣ ╤Б╤В╨╛╨╗\regi\WebApplication15\Services\TestService.cs(120,41): error CS1061: "Test" ╨╜╨╡ ╤Б╨╛╨┤╨╡╤А╨╢╨╕╤В ╨╛╨┐╤А╨╡╨┤╨╡╨╗╨╡╨╜╨╕╤П "LanguageLevel", ╨╕ ╨╜╨╡ ╤Г╨┤╨░╨╗╨╛╤Б╤М ╨╜╨░╨╣╤В╨╕ ╨┤╨╛╤Б╤В╤Г╨┐╨╜╤Л╨╣ ╨╝╨╡╤В╨╛╨┤ ╤А╨░╤Б╤И╨╕╤А╨╡╨╜╨╕╤П "LanguageLevel", ╨┐╤А╨╕╨╜╨╕╨╝╨░╤О╤Й╨╕╨╣ ╤В╨╕╨┐ "Test" ╨▓ ╨║╨░╤З╨╡╤Б╤В╨▓╨╡ ╨┐╨╡╤А╨▓╨╛╨│╨╛ ╨░╤А╨│╤Г╨╝╨╡╨╜╤В╨░ (╨▓╨╛╨╖╨╝╨╛╨╢╨╜╨╛, ╨┐╤А╨╛╨┐╤Г╤Й╨╡╨╜╨░ ╨┤╨╕╤А╨╡╨║╤В╨╕╨▓╨░ using ╨╕╨╗╨╕ ╤Б╤Б╤Л╨╗╨║╨░ ╨╜╨░ ╤Б╨▒╨╛╤А╨║╤Г). [C:\Users\user\OneDrive\╨а╨░╨▒╨╛╤З╨╕╨╣ ╤Б╤В╨╛╨╗\regi\WebApplication15\WebApplication15.csproj]
C:\Users\user\OneDrive\╨а╨░╨▒╨╛╤З╨╕╨╣ ╤Б╤В╨╛╨╗\regi\WebApplication15\Views\Test\Results.cshtml(187,63): error CS1061: "TestResult" ╨╜╨╡ ╤Б╨╛╨┤╨╡╤А╨╢╨╕╤В ╨╛╨┐╤А╨╡╨┤╨╡╨╗╨╡╨╜╨╕╤П "CompletedDate", ╨╕ ╨╜╨╡ ╤Г╨┤╨░╨╗╨╛╤Б╤М ╨╜╨░╨╣╤В╨╕ ╨┤╨╛╤Б╤В╤Г╨┐╨╜╤Л╨╣ ╨╝╨╡╤В╨╛╨┤ ╤А╨░╤Б╤И╨╕╤А╨╡╨╜╨╕╤П "CompletedDate", ╨┐╤А╨╕╨╜╨╕╨╝╨░╤О╤Й╨╕╨╣ ╤В╨╕╨┐ "TestResult" ╨▓ ╨║╨░╤З╨╡╤Б╤В╨▓╨╡ ╨┐╨╡╤А╨▓╨╛╨│╨╛ ╨░╤А╨│╤Г╨╝╨╡╨╜╤В╨░ (╨▓╨╛╨╖╨╝╨╛╨╢╨╜╨╛, ╨┐╤А╨╛╨┐╤Г╤Й╨╡╨╜╨░ ╨┤╨╕╤А╨╡╨║╤В╨╕╨▓╨░ using ╨╕╨╗╨╕ ╤Б╤Б╤Л╨╗╨║╨░ ╨╜╨░ ╤Б╨▒╨╛╤А╨║╤Г). [C:\Users\user\OneDrive\╨а╨░╨▒╨╛╤З╨╕╨╣ ╤Б╤В╨╛╨╗\regi\WebApplication15\WebApplication15.csproj]
C:\Users\user\OneDrive\╨а╨░╨▒╨╛╤З╨╕╨╣ ╤Б╤В╨╛╨╗\regi\WebApplication15\Views\Test\Results.cshtml(196,76): error CS1061: "Test" ╨╜╨╡ ╤Б╨╛╨┤╨╡╤А╨╢╨╕╤В ╨╛╨┐╤А╨╡╨┤╨╡╨╗╨╡╨╜╨╕╤П "LanguageLevel", ╨╕ ╨╜╨╡ ╤Г╨┤╨░╨╗╨╛╤Б╤М ╨╜╨░╨╣╤В╨╕ ╨┤╨╛╤Б╤В╤Г╨┐╨╜╤Л╨╣ ╨╝╨╡╤В╨╛╨┤ ╤А╨░╤Б╤И╨╕╤А╨╡╨╜╨╕╤П "LanguageLevel", ╨┐╤А╨╕╨╜╨╕╨╝╨░╤О╤Й╨╕╨╣ ╤В╨╕╨┐ "Test" ╨▓ ╨║╨░╤З╨╡╤Б╤В╨▓╨╡ ╨┐╨╡╤А╨▓╨╛╨│╨╛ ╨░╤А╨│╤Г╨╝╨╡╨╜╤В╨░ (╨▓╨╛╨╖╨╝╨╛╨╢╨╜╨╛, ╨┐╤А╨╛╨┐╤Г╤Й╨╡╨╜╨░ ╨┤╨╕╤А╨╡╨║╤В╨╕╨▓╨░ using ╨╕╨╗╨╕ ╤Б╤Б╤Л╨╗╨║╨░ ╨╜╨░ ╤Б╨▒╨╛╤А╨║╤Г). [C:\Users\user\OneDrive\╨а╨░╨▒╨╛╤З╨╕╨╣ ╤Б╤В╨╛╨╗\regi\WebApplication15\WebApplication15.csproj]
C:\Users\user\OneDrive\╨а╨░╨▒╨╛╤З╨╕╨╣ ╤Б╤В╨╛╨╗\regi\WebApplication15\Views\Test\Results.cshtml(200,76): error CS1061: "Test" ╨╜╨╡ ╤Б╨╛╨┤╨╡╤А╨╢╨╕╤В ╨╛╨┐╤А╨╡╨┤╨╡╨╗╨╡╨╜╨╕╤П "LanguageLevel", ╨╕ ╨╜╨╡ ╤Г╨┤╨░╨╗╨╛╤Б╤М ╨╜╨░╨╣╤В╨╕ ╨┤╨╛╤Б╤В╤Г╨┐╨╜╤Л╨╣ ╨╝╨╡╤В╨╛╨┤ ╤А╨░╤Б╤И╨╕╤А╨╡╨╜╨╕╤П "LanguageLevel", ╨┐╤А╨╕╨╜╨╕╨╝╨░╤О╤Й╨╕╨╣ ╤В╨╕╨┐ "Test" ╨▓ ╨║╨░╤З╨╡╤Б╤В╨▓╨╡ ╨┐╨╡╤А╨▓╨╛╨│╨╛ ╨░╤А╨│╤Г╨╝╨╡╨╜╤В╨░ (╨▓╨╛╨╖╨╝╨╛╨╢╨╜╨╛, ╨┐╤А╨╛╨┐╤Г╤Й╨╡╨╜╨░ ╨┤╨╕╤А╨╡╨║╤В╨╕╨▓╨░ using ╨╕╨╗╨╕ ╤Б╤Б╤Л╨╗╨║╨░ ╨╜╨░ ╤Б╨▒╨╛╤А╨║╤Г). [C:\Users\user\OneDrive\╨а╨░╨▒╨╛╤З╨╕╨╣ ╤Б╤В╨╛╨╗\regi\WebApplication15\WebApplication15.csproj]
C:\Users\user\OneDrive\╨а╨░╨▒╨╛╤З╨╕╨╣ ╤Б╤В╨╛╨╗\regi\WebApplication15\Services\TestService.cs(132,49): error CS1061: "Test" ╨╜╨╡ ╤Б╨╛╨┤╨╡╤А╨╢╨╕╤В ╨╛╨┐╤А╨╡╨┤╨╡╨╗╨╡╨╜╨╕╤П "LanguageLevel", ╨╕ ╨╜╨╡ ╤Г╨┤╨░╨╗╨╛╤Б╤М ╨╜╨░╨╣╤В╨╕ ╨┤╨╛╤Б╤В╤Г╨┐╨╜╤Л╨╣ ╨╝╨╡╤В╨╛╨┤ ╤А╨░╤Б╤И╨╕╤А╨╡╨╜╨╕╤П "LanguageLevel", ╨┐╤А╨╕╨╜╨╕╨╝╨░╤О╤Й╨╕╨╣ ╤В╨╕╨┐ "Test" ╨▓ ╨║╨░╤З╨╡╤Б╤В╨▓╨╡ ╨┐╨╡╤А╨▓╨╛╨│╨╛ ╨░╤А╨│╤Г╨╝╨╡╨╜╤В╨░ (╨▓╨╛╨╖╨╝╨╛╨╢╨╜╨╛, ╨┐╤А╨╛╨┐╤Г╤Й╨╡╨╜╨░ ╨┤╨╕╤А╨╡╨║╤В╨╕╨▓╨░ using ╨╕╨╗╨╕ ╤Б╤Б╤Л╨╗╨║╨░ ╨╜╨░ ╤Б╨▒╨╛╤А╨║╤Г). [C:\Users\user\OneDrive\╨а╨░╨▒╨╛╤З╨╕╨╣ ╤Б╤В╨╛╨╗\regi\WebApplication15\WebApplication15.csproj]
C:\Users\user\OneDrive\╨а╨░╨▒╨╛╤З╨╕╨╣ ╤Б╤В╨╛╨╗\regi\WebApplication15\Services\TestService.cs(144,29): error CS1061: "Question" ╨╜╨╡ ╤Б╨╛╨┤╨╡╤А╨╢╨╕╤В ╨╛╨┐╤А╨╡╨┤╨╡╨╗╨╡╨╜╨╕╤П "CorrectAnswer", ╨╕ ╨╜╨╡ ╤Г╨┤╨░╨╗╨╛╤Б╤М ╨╜╨░╨╣╤В╨╕ ╨┤╨╛╤Б╤В╤Г╨┐╨╜╤Л╨╣ ╨╝╨╡╤В╨╛╨┤ ╤А╨░╤Б╤И╨╕╤А╨╡╨╜╨╕╤П "CorrectAnswer", ╨┐╤А╨╕╨╜╨╕╨╝╨░╤О╤Й╨╕╨╣ ╤В╨╕╨┐ "Question" ╨▓ ╨║╨░╤З╨╡╤Б╤В╨▓╨╡ ╨┐╨╡╤А╨▓╨╛╨│╨╛ ╨░╤А╨│╤Г╨╝╨╡╨╜╤В╨░ (╨▓╨╛╨╖╨╝╨╛╨╢╨╜╨╛, ╨┐╤А╨╛╨┐╤Г╤Й╨╡╨╜╨░ ╨┤╨╕╤А╨╡╨║╤В╨╕╨▓╨░ using ╨╕╨╗╨╕ ╤Б╤Б╤Л╨╗╨║╨░ ╨╜╨░ ╤Б╨▒╨╛╤А╨║╤Г). [C:\Users\user\OneDrive\╨а╨░╨▒╨╛╤З╨╕╨╣ ╤Б╤В╨╛╨╗\regi\WebApplication15\WebApplication15.csproj]
C:\Users\user\OneDrive\╨а╨░╨▒╨╛╤З╨╕╨╣ ╤Б╤В╨╛╨╗\regi\WebApplication15\Views\Test\Index.cshtml(31,72): error CS1061: "Test" ╨╜╨╡ ╤Б╨╛╨┤╨╡╤А╨╢╨╕╤В ╨╛╨┐╤А╨╡╨┤╨╡╨╗╨╡╨╜╨╕╤П "LanguageLevel", ╨╕ ╨╜╨╡ ╤Г╨┤╨░╨╗╨╛╤Б╤М ╨╜╨░╨╣╤В╨╕ ╨┤╨╛╤Б╤В╤Г╨┐╨╜╤Л╨╣ ╨╝╨╡╤В╨╛╨┤ ╤А╨░╤Б╤И╨╕╤А╨╡╨╜╨╕╤П "LanguageLevel", ╨┐╤А╨╕╨╜╨╕╨╝╨░╤О╤Й╨╕╨╣ ╤В╨╕╨┐ "Test" ╨▓ ╨║╨░╤З╨╡╤Б╤В╨▓╨╡ ╨┐╨╡╤А╨▓╨╛╨│╨╛ ╨░╤А╨│╤Г╨╝╨╡╨╜╤В╨░ (╨▓╨╛╨╖╨╝╨╛╨╢╨╜╨╛, ╨┐╤А╨╛╨┐╤Г╤Й╨╡╨╜╨░ ╨┤╨╕╤А╨╡╨║╤В╨╕╨▓╨░ using ╨╕╨╗╨╕ ╤Б╤Б╤Л╨╗╨║╨░ ╨╜╨░ ╤Б╨▒╨╛╤А╨║╤Г). [C:\Users\user\OneDrive\╨а╨░╨▒╨╛╤З╨╕╨╣ ╤Б╤В╨╛╨╗\regi\WebApplication15\WebApplication15.csproj]
C:\Users\user\OneDrive\╨а╨░╨▒╨╛╤З╨╕╨╣ ╤Б╤В╨╛╨╗\regi\WebApplication15\Views\Test\Index.cshtml(129,112): error CS1061: "Test" ╨╜╨╡ ╤Б╨╛╨┤╨╡╤А╨╢╨╕╤В ╨╛╨┐╤А╨╡╨┤╨╡╨╗╨╡╨╜╨╕╤П "LanguageLevel", ╨╕ ╨╜╨╡ ╤Г╨┤╨░╨╗╨╛╤Б╤М ╨╜╨░╨╣╤В╨╕ ╨┤╨╛╤Б╤В╤Г╨┐╨╜╤Л╨╣ ╨╝╨╡╤В╨╛╨┤ ╤А╨░╤Б╤И╨╕╤А╨╡╨╜╨╕╤П "LanguageLevel", ╨┐╤А╨╕╨╜╨╕╨╝╨░╤О╤Й╨╕╨╣ ╤В╨╕╨┐ "Test" ╨▓ ╨║╨░╤З╨╡╤Б╤В╨▓╨╡ ╨┐╨╡╤А╨▓╨╛╨│╨╛ ╨░╤А╨│╤Г╨╝╨╡╨╜╤В╨░ (╨▓╨╛╨╖╨╝╨╛╨╢╨╜╨╛, ╨┐╤А╨╛╨┐╤Г╤Й╨╡╨╜╨░ ╨┤╨╕╤А╨╡╨║╤В╨╕╨▓╨░ using ╨╕╨╗╨╕ ╤Б╤Б╤Л╨╗╨║╨░ ╨╜╨░ ╤Б╨▒╨╛╤А╨║╤Г). [C:\Users\user\OneDrive\╨а╨░╨▒╨╛╤З╨╕╨╣ ╤Б╤В╨╛╨╗\regi\WebApplication15\WebApplication15.csproj]
C:\Users\user\OneDrive\╨а╨░╨▒╨╛╤З╨╕╨╣ ╤Б╤В╨╛╨╗\regi\WebApplication15\Views\Test\Index.cshtml(129,164): error CS1061: "Test" ╨╜╨╡ ╤Б╨╛╨┤╨╡╤А╨╢╨╕╤В ╨╛╨┐╤А╨╡╨┤╨╡╨╗╨╡╨╜╨╕╤П "LanguageLevel", ╨╕ ╨╜╨╡ ╤Г╨┤╨░╨╗╨╛╤Б╤М ╨╜╨░╨╣╤В╨╕ ╨┤╨╛╤Б╤В╤Г╨┐╨╜╤Л╨╣ ╨╝╨╡╤В╨╛╨┤ ╤А╨░╤Б╤И╨╕╤А╨╡╨╜╨╕╤П "LanguageLevel", ╨┐╤А╨╕╨╜╨╕╨╝╨░╤О╤Й╨╕╨╣ ╤В╨╕╨┐ "Test" ╨▓ ╨║╨░╤З╨╡╤Б╤В╨▓╨╡ ╨┐╨╡╤А╨▓╨╛╨│╨╛ ╨░╤А╨│╤Г╨╝╨╡╨╜╤В╨░ (╨▓╨╛╨╖╨╝╨╛╨╢╨╜╨╛, ╨┐╤А╨╛╨┐╤Г╤Й╨╡╨╜╨░ ╨┤╨╕╤А╨╡╨║╤В╨╕╨▓╨░ using ╨╕╨╗╨╕ ╤Б╤Б╤Л╨╗╨║╨░ ╨╜╨░ ╤Б╨▒╨╛╤А╨║╤Г). [C:\Users\user\OneDrive\╨а╨░╨▒╨╛╤З╨╕╨╣ ╤Б╤В╨╛╨╗\regi\WebApplication15\WebApplication15.csproj]
C:\Users\user\OneDrive\╨а╨░╨▒╨╛╤З╨╕╨╣ ╤Б╤В╨╛╨╗\regi\WebApplication15\Views\Test\Index.cshtml(134,67): error CS1061: "Test" ╨╜╨╡ ╤Б╨╛╨┤╨╡╤А╨╢╨╕╤В ╨╛╨┐╤А╨╡╨┤╨╡╨╗╨╡╨╜╨╕╤П "LanguageLevel", ╨╕ ╨╜╨╡ ╤Г╨┤╨░╨╗╨╛╤Б╤М ╨╜╨░╨╣╤В╨╕ ╨┤╨╛╤Б╤В╤Г╨┐╨╜╤Л╨╣ ╨╝╨╡╤В╨╛╨┤ ╤А╨░╤Б╤И╨╕╤А╨╡╨╜╨╕╤П "LanguageLevel", ╨┐╤А╨╕╨╜╨╕╨╝╨░╤О╤Й╨╕╨╣ ╤В╨╕╨┐ "Test" ╨▓ ╨║╨░╤З╨╡╤Б╤В╨▓╨╡ ╨┐╨╡╤А╨▓╨╛╨│╨╛ ╨░╤А╨│╤Г╨╝╨╡╨╜╤В╨░ (╨▓╨╛╨╖╨╝╨╛╨╢╨╜╨╛, ╨┐╤А╨╛╨┐╤Г╤Й╨╡╨╜╨░ ╨┤╨╕╤А╨╡╨║╤В╨╕╨▓╨░ using ╨╕╨╗╨╕ ╤Б╤Б╤Л╨╗╨║╨░ ╨╜╨░ ╤Б╨▒╨╛╤А╨║╤Г). [C:\Users\user\OneDrive\╨а╨░╨▒╨╛╤З╨╕╨╣ ╤Б╤В╨╛╨╗\regi\WebApplication15\WebApplication15.csproj]
C:\Users\user\OneDrive\╨а╨░╨▒╨╛╤З╨╕╨╣ ╤Б╤В╨╛╨╗\regi\WebApplication15\Views\Test\Index.cshtml(195,71): error CS1061: "Test" ╨╜╨╡ ╤Б╨╛╨┤╨╡╤А╨╢╨╕╤В ╨╛╨┐╤А╨╡╨┤╨╡╨╗╨╡╨╜╨╕╤П "LanguageLevel", ╨╕ ╨╜╨╡ ╤Г╨┤╨░╨╗╨╛╤Б╤М ╨╜╨░╨╣╤В╨╕ ╨┤╨╛╤Б╤В╤Г╨┐╨╜╤Л╨╣ ╨╝╨╡╤В╨╛╨┤ ╤А╨░╤Б╤И╨╕╤А╨╡╨╜╨╕╤П "LanguageLevel", ╨┐╤А╨╕╨╜╨╕╨╝╨░╤О╤Й╨╕╨╣ ╤В╨╕╨┐ "Test" ╨▓ ╨║╨░╤З╨╡╤Б╤В╨▓╨╡ ╨┐╨╡╤А╨▓╨╛╨│╨╛ ╨░╤А╨│╤Г╨╝╨╡╨╜╤В╨░ (╨▓╨╛╨╖╨╝╨╛╨╢╨╜╨╛, ╨┐╤А╨╛╨┐╤Г╤Й╨╡╨╜╨░ ╨┤╨╕╤А╨╡╨║╤В╨╕╨▓╨░ using ╨╕╨╗╨╕ ╤Б╤Б╤Л╨╗╨║╨░ ╨╜╨░ ╤Б╨▒╨╛╤А╨║╤Г). [C:\Users\user\OneDrive\╨а╨░╨▒╨╛╤З╨╕╨╣ ╤Б╤В╨╛╨╗\regi\WebApplication15\WebApplication15.csproj]
C:\Users\user\OneDrive\╨а╨░╨▒╨╛╤З╨╕╨╣ ╤Б╤В╨╛╨╗\regi\WebApplication15\Views\Video\ByLevel.cshtml(103,66): error CS1061: "Video" ╨╜╨╡ ╤Б╨╛╨┤╨╡╤А╨╢╨╕╤В ╨╛╨┐╤А╨╡╨┤╨╡╨╗╨╡╨╜╨╕╤П "LanguageLevel", ╨╕ ╨╜╨╡ ╤Г╨┤╨░╨╗╨╛╤Б╤М ╨╜╨░╨╣╤В╨╕ ╨┤╨╛╤Б╤В╤Г╨┐╨╜╤Л╨╣ ╨╝╨╡╤В╨╛╨┤ ╤А╨░╤Б╤И╨╕╤А╨╡╨╜╨╕╤П "LanguageLevel", ╨┐╤А╨╕╨╜╨╕╨╝╨░╤О╤Й╨╕╨╣ ╤В╨╕╨┐ "Video" ╨▓ ╨║╨░╤З╨╡╤Б╤В╨▓╨╡ ╨┐╨╡╤А╨▓╨╛╨│╨╛ ╨░╤А╨│╤Г╨╝╨╡╨╜╤В╨░ (╨▓╨╛╨╖╨╝╨╛╨╢╨╜╨╛, ╨┐╤А╨╛╨┐╤Г╤Й╨╡╨╜╨░ ╨┤╨╕╤А╨╡╨║╤В╨╕╨▓╨░ using ╨╕╨╗╨╕ ╤Б╤Б╤Л╨╗╨║╨░ ╨╜╨░ ╤Б╨▒╨╛╤А╨║╤Г). [C:\Users\user\OneDrive\╨а╨░╨▒╨╛╤З╨╕╨╣ ╤Б╤В╨╛╨╗\regi\WebApplication15\WebApplication15.csproj]
C:\Users\user\OneDrive\╨а╨░╨▒╨╛╤З╨╕╨╣ ╤Б╤В╨╛╨╗\regi\WebApplication15\Services\TestDataService.cs(51,21): error CS0117: "Test" ╨╜╨╡ ╤Б╨╛╨┤╨╡╤А╨╢╨╕╤В ╨╛╨┐╤А╨╡╨┤╨╡╨╗╨╡╨╜╨╕╨╡ ╨┤╨╗╤П "LanguageLevelId". [C:\Users\user\OneDrive\╨а╨░╨▒╨╛╤З╨╕╨╣ ╤Б╤В╨╛╨╗\regi\WebApplication15\WebApplication15.csproj]
C:\Users\user\OneDrive\╨а╨░╨▒╨╛╤З╨╕╨╣ ╤Б╤В╨╛╨╗\regi\WebApplication15\Services\TestDataService.cs(58,29): error CS0117: "Question" ╨╜╨╡ ╤Б╨╛╨┤╨╡╤А╨╢╨╕╤В ╨╛╨┐╤А╨╡╨┤╨╡╨╗╨╡╨╜╨╕╨╡ ╨┤╨╗╤П "Options". [C:\Users\user\OneDrive\╨а╨░╨▒╨╛╤З╨╕╨╣ ╤Б╤В╨╛╨╗\regi\WebApplication15\WebApplication15.csproj]
C:\Users\user\OneDrive\╨а╨░╨▒╨╛╤З╨╕╨╣ ╤Б╤В╨╛╨╗\regi\WebApplication15\Services\TestDataService.cs(69,29): error CS0117: "Question" ╨╜╨╡ ╤Б╨╛╨┤╨╡╤А╨╢╨╕╤В ╨╛╨┐╤А╨╡╨┤╨╡╨╗╨╡╨╜╨╕╨╡ ╨┤╨╗╤П "Options". [C:\Users\user\OneDrive\╨а╨░╨▒╨╛╤З╨╕╨╣ ╤Б╤В╨╛╨╗\regi\WebApplication15\WebApplication15.csproj]
C:\Users\user\OneDrive\╨а╨░╨▒╨╛╤З╨╕╨╣ ╤Б╤В╨╛╨╗\regi\WebApplication15\Services\TestDataService.cs(80,29): error CS0117: "Question" ╨╜╨╡ ╤Б╨╛╨┤╨╡╤А╨╢╨╕╤В ╨╛╨┐╤А╨╡╨┤╨╡╨╗╨╡╨╜╨╕╨╡ ╨┤╨╗╤П "Options". [C:\Users\user\OneDrive\╨а╨░╨▒╨╛╤З╨╕╨╣ ╤Б╤В╨╛╨╗\regi\WebApplication15\WebApplication15.csproj]
C:\Users\user\OneDrive\╨а╨░╨▒╨╛╤З╨╕╨╣ ╤Б╤В╨╛╨╗\regi\WebApplication15\Services\TestDataService.cs(91,29): error CS0117: "Question" ╨╜╨╡ ╤Б╨╛╨┤╨╡╤А╨╢╨╕╤В ╨╛╨┐╤А╨╡╨┤╨╡╨╗╨╡╨╜╨╕╨╡ ╨┤╨╗╤П "Options". [C:\Users\user\OneDrive\╨а╨░╨▒╨╛╤З╨╕╨╣ ╤Б╤В╨╛╨╗\regi\WebApplication15\WebApplication15.csproj]
C:\Users\user\OneDrive\╨а╨░╨▒╨╛╤З╨╕╨╣ ╤Б╤В╨╛╨╗\regi\WebApplication15\Services\TestDataService.cs(102,29): error CS0117: "Question" ╨╜╨╡ ╤Б╨╛╨┤╨╡╤А╨╢╨╕╤В ╨╛╨┐╤А╨╡╨┤╨╡╨╗╨╡╨╜╨╕╨╡ ╨┤╨╗╤П "Options". [C:\Users\user\OneDrive\╨а╨░╨▒╨╛╤З╨╕╨╣ ╤Б╤В╨╛╨╗\regi\WebApplication15\WebApplication15.csproj]
C:\Users\user\OneDrive\╨а╨░╨▒╨╛╤З╨╕╨╣ ╤Б╤В╨╛╨╗\regi\WebApplication15\Services\TestDataService.cs(122,21): error CS0117: "Test" ╨╜╨╡ ╤Б╨╛╨┤╨╡╤А╨╢╨╕╤В ╨╛╨┐╤А╨╡╨┤╨╡╨╗╨╡╨╜╨╕╨╡ ╨┤╨╗╤П "LanguageLevelId". [C:\Users\user\OneDrive\╨а╨░╨▒╨╛╤З╨╕╨╣ ╤Б╤В╨╛╨╗\regi\WebApplication15\WebApplication15.csproj]
C:\Users\user\OneDrive\╨а╨░╨▒╨╛╤З╨╕╨╣ ╤Б╤В╨╛╨╗\regi\WebApplication15\Services\TestDataService.cs(129,29): error CS0117: "Question" ╨╜╨╡ ╤Б╨╛╨┤╨╡╤А╨╢╨╕╤В ╨╛╨┐╤А╨╡╨┤╨╡╨╗╨╡╨╜╨╕╨╡ ╨┤╨╗╤П "Options". [C:\Users\user\OneDrive\╨а╨░╨▒╨╛╤З╨╕╨╣ ╤Б╤В╨╛╨╗\regi\WebApplication15\WebApplication15.csproj]
C:\Users\user\OneDrive\╨а╨░╨▒╨╛╤З╨╕╨╣ ╤Б╤В╨╛╨╗\regi\WebApplication15\Services\TestDataService.cs(140,29): error CS0117: "Question" ╨╜╨╡ ╤Б╨╛╨┤╨╡╤А╨╢╨╕╤В ╨╛╨┐╤А╨╡╨┤╨╡╨╗╨╡╨╜╨╕╨╡ ╨┤╨╗╤П "Options". [C:\Users\user\OneDrive\╨а╨░╨▒╨╛╤З╨╕╨╣ ╤Б╤В╨╛╨╗\regi\WebApplication15\WebApplication15.csproj]
C:\Users\user\OneDrive\╨а╨░╨▒╨╛╤З╨╕╨╣ ╤Б╤В╨╛╨╗\regi\WebApplication15\Services\TestDataService.cs(151,29): error CS0117: "Question" ╨╜╨╡ ╤Б╨╛╨┤╨╡╤А╨╢╨╕╤В ╨╛╨┐╤А╨╡╨┤╨╡╨╗╨╡╨╜╨╕╨╡ ╨┤╨╗╤П "Options". [C:\Users\user\OneDrive\╨а╨░╨▒╨╛╤З╨╕╨╣ ╤Б╤В╨╛╨╗\regi\WebApplication15\WebApplication15.csproj]
C:\Users\user\OneDrive\╨а╨░╨▒╨╛╤З╨╕╨╣ ╤Б╤В╨╛╨╗\regi\WebApplication15\Services\TestDataService.cs(162,29): error CS0117: "Question" ╨╜╨╡ ╤Б╨╛╨┤╨╡╤А╨╢╨╕╤В ╨╛╨┐╤А╨╡╨┤╨╡╨╗╨╡╨╜╨╕╨╡ ╨┤╨╗╤П "Options". [C:\Users\user\OneDrive\╨а╨░╨▒╨╛╤З╨╕╨╣ ╤Б╤В╨╛╨╗\regi\WebApplication15\WebApplication15.csproj]
C:\Users\user\OneDrive\╨а╨░╨▒╨╛╤З╨╕╨╣ ╤Б╤В╨╛╨╗\regi\WebApplication15\Services\TestDataService.cs(173,29): error CS0117: "Question" ╨╜╨╡ ╤Б╨╛╨┤╨╡╤А╨╢╨╕╤В ╨╛╨┐╤А╨╡╨┤╨╡╨╗╨╡╨╜╨╕╨╡ ╨┤╨╗╤П "Options". [C:\Users\user\OneDrive\╨а╨░╨▒╨╛╤З╨╕╨╣ ╤Б╤В╨╛╨╗\regi\WebApplication15\WebApplication15.csproj]
C:\Users\user\OneDrive\╨а╨░╨▒╨╛╤З╨╕╨╣ ╤Б╤В╨╛╨╗\regi\WebApplication15\Services\TestDataService.cs(193,21): error CS0117: "Test" ╨╜╨╡ ╤Б╨╛╨┤╨╡╤А╨╢╨╕╤В ╨╛╨┐╤А╨╡╨┤╨╡╨╗╨╡╨╜╨╕╨╡ ╨┤╨╗╤П "LanguageLevelId". [C:\Users\user\OneDrive\╨а╨░╨▒╨╛╤З╨╕╨╣ ╤Б╤В╨╛╨╗\regi\WebApplication15\WebApplication15.csproj]
C:\Users\user\OneDrive\╨а╨░╨▒╨╛╤З╨╕╨╣ ╤Б╤В╨╛╨╗\regi\WebApplication15\Services\TestDataService.cs(200,29): error CS0117: "Question" ╨╜╨╡ ╤Б╨╛╨┤╨╡╤А╨╢╨╕╤В ╨╛╨┐╤А╨╡╨┤╨╡╨╗╨╡╨╜╨╕╨╡ ╨┤╨╗╤П "Options". [C:\Users\user\OneDrive\╨а╨░╨▒╨╛╤З╨╕╨╣ ╤Б╤В╨╛╨╗\regi\WebApplication15\WebApplication15.csproj]
C:\Users\user\OneDrive\╨а╨░╨▒╨╛╤З╨╕╨╣ ╤Б╤В╨╛╨╗\regi\WebApplication15\Services\TestDataService.cs(211,29): error CS0117: "Question" ╨╜╨╡ ╤Б╨╛╨┤╨╡╤А╨╢╨╕╤В ╨╛╨┐╤А╨╡╨┤╨╡╨╗╨╡╨╜╨╕╨╡ ╨┤╨╗╤П "Options". [C:\Users\user\OneDrive\╨а╨░╨▒╨╛╤З╨╕╨╣ ╤Б╤В╨╛╨╗\regi\WebApplication15\WebApplication15.csproj]
C:\Users\user\OneDrive\╨а╨░╨▒╨╛╤З╨╕╨╣ ╤Б╤В╨╛╨╗\regi\WebApplication15\Services\TestDataService.cs(222,29): error CS0117: "Question" ╨╜╨╡ ╤Б╨╛╨┤╨╡╤А╨╢╨╕╤В ╨╛╨┐╤А╨╡╨┤╨╡╨╗╨╡╨╜╨╕╨╡ ╨┤╨╗╤П "Options". [C:\Users\user\OneDrive\╨а╨░╨▒╨╛╤З╨╕╨╣ ╤Б╤В╨╛╨╗\regi\WebApplication15\WebApplication15.csproj]
C:\Users\user\OneDrive\╨а╨░╨▒╨╛╤З╨╕╨╣ ╤Б╤В╨╛╨╗\regi\WebApplication15\Services\TestDataService.cs(233,29): error CS0117: "Question" ╨╜╨╡ ╤Б╨╛╨┤╨╡╤А╨╢╨╕╤В ╨╛╨┐╤А╨╡╨┤╨╡╨╗╨╡╨╜╨╕╨╡ ╨┤╨╗╤П "Options". [C:\Users\user\OneDrive\╨а╨░╨▒╨╛╤З╨╕╨╣ ╤Б╤В╨╛╨╗\regi\WebApplication15\WebApplication15.csproj]
C:\Users\user\OneDrive\╨а╨░╨▒╨╛╤З╨╕╨╣ ╤Б╤В╨╛╨╗\regi\WebApplication15\Services\TestDataService.cs(244,29): error CS0117: "Question" ╨╜╨╡ ╤Б╨╛╨┤╨╡╤А╨╢╨╕╤В ╨╛╨┐╤А╨╡╨┤╨╡╨╗╨╡╨╜╨╕╨╡ ╨┤╨╗╤П "Options". [C:\Users\user\OneDrive\╨а╨░╨▒╨╛╤З╨╕╨╣ ╤Б╤В╨╛╨╗\regi\WebApplication15\WebApplication15.csproj]
C:\Users\user\OneDrive\╨а╨░╨▒╨╛╤З╨╕╨╣ ╤Б╤В╨╛╨╗\regi\WebApplication15\Services\TestDataService.cs(264,21): error CS0117: "Test" ╨╜╨╡ ╤Б╨╛╨┤╨╡╤А╨╢╨╕╤В ╨╛╨┐╤А╨╡╨┤╨╡╨╗╨╡╨╜╨╕╨╡ ╨┤╨╗╤П "LanguageLevelId". [C:\Users\user\OneDrive\╨а╨░╨▒╨╛╤З╨╕╨╣ ╤Б╤В╨╛╨╗\regi\WebApplication15\WebApplication15.csproj]
C:\Users\user\OneDrive\╨а╨░╨▒╨╛╤З╨╕╨╣ ╤Б╤В╨╛╨╗\regi\WebApplication15\Services\TestDataService.cs(271,29): error CS0117: "Question" ╨╜╨╡ ╤Б╨╛╨┤╨╡╤А╨╢╨╕╤В ╨╛╨┐╤А╨╡╨┤╨╡╨╗╨╡╨╜╨╕╨╡ ╨┤╨╗╤П "Options". [C:\Users\user\OneDrive\╨а╨░╨▒╨╛╤З╨╕╨╣ ╤Б╤В╨╛╨╗\regi\WebApplication15\WebApplication15.csproj]
C:\Users\user\OneDrive\╨а╨░╨▒╨╛╤З╨╕╨╣ ╤Б╤В╨╛╨╗\regi\WebApplication15\Services\TestDataService.cs(282,29): error CS0117: "Question" ╨╜╨╡ ╤Б╨╛╨┤╨╡╤А╨╢╨╕╤В ╨╛╨┐╤А╨╡╨┤╨╡╨╗╨╡╨╜╨╕╨╡ ╨┤╨╗╤П "Options". [C:\Users\user\OneDrive\╨а╨░╨▒╨╛╤З╨╕╨╣ ╤Б╤В╨╛╨╗\regi\WebApplication15\WebApplication15.csproj]
C:\Users\user\OneDrive\╨а╨░╨▒╨╛╤З╨╕╨╣ ╤Б╤В╨╛╨╗\regi\WebApplication15\Services\TestDataService.cs(293,29): error CS0117: "Question" ╨╜╨╡ ╤Б╨╛╨┤╨╡╤А╨╢╨╕╤В ╨╛╨┐╤А╨╡╨┤╨╡╨╗╨╡╨╜╨╕╨╡ ╨┤╨╗╤П "Options". [C:\Users\user\OneDrive\╨а╨░╨▒╨╛╤З╨╕╨╣ ╤Б╤В╨╛╨╗\regi\WebApplication15\WebApplication15.csproj]
C:\Users\user\OneDrive\╨а╨░╨▒╨╛╤З╨╕╨╣ ╤Б╤В╨╛╨╗\regi\WebApplication15\Services\TestDataService.cs(304,29): error CS0117: "Question" ╨╜╨╡ ╤Б╨╛╨┤╨╡╤А╨╢╨╕╤В ╨╛╨┐╤А╨╡╨┤╨╡╨╗╨╡╨╜╨╕╨╡ ╨┤╨╗╤П "Options". [C:\Users\user\OneDrive\╨а╨░╨▒╨╛╤З╨╕╨╣ ╤Б╤В╨╛╨╗\regi\WebApplication15\WebApplication15.csproj]
C:\Users\user\OneDrive\╨а╨░╨▒╨╛╤З╨╕╨╣ ╤Б╤В╨╛╨╗\regi\WebApplication15\Services\TestDataService.cs(315,29): error CS0117: "Question" ╨╜╨╡ ╤Б╨╛╨┤╨╡╤А╨╢╨╕╤В ╨╛╨┐╤А╨╡╨┤╨╡╨╗╨╡╨╜╨╕╨╡ ╨┤╨╗╤П "Options". [C:\Users\user\OneDrive\╨а╨░╨▒╨╛╤З╨╕╨╣ ╤Б╤В╨╛╨╗\regi\WebApplication15\WebApplication15.csproj]
C:\Users\user\OneDrive\╨а╨░╨▒╨╛╤З╨╕╨╣ ╤Б╤В╨╛╨╗\regi\WebApplication15\Services\TestDataService.cs(345,21): error CS0117: "Test" ╨╜╨╡ ╤Б╨╛╨┤╨╡╤А╨╢╨╕╤В ╨╛╨┐╤А╨╡╨┤╨╡╨╗╨╡╨╜╨╕╨╡ ╨┤╨╗╤П "LanguageLevelId". [C:\Users\user\OneDrive\╨а╨░╨▒╨╛╤З╨╕╨╣ ╤Б╤В╨╛╨╗\regi\WebApplication15\WebApplication15.csproj]
C:\Users\user\OneDrive\╨а╨░╨▒╨╛╤З╨╕╨╣ ╤Б╤В╨╛╨╗\regi\WebApplication15\Services\TestDataService.cs(352,29): error CS0117: "Question" ╨╜╨╡ ╤Б╨╛╨┤╨╡╤А╨╢╨╕╤В ╨╛╨┐╤А╨╡╨┤╨╡╨╗╨╡╨╜╨╕╨╡ ╨┤╨╗╤П "Options". [C:\Users\user\OneDrive\╨а╨░╨▒╨╛╤З╨╕╨╣ ╤Б╤В╨╛╨╗\regi\WebApplication15\WebApplication15.csproj]
C:\Users\user\OneDrive\╨а╨░╨▒╨╛╤З╨╕╨╣ ╤Б╤В╨╛╨╗\regi\WebApplication15\Services\TestDataService.cs(363,29): error CS0117: "Question" ╨╜╨╡ ╤Б╨╛╨┤╨╡╤А╨╢╨╕╤В ╨╛╨┐╤А╨╡╨┤╨╡╨╗╨╡╨╜╨╕╨╡ ╨┤╨╗╤П "Options". [C:\Users\user\OneDrive\╨а╨░╨▒╨╛╤З╨╕╨╣ ╤Б╤В╨╛╨╗\regi\WebApplication15\WebApplication15.csproj]
C:\Users\user\OneDrive\╨а╨░╨▒╨╛╤З╨╕╨╣ ╤Б╤В╨╛╨╗\regi\WebApplication15\Services\TestDataService.cs(374,29): error CS0117: "Question" ╨╜╨╡ ╤Б╨╛╨┤╨╡╤А╨╢╨╕╤В ╨╛╨┐╤А╨╡╨┤╨╡╨╗╨╡╨╜╨╕╨╡ ╨┤╨╗╤П "Options". [C:\Users\user\OneDrive\╨а╨░╨▒╨╛╤З╨╕╨╣ ╤Б╤В╨╛╨╗\regi\WebApplication15\WebApplication15.csproj]
C:\Users\user\OneDrive\╨а╨░╨▒╨╛╤З╨╕╨╣ ╤Б╤В╨╛╨╗\regi\WebApplication15\Services\TestDataService.cs(385,29): error CS0117: "Question" ╨╜╨╡ ╤Б╨╛╨┤╨╡╤А╨╢╨╕╤В ╨╛╨┐╤А╨╡╨┤╨╡╨╗╨╡╨╜╨╕╨╡ ╨┤╨╗╤П "Options". [C:\Users\user\OneDrive\╨а╨░╨▒╨╛╤З╨╕╨╣ ╤Б╤В╨╛╨╗\regi\WebApplication15\WebApplication15.csproj]
C:\Users\user\OneDrive\╨а╨░╨▒╨╛╤З╨╕╨╣ ╤Б╤В╨╛╨╗\regi\WebApplication15\Services\TestDataService.cs(396,29): error CS0117: "Question" ╨╜╨╡ ╤Б╨╛╨┤╨╡╤А╨╢╨╕╤В ╨╛╨┐╤А╨╡╨┤╨╡╨╗╨╡╨╜╨╕╨╡ ╨┤╨╗╤П "Options". [C:\Users\user\OneDrive\╨а╨░╨▒╨╛╤З╨╕╨╣ ╤Б╤В╨╛╨╗\regi\WebApplication15\WebApplication15.csproj]
C:\Users\user\OneDrive\╨а╨░╨▒╨╛╤З╨╕╨╣ ╤Б╤В╨╛╨╗\regi\WebApplication15\Services\TestDataService.cs(416,21): error CS0117: "Test" ╨╜╨╡ ╤Б╨╛╨┤╨╡╤А╨╢╨╕╤В ╨╛╨┐╤А╨╡╨┤╨╡╨╗╨╡╨╜╨╕╨╡ ╨┤╨╗╤П "LanguageLevelId". [C:\Users\user\OneDrive\╨а╨░╨▒╨╛╤З╨╕╨╣ ╤Б╤В╨╛╨╗\regi\WebApplication15\WebApplication15.csproj]
C:\Users\user\OneDrive\╨а╨░╨▒╨╛╤З╨╕╨╣ ╤Б╤В╨╛╨╗\regi\WebApplication15\Services\TestDataService.cs(423,29): error CS0117: "Question" ╨╜╨╡ ╤Б╨╛╨┤╨╡╤А╨╢╨╕╤В ╨╛╨┐╤А╨╡╨┤╨╡╨╗╨╡╨╜╨╕╨╡ ╨┤╨╗╤П "Options". [C:\Users\user\OneDrive\╨а╨░╨▒╨╛╤З╨╕╨╣ ╤Б╤В╨╛╨╗\regi\WebApplication15\WebApplication15.csproj]
C:\Users\user\OneDrive\╨а╨░╨▒╨╛╤З╨╕╨╣ ╤Б╤В╨╛╨╗\regi\WebApplication15\Services\TestDataService.cs(434,29): error CS0117: "Question" ╨╜╨╡ ╤Б╨╛╨┤╨╡╤А╨╢╨╕╤В ╨╛╨┐╤А╨╡╨┤╨╡╨╗╨╡╨╜╨╕╨╡ ╨┤╨╗╤П "Options". [C:\Users\user\OneDrive\╨а╨░╨▒╨╛╤З╨╕╨╣ ╤Б╤В╨╛╨╗\regi\WebApplication15\WebApplication15.csproj]
C:\Users\user\OneDrive\╨а╨░╨▒╨╛╤З╨╕╨╣ ╤Б╤В╨╛╨╗\regi\WebApplication15\Services\TestDataService.cs(445,29): error CS0117: "Question" ╨╜╨╡ ╤Б╨╛╨┤╨╡╤А╨╢╨╕╤В ╨╛╨┐╤А╨╡╨┤╨╡╨╗╨╡╨╜╨╕╨╡ ╨┤╨╗╤П "Options". [C:\Users\user\OneDrive\╨а╨░╨▒╨╛╤З╨╕╨╣ ╤Б╤В╨╛╨╗\regi\WebApplication15\WebApplication15.csproj]
C:\Users\user\OneDrive\╨а╨░╨▒╨╛╤З╨╕╨╣ ╤Б╤В╨╛╨╗\regi\WebApplication15\Services\TestDataService.cs(456,29): error CS0117: "Question" ╨╜╨╡ ╤Б╨╛╨┤╨╡╤А╨╢╨╕╤В ╨╛╨┐╤А╨╡╨┤╨╡╨╗╨╡╨╜╨╕╨╡ ╨┤╨╗╤П "Options". [C:\Users\user\OneDrive\╨а╨░╨▒╨╛╤З╨╕╨╣ ╤Б╤В╨╛╨╗\regi\WebApplication15\WebApplication15.csproj]
C:\Users\user\OneDrive\╨а╨░╨▒╨╛╤З╨╕╨╣ ╤Б╤В╨╛╨╗\regi\WebApplication15\Services\TestDataService.cs(467,29): error CS0117: "Question" ╨╜╨╡ ╤Б╨╛╨┤╨╡╤А╨╢╨╕╤В ╨╛╨┐╤А╨╡╨┤╨╡╨╗╨╡╨╜╨╕╨╡ ╨┤╨╗╤П "Options". [C:\Users\user\OneDrive\╨а╨░╨▒╨╛╤З╨╕╨╣ ╤Б╤В╨╛╨╗\regi\WebApplication15\WebApplication15.csproj]
C:\Users\user\OneDrive\╨а╨░╨▒╨╛╤З╨╕╨╣ ╤Б╤В╨╛╨╗\regi\WebApplication15\Services\TestDataService.cs(500,21): error CS0117: "Test" ╨╜╨╡ ╤Б╨╛╨┤╨╡╤А╨╢╨╕╤В ╨╛╨┐╤А╨╡╨┤╨╡╨╗╨╡╨╜╨╕╨╡ ╨┤╨╗╤П "LanguageLevelId". [C:\Users\user\OneDrive\╨а╨░╨▒╨╛╤З╨╕╨╣ ╤Б╤В╨╛╨╗\regi\WebApplication15\WebApplication15.csproj]
C:\Users\user\OneDrive\╨а╨░╨▒╨╛╤З╨╕╨╣ ╤Б╤В╨╛╨╗\regi\WebApplication15\Services\TestDataService.cs(507,29): error CS0117: "Question" ╨╜╨╡ ╤Б╨╛╨┤╨╡╤А╨╢╨╕╤В ╨╛╨┐╤А╨╡╨┤╨╡╨╗╨╡╨╜╨╕╨╡ ╨┤╨╗╤П "Options". [C:\Users\user\OneDrive\╨а╨░╨▒╨╛╤З╨╕╨╣ ╤Б╤В╨╛╨╗\regi\WebApplication15\WebApplication15.csproj]
C:\Users\user\OneDrive\╨а╨░╨▒╨╛╤З╨╕╨╣ ╤Б╤В╨╛╨╗\regi\WebApplication15\Services\TestDataService.cs(518,29): error CS0117: "Question" ╨╜╨╡ ╤Б╨╛╨┤╨╡╤А╨╢╨╕╤В ╨╛╨┐╤А╨╡╨┤╨╡╨╗╨╡╨╜╨╕╨╡ ╨┤╨╗╤П "Options". [C:\Users\user\OneDrive\╨а╨░╨▒╨╛╤З╨╕╨╣ ╤Б╤В╨╛╨╗\regi\WebApplication15\WebApplication15.csproj]
C:\Users\user\OneDrive\╨а╨░╨▒╨╛╤З╨╕╨╣ ╤Б╤В╨╛╨╗\regi\WebApplication15\Services\TestDataService.cs(529,29): error CS0117: "Question" ╨╜╨╡ ╤Б╨╛╨┤╨╡╤А╨╢╨╕╤В ╨╛╨┐╤А╨╡╨┤╨╡╨╗╨╡╨╜╨╕╨╡ ╨┤╨╗╤П "Options". [C:\Users\user\OneDrive\╨а╨░╨▒╨╛╤З╨╕╨╣ ╤Б╤В╨╛╨╗\regi\WebApplication15\WebApplication15.csproj]
C:\Users\user\OneDrive\╨а╨░╨▒╨╛╤З╨╕╨╣ ╤Б╤В╨╛╨╗\regi\WebApplication15\Services\TestDataService.cs(540,29): error CS0117: "Question" ╨╜╨╡ ╤Б╨╛╨┤╨╡╤А╨╢╨╕╤В ╨╛╨┐╤А╨╡╨┤╨╡╨╗╨╡╨╜╨╕╨╡ ╨┤╨╗╤П "Options". [C:\Users\user\OneDrive\╨а╨░╨▒╨╛╤З╨╕╨╣ ╤Б╤В╨╛╨╗\regi\WebApplication15\WebApplication15.csproj]
C:\Users\user\OneDrive\╨а╨░╨▒╨╛╤З╨╕╨╣ ╤Б╤В╨╛╨╗\regi\WebApplication15\Services\TestDataService.cs(551,29): error CS0117: "Question" ╨╜╨╡ ╤Б╨╛╨┤╨╡╤А╨╢╨╕╤В ╨╛╨┐╤А╨╡╨┤╨╡╨╗╨╡╨╜╨╕╨╡ ╨┤╨╗╤П "Options". [C:\Users\user\OneDrive\╨а╨░╨▒╨╛╤З╨╕╨╣ ╤Б╤В╨╛╨╗\regi\WebApplication15\WebApplication15.csproj]
C:\Users\user\OneDrive\╨а╨░╨▒╨╛╤З╨╕╨╣ ╤Б╤В╨╛╨╗\regi\WebApplication15\Services\TestDataService.cs(571,21): error CS0117: "Test" ╨╜╨╡ ╤Б╨╛╨┤╨╡╤А╨╢╨╕╤В ╨╛╨┐╤А╨╡╨┤╨╡╨╗╨╡╨╜╨╕╨╡ ╨┤╨╗╤П "LanguageLevelId". [C:\Users\user\OneDrive\╨а╨░╨▒╨╛╤З╨╕╨╣ ╤Б╤В╨╛╨╗\regi\WebApplication15\WebApplication15.csproj]
C:\Users\user\OneDrive\╨а╨░╨▒╨╛╤З╨╕╨╣ ╤Б╤В╨╛╨╗\regi\WebApplication15\Services\TestDataService.cs(578,29): error CS0117: "Question" ╨╜╨╡ ╤Б╨╛╨┤╨╡╤А╨╢╨╕╤В ╨╛╨┐╤А╨╡╨┤╨╡╨╗╨╡╨╜╨╕╨╡ ╨┤╨╗╤П "Options". [C:\Users\user\OneDrive\╨а╨░╨▒╨╛╤З╨╕╨╣ ╤Б╤В╨╛╨╗\regi\WebApplication15\WebApplication15.csproj]
C:\Users\user\OneDrive\╨а╨░╨▒╨╛╤З╨╕╨╣ ╤Б╤В╨╛╨╗\regi\WebApplication15\Services\TestDataService.cs(589,29): error CS0117: "Question" ╨╜╨╡ ╤Б╨╛╨┤╨╡╤А╨╢╨╕╤В ╨╛╨┐╤А╨╡╨┤╨╡╨╗╨╡╨╜╨╕╨╡ ╨┤╨╗╤П "Options". [C:\Users\user\OneDrive\╨а╨░╨▒╨╛╤З╨╕╨╣ ╤Б╤В╨╛╨╗\regi\WebApplication15\WebApplication15.csproj]
C:\Users\user\OneDrive\╨а╨░╨▒╨╛╤З╨╕╨╣ ╤Б╤В╨╛╨╗\regi\WebApplication15\Services\TestDataService.cs(600,29): error CS0117: "Question" ╨╜╨╡ ╤Б╨╛╨┤╨╡╤А╨╢╨╕╤В ╨╛╨┐╤А╨╡╨┤╨╡╨╗╨╡╨╜╨╕╨╡ ╨┤╨╗╤П "Options". [C:\Users\user\OneDrive\╨а╨░╨▒╨╛╤З╨╕╨╣ ╤Б╤В╨╛╨╗\regi\WebApplication15\WebApplication15.csproj]
C:\Users\user\OneDrive\╨а╨░╨▒╨╛╤З╨╕╨╣ ╤Б╤В╨╛╨╗\regi\WebApplication15\Services\TestDataService.cs(611,29): error CS0117: "Question" ╨╜╨╡ ╤Б╨╛╨┤╨╡╤А╨╢╨╕╤В ╨╛╨┐╤А╨╡╨┤╨╡╨╗╨╡╨╜╨╕╨╡ ╨┤╨╗╤П "Options". [C:\Users\user\OneDrive\╨а╨░╨▒╨╛╤З╨╕╨╣ ╤Б╤В╨╛╨╗\regi\WebApplication15\WebApplication15.csproj]
C:\Users\user\OneDrive\╨а╨░╨▒╨╛╤З╨╕╨╣ ╤Б╤В╨╛╨╗\regi\WebApplication15\Services\TestDataService.cs(622,29): error CS0117: "Question" ╨╜╨╡ ╤Б╨╛╨┤╨╡╤А╨╢╨╕╤В ╨╛╨┐╤А╨╡╨┤╨╡╨╗╨╡╨╜╨╕╨╡ ╨┤╨╗╤П "Options". [C:\Users\user\OneDrive\╨а╨░╨▒╨╛╤З╨╕╨╣ ╤Б╤В╨╛╨╗\regi\WebApplication15\WebApplication15.csproj]
    ╨Я╤А╨╡╨┤╤Г╨┐╤А╨╡╨╢╨┤╨╡╨╜╨╕╨╣: 86
    ╨Ю╤И╨╕╨▒╨╛╨║: 146

╨Я╤А╨╛╤И╨╗╨╛ ╨▓╤А╨╡╨╝╨╡╨╜╨╕ 00:00:06.86
